Java HotSpot(TM) 64-Bit Server VM (25.144-b01) for linux-amd64 JRE (1.8.0_144-b01), built on Jul 21 2017 21:57:33 by "java_re" with gcc 4.3.0 20080428 (Red Hat 4.3.0-8)
Memory: 4k page, physical 4044220k(268160k free), swap 10482684k(10477140k free)
CommandLine flags: -XX:+DisableExplicitGC -XX:InitialHeapSize=1073741824 -XX:InitiatingHeapOccupancyPercent=35 -XX:+ManagementServer -XX:MaxGCPauseMillis=20 -XX:MaxHeapSize=1073741824 -XX:+PrintGC -XX:+PrintGCDateStamps -XX:+PrintGCDetails -XX:+PrintGCTimeStamps -XX:+UseCompressedClassPointers -XX:+UseCompressedOops -XX:+UseG1GC 
2017-09-19T12:45:23.034+0900: 0.927: [GC pause (G1 Evacuation Pause) (young), 0.0471507 secs]
   [Parallel Time: 17.0 ms, GC Workers: 2]
      [GC Worker Start (ms): Min: 927.4, Avg: 929.0, Max: 930.6, Diff: 3.2]
      [Ext Root Scanning (ms): Min: 0.0, Avg: 1.3, Max: 2.6, Diff: 2.5, Sum: 2.6]
      [Update RS (ms): Min: 0.0, Avg: 0.0, Max: 0.0, Diff: 0.0, Sum: 0.0]
         [Processed Buffers: Min: 0, Avg: 0.0, Max: 0, Diff: 0, Sum: 0]
      [Scan RS (ms): Min: 0.0, Avg: 0.0, Max: 0.0, Diff: 0.0, Sum: 0.0]
      [Code Root Scanning (ms): Min: 0.1, Avg: 0.2, Max: 0.4, Diff: 0.3, Sum: 0.4]
      [Object Copy (ms): Min: 6.1, Avg: 9.7, Max: 13.3, Diff: 7.2, Sum: 19.3]
      [Termination (ms): Min: 0.1, Avg: 4.2, Max: 8.2, Diff: 8.1, Sum: 8.3]
         [Termination Attempts: Min: 192, Avg: 199.0, Max: 206, Diff: 14, Sum: 398]
      [GC Worker Other (ms): Min: 0.0, Avg: 0.0, Max: 0.0, Diff: 0.0, Sum: 0.0]
      [GC Worker Total (ms): Min: 13.8, Avg: 15.4, Max: 16.9, Diff: 3.2, Sum: 30.7]
      [GC Worker End (ms): Min: 944.4, Avg: 944.4, Max: 944.4, Diff: 0.0]
   [Code Root Fixup: 0.2 ms]
   [Code Root Purge: 0.0 ms]
   [Clear CT: 10.2 ms]
   [Other: 19.7 ms]
      [Choose CSet: 0.0 ms]
      [Ref Proc: 18.5 ms]
      [Ref Enq: 0.0 ms]
      [Redirty Cards: 0.2 ms]
      [Humongous Register: 0.1 ms]
      [Humongous Reclaim: 0.0 ms]
      [Free CSet: 0.2 ms]
   [Eden: 51.0M(51.0M)->0.0B(44.0M) Survivors: 0.0B->7168.0K Heap: 51.0M(1024.0M)->8827.0K(1024.0M)]
 [Times: user=0.03 sys=0.00, real=0.05 secs] 
2017-09-19T12:45:23.448+0900: 1.341: [GC pause (Metadata GC Threshold) (young) (initial-mark), 0.0127541 secs]
   [Parallel Time: 8.4 ms, GC Workers: 2]
      [GC Worker Start (ms): Min: 1344.7, Avg: 1345.2, Max: 1345.8, Diff: 1.1]
      [Ext Root Scanning (ms): Min: 0.6, Avg: 1.1, Max: 1.7, Diff: 1.2, Sum: 2.3]
      [Update RS (ms): Min: 0.0, Avg: 0.1, Max: 0.1, Diff: 0.1, Sum: 0.1]
         [Processed Buffers: Min: 1, Avg: 1.0, Max: 1, Diff: 0, Sum: 2]
      [Scan RS (ms): Min: 0.0, Avg: 0.0, Max: 0.0, Diff: 0.0, Sum: 0.0]
      [Code Root Scanning (ms): Min: 0.0, Avg: 0.2, Max: 0.5, Diff: 0.4, Sum: 0.5]
      [Object Copy (ms): Min: 2.5, Avg: 2.7, Max: 2.9, Diff: 0.4, Sum: 5.3]
      [Termination (ms): Min: 0.0, Avg: 0.0, Max: 0.0, Diff: 0.0, Sum: 0.0]
         [Termination Attempts: Min: 1, Avg: 1.0, Max: 1, Diff: 0, Sum: 2]
      [GC Worker Other (ms): Min: 0.0, Avg: 0.0, Max: 0.0, Diff: 0.0, Sum: 0.0]
      [GC Worker Total (ms): Min: 3.6, Avg: 4.1, Max: 4.7, Diff: 1.1, Sum: 8.2]
      [GC Worker End (ms): Min: 1349.4, Avg: 1349.4, Max: 1349.4, Diff: 0.0]
   [Code Root Fixup: 0.2 ms]
   [Code Root Purge: 0.0 ms]
   [Clear CT: 0.0 ms]
   [Other: 4.2 ms]
      [Choose CSet: 0.0 ms]
      [Ref Proc: 0.5 ms]
      [Ref Enq: 0.0 ms]
      [Redirty Cards: 2.4 ms]
      [Humongous Register: 0.0 ms]
      [Humongous Reclaim: 0.1 ms]
      [Free CSet: 0.1 ms]
   [Eden: 15.0M(44.0M)->0.0B(44.0M) Survivors: 7168.0K->7168.0K Heap: 151.3M(1024.0M)->136.9M(1024.0M)]
 [Times: user=0.01 sys=0.00, real=0.01 secs] 
2017-09-19T12:45:23.462+0900: 1.355: [GC concurrent-root-region-scan-start]
2017-09-19T12:45:23.472+0900: 1.365: [GC concurrent-root-region-scan-end, 0.0096887 secs]
2017-09-19T12:45:23.472+0900: 1.365: [GC concurrent-mark-start]
2017-09-19T12:45:23.476+0900: 1.369: [GC concurrent-mark-end, 0.0044848 secs]
2017-09-19T12:45:23.477+0900: 1.370: [GC remark 2017-09-19T12:45:23.477+0900: 1.370: [Finalize Marking, 0.0019021 secs] 2017-09-19T12:45:23.479+0900: 1.372: [GC ref-proc, 0.0001125 secs] 2017-09-19T12:45:23.479+0900: 1.372: [Unloading, 0.0118367 secs], 0.0154628 secs]
 [Times: user=0.01 sys=0.01, real=0.01 secs] 
2017-09-19T12:45:23.499+0900: 1.392: [GC cleanup 138M->137M(1024M), 0.0012879 secs]
 [Times: user=0.00 sys=0.00, real=0.002017-09-2017-09-19T12:45:23.501+0900: 1.394: [GC concurrent-cleanup-start]
2017-09-19T12:45:23.501+0900: 1.394: [GC concurrent-cleanup-end, 0.0000108 secs]
2017-09-19T12:45:39.917+0900: 17.810: [GC pause (G1 Evacuation Pause) (young) (initial-mark), 0.0192026 secs]
   [Parallel Time: 14.2 ms, GC Workers: 2]
      [GC Worker Start (ms): Min: 17809.8, Avg: 17809.9, Max: 17809.9, Diff: 0.0]
      [Ext Root Scanning (ms): Min: 2.5, Avg: 3.5, Max: 4.6, Diff: 2.2, Sum: 7.1]
      [Update RS (ms): Min: 0.0, Avg: 0.0, Max: 0.1, Diff: 0.1, Sum: 0.1]
         [Processed Buffers: Min: 0, Avg: 1.0, Max: 2, Diff: 2, Sum: 2]
      [Scan RS (ms): Min: 0.0, Avg: 0.0, Max: 0.0, Diff: 0.0, Sum: 0.0]
      [Code Root Scanning (ms): Min: 0.0, Avg: 0.5, Max: 1.0, Diff: 1.0, Sum: 1.0]
      [Object Copy (ms): Min: 9.5, Avg: 10.0, Max: 10.6, Diff: 1.1, Sum: 20.1]
      [Termination (ms): Min: 0.0, Avg: 0.0, Max: 0.0, Diff: 0.0, Sum: 0.0]
         [Termination Attempts: Min: 1, Avg: 1.0, Max: 1, Diff: 0, Sum: 2]
      [GC Worker Other (ms): Min: 0.0, Avg: 0.0, Max: 0.0, Diff: 0.0, Sum: 0.0]
      [GC Worker Total (ms): Min: 14.1, Avg: 14.1, Max: 14.1, Diff: 0.0, Sum: 28.3]
      [GC Worker End (ms): Min: 17824.0, Avg: 17824.0, Max: 17824.0, Diff: 0.0]
   [Code Root Fixup: 0.4 ms]
   [Code Root Purge: 0.0 ms]
   [Clear CT: 0.4 ms]
   [Other: 4.2 ms]
      [Choose CSet: 0.0 ms]
      [Ref Proc: 1.8 ms]
      [Ref Enq: 0.0 ms]
      [Redirty Cards: 2.0 ms]
      [Humongous Register: 0.0 ms]
      [Humongous Reclaim: 0.0 ms]
      [Free CSet: 0.1 ms]
   [Eden: 44.0M(44.0M)->0.0B(46.0M) Survivors: 7168.0K->5120.0K Heap: 179.9M(1024.0M)->137.5M(1024.0M)]
 [Times: user=0.01 sys=0.00, real=0.02 secs] 
2017-09-19T12:45:39.936+0900: 17.829: [GC concurrent-root-region-scan-start]
2017-09-19T12:45:39.942+0900: 17.835: [GC concurrent-root-region-scan-end, 0.0064264 secs]
2017-09-19T12:45:39.942+0900: 17.835: [GC concurrent-mark-start]
2017-09-19T12:45:39.948+0900: 17.841: [GC concurrent-mark-end, 0.0056142 secs]
2017-09-19T12:45:39.954+0900: 17.847: [GC remark 2017-09-19T12:45:39.954+0900: 17.847: [Finalize Marking, 0.0000931 secs] 2017-09-19T12:45:39.954+0900: 17.847: [GC ref-proc, 0.0001227 secs] 2017-09-19T12:45:39.954+0900: 17.847: [Unloading, 0.0030249 secs], 0.0079886 secs]
 [Times: user=0.01 sys=0.00, real=0.01 secs] 
2017-09-19T12:45:39.983+0900: 17.876: [GC cleanup 139M->138M(1024M), 0.0016417 secs]
 [Times: user=0.00 sys=0.00, real=0.00 secs] 
2017-09-19T12:45:39.985+0900: 17.878: [GC concurrent-cleanup-start]
2017-09-19T12:45:39.985+0900: 17.878: [GC concurrent-cleanup-end, 0.0000117 secs]
2017-09-19T12:45:40.900+0900: 18.793: [GC pause (G1 Evacuation Pause) (young), 0.0274283 secs]
   [Parallel Time: 15.8 ms, GC Workers: 2]
      [GC Worker Start (ms): Min: 18793.8, Avg: 18793.8, Max: 18793.8, Diff: 0.0]
      [Ext Root Scanning (ms): Min: 0.8, Avg: 0.9, Max: 0.9, Diff: 0.2, Sum: 1.7]
      [Update RS (ms): Min: 0.2, Avg: 0.2, Max: 0.3, Diff: 0.1, Sum: 0.5]
         [Processed Buffers: Min: 1, Avg: 5.0, Max: 9, Diff: 8, Sum: 10]
      [Scan RS (ms): Min: 0.1, Avg: 0.2, Max: 0.2, Diff: 0.0, Sum: 0.3]
      [Code Root Scanning (ms): Min: 0.1, Avg: 0.1, Max: 0.2, Diff: 0.1, Sum: 0.2]
      [Object Copy (ms): Min: 1.6, Avg: 1.7, Max: 1.8, Diff: 0.2, Sum: 3.4]
      [Termination (ms): Min: 0.0, Avg: 0.0, Max: 0.0, Diff: 0.0, Sum: 0.0]
         [Termination Attempts: Min: 1, Avg: 1.0, Max: 1, Diff: 0, Sum: 2]
      [GC Worker Other (ms): Min: 0.0, Avg: 0.0, Max: 0.0, Diff: 0.0, Sum: 0.0]
      [GC Worker Total (ms): Min: 3.1, Avg: 3.1, Max: 3.1, Diff: 0.0, Sum: 6.2]
      [GC Worker End (ms): Min: 18796.9, Avg: 18796.9, Max: 18796.9, Diff: 0.0]
   [Code Root Fixup: 0.1 ms]
   [Code Root Purge: 0.0 ms]
   [Clear CT: 2.5 ms]
   [Other: 9.1 ms]
      [Choose CSet: 0.0 ms]
      [Ref Proc: 7.9 ms]
      [Ref Enq: 0.0 ms]
      [Redirty Cards: 0.8 ms]
      [Humongous Register: 0.1 ms]
      [Humongous Reclaim: 0.0 ms]
      [Free CSet: 0.0 ms]
   [Eden: 46.0M(46.0M)->0.0B(46.0M) Survivors: 5120.0K->5120.0K Heap: 182.5M(1024.0M)->136.0M(1024.0M)]
 [Times: user=0.00 sys=0.00, real=0.03 secs] 
2017-09-19T12:45:45.203+0900: 23.096: [GC pause (G1 Evacuation Pause) (young), 0.0044954 secs]
   [Parallel Time: 3.6 ms, GC Workers: 2]
      [GC Worker Start (ms): Min: 23096.6, Avg: 23096.6, Max: 23096.6, Diff: 0.0]
      [Ext Root Scanning (ms): Min: 0.7, Avg: 0.8, Max: 0.9, Diff: 0.2, Sum: 1.6]
      [Update RS (ms): Min: 0.2, Avg: 0.2, Max: 0.2, Diff: 0.0, Sum: 0.5]
         [Processed Buffers: Min: 7, Avg: 8.5, Max: 10, Diff: 3, Sum: 17]
      [Scan RS (ms): Min: 0.0, Avg: 0.0, Max: 0.0, Diff: 0.0, Sum: 0.0]
      [Code Root Scanning (ms): Min: 0.2, Avg: 0.3, Max: 0.3, Diff: 0.1, Sum: 0.5]
      [Object Copy (ms): Min: 2.0, Avg: 2.2, Max: 2.3, Diff: 0.2, Sum: 4.3]
      [Termination (ms): Min: 0.0, Avg: 0.0, Max: 0.0, Diff: 0.0, Sum: 0.0]
         [Termination Attempts: Min: 1, Avg: 1.0, Max: 1, Diff: 0, Sum: 2]
      [GC Worker Other (ms): Min: 0.0, Avg: 0.0, Max: 0.0, Diff: 0.0, Sum: 0.0]
      [GC Worker Total (ms): Min: 3.5, Avg: 3.5, Max: 3.5, Diff: 0.0, Sum: 7.0]
      [GC Worker End (ms): Min: 23100.0, Avg: 23100.0, Max: 23100.0, Diff: 0.0]
   [Code Root Fixup: 0.1 ms]
   [Code Root Purge: 0.0 ms]
   [Clear CT: 0.1 ms]
   [Other: 0.7 ms]
      [Choose CSet: 0.0 ms]
      [Ref Proc: 0.3 ms]
      [Ref Enq: 0.0 ms]
      [Redirty Cards: 0.1 ms]
      [Humongous Register: 0.0 ms]
      [Humongous Reclaim: 0.1 ms]
      [Free CSet: 0.0 ms]
   [Eden: 46.0M(46.0M)->0.0B(46.0M) Survivors: 5120.0K->5120.0K Heap:2017-09-19T12:45:52.131+0900: 1170.663: [GC pause (G1 Evacuation Pause) (young), 2017-09-19T12:47:11.442+0900: 109.336: [GC pause (G1 Evacuation Pause) (young), 0.0296381 secs]
   [Parallel Time: 27.7 ms, GC Workers: 2]
      [GC Worker Start (ms): Min: 109335.7, Avg: 109335.8, Max: 109335.9, Diff: 0.2]
      [Ext Root Scanning (ms): Min: 2.3, Avg: 2.5, Max: 2.8, Diff: 0.4, Sum: 5.1]
      [Update RS (ms): Min: 1.3, Avg: 1.6, Max: 1.9, Diff: 0.6, Sum: 3.1]
         [Processed Buffers: Min: 1, Avg: 7.0, Max: 13, Diff: 12, Sum: 14]
      [Scan RS (ms): Min: 0.0, Avg: 0.0, Max: 0.0, Diff: 0.0, Sum: 0.1]
      [Code Root Scanning (ms): Min: 0.9, Avg: 2.2, Max: 3.5, Diff: 2.6, Sum: 4.5]
      [Object Copy (ms): Min: 20.0, Avg: 21.1, Max: 22.3, Diff: 2.3, Sum: 42.2]
      [Termination (ms): Min: 0.0, Avg: 0.0, Max: 0.0, Diff: 0.0, Sum: 0.0]
         [Termination Attempts: Min: 1, Avg: 1.0, Max: 1, Diff: 0, Sum: 2]
      [GC Worker Other (ms): Min: 0.0, Avg: 0.0, Max: 0.0, Diff: 0.0, Sum: 0.0]
      [GC Worker Total (ms): Min: 27.4, Avg: 27.5, Max: 27.6, Diff: 0.2, Sum: 55.1]
      [GC Worker End (ms): Min: 109363.3, Avg: 109363.4, Max: 109363.4, Diff: 0.0]
   [Code Root Fixup: 0.5 ms]
   [Code Root Purge: 0.0 ms]
   [Clear CT: 0.2 ms]
   [Other: 1.3 ms]
      [Choose CSet: 0.0 ms]
      [Ref Proc: 0.6 ms]
      [Ref Enq: 0.0 ms]
      [Redirty Cards: 0.2 ms]
      [Humongous Register: 0.1 ms]
      [Humongous Reclaim: 0.0 ms]
      [Free CSet: 0.1 ms]
   [Eden: 46.0M(46.0M)->0.0B(46.0M) Survivors: 5120.0K->5120.0K Heap: 182.2017-09-19T12:47:20.057+0900: 1258.589: [GC pause (G1 Evacuation Pause) (you2017-09-19T12:48:42.852+0900: 200.745: [GC pause (G1 Evacuation Pause) (young), 0.0272160 secs]
   [Parallel Time: 11.0 ms, GC Workers: 2]
      [GC Worker Start (ms): Min: 200745.6, Avg: 200745.6, Max: 200745.6, Diff: 0.0]
      [Ext Root Scanning (ms): Min: 0.5, Avg: 0.6, Max: 0.7, Diff: 0.2, Sum: 1.2]
      [Update RS (ms): Min: 0.5, Avg: 0.5, Max: 0.6, Diff: 0.2, Sum: 1.1]
         [Processed Buffers: Min: 3, Avg: 8.0, Max: 13, Diff: 10, Sum: 16]
      [Scan RS (ms): Min: 0.0, Avg: 0.0, Max: 0.0, Diff: 0.0, Sum: 0.0]
      [Code Root Scanning (ms): Min: 0.0, Avg: 0.5, Max: 1.1, Diff: 1.1, Sum: 1.1]
      [Object Copy (ms): Min: 8.9, Avg: 9.2, Max: 9.6, Diff: 0.7, Sum: 18.5]
      [Termination (ms): Min: 0.0, Avg: 0.0, Max: 0.0, Diff: 0.0, Sum: 0.0]
         [Termination Attempts: Min: 1, Avg: 1.0, Max: 1, Diff: 0, Sum: 2]
      [GC Worker Other (ms): Min: 0.0, Avg: 0.0, Max: 0.0, Diff: 0.0, Sum: 0.0]
      [GC Worker Total (ms): Min: 10.9, Avg: 11.0, Max: 11.0, Diff: 0.0, Sum: 21.9]
      [GC Worker End (ms): Min: 200756.5, Avg: 200756.5, Max: 200756.5, Diff: 0.0]
   [Code Root Fixup: 0.3 ms]
   [Code Root Purge: 0.0 ms]
   [Clear CT: 0.1 ms]
   [Other: 15.8 ms]
      [Choose CSet: 0.0 ms]
      [Ref Proc: 15.0 ms]
      [Ref Enq: 0.0 ms]
      [Redirty Cards: 0.0 ms]
      [Humongous Register: 0.1 ms]
      [Humongous Reclaim: 0.1 ms]
      [Free CSet: 0.1 ms]
   [Eden: 46.0M(46.0M)->0.0B(45.0M) Survivors: 5120.0K->6144.0K Heap: 184.12017-09-19T12:48:56.923+0900: 1355.456: [GC pause (G1 Evacuation Pause) (yo2017-09-19T12:50:16.015+0900: 293.908: [GC pause (G1 Evacuation Pause) (young), 0.0299036 secs]
   [Parallel Time: 27.8 ms, GC Workers: 2]
      [GC Worker Start (ms): Min: 293908.1, Avg: 293908.2, Max: 293908.3, Diff: 0.3]
      [Ext Root Scanning (ms): Min: 1.1, Avg: 1.3, Max: 1.5, Diff: 0.3, Sum: 2.6]
      [Update RS (ms): Min: 1.9, Avg: 1.9, Max: 1.9, Diff: 0.0, Sum: 3.8]
         [Processed Buffers: Min: 9, Avg: 17.5, Max: 26, Diff: 17, Sum: 35]
      [Scan RS (ms): Min: 0.5, Avg: 0.5, Max: 0.6, Diff: 0.1, Sum: 1.1]
      [Code Root Scanning (ms): Min: 0.1, Avg: 1.0, Max: 2.0, Diff: 1.9, Sum: 2.0]
      [Object Copy (ms): Min: 21.3, Avg: 21.7, Max: 22.2, Diff: 0.9, Sum: 43.4]
      [Termination (ms): Min: 0.0, Avg: 0.7, Max: 1.4, Diff: 1.4, Sum: 1.4]
         [Termination Attempts: Min: 1, Avg: 1.0, Max: 1, Diff: 0, Sum: 2]
      [GC Worker Other (ms): Min: 0.0, Avg: 0.0, Max: 0.0, Diff: 0.0, Sum: 0.0]
      [GC Worker Total (ms): Min: 26.9, Avg: 27.2, Max: 27.5, Diff: 0.7, Sum: 54.4]
      [GC Worker End (ms): Min: 293935.2, Avg: 293935.4, Max: 293935.6, Diff: 0.4]
   [Code Root Fixup: 0.5 ms]
   [Code Root Purge: 0.0 ms]
   [Clear CT: 0.2 ms]
   [Other: 1.4 ms]
      [Choose CSet: 0.0 ms]
      [Ref Proc: 0.8 ms]
      [Ref Enq: 0.0 ms]
      [Redirty Cards: 0.2 ms]
      [Humongous Register: 0.1 ms]
      [Humongous Reclaim: 0.0 ms]
      [Free CSet: 0.1 ms]
   [Eden: 45.0M(45.0M)->0.0B(45.0M) Survivors: 6144.0K->6144.0K Heap: 184.7M(1024.02017-09-19T12:50:31.613+0900: 1450.145: [GC pause (G1 Evacuation Pa2017-09-19T12:51:48.175+0900: 386.068: [GC pause (G1 Evacuation Pause) (young), 0.0312510 secs]
   [Parallel Time: 28.7 ms, GC Workers: 2]
      [GC Worker Start (ms): Min: 386068.7, Avg: 386068.7, Max: 386068.7, Diff: 0.1]
      [Ext Root Scanning (ms): Min: 1.5, Avg: 1.7, Max: 1.8, Diff: 0.3, Sum: 3.4]
      [Update RS (ms): Min: 4.4, Avg: 4.4, Max: 4.4, Diff: 0.0, Sum: 8.8]
         [Processed Buffers: Min: 10, Avg: 18.5, Max: 27, Diff: 17, Sum: 37]
      [Scan RS (ms): Min: 0.4, Avg: 0.6, Max: 0.8, Diff: 0.4, Sum: 1.2]
      [Code Root Scanning (ms): Min: 0.2, Avg: 0.9, Max: 1.5, Diff: 1.3, Sum: 1.7]
      [Object Copy (ms): Min: 20.0, Avg: 20.9, Max: 21.9, Diff: 1.9, Sum: 41.9]
      [Termination (ms): Min: 0.0, Avg: 0.0, Max: 0.0, Diff: 0.0, Sum: 0.0]
         [Termination Attempts: Min: 1, Avg: 1.0, Max: 1, Diff: 0, Sum: 2]
      [GC Worker Other (ms): Min: 0.0, Avg: 0.0, Max: 0.0, Diff: 0.0, Sum: 0.1]
      [GC Worker Total (ms): Min: 28.5, Avg: 28.5, Max: 28.6, Diff: 0.1, Sum: 57.1]
      [GC Worker End (ms): Min: 386097.2, Avg: 386097.2, Max: 386097.2, Diff: 0.0]
   [Code Root Fixup: 0.4 ms]
   [Code Root Purge: 0.0 ms]
   [Clear CT: 0.2 ms]
   [Other: 1.9 ms]
      [Choose CSet: 0.0 ms]
      [Ref Proc: 0.6 ms]
      [Ref Enq: 0.0 ms]
      [Redirty Cards: 0.5 ms]
      [Humongous Register: 0.2 ms]
      [Humongous Reclaim: 0.0 ms]
      [Free CSet: 0.1 ms]
   [Eden: 45.0M(45.0M)->0.0B(47.0M) Survivors: 6144.0K->4096.0K Heap: 187.4M(1024.0M)->142017-09-19T12:52:07.212+0900: 1545.745: [GC pause (G1 Evacuat2017-09-19T12:53:24.483+0900: 482.376: [GC pause (G1 Evacuation Pause) (young), 0.0082971 secs]
   [Parallel Time: 7.5 ms, GC Workers: 2]
      [GC Worker Start (ms): Min: 482376.5, Avg: 482376.5, Max: 482376.5, Diff: 0.0]
      [Ext Root Scanning (ms): Min: 0.4, Avg: 0.5, Max: 0.5, Diff: 0.1, Sum: 0.9]
      [Update RS (ms): Min: 0.7, Avg: 0.7, Max: 0.7, Diff: 0.0, Sum: 1.4]
         [Processed Buffers: Min: 3, Avg: 14.5, Max: 26, Diff: 23, Sum: 29]
      [Scan RS (ms): Min: 0.0, Avg: 0.0, Max: 0.0, Diff: 0.0, Sum: 0.0]
      [Code Root Scanning (ms): Min: 0.0, Avg: 0.0, Max: 0.1, Diff: 0.1, Sum: 0.1]
      [Object Copy (ms): Min: 6.2, Avg: 6.2, Max: 6.2, Diff: 0.1, Sum: 12.4]
      [Termination (ms): Min: 0.0, Avg: 0.0, Max: 0.0, Diff: 0.0, Sum: 0.0]
         [Termination Attempts: Min: 1, Avg: 1.0, Max: 1, Diff: 0, Sum: 2]
      [GC Worker Other (ms): Min: 0.0, Avg: 0.0, Max: 0.0, Diff: 0.0, Sum: 0.0]
      [GC Worker Total (ms): Min: 7.4, Avg: 7.4, Max: 7.4, Diff: 0.0, Sum: 14.8]
      [GC Worker End (ms): Min: 482383.9, Avg: 482383.9, Max: 482383.9, Diff: 0.0]
   [Code Root Fixup: 0.0 ms]
   [Code Root Purge: 0.0 ms]
   [Clear CT: 0.1 ms]
   [Other: 0.6 ms]
      [Choose CSet: 0.0 ms]
      [Ref Proc: 0.2 ms]
      [Ref Enq: 0.0 ms]
      [Redirty Cards: 0.2 ms]
      [Humongous Register: 0.0 ms]
      [Humongous Reclaim: 0.0 ms]
      [Free CSet: 0.0 ms]
   [Eden: 47.0M(47.0M)->0.0B(46.0M) Survivors: 4096.0K->5120.0K Heap: 188.0M(1024.0M)->142.5M(1024.0M)]2017-09-19T12:53:41.523+0900: 1640.055: [GC pau2017-09-19T12:55:01.210+0900: 579.103: [GC pause (G1 Evacuation Pause) (young), 0.0136687 secs]
   [Parallel Time: 11.9 ms, GC Workers: 2]
      [GC Worker Start (ms): Min: 579103.5, Avg: 579103.5, Max: 579103.5, Diff: 0.1]
      [Ext Root Scanning (ms): Min: 1.4, Avg: 1.5, Max: 1.5, Diff: 0.1, Sum: 2.9]
      [Update RS (ms): Min: 1.8, Avg: 1.8, Max: 1.8, Diff: 0.0, Sum: 3.5]
         [Processed Buffers: Min: 14, Avg: 17.5, Max: 21, Diff: 7, Sum: 35]
      [Scan RS (ms): Min: 0.0, Avg: 0.0, Max: 0.0, Diff: 0.0, Sum: 0.1]
      [Code Root Scanning (ms): Min: 0.0, Avg: 0.1, Max: 0.3, Diff: 0.3, Sum: 0.3]
      [Object Copy (ms): Min: 7.9, Avg: 8.0, Max: 8.2, Diff: 0.2, Sum: 16.1]
      [Termination (ms): Min: 0.0, Avg: 0.0, Max: 0.1, Diff: 0.1, Sum: 0.1]
         [Termination Attempts: Min: 1, Avg: 1.0, Max: 1, Diff: 0, Sum: 2]
      [GC Worker Other (ms): Min: 0.0, Avg: 0.1, Max: 0.1, Diff: 0.1, Sum: 0.1]
      [GC Worker Total (ms): Min: 11.5, Avg: 11.5, Max: 11.5, Diff: 0.1, Sum: 23.0]
      [GC Worker End (ms): Min: 579115.0, Avg: 579115.0, Max: 579115.1, Diff: 0.1]
   [Code Root Fixup: 0.1 ms]
   [Code Root Purge: 0.0 ms]
   [Clear CT: 0.2 ms]
   [Other: 1.4 ms]
      [Choose CSet: 0.0 ms]
      [Ref Proc: 0.4 ms]
      [Ref Enq: 0.0 ms]
      [Redirty Cards: 0.5 ms]
      [Humongous Register: 0.1 ms]
      [Humongous Reclaim: 0.0 ms]
      [Free CSet: 0.0 ms]
   [Eden: 46.0M(46.0M)->0.0B(48.0M) Survivors: 5120.0K->3072.0K Heap: 188.5M(1024.0M)->140.9M(1024.0M)]
 [Time2017-09-19T12:55:16.888+0900: 1735.421: 2017-09-19T12:56:40.432+0900: 678.325: [GC pause (G1 Evacuation Pause) (young), 0.0134375 secs]
   [Parallel Time: 10.5 ms, GC Workers: 2]
      [GC Worker Start (ms): Min: 678325.2, Avg: 678325.2, Max: 678325.2, Diff: 0.0]
      [Ext Root Scanning (ms): Min: 0.8, Avg: 0.8, Max: 0.8, Diff: 0.1, Sum: 1.6]
      [Update RS (ms): Min: 2.2, Avg: 2.2, Max: 2.2, Diff: 0.0, Sum: 4.4]
         [Processed Buffers: Min: 9, Avg: 19.0, Max: 29, Diff: 20, Sum: 38]
      [Scan RS (ms): Min: 0.0, Avg: 0.0, Max: 0.0, Diff: 0.0, Sum: 0.0]
      [Code Root Scanning (ms): Min: 0.0, Avg: 0.0, Max: 0.1, Diff: 0.1, Sum: 0.1]
      [Object Copy (ms): Min: 7.2, Avg: 7.3, Max: 7.3, Diff: 0.1, Sum: 14.6]
      [Termination (ms): Min: 0.0, Avg: 0.0, Max: 0.0, Diff: 0.0, Sum: 0.0]
         [Termination Attempts: Min: 1, Avg: 2.5, Max: 4, Diff: 3, Sum: 5]
      [GC Worker Other (ms): Min: 0.0, Avg: 0.0, Max: 0.0, Diff: 0.0, Sum: 0.0]
      [GC Worker Total (ms): Min: 10.3, Avg: 10.3, Max: 10.4, Diff: 0.0, Sum: 20.7]
      [GC Worker End (ms): Min: 678335.5, Avg: 678335.5, Max: 678335.5, Diff: 0.0]
   [Code Root Fixup: 0.0 ms]
   [Code Root Purge: 0.0 ms]
   [Clear CT: 0.1 ms]
   [Other: 2.7 ms]
      [Choose CSet: 0.0 ms]
      [Ref Proc: 2.1 ms]
      [Ref Enq: 0.0 ms]
      [Redirty Cards: 0.3 ms]
      [Humongous Register: 0.1 ms]
      [Humongous Reclaim: 0.0 ms]
      [Free CSet: 0.0 ms]
   [Eden: 48.0M(48.0M)->0.0B(46.0M) Survivors: 3072.0K->5120.0K Heap: 188.9M(1024.0M)->142.9M(1024.0M)]
 [Times: user=0.022017-09-19T12:56:57.587+09002017-09-19T12:58:15.533+0900: 773.426: [GC pause (G1 Evacuation Pause) (young), 0.0094314 secs]
   [Parallel Time: 8.6 ms, GC Workers: 2]
      [GC Worker Start (ms): Min: 773426.2, Avg: 773426.2, Max: 773426.3, Diff: 0.0]
      [Ext Root Scanning (ms): Min: 0.6, Avg: 0.7, Max: 0.7, Diff: 0.1, Sum: 1.3]
      [Update RS (ms): Min: 1.4, Avg: 1.4, Max: 1.4, Diff: 0.0, Sum: 2.8]
         [Processed Buffers: Min: 15, Avg: 19.5, Max: 24, Diff: 9, Sum: 39]
      [Scan RS (ms): Min: 0.0, Avg: 0.0, Max: 0.0, Diff: 0.0, Sum: 0.0]
      [Code Root Scanning (ms): Min: 0.0, Avg: 0.0, Max: 0.1, Diff: 0.1, Sum: 0.1]
      [Object Copy (ms): Min: 6.3, Avg: 6.3, Max: 6.3, Diff: 0.0, Sum: 12.7]
      [Termination (ms): Min: 0.0, Avg: 0.0, Max: 0.0, Diff: 0.0, Sum: 0.0]
         [Termination Attempts: Min: 1, Avg: 1.0, Max: 1, Diff: 0, Sum: 2]
      [GC Worker Other (ms): Min: 0.0, Avg: 0.0, Max: 0.0, Diff: 0.0, Sum: 0.0]
      [GC Worker Total (ms): Min: 8.4, Avg: 8.4, Max: 8.5, Diff: 0.0, Sum: 16.9]
      [GC Worker End (ms): Min: 773434.7, Avg: 773434.7, Max: 773434.7, Diff: 0.0]
   [Code Root Fixup: 0.0 ms]
   [Code Root Purge: 0.0 ms]
   [Clear CT: 0.1 ms]
   [Other: 0.7 ms]
      [Choose CSet: 0.0 ms]
      [Ref Proc: 0.2 ms]
      [Ref Enq: 0.0 ms]
      [Redirty Cards: 0.1 ms]
      [Humongous Register: 0.1 ms]
      [Humongous Reclaim: 0.0 ms]
      [Free CSet: 0.0 ms]
   [Eden: 46.0M(46.0M)->0.0B(45.0M) Survivors: 5120.0K->6144.0K Heap: 188.9M(1024.0M)->144.4M(1024.0M)]
 [Times: user=0.01 sys=0.00, rea2017-09-19T12:2017-09-19T12:59:49.365+0900: 867.258: [GC pause (G1 Evacuation Pause) (young), 0.0057682 secs]
   [Parallel Time: 5.0 ms, GC Workers: 2]
      [GC Worker Start (ms): Min: 867257.8, Avg: 867257.9, Max: 867258.0, Diff: 0.2]
      [Ext Root Scanning (ms): Min: 0.4, Avg: 0.5, Max: 0.6, Diff: 0.2, Sum: 1.0]
      [Update RS (ms): Min: 0.9, Avg: 0.9, Max: 0.9, Diff: 0.0, Sum: 1.7]
         [Processed Buffers: Min: 8, Avg: 20.0, Max: 32, Diff: 24, Sum: 40]
      [Scan RS (ms): Min: 0.0, Avg: 0.0, Max: 0.0, Diff: 0.0, Sum: 0.0]
      [Code Root Scanning (ms): Min: 0.0, Avg: 0.0, Max: 0.0, Diff: 0.0, Sum: 0.0]
      [Object Copy (ms): Min: 3.4, Avg: 3.4, Max: 3.4, Diff: 0.0, Sum: 6.9]
      [Termination (ms): Min: 0.0, Avg: 0.0, Max: 0.0, Diff: 0.0, Sum: 0.0]
         [Termination Attempts: Min: 1, Avg: 1.0, Max: 1, Diff: 0, Sum: 2]
      [GC Worker Other (ms): Min: 0.0, Avg: 0.0, Max: 0.0, Diff: 0.0, Sum: 0.0]
      [GC Worker Total (ms): Min: 4.7, Avg: 4.9, Max: 5.0, Diff: 0.2, Sum: 9.7]
      [GC Worker End (ms): Min: 867262.8, Avg: 867262.8, Max: 867262.8, Diff: 0.0]
   [Code Root Fixup: 0.1 ms]
   [Code Root Purge: 0.0 ms]
   [Clear CT: 0.1 ms]
   [Other: 0.6 ms]
      [Choose CSet: 0.0 ms]
      [Ref Proc: 0.2 ms]
      [Ref Enq: 0.0 ms]
      [Redirty Cards: 0.1 ms]
      [Humongous Register: 0.0 ms]
      [Humongous Reclaim: 0.0 ms]
      [Free CSet: 0.0 ms]
   [Eden: 45.0M(45.0M)->0.0B(62.0M) Survivors: 6144.0K->3072.0K Heap: 189.4M(1024.0M)->142.6M(1024.0M)]
 [Times: user=0.02 sys=0.00, real=0.01 secs] 
2017-09-19T13:01:28.903+0900: 966.796: [GC pause (G1 Evacuation Pause) (young), 0.0087761 secs]
   [Parallel Time: 5.9 ms, GC Workers: 2]
      [GC Worker Start (ms): Min: 966796.1, Avg: 966796.1, Max: 966796.1, Diff: 0.0]
      [Ext Root Scanning (ms): Min: 0.5, Avg: 0.5, Max: 0.5, Diff: 0.0, Sum: 1.0]
      [Update RS (ms): Min: 1.3, Avg: 1.3, Max: 1.3, Diff: 0.0, Sum: 2.6]
         [Processed Buffers: Min: 20, Avg: 23.5, Max: 27, Diff: 7, Sum: 47]
      [Scan RS (ms): Min: 0.4, Avg: 0.4, Max: 0.4, Diff: 0.0, Sum: 0.8]
      [Code Root Scanning (ms): Min: 0.0, Avg: 0.0, Max: 0.0, Diff: 0.0, Sum: 0.0]
      [Object Copy (ms): Min: 3.7, Avg: 3.7, Max: 3.7, Diff: 0.0, Sum: 7.4]
      [Termination (ms): Min: 0.0, Avg: 0.0, Max: 0.0, Diff: 0.0, Sum: 0.0]
         [Termination Attempts: Min: 1, Avg: 1.0, Max: 1, Diff: 0, Sum: 2]
      [GC Worker Other (ms): Min: 0.0, Avg: 0.0, Max: 0.0, Diff: 0.0, Sum: 0.0]
      [GC Worker Total (ms): Min: 5.9, Avg: 5.9, Max: 5.9, Diff: 0.0, Sum: 11.8]
      [GC Worker End (ms): Min: 966802.0, Avg: 966802.0, Max: 966802.0, Diff: 0.0]
   [Code Root Fixup: 0.0 ms]
   [Code Root Purge: 0.0 ms]
   [Clear CT: 0.1 ms]
   [Other: 2.7 ms]
      [Choose CSet: 0.0 ms]
      [Ref Proc: 2.1 ms]
      [Ref Enq: 0.0 ms]
      [Redirty Cards: 0.3 ms]
      [Humongous Register: 0.1 ms]
      [Humongous Reclaim: 0.0 ms]
      [Free CSet: 0.0 ms]
   [Eden: 48.0M(48.0M)->0.0B(46.0M) Survivors: 3072.0K->5120.0K Heap: 190.6M(1024.0M)->144.6M(1024.0M)]
 [Times: user=0.01 sys=0.00, real=0.01 secs] 
2017-09-19T13:03:04.899+0900: 1062.792: [GC pause (G1 Evacuation Pause) (young), 0.0448380 secs]
   [Parallel Time: 31.9 ms, GC Workers: 2]
      [GC Worker Start (ms): Min: 1062792.2, Avg: 1062792.2, Max: 1062792.2, Diff: 0.0]
      [Ext Root Scanning (ms): Min: 0.9, Avg: 0.9, Max: 1.0, Diff: 0.1, Sum: 1.9]
      [Update RS (ms): Min: 3.1, Avg: 3.2, Max: 3.3, Diff: 0.2, Sum: 6.3]
         [Processed Buffers: Min: 16, Avg: 22.0, Max: 28, Diff: 12, Sum: 44]
      [Scan RS (ms): Min: 0.0, Avg: 0.0, Max: 0.0, Diff: 0.0, Sum: 0.0]
      [Code Root Scanning (ms): Min: 0.0, Avg: 0.0, Max: 0.0, Diff: 0.0, Sum: 0.0]
      [Object Copy (ms): Min: 27.5, Avg: 27.6, Max: 27.7, Diff: 0.2, Sum: 55.2]
      [Termination (ms): Min: 0.0, Avg: 0.0, Max: 0.0, Diff: 0.0, Sum: 0.0]
         [Termination Attempts: Min: 1, Avg: 1.0, Max: 1, Diff: 0, Sum: 2]
      [GC Worker Other (ms): Min: 0.0, Avg: 0.0, Max: 0.0, Diff: 0.0, Sum: 0.0]
      [GC Worker Total (ms): Min: 31.7, Avg: 31.8, Max: 31.8, Diff: 0.0, Sum: 63.5]
      [GC Worker End (ms): Min: 1062824.0, Avg: 1062824.0, Max: 1062824.0, Diff: 0.0]
   [Code Root Fixup: 0.0 ms]
   [Code Root Purge: 0.0 ms]
   [Clear CT: 0.3 ms]
   [Other: 12.5 ms]
      [Choose CSet: 0.1 ms]
      [Ref Proc: 10.6 ms]
      [Ref Enq: 0.0 ms]
      [Redirty Cards: 0.8 ms]
      [Humongous Register: 0.1 ms]
      [Humongous Reclaim: 0.1 ms]
      [Free CSet: 0.1 ms]
   [Eden: 46.0M(46.0M)->0.0B(45.0M) Survivors: 5120.0K->6144.0K Heap: 190.6M(1024.0M)->146.1M(1024.0M)]
 [Times: user=0.04 sys=0.01, real=0.04 secs] 
2017-09-19T13:04:38.570+0900: 1156.463: [GC pause (G1 Evacuation Pause) (young), 0.0126255 secs]
   [Parallel Time: 11.9 ms, GC Workers: 2]
      [GC Worker Start (ms): Min: 1156463.0, Avg: 1156465.3, Max: 1156467.7, Diff: 4.7]
      [Ext Root Scanning (ms): Min: 0.0, Avg: 1.0, Max: 1.9, Diff: 1.9, Sum: 2.0]
      [Update RS (ms): Min: 0.5, Avg: 4.1, Max: 7.7, Diff: 7.3, Sum: 8.2]
         [Processed Buffers: Min: 9, Avg: 20.0, Max: 31, Diff: 22, Sum: 40]
      [Scan RS (ms): Min: 0.0, Avg: 0.2, Max: 0.3, Diff: 0.3, Sum: 0.3]
      [Code Root Scanning (ms): Min: 0.0, Avg: 0.0, Max: 0.0, Diff: 0.0, Sum: 0.0]
      [Object Copy (ms): Min: 2.1, Avg: 4.2, Max: 6.3, Diff: 4.2, Sum: 8.4]
      [Termination (ms): Min: 0.0, Avg: 0.0, Max: 0.0, Diff: 0.0, Sum: 0.0]
         [Termination Attempts: Min: 1, Avg: 2.5, Max: 4, Diff: 3, Sum: 5]
      [GC Worker Other (ms): Min: 0.0, Avg: 0.0, Max: 0.0, Diff: 0.0, Sum: 0.0]
      [GC Worker Total (ms): Min: 7.1, Avg: 9.5, Max: 11.8, Diff: 4.7, Sum: 19.0]
      [GC Worker End (ms): Min: 1156474.8, Avg: 1156474.8, Max: 1156474.8, Diff: 0.0]
   [Code Root Fixup: 0.0 ms]
   [Code Root Purge: 0.0 ms]
   [Clear CT: 0.1 ms]
   [Other: 0.7 ms]
      [Choose CSet: 0.0 ms]
      [Ref Proc: 0.2 ms]
      [Ref Enq: 0.0 ms]
      [Redirty Cards: 0.1 ms]
      [Humongous Register: 0.1 ms]
      [Humongous Reclaim: 0.0 ms]
      [Free CSet: 0.0 ms]
   [Eden: 45.0M(45.0M)->0.0B(48.0M) Survivors: 6144.0K->3072.0K Heap: 191.1M(1024.0M)->144.5M(1024.0M)]
 [Times: user=0.01 sys=0.00, real=0.01 secs] 
2017-09-19T13:06:18.249+0900: 1256.142: [GC pause (G1 Evacuation Pause) (young), 0.0248907 secs]
   [Parallel Time: 23.2 ms, GC Workers: 2]
      [GC Worker Start (ms): Min: 1256142.6, Avg: 1256142.7, Max: 1256142.8, Diff: 0.1]
      [Ext Root Scanning (ms): Min: 1.2, Avg: 1.3, Max: 1.4, Diff: 0.2, Sum: 2.5]
      [Update RS (ms): Min: 3.8, Avg: 3.9, Max: 4.0, Diff: 0.3, Sum: 7.8]
         [Processed Buffers: Min: 20, Avg: 24.5, Max: 29, Diff: 9, Sum: 49]
      [Scan RS (ms): Min: 2.2, Avg: 2.3, Max: 2.5, Diff: 0.3, Sum: 4.7]
      [Code Root Scanning (ms): Min: 0.0, Avg: 0.0, Max: 0.0, Diff: 0.0, Sum: 0.0]
      [Object Copy (ms): Min: 15.4, Avg: 15.5, Max: 15.5, Diff: 0.1, Sum: 30.9]
      [Termination (ms): Min: 0.0, Avg: 0.0, Max: 0.0, Diff: 0.0, Sum: 0.0]
         [Termination Attempts: Min: 1, Avg: 2.0, Max: 3, Diff: 2, Sum: 4]
      [GC Worker Other (ms): Min: 0.0, Avg: 0.0, Max: 0.0, Diff: 0.0, Sum: 0.0]
      [GC Worker Total (ms): Min: 23.0, Avg: 23.0, Max: 23.1, Diff: 0.1, Sum: 46.0]
      [GC Worker End (ms): Min: 1256165.7, Avg: 1256165.7, Max: 1256165.7, Diff: 0.0]
   [Code Root Fixup: 0.1 ms]
   [Code Root Purge: 0.0 ms]
   [Clear CT: 0.3 ms]
   [Other: 1.3 ms]
      [Choose CSet: 0.0 ms]
      [Ref Proc: 0.3 ms]
      [Ref Enq: 0.0 ms]
      [Redirty Cards: 0.5 ms]
      [Humongous Register: 0.1 ms]
      [Humongous Reclaim: 0.0 ms]
      [Free CSet: 0.0 ms]
   [Eden: 48.0M(48.0M)->0.0B(46.0M) Survivors: 3072.0K->5120.0K Heap: 192.5M(1024.0M)->146.5M(1024.0M)]
 [Times: user=0.05 sys=0.00, real=0.02 secs] 
2017-09-19T13:07:53.839+0900: 1351.732: [GC pause (G1 Evacuation Pause) (young), 0.0207010 secs]
   [Parallel Time: 20.0 ms, GC Workers: 2]
      [GC Worker Start (ms): Min: 1351731.9, Avg: 1351731.9, Max: 1351731.9, Diff: 0.0]
      [Ext Root Scanning (ms): Min: 0.8, Avg: 0.8, Max: 0.8, Diff: 0.1, Sum: 1.6]
      [Update RS (ms): Min: 1.7, Avg: 1.8, Max: 1.8, Diff: 0.0, Sum: 3.5]
         [Processed Buffers: Min: 18, Avg: 19.5, Max: 21, Diff: 3, Sum: 39]
      [Scan RS (ms): Min: 0.5, Avg: 0.5, Max: 0.5, Diff: 0.0, Sum: 1.0]
      [Code Root Scanning (ms): Min: 0.0, Avg: 0.0, Max: 0.0, Diff: 0.0, Sum: 0.0]
      [Object Copy (ms): Min: 10.0, Avg: 10.6, Max: 11.2, Diff: 1.2, Sum: 21.2]
      [Termination (ms): Min: 0.0, Avg: 3.4, Max: 6.8, Diff: 6.8, Sum: 6.8]
         [Termination Attempts: Min: 1, Avg: 1.0, Max: 1, Diff: 0, Sum: 2]
      [GC Worker Other (ms): Min: 0.0, Avg: 0.0, Max: 0.0, Diff: 0.0, Sum: 0.0]
      [GC Worker Total (ms): Min: 14.3, Avg: 17.1, Max: 19.9, Diff: 5.6, Sum: 34.2]
      [GC Worker End (ms): Min: 1351746.2, Avg: 1351749.0, Max: 1351751.8, Diff: 5.6]
   [Code Root Fixup: 0.1 ms]
   [Code Root Purge: 0.0 ms]
   [Clear CT: 0.1 ms]
   [Other: 0.6 ms]
      [Choose CSet: 0.0 ms]
      [Ref Proc: 0.2 ms]
      [Ref Enq: 0.0 ms]
      [Redirty Cards: 0.1 ms]
      [Humongous Register: 0.1 ms]
      [Humongous Reclaim: 0.0 ms]
      [Free CSet: 0.0 ms]
   [Eden: 46.0M(46.0M)->0.0B(48.0M) Survivors: 5120.0K->3072.0K Heap: 192.5M(1024.0M)->145.3M(1024.0M)]
 [Times: user=0.02 sys=0.00, real=0.02 secs] 
2017-09-19T13:09:34.585+0900: 1452.478: [GC pause (G1 Evacuation Pause) (young), 0.0521075 secs]
   [Parallel Time: 43.0 ms, GC Workers: 2]
      [GC Worker Start (ms): Min: 1452478.6, Avg: 1452478.7, Max: 1452478.8, Diff: 0.1]
      [Ext Root Scanning (ms): Min: 1.4, Avg: 1.5, Max: 1.6, Diff: 0.1, Sum: 3.0]
      [Update RS (ms): Min: 5.5, Avg: 5.5, Max: 5.5, Diff: 0.0, Sum: 11.0]
         [Processed Buffers: Min: 15, Avg: 19.5, Max: 24, Diff: 9, Sum: 39]
      [Scan RS (ms): Min: 2.9, Avg: 3.0, Max: 3.0, Diff: 0.1, Sum: 5.9]
      [Code Root Scanning (ms): Min: 0.0, Avg: 0.0, Max: 0.0, Diff: 0.0, Sum: 0.0]
      [Object Copy (ms): Min: 24.6, Avg: 28.2, Max: 31.8, Diff: 7.2, Sum: 56.4]
      [Termination (ms): Min: 0.0, Avg: 3.9, Max: 7.8, Diff: 7.8, Sum: 7.8]
         [Termination Attempts: Min: 1, Avg: 1.0, Max: 1, Diff: 0, Sum: 2]
      [GC Worker Other (ms): Min: 0.0, Avg: 0.0, Max: 0.0, Diff: 0.0, Sum: 0.1]
      [GC Worker Total (ms): Min: 41.9, Avg: 42.1, Max: 42.3, Diff: 0.4, Sum: 84.2]
      [GC Worker End (ms): Min: 1452520.5, Avg: 1452520.8, Max: 1452521.0, Diff: 0.5]
   [Code Root Fixup: 0.1 ms]
   [Code Root Purge: 0.0 ms]
   [Clear CT: 0.1 ms]
   [Other: 8.8 ms]
      [Choose CSet: 0.0 ms]
      [Ref Proc: 8.2 ms]
      [Ref Enq: 0.0 ms]
      [Redirty Cards: 0.1 ms]
      [Humongous Register: 0.1 ms]
      [Humongous Reclaim: 0.1 ms]
      [Free CSet: 0.0 ms]
   [Eden: 48.0M(48.0M)->0.0B(46.0M) Survivors: 3072.0K->5120.0K Heap: 193.3M(1024.0M)->146.8M(1024.0M)]
 [Times: user=0.09 sys=0.00, real=0.06 secs] 
2017-09-19T13:11:11.056+0900: 1548.949: [GC pause (G1 Evacuation Pause) (young), 0.0310939 secs]
   [Parallel Time: 30.2 ms, GC Workers: 2]
      [GC Worker Start (ms): Min: 1548949.2, Avg: 1548949.5, Max: 1548949.8, Diff: 0.5]
      [Ext Root Scanning (ms): Min: 1.0, Avg: 1.2, Max: 1.4, Diff: 0.4, Sum: 2.4]
      [Update RS (ms): Min: 2.7, Avg: 2.7, Max: 2.7, Diff: 0.0, Sum: 5.4]
         [Processed Buffers: Min: 7, Avg: 19.5, Max: 32, Diff: 25, Sum: 39]
      [Scan RS (ms): Min: 1.4, Avg: 1.4, Max: 1.4, Diff: 0.0, Sum: 2.8]
      [Code Root Scanning (ms): Min: 0.0, Avg: 0.0, Max: 0.1, Diff: 0.1, Sum: 0.1]
      [Object Copy (ms): Min: 24.5, Avg: 24.6, Max: 24.6, Diff: 0.1, Sum: 49.1]
      [Termination (ms): Min: 0.0, Avg: 0.0, Max: 0.0, Diff: 0.0, Sum: 0.0]
         [Termination Attempts: Min: 2, Avg: 2.5, Max: 3, Diff: 1, Sum: 5]
      [GC Worker Other (ms): Min: 0.0, Avg: 0.0, Max: 0.0, Diff: 0.0, Sum: 0.0]
      [GC Worker Total (ms): Min: 29.7, Avg: 29.9, Max: 30.2, Diff: 0.5, Sum: 59.8]
      [GC Worker End (ms): Min: 1548979.4, Avg: 1548979.4, Max: 1548979.4, Diff: 0.0]
   [Code Root Fixup: 0.0 ms]
   [Code Root Purge: 0.0 ms]
   [Clear CT: 0.1 ms]
   [Other: 0.7 ms]
      [Choose CSet: 0.0 ms]
      [Ref Proc: 0.2 ms]
      [Ref Enq: 0.0 ms]
      [Redirty Cards: 0.2 ms]
      [Humongous Register: 0.1 ms]
      [Humongous Reclaim: 0.0 ms]
      [Free CSet: 0.0 ms]
   [Eden: 46.0M(46.0M)->0.0B(45.0M) Survivors: 5120.0K->6144.0K Heap: 192.8M(1024.0M)->148.7M(1024.0M)]
 [Times: user=0.04 sys=0.00, real=0.02 secs] 
2017-09-19T13:12:45.248+0900: 1643.141: [GC pause (G1 Evacuation Pause) (young), 0.0430032 secs]
   [Parallel Time: 39.1 ms, GC Workers: 2]
      [GC Worker Start (ms): Min: 1643141.5, Avg: 1643141.5, Max: 1643141.5, Diff: 0.0]
      [Ext Root Scanning (ms): Min: 1.7, Avg: 1.8, Max: 1.9, Diff: 0.2, Sum: 3.6]
      [Update RS (ms): Min: 7.9, Avg: 7.9, Max: 7.9, Diff: 0.0, Sum: 15.7]
         [Processed Buffers: Min: 12, Avg: 21.5, Max: 31, Diff: 19, Sum: 43]
      [Scan RS (ms): Min: 5.1, Avg: 5.3, Max: 5.4, Diff: 0.2, Sum: 10.5]
      [Code Root Scanning (ms): Min: 0.0, Avg: 0.1, Max: 0.1, Diff: 0.1, Sum: 0.1]
      [Object Copy (ms): Min: 23.8, Avg: 23.8, Max: 23.9, Diff: 0.1, Sum: 47.6]
      [Termination (ms): Min: 0.0, Avg: 0.0, Max: 0.0, Diff: 0.0, Sum: 0.0]
         [Termination Attempts: Min: 1, Avg: 1.0, Max: 1, Diff: 0, Sum: 2]
      [GC Worker Other (ms): Min: 0.0, Avg: 0.1, Max: 0.1, Diff: 0.1, Sum: 0.1]
      [GC Worker Total (ms): Min: 38.8, Avg: 38.8, Max: 38.9, Diff: 0.0, Sum: 77.7]
      [GC Worker End (ms): Min: 1643180.3, Avg: 1643180.3, Max: 1643180.3, Diff: 0.0]
   [Code Root Fixup: 0.1 ms]
   [Code Root Purge: 0.0 ms]
   [Clear CT: 0.4 ms]
   [Other: 3.5 ms]
      [Choose CSet: 0.0 ms]
      [Ref Proc: 0.4 ms]
      [Ref Enq: 0.0 ms]
      [Redirty Cards: 2.3 ms]
      [Humongous Register: 0.1 ms]
      [Humongous Reclaim: 0.0 ms]
      [Free CSet: 0.1 ms]
   [Eden: 45.0M(45.0M)->0.0B(48.0M) Survivors: 6144.0K->3072.0K Heap: 193.7M(1024.0M)->147.0M(1024.0M)]
 [Times: user=0.06 sys=0.00, real=0.04 secs] 
2017-09-19T13:14:25.796+0900: 1743.689: [GC pause (G1 Evacuation Pause) (young), 0.0155717 secs]
   [Parallel Time: 14.6 ms, GC Workers: 2]
      [GC Worker Start (ms): Min: 1743689.2, Avg: 1743690.9, Max: 1743692.7, Diff: 3.5]
      [Ext Root Scanning (ms): Min: 0.0, Avg: 0.4, Max: 0.7, Diff: 0.7, Sum: 0.7]
      [Update RS (ms): Min: 0.0, Avg: 0.9, Max: 1.8, Diff: 1.8, Sum: 1.8]
         [Processed Buffers: Min: 0, Avg: 21.0, Max: 42, Diff: 42, Sum: 42]
      [Scan RS (ms): Min: 1.5, Avg: 3.6, Max: 5.7, Diff: 4.1, Sum: 7.2]
      [Code Root Scanning (ms): Min: 0.0, Avg: 0.0, Max: 0.0, Diff: 0.0, Sum: 0.0]
      [Object Copy (ms): Min: 5.9, Avg: 7.7, Max: 9.5, Diff: 3.6, Sum: 15.3]
      [Termination (ms): Min: 0.0, Avg: 0.2, Max: 0.5, Diff: 0.5, Sum: 0.5]
         [Termination Attempts: Min: 1, Avg: 1.0, Max: 1, Diff: 0, Sum: 2]
      [GC Worker Other (ms): Min: 0.0, Avg: 0.0, Max: 0.0, Diff: 0.0, Sum: 0.0]
      [GC Worker Total (ms): Min: 11.0, Avg: 12.8, Max: 14.6, Diff: 3.6, Sum: 25.6]
      [GC Worker End (ms): Min: 1743703.7, Avg: 1743703.7, Max: 1743703.8, Diff: 0.1]
   [Code Root Fixup: 0.0 ms]
   [Code Root Purge: 0.0 ms]
   [Clear CT: 0.1 ms]
   [Other: 0.9 ms]
      [Choose CSet: 0.0 ms]
      [Ref Proc: 0.5 ms]
      [Ref Enq: 0.0 ms]
      [Redirty Cards: 0.1 ms]
      [Humongous Register: 0.0 ms]
      [Humongous Reclaim: 0.0 ms]
      [Free CSet: 0.0 ms]
   [Eden: 48.0M(48.0M)->0.0B(46.0M) Survivors: 3072.0K->5120.0K Heap: 195.0M(1024.0M)->149.0M(1024.0M)]
 [Times: user=0.01 sys=0.00, real=0.01 secs] 
2017-09-19T13:16:02.018+0900: 1839.911: [GC pause (G1 Evacuation Pause) (young), 0.0115690 secs]
   [Parallel Time: 10.3 ms, GC Workers: 2]
      [GC Worker Start (ms): Min: 1839911.2, Avg: 1839913.7, Max: 1839916.3, Diff: 5.1]
      [Ext Root Scanning (ms): Min: 0.0, Avg: 0.4, Max: 0.9, Diff: 0.8, Sum: 0.9]
      [Update RS (ms): Min: 0.0, Avg: 0.9, Max: 1.8, Diff: 1.8, Sum: 1.8]
         [Processed Buffers: Min: 0, Avg: 20.5, Max: 41, Diff: 41, Sum: 41]
      [Scan RS (ms): Min: 0.0, Avg: 0.4, Max: 0.7, Diff: 0.7, Sum: 0.7]
      [Code Root Scanning (ms): Min: 0.0, Avg: 0.0, Max: 0.0, Diff: 0.0, Sum: 0.0]
      [Object Copy (ms): Min: 4.8, Avg: 5.8, Max: 6.9, Diff: 2.1, Sum: 11.7]
      [Termination (ms): Min: 0.0, Avg: 0.2, Max: 0.5, Diff: 0.5, Sum: 0.5]
         [Termination Attempts: Min: 1, Avg: 1.0, Max: 1, Diff: 0, Sum: 2]
      [GC Worker Other (ms): Min: 0.0, Avg: 0.0, Max: 0.0, Diff: 0.0, Sum: 0.0]
      [GC Worker Total (ms): Min: 5.3, Avg: 7.8, Max: 10.3, Diff: 5.0, Sum: 15.6]
      [GC Worker End (ms): Min: 1839921.5, Avg: 1839921.5, Max: 1839921.5, Diff: 0.0]
   [Code Root Fixup: 0.0 ms]
   [Code Root Purge: 0.0 ms]
   [Clear CT: 0.0 ms]
   [Other: 1.2 ms]
      [Choose CSet: 0.0 ms]
      [Ref Proc: 0.6 ms]
      [Ref Enq: 0.0 ms]
      [Redirty Cards: 0.0 ms]
      [Humongous Register: 0.0 ms]
      [Humongous Reclaim: 0.0 ms]
      [Free CSet: 0.0 ms]
   [Eden: 46.0M(46.0M)->0.0B(48.0M) Survivors: 5120.0K->3072.0K Heap: 195.0M(1024.0M)->147.8M(1024.0M)]
 [Times: user=0.01 sys=0.00, real=0.01 secs] 
2017-09-19T13:17:43.019+0900: 1940.912: [GC pause (G1 Evacuation Pause) (young), 0.0127168 secs]
   [Parallel Time: 5.7 ms, GC Workers: 2]
      [GC Worker Start (ms): Min: 1940912.4, Avg: 1940912.4, Max: 1940912.4, Diff: 0.0]
      [Ext Root Scanning (ms): Min: 0.4, Avg: 0.4, Max: 0.4, Diff: 0.0, Sum: 0.8]
      [Update RS (ms): Min: 1.1, Avg: 1.1, Max: 1.1, Diff: 0.0, Sum: 2.2]
         [Processed Buffers: Min: 17, Avg: 21.5, Max: 26, Diff: 9, Sum: 43]
      [Scan RS (ms): Min: 0.4, Avg: 0.4, Max: 0.4, Diff: 0.0, Sum: 0.8]
      [Code Root Scanning (ms): Min: 0.0, Avg: 0.0, Max: 0.0, Diff: 0.0, Sum: 0.0]
      [Object Copy (ms): Min: 3.7, Avg: 3.7, Max: 3.7, Diff: 0.0, Sum: 7.4]
      [Termination (ms): Min: 0.0, Avg: 0.0, Max: 0.0, Diff: 0.0, Sum: 0.0]
         [Termination Attempts: Min: 1, Avg: 4.5, Max: 8, Diff: 7, Sum: 9]
      [GC Worker Other (ms): Min: 0.0, Avg: 0.0, Max: 0.0, Diff: 0.0, Sum: 0.0]
      [GC Worker Total (ms): Min: 5.6, Avg: 5.6, Max: 5.6, Diff: 0.0, Sum: 11.2]
      [GC Worker End (ms): Min: 1940918.0, Avg: 1940918.0, Max: 1940918.0, Diff: 0.0]
   [Code Root Fixup: 0.0 ms]
   [Code Root Purge: 0.0 ms]
   [Clear CT: 0.1 ms]
   [Other: 7.0 ms]
      [Choose CSet: 0.0 ms]
      [Ref Proc: 2.0 ms]
      [Ref Enq: 0.0 ms]
      [Redirty Cards: 0.0 ms]
      [Humongous Register: 0.0 ms]
      [Humongous Reclaim: 0.0 ms]
      [Free CSet: 4.7 ms]
   [Eden: 48.0M(48.0M)->0.0B(46.0M) Survivors: 3072.0K->5120.0K Heap: 195.8M(1024.0M)->149.8M(1024.0M)]
 [Times: user=0.01 sys=0.00, real=0.01 secs] 
2017-09-19T13:19:19.764+0900: 2037.657: [GC pause (G1 Evacuation Pause) (young), 0.0186253 secs]
   [Parallel Time: 17.9 ms, GC Workers: 2]
      [GC Worker Start (ms): Min: 2037657.5, Avg: 2037657.5, Max: 2037657.5, Diff: 0.0]
      [Ext Root Scanning (ms): Min: 0.6, Avg: 0.6, Max: 0.7, Diff: 0.1, Sum: 1.3]
      [Update RS (ms): Min: 1.8, Avg: 1.8, Max: 1.8, Diff: 0.0, Sum: 3.6]
         [Processed Buffers: Min: 13, Avg: 21.0, Max: 29, Diff: 16, Sum: 42]
      [Scan RS (ms): Min: 0.8, Avg: 0.9, Max: 1.0, Diff: 0.2, Sum: 1.8]
      [Code Root Scanning (ms): Min: 0.0, Avg: 0.0, Max: 0.0, Diff: 0.0, Sum: 0.0]
      [Object Copy (ms): Min: 14.2, Avg: 14.4, Max: 14.5, Diff: 0.3, Sum: 28.7]
      [Termination (ms): Min: 0.0, Avg: 0.1, Max: 0.1, Diff: 0.1, Sum: 0.1]
         [Termination Attempts: Min: 3, Avg: 3.5, Max: 4, Diff: 1, Sum: 7]
      [GC Worker Other (ms): Min: 0.0, Avg: 0.0, Max: 0.0, Diff: 0.0, Sum: 0.0]
      [GC Worker Total (ms): Min: 17.7, Avg: 17.8, Max: 17.8, Diff: 0.1, Sum: 35.5]
      [GC Worker End (ms): Min: 2037675.3, Avg: 2037675.3, Max: 2037675.3, Diff: 0.1]
   [Code Root Fixup: 0.0 ms]
   [Code Root Purge: 0.0 ms]
   [Clear CT: 0.1 ms]
   [Other: 0.6 ms]
      [Choose CSet: 0.0 ms]
      [Ref Proc: 0.2 ms]
      [Ref Enq: 0.0 ms]
      [Redirty Cards: 0.1 ms]
      [Humongous Register: 0.0 ms]
      [Humongous Reclaim: 0.0 ms]
      [Free CSet: 0.0 ms]
   [Eden: 46.0M(46.0M)->0.0B(44.0M) Survivors: 5120.0K->7168.0K Heap: 195.8M(1024.0M)->151.8M(1024.0M)]
 [Times: user=0.02 sys=0.00, real=0.02 secs] 
2017-09-19T13:20:52.148+0900: 2130.041: [GC pause (G1 Evacuation Pause) (young), 0.0067628 secs]
   [Parallel Time: 5.8 ms, GC Workers: 2]
      [GC Worker Start (ms): Min: 2130040.9, Avg: 2130040.9, Max: 2130040.9, Diff: 0.0]
      [Ext Root Scanning (ms): Min: 0.5, Avg: 0.5, Max: 0.5, Diff: 0.0, Sum: 1.0]
      [Update RS (ms): Min: 1.1, Avg: 1.1, Max: 1.1, Diff: 0.0, Sum: 2.2]
         [Processed Buffers: Min: 20, Avg: 20.5, Max: 21, Diff: 1, Sum: 41]
      [Scan RS (ms): Min: 0.2, Avg: 0.2, Max: 0.2, Diff: 0.0, Sum: 0.5]
      [Code Root Scanning (ms): Min: 0.0, Avg: 0.0, Max: 0.0, Diff: 0.0, Sum: 0.0]
      [Object Copy (ms): Min: 3.9, Avg: 3.9, Max: 3.9, Diff: 0.0, Sum: 7.8]
      [Termination (ms): Min: 0.0, Avg: 0.0, Max: 0.0, Diff: 0.0, Sum: 0.0]
         [Termination Attempts: Min: 1, Avg: 1.0, Max: 1, Diff: 0, Sum: 2]
      [GC Worker Other (ms): Min: 0.0, Avg: 0.0, Max: 0.0, Diff: 0.0, Sum: 0.0]
      [GC Worker Total (ms): Min: 5.7, Avg: 5.7, Max: 5.7, Diff: 0.0, Sum: 11.4]
      [GC Worker End (ms): Min: 2130046.6, Avg: 2130046.6, Max: 2130046.6, Diff: 0.0]
   [Code Root Fixup: 0.0 ms]
   [Code Root Purge: 0.0 ms]
   [Clear CT: 0.0 ms]
   [Other: 0.9 ms]
      [Choose CSet: 0.0 ms]
      [Ref Proc: 0.5 ms]
      [Ref Enq: 0.0 ms]
      [Redirty Cards: 0.1 ms]
      [Humongous Register: 0.0 ms]
      [Humongous Reclaim: 0.0 ms]
      [Free CSet: 0.0 ms]
   [Eden: 44.0M(44.0M)->0.0B(52.0M) Survivors: 7168.0K->3072.0K Heap: 195.8M(1024.0M)->150.2M(1024.0M)]
 [Times: user=0.01 sys=0.00, real=0.00 secs] 
2017-09-19T13:22:33.282+0900: 2231.176: [GC pause (G1 Evacuation Pause) (young), 0.0317261 secs]
   [Parallel Time: 30.4 ms, GC Workers: 2]
      [GC Worker Start (ms): Min: 2231176.0, Avg: 2231176.0, Max: 2231176.1, Diff: 0.1]
      [Ext Root Scanning (ms): Min: 1.7, Avg: 1.8, Max: 1.9, Diff: 0.2, Sum: 3.6]
      [Update RS (ms): Min: 8.5, Avg: 8.5, Max: 8.5, Diff: 0.0, Sum: 17.1]
         [Processed Buffers: Min: 13, Avg: 22.5, Max: 32, Diff: 19, Sum: 45]
      [Scan RS (ms): Min: 3.4, Avg: 3.5, Max: 3.6, Diff: 0.2, Sum: 7.0]
      [Code Root Scanning (ms): Min: 0.0, Avg: 0.0, Max: 0.0, Diff: 0.0, Sum: 0.0]
      [Object Copy (ms): Min: 16.1, Avg: 16.3, Max: 16.4, Diff: 0.2, Sum: 32.5]
      [Termination (ms): Min: 0.0, Avg: 0.0, Max: 0.0, Diff: 0.0, Sum: 0.0]
         [Termination Attempts: Min: 1, Avg: 1.0, Max: 1, Diff: 0, Sum: 2]
      [GC Worker Other (ms): Min: 0.0, Avg: 0.0, Max: 0.0, Diff: 0.0, Sum: 0.0]
      [GC Worker Total (ms): Min: 30.1, Avg: 30.2, Max: 30.2, Diff: 0.1, Sum: 60.3]
      [GC Worker End (ms): Min: 2231206.2, Avg: 2231206.2, Max: 2231206.2, Diff: 0.0]
   [Code Root Fixup: 0.1 ms]
   [Code Root Purge: 0.0 ms]
   [Clear CT: 0.1 ms]
   [Other: 1.1 ms]
      [Choose CSet: 0.0 ms]
      [Ref Proc: 0.3 ms]
      [Ref Enq: 0.0 ms]
      [Redirty Cards: 0.3 ms]
      [Humongous Register: 0.1 ms]
      [Humongous Reclaim: 0.0 ms]
      [Free CSet: 0.0 ms]
   [Eden: 48.0M(48.0M)->0.0B(46.0M) Survivors: 3072.0K->5120.0K Heap: 198.2M(1024.0M)->151.7M(1024.0M)]
 [Times: user=0.07 sys=0.00, real=0.03 secs] 
2017-09-19T13:24:09.874+0900: 2327.767: [GC pause (G1 Evacuation Pause) (young), 0.0490811 secs]
   [Parallel Time: 47.8 ms, GC Workers: 2]
      [GC Worker Start (ms): Min: 2327768.0, Avg: 2327768.3, Max: 2327768.6, Diff: 0.6]
      [Ext Root Scanning (ms): Min: 4.5, Avg: 5.1, Max: 5.7, Diff: 1.1, Sum: 10.2]
      [Update RS (ms): Min: 8.0, Avg: 8.6, Max: 9.2, Diff: 1.2, Sum: 17.1]
         [Processed Buffers: Min: 2, Avg: 20.5, Max: 39, Diff: 37, Sum: 41]
      [Scan RS (ms): Min: 0.5, Avg: 0.7, Max: 0.9, Diff: 0.4, Sum: 1.4]
      [Code Root Scanning (ms): Min: 0.0, Avg: 0.0, Max: 0.0, Diff: 0.0, Sum: 0.0]
      [Object Copy (ms): Min: 23.1, Avg: 23.1, Max: 23.2, Diff: 0.1, Sum: 46.3]
      [Termination (ms): Min: 0.0, Avg: 5.2, Max: 10.5, Diff: 10.5, Sum: 10.5]
         [Termination Attempts: Min: 1, Avg: 1.0, Max: 1, Diff: 0, Sum: 2]
      [GC Worker Other (ms): Min: 0.0, Avg: 0.0, Max: 0.0, Diff: 0.0, Sum: 0.0]
      [GC Worker Total (ms): Min: 38.4, Avg: 42.8, Max: 47.1, Diff: 8.7, Sum: 85.5]
      [GC Worker End (ms): Min: 2327806.5, Avg: 2327811.1, Max: 2327815.7, Diff: 9.3]
   [Code Root Fixup: 0.0 ms]
   [Code Root Purge: 0.0 ms]
   [Clear CT: 0.0 ms]
   [Other: 1.2 ms]
      [Choose CSet: 0.0 ms]
      [Ref Proc: 0.5 ms]
      [Ref Enq: 0.0 ms]
      [Redirty Cards: 0.0 ms]
      [Humongous Register: 0.2 ms]
      [Humongous Reclaim: 0.0 ms]
      [Free CSet: 0.0 ms]
   [Eden: 46.0M(46.0M)->0.0B(45.0M) Survivors: 5120.0K->6144.0K Heap: 197.7M(1024.0M)->153.9M(1024.0M)]
 [Times: user=0.04 sys=0.00, real=0.05 secs] 
2017-09-19T13:25:36.440+0900: 2414.333: [GC pause (G1 Evacuation Pause) (young), 0.0195646 secs]
   [Parallel Time: 18.7 ms, GC Workers: 2]
      [GC Worker Start (ms): Min: 2414333.4, Avg: 2414339.7, Max: 2414346.1, Diff: 12.7]
      [Ext Root Scanning (ms): Min: 0.0, Avg: 0.4, Max: 0.8, Diff: 0.8, Sum: 0.9]
      [Update RS (ms): Min: 0.0, Avg: 1.3, Max: 2.5, Diff: 2.5, Sum: 2.5]
         [Processed Buffers: Min: 0, Avg: 21.5, Max: 43, Diff: 43, Sum: 43]
      [Scan RS (ms): Min: 0.0, Avg: 0.4, Max: 0.7, Diff: 0.7, Sum: 0.7]
      [Code Root Scanning (ms): Min: 0.0, Avg: 0.0, Max: 0.0, Diff: 0.0, Sum: 0.0]
      [Object Copy (ms): Min: 6.0, Avg: 10.3, Max: 14.6, Diff: 8.6, Sum: 20.5]
      [Termination (ms): Min: 0.0, Avg: 0.0, Max: 0.0, Diff: 0.0, Sum: 0.0]
         [Termination Attempts: Min: 1, Avg: 1.0, Max: 1, Diff: 0, Sum: 2]
      [GC Worker Other (ms): Min: 0.0, Avg: 0.0, Max: 0.0, Diff: 0.0, Sum: 0.0]
      [GC Worker Total (ms): Min: 6.0, Avg: 12.3, Max: 18.7, Diff: 12.7, Sum: 24.6]
      [GC Worker End (ms): Min: 2414352.1, Avg: 2414352.1, Max: 2414352.1, Diff: 0.0]
   [Code Root Fixup: 0.0 ms]
   [Code Root Purge: 0.0 ms]
   [Clear CT: 0.1 ms]
   [Other: 0.8 ms]
      [Choose CSet: 0.0 ms]
      [Ref Proc: 0.3 ms]
      [Ref Enq: 0.0 ms]
      [Redirty Cards: 0.2 ms]
      [Humongous Register: 0.0 ms]
      [Humongous Reclaim: 0.0 ms]
      [Free CSet: 0.0 ms]
   [Eden: 45.0M(45.0M)->0.0B(48.0M) Survivors: 6144.0K->3072.0K Heap: 198.9M(1024.0M)->152.2M(1024.0M)]
 [Times: user=0.02 sys=0.00, real=0.02 secs] 
2017-09-19T13:27:19.676+0900: 2517.570: [GC pause (G1 Evacuation Pause) (young), 0.0191517 secs]
   [Parallel Time: 18.1 ms, GC Workers: 2]
      [GC Worker Start (ms): Min: 2517569.8, Avg: 2517569.9, Max: 2517569.9, Diff: 0.1]
      [Ext Root Scanning (ms): Min: 1.2, Avg: 1.2, Max: 1.3, Diff: 0.1, Sum: 2.5]
      [Update RS (ms): Min: 5.7, Avg: 5.9, Max: 6.1, Diff: 0.4, Sum: 11.9]
         [Processed Buffers: Min: 16, Avg: 21.5, Max: 27, Diff: 11, Sum: 43]
      [Scan RS (ms): Min: 1.4, Avg: 1.6, Max: 1.8, Diff: 0.4, Sum: 3.2]
      [Code Root Scanning (ms): Min: 0.0, Avg: 0.0, Max: 0.1, Diff: 0.1, Sum: 0.1]
      [Object Copy (ms): Min: 9.1, Avg: 9.2, Max: 9.2, Diff: 0.1, Sum: 18.3]
      [Termination (ms): Min: 0.0, Avg: 0.0, Max: 0.0, Diff: 0.0, Sum: 0.0]
         [Termination Attempts: Min: 1, Avg: 1.5, Max: 2, Diff: 1, Sum: 3]
      [GC Worker Other (ms): Min: 0.0, Avg: 0.0, Max: 0.0, Diff: 0.0, Sum: 0.0]
      [GC Worker Total (ms): Min: 17.9, Avg: 18.0, Max: 18.0, Diff: 0.1, Sum: 35.9]
      [GC Worker End (ms): Min: 2517587.8, Avg: 2517587.8, Max: 2517587.8, Diff: 0.0]
   [Code Root Fixup: 0.0 ms]
   [Code Root Purge: 0.0 ms]
   [Clear CT: 0.1 ms]
   [Other: 0.9 ms]
      [Choose CSet: 0.0 ms]
      [Ref Proc: 0.2 ms]
      [Ref Enq: 0.0 ms]
      [Redirty Cards: 0.2 ms]
      [Humongous Register: 0.1 ms]
      [Humongous Reclaim: 0.0 ms]
      [Free CSet: 0.0 ms]
   [Eden: 48.0M(48.0M)->0.0B(45.0M) Survivors: 3072.0K->6144.0K Heap: 200.2M(1024.0M)->154.7M(1024.0M)]
 [Times: user=0.04 sys=0.00, real=0.02 secs] 
2017-09-19T13:28:51.440+0900: 2609.333: [GC pause (G1 Evacuation Pause) (young), 0.0124152 secs]
   [Parallel Time: 11.1 ms, GC Workers: 2]
      [GC Worker Start (ms): Min: 2609333.3, Avg: 2609333.4, Max: 2609333.4, Diff: 0.1]
      [Ext Root Scanning (ms): Min: 0.9, Avg: 1.0, Max: 1.0, Diff: 0.1, Sum: 2.0]
      [Update RS (ms): Min: 2.7, Avg: 2.7, Max: 2.8, Diff: 0.1, Sum: 5.5]
         [Processed Buffers: Min: 12, Avg: 20.0, Max: 28, Diff: 16, Sum: 40]
      [Scan RS (ms): Min: 0.8, Avg: 0.8, Max: 0.9, Diff: 0.1, Sum: 1.7]
      [Code Root Scanning (ms): Min: 0.0, Avg: 0.0, Max: 0.0, Diff: 0.0, Sum: 0.0]
      [Object Copy (ms): Min: 6.4, Avg: 6.4, Max: 6.5, Diff: 0.0, Sum: 12.9]
      [Termination (ms): Min: 0.0, Avg: 0.0, Max: 0.0, Diff: 0.0, Sum: 0.0]
         [Termination Attempts: Min: 1, Avg: 1.0, Max: 1, Diff: 0, Sum: 2]
      [GC Worker Other (ms): Min: 0.0, Avg: 0.0, Max: 0.0, Diff: 0.0, Sum: 0.0]
      [GC Worker Total (ms): Min: 11.0, Avg: 11.0, Max: 11.1, Diff: 0.1, Sum: 22.1]
      [GC Worker End (ms): Min: 2609344.4, Avg: 2609344.4, Max: 2609344.4, Diff: 0.0]
   [Code Root Fixup: 0.1 ms]
   [Code Root Purge: 0.0 ms]
   [Clear CT: 0.2 ms]
   [Other: 1.1 ms]
      [Choose CSet: 0.0 ms]
      [Ref Proc: 0.3 ms]
      [Ref Enq: 0.0 ms]
      [Redirty Cards: 0.3 ms]
      [Humongous Register: 0.1 ms]
      [Humongous Reclaim: 0.0 ms]
      [Free CSet: 0.0 ms]
   [Eden: 45.0M(45.0M)->0.0B(48.0M) Survivors: 6144.0K->3072.0K Heap: 199.7M(1024.0M)->153.0M(1024.0M)]
 [Times: user=0.02 sys=0.00, real=0.01 secs] 
2017-09-19T13:30:28.193+0900: 2706.086: [GC pause (G1 Evacuation Pause) (young), 0.0260575 secs]
   [Parallel Time: 23.7 ms, GC Workers: 2]
      [GC Worker Start (ms): Min: 2706085.9, Avg: 2706085.9, Max: 2706085.9, Diff: 0.1]
      [Ext Root Scanning (ms): Min: 0.5, Avg: 0.5, Max: 0.5, Diff: 0.1, Sum: 1.0]
      [Update RS (ms): Min: 1.5, Avg: 1.5, Max: 1.5, Diff: 0.0, Sum: 2.9]
         [Processed Buffers: Min: 18, Avg: 20.0, Max: 22, Diff: 4, Sum: 40]
      [Scan RS (ms): Min: 0.5, Avg: 0.5, Max: 0.5, Diff: 0.0, Sum: 1.1]
      [Code Root Scanning (ms): Min: 0.0, Avg: 0.0, Max: 0.0, Diff: 0.0, Sum: 0.0]
      [Object Copy (ms): Min: 21.2, Avg: 21.2, Max: 21.2, Diff: 0.0, Sum: 42.3]
      [Termination (ms): Min: 0.0, Avg: 0.0, Max: 0.0, Diff: 0.0, Sum: 0.0]
         [Termination Attempts: Min: 1, Avg: 1.0, Max: 1, Diff: 0, Sum: 2]
      [GC Worker Other (ms): Min: 0.0, Avg: 0.0, Max: 0.0, Diff: 0.0, Sum: 0.0]
      [GC Worker Total (ms): Min: 23.7, Avg: 23.7, Max: 23.7, Diff: 0.0, Sum: 47.4]
      [GC Worker End (ms): Min: 2706109.6, Avg: 2706109.6, Max: 2706109.6, Diff: 0.0]
   [Code Root Fixup: 0.0 ms]
   [Code Root Purge: 0.0 ms]
   [Clear CT: 0.1 ms]
   [Other: 2.2 ms]
      [Choose CSet: 0.0 ms]
      [Ref Proc: 1.8 ms]
      [Ref Enq: 0.0 ms]
      [Redirty Cards: 0.1 ms]
      [Humongous Register: 0.0 ms]
      [Humongous Reclaim: 0.0 ms]
      [Free CSet: 0.0 ms]
   [Eden: 48.0M(48.0M)->0.0B(47.0M) Survivors: 3072.0K->4096.0K Heap: 201.0M(1024.0M)->154.5M(1024.0M)]
 [Times: user=0.03 sys=0.01, real=0.03 secs] 
2017-09-19T13:31:58.922+0900: 2796.815: [GC pause (G1 Evacuation Pause) (young), 0.0067118 secs]
   [Parallel Time: 5.3 ms, GC Workers: 2]
      [GC Worker Start (ms): Min: 2796815.0, Avg: 2796815.0, Max: 2796815.0, Diff: 0.0]
      [Ext Root Scanning (ms): Min: 0.5, Avg: 0.6, Max: 0.6, Diff: 0.1, Sum: 1.1]
      [Update RS (ms): Min: 1.1, Avg: 1.2, Max: 1.2, Diff: 0.1, Sum: 2.3]
         [Processed Buffers: Min: 20, Avg: 20.5, Max: 21, Diff: 1, Sum: 41]
      [Scan RS (ms): Min: 0.2, Avg: 0.3, Max: 0.3, Diff: 0.1, Sum: 0.5]
      [Code Root Scanning (ms): Min: 0.0, Avg: 0.0, Max: 0.0, Diff: 0.0, Sum: 0.0]
      [Object Copy (ms): Min: 2.6, Avg: 2.7, Max: 2.7, Diff: 0.0, Sum: 5.3]
      [Termination (ms): Min: 0.0, Avg: 0.0, Max: 0.0, Diff: 0.0, Sum: 0.0]
         [Termination Attempts: Min: 1, Avg: 1.0, Max: 1, Diff: 0, Sum: 2]
      [GC Worker Other (ms): Min: 0.0, Avg: 0.0, Max: 0.0, Diff: 0.0, Sum: 0.0]
      [GC Worker Total (ms): Min: 4.6, Avg: 4.6, Max: 4.7, Diff: 0.0, Sum: 9.3]
      [GC Worker End (ms): Min: 2796819.6, Avg: 2796819.6, Max: 2796819.6, Diff: 0.0]
   [Code Root Fixup: 0.0 ms]
   [Code Root Purge: 0.0 ms]
   [Clear CT: 0.1 ms]
   [Other: 1.3 ms]
      [Choose CSet: 0.0 ms]
      [Ref Proc: 0.7 ms]
      [Ref Enq: 0.0 ms]
      [Redirty Cards: 0.0 ms]
      [Humongous Register: 0.1 ms]
      [Humongous Reclaim: 0.0 ms]
      [Free CSet: 0.0 ms]
   [Eden: 47.0M(47.0M)->0.0B(47.0M) Survivors: 4096.0K->4096.0K Heap: 201.5M(1024.0M)->154.0M(1024.0M)]
 [Times: user=0.01 sys=0.00, real=0.01 secs] 
2017-09-19T13:33:31.248+0900: 2889.141: [GC pause (G1 Evacuation Pause) (young), 0.0073225 secs]
   [Parallel Time: 6.7 ms, GC Workers: 2]
      [GC Worker Start (ms): Min: 2889141.3, Avg: 2889141.4, Max: 2889141.4, Diff: 0.1]
      [Ext Root Scanning (ms): Min: 0.5, Avg: 0.5, Max: 0.5, Diff: 0.1, Sum: 1.0]
      [Update RS (ms): Min: 1.2, Avg: 1.2, Max: 1.3, Diff: 0.0, Sum: 2.5]
         [Processed Buffers: Min: 17, Avg: 20.0, Max: 23, Diff: 6, Sum: 40]
      [Scan RS (ms): Min: 0.2, Avg: 0.3, Max: 0.3, Diff: 0.0, Sum: 0.5]
      [Code Root Scanning (ms): Min: 0.0, Avg: 0.0, Max: 0.0, Diff: 0.0, Sum: 0.0]
      [Object Copy (ms): Min: 4.6, Avg: 4.6, Max: 4.6, Diff: 0.0, Sum: 9.2]
      [Termination (ms): Min: 0.0, Avg: 0.0, Max: 0.0, Diff: 0.0, Sum: 0.0]
         [Termination Attempts: Min: 1, Avg: 2.0, Max: 3, Diff: 2, Sum: 4]
      [GC Worker Other (ms): Min: 0.0, Avg: 0.0, Max: 0.0, Diff: 0.0, Sum: 0.0]
      [GC Worker Total (ms): Min: 6.6, Avg: 6.6, Max: 6.7, Diff: 0.1, Sum: 13.3]
      [GC Worker End (ms): Min: 2889148.0, Avg: 2889148.0, Max: 2889148.0, Diff: 0.0]
   [Code Root Fixup: 0.0 ms]
   [Code Root Purge: 0.0 ms]
   [Clear CT: 0.1 ms]
   [Other: 0.5 ms]
      [Choose CSet: 0.0 ms]
      [Ref Proc: 0.1 ms]
      [Ref Enq: 0.0 ms]
      [Redirty Cards: 0.2 ms]
      [Humongous Register: 0.0 ms]
      [Humongous Reclaim: 0.0 ms]
      [Free CSet: 0.0 ms]
   [Eden: 47.0M(47.0M)->0.0B(61.0M) Survivors: 4096.0K->6144.0K Heap: 201.0M(1024.0M)->156.0M(1024.0M)]
 [Times: user=0.02 sys=0.00, real=0.01 secs] 
2017-09-19T13:35:30.112+0900: 3008.005: [GC pause (G1 Evacuation Pause) (young), 0.0121366 secs]
   [Parallel Time: 11.6 ms, GC Workers: 2]
      [GC Worker Start (ms): Min: 3008005.3, Avg: 3008005.3, Max: 3008005.3, Diff: 0.0]
      [Ext Root Scanning (ms): Min: 0.5, Avg: 0.5, Max: 0.5, Diff: 0.1, Sum: 1.0]
      [Update RS (ms): Min: 1.2, Avg: 1.2, Max: 1.2, Diff: 0.0, Sum: 2.4]
         [Processed Buffers: Min: 15, Avg: 21.0, Max: 27, Diff: 12, Sum: 42]
      [Scan RS (ms): Min: 0.2, Avg: 0.2, Max: 0.2, Diff: 0.0, Sum: 0.4]
      [Code Root Scanning (ms): Min: 0.0, Avg: 0.0, Max: 0.0, Diff: 0.0, Sum: 0.0]
      [Object Copy (ms): Min: 6.1, Avg: 7.5, Max: 9.0, Diff: 3.0, Sum: 15.1]
      [Termination (ms): Min: 0.0, Avg: 1.5, Max: 3.0, Diff: 3.0, Sum: 3.0]
         [Termination Attempts: Min: 1, Avg: 1.0, Max: 1, Diff: 0, Sum: 2]
      [GC Worker Other (ms): Min: 0.0, Avg: 0.0, Max: 0.0, Diff: 0.0, Sum: 0.0]
      [GC Worker Total (ms): Min: 10.9, Avg: 11.0, Max: 11.0, Diff: 0.1, Sum: 22.0]
      [GC Worker End (ms): Min: 3008016.2, Avg: 3008016.3, Max: 3008016.3, Diff: 0.1]
   [Code Root Fixup: 0.0 ms]
   [Code Root Purge: 0.0 ms]
   [Clear CT: 0.0 ms]
   [Other: 0.5 ms]
      [Choose CSet: 0.0 ms]
      [Ref Proc: 0.1 ms]
      [Ref Enq: 0.0 ms]
      [Redirty Cards: 0.0 ms]
      [Humongous Register: 0.0 ms]
      [Humongous Reclaim: 0.0 ms]
      [Free CSet: 0.0 ms]
   [Eden: 61.0M(61.0M)->0.0B(85.0M) Survivors: 6144.0K->5120.0K Heap: 217.0M(1024.0M)->155.5M(1024.0M)]
 [Times: user=0.01 sys=0.01, real=0.01 secs] 
2017-09-19T13:38:16.785+0900: 3174.678: [GC pause (G1 Evacuation Pause) (young), 0.0337526 secs]
   [Parallel Time: 32.6 ms, GC Workers: 2]
      [GC Worker Start (ms): Min: 3174678.8, Avg: 3174678.9, Max: 3174678.9, Diff: 0.2]
      [Ext Root Scanning (ms): Min: 1.7, Avg: 1.8, Max: 1.9, Diff: 0.2, Sum: 3.5]
      [Update RS (ms): Min: 6.3, Avg: 6.3, Max: 6.3, Diff: 0.0, Sum: 12.7]
         [Processed Buffers: Min: 10, Avg: 22.0, Max: 34, Diff: 24, Sum: 44]
      [Scan RS (ms): Min: 0.3, Avg: 0.3, Max: 0.3, Diff: 0.0, Sum: 0.6]
      [Code Root Scanning (ms): Min: 0.0, Avg: 0.0, Max: 0.1, Diff: 0.0, Sum: 0.1]
      [Object Copy (ms): Min: 24.0, Avg: 24.0, Max: 24.0, Diff: 0.0, Sum: 48.1]
      [Termination (ms): Min: 0.0, Avg: 0.0, Max: 0.0, Diff: 0.0, Sum: 0.0]
         [Termination Attempts: Min: 1, Avg: 1.0, Max: 1, Diff: 0, Sum: 2]
      [GC Worker Other (ms): Min: 0.0, Avg: 0.0, Max: 0.0, Diff: 0.0, Sum: 0.0]
      [GC Worker Total (ms): Min: 32.4, Avg: 32.5, Max: 32.6, Diff: 0.2, Sum: 64.9]
      [GC Worker End (ms): Min: 3174711.3, Avg: 3174711.3, Max: 3174711.3, Diff: 0.0]
   [Code Root Fixup: 0.1 ms]
   [Code Root Purge: 0.0 ms]
   [Clear CT: 0.1 ms]
   [Other: 1.0 ms]
      [Choose CSet: 0.0 ms]
      [Ref Proc: 0.2 ms]
      [Ref Enq: 0.0 ms]
      [Redirty Cards: 0.1 ms]
      [Humongous Register: 0.1 ms]
      [Humongous Reclaim: 0.0 ms]
      [Free CSet: 0.0 ms]
   [Eden: 85.0M(85.0M)->0.0B(44.0M) Survivors: 5120.0K->7168.0K Heap: 240.5M(1024.0M)->157.0M(1024.0M)]
 [Times: user=0.04 sys=0.03, real=0.04 secs] 
2017-09-19T13:39:42.617+0900: 3260.510: [GC pause (G1 Evacuation Pause) (young), 0.0380332 secs]
   [Parallel Time: 30.3 ms, GC Workers: 2]
      [GC Worker Start (ms): Min: 3260510.5, Avg: 3260510.5, Max: 3260510.5, Diff: 0.0]
      [Ext Root Scanning (ms): Min: 0.6, Avg: 0.7, Max: 0.7, Diff: 0.1, Sum: 1.4]
      [Update RS (ms): Min: 1.4, Avg: 1.4, Max: 1.4, Diff: 0.0, Sum: 2.8]
         [Processed Buffers: Min: 18, Avg: 20.0, Max: 22, Diff: 4, Sum: 40]
      [Scan RS (ms): Min: 0.5, Avg: 0.5, Max: 0.5, Diff: 0.0, Sum: 1.0]
      [Code Root Scanning (ms): Min: 0.0, Avg: 0.0, Max: 0.0, Diff: 0.0, Sum: 0.0]
      [Object Copy (ms): Min: 26.9, Avg: 27.2, Max: 27.5, Diff: 0.6, Sum: 54.4]
      [Termination (ms): Min: 0.0, Avg: 0.4, Max: 0.7, Diff: 0.7, Sum: 0.7]
         [Termination Attempts: Min: 1, Avg: 1.0, Max: 1, Diff: 0, Sum: 2]
      [GC Worker Other (ms): Min: 0.0, Avg: 0.0, Max: 0.0, Diff: 0.0, Sum: 0.0]
      [GC Worker Total (ms): Min: 30.1, Avg: 30.2, Max: 30.2, Diff: 0.1, Sum: 60.3]
      [GC Worker End (ms): Min: 3260540.6, Avg: 3260540.7, Max: 3260540.8, Diff: 0.1]
   [Code Root Fixup: 0.0 ms]
   [Code Root Purge: 0.0 ms]
   [Clear CT: 0.1 ms]
   [Other: 7.6 ms]
      [Choose CSet: 0.0 ms]
      [Ref Proc: 6.9 ms]
      [Ref Enq: 0.0 ms]
      [Redirty Cards: 0.0 ms]
      [Humongous Register: 0.3 ms]
      [Humongous Reclaim: 0.0 ms]
      [Free CSet: 0.0 ms]
   [Eden: 44.0M(44.0M)->0.0B(44.0M) Survivors: 7168.0K->7168.0K Heap: 201.0M(1024.0M)->159.0M(1024.0M)]
 [Times: user=0.04 sys=0.00, real=0.03 secs] 
2017-09-19T13:41:07.555+0900: 3345.448: [GC pause (G1 Evacuation Pause) (young), 0.0168511 secs]
   [Parallel Time: 15.7 ms, GC Workers: 2]
      [GC Worker Start (ms): Min: 3345447.9, Avg: 3345448.3, Max: 3345448.7, Diff: 0.8]
      [Ext Root Scanning (ms): Min: 0.4, Avg: 0.8, Max: 1.2, Diff: 0.8, Sum: 1.6]
      [Update RS (ms): Min: 2.8, Avg: 2.9, Max: 2.9, Diff: 0.0, Sum: 5.7]
         [Processed Buffers: Min: 6, Avg: 21.0, Max: 36, Diff: 30, Sum: 42]
      [Scan RS (ms): Min: 1.6, Avg: 1.6, Max: 1.6, Diff: 0.1, Sum: 3.2]
      [Code Root Scanning (ms): Min: 0.0, Avg: 0.0, Max: 0.0, Diff: 0.0, Sum: 0.0]
      [Object Copy (ms): Min: 10.0, Avg: 10.0, Max: 10.0, Diff: 0.0, Sum: 20.1]
      [Termination (ms): Min: 0.0, Avg: 0.0, Max: 0.0, Diff: 0.0, Sum: 0.0]
         [Termination Attempts: Min: 1, Avg: 2.0, Max: 3, Diff: 2, Sum: 4]
      [GC Worker Other (ms): Min: 0.0, Avg: 0.0, Max: 0.0, Diff: 0.0, Sum: 0.0]
      [GC Worker Total (ms): Min: 14.9, Avg: 15.3, Max: 15.7, Diff: 0.8, Sum: 30.6]
      [GC Worker End (ms): Min: 3345463.6, Avg: 3345463.6, Max: 3345463.6, Diff: 0.0]
   [Code Root Fixup: 0.1 ms]
   [Code Root Purge: 0.0 ms]
   [Clear CT: 0.1 ms]
   [Other: 0.9 ms]
      [Choose CSet: 0.0 ms]
      [Ref Proc: 0.3 ms]
      [Ref Enq: 0.0 ms]
      [Redirty Cards: 0.3 ms]
      [Humongous Register: 0.1 ms]
      [Humongous Reclaim: 0.0 ms]
      [Free CSet: 0.0 ms]
   [Eden: 44.0M(44.0M)->0.0B(48.0M) Survivors: 7168.0K->3072.0K Heap: 203.0M(1024.0M)->159.0M(1024.0M)]
 [Times: user=0.04 sys=0.00, real=0.02 secs] 
2017-09-19T13:42:40.515+0900: 3438.408: [GC pause (G1 Evacuation Pause) (young), 0.0082119 secs]
   [Parallel Time: 7.7 ms, GC Workers: 2]
      [GC Worker Start (ms): Min: 3438407.8, Avg: 3438407.9, Max: 3438408.1, Diff: 0.4]
      [Ext Root Scanning (ms): Min: 0.4, Avg: 0.6, Max: 0.8, Diff: 0.4, Sum: 1.2]
      [Update RS (ms): Min: 1.6, Avg: 1.6, Max: 1.7, Diff: 0.1, Sum: 3.2]
         [Processed Buffers: Min: 7, Avg: 19.0, Max: 31, Diff: 24, Sum: 38]
      [Scan RS (ms): Min: 0.5, Avg: 0.5, Max: 0.6, Diff: 0.1, Sum: 1.1]
      [Code Root Scanning (ms): Min: 0.0, Avg: 0.0, Max: 0.0, Diff: 0.0, Sum: 0.0]
      [Object Copy (ms): Min: 4.7, Avg: 4.7, Max: 4.7, Diff: 0.0, Sum: 9.4]
      [Termination (ms): Min: 0.0, Avg: 0.0, Max: 0.0, Diff: 0.0, Sum: 0.0]
         [Termination Attempts: Min: 3, Avg: 3.5, Max: 4, Diff: 1, Sum: 7]
      [GC Worker Other (ms): Min: 0.0, Avg: 0.0, Max: 0.0, Diff: 0.0, Sum: 0.0]
      [GC Worker Total (ms): Min: 7.3, Avg: 7.5, Max: 7.6, Diff: 0.4, Sum: 14.9]
      [GC Worker End (ms): Min: 3438415.4, Avg: 3438415.4, Max: 3438415.4, Diff: 0.0]
   [Code Root Fixup: 0.0 ms]
   [Code Root Purge: 0.0 ms]
   [Clear CT: 0.1 ms]
   [Other: 0.4 ms]
      [Choose CSet: 0.0 ms]
      [Ref Proc: 0.1 ms]
      [Ref Enq: 0.0 ms]
      [Redirty Cards: 0.1 ms]
      [Humongous Register: 0.0 ms]
      [Humongous Reclaim: 0.0 ms]
      [Free CSet: 0.0 ms]
   [Eden: 48.0M(48.0M)->0.0B(45.0M) Survivors: 3072.0K->6144.0K Heap: 207.0M(1024.0M)->161.5M(1024.0M)]
 [Times: user=0.01 sys=0.00, real=0.01 secs] 
2017-09-19T13:44:07.594+0900: 3525.487: [GC pause (G1 Evacuation Pause) (young), 0.0080868 secs]
   [Parallel Time: 7.2 ms, GC Workers: 2]
      [GC Worker Start (ms): Min: 3525486.9, Avg: 3525487.0, Max: 3525487.0, Diff: 0.1]
      [Ext Root Scanning (ms): Min: 0.8, Avg: 0.9, Max: 1.1, Diff: 0.3, Sum: 1.9]
      [Update RS (ms): Min: 1.5, Avg: 1.7, Max: 1.9, Diff: 0.4, Sum: 3.4]
         [Processed Buffers: Min: 14, Avg: 20.0, Max: 26, Diff: 12, Sum: 40]
      [Scan RS (ms): Min: 0.0, Avg: 0.0, Max: 0.0, Diff: 0.0, Sum: 0.0]
      [Code Root Scanning (ms): Min: 0.0, Avg: 0.0, Max: 0.0, Diff: 0.0, Sum: 0.0]
      [Object Copy (ms): Min: 4.4, Avg: 4.4, Max: 4.5, Diff: 0.1, Sum: 8.9]
      [Termination (ms): Min: 0.0, Avg: 0.0, Max: 0.0, Diff: 0.0, Sum: 0.0]
         [Termination Attempts: Min: 1, Avg: 1.0, Max: 1, Diff: 0, Sum: 2]
      [GC Worker Other (ms): Min: 0.0, Avg: 0.0, Max: 0.0, Diff: 0.0, Sum: 0.0]
      [GC Worker Total (ms): Min: 7.0, Avg: 7.1, Max: 7.1, Diff: 0.1, Sum: 14.1]
      [GC Worker End (ms): Min: 3525494.0, Avg: 3525494.0, Max: 3525494.0, Diff: 0.0]
   [Code Root Fixup: 0.0 ms]
   [Code Root Purge: 0.0 ms]
   [Clear CT: 0.1 ms]
   [Other: 0.8 ms]
      [Choose CSet: 0.0 ms]
      [Ref Proc: 0.2 ms]
      [Ref Enq: 0.0 ms]
      [Redirty Cards: 0.2 ms]
      [Humongous Register: 0.1 ms]
      [Humongous Reclaim: 0.0 ms]
      [Free CSet: 0.0 ms]
   [Eden: 45.0M(45.0M)->0.0B(97.0M) Survivors: 6144.0K->3072.0K Heap: 206.5M(1024.0M)->160.6M(1024.0M)]
 [Times: user=0.01 sys=0.00, real=0.01 secs] 
2017-09-19T13:46:31.642+0900: 3669.535: [GC pause (G1 Evacuation Pause) (young), 0.0454612 secs]
   [Parallel Time: 44.6 ms, GC Workers: 2]
      [GC Worker Start (ms): Min: 3669535.5, Avg: 3669536.5, Max: 3669537.4, Diff: 1.9]
      [Ext Root Scanning (ms): Min: 0.0, Avg: 0.7, Max: 1.4, Diff: 1.4, Sum: 1.5]
      [Update RS (ms): Min: 8.1, Avg: 8.8, Max: 9.6, Diff: 1.5, Sum: 17.7]
         [Processed Buffers: Min: 7, Avg: 23.0, Max: 39, Diff: 32, Sum: 46]
      [Scan RS (ms): Min: 1.1, Avg: 2.6, Max: 4.1, Diff: 3.1, Sum: 5.2]
      [Code Root Scanning (ms): Min: 0.0, Avg: 0.0, Max: 0.0, Diff: 0.0, Sum: 0.0]
      [Object Copy (ms): Min: 25.7, Avg: 26.6, Max: 27.4, Diff: 1.7, Sum: 53.2]
      [Termination (ms): Min: 0.0, Avg: 3.1, Max: 6.1, Diff: 6.1, Sum: 6.2]
         [Termination Attempts: Min: 1, Avg: 1.0, Max: 1, Diff: 0, Sum: 2]
      [GC Worker Other (ms): Min: 0.0, Avg: 0.0, Max: 0.0, Diff: 0.0, Sum: 0.0]
      [GC Worker Total (ms): Min: 41.2, Avg: 41.9, Max: 42.6, Diff: 1.4, Sum: 83.7]
      [GC Worker End (ms): Min: 3669576.7, Avg: 3669578.4, Max: 3669580.0, Diff: 3.3]
   [Code Root Fixup: 0.0 ms]
   [Code Root Purge: 0.0 ms]
   [Clear CT: 0.0 ms]
   [Other: 0.8 ms]
      [Choose CSet: 0.0 ms]
      [Ref Proc: 0.4 ms]
      [Ref Enq: 0.0 ms]
      [Redirty Cards: 0.0 ms]
      [Humongous Register: 0.1 ms]
      [Humongous Reclaim: 0.0 ms]
      [Free CSet: 0.1 ms]
   [Eden: 77.0M(77.0M)->0.0B(46.0M) Survivors: 3072.0K->5120.0K Heap: 237.6M(1024.0M)->162.6M(1024.0M)]
 [Times: user=0.04 sys=0.01, real=0.05 secs] 
2017-09-19T13:48:00.557+0900: 3758.450: [GC pause (G1 Evacuation Pause) (young), 0.0225832 secs]
   [Parallel Time: 7.8 ms, GC Workers: 2]
      [GC Worker Start (ms): Min: 3758449.9, Avg: 3758450.0, Max: 3758450.0, Diff: 0.0]
      [Ext Root Scanning (ms): Min: 0.5, Avg: 0.5, Max: 0.5, Diff: 0.1, Sum: 1.0]
      [Update RS (ms): Min: 1.0, Avg: 1.0, Max: 1.0, Diff: 0.0, Sum: 1.9]
         [Processed Buffers: Min: 19, Avg: 21.5, Max: 24, Diff: 5, Sum: 43]
      [Scan RS (ms): Min: 0.2, Avg: 0.2, Max: 0.2, Diff: 0.0, Sum: 0.5]
      [Code Root Scanning (ms): Min: 0.0, Avg: 0.0, Max: 0.0, Diff: 0.0, Sum: 0.0]
      [Object Copy (ms): Min: 6.1, Avg: 6.1, Max: 6.1, Diff: 0.0, Sum: 12.2]
      [Termination (ms): Min: 0.0, Avg: 0.0, Max: 0.0, Diff: 0.0, Sum: 0.0]
         [Termination Attempts: Min: 1, Avg: 1.0, Max: 1, Diff: 0, Sum: 2]
      [GC Worker Other (ms): Min: 0.0, Avg: 0.0, Max: 0.0, Diff: 0.0, Sum: 0.0]
      [GC Worker Total (ms): Min: 7.8, Avg: 7.8, Max: 7.8, Diff: 0.0, Sum: 15.6]
      [GC Worker End (ms): Min: 3758457.8, Avg: 3758457.8, Max: 3758457.8, Diff: 0.0]
   [Code Root Fixup: 0.0 ms]
   [Code Root Purge: 0.0 ms]
   [Clear CT: 5.2 ms]
   [Other: 9.5 ms]
      [Choose CSet: 0.0 ms]
      [Ref Proc: 0.4 ms]
      [Ref Enq: 0.0 ms]
      [Redirty Cards: 8.5 ms]
      [Humongous Register: 0.0 ms]
      [Humongous Reclaim: 0.1 ms]
      [Free CSet: 0.1 ms]
   [Eden: 46.0M(46.0M)->0.0B(45.0M) Survivors: 5120.0K->6144.0K Heap: 208.6M(1024.0M)->164.4M(1024.0M)]
 [Times: user=0.01 sys=0.01, real=0.02 secs] 
2017-09-19T13:49:27.061+0900: 3844.954: [GC pause (G1 Evacuation Pause) (young), 0.0152668 secs]
   [Parallel Time: 13.0 ms, GC Workers: 2]
      [GC Worker Start (ms): Min: 3844953.9, Avg: 3844955.4, Max: 3844956.9, Diff: 3.0]
      [Ext Root Scanning (ms): Min: 0.0, Avg: 1.0, Max: 2.1, Diff: 2.0, Sum: 2.1]
      [Update RS (ms): Min: 1.4, Avg: 1.9, Max: 2.3, Diff: 0.9, Sum: 3.8]
         [Processed Buffers: Min: 11, Avg: 21.0, Max: 31, Diff: 20, Sum: 42]
      [Scan RS (ms): Min: 0.8, Avg: 0.8, Max: 0.8, Diff: 0.0, Sum: 1.6]
      [Code Root Scanning (ms): Min: 0.0, Avg: 0.0, Max: 0.0, Diff: 0.0, Sum: 0.0]
      [Object Copy (ms): Min: 5.6, Avg: 5.7, Max: 5.7, Diff: 0.1, Sum: 11.3]
      [Termination (ms): Min: 0.0, Avg: 0.0, Max: 0.0, Diff: 0.0, Sum: 0.0]
         [Termination Attempts: Min: 1, Avg: 1.0, Max: 1, Diff: 0, Sum: 2]
      [GC Worker Other (ms): Min: 0.0, Avg: 0.0, Max: 0.0, Diff: 0.0, Sum: 0.0]
      [GC Worker Total (ms): Min: 7.9, Avg: 9.4, Max: 10.9, Diff: 3.0, Sum: 18.8]
      [GC Worker End (ms): Min: 3844964.8, Avg: 3844964.8, Max: 3844964.8, Diff: 0.0]
   [Code Root Fixup: 0.0 ms]
   [Code Root Purge: 0.0 ms]
   [Clear CT: 0.0 ms]
   [Other: 2.2 ms]
      [Choose CSet: 0.0 ms]
      [Ref Proc: 1.5 ms]
      [Ref Enq: 0.0 ms]
      [Redirty Cards: 0.0 ms]
      [Humongous Register: 0.2 ms]
      [Humongous Reclaim: 0.0 ms]
      [Free CSet: 0.0 ms]
   [Eden: 45.0M(45.0M)->0.0B(48.0M) Survivors: 6144.0K->3072.0K Heap: 209.4M(1024.0M)->163.8M(1024.0M)]
 [Times: user=0.02 sys=0.00, real=0.02 secs] 
2017-09-19T13:51:01.605+0900: 3939.498: [GC pause (G1 Evacuation Pause) (young), 0.0084556 secs]
   [Parallel Time: 7.7 ms, GC Workers: 2]
      [GC Worker Start (ms): Min: 3939497.8, Avg: 3939497.8, Max: 3939497.8, Diff: 0.1]
      [Ext Root Scanning (ms): Min: 0.8, Avg: 0.9, Max: 1.0, Diff: 0.2, Sum: 1.8]
      [Update RS (ms): Min: 2.2, Avg: 2.2, Max: 2.3, Diff: 0.0, Sum: 4.5]
         [Processed Buffers: Min: 15, Avg: 22.0, Max: 29, Diff: 14, Sum: 44]
      [Scan RS (ms): Min: 0.2, Avg: 0.2, Max: 0.2, Diff: 0.1, Sum: 0.4]
      [Code Root Scanning (ms): Min: 0.0, Avg: 0.0, Max: 0.0, Diff: 0.0, Sum: 0.0]
      [Object Copy (ms): Min: 4.2, Avg: 4.3, Max: 4.4, Diff: 0.1, Sum: 8.6]
      [Termination (ms): Min: 0.0, Avg: 0.0, Max: 0.0, Diff: 0.0, Sum: 0.0]
         [Termination Attempts: Min: 1, Avg: 1.0, Max: 1, Diff: 0, Sum: 2]
      [GC Worker Other (ms): Min: 0.0, Avg: 0.0, Max: 0.0, Diff: 0.0, Sum: 0.0]
      [GC Worker Total (ms): Min: 7.6, Avg: 7.7, Max: 7.7, Diff: 0.1, Sum: 15.3]
      [GC Worker End (ms): Min: 3939505.5, Avg: 3939505.5, Max: 3939505.5, Diff: 0.0]
   [Code Root Fixup: 0.0 ms]
   [Code Root Purge: 0.0 ms]
   [Clear CT: 0.1 ms]
   [Other: 0.6 ms]
      [Choose CSet: 0.0 ms]
      [Ref Proc: 0.1 ms]
      [Ref Enq: 0.0 ms]
      [Redirty Cards: 0.2 ms]
      [Humongous Register: 0.1 ms]
      [Humongous Reclaim: 0.0 ms]
      [Free CSet: 0.0 ms]
   [Eden: 48.0M(48.0M)->0.0B(46.0M) Survivors: 3072.0K->5120.0K Heap: 211.8M(1024.0M)->165.8M(1024.0M)]
 [Times: user=0.02 sys=0.00, real=0.01 secs] 
2017-09-19T13:52:30.597+0900: 4028.490: [GC pause (G1 Evacuation Pause) (young), 0.0050187 secs]
   [Parallel Time: 4.3 ms, GC Workers: 2]
      [GC Worker Start (ms): Min: 4028490.6, Avg: 4028490.6, Max: 4028490.6, Diff: 0.0]
      [Ext Root Scanning (ms): Min: 0.4, Avg: 0.5, Max: 0.5, Diff: 0.1, Sum: 0.9]
      [Update RS (ms): Min: 0.7, Avg: 0.7, Max: 0.8, Diff: 0.1, Sum: 1.4]
         [Processed Buffers: Min: 12, Avg: 18.0, Max: 24, Diff: 12, Sum: 36]
      [Scan RS (ms): Min: 0.0, Avg: 0.0, Max: 0.0, Diff: 0.0, Sum: 0.0]
      [Code Root Scanning (ms): Min: 0.0, Avg: 0.0, Max: 0.0, Diff: 0.0, Sum: 0.0]
      [Object Copy (ms): Min: 3.0, Avg: 3.0, Max: 3.1, Diff: 0.1, Sum: 6.0]
      [Termination (ms): Min: 0.0, Avg: 0.0, Max: 0.0, Diff: 0.0, Sum: 0.0]
         [Termination Attempts: Min: 1, Avg: 1.0, Max: 1, Diff: 0, Sum: 2]
      [GC Worker Other (ms): Min: 0.0, Avg: 0.0, Max: 0.0, Diff: 0.0, Sum: 0.0]
      [GC Worker Total (ms): Min: 4.2, Avg: 4.2, Max: 4.2, Diff: 0.0, Sum: 8.4]
      [GC Worker End (ms): Min: 4028494.8, Avg: 4028494.8, Max: 4028494.8, Diff: 0.0]
   [Code Root Fixup: 0.0 ms]
   [Code Root Purge: 0.0 ms]
   [Clear CT: 0.1 ms]
   [Other: 0.6 ms]
      [Choose CSet: 0.0 ms]
      [Ref Proc: 0.2 ms]
      [Ref Enq: 0.0 ms]
      [Redirty Cards: 0.2 ms]
      [Humongous Register: 0.0 ms]
      [Humongous Reclaim: 0.0 ms]
      [Free CSet: 0.0 ms]
   [Eden: 46.0M(46.0M)->0.0B(90.0M) Survivors: 5120.0K->4096.0K Heap: 211.8M(1024.0M)->165.2M(1024.0M)]
 [Times: user=0.01 sys=0.00, real=0.00 secs] 
2017-09-19T13:55:26.199+0900: 4204.092: [GC pause (G1 Evacuation Pause) (young), 0.0065867 secs]
   [Parallel Time: 5.9 ms, GC Workers: 2]
      [GC Worker Start (ms): Min: 4204092.1, Avg: 4204092.2, Max: 4204092.2, Diff: 0.1]
      [Ext Root Scanning (ms): Min: 0.5, Avg: 0.5, Max: 0.6, Diff: 0.1, Sum: 1.0]
      [Update RS (ms): Min: 1.2, Avg: 1.2, Max: 1.3, Diff: 0.1, Sum: 2.5]
         [Processed Buffers: Min: 11, Avg: 20.5, Max: 30, Diff: 19, Sum: 41]
      [Scan RS (ms): Min: 0.0, Avg: 0.0, Max: 0.0, Diff: 0.0, Sum: 0.0]
      [Code Root Scanning (ms): Min: 0.0, Avg: 0.0, Max: 0.0, Diff: 0.0, Sum: 0.0]
      [Object Copy (ms): Min: 4.0, Avg: 4.0, Max: 4.1, Diff: 0.1, Sum: 8.1]
      [Termination (ms): Min: 0.0, Avg: 0.0, Max: 0.0, Diff: 0.0, Sum: 0.0]
         [Termination Attempts: Min: 1, Avg: 1.0, Max: 1, Diff: 0, Sum: 2]
      [GC Worker Other (ms): Min: 0.0, Avg: 0.0, Max: 0.0, Diff: 0.0, Sum: 0.0]
      [GC Worker Total (ms): Min: 5.8, Avg: 5.8, Max: 5.8, Diff: 0.1, Sum: 11.6]
      [GC Worker End (ms): Min: 4204098.0, Avg: 4204098.0, Max: 4204098.0, Diff: 0.0]
   [Code Root Fixup: 0.0 ms]
   [Code Root Purge: 0.0 ms]
   [Clear CT: 0.1 ms]
   [Other: 0.6 ms]
      [Choose CSet: 0.0 ms]
      [Ref Proc: 0.2 ms]
      [Ref Enq: 0.0 ms]
      [Redirty Cards: 0.2 ms]
      [Humongous Register: 0.0 ms]
      [Humongous Reclaim: 0.0 ms]
      [Free CSet: 0.0 ms]
   [Eden: 90.0M(90.0M)->0.0B(145.0M) Survivors: 4096.0K->5120.0K Heap: 255.2M(1024.0M)->166.2M(1024.0M)]
 [Times: user=0.02 sys=0.00, real=0.00 secs] 
2017-09-19T14:00:06.052+0900: 4483.945: [GC pause (G1 Evacuation Pause) (young), 0.0385314 secs]
   [Parallel Time: 36.8 ms, GC Workers: 2]
      [GC Worker Start (ms): Min: 4483945.7, Avg: 4483945.8, Max: 4483945.8, Diff: 0.1]
      [Ext Root Scanning (ms): Min: 1.6, Avg: 1.6, Max: 1.7, Diff: 0.1, Sum: 3.2]
      [Update RS (ms): Min: 5.1, Avg: 5.2, Max: 5.3, Diff: 0.2, Sum: 10.4]
         [Processed Buffers: Min: 12, Avg: 20.0, Max: 28, Diff: 16, Sum: 40]
      [Scan RS (ms): Min: 0.0, Avg: 0.1, Max: 0.1, Diff: 0.1, Sum: 0.2]
      [Code Root Scanning (ms): Min: 0.0, Avg: 0.0, Max: 0.0, Diff: 0.0, Sum: 0.0]
      [Object Copy (ms): Min: 29.7, Avg: 29.7, Max: 29.8, Diff: 0.1, Sum: 59.4]
      [Termination (ms): Min: 0.0, Avg: 0.0, Max: 0.0, Diff: 0.0, Sum: 0.0]
         [Termination Attempts: Min: 1, Avg: 1.0, Max: 1, Diff: 0, Sum: 2]
      [GC Worker Other (ms): Min: 0.0, Avg: 0.0, Max: 0.0, Diff: 0.0, Sum: 0.1]
      [GC Worker Total (ms): Min: 36.6, Avg: 36.6, Max: 36.7, Diff: 0.1, Sum: 73.3]
      [GC Worker End (ms): Min: 4483982.4, Avg: 4483982.4, Max: 4483982.4, Diff: 0.0]
   [Code Root Fixup: 0.1 ms]
   [Code Root Purge: 0.0 ms]
   [Clear CT: 0.2 ms]
   [Other: 1.4 ms]
      [Choose CSet: 0.0 ms]
      [Ref Proc: 0.5 ms]
      [Ref Enq: 0.1 ms]
      [Redirty Cards: 0.3 ms]
      [Humongous Register: 0.1 ms]
      [Humongous Reclaim: 0.0 ms]
      [Free CSet: 0.1 ms]
   [Eden: 145.0M(145.0M)->0.0B(42.0M) Survivors: 5120.0K->9216.0K Heap: 311.2M(1024.0M)->170.2M(1024.0M)]
 [Times: user=0.07 sys=0.00, real=0.04 secs] 
2017-09-19T14:01:27.253+0900: 4565.146: [GC pause (G1 Evacuation Pause) (young), 0.0604128 secs]
   [Parallel Time: 58.8 ms, GC Workers: 2]
      [GC Worker Start (ms): Min: 4565146.2, Avg: 4565146.3, Max: 4565146.4, Diff: 0.2]
      [Ext Root Scanning (ms): Min: 1.9, Avg: 2.1, Max: 2.3, Diff: 0.4, Sum: 4.3]
      [Update RS (ms): Min: 13.2, Avg: 13.4, Max: 13.5, Diff: 0.3, Sum: 26.7]
         [Processed Buffers: Min: 4, Avg: 19.0, Max: 34, Diff: 30, Sum: 38]
      [Scan RS (ms): Min: 0.6, Avg: 0.7, Max: 0.7, Diff: 0.2, Sum: 1.3]
      [Code Root Scanning (ms): Min: 0.0, Avg: 0.0, Max: 0.0, Diff: 0.0, Sum: 0.0]
      [Object Copy (ms): Min: 42.4, Avg: 42.5, Max: 42.5, Diff: 0.1, Sum: 84.9]
      [Termination (ms): Min: 0.0, Avg: 0.0, Max: 0.0, Diff: 0.0, Sum: 0.0]
         [Termination Attempts: Min: 1, Avg: 1.5, Max: 2, Diff: 1, Sum: 3]
      [GC Worker Other (ms): Min: 0.0, Avg: 0.0, Max: 0.0, Diff: 0.0, Sum: 0.0]
      [GC Worker Total (ms): Min: 58.6, Avg: 58.7, Max: 58.7, Diff: 0.2, Sum: 117.3]
      [GC Worker End (ms): Min: 4565205.0, Avg: 4565205.0, Max: 4565205.0, Diff: 0.0]
   [Code Root Fixup: 0.0 ms]
   [Code Root Purge: 0.0 ms]
   [Clear CT: 0.2 ms]
   [Other: 1.3 ms]
      [Choose CSet: 0.0 ms]
      [Ref Proc: 0.4 ms]
      [Ref Enq: 0.0 ms]
      [Redirty Cards: 0.0 ms]
      [Humongous Register: 0.1 ms]
      [Humongous Reclaim: 0.0 ms]
      [Free CSet: 0.1 ms]
   [Eden: 42.0M(42.0M)->0.0B(48.0M) Survivors: 9216.0K->3072.0K Heap: 212.2M(1024.0M)->168.9M(1024.0M)]
 [Times: user=0.07 sys=0.00, real=0.06 secs] 
2017-09-19T14:03:00.356+0900: 4658.249: [GC pause (G1 Evacuation Pause) (young), 0.0075855 secs]
   [Parallel Time: 6.9 ms, GC Workers: 2]
      [GC Worker Start (ms): Min: 4658248.8, Avg: 4658248.8, Max: 4658248.8, Diff: 0.0]
      [Ext Root Scanning (ms): Min: 0.4, Avg: 0.5, Max: 0.5, Diff: 0.1, Sum: 0.9]
      [Update RS (ms): Min: 1.5, Avg: 1.5, Max: 1.5, Diff: 0.0, Sum: 3.0]
         [Processed Buffers: Min: 16, Avg: 21.0, Max: 26, Diff: 10, Sum: 42]
      [Scan RS (ms): Min: 0.5, Avg: 0.5, Max: 0.5, Diff: 0.0, Sum: 1.0]
      [Code Root Scanning (ms): Min: 0.0, Avg: 0.0, Max: 0.0, Diff: 0.0, Sum: 0.0]
      [Object Copy (ms): Min: 4.4, Avg: 4.4, Max: 4.4, Diff: 0.0, Sum: 8.8]
      [Termination (ms): Min: 0.0, Avg: 0.0, Max: 0.0, Diff: 0.0, Sum: 0.0]
         [Termination Attempts: Min: 1, Avg: 1.5, Max: 2, Diff: 1, Sum: 3]
      [GC Worker Other (ms): Min: 0.0, Avg: 0.0, Max: 0.0, Diff: 0.0, Sum: 0.0]
      [GC Worker Total (ms): Min: 6.9, Avg: 6.9, Max: 6.9, Diff: 0.0, Sum: 13.8]
      [GC Worker End (ms): Min: 4658255.7, Avg: 4658255.7, Max: 4658255.7, Diff: 0.0]
   [Code Root Fixup: 0.0 ms]
   [Code Root Purge: 0.0 ms]
   [Clear CT: 0.1 ms]
   [Other: 0.5 ms]
      [Choose CSet: 0.0 ms]
      [Ref Proc: 0.2 ms]
      [Ref Enq: 0.0 ms]
      [Redirty Cards: 0.1 ms]
      [Humongous Register: 0.0 ms]
      [Humongous Reclaim: 0.0 ms]
      [Free CSet: 0.0 ms]
   [Eden: 48.0M(48.0M)->0.0B(45.0M) Survivors: 3072.0K->6144.0K Heap: 216.9M(1024.0M)->171.9M(1024.0M)]
 [Times: user=0.01 sys=0.00, real=0.00 secs] 
2017-09-19T14:04:27.312+0900: 4745.205: [GC pause (G1 Evacuation Pause) (young), 0.0099835 secs]
   [Parallel Time: 8.9 ms, GC Workers: 2]
      [GC Worker Start (ms): Min: 4745205.5, Avg: 4745205.6, Max: 4745205.6, Diff: 0.1]
      [Ext Root Scanning (ms): Min: 1.1, Avg: 1.2, Max: 1.4, Diff: 0.2, Sum: 2.5]
      [Update RS (ms): Min: 2.6, Avg: 2.6, Max: 2.7, Diff: 0.0, Sum: 5.3]
         [Processed Buffers: Min: 10, Avg: 19.5, Max: 29, Diff: 19, Sum: 39]
      [Scan RS (ms): Min: 0.0, Avg: 0.0, Max: 0.0, Diff: 0.0, Sum: 0.0]
      [Code Root Scanning (ms): Min: 0.0, Avg: 0.0, Max: 0.0, Diff: 0.0, Sum: 0.0]
      [Object Copy (ms): Min: 4.9, Avg: 4.9, Max: 5.0, Diff: 0.1, Sum: 9.8]
      [Termination (ms): Min: 0.0, Avg: 0.0, Max: 0.0, Diff: 0.0, Sum: 0.0]
         [Termination Attempts: Min: 1, Avg: 1.0, Max: 1, Diff: 0, Sum: 2]
      [GC Worker Other (ms): Min: 0.0, Avg: 0.0, Max: 0.0, Diff: 0.0, Sum: 0.0]
      [GC Worker Total (ms): Min: 8.8, Avg: 8.8, Max: 8.9, Diff: 0.1, Sum: 17.7]
      [GC Worker End (ms): Min: 4745214.4, Avg: 4745214.4, Max: 4745214.4, Diff: 0.0]
   [Code Root Fixup: 0.0 ms]
   [Code Root Purge: 0.0 ms]
   [Clear CT: 0.1 ms]
   [Other: 1.0 ms]
      [Choose CSet: 0.0 ms]
      [Ref Proc: 0.3 ms]
      [Ref Enq: 0.0 ms]
      [Redirty Cards: 0.2 ms]
      [Humongous Register: 0.1 ms]
      [Humongous Reclaim: 0.0 ms]
      [Free CSet: 0.1 ms]
   [Eden: 45.0M(45.0M)->0.0B(47.0M) Survivors: 6144.0K->4096.0K Heap: 216.9M(1024.0M)->170.9M(1024.0M)]
 [Times: user=0.02 sys=0.00, real=0.01 secs] 
2017-09-19T14:05:58.422+0900: 4836.315: [GC pause (G1 Evacuation Pause) (young), 0.0106312 secs]
   [Parallel Time: 9.8 ms, GC Workers: 2]
      [GC Worker Start (ms): Min: 4836314.8, Avg: 4836314.8, Max: 4836314.9, Diff: 0.1]
      [Ext Root Scanning (ms): Min: 0.8, Avg: 0.9, Max: 0.9, Diff: 0.1, Sum: 1.8]
      [Update RS (ms): Min: 2.0, Avg: 2.0, Max: 2.0, Diff: 0.1, Sum: 4.0]
         [Processed Buffers: Min: 19, Avg: 19.5, Max: 20, Diff: 1, Sum: 39]
      [Scan RS (ms): Min: 0.5, Avg: 0.6, Max: 0.6, Diff: 0.1, Sum: 1.1]
      [Code Root Scanning (ms): Min: 0.0, Avg: 0.0, Max: 0.0, Diff: 0.0, Sum: 0.0]
      [Object Copy (ms): Min: 6.2, Avg: 6.3, Max: 6.3, Diff: 0.1, Sum: 12.5]
      [Termination (ms): Min: 0.0, Avg: 0.0, Max: 0.0, Diff: 0.0, Sum: 0.0]
         [Termination Attempts: Min: 1, Avg: 1.0, Max: 1, Diff: 0, Sum: 2]
      [GC Worker Other (ms): Min: 0.0, Avg: 0.0, Max: 0.0, Diff: 0.0, Sum: 0.0]
      [GC Worker Total (ms): Min: 9.7, Avg: 9.7, Max: 9.7, Diff: 0.1, Sum: 19.4]
      [GC Worker End (ms): Min: 4836324.5, Avg: 4836324.5, Max: 4836324.5, Diff: 0.0]
   [Code Root Fixup: 0.0 ms]
   [Code Root Purge: 0.0 ms]
   [Clear CT: 0.1 ms]
   [Other: 0.7 ms]
      [Choose CSet: 0.0 ms]
      [Ref Proc: 0.2 ms]
      [Ref Enq: 0.0 ms]
      [Redirty Cards: 0.2 ms]
      [Humongous Register: 0.1 ms]
      [Humongous Reclaim: 0.0 ms]
      [Free CSet: 0.0 ms]
   [Eden: 47.0M(47.0M)->0.0B(45.0M) Survivors: 4096.0K->6144.0K Heap: 217.9M(1024.0M)->173.4M(1024.0M)]
 [Times: user=0.02 sys=0.00, real=0.01 secs] 
2017-09-19T14:07:25.830+0900: 4923.723: [GC pause (G1 Evacuation Pause) (young), 0.0071303 secs]
   [Parallel Time: 6.5 ms, GC Workers: 2]
      [GC Worker Start (ms): Min: 4923723.4, Avg: 4923723.4, Max: 4923723.4, Diff: 0.0]
      [Ext Root Scanning (ms): Min: 0.5, Avg: 0.5, Max: 0.5, Diff: 0.0, Sum: 1.0]
      [Update RS (ms): Min: 1.1, Avg: 1.1, Max: 1.1, Diff: 0.1, Sum: 2.2]
         [Processed Buffers: Min: 20, Avg: 20.5, Max: 21, Diff: 1, Sum: 41]
      [Scan RS (ms): Min: 0.1, Avg: 0.2, Max: 0.2, Diff: 0.1, Sum: 0.3]
      [Code Root Scanning (ms): Min: 0.0, Avg: 0.0, Max: 0.0, Diff: 0.0, Sum: 0.0]
      [Object Copy (ms): Min: 4.7, Avg: 4.7, Max: 4.7, Diff: 0.0, Sum: 9.4]
      [Termination (ms): Min: 0.0, Avg: 0.0, Max: 0.0, Diff: 0.0, Sum: 0.0]
         [Termination Attempts: Min: 1, Avg: 1.0, Max: 1, Diff: 0, Sum: 2]
      [GC Worker Other (ms): Min: 0.0, Avg: 0.0, Max: 0.0, Diff: 0.0, Sum: 0.0]
      [GC Worker Total (ms): Min: 6.4, Avg: 6.5, Max: 6.5, Diff: 0.0, Sum: 12.9]
      [GC Worker End (ms): Min: 4923729.9, Avg: 4923729.9, Max: 4923729.9, Diff: 0.0]
   [Code Root Fixup: 0.0 ms]
   [Code Root Purge: 0.0 ms]
   [Clear CT: 0.1 ms]
   [Other: 0.5 ms]
      [Choose CSet: 0.0 ms]
      [Ref Proc: 0.2 ms]
      [Ref Enq: 0.0 ms]
      [Redirty Cards: 0.1 ms]
      [Humongous Register: 0.1 ms]
      [Humongous Reclaim: 0.0 ms]
      [Free CSet: 0.0 ms]
   [Eden: 45.0M(45.0M)->0.0B(79.0M) Survivors: 6144.0K->4096.0K Heap: 218.4M(1024.0M)->172.4M(1024.0M)]
 [Times: user=0.01 sys=0.00, real=0.01 secs] 
2017-09-19T14:09:15.507+0900: 5033.400: [GC pause (G1 Evacuation Pause) (young), 0.0090929 secs]
   [Parallel Time: 4.9 ms, GC Workers: 2]
      [GC Worker Start (ms): Min: 5033400.0, Avg: 5033400.0, Max: 5033400.0, Diff: 0.0]
      [Ext Root Scanning (ms): Min: 0.4, Avg: 0.4, Max: 0.5, Diff: 0.0, Sum: 0.9]
      [Update RS (ms): Min: 1.3, Avg: 1.3, Max: 1.4, Diff: 0.1, Sum: 2.7]
         [Processed Buffers: Min: 8, Avg: 21.0, Max: 34, Diff: 26, Sum: 42]
      [Scan RS (ms): Min: 0.4, Avg: 0.4, Max: 0.4, Diff: 0.1, Sum: 0.8]
      [Code Root Scanning (ms): Min: 0.0, Avg: 0.0, Max: 0.0, Diff: 0.0, Sum: 0.0]
      [Object Copy (ms): Min: 2.7, Avg: 2.7, Max: 2.7, Diff: 0.0, Sum: 5.4]
      [Termination (ms): Min: 0.0, Avg: 0.0, Max: 0.0, Diff: 0.0, Sum: 0.0]
         [Termination Attempts: Min: 1, Avg: 1.0, Max: 1, Diff: 0, Sum: 2]
      [GC Worker Other (ms): Min: 0.0, Avg: 0.0, Max: 0.0, Diff: 0.0, Sum: 0.0]
      [GC Worker Total (ms): Min: 4.9, Avg: 4.9, Max: 4.9, Diff: 0.0, Sum: 9.8]
      [GC Worker End (ms): Min: 5033404.9, Avg: 5033404.9, Max: 5033404.9, Diff: 0.0]
   [Code Root Fixup: 0.0 ms]
   [Code Root Purge: 0.0 ms]
   [Clear CT: 0.0 ms]
   [Other: 4.1 ms]
      [Choose CSet: 0.0 ms]
      [Ref Proc: 3.7 ms]
      [Ref Enq: 0.0 ms]
      [Redirty Cards: 0.0 ms]
      [Humongous Register: 0.0 ms]
      [Humongous Reclaim: 0.0 ms]
      [Free CSet: 0.1 ms]
   [Eden: 57.0M(57.0M)->0.0B(125.0M) Survivors: 4096.0K->4096.0K Heap: 229.4M(1024.0M)->172.4M(1024.0M)]
 [Times: user=0.01 sys=0.00, real=0.02 secs] 
2017-09-19T14:13:17.222+0900: 5275.115: [GC pause (G1 Evacuation Pause) (young), 0.0091916 secs]
   [Parallel Time: 8.7 ms, GC Workers: 2]
      [GC Worker Start (ms): Min: 5275114.7, Avg: 5275114.7, Max: 5275114.7, Diff: 0.0]
      [Ext Root Scanning (ms): Min: 0.4, Avg: 0.5, Max: 0.5, Diff: 0.0, Sum: 0.9]
      [Update RS (ms): Min: 1.2, Avg: 1.3, Max: 1.3, Diff: 0.1, Sum: 2.5]
         [Processed Buffers: Min: 6, Avg: 21.5, Max: 37, Diff: 31, Sum: 43]
      [Scan RS (ms): Min: 0.1, Avg: 0.1, Max: 0.1, Diff: 0.1, Sum: 0.2]
      [Code Root Scanning (ms): Min: 0.0, Avg: 0.0, Max: 0.0, Diff: 0.0, Sum: 0.0]
      [Object Copy (ms): Min: 6.8, Avg: 6.8, Max: 6.8, Diff: 0.0, Sum: 13.6]
      [Termination (ms): Min: 0.0, Avg: 0.0, Max: 0.0, Diff: 0.0, Sum: 0.0]
         [Termination Attempts: Min: 1, Avg: 1.0, Max: 1, Diff: 0, Sum: 2]
      [GC Worker Other (ms): Min: 0.0, Avg: 0.0, Max: 0.1, Diff: 0.0, Sum: 0.1]
      [GC Worker Total (ms): Min: 8.6, Avg: 8.7, Max: 8.7, Diff: 0.0, Sum: 17.3]
      [GC Worker End (ms): Min: 5275123.3, Avg: 5275123.3, Max: 5275123.4, Diff: 0.0]
   [Code Root Fixup: 0.0 ms]
   [Code Root Purge: 0.0 ms]
   [Clear CT: 0.0 ms]
   [Other: 0.4 ms]
      [Choose CSet: 0.0 ms]
      [Ref Proc: 0.1 ms]
      [Ref Enq: 0.0 ms]
      [Redirty Cards: 0.0 ms]
      [Humongous Register: 0.0 ms]
      [Humongous Reclaim: 0.0 ms]
      [Free CSet: 0.0 ms]
   [Eden: 125.0M(125.0M)->0.0B(172.0M) Survivors: 4096.0K->7168.0K Heap: 297.4M(1024.0M)->175.4M(1024.0M)]
 [Times: user=0.02 sys=0.00, real=0.01 secs] 
2017-09-19T14:19:01.199+0900: 5619.092: [GC pause (G1 Evacuation Pause) (young), 0.0744209 secs]
   [Parallel Time: 69.5 ms, GC Workers: 2]
      [GC Worker Start (ms): Min: 5619092.1, Avg: 5619093.9, Max: 5619095.7, Diff: 3.6]
      [Ext Root Scanning (ms): Min: 0.0, Avg: 1.4, Max: 2.8, Diff: 2.8, Sum: 2.8]
      [Update RS (ms): Min: 6.2, Avg: 6.5, Max: 6.8, Diff: 0.6, Sum: 13.0]
         [Processed Buffers: Min: 11, Avg: 22.5, Max: 34, Diff: 23, Sum: 45]
      [Scan RS (ms): Min: 0.1, Avg: 0.1, Max: 0.1, Diff: 0.0, Sum: 0.2]
      [Code Root Scanning (ms): Min: 0.0, Avg: 0.0, Max: 0.0, Diff: 0.0, Sum: 0.0]
      [Object Copy (ms): Min: 59.2, Avg: 59.3, Max: 59.5, Diff: 0.2, Sum: 118.7]
      [Termination (ms): Min: 0.0, Avg: 0.0, Max: 0.0, Diff: 0.0, Sum: 0.0]
         [Termination Attempts: Min: 1, Avg: 1.0, Max: 1, Diff: 0, Sum: 2]
      [GC Worker Other (ms): Min: 0.0, Avg: 0.0, Max: 0.1, Diff: 0.1, Sum: 0.1]
      [GC Worker Total (ms): Min: 65.6, Avg: 67.5, Max: 69.3, Diff: 3.6, Sum: 134.9]
      [GC Worker End (ms): Min: 5619161.4, Avg: 5619161.4, Max: 5619161.4, Diff: 0.0]
   [Code Root Fixup: 0.1 ms]
   [Code Root Purge: 0.0 ms]
   [Clear CT: 0.1 ms]
   [Other: 4.8 ms]
      [Choose CSet: 0.0 ms]
      [Ref Proc: 4.2 ms]
      [Ref Enq: 0.0 ms]
      [Redirty Cards: 0.2 ms]
      [Humongous Register: 0.1 ms]
      [Humongous Reclaim: 0.0 ms]
      [Free CSet: 0.1 ms]
   [Eden: 172.0M(172.0M)->0.0B(43.0M) Survivors: 7168.0K->8192.0K Heap: 347.4M(1024.0M)->176.9M(1024.0M)]
 [Times: user=0.07 sys=0.00, real=0.07 secs] 
2017-09-19T14:20:31.363+0900: 5709.256: [GC pause (G1 Evacuation Pause) (young), 0.0430669 secs]
   [Parallel Time: 42.0 ms, GC Workers: 2]
      [GC Worker Start (ms): Min: 5709255.9, Avg: 5709256.0, Max: 5709256.1, Diff: 0.3]
      [Ext Root Scanning (ms): Min: 1.7, Avg: 1.9, Max: 2.2, Diff: 0.4, Sum: 3.9]
      [Update RS (ms): Min: 6.7, Avg: 8.0, Max: 9.4, Diff: 2.6, Sum: 16.1]
         [Processed Buffers: Min: 13, Avg: 20.0, Max: 27, Diff: 14, Sum: 40]
      [Scan RS (ms): Min: 1.7, Avg: 2.7, Max: 3.6, Diff: 1.8, Sum: 5.3]
      [Code Root Scanning (ms): Min: 0.0, Avg: 0.1, Max: 0.1, Diff: 0.1, Sum: 0.1]
      [Object Copy (ms): Min: 28.8, Avg: 29.1, Max: 29.4, Diff: 0.5, Sum: 58.2]
      [Termination (ms): Min: 0.0, Avg: 0.0, Max: 0.0, Diff: 0.0, Sum: 0.0]
         [Termination Attempts: Min: 1, Avg: 1.0, Max: 1, Diff: 0, Sum: 2]
      [GC Worker Other (ms): Min: 0.0, Avg: 0.0, Max: 0.0, Diff: 0.0, Sum: 0.0]
      [GC Worker Total (ms): Min: 41.7, Avg: 41.8, Max: 41.9, Diff: 0.3, Sum: 83.6]
      [GC Worker End (ms): Min: 5709297.8, Avg: 5709297.8, Max: 5709297.8, Diff: 0.0]
   [Code Root Fixup: 0.1 ms]
   [Code Root Purge: 0.0 ms]
   [Clear CT: 0.1 ms]
   [Other: 0.9 ms]
      [Choose CSet: 0.0 ms]
      [Ref Proc: 0.2 ms]
      [Ref Enq: 0.0 ms]
      [Redirty Cards: 0.3 ms]
      [Humongous Register: 0.1 ms]
      [Humongous Reclaim: 0.0 ms]
      [Free CSet: 0.0 ms]
   [Eden: 43.0M(43.0M)->0.0B(45.0M) Survivors: 8192.0K->6144.0K Heap: 219.9M(1024.0M)->178.5M(1024.0M)]
 [Times: user=0.08 sys=0.00, real=0.04 secs] 
2017-09-19T14:22:05.672+0900: 5803.565: [GC pause (G1 Evacuation Pause) (young), 0.0234279 secs]
   [Parallel Time: 20.4 ms, GC Workers: 2]
      [GC Worker Start (ms): Min: 5803564.7, Avg: 5803564.7, Max: 5803564.8, Diff: 0.0]
      [Ext Root Scanning (ms): Min: 0.5, Avg: 0.5, Max: 0.5, Diff: 0.0, Sum: 1.0]
      [Update RS (ms): Min: 1.3, Avg: 1.4, Max: 1.4, Diff: 0.0, Sum: 2.7]
         [Processed Buffers: Min: 15, Avg: 19.5, Max: 24, Diff: 9, Sum: 39]
      [Scan RS (ms): Min: 0.7, Avg: 0.7, Max: 0.7, Diff: 0.0, Sum: 1.3]
      [Code Root Scanning (ms): Min: 0.0, Avg: 0.0, Max: 0.0, Diff: 0.0, Sum: 0.0]
      [Object Copy (ms): Min: 15.0, Avg: 15.1, Max: 15.1, Diff: 0.1, Sum: 30.1]
      [Termination (ms): Min: 0.0, Avg: 0.0, Max: 0.0, Diff: 0.0, Sum: 0.0]
         [Termination Attempts: Min: 3, Avg: 3.5, Max: 4, Diff: 1, Sum: 7]
      [GC Worker Other (ms): Min: 0.0, Avg: 0.0, Max: 0.0, Diff: 0.0, Sum: 0.0]
      [GC Worker Total (ms): Min: 17.6, Avg: 17.6, Max: 17.6, Diff: 0.0, Sum: 35.2]
      [GC Worker End (ms): Min: 5803582.3, Avg: 5803582.3, Max: 5803582.3, Diff: 0.0]
   [Code Root Fixup: 0.0 ms]
   [Code Root Purge: 0.0 ms]
   [Clear CT: 0.1 ms]
   [Other: 2.9 ms]
      [Choose CSet: 0.0 ms]
      [Ref Proc: 2.4 ms]
      [Ref Enq: 0.0 ms]
      [Redirty Cards: 0.0 ms]
      [Humongous Register: 0.0 ms]
      [Humongous Reclaim: 0.1 ms]
      [Free CSet: 0.1 ms]
   [Eden: 45.0M(45.0M)->0.0B(46.0M) Survivors: 6144.0K->5120.0K Heap: 223.5M(1024.0M)->181.0M(1024.0M)]
 [Times: user=0.02 sys=0.00, real=0.02 secs] 
2017-09-19T14:23:41.844+0900: 5899.737: [GC pause (G1 Evacuation Pause) (young), 0.0273432 secs]
   [Parallel Time: 19.6 ms, GC Workers: 2]
      [GC Worker Start (ms): Min: 5899737.5, Avg: 5899737.5, Max: 5899737.5, Diff: 0.0]
      [Ext Root Scanning (ms): Min: 0.4, Avg: 0.5, Max: 0.5, Diff: 0.1, Sum: 0.9]
      [Update RS (ms): Min: 1.6, Avg: 6.2, Max: 10.8, Diff: 9.2, Sum: 12.4]
         [Processed Buffers: Min: 6, Avg: 22.0, Max: 38, Diff: 32, Sum: 44]
      [Scan RS (ms): Min: 0.0, Avg: 0.4, Max: 0.8, Diff: 0.8, Sum: 0.8]
      [Code Root Scanning (ms): Min: 0.0, Avg: 0.0, Max: 0.0, Diff: 0.0, Sum: 0.0]
      [Object Copy (ms): Min: 8.3, Avg: 12.4, Max: 16.6, Diff: 8.3, Sum: 24.8]
      [Termination (ms): Min: 0.0, Avg: 0.0, Max: 0.0, Diff: 0.0, Sum: 0.0]
         [Termination Attempts: Min: 1, Avg: 1.0, Max: 1, Diff: 0, Sum: 2]
      [GC Worker Other (ms): Min: 0.0, Avg: 0.0, Max: 0.0, Diff: 0.0, Sum: 0.0]
      [GC Worker Total (ms): Min: 19.5, Avg: 19.5, Max: 19.6, Diff: 0.0, Sum: 39.1]
      [GC Worker End (ms): Min: 5899757.1, Avg: 5899757.1, Max: 5899757.1, Diff: 0.0]
   [Code Root Fixup: 0.1 ms]
   [Code Root Purge: 0.0 ms]
   [Clear CT: 4.1 ms]
   [Other: 3.6 ms]
      [Choose CSet: 0.0 ms]
      [Ref Proc: 3.3 ms]
      [Ref Enq: 0.0 ms]
      [Redirty Cards: 0.0 ms]
      [Humongous Register: 0.0 ms]
      [Humongous Reclaim: 0.0 ms]
      [Free CSet: 0.0 ms]
   [Eden: 46.0M(46.0M)->0.0B(47.0M) Survivors: 5120.0K->4096.0K Heap: 227.0M(1024.0M)->181.0M(1024.0M)]
 [Times: user=0.03 sys=0.00, real=0.03 secs] 
2017-09-19T14:25:20.216+0900: 5998.109: [GC pause (G1 Evacuation Pause) (young), 0.0303237 secs]
   [Parallel Time: 28.8 ms, GC Workers: 2]
      [GC Worker Start (ms): Min: 5998109.1, Avg: 5998109.1, Max: 5998109.2, Diff: 0.1]
      [Ext Root Scanning (ms): Min: 1.6, Avg: 1.7, Max: 1.8, Diff: 0.2, Sum: 3.4]
      [Update RS (ms): Min: 6.8, Avg: 6.9, Max: 6.9, Diff: 0.1, Sum: 13.8]
         [Processed Buffers: Min: 14, Avg: 21.5, Max: 29, Diff: 15, Sum: 43]
      [Scan RS (ms): Min: 1.6, Avg: 1.6, Max: 1.6, Diff: 0.0, Sum: 3.2]
      [Code Root Scanning (ms): Min: 0.0, Avg: 0.0, Max: 0.0, Diff: 0.0, Sum: 0.0]
      [Object Copy (ms): Min: 18.4, Avg: 18.4, Max: 18.5, Diff: 0.1, Sum: 36.9]
      [Termination (ms): Min: 0.0, Avg: 0.0, Max: 0.0, Diff: 0.0, Sum: 0.0]
         [Termination Attempts: Min: 1, Avg: 1.0, Max: 1, Diff: 0, Sum: 2]
      [GC Worker Other (ms): Min: 0.0, Avg: 0.0, Max: 0.0, Diff: 0.0, Sum: 0.0]
      [GC Worker Total (ms): Min: 28.5, Avg: 28.6, Max: 28.7, Diff: 0.1, Sum: 57.2]
      [GC Worker End (ms): Min: 5998137.8, Avg: 5998137.8, Max: 5998137.8, Diff: 0.0]
   [Code Root Fixup: 0.1 ms]
   [Code Root Purge: 0.0 ms]
   [Clear CT: 0.2 ms]
   [Other: 1.3 ms]
      [Choose CSet: 0.0 ms]
      [Ref Proc: 0.4 ms]
      [Ref Enq: 0.0 ms]
      [Redirty Cards: 0.4 ms]
      [Humongous Register: 0.1 ms]
      [Humongous Reclaim: 0.0 ms]
      [Free CSet: 0.1 ms]
   [Eden: 47.0M(47.0M)->0.0B(45.0M) Survivors: 4096.0K->6144.0K Heap: 228.0M(1024.0M)->183.0M(1024.0M)]
 [Times: user=0.06 sys=0.00, real=0.02 secs] 
2017-09-19T14:26:54.660+0900: 6092.554: [GC pause (G1 Evacuation Pause) (young), 0.0210875 secs]
   [Parallel Time: 19.8 ms, GC Workers: 2]
      [GC Worker Start (ms): Min: 6092554.0, Avg: 6092554.1, Max: 6092554.1, Diff: 0.2]
      [Ext Root Scanning (ms): Min: 1.6, Avg: 1.7, Max: 1.8, Diff: 0.2, Sum: 3.4]
      [Update RS (ms): Min: 8.6, Avg: 9.8, Max: 11.0, Diff: 2.4, Sum: 19.6]
         [Processed Buffers: Min: 1, Avg: 20.0, Max: 39, Diff: 38, Sum: 40]
      [Scan RS (ms): Min: 0.0, Avg: 0.5, Max: 0.9, Diff: 0.9, Sum: 0.9]
      [Code Root Scanning (ms): Min: 0.0, Avg: 0.0, Max: 0.0, Diff: 0.0, Sum: 0.0]
      [Object Copy (ms): Min: 6.9, Avg: 7.6, Max: 8.3, Diff: 1.5, Sum: 15.2]
      [Termination (ms): Min: 0.0, Avg: 0.0, Max: 0.0, Diff: 0.0, Sum: 0.0]
         [Termination Attempts: Min: 1, Avg: 1.0, Max: 1, Diff: 0, Sum: 2]
      [GC Worker Other (ms): Min: 0.0, Avg: 0.0, Max: 0.0, Diff: 0.0, Sum: 0.0]
      [GC Worker Total (ms): Min: 19.5, Avg: 19.6, Max: 19.7, Diff: 0.2, Sum: 39.2]
      [GC Worker End (ms): Min: 6092573.7, Avg: 6092573.7, Max: 6092573.7, Diff: 0.0]
   [Code Root Fixup: 0.1 ms]
   [Code Root Purge: 0.0 ms]
   [Clear CT: 0.1 ms]
   [Other: 1.1 ms]
      [Choose CSet: 0.0 ms]
      [Ref Proc: 0.2 ms]
      [Ref Enq: 0.0 ms]
      [Redirty Cards: 0.3 ms]
      [Humongous Register: 0.1 ms]
      [Humongous Reclaim: 0.0 ms]
      [Free CSet: 0.0 ms]
   [Eden: 45.0M(45.0M)->0.0B(48.0M) Survivors: 6144.0K->3072.0K Heap: 228.0M(1024.0M)->180.6M(1024.0M)]
 [Times: user=0.04 sys=0.00, real=0.02 secs] 
2017-09-19T14:28:35.410+0900: 6193.303: [GC pause (G1 Evacuation Pause) (young), 0.0492674 secs]
   [Parallel Time: 48.3 ms, GC Workers: 2]
      [GC Worker Start (ms): Min: 6193303.0, Avg: 6193303.1, Max: 6193303.1, Diff: 0.1]
      [Ext Root Scanning (ms): Min: 1.9, Avg: 1.9, Max: 2.0, Diff: 0.1, Sum: 3.9]
      [Update RS (ms): Min: 6.0, Avg: 7.6, Max: 9.2, Diff: 3.3, Sum: 15.2]
         [Processed Buffers: Min: 5, Avg: 20.0, Max: 35, Diff: 30, Sum: 40]
      [Scan RS (ms): Min: 1.5, Avg: 3.1, Max: 4.8, Diff: 3.3, Sum: 6.2]
      [Code Root Scanning (ms): Min: 0.0, Avg: 0.0, Max: 0.0, Diff: 0.0, Sum: 0.0]
      [Object Copy (ms): Min: 23.2, Avg: 29.1, Max: 35.1, Diff: 11.9, Sum: 58.3]
      [Termination (ms): Min: 0.0, Avg: 6.2, Max: 12.3, Diff: 12.3, Sum: 12.3]
         [Termination Attempts: Min: 1, Avg: 1.0, Max: 1, Diff: 0, Sum: 2]
      [GC Worker Other (ms): Min: 0.0, Avg: 0.0, Max: 0.0, Diff: 0.0, Sum: 0.0]
      [GC Worker Total (ms): Min: 47.9, Avg: 48.0, Max: 48.1, Diff: 0.2, Sum: 96.0]
      [GC Worker End (ms): Min: 6193350.9, Avg: 6193351.1, Max: 6193351.2, Diff: 0.3]
   [Code Root Fixup: 0.1 ms]
   [Code Root Purge: 0.0 ms]
   [Clear CT: 0.1 ms]
   [Other: 0.8 ms]
      [Choose CSet: 0.0 ms]
      [Ref Proc: 0.2 ms]
      [Ref Enq: 0.0 ms]
      [Redirty Cards: 0.1 ms]
      [Humongous Register: 0.1 ms]
      [Humongous Reclaim: 0.0 ms]
      [Free CSet: 0.0 ms]
   [Eden: 48.0M(48.0M)->0.0B(46.0M) Survivors: 3072.0K->5120.0K Heap: 228.6M(1024.0M)->182.6M(1024.0M)]
 [Times: user=0.06 sys=0.00, real=0.05 secs] 
2017-09-19T14:30:11.440+0900: 6289.333: [GC pause (G1 Evacuation Pause) (young), 0.0324118 secs]
   [Parallel Time: 30.2 ms, GC Workers: 2]
      [GC Worker Start (ms): Min: 6289333.4, Avg: 6289333.4, Max: 6289333.4, Diff: 0.0]
      [Ext Root Scanning (ms): Min: 0.8, Avg: 0.9, Max: 0.9, Diff: 0.1, Sum: 1.7]
      [Update RS (ms): Min: 2.7, Avg: 2.7, Max: 2.7, Diff: 0.0, Sum: 5.4]
         [Processed Buffers: Min: 14, Avg: 19.5, Max: 25, Diff: 11, Sum: 39]
      [Scan RS (ms): Min: 1.4, Avg: 1.5, Max: 1.5, Diff: 0.1, Sum: 2.9]
      [Code Root Scanning (ms): Min: 0.0, Avg: 0.0, Max: 0.0, Diff: 0.0, Sum: 0.0]
      [Object Copy (ms): Min: 25.0, Avg: 25.1, Max: 25.1, Diff: 0.1, Sum: 50.1]
      [Termination (ms): Min: 0.0, Avg: 0.0, Max: 0.0, Diff: 0.0, Sum: 0.0]
         [Termination Attempts: Min: 1, Avg: 1.0, Max: 1, Diff: 0, Sum: 2]
      [GC Worker Other (ms): Min: 0.0, Avg: 0.0, Max: 0.0, Diff: 0.0, Sum: 0.0]
      [GC Worker Total (ms): Min: 30.1, Avg: 30.1, Max: 30.1, Diff: 0.0, Sum: 60.2]
      [GC Worker End (ms): Min: 6289363.5, Avg: 6289363.5, Max: 6289363.5, Diff: 0.0]
   [Code Root Fixup: 0.2 ms]
   [Code Root Purge: 0.0 ms]
   [Clear CT: 0.3 ms]
   [Other: 1.7 ms]
      [Choose CSet: 0.0 ms]
      [Ref Proc: 0.7 ms]
      [Ref Enq: 0.0 ms]
      [Redirty Cards: 0.1 ms]
      [Humongous Register: 0.1 ms]
      [Humongous Reclaim: 0.1 ms]
      [Free CSet: 0.0 ms]
   [Eden: 46.0M(46.0M)->0.0B(44.0M) Survivors: 5120.0K->7168.0K Heap: 228.6M(1024.0M)->185.2M(1024.0M)]
 [Times: user=0.05 sys=0.00, real=0.03 secs] 
2017-09-19T14:31:43.525+0900: 6381.418: [GC pause (G1 Evacuation Pause) (young), 0.0101698 secs]
   [Parallel Time: 9.5 ms, GC Workers: 2]
      [GC Worker Start (ms): Min: 6381418.1, Avg: 6381419.7, Max: 6381421.3, Diff: 3.2]
      [Ext Root Scanning (ms): Min: 0.0, Avg: 1.0, Max: 2.0, Diff: 2.0, Sum: 2.0]
      [Update RS (ms): Min: 1.4, Avg: 1.9, Max: 2.5, Diff: 1.1, Sum: 3.9]
         [Processed Buffers: Min: 4, Avg: 17.5, Max: 31, Diff: 27, Sum: 35]
      [Scan RS (ms): Min: 0.6, Avg: 0.6, Max: 0.6, Diff: 0.0, Sum: 1.2]
      [Code Root Scanning (ms): Min: 0.0, Avg: 0.0, Max: 0.0, Diff: 0.0, Sum: 0.0]
      [Object Copy (ms): Min: 4.2, Avg: 4.3, Max: 4.3, Diff: 0.1, Sum: 8.5]
      [Termination (ms): Min: 0.0, Avg: 0.0, Max: 0.0, Diff: 0.0, Sum: 0.0]
         [Termination Attempts: Min: 1, Avg: 1.0, Max: 1, Diff: 0, Sum: 2]
      [GC Worker Other (ms): Min: 0.0, Avg: 0.0, Max: 0.0, Diff: 0.0, Sum: 0.0]
      [GC Worker Total (ms): Min: 6.2, Avg: 7.8, Max: 9.4, Diff: 3.2, Sum: 15.6]
      [GC Worker End (ms): Min: 6381427.5, Avg: 6381427.5, Max: 6381427.5, Diff: 0.0]
   [Code Root Fixup: 0.0 ms]
   [Code Root Purge: 0.0 ms]
   [Clear CT: 0.1 ms]
   [Other: 0.6 ms]
      [Choose CSet: 0.0 ms]
      [Ref Proc: 0.1 ms]
      [Ref Enq: 0.0 ms]
      [Redirty Cards: 0.2 ms]
      [Humongous Register: 0.0 ms]
      [Humongous Reclaim: 0.0 ms]
      [Free CSet: 0.0 ms]
   [Eden: 44.0M(44.0M)->0.0B(48.0M) Survivors: 7168.0K->3072.0K Heap: 229.2M(1024.0M)->183.0M(1024.0M)]
 [Times: user=0.02 sys=0.00, real=0.01 secs] 
2017-09-19T14:33:23.061+0900: 6480.954: [GC pause (G1 Evacuation Pause) (young), 0.0169137 secs]
   [Parallel Time: 15.9 ms, GC Workers: 2]
      [GC Worker Start (ms): Min: 6480953.8, Avg: 6480953.8, Max: 6480953.9, Diff: 0.1]
      [Ext Root Scanning (ms): Min: 0.8, Avg: 0.8, Max: 0.9, Diff: 0.1, Sum: 1.7]
      [Update RS (ms): Min: 2.8, Avg: 2.8, Max: 2.9, Diff: 0.1, Sum: 5.7]
         [Processed Buffers: Min: 5, Avg: 19.5, Max: 34, Diff: 29, Sum: 39]
      [Scan RS (ms): Min: 1.4, Avg: 1.4, Max: 1.5, Diff: 0.1, Sum: 2.8]
      [Code Root Scanning (ms): Min: 0.0, Avg: 0.0, Max: 0.0, Diff: 0.0, Sum: 0.0]
      [Object Copy (ms): Min: 10.5, Avg: 10.6, Max: 10.6, Diff: 0.0, Sum: 21.1]
      [Termination (ms): Min: 0.0, Avg: 0.0, Max: 0.0, Diff: 0.0, Sum: 0.0]
         [Termination Attempts: Min: 1, Avg: 1.0, Max: 1, Diff: 0, Sum: 2]
      [GC Worker Other (ms): Min: 0.0, Avg: 0.0, Max: 0.0, Diff: 0.0, Sum: 0.0]
      [GC Worker Total (ms): Min: 15.6, Avg: 15.7, Max: 15.7, Diff: 0.1, Sum: 31.4]
      [GC Worker End (ms): Min: 6480969.5, Avg: 6480969.5, Max: 6480969.5, Diff: 0.0]
   [Code Root Fixup: 0.1 ms]
   [Code Root Purge: 0.0 ms]
   [Clear CT: 0.2 ms]
   [Other: 0.8 ms]
      [Choose CSet: 0.0 ms]
      [Ref Proc: 0.3 ms]
      [Ref Enq: 0.0 ms]
      [Redirty Cards: 0.2 ms]
      [Humongous Register: 0.0 ms]
      [Humongous Reclaim: 0.0 ms]
      [Free CSet: 0.0 ms]
   [Eden: 48.0M(48.0M)->0.0B(45.0M) Survivors: 3072.0K->6144.0K Heap: 231.0M(1024.0M)->185.5M(1024.0M)]
 [Times: user=0.03 sys=0.00, real=0.02 secs] 
2017-09-19T14:34:56.251+0900: 6574.144: [GC pause (G1 Evacuation Pause) (young), 0.0172779 secs]
   [Parallel Time: 16.4 ms, GC Workers: 2]
      [GC Worker Start (ms): Min: 6574144.7, Avg: 6574145.1, Max: 6574145.4, Diff: 0.7]
      [Ext Root Scanning (ms): Min: 1.2, Avg: 1.6, Max: 1.9, Diff: 0.8, Sum: 3.1]
      [Update RS (ms): Min: 3.6, Avg: 3.6, Max: 3.6, Diff: 0.0, Sum: 7.3]
         [Processed Buffers: Min: 11, Avg: 18.0, Max: 25, Diff: 14, Sum: 36]
      [Scan RS (ms): Min: 3.5, Avg: 3.5, Max: 3.5, Diff: 0.0, Sum: 7.0]
      [Code Root Scanning (ms): Min: 0.0, Avg: 0.0, Max: 0.0, Diff: 0.0, Sum: 0.0]
      [Object Copy (ms): Min: 7.2, Avg: 7.2, Max: 7.2, Diff: 0.0, Sum: 14.5]
      [Termination (ms): Min: 0.0, Avg: 0.0, Max: 0.0, Diff: 0.0, Sum: 0.0]
         [Termination Attempts: Min: 1, Avg: 1.5, Max: 2, Diff: 1, Sum: 3]
      [GC Worker Other (ms): Min: 0.0, Avg: 0.0, Max: 0.0, Diff: 0.0, Sum: 0.0]
      [GC Worker Total (ms): Min: 15.6, Avg: 15.9, Max: 16.3, Diff: 0.7, Sum: 31.9]
      [GC Worker End (ms): Min: 6574161.0, Avg: 6574161.0, Max: 6574161.0, Diff: 0.0]
   [Code Root Fixup: 0.0 ms]
   [Code Root Purge: 0.0 ms]
   [Clear CT: 0.1 ms]
   [Other: 0.8 ms]
      [Choose CSet: 0.0 ms]
      [Ref Proc: 0.2 ms]
      [Ref Enq: 0.0 ms]
      [Redirty Cards: 0.1 ms]
      [Humongous Register: 0.1 ms]
      [Humongous Reclaim: 0.0 ms]
      [Free CSet: 0.1 ms]
   [Eden: 45.0M(45.0M)->0.0B(48.0M) Survivors: 6144.0K->3072.0K Heap: 230.5M(1024.0M)->183.5M(1024.0M)]
 [Times: user=0.03 sys=0.00, real=0.02 secs] 
2017-09-19T14:36:36.440+0900: 6674.333: [GC pause (G1 Evacuation Pause) (young), 0.0067119 secs]
   [Parallel Time: 6.0 ms, GC Workers: 2]
      [GC Worker Start (ms): Min: 6674333.3, Avg: 6674333.3, Max: 6674333.4, Diff: 0.1]
      [Ext Root Scanning (ms): Min: 0.4, Avg: 0.4, Max: 0.5, Diff: 0.1, Sum: 0.9]
      [Update RS (ms): Min: 1.1, Avg: 1.1, Max: 1.2, Diff: 0.1, Sum: 2.3]
         [Processed Buffers: Min: 3, Avg: 18.0, Max: 33, Diff: 30, Sum: 36]
      [Scan RS (ms): Min: 0.7, Avg: 0.7, Max: 0.8, Diff: 0.1, Sum: 1.4]
      [Code Root Scanning (ms): Min: 0.0, Avg: 0.0, Max: 0.0, Diff: 0.0, Sum: 0.0]
      [Object Copy (ms): Min: 3.6, Avg: 3.6, Max: 3.6, Diff: 0.0, Sum: 7.2]
      [Termination (ms): Min: 0.0, Avg: 0.0, Max: 0.0, Diff: 0.0, Sum: 0.0]
         [Termination Attempts: Min: 1, Avg: 1.0, Max: 1, Diff: 0, Sum: 2]
      [GC Worker Other (ms): Min: 0.0, Avg: 0.0, Max: 0.0, Diff: 0.0, Sum: 0.0]
      [GC Worker Total (ms): Min: 5.9, Avg: 5.9, Max: 6.0, Diff: 0.0, Sum: 11.9]
      [GC Worker End (ms): Min: 6674339.3, Avg: 6674339.3, Max: 6674339.3, Diff: 0.0]
   [Code Root Fixup: 0.0 ms]
   [Code Root Purge: 0.0 ms]
   [Clear CT: 0.1 ms]
   [Other: 0.6 ms]
      [Choose CSet: 0.0 ms]
      [Ref Proc: 0.3 ms]
      [Ref Enq: 0.0 ms]
      [Redirty Cards: 0.1 ms]
      [Humongous Register: 0.0 ms]
      [Humongous Reclaim: 0.0 ms]
      [Free CSet: 0.0 ms]
   [Eden: 48.0M(48.0M)->0.0B(46.0M) Survivors: 3072.0K->5120.0K Heap: 231.5M(1024.0M)->185.5M(1024.0M)]
 [Times: user=0.02 sys=0.00, real=0.00 secs] 
2017-09-19T14:38:12.324+0900: 6770.217: [GC pause (G1 Evacuation Pause) (young), 0.0502476 secs]
   [Parallel Time: 49.5 ms, GC Workers: 2]
      [GC Worker Start (ms): Min: 6770217.0, Avg: 6770217.0, Max: 6770217.0, Diff: 0.1]
      [Ext Root Scanning (ms): Min: 1.6, Avg: 1.6, Max: 1.6, Diff: 0.0, Sum: 3.2]
      [Update RS (ms): Min: 3.3, Avg: 3.4, Max: 3.4, Diff: 0.1, Sum: 6.8]
         [Processed Buffers: Min: 17, Avg: 18.5, Max: 20, Diff: 3, Sum: 37]
      [Scan RS (ms): Min: 4.3, Avg: 4.5, Max: 4.6, Diff: 0.3, Sum: 8.9]
      [Code Root Scanning (ms): Min: 0.0, Avg: 0.0, Max: 0.0, Diff: 0.0, Sum: 0.0]
      [Object Copy (ms): Min: 31.2, Avg: 32.7, Max: 34.1, Diff: 2.9, Sum: 65.3]
      [Termination (ms): Min: 0.0, Avg: 4.4, Max: 8.8, Diff: 8.8, Sum: 8.8]
         [Termination Attempts: Min: 1, Avg: 1.0, Max: 1, Diff: 0, Sum: 2]
      [GC Worker Other (ms): Min: 0.0, Avg: 0.0, Max: 0.0, Diff: 0.0, Sum: 0.0]
      [GC Worker Total (ms): Min: 43.6, Avg: 46.5, Max: 49.4, Diff: 5.8, Sum: 93.0]
      [GC Worker End (ms): Min: 6770260.7, Avg: 6770263.5, Max: 6770266.4, Diff: 5.7]
   [Code Root Fixup: 0.0 ms]
   [Code Root Purge: 0.0 ms]
   [Clear CT: 0.0 ms]
   [Other: 0.7 ms]
      [Choose CSet: 0.0 ms]
      [Ref Proc: 0.1 ms]
      [Ref Enq: 0.0 ms]
      [Redirty Cards: 0.1 ms]
      [Humongous Register: 0.1 ms]
      [Humongous Reclaim: 0.0 ms]
      [Free CSet: 0.0 ms]
   [Eden: 46.0M(46.0M)->0.0B(44.0M) Survivors: 5120.0K->7168.0K Heap: 231.5M(1024.0M)->187.5M(1024.0M)]
 [Times: user=0.06 sys=0.00, real=0.05 secs] 
2017-09-19T14:39:44.159+0900: 6862.052: [GC pause (G1 Evacuation Pause) (young), 0.0370345 secs]
   [Parallel Time: 33.3 ms, GC Workers: 2]
      [GC Worker Start (ms): Min: 6862052.1, Avg: 6862052.2, Max: 6862052.3, Diff: 0.1]
      [Ext Root Scanning (ms): Min: 1.5, Avg: 1.6, Max: 1.7, Diff: 0.2, Sum: 3.2]
      [Update RS (ms): Min: 5.5, Avg: 5.6, Max: 5.7, Diff: 0.3, Sum: 11.2]
         [Processed Buffers: Min: 3, Avg: 17.0, Max: 31, Diff: 28, Sum: 34]
      [Scan RS (ms): Min: 3.7, Avg: 3.9, Max: 4.1, Diff: 0.4, Sum: 7.8]
      [Code Root Scanning (ms): Min: 0.0, Avg: 0.0, Max: 0.0, Diff: 0.0, Sum: 0.0]
      [Object Copy (ms): Min: 20.0, Avg: 20.4, Max: 20.9, Diff: 0.8, Sum: 40.9]
      [Termination (ms): Min: 0.0, Avg: 0.8, Max: 1.7, Diff: 1.7, Sum: 1.7]
         [Termination Attempts: Min: 1, Avg: 1.0, Max: 1, Diff: 0, Sum: 2]
      [GC Worker Other (ms): Min: 0.0, Avg: 0.0, Max: 0.0, Diff: 0.0, Sum: 0.1]
      [GC Worker Total (ms): Min: 32.0, Avg: 32.4, Max: 32.8, Diff: 0.8, Sum: 64.8]
      [GC Worker End (ms): Min: 6862084.1, Avg: 6862084.6, Max: 6862085.1, Diff: 0.9]
   [Code Root Fixup: 0.1 ms]
   [Code Root Purge: 0.0 ms]
   [Clear CT: 1.2 ms]
   [Other: 2.4 ms]
      [Choose CSet: 0.0 ms]
      [Ref Proc: 1.7 ms]
      [Ref Enq: 0.0 ms]
      [Redirty Cards: 0.1 ms]
      [Humongous Register: 0.1 ms]
      [Humongous Reclaim: 0.1 ms]
      [Free CSet: 0.1 ms]
   [Eden: 44.0M(44.0M)->0.0B(48.0M) Survivors: 7168.0K->3072.0K Heap: 231.5M(1024.0M)->185.3M(1024.0M)]
 [Times: user=0.06 sys=0.00, real=0.04 secs] 
2017-09-19T14:41:24.343+0900: 6962.236: [GC pause (G1 Evacuation Pause) (young), 0.0294013 secs]
   [Parallel Time: 19.6 ms, GC Workers: 2]
      [GC Worker Start (ms): Min: 6962235.9, Avg: 6962238.5, Max: 6962241.0, Diff: 5.1]
      [Ext Root Scanning (ms): Min: 0.0, Avg: 0.9, Max: 1.8, Diff: 1.8, Sum: 1.8]
      [Update RS (ms): Min: 0.3, Avg: 6.1, Max: 11.9, Diff: 11.6, Sum: 12.2]
         [Processed Buffers: Min: 13, Avg: 20.0, Max: 27, Diff: 14, Sum: 40]
      [Scan RS (ms): Min: 0.0, Avg: 0.6, Max: 1.3, Diff: 1.3, Sum: 1.3]
      [Code Root Scanning (ms): Min: 0.0, Avg: 0.0, Max: 0.0, Diff: 0.0, Sum: 0.0]
      [Object Copy (ms): Min: 5.9, Avg: 9.2, Max: 12.5, Diff: 6.6, Sum: 18.4]
      [Termination (ms): Min: 0.0, Avg: 0.2, Max: 0.4, Diff: 0.4, Sum: 0.4]
         [Termination Attempts: Min: 1, Avg: 1.0, Max: 1, Diff: 0, Sum: 2]
      [GC Worker Other (ms): Min: 0.0, Avg: 0.0, Max: 0.0, Diff: 0.0, Sum: 0.0]
      [GC Worker Total (ms): Min: 14.5, Avg: 17.1, Max: 19.6, Diff: 5.1, Sum: 34.2]
      [GC Worker End (ms): Min: 6962255.5, Avg: 6962255.5, Max: 6962255.5, Diff: 0.0]
   [Code Root Fixup: 0.0 ms]
   [Code Root Purge: 0.0 ms]
   [Clear CT: 0.1 ms]
   [Other: 9.7 ms]
      [Choose CSet: 0.0 ms]
      [Ref Proc: 9.1 ms]
      [Ref Enq: 0.0 ms]
      [Redirty Cards: 0.0 ms]
      [Humongous Register: 0.1 ms]
      [Humongous Reclaim: 0.0 ms]
      [Free CSet: 0.1 ms]
   [Eden: 48.0M(48.0M)->0.0B(46.0M) Survivors: 3072.0K->5120.0K Heap: 233.3M(1024.0M)->187.3M(1024.0M)]
 [Times: user=0.02 sys=0.00, real=0.03 secs] 
2017-09-19T14:43:00.576+0900: 7058.470: [GC pause (G1 Evacuation Pause) (young), 0.0799962 secs]
   [Parallel Time: 71.0 ms, GC Workers: 2]
      [GC Worker Start (ms): Min: 7058469.9, Avg: 7058469.9, Max: 7058470.0, Diff: 0.2]
      [Ext Root Scanning (ms): Min: 1.6, Avg: 1.7, Max: 1.7, Diff: 0.2, Sum: 3.3]
      [Update RS (ms): Min: 4.7, Avg: 4.9, Max: 5.2, Diff: 0.5, Sum: 9.9]
         [Processed Buffers: Min: 13, Avg: 17.0, Max: 21, Diff: 8, Sum: 34]
      [Scan RS (ms): Min: 6.3, Avg: 8.0, Max: 9.7, Diff: 3.4, Sum: 16.0]
      [Code Root Scanning (ms): Min: 0.0, Avg: 0.0, Max: 0.0, Diff: 0.0, Sum: 0.0]
      [Object Copy (ms): Min: 47.9, Avg: 51.2, Max: 54.5, Diff: 6.6, Sum: 102.3]
      [Termination (ms): Min: 0.0, Avg: 4.9, Max: 9.7, Diff: 9.7, Sum: 9.7]
         [Termination Attempts: Min: 1, Avg: 1.0, Max: 1, Diff: 0, Sum: 2]
      [GC Worker Other (ms): Min: 0.0, Avg: 0.0, Max: 0.0, Diff: 0.0, Sum: 0.0]
      [GC Worker Total (ms): Min: 70.5, Avg: 70.7, Max: 70.8, Diff: 0.3, Sum: 141.3]
      [GC Worker End (ms): Min: 7058540.5, Avg: 7058540.6, Max: 7058540.7, Diff: 0.2]
   [Code Root Fixup: 0.2 ms]
   [Code Root Purge: 0.0 ms]
   [Clear CT: 0.1 ms]
   [Other: 8.8 ms]
      [Choose CSet: 0.0 ms]
      [Ref Proc: 8.3 ms]
      [Ref Enq: 0.0 ms]
      [Redirty Cards: 0.0 ms]
      [Humongous Register: 0.1 ms]
      [Humongous Reclaim: 0.0 ms]
      [Free CSet: 0.0 ms]
   [Eden: 46.0M(46.0M)->0.0B(45.0M) Survivors: 5120.0K->6144.0K Heap: 233.3M(1024.0M)->189.5M(1024.0M)]
 [Times: user=0.10 sys=0.00, real=0.08 secs] 
2017-09-19T14:44:34.346+0900: 7152.239: [GC pause (G1 Evacuation Pause) (young), 0.0583840 secs]
   [Parallel Time: 57.5 ms, GC Workers: 2]
      [GC Worker Start (ms): Min: 7152239.0, Avg: 7152239.1, Max: 7152239.1, Diff: 0.1]
      [Ext Root Scanning (ms): Min: 1.7, Avg: 1.8, Max: 1.8, Diff: 0.1, Sum: 3.6]
      [Update RS (ms): Min: 3.3, Avg: 3.5, Max: 3.6, Diff: 0.2, Sum: 6.9]
         [Processed Buffers: Min: 1, Avg: 16.5, Max: 32, Diff: 31, Sum: 33]
      [Scan RS (ms): Min: 4.2, Avg: 4.6, Max: 4.9, Diff: 0.7, Sum: 9.1]
      [Code Root Scanning (ms): Min: 0.0, Avg: 0.0, Max: 0.0, Diff: 0.0, Sum: 0.0]
      [Object Copy (ms): Min: 39.7, Avg: 43.8, Max: 47.8, Diff: 8.1, Sum: 87.6]
      [Termination (ms): Min: 0.0, Avg: 3.8, Max: 7.7, Diff: 7.7, Sum: 7.7]
         [Termination Attempts: Min: 1, Avg: 1.5, Max: 2, Diff: 1, Sum: 3]
      [GC Worker Other (ms): Min: 0.0, Avg: 0.0, Max: 0.0, Diff: 0.0, Sum: 0.0]
      [GC Worker Total (ms): Min: 57.4, Avg: 57.5, Max: 57.5, Diff: 0.1, Sum: 114.9]
      [GC Worker End (ms): Min: 7152296.5, Avg: 7152296.5, Max: 7152296.5, Diff: 0.0]
   [Code Root Fixup: 0.1 ms]
   [Code Root Purge: 0.0 ms]
   [Clear CT: 0.1 ms]
   [Other: 0.7 ms]
      [Choose CSet: 0.0 ms]
      [Ref Proc: 0.2 ms]
      [Ref Enq: 0.0 ms]
      [Redirty Cards: 0.1 ms]
      [Humongous Register: 0.1 ms]
      [Humongous Reclaim: 0.0 ms]
      [Free CSet: 0.0 ms]
   [Eden: 45.0M(45.0M)->0.0B(48.0M) Survivors: 6144.0K->3072.0K Heap: 234.5M(1024.0M)->187.9M(1024.0M)]
 [Times: user=0.06 sys=0.00, real=0.06 secs] 
2017-09-19T14:46:10.156+0900: 7248.049: [GC pause (G1 Evacuation Pause) (young), 0.0186351 secs]
   [Parallel Time: 17.4 ms, GC Workers: 2]
      [GC Worker Start (ms): Min: 7248049.1, Avg: 7248049.2, Max: 7248049.3, Diff: 0.2]
      [Ext Root Scanning (ms): Min: 0.6, Avg: 0.7, Max: 0.8, Diff: 0.2, Sum: 1.5]
      [Update RS (ms): Min: 1.1, Avg: 1.2, Max: 1.2, Diff: 0.1, Sum: 2.4]
         [Processed Buffers: Min: 13, Avg: 16.5, Max: 20, Diff: 7, Sum: 33]
      [Scan RS (ms): Min: 2.4, Avg: 2.4, Max: 2.5, Diff: 0.1, Sum: 4.9]
      [Code Root Scanning (ms): Min: 0.0, Avg: 0.0, Max: 0.0, Diff: 0.0, Sum: 0.0]
      [Object Copy (ms): Min: 12.7, Avg: 12.7, Max: 12.7, Diff: 0.0, Sum: 25.4]
      [Termination (ms): Min: 0.0, Avg: 0.0, Max: 0.0, Diff: 0.0, Sum: 0.0]
         [Termination Attempts: Min: 1, Avg: 1.0, Max: 1, Diff: 0, Sum: 2]
      [GC Worker Other (ms): Min: 0.0, Avg: 0.0, Max: 0.0, Diff: 0.0, Sum: 0.0]
      [GC Worker Total (ms): Min: 17.0, Avg: 17.1, Max: 17.2, Diff: 0.2, Sum: 34.2]
      [GC Worker End (ms): Min: 7248066.3, Avg: 7248066.3, Max: 7248066.3, Diff: 0.0]
   [Code Root Fixup: 0.0 ms]
   [Code Root Purge: 0.0 ms]
   [Clear CT: 0.2 ms]
   [Other: 1.0 ms]
      [Choose CSet: 0.0 ms]
      [Ref Proc: 0.4 ms]
      [Ref Enq: 0.0 ms]
      [Redirty Cards: 0.3 ms]
      [Humongous Register: 0.0 ms]
      [Humongous Reclaim: 0.0 ms]
      [Free CSet: 0.1 ms]
   [Eden: 48.0M(48.0M)->0.0B(44.0M) Survivors: 3072.0K->7168.0K Heap: 235.9M(1024.0M)->191.4M(1024.0M)]
 [Times: user=0.04 sys=0.00, real=0.01 secs] 
2017-09-19T14:47:41.849+0900: 7339.742: [GC pause (G1 Evacuation Pause) (young), 0.0092740 secs]
   [Parallel Time: 6.4 ms, GC Workers: 2]
      [GC Worker Start (ms): Min: 7339742.5, Avg: 7339742.6, Max: 7339742.7, Diff: 0.2]
      [Ext Root Scanning (ms): Min: 0.6, Avg: 0.7, Max: 0.8, Diff: 0.2, Sum: 1.4]
      [Update RS (ms): Min: 0.5, Avg: 0.7, Max: 0.9, Diff: 0.4, Sum: 1.5]
         [Processed Buffers: Min: 6, Avg: 15.5, Max: 25, Diff: 19, Sum: 31]
      [Scan RS (ms): Min: 0.6, Avg: 0.8, Max: 1.0, Diff: 0.4, Sum: 1.5]
      [Code Root Scanning (ms): Min: 0.0, Avg: 0.0, Max: 0.0, Diff: 0.0, Sum: 0.0]
      [Object Copy (ms): Min: 3.6, Avg: 3.6, Max: 3.7, Diff: 0.0, Sum: 7.3]
      [Termination (ms): Min: 0.0, Avg: 0.0, Max: 0.0, Diff: 0.0, Sum: 0.0]
         [Termination Attempts: Min: 1, Avg: 1.0, Max: 1, Diff: 0, Sum: 2]
      [GC Worker Other (ms): Min: 0.0, Avg: 0.0, Max: 0.0, Diff: 0.0, Sum: 0.0]
      [GC Worker Total (ms): Min: 5.8, Avg: 5.9, Max: 6.0, Diff: 0.2, Sum: 11.7]
      [GC Worker End (ms): Min: 7339748.5, Avg: 7339748.5, Max: 7339748.5, Diff: 0.0]
   [Code Root Fixup: 0.2 ms]
   [Code Root Purge: 0.2 ms]
   [Clear CT: 0.5 ms]
   [Other: 1.9 ms]
      [Choose CSet: 0.0 ms]
      [Ref Proc: 1.0 ms]
      [Ref Enq: 0.0 ms]
      [Redirty Cards: 0.2 ms]
      [Humongous Register: 0.0 ms]
      [Humongous Reclaim: 0.0 ms]
      [Free CSet: 0.0 ms]
   [Eden: 44.0M(44.0M)->0.0B(47.0M) Survivors: 7168.0K->4096.0K Heap: 235.4M(1024.0M)->189.5M(1024.0M)]
 [Times: user=0.01 sys=0.00, real=0.01 secs] 
2017-09-19T14:49:20.209+0900: 7438.102: [GC pause (G1 Evacuation Pause) (young), 0.0080062 secs]
   [Parallel Time: 7.4 ms, GC Workers: 2]
      [GC Worker Start (ms): Min: 7438102.3, Avg: 7438102.3, Max: 7438102.3, Diff: 0.0]
      [Ext Root Scanning (ms): Min: 0.4, Avg: 0.4, Max: 0.5, Diff: 0.0, Sum: 0.9]
      [Update RS (ms): Min: 0.6, Avg: 0.6, Max: 0.7, Diff: 0.0, Sum: 1.3]
         [Processed Buffers: Min: 14, Avg: 17.0, Max: 20, Diff: 6, Sum: 34]
      [Scan RS (ms): Min: 0.7, Avg: 0.7, Max: 0.8, Diff: 0.0, Sum: 1.5]
      [Code Root Scanning (ms): Min: 0.0, Avg: 0.0, Max: 0.0, Diff: 0.0, Sum: 0.0]
      [Object Copy (ms): Min: 4.2, Avg: 4.8, Max: 5.5, Diff: 1.3, Sum: 9.7]
      [Termination (ms): Min: 0.0, Avg: 0.7, Max: 1.3, Diff: 1.3, Sum: 1.3]
         [Termination Attempts: Min: 1, Avg: 1.0, Max: 1, Diff: 0, Sum: 2]
      [GC Worker Other (ms): Min: 0.0, Avg: 0.0, Max: 0.0, Diff: 0.0, Sum: 0.0]
      [GC Worker Total (ms): Min: 7.3, Avg: 7.3, Max: 7.3, Diff: 0.0, Sum: 14.7]
      [GC Worker End (ms): Min: 7438109.6, Avg: 7438109.6, Max: 7438109.6, Diff: 0.0]
   [Code Root Fixup: 0.0 ms]
   [Code Root Purge: 0.0 ms]
   [Clear CT: 0.1 ms]
   [Other: 0.5 ms]
      [Choose CSet: 0.0 ms]
      [Ref Proc: 0.2 ms]
      [Ref Enq: 0.0 ms]
      [Redirty Cards: 0.1 ms]
      [Humongous Register: 0.0 ms]
      [Humongous Reclaim: 0.0 ms]
      [Free CSet: 0.1 ms]
   [Eden: 47.0M(47.0M)->0.0B(46.0M) Survivors: 4096.0K->5120.0K Heap: 236.5M(1024.0M)->190.5M(1024.0M)]
 [Times: user=0.01 sys=0.00, real=0.01 secs] 
2017-09-19T14:50:55.914+0900: 7533.807: [GC pause (G1 Evacuation Pause) (young), 0.0113948 secs]
   [Parallel Time: 10.5 ms, GC Workers: 2]
      [GC Worker Start (ms): Min: 7533807.0, Avg: 7533807.0, Max: 7533807.0, Diff: 0.0]
      [Ext Root Scanning (ms): Min: 1.0, Avg: 1.0, Max: 1.1, Diff: 0.1, Sum: 2.1]
      [Update RS (ms): Min: 1.2, Avg: 1.2, Max: 1.2, Diff: 0.0, Sum: 2.4]
         [Processed Buffers: Min: 7, Avg: 17.5, Max: 28, Diff: 21, Sum: 35]
      [Scan RS (ms): Min: 0.6, Avg: 0.6, Max: 0.6, Diff: 0.0, Sum: 1.2]
      [Code Root Scanning (ms): Min: 0.0, Avg: 0.0, Max: 0.0, Diff: 0.0, Sum: 0.0]
      [Object Copy (ms): Min: 7.3, Avg: 7.3, Max: 7.4, Diff: 0.1, Sum: 14.7]
      [Termination (ms): Min: 0.0, Avg: 0.0, Max: 0.0, Diff: 0.0, Sum: 0.0]
         [Termination Attempts: Min: 1, Avg: 1.0, Max: 1, Diff: 0, Sum: 2]
      [GC Worker Other (ms): Min: 0.0, Avg: 0.0, Max: 0.0, Diff: 0.0, Sum: 0.0]
      [GC Worker Total (ms): Min: 10.2, Avg: 10.2, Max: 10.2, Diff: 0.0, Sum: 20.4]
      [GC Worker End (ms): Min: 7533817.2, Avg: 7533817.2, Max: 7533817.2, Diff: 0.0]
   [Code Root Fixup: 0.0 ms]
   [Code Root Purge: 0.0 ms]
   [Clear CT: 0.1 ms]
   [Other: 0.8 ms]
      [Choose CSet: 0.0 ms]
      [Ref Proc: 0.2 ms]
      [Ref Enq: 0.0 ms]
      [Redirty Cards: 0.2 ms]
      [Humongous Register: 0.1 ms]
      [Humongous Reclaim: 0.0 ms]
      [Free CSet: 0.0 ms]
   [Eden: 46.0M(46.0M)->0.0B(45.0M) Survivors: 5120.0K->6144.0K Heap: 236.5M(1024.0M)->192.8M(1024.0M)]
 [Times: user=0.02 sys=0.00, real=0.01 secs] 
2017-09-19T14:52:29.425+0900: 7627.318: [GC pause (G1 Evacuation Pause) (young), 0.0153883 secs]
   [Parallel Time: 14.5 ms, GC Workers: 2]
      [GC Worker Start (ms): Min: 7627317.9, Avg: 7627317.9, Max: 7627318.0, Diff: 0.0]
      [Ext Root Scanning (ms): Min: 0.4, Avg: 0.4, Max: 0.5, Diff: 0.1, Sum: 0.9]
      [Update RS (ms): Min: 1.1, Avg: 1.1, Max: 1.1, Diff: 0.1, Sum: 2.2]
         [Processed Buffers: Min: 13, Avg: 18.0, Max: 23, Diff: 10, Sum: 36]
      [Scan RS (ms): Min: 0.1, Avg: 0.1, Max: 0.2, Diff: 0.1, Sum: 0.3]
      [Code Root Scanning (ms): Min: 0.0, Avg: 0.0, Max: 0.0, Diff: 0.0, Sum: 0.0]
      [Object Copy (ms): Min: 12.6, Avg: 12.6, Max: 12.6, Diff: 0.0, Sum: 25.2]
      [Termination (ms): Min: 0.0, Avg: 0.0, Max: 0.0, Diff: 0.0, Sum: 0.0]
         [Termination Attempts: Min: 1, Avg: 1.5, Max: 2, Diff: 1, Sum: 3]
      [GC Worker Other (ms): Min: 0.0, Avg: 0.0, Max: 0.0, Diff: 0.0, Sum: 0.0]
      [GC Worker Total (ms): Min: 14.3, Avg: 14.3, Max: 14.4, Diff: 0.0, Sum: 28.7]
      [GC Worker End (ms): Min: 7627332.3, Avg: 7627332.3, Max: 7627332.3, Diff: 0.0]
   [Code Root Fixup: 0.0 ms]
   [Code Root Purge: 0.0 ms]
   [Clear CT: 0.1 ms]
   [Other: 0.8 ms]
      [Choose CSet: 0.0 ms]
      [Ref Proc: 0.2 ms]
      [Ref Enq: 0.0 ms]
      [Redirty Cards: 0.2 ms]
      [Humongous Register: 0.0 ms]
      [Humongous Reclaim: 0.0 ms]
      [Free CSet: 0.1 ms]
   [Eden: 45.0M(45.0M)->0.0B(47.0M) Survivors: 6144.0K->4096.0K Heap: 237.8M(1024.0M)->192.0M(1024.0M)]
 [Times: user=0.02 sys=0.00, real=0.02 secs] 
2017-09-19T14:54:07.399+0900: 7725.292: [GC pause (G1 Evacuation Pause) (young), 0.0199299 secs]
   [Parallel Time: 12.1 ms, GC Workers: 2]
      [GC Worker Start (ms): Min: 7725292.5, Avg: 7725292.5, Max: 7725292.5, Diff: 0.0]
      [Ext Root Scanning (ms): Min: 0.6, Avg: 0.7, Max: 0.7, Diff: 0.0, Sum: 1.3]
      [Update RS (ms): Min: 1.2, Avg: 1.2, Max: 1.2, Diff: 0.0, Sum: 2.5]
         [Processed Buffers: Min: 14, Avg: 18.5, Max: 23, Diff: 9, Sum: 37]
      [Scan RS (ms): Min: 0.2, Avg: 0.2, Max: 0.2, Diff: 0.0, Sum: 0.4]
      [Code Root Scanning (ms): Min: 0.0, Avg: 0.0, Max: 0.0, Diff: 0.0, Sum: 0.0]
      [Object Copy (ms): Min: 9.8, Avg: 9.8, Max: 9.8, Diff: 0.0, Sum: 19.6]
      [Termination (ms): Min: 0.0, Avg: 0.0, Max: 0.0, Diff: 0.0, Sum: 0.0]
         [Termination Attempts: Min: 1, Avg: 1.0, Max: 1, Diff: 0, Sum: 2]
      [GC Worker Other (ms): Min: 0.0, Avg: 0.0, Max: 0.0, Diff: 0.0, Sum: 0.0]
      [GC Worker Total (ms): Min: 11.9, Avg: 11.9, Max: 11.9, Diff: 0.0, Sum: 23.9]
      [GC Worker End (ms): Min: 7725304.5, Avg: 7725304.5, Max: 7725304.5, Diff: 0.0]
   [Code Root Fixup: 0.1 ms]
   [Code Root Purge: 0.0 ms]
   [Clear CT: 6.6 ms]
   [Other: 1.2 ms]
      [Choose CSet: 0.0 ms]
      [Ref Proc: 0.8 ms]
      [Ref Enq: 0.0 ms]
      [Redirty Cards: 0.1 ms]
      [Humongous Register: 0.0 ms]
      [Humongous Reclaim: 0.0 ms]
      [Free CSet: 0.0 ms]
   [Eden: 47.0M(47.0M)->0.0B(46.0M) Survivors: 4096.0K->5120.0K Heap: 239.0M(1024.0M)->193.5M(1024.0M)]
 [Times: user=0.02 sys=0.00, real=0.02 secs] 
2017-09-19T14:55:39.164+0900: 7817.057: [GC pause (G1 Evacuation Pause) (young), 0.0158159 secs]
   [Parallel Time: 14.6 ms, GC Workers: 2]
      [GC Worker Start (ms): Min: 7817056.9, Avg: 7817057.0, Max: 7817057.0, Diff: 0.0]
      [Ext Root Scanning (ms): Min: 0.4, Avg: 0.4, Max: 0.5, Diff: 0.1, Sum: 0.9]
      [Update RS (ms): Min: 0.8, Avg: 0.9, Max: 0.9, Diff: 0.0, Sum: 1.7]
         [Processed Buffers: Min: 15, Avg: 19.5, Max: 24, Diff: 9, Sum: 39]
      [Scan RS (ms): Min: 0.1, Avg: 0.1, Max: 0.1, Diff: 0.0, Sum: 0.2]
      [Code Root Scanning (ms): Min: 0.0, Avg: 0.0, Max: 0.0, Diff: 0.0, Sum: 0.0]
      [Object Copy (ms): Min: 13.2, Avg: 13.2, Max: 13.2, Diff: 0.0, Sum: 26.3]
      [Termination (ms): Min: 0.0, Avg: 0.0, Max: 0.0, Diff: 0.0, Sum: 0.0]
         [Termination Attempts: Min: 1, Avg: 1.0, Max: 1, Diff: 0, Sum: 2]
      [GC Worker Other (ms): Min: 0.0, Avg: 0.0, Max: 0.0, Diff: 0.0, Sum: 0.0]
      [GC Worker Total (ms): Min: 14.5, Avg: 14.6, Max: 14.6, Diff: 0.0, Sum: 29.1]
      [GC Worker End (ms): Min: 7817071.5, Avg: 7817071.5, Max: 7817071.5, Diff: 0.0]
   [Code Root Fixup: 0.1 ms]
   [Code Root Purge: 0.0 ms]
   [Clear CT: 0.1 ms]
   [Other: 1.1 ms]
      [Choose CSet: 0.0 ms]
      [Ref Proc: 0.2 ms]
      [Ref Enq: 0.0 ms]
      [Redirty Cards: 0.4 ms]
      [Humongous Register: 0.0 ms]
      [Humongous Reclaim: 0.0 ms]
      [Free CSet: 0.1 ms]
   [Eden: 46.0M(46.0M)->0.0B(48.0M) Survivors: 5120.0K->3072.0K Heap: 239.5M(1024.0M)->192.1M(1024.0M)]
 [Times: user=0.02 sys=0.01, real=0.02 secs] 
2017-09-19T14:57:11.940+0900: 7909.833: [GC pause (G1 Evacuation Pause) (young), 0.0364704 secs]
   [Parallel Time: 34.6 ms, GC Workers: 2]
      [GC Worker Start (ms): Min: 7909833.6, Avg: 7909833.6, Max: 7909833.6, Diff: 0.1]
      [Ext Root Scanning (ms): Min: 1.6, Avg: 1.7, Max: 1.7, Diff: 0.1, Sum: 3.3]
      [Update RS (ms): Min: 5.3, Avg: 5.5, Max: 5.7, Diff: 0.4, Sum: 11.0]
         [Processed Buffers: Min: 8, Avg: 20.5, Max: 33, Diff: 25, Sum: 41]
      [Scan RS (ms): Min: 2.0, Avg: 2.3, Max: 2.5, Diff: 0.5, Sum: 4.5]
      [Code Root Scanning (ms): Min: 0.0, Avg: 0.0, Max: 0.0, Diff: 0.0, Sum: 0.0]
      [Object Copy (ms): Min: 24.9, Avg: 25.0, Max: 25.1, Diff: 0.2, Sum: 50.0]
      [Termination (ms): Min: 0.0, Avg: 0.0, Max: 0.0, Diff: 0.0, Sum: 0.0]
         [Termination Attempts: Min: 2, Avg: 3.5, Max: 5, Diff: 3, Sum: 7]
      [GC Worker Other (ms): Min: 0.0, Avg: 0.0, Max: 0.1, Diff: 0.0, Sum: 0.1]
      [GC Worker Total (ms): Min: 34.5, Avg: 34.5, Max: 34.6, Diff: 0.1, Sum: 69.0]
      [GC Worker End (ms): Min: 7909868.1, Avg: 7909868.1, Max: 7909868.1, Diff: 0.0]
   [Code Root Fixup: 0.2 ms]
   [Code Root Purge: 0.0 ms]
   [Clear CT: 0.1 ms]
   [Other: 1.5 ms]
      [Choose CSet: 0.0 ms]
      [Ref Proc: 0.4 ms]
      [Ref Enq: 0.0 ms]
      [Redirty Cards: 0.4 ms]
      [Humongous Register: 0.1 ms]
      [Humongous Reclaim: 0.0 ms]
      [Free CSet: 0.1 ms]
   [Eden: 48.0M(48.0M)->0.0B(46.0M) Survivors: 3072.0K->5120.0K Heap: 240.1M(1024.0M)->193.6M(1024.0M)]
 [Times: user=0.07 sys=0.00, real=0.04 secs] 
2017-09-19T14:58:40.080+0900: 7997.973: [GC pause (G1 Evacuation Pause) (young), 0.0062858 secs]
   [Parallel Time: 5.8 ms, GC Workers: 2]
      [GC Worker Start (ms): Min: 7997972.7, Avg: 7997972.7, Max: 7997972.7, Diff: 0.0]
      [Ext Root Scanning (ms): Min: 0.4, Avg: 0.5, Max: 0.5, Diff: 0.0, Sum: 0.9]
      [Update RS (ms): Min: 1.0, Avg: 1.0, Max: 1.0, Diff: 0.0, Sum: 1.9]
         [Processed Buffers: Min: 7, Avg: 18.5, Max: 30, Diff: 23, Sum: 37]
      [Scan RS (ms): Min: 0.5, Avg: 0.5, Max: 0.5, Diff: 0.0, Sum: 1.0]
      [Code Root Scanning (ms): Min: 0.0, Avg: 0.0, Max: 0.0, Diff: 0.0, Sum: 0.0]
      [Object Copy (ms): Min: 3.8, Avg: 3.8, Max: 3.8, Diff: 0.0, Sum: 7.6]
      [Termination (ms): Min: 0.0, Avg: 0.0, Max: 0.0, Diff: 0.0, Sum: 0.0]
         [Termination Attempts: Min: 1, Avg: 1.0, Max: 1, Diff: 0, Sum: 2]
      [GC Worker Other (ms): Min: 0.0, Avg: 0.0, Max: 0.0, Diff: 0.0, Sum: 0.0]
      [GC Worker Total (ms): Min: 5.7, Avg: 5.7, Max: 5.7, Diff: 0.0, Sum: 11.4]
      [GC Worker End (ms): Min: 7997978.4, Avg: 7997978.4, Max: 7997978.4, Diff: 0.0]
   [Code Root Fixup: 0.0 ms]
   [Code Root Purge: 0.0 ms]
   [Clear CT: 0.1 ms]
   [Other: 0.4 ms]
      [Choose CSet: 0.0 ms]
      [Ref Proc: 0.2 ms]
      [Ref Enq: 0.0 ms]
      [Redirty Cards: 0.0 ms]
      [Humongous Register: 0.0 ms]
      [Humongous Reclaim: 0.0 ms]
      [Free CSet: 0.0 ms]
   [Eden: 46.0M(46.0M)->0.0B(47.0M) Survivors: 5120.0K->4096.0K Heap: 239.6M(1024.0M)->193.2M(1024.0M)]
 [Times: user=0.01 sys=0.00, real=0.00 secs] 
2017-09-19T15:00:10.600+0900: 8088.493: [GC pause (G1 Evacuation Pause) (young), 0.0077049 secs]
   [Parallel Time: 7.2 ms, GC Workers: 2]
      [GC Worker Start (ms): Min: 8088492.7, Avg: 8088492.7, Max: 8088492.7, Diff: 0.0]
      [Ext Root Scanning (ms): Min: 0.4, Avg: 0.5, Max: 0.5, Diff: 0.1, Sum: 0.9]
      [Update RS (ms): Min: 1.1, Avg: 1.2, Max: 1.3, Diff: 0.1, Sum: 2.4]
         [Processed Buffers: Min: 7, Avg: 19.5, Max: 32, Diff: 25, Sum: 39]
      [Scan RS (ms): Min: 0.5, Avg: 0.6, Max: 0.6, Diff: 0.1, Sum: 1.2]
      [Code Root Scanning (ms): Min: 0.0, Avg: 0.0, Max: 0.0, Diff: 0.0, Sum: 0.0]
      [Object Copy (ms): Min: 4.9, Avg: 4.9, Max: 5.0, Diff: 0.0, Sum: 9.9]
      [Termination (ms): Min: 0.0, Avg: 0.0, Max: 0.0, Diff: 0.0, Sum: 0.0]
         [Termination Attempts: Min: 1, Avg: 1.5, Max: 2, Diff: 1, Sum: 3]
      [GC Worker Other (ms): Min: 0.0, Avg: 0.0, Max: 0.0, Diff: 0.0, Sum: 0.0]
      [GC Worker Total (ms): Min: 7.2, Avg: 7.2, Max: 7.2, Diff: 0.0, Sum: 14.4]
      [GC Worker End (ms): Min: 8088499.8, Avg: 8088499.8, Max: 8088499.8, Diff: 0.0]
   [Code Root Fixup: 0.0 ms]
   [Code Root Purge: 0.0 ms]
   [Clear CT: 0.0 ms]
   [Other: 0.4 ms]
      [Choose CSet: 0.0 ms]
      [Ref Proc: 0.1 ms]
      [Ref Enq: 0.0 ms]
      [Redirty Cards: 0.0 ms]
      [Humongous Register: 0.0 ms]
      [Humongous Reclaim: 0.0 ms]
      [Free CSet: 0.0 ms]
   [Eden: 47.0M(47.0M)->0.0B(45.0M) Survivors: 4096.0K->6144.0K Heap: 240.2M(1024.0M)->195.2M(1024.0M)]
 [Times: user=0.01 sys=0.00, real=0.01 secs] 
2017-09-19T15:01:39.556+0900: 8177.449: [GC pause (G1 Evacuation Pause) (young), 0.0307345 secs]
   [Parallel Time: 28.5 ms, GC Workers: 2]
      [GC Worker Start (ms): Min: 8177449.6, Avg: 8177449.7, Max: 8177449.7, Diff: 0.1]
      [Ext Root Scanning (ms): Min: 1.6, Avg: 1.7, Max: 1.7, Diff: 0.2, Sum: 3.3]
      [Update RS (ms): Min: 4.1, Avg: 4.1, Max: 4.1, Diff: 0.0, Sum: 8.2]
         [Processed Buffers: Min: 10, Avg: 20.0, Max: 30, Diff: 20, Sum: 40]
      [Scan RS (ms): Min: 2.2, Avg: 2.2, Max: 2.3, Diff: 0.1, Sum: 4.5]
      [Code Root Scanning (ms): Min: 0.0, Avg: 0.0, Max: 0.0, Diff: 0.0, Sum: 0.0]
      [Object Copy (ms): Min: 20.2, Avg: 20.3, Max: 20.4, Diff: 0.2, Sum: 40.6]
      [Termination (ms): Min: 0.0, Avg: 0.0, Max: 0.0, Diff: 0.0, Sum: 0.0]
         [Termination Attempts: Min: 1, Avg: 1.0, Max: 1, Diff: 0, Sum: 2]
      [GC Worker Other (ms): Min: 0.0, Avg: 0.0, Max: 0.0, Diff: 0.0, Sum: 0.0]
      [GC Worker Total (ms): Min: 28.3, Avg: 28.4, Max: 28.4, Diff: 0.1, Sum: 56.7]
      [GC Worker End (ms): Min: 8177478.0, Avg: 8177478.0, Max: 8177478.0, Diff: 0.0]
   [Code Root Fixup: 0.1 ms]
   [Code Root Purge: 0.0 ms]
   [Clear CT: 0.1 ms]
   [Other: 2.0 ms]
      [Choose CSet: 0.0 ms]
      [Ref Proc: 0.3 ms]
      [Ref Enq: 0.0 ms]
      [Redirty Cards: 1.1 ms]
      [Humongous Register: 0.1 ms]
      [Humongous Reclaim: 0.0 ms]
      [Free CSet: 0.1 ms]
   [Eden: 45.0M(45.0M)->0.0B(47.0M) Survivors: 6144.0K->4096.0K Heap: 240.2M(1024.0M)->195.0M(1024.0M)]
 [Times: user=0.05 sys=0.00, real=0.02 secs] 
2017-09-19T15:03:11.094+0900: 8268.987: [GC pause (G1 Evacuation Pause) (young), 0.0076094 secs]
   [Parallel Time: 6.9 ms, GC Workers: 2]
      [GC Worker Start (ms): Min: 8268987.3, Avg: 8268987.3, Max: 8268987.3, Diff: 0.0]
      [Ext Root Scanning (ms): Min: 0.4, Avg: 0.4, Max: 0.4, Diff: 0.0, Sum: 0.8]
      [Update RS (ms): Min: 1.3, Avg: 1.3, Max: 1.3, Diff: 0.0, Sum: 2.6]
         [Processed Buffers: Min: 14, Avg: 20.5, Max: 27, Diff: 13, Sum: 41]
      [Scan RS (ms): Min: 0.6, Avg: 0.6, Max: 0.6, Diff: 0.0, Sum: 1.1]
      [Code Root Scanning (ms): Min: 0.0, Avg: 0.0, Max: 0.0, Diff: 0.0, Sum: 0.0]
      [Object Copy (ms): Min: 4.5, Avg: 4.5, Max: 4.5, Diff: 0.0, Sum: 9.0]
      [Termination (ms): Min: 0.0, Avg: 0.0, Max: 0.0, Diff: 0.0, Sum: 0.0]
         [Termination Attempts: Min: 1, Avg: 1.5, Max: 2, Diff: 1, Sum: 3]
      [GC Worker Other (ms): Min: 0.0, Avg: 0.0, Max: 0.0, Diff: 0.0, Sum: 0.0]
      [GC Worker Total (ms): Min: 6.8, Avg: 6.8, Max: 6.8, Diff: 0.0, Sum: 13.6]
      [GC Worker End (ms): Min: 8268994.1, Avg: 8268994.1, Max: 8268994.1, Diff: 0.0]
   [Code Root Fixup: 0.0 ms]
   [Code Root Purge: 0.0 ms]
   [Clear CT: 0.1 ms]
   [Other: 0.6 ms]
      [Choose CSet: 0.0 ms]
      [Ref Proc: 0.2 ms]
      [Ref Enq: 0.0 ms]
      [Redirty Cards: 0.2 ms]
      [Humongous Register: 0.0 ms]
      [Humongous Reclaim: 0.0 ms]
      [Free CSet: 0.0 ms]
   [Eden: 47.0M(47.0M)->0.0B(45.0M) Survivors: 4096.0K->6144.0K Heap: 242.0M(1024.0M)->197.0M(1024.0M)]
 [Times: user=0.01 sys=0.00, real=0.01 secs] 
2017-09-19T15:04:37.611+0900: 8355.504: [GC pause (G1 Evacuation Pause) (young), 0.0257363 secs]
   [Parallel Time: 25.2 ms, GC Workers: 2]
      [GC Worker Start (ms): Min: 8355504.4, Avg: 8355504.4, Max: 8355504.4, Diff: 0.0]
      [Ext Root Scanning (ms): Min: 0.4, Avg: 0.5, Max: 0.5, Diff: 0.0, Sum: 0.9]
      [Update RS (ms): Min: 0.9, Avg: 0.9, Max: 0.9, Diff: 0.0, Sum: 1.8]
         [Processed Buffers: Min: 10, Avg: 19.0, Max: 28, Diff: 18, Sum: 38]
      [Scan RS (ms): Min: 0.3, Avg: 0.3, Max: 0.3, Diff: 0.0, Sum: 0.5]
      [Code Root Scanning (ms): Min: 0.0, Avg: 0.0, Max: 0.0, Diff: 0.0, Sum: 0.0]
      [Object Copy (ms): Min: 19.3, Avg: 21.4, Max: 23.5, Diff: 4.2, Sum: 42.8]
      [Termination (ms): Min: 0.0, Avg: 2.1, Max: 4.2, Diff: 4.2, Sum: 4.2]
         [Termination Attempts: Min: 1, Avg: 1.0, Max: 1, Diff: 0, Sum: 2]
      [GC Worker Other (ms): Min: 0.0, Avg: 0.0, Max: 0.0, Diff: 0.0, Sum: 0.0]
      [GC Worker Total (ms): Min: 25.1, Avg: 25.2, Max: 25.2, Diff: 0.0, Sum: 50.3]
      [GC Worker End (ms): Min: 8355529.6, Avg: 8355529.6, Max: 8355529.6, Diff: 0.0]
   [Code Root Fixup: 0.0 ms]
   [Code Root Purge: 0.0 ms]
   [Clear CT: 0.1 ms]
   [Other: 0.4 ms]
      [Choose CSet: 0.0 ms]
      [Ref Proc: 0.1 ms]
      [Ref Enq: 0.0 ms]
      [Redirty Cards: 0.1 ms]
      [Humongous Register: 0.0 ms]
      [Humongous Reclaim: 0.0 ms]
      [Free CSet: 0.0 ms]
   [Eden: 45.0M(45.0M)->0.0B(47.0M) Survivors: 6144.0K->4096.0K Heap: 242.0M(1024.0M)->196.4M(1024.0M)]
 [Times: user=0.02 sys=0.01, real=0.03 secs] 
2017-09-19T15:06:10.787+0900: 8448.680: [GC pause (G1 Evacuation Pause) (young), 0.0342443 secs]
   [Parallel Time: 32.9 ms, GC Workers: 2]
      [GC Worker Start (ms): Min: 8448680.0, Avg: 8448680.1, Max: 8448680.1, Diff: 0.1]
      [Ext Root Scanning (ms): Min: 1.7, Avg: 1.8, Max: 1.9, Diff: 0.1, Sum: 3.6]
      [Update RS (ms): Min: 7.7, Avg: 7.7, Max: 7.8, Diff: 0.0, Sum: 15.5]
         [Processed Buffers: Min: 10, Avg: 21.0, Max: 32, Diff: 22, Sum: 42]
      [Scan RS (ms): Min: 6.9, Avg: 6.9, Max: 6.9, Diff: 0.1, Sum: 13.8]
      [Code Root Scanning (ms): Min: 0.0, Avg: 0.0, Max: 0.0, Diff: 0.0, Sum: 0.0]
      [Object Copy (ms): Min: 16.2, Avg: 16.2, Max: 16.3, Diff: 0.1, Sum: 32.5]
      [Termination (ms): Min: 0.0, Avg: 0.0, Max: 0.0, Diff: 0.0, Sum: 0.0]
         [Termination Attempts: Min: 1, Avg: 1.0, Max: 1, Diff: 0, Sum: 2]
      [GC Worker Other (ms): Min: 0.0, Avg: 0.0, Max: 0.0, Diff: 0.0, Sum: 0.0]
      [GC Worker Total (ms): Min: 32.7, Avg: 32.7, Max: 32.8, Diff: 0.0, Sum: 65.5]
      [GC Worker End (ms): Min: 8448712.8, Avg: 8448712.8, Max: 8448712.8, Diff: 0.0]
   [Code Root Fixup: 0.1 ms]
   [Code Root Purge: 0.0 ms]
   [Clear CT: 0.1 ms]
   [Other: 1.1 ms]
      [Choose CSet: 0.0 ms]
      [Ref Proc: 0.4 ms]
      [Ref Enq: 0.0 ms]
      [Redirty Cards: 0.3 ms]
      [Humongous Register: 0.1 ms]
      [Humongous Reclaim: 0.0 ms]
      [Free CSet: 0.0 ms]
   [Eden: 47.0M(47.0M)->0.0B(45.0M) Survivors: 4096.0K->6144.0K Heap: 243.4M(1024.0M)->198.4M(1024.0M)]
 [Times: user=0.06 sys=0.00, real=0.04 secs] 
2017-09-19T15:07:39.837+0900: 8537.730: [GC pause (G1 Evacuation Pause) (young), 0.0337381 secs]
   [Parallel Time: 31.3 ms, GC Workers: 2]
      [GC Worker Start (ms): Min: 8537730.6, Avg: 8537730.7, Max: 8537730.8, Diff: 0.1]
      [Ext Root Scanning (ms): Min: 1.7, Avg: 1.8, Max: 1.8, Diff: 0.1, Sum: 3.5]
      [Update RS (ms): Min: 4.6, Avg: 4.7, Max: 4.8, Diff: 0.2, Sum: 9.5]
         [Processed Buffers: Min: 16, Avg: 20.0, Max: 24, Diff: 8, Sum: 40]
      [Scan RS (ms): Min: 1.6, Avg: 1.7, Max: 1.8, Diff: 0.2, Sum: 3.4]
      [Code Root Scanning (ms): Min: 0.0, Avg: 0.0, Max: 0.0, Diff: 0.0, Sum: 0.0]
      [Object Copy (ms): Min: 22.9, Avg: 22.9, Max: 22.9, Diff: 0.0, Sum: 45.8]
      [Termination (ms): Min: 0.0, Avg: 0.0, Max: 0.0, Diff: 0.0, Sum: 0.0]
         [Termination Attempts: Min: 1, Avg: 1.0, Max: 1, Diff: 0, Sum: 2]
      [GC Worker Other (ms): Min: 0.0, Avg: 0.0, Max: 0.0, Diff: 0.0, Sum: 0.1]
      [GC Worker Total (ms): Min: 31.1, Avg: 31.1, Max: 31.2, Diff: 0.1, Sum: 62.3]
      [GC Worker End (ms): Min: 8537761.8, Avg: 8537761.8, Max: 8537761.8, Diff: 0.0]
   [Code Root Fixup: 0.2 ms]
   [Code Root Purge: 0.0 ms]
   [Clear CT: 0.2 ms]
   [Other: 1.9 ms]
      [Choose CSet: 0.0 ms]
      [Ref Proc: 0.8 ms]
      [Ref Enq: 0.0 ms]
      [Redirty Cards: 0.6 ms]
      [Humongous Register: 0.1 ms]
      [Humongous Reclaim: 0.1 ms]
      [Free CSet: 0.1 ms]
   [Eden: 45.0M(45.0M)->0.0B(47.0M) Survivors: 6144.0K->4096.0K Heap: 243.4M(1024.0M)->197.9M(1024.0M)]
 [Times: user=0.06 sys=0.00, real=0.03 secs] 
2017-09-19T15:09:09.863+0900: 8627.756: [GC pause (G1 Evacuation Pause) (young), 0.0300340 secs]
   [Parallel Time: 28.4 ms, GC Workers: 2]
      [GC Worker Start (ms): Min: 8627756.6, Avg: 8627756.6, Max: 8627756.7, Diff: 0.1]
      [Ext Root Scanning (ms): Min: 1.5, Avg: 1.6, Max: 1.7, Diff: 0.2, Sum: 3.2]
      [Update RS (ms): Min: 5.8, Avg: 5.8, Max: 5.8, Diff: 0.0, Sum: 11.6]
         [Processed Buffers: Min: 13, Avg: 19.5, Max: 26, Diff: 13, Sum: 39]
      [Scan RS (ms): Min: 4.3, Avg: 4.4, Max: 4.5, Diff: 0.2, Sum: 8.8]
      [Code Root Scanning (ms): Min: 0.0, Avg: 0.0, Max: 0.0, Diff: 0.0, Sum: 0.0]
      [Object Copy (ms): Min: 16.3, Avg: 16.3, Max: 16.4, Diff: 0.1, Sum: 32.6]
      [Termination (ms): Min: 0.0, Avg: 0.0, Max: 0.1, Diff: 0.1, Sum: 0.1]
         [Termination Attempts: Min: 1, Avg: 1.0, Max: 1, Diff: 0, Sum: 2]
      [GC Worker Other (ms): Min: 0.0, Avg: 0.0, Max: 0.0, Diff: 0.0, Sum: 0.0]
      [GC Worker Total (ms): Min: 28.2, Avg: 28.2, Max: 28.2, Diff: 0.1, Sum: 56.4]
      [GC Worker End (ms): Min: 8627784.8, Avg: 8627784.8, Max: 8627784.8, Diff: 0.0]
   [Code Root Fixup: 0.1 ms]
   [Code Root Purge: 0.0 ms]
   [Clear CT: 0.2 ms]
   [Other: 1.3 ms]
      [Choose CSet: 0.0 ms]
      [Ref Proc: 0.5 ms]
      [Ref Enq: 0.0 ms]
      [Redirty Cards: 0.4 ms]
      [Humongous Register: 0.1 ms]
      [Humongous Reclaim: 0.0 ms]
      [Free CSet: 0.1 ms]
   [Eden: 47.0M(47.0M)->0.0B(45.0M) Survivors: 4096.0K->6144.0K Heap: 244.9M(1024.0M)->199.9M(1024.0M)]
 [Times: user=0.05 sys=0.00, real=0.03 secs] 
2017-09-19T15:10:37.160+0900: 8715.053: [GC pause (G1 Evacuation Pause) (young), 0.0241792 secs]
   [Parallel Time: 7.0 ms, GC Workers: 2]
      [GC Worker Start (ms): Min: 8715053.0, Avg: 8715053.0, Max: 8715053.0, Diff: 0.1]
      [Ext Root Scanning (ms): Min: 0.5, Avg: 0.5, Max: 0.5, Diff: 0.1, Sum: 1.0]
      [Update RS (ms): Min: 1.0, Avg: 1.0, Max: 1.0, Diff: 0.1, Sum: 2.0]
         [Processed Buffers: Min: 6, Avg: 19.0, Max: 32, Diff: 26, Sum: 38]
      [Scan RS (ms): Min: 0.5, Avg: 0.6, Max: 0.6, Diff: 0.1, Sum: 1.1]
      [Code Root Scanning (ms): Min: 0.0, Avg: 0.0, Max: 0.0, Diff: 0.0, Sum: 0.0]
      [Object Copy (ms): Min: 4.8, Avg: 4.8, Max: 4.8, Diff: 0.0, Sum: 9.7]
      [Termination (ms): Min: 0.0, Avg: 0.0, Max: 0.0, Diff: 0.0, Sum: 0.0]
         [Termination Attempts: Min: 1, Avg: 1.0, Max: 1, Diff: 0, Sum: 2]
      [GC Worker Other (ms): Min: 0.0, Avg: 0.0, Max: 0.0, Diff: 0.0, Sum: 0.0]
      [GC Worker Total (ms): Min: 6.9, Avg: 6.9, Max: 6.9, Diff: 0.0, Sum: 13.8]
      [GC Worker End (ms): Min: 8715059.9, Avg: 8715059.9, Max: 8715059.9, Diff: 0.0]
   [Code Root Fixup: 0.0 ms]
   [Code Root Purge: 0.0 ms]
   [Clear CT: 0.1 ms]
   [Other: 17.1 ms]
      [Choose CSet: 0.0 ms]
      [Ref Proc: 16.4 ms]
      [Ref Enq: 0.0 ms]
      [Redirty Cards: 0.1 ms]
      [Humongous Register: 0.1 ms]
      [Humongous Reclaim: 0.1 ms]
      [Free CSet: 0.1 ms]
   [Eden: 45.0M(45.0M)->0.0B(47.0M) Survivors: 6144.0K->4096.0K Heap: 244.9M(1024.0M)->199.3M(1024.0M)]
 [Times: user=0.02 sys=0.00, real=0.02 secs] 
2017-09-19T15:12:07.972+0900: 8805.865: [GC pause (G1 Evacuation Pause) (young), 0.0080292 secs]
   [Parallel Time: 7.5 ms, GC Workers: 2]
      [GC Worker Start (ms): Min: 8805864.9, Avg: 8805865.0, Max: 8805865.0, Diff: 0.0]
      [Ext Root Scanning (ms): Min: 0.5, Avg: 0.5, Max: 0.5, Diff: 0.0, Sum: 1.0]
      [Update RS (ms): Min: 1.3, Avg: 1.3, Max: 1.3, Diff: 0.0, Sum: 2.5]
         [Processed Buffers: Min: 13, Avg: 20.0, Max: 27, Diff: 14, Sum: 40]
      [Scan RS (ms): Min: 0.7, Avg: 0.7, Max: 0.7, Diff: 0.0, Sum: 1.3]
      [Code Root Scanning (ms): Min: 0.0, Avg: 0.0, Max: 0.0, Diff: 0.0, Sum: 0.0]
      [Object Copy (ms): Min: 5.0, Avg: 5.0, Max: 5.0, Diff: 0.0, Sum: 10.0]
      [Termination (ms): Min: 0.0, Avg: 0.0, Max: 0.0, Diff: 0.0, Sum: 0.0]
         [Termination Attempts: Min: 2, Avg: 4.0, Max: 6, Diff: 4, Sum: 8]
      [GC Worker Other (ms): Min: 0.0, Avg: 0.0, Max: 0.0, Diff: 0.0, Sum: 0.0]
      [GC Worker Total (ms): Min: 7.4, Avg: 7.4, Max: 7.4, Diff: 0.0, Sum: 14.9]
      [GC Worker End (ms): Min: 8805872.4, Avg: 8805872.4, Max: 8805872.4, Diff: 0.0]
   [Code Root Fixup: 0.0 ms]
   [Code Root Purge: 0.0 ms]
   [Clear CT: 0.1 ms]
   [Other: 0.4 ms]
      [Choose CSet: 0.0 ms]
      [Ref Proc: 0.2 ms]
      [Ref Enq: 0.0 ms]
      [Redirty Cards: 0.0 ms]
      [Humongous Register: 0.0 ms]
      [Humongous Reclaim: 0.0 ms]
      [Free CSet: 0.0 ms]
   [Eden: 47.0M(47.0M)->0.0B(46.0M) Survivors: 4096.0K->5120.0K Heap: 246.3M(1024.0M)->200.8M(1024.0M)]
 [Times: user=0.01 sys=0.00, real=0.01 secs] 
2017-09-19T15:13:37.090+0900: 8894.983: [GC pause (G1 Evacuation Pause) (young), 0.0560494 secs]
   [Parallel Time: 53.6 ms, GC Workers: 2]
      [GC Worker Start (ms): Min: 8894983.9, Avg: 8894984.2, Max: 8894984.6, Diff: 0.7]
      [Ext Root Scanning (ms): Min: 1.5, Avg: 1.8, Max: 2.1, Diff: 0.6, Sum: 3.6]
      [Update RS (ms): Min: 4.4, Avg: 4.6, Max: 4.7, Diff: 0.3, Sum: 9.1]
         [Processed Buffers: Min: 6, Avg: 20.5, Max: 35, Diff: 29, Sum: 41]
      [Scan RS (ms): Min: 2.3, Avg: 2.5, Max: 2.6, Diff: 0.2, Sum: 4.9]
      [Code Root Scanning (ms): Min: 0.0, Avg: 0.0, Max: 0.0, Diff: 0.0, Sum: 0.0]
      [Object Copy (ms): Min: 39.3, Avg: 41.8, Max: 44.4, Diff: 5.1, Sum: 83.7]
      [Termination (ms): Min: 0.0, Avg: 2.3, Max: 4.7, Diff: 4.7, Sum: 4.7]
         [Termination Attempts: Min: 1, Avg: 1.0, Max: 1, Diff: 0, Sum: 2]
      [GC Worker Other (ms): Min: 0.0, Avg: 0.0, Max: 0.0, Diff: 0.0, Sum: 0.0]
      [GC Worker Total (ms): Min: 52.7, Avg: 53.0, Max: 53.4, Diff: 0.7, Sum: 106.1]
      [GC Worker End (ms): Min: 8895037.3, Avg: 8895037.3, Max: 8895037.3, Diff: 0.0]
   [Code Root Fixup: 0.1 ms]
   [Code Root Purge: 0.0 ms]
   [Clear CT: 0.7 ms]
   [Other: 1.8 ms]
      [Choose CSet: 0.0 ms]
      [Ref Proc: 0.6 ms]
      [Ref Enq: 0.0 ms]
      [Redirty Cards: 0.3 ms]
      [Humongous Register: 0.1 ms]
      [Humongous Reclaim: 0.0 ms]
      [Free CSet: 0.0 ms]
   [Eden: 46.0M(46.0M)->0.0B(47.0M) Survivors: 5120.0K->4096.0K Heap: 246.8M(1024.0M)->200.7M(1024.0M)]
 [Times: user=0.05 sys=0.00, real=0.05 secs] 
2017-09-19T15:15:07.647+0900: 8985.540: [GC pause (G1 Evacuation Pause) (young), 0.0114168 secs]
   [Parallel Time: 10.6 ms, GC Workers: 2]
      [GC Worker Start (ms): Min: 8985540.6, Avg: 8985540.6, Max: 8985540.6, Diff: 0.0]
      [Ext Root Scanning (ms): Min: 0.4, Avg: 0.4, Max: 0.5, Diff: 0.0, Sum: 0.9]
      [Update RS (ms): Min: 1.7, Avg: 3.7, Max: 5.8, Diff: 4.2, Sum: 7.5]
         [Processed Buffers: Min: 3, Avg: 19.5, Max: 36, Diff: 33, Sum: 39]
      [Scan RS (ms): Min: 0.0, Avg: 0.5, Max: 1.1, Diff: 1.1, Sum: 1.1]
      [Code Root Scanning (ms): Min: 0.0, Avg: 0.0, Max: 0.0, Diff: 0.0, Sum: 0.0]
      [Object Copy (ms): Min: 4.2, Avg: 5.7, Max: 7.3, Diff: 3.1, Sum: 11.5]
      [Termination (ms): Min: 0.0, Avg: 0.0, Max: 0.0, Diff: 0.0, Sum: 0.0]
         [Termination Attempts: Min: 1, Avg: 1.5, Max: 2, Diff: 1, Sum: 3]
      [GC Worker Other (ms): Min: 0.0, Avg: 0.0, Max: 0.0, Diff: 0.0, Sum: 0.0]
      [GC Worker Total (ms): Min: 10.5, Avg: 10.5, Max: 10.5, Diff: 0.0, Sum: 20.9]
      [GC Worker End (ms): Min: 8985551.1, Avg: 8985551.1, Max: 8985551.1, Diff: 0.0]
   [Code Root Fixup: 0.0 ms]
   [Code Root Purge: 0.0 ms]
   [Clear CT: 0.2 ms]
   [Other: 0.6 ms]
      [Choose CSet: 0.0 ms]
      [Ref Proc: 0.3 ms]
      [Ref Enq: 0.0 ms]
      [Redirty Cards: 0.0 ms]
      [Humongous Register: 0.0 ms]
      [Humongous Reclaim: 0.0 ms]
      [Free CSet: 0.0 ms]
   [Eden: 47.0M(47.0M)->0.0B(45.0M) Survivors: 4096.0K->6144.0K Heap: 247.7M(1024.0M)->202.7M(1024.0M)]
 [Times: user=0.01 sys=0.01, real=0.01 secs] 
2017-09-19T15:16:35.087+0900: 9072.980: [GC pause (G1 Evacuation Pause) (young), 0.0286192 secs]
   [Parallel Time: 7.3 ms, GC Workers: 2]
      [GC Worker Start (ms): Min: 9072980.0, Avg: 9072980.0, Max: 9072980.0, Diff: 0.0]
      [Ext Root Scanning (ms): Min: 0.5, Avg: 0.5, Max: 0.6, Diff: 0.1, Sum: 1.0]
      [Update RS (ms): Min: 0.8, Avg: 0.8, Max: 0.8, Diff: 0.0, Sum: 1.6]
         [Processed Buffers: Min: 7, Avg: 19.5, Max: 32, Diff: 25, Sum: 39]
      [Scan RS (ms): Min: 0.5, Avg: 0.6, Max: 0.6, Diff: 0.0, Sum: 1.1]
      [Code Root Scanning (ms): Min: 0.0, Avg: 0.0, Max: 0.0, Diff: 0.0, Sum: 0.0]
      [Object Copy (ms): Min: 5.3, Avg: 5.3, Max: 5.4, Diff: 0.0, Sum: 10.7]
      [Termination (ms): Min: 0.0, Avg: 0.0, Max: 0.0, Diff: 0.0, Sum: 0.0]
         [Termination Attempts: Min: 1, Avg: 1.0, Max: 1, Diff: 0, Sum: 2]
      [GC Worker Other (ms): Min: 0.0, Avg: 0.0, Max: 0.0, Diff: 0.0, Sum: 0.0]
      [GC Worker Total (ms): Min: 7.2, Avg: 7.2, Max: 7.2, Diff: 0.0, Sum: 14.4]
      [GC Worker End (ms): Min: 9072987.2, Avg: 9072987.2, Max: 9072987.2, Diff: 0.0]
   [Code Root Fixup: 0.0 ms]
   [Code Root Purge: 0.0 ms]
   [Clear CT: 6.3 ms]
   [Other: 15.0 ms]
      [Choose CSet: 0.0 ms]
      [Ref Proc: 14.6 ms]
      [Ref Enq: 0.0 ms]
      [Redirty Cards: 0.1 ms]
      [Humongous Register: 0.0 ms]
      [Humongous Reclaim: 0.0 ms]
      [Free CSet: 0.0 ms]
   [Eden: 45.0M(45.0M)->0.0B(47.0M) Survivors: 6144.0K->4096.0K Heap: 247.7M(1024.0M)->202.7M(1024.0M)]
 [Times: user=0.02 sys=0.00, real=0.04 secs] 
2017-09-19T15:18:05.550+0900: 9163.443: [GC pause (G1 Evacuation Pause) (young), 0.0408083 secs]
   [Parallel Time: 39.7 ms, GC Workers: 2]
      [GC Worker Start (ms): Min: 9163443.1, Avg: 9163443.2, Max: 9163443.3, Diff: 0.2]
      [Ext Root Scanning (ms): Min: 1.9, Avg: 2.0, Max: 2.1, Diff: 0.2, Sum: 4.1]
      [Update RS (ms): Min: 5.9, Avg: 5.9, Max: 6.0, Diff: 0.1, Sum: 11.9]
         [Processed Buffers: Min: 19, Avg: 20.0, Max: 21, Diff: 2, Sum: 40]
      [Scan RS (ms): Min: 3.5, Avg: 3.5, Max: 3.6, Diff: 0.1, Sum: 7.0]
      [Code Root Scanning (ms): Min: 0.0, Avg: 0.0, Max: 0.0, Diff: 0.0, Sum: 0.0]
      [Object Copy (ms): Min: 27.7, Avg: 27.8, Max: 27.9, Diff: 0.1, Sum: 55.6]
      [Termination (ms): Min: 0.0, Avg: 0.0, Max: 0.1, Diff: 0.1, Sum: 0.1]
         [Termination Attempts: Min: 1, Avg: 1.0, Max: 1, Diff: 0, Sum: 2]
      [GC Worker Other (ms): Min: 0.0, Avg: 0.1, Max: 0.1, Diff: 0.1, Sum: 0.2]
      [GC Worker Total (ms): Min: 39.3, Avg: 39.4, Max: 39.6, Diff: 0.3, Sum: 78.9]
      [GC Worker End (ms): Min: 9163482.6, Avg: 9163482.6, Max: 9163482.7, Diff: 0.1]
   [Code Root Fixup: 0.1 ms]
   [Code Root Purge: 0.0 ms]
   [Clear CT: 0.1 ms]
   [Other: 0.9 ms]
      [Choose CSet: 0.0 ms]
      [Ref Proc: 0.3 ms]
      [Ref Enq: 0.0 ms]
      [Redirty Cards: 0.2 ms]
      [Humongous Register: 0.1 ms]
      [Humongous Reclaim: 0.0 ms]
      [Free CSet: 0.0 ms]
   [Eden: 47.0M(47.0M)->0.0B(45.0M) Survivors: 4096.0K->6144.0K Heap: 249.7M(1024.0M)->204.2M(1024.0M)]
 [Times: user=0.08 sys=0.00, real=0.04 secs] 
2017-09-19T15:19:32.535+0900: 9250.428: [GC pause (G1 Evacuation Pause) (young), 0.0096375 secs]
   [Parallel Time: 8.7 ms, GC Workers: 2]
      [GC Worker Start (ms): Min: 9250428.5, Avg: 9250428.5, Max: 9250428.6, Diff: 0.1]
      [Ext Root Scanning (ms): Min: 0.5, Avg: 0.5, Max: 0.6, Diff: 0.1, Sum: 1.1]
      [Update RS (ms): Min: 0.9, Avg: 1.0, Max: 1.0, Diff: 0.1, Sum: 1.9]
         [Processed Buffers: Min: 8, Avg: 19.5, Max: 31, Diff: 23, Sum: 39]
      [Scan RS (ms): Min: 0.6, Avg: 0.7, Max: 0.7, Diff: 0.1, Sum: 1.4]
      [Code Root Scanning (ms): Min: 0.0, Avg: 0.0, Max: 0.0, Diff: 0.0, Sum: 0.0]
      [Object Copy (ms): Min: 6.4, Avg: 6.4, Max: 6.4, Diff: 0.0, Sum: 12.8]
      [Termination (ms): Min: 0.0, Avg: 0.0, Max: 0.0, Diff: 0.0, Sum: 0.0]
         [Termination Attempts: Min: 1, Avg: 1.5, Max: 2, Diff: 1, Sum: 3]
      [GC Worker Other (ms): Min: 0.0, Avg: 0.0, Max: 0.0, Diff: 0.0, Sum: 0.0]
      [GC Worker Total (ms): Min: 8.6, Avg: 8.6, Max: 8.6, Diff: 0.1, Sum: 17.2]
      [GC Worker End (ms): Min: 9250437.1, Avg: 9250437.1, Max: 9250437.1, Diff: 0.0]
   [Code Root Fixup: 0.0 ms]
   [Code Root Purge: 0.0 ms]
   [Clear CT: 0.1 ms]
   [Other: 0.8 ms]
      [Choose CSet: 0.0 ms]
      [Ref Proc: 0.3 ms]
      [Ref Enq: 0.0 ms]
      [Redirty Cards: 0.2 ms]
      [Humongous Register: 0.0 ms]
      [Humongous Reclaim: 0.0 ms]
      [Free CSet: 0.0 ms]
   [Eden: 45.0M(45.0M)->0.0B(47.0M) Survivors: 6144.0K->4096.0K Heap: 249.2M(1024.0M)->204.1M(1024.0M)]
 [Times: user=0.02 sys=0.00, real=0.00 secs] 
2017-09-19T15:21:03.100+0900: 9340.993: [GC pause (G1 Evacuation Pause) (young), 0.0252873 secs]
   [Parallel Time: 20.2 ms, GC Workers: 2]
      [GC Worker Start (ms): Min: 9340993.1, Avg: 9340993.1, Max: 9340993.1, Diff: 0.0]
      [Ext Root Scanning (ms): Min: 0.9, Avg: 0.9, Max: 1.0, Diff: 0.1, Sum: 1.9]
      [Update RS (ms): Min: 2.1, Avg: 2.1, Max: 2.1, Diff: 0.0, Sum: 4.2]
         [Processed Buffers: Min: 9, Avg: 19.5, Max: 30, Diff: 21, Sum: 39]
      [Scan RS (ms): Min: 1.8, Avg: 3.4, Max: 5.0, Diff: 3.2, Sum: 6.8]
      [Code Root Scanning (ms): Min: 0.0, Avg: 0.0, Max: 0.0, Diff: 0.0, Sum: 0.0]
      [Object Copy (ms): Min: 12.1, Avg: 13.6, Max: 15.2, Diff: 3.1, Sum: 27.3]
      [Termination (ms): Min: 0.0, Avg: 0.0, Max: 0.0, Diff: 0.0, Sum: 0.0]
         [Termination Attempts: Min: 1, Avg: 1.0, Max: 1, Diff: 0, Sum: 2]
      [GC Worker Other (ms): Min: 0.0, Avg: 0.0, Max: 0.0, Diff: 0.0, Sum: 0.0]
      [GC Worker Total (ms): Min: 20.1, Avg: 20.1, Max: 20.1, Diff: 0.0, Sum: 40.1]
      [GC Worker End (ms): Min: 9341013.2, Avg: 9341013.2, Max: 9341013.2, Diff: 0.0]
   [Code Root Fixup: 1.8 ms]
   [Code Root Purge: 0.0 ms]
   [Clear CT: 0.0 ms]
   [Other: 3.2 ms]
      [Choose CSet: 0.0 ms]
      [Ref Proc: 2.9 ms]
      [Ref Enq: 0.0 ms]
      [Redirty Cards: 0.0 ms]
      [Humongous Register: 0.1 ms]
      [Humongous Reclaim: 0.0 ms]
      [Free CSet: 0.0 ms]
   [Eden: 47.0M(47.0M)->0.0B(45.0M) Survivors: 4096.0K->6144.0K Heap: 251.1M(1024.0M)->205.6M(1024.0M)]
 [Times: user=0.02 sys=0.00, real=0.02 secs] 
2017-09-19T15:22:30.402+0900: 9428.295: [GC pause (G1 Evacuation Pause) (young), 0.0343487 secs]
   [Parallel Time: 33.2 ms, GC Workers: 2]
      [GC Worker Start (ms): Min: 9428295.2, Avg: 9428296.0, Max: 9428296.8, Diff: 1.7]
      [Ext Root Scanning (ms): Min: 1.3, Avg: 2.4, Max: 3.6, Diff: 2.3, Sum: 4.9]
      [Update RS (ms): Min: 4.4, Avg: 4.6, Max: 4.9, Diff: 0.5, Sum: 9.3]
         [Processed Buffers: Min: 14, Avg: 19.5, Max: 25, Diff: 11, Sum: 39]
      [Scan RS (ms): Min: 2.5, Avg: 2.5, Max: 2.6, Diff: 0.0, Sum: 5.1]
      [Code Root Scanning (ms): Min: 0.0, Avg: 0.0, Max: 0.0, Diff: 0.0, Sum: 0.0]
      [Object Copy (ms): Min: 22.6, Avg: 22.7, Max: 22.7, Diff: 0.1, Sum: 45.3]
      [Termination (ms): Min: 0.0, Avg: 0.0, Max: 0.0, Diff: 0.0, Sum: 0.0]
         [Termination Attempts: Min: 1, Avg: 1.0, Max: 1, Diff: 0, Sum: 2]
      [GC Worker Other (ms): Min: 0.0, Avg: 0.0, Max: 0.0, Diff: 0.0, Sum: 0.0]
      [GC Worker Total (ms): Min: 31.5, Avg: 32.3, Max: 33.1, Diff: 1.7, Sum: 64.6]
      [GC Worker End (ms): Min: 9428328.3, Avg: 9428328.3, Max: 9428328.3, Diff: 0.0]
   [Code Root Fixup: 0.1 ms]
   [Code Root Purge: 0.0 ms]
   [Clear CT: 0.1 ms]
   [Other: 1.0 ms]
      [Choose CSet: 0.0 ms]
      [Ref Proc: 0.4 ms]
      [Ref Enq: 0.0 ms]
      [Redirty Cards: 0.2 ms]
      [Humongous Register: 0.1 ms]
      [Humongous Reclaim: 0.0 ms]
      [Free CSet: 0.0 ms]
   [Eden: 45.0M(45.0M)->0.0B(47.0M) Survivors: 6144.0K->4096.0K Heap: 250.6M(1024.0M)->205.6M(1024.0M)]
 [Times: user=0.07 sys=0.00, real=0.04 secs] 
2017-09-19T15:24:01.203+0900: 9519.096: [GC pause (G1 Evacuation Pause) (young), 0.0086566 secs]
   [Parallel Time: 6.1 ms, GC Workers: 2]
      [GC Worker Start (ms): Min: 9519096.5, Avg: 9519096.5, Max: 9519096.6, Diff: 0.0]
      [Ext Root Scanning (ms): Min: 0.5, Avg: 0.5, Max: 0.6, Diff: 0.1, Sum: 1.1]
      [Update RS (ms): Min: 1.2, Avg: 1.2, Max: 1.2, Diff: 0.0, Sum: 2.4]
         [Processed Buffers: Min: 16, Avg: 19.0, Max: 22, Diff: 6, Sum: 38]
      [Scan RS (ms): Min: 0.9, Avg: 0.9, Max: 0.9, Diff: 0.0, Sum: 1.8]
      [Code Root Scanning (ms): Min: 0.0, Avg: 0.0, Max: 0.0, Diff: 0.0, Sum: 0.0]
      [Object Copy (ms): Min: 3.0, Avg: 3.0, Max: 3.0, Diff: 0.0, Sum: 6.1]
      [Termination (ms): Min: 0.0, Avg: 0.0, Max: 0.0, Diff: 0.0, Sum: 0.0]
         [Termination Attempts: Min: 1, Avg: 1.0, Max: 1, Diff: 0, Sum: 2]
      [GC Worker Other (ms): Min: 0.0, Avg: 0.0, Max: 0.0, Diff: 0.0, Sum: 0.0]
      [GC Worker Total (ms): Min: 5.7, Avg: 5.7, Max: 5.7, Diff: 0.0, Sum: 11.4]
      [GC Worker End (ms): Min: 9519102.2, Avg: 9519102.2, Max: 9519102.2, Diff: 0.0]
   [Code Root Fixup: 0.2 ms]
   [Code Root Purge: 0.0 ms]
   [Clear CT: 0.3 ms]
   [Other: 2.0 ms]
      [Choose CSet: 0.0 ms]
      [Ref Proc: 0.3 ms]
      [Ref Enq: 0.0 ms]
      [Redirty Cards: 0.1 ms]
      [Humongous Register: 0.0 ms]
      [Humongous Reclaim: 0.8 ms]
      [Free CSet: 0.1 ms]
   [Eden: 47.0M(47.0M)->0.0B(48.0M) Survivors: 4096.0K->3072.0K Heap: 252.6M(1024.0M)->205.1M(1024.0M)]
 [Times: user=0.01 sys=0.00, real=0.01 secs] 
2017-09-19T15:25:33.726+0900: 9611.619: [GC pause (G1 Evacuation Pause) (young), 0.0072457 secs]
   [Parallel Time: 6.7 ms, GC Workers: 2]
      [GC Worker Start (ms): Min: 9611619.6, Avg: 9611619.6, Max: 9611619.6, Diff: 0.0]
      [Ext Root Scanning (ms): Min: 0.5, Avg: 0.5, Max: 0.5, Diff: 0.0, Sum: 1.0]
      [Update RS (ms): Min: 0.9, Avg: 0.9, Max: 0.9, Diff: 0.0, Sum: 1.8]
         [Processed Buffers: Min: 13, Avg: 20.0, Max: 27, Diff: 14, Sum: 40]
      [Scan RS (ms): Min: 0.4, Avg: 0.4, Max: 0.4, Diff: 0.0, Sum: 0.9]
      [Code Root Scanning (ms): Min: 0.0, Avg: 0.0, Max: 0.0, Diff: 0.0, Sum: 0.0]
      [Object Copy (ms): Min: 4.7, Avg: 4.7, Max: 4.7, Diff: 0.0, Sum: 9.4]
      [Termination (ms): Min: 0.0, Avg: 0.0, Max: 0.0, Diff: 0.0, Sum: 0.0]
         [Termination Attempts: Min: 1, Avg: 1.5, Max: 2, Diff: 1, Sum: 3]
      [GC Worker Other (ms): Min: 0.0, Avg: 0.0, Max: 0.0, Diff: 0.0, Sum: 0.0]
      [GC Worker Total (ms): Min: 6.5, Avg: 6.5, Max: 6.5, Diff: 0.0, Sum: 13.1]
      [GC Worker End (ms): Min: 9611626.1, Avg: 9611626.1, Max: 9611626.1, Diff: 0.0]
   [Code Root Fixup: 0.0 ms]
   [Code Root Purge: 0.0 ms]
   [Clear CT: 0.1 ms]
   [Other: 0.5 ms]
      [Choose CSet: 0.0 ms]
      [Ref Proc: 0.1 ms]
      [Ref Enq: 0.0 ms]
      [Redirty Cards: 0.1 ms]
      [Humongous Register: 0.0 ms]
      [Humongous Reclaim: 0.0 ms]
      [Free CSet: 0.0 ms]
   [Eden: 48.0M(48.0M)->0.0B(46.0M) Survivors: 3072.0K->5120.0K Heap: 253.1M(1024.0M)->207.1M(1024.0M)]
 [Times: user=0.02 sys=0.00, real=0.01 secs] 
2017-09-19T15:27:02.316+0900: 9700.209: [GC pause (G1 Evacuation Pause) (young), 0.0329950 secs]
   [Parallel Time: 30.8 ms, GC Workers: 2]
      [GC Worker Start (ms): Min: 9700208.8, Avg: 9700208.9, Max: 9700209.0, Diff: 0.1]
      [Ext Root Scanning (ms): Min: 1.6, Avg: 1.7, Max: 1.8, Diff: 0.2, Sum: 3.4]
      [Update RS (ms): Min: 4.5, Avg: 4.6, Max: 4.6, Diff: 0.0, Sum: 9.1]
         [Processed Buffers: Min: 7, Avg: 19.0, Max: 31, Diff: 24, Sum: 38]
      [Scan RS (ms): Min: 2.2, Avg: 2.2, Max: 2.2, Diff: 0.0, Sum: 4.4]
      [Code Root Scanning (ms): Min: 0.0, Avg: 0.0, Max: 0.0, Diff: 0.0, Sum: 0.0]
      [Object Copy (ms): Min: 22.2, Avg: 22.2, Max: 22.2, Diff: 0.0, Sum: 44.4]
      [Termination (ms): Min: 0.0, Avg: 0.0, Max: 0.0, Diff: 0.0, Sum: 0.0]
         [Termination Attempts: Min: 1, Avg: 1.0, Max: 1, Diff: 0, Sum: 2]
      [GC Worker Other (ms): Min: 0.0, Avg: 0.0, Max: 0.0, Diff: 0.0, Sum: 0.1]
      [GC Worker Total (ms): Min: 30.6, Avg: 30.7, Max: 30.7, Diff: 0.1, Sum: 61.3]
      [GC Worker End (ms): Min: 9700239.6, Avg: 9700239.6, Max: 9700239.6, Diff: 0.0]
   [Code Root Fixup: 0.1 ms]
   [Code Root Purge: 0.0 ms]
   [Clear CT: 0.3 ms]
   [Other: 1.9 ms]
      [Choose CSet: 0.0 ms]
      [Ref Proc: 0.7 ms]
      [Ref Enq: 0.0 ms]
      [Redirty Cards: 0.5 ms]
      [Humongous Register: 0.1 ms]
      [Humongous Reclaim: 0.0 ms]
      [Free CSet: 0.1 ms]
   [Eden: 46.0M(46.0M)->0.0B(47.0M) Survivors: 5120.0K->4096.0K Heap: 253.1M(1024.0M)->206.3M(1024.0M)]
 [Times: user=0.06 sys=0.00, real=0.03 secs] 
2017-09-19T15:28:33.093+0900: 9790.986: [GC pause (G1 Evacuation Pause) (young), 0.0339226 secs]
   [Parallel Time: 32.7 ms, GC Workers: 2]
      [GC Worker Start (ms): Min: 9790985.8, Avg: 9790985.8, Max: 9790985.9, Diff: 0.1]
      [Ext Root Scanning (ms): Min: 0.9, Avg: 1.0, Max: 1.1, Diff: 0.1, Sum: 2.0]
      [Update RS (ms): Min: 2.6, Avg: 2.7, Max: 2.7, Diff: 0.1, Sum: 5.4]
         [Processed Buffers: Min: 18, Avg: 19.0, Max: 20, Diff: 2, Sum: 38]
      [Scan RS (ms): Min: 1.6, Avg: 1.7, Max: 1.7, Diff: 0.1, Sum: 3.4]
      [Code Root Scanning (ms): Min: 0.0, Avg: 0.0, Max: 0.0, Diff: 0.0, Sum: 0.0]
      [Object Copy (ms): Min: 20.9, Avg: 22.2, Max: 23.5, Diff: 2.6, Sum: 44.3]
      [Termination (ms): Min: 0.0, Avg: 3.2, Max: 6.4, Diff: 6.4, Sum: 6.4]
         [Termination Attempts: Min: 1, Avg: 1.0, Max: 1, Diff: 0, Sum: 2]
      [GC Worker Other (ms): Min: 0.0, Avg: 0.0, Max: 0.0, Diff: 0.0, Sum: 0.0]
      [GC Worker Total (ms): Min: 28.8, Avg: 30.7, Max: 32.7, Diff: 3.9, Sum: 61.5]
      [GC Worker End (ms): Min: 9791014.6, Avg: 9791016.5, Max: 9791018.4, Diff: 3.8]
   [Code Root Fixup: 0.0 ms]
   [Code Root Purge: 0.0 ms]
   [Clear CT: 0.0 ms]
   [Other: 1.1 ms]
      [Choose CSet: 0.0 ms]
      [Ref Proc: 0.7 ms]
      [Ref Enq: 0.0 ms]
      [Redirty Cards: 0.0 ms]
      [Humongous Register: 0.0 ms]
      [Humongous Reclaim: 0.0 ms]
      [Free CSet: 0.0 ms]
   [Eden: 47.0M(47.0M)->0.0B(45.0M) Survivors: 4096.0K->6144.0K Heap: 253.3M(1024.0M)->208.3M(1024.0M)]
 [Times: user=0.03 sys=0.00, real=0.03 secs] 
2017-09-19T15:30:01.441+0900: 9879.334: [GC pause (G1 Evacuation Pause) (young), 0.0303571 secs]
   [Parallel Time: 29.0 ms, GC Workers: 2]
      [GC Worker Start (ms): Min: 9879334.4, Avg: 9879334.5, Max: 9879334.5, Diff: 0.1]
      [Ext Root Scanning (ms): Min: 1.7, Avg: 1.7, Max: 1.8, Diff: 0.1, Sum: 3.5]
      [Update RS (ms): Min: 5.2, Avg: 5.6, Max: 6.1, Diff: 0.9, Sum: 11.2]
         [Processed Buffers: Min: 7, Avg: 19.0, Max: 31, Diff: 24, Sum: 38]
      [Scan RS (ms): Min: 2.0, Avg: 2.4, Max: 2.9, Diff: 0.9, Sum: 4.9]
      [Code Root Scanning (ms): Min: 0.0, Avg: 0.0, Max: 0.0, Diff: 0.0, Sum: 0.0]
      [Object Copy (ms): Min: 19.0, Avg: 19.0, Max: 19.0, Diff: 0.1, Sum: 38.0]
      [Termination (ms): Min: 0.0, Avg: 0.0, Max: 0.0, Diff: 0.0, Sum: 0.0]
         [Termination Attempts: Min: 1, Avg: 1.0, Max: 1, Diff: 0, Sum: 2]
      [GC Worker Other (ms): Min: 0.0, Avg: 0.0, Max: 0.0, Diff: 0.0, Sum: 0.0]
      [GC Worker Total (ms): Min: 28.7, Avg: 28.8, Max: 28.9, Diff: 0.1, Sum: 57.6]
      [GC Worker End (ms): Min: 9879363.3, Avg: 9879363.3, Max: 9879363.3, Diff: 0.0]
   [Code Root Fixup: 0.1 ms]
   [Code Root Purge: 0.0 ms]
   [Clear CT: 0.2 ms]
   [Other: 1.1 ms]
      [Choose CSet: 0.0 ms]
      [Ref Proc: 0.3 ms]
      [Ref Enq: 0.0 ms]
      [Redirty Cards: 0.3 ms]
      [Humongous Register: 0.1 ms]
      [Humongous Reclaim: 0.0 ms]
      [Free CSet: 0.1 ms]
   [Eden: 45.0M(45.0M)->0.0B(47.0M) Survivors: 6144.0K->4096.0K Heap: 253.3M(1024.0M)->207.6M(1024.0M)]
 [Times: user=0.06 sys=0.00, real=0.03 secs] 
2017-09-19T15:31:32.122+0900: 9970.015: [GC pause (G1 Evacuation Pause) (young), 0.0506138 secs]
   [Parallel Time: 40.6 ms, GC Workers: 2]
      [GC Worker Start (ms): Min: 9970015.8, Avg: 9970016.0, Max: 9970016.1, Diff: 0.2]
      [Ext Root Scanning (ms): Min: 1.8, Avg: 1.9, Max: 2.0, Diff: 0.2, Sum: 3.8]
      [Update RS (ms): Min: 7.4, Avg: 8.0, Max: 8.6, Diff: 1.3, Sum: 16.0]
         [Processed Buffers: Min: 17, Avg: 18.0, Max: 19, Diff: 2, Sum: 36]
      [Scan RS (ms): Min: 4.6, Avg: 5.2, Max: 5.7, Diff: 1.1, Sum: 10.3]
      [Code Root Scanning (ms): Min: 0.0, Avg: 0.0, Max: 0.0, Diff: 0.0, Sum: 0.1]
      [Object Copy (ms): Min: 22.1, Avg: 23.6, Max: 25.1, Diff: 3.0, Sum: 47.2]
      [Termination (ms): Min: 0.0, Avg: 1.6, Max: 3.2, Diff: 3.2, Sum: 3.2]
         [Termination Attempts: Min: 1, Avg: 1.0, Max: 1, Diff: 0, Sum: 2]
      [GC Worker Other (ms): Min: 0.0, Avg: 0.0, Max: 0.0, Diff: 0.0, Sum: 0.0]
      [GC Worker Total (ms): Min: 40.3, Avg: 40.3, Max: 40.3, Diff: 0.1, Sum: 80.6]
      [GC Worker End (ms): Min: 9970056.2, Avg: 9970056.3, Max: 9970056.4, Diff: 0.2]
   [Code Root Fixup: 0.1 ms]
   [Code Root Purge: 0.0 ms]
   [Clear CT: 0.0 ms]
   [Other: 9.9 ms]
      [Choose CSet: 0.0 ms]
      [Ref Proc: 9.2 ms]
      [Ref Enq: 0.0 ms]
      [Redirty Cards: 0.0 ms]
      [Humongous Register: 0.1 ms]
      [Humongous Reclaim: 0.0 ms]
      [Free CSet: 0.0 ms]
   [Eden: 47.0M(47.0M)->0.0B(45.0M) Survivors: 4096.0K->6144.0K Heap: 254.6M(1024.0M)->210.1M(1024.0M)]
 [Times: user=0.05 sys=0.00, real=0.05 secs] 
2017-09-19T15:32:57.154+0900: 10055.047: [GC pause (G1 Evacuation Pause) (young), 0.0209089 secs]
   [Parallel Time: 19.9 ms, GC Workers: 2]
      [GC Worker Start (ms): Min: 10055047.6, Avg: 10055048.2, Max: 10055048.7, Diff: 1.1]
      [Ext Root Scanning (ms): Min: 0.1, Avg: 0.6, Max: 1.2, Diff: 1.0, Sum: 1.3]
      [Update RS (ms): Min: 1.0, Avg: 1.1, Max: 1.1, Diff: 0.1, Sum: 2.1]
         [Processed Buffers: Min: 13, Avg: 17.0, Max: 21, Diff: 8, Sum: 34]
      [Scan RS (ms): Min: 1.0, Avg: 1.0, Max: 1.1, Diff: 0.1, Sum: 2.0]
      [Code Root Scanning (ms): Min: 0.0, Avg: 0.0, Max: 0.0, Diff: 0.0, Sum: 0.0]
      [Object Copy (ms): Min: 16.5, Avg: 16.5, Max: 16.5, Diff: 0.0, Sum: 33.0]
      [Termination (ms): Min: 0.0, Avg: 0.0, Max: 0.0, Diff: 0.0, Sum: 0.0]
         [Termination Attempts: Min: 1, Avg: 1.0, Max: 1, Diff: 0, Sum: 2]
      [GC Worker Other (ms): Min: 0.0, Avg: 0.0, Max: 0.0, Diff: 0.0, Sum: 0.0]
      [GC Worker Total (ms): Min: 18.7, Avg: 19.3, Max: 19.8, Diff: 1.1, Sum: 38.5]
      [GC Worker End (ms): Min: 10055067.4, Avg: 10055067.4, Max: 10055067.4, Diff: 0.0]
   [Code Root Fixup: 0.1 ms]
   [Code Root Purge: 0.0 ms]
   [Clear CT: 0.1 ms]
   [Other: 0.9 ms]
      [Choose CSet: 0.0 ms]
      [Ref Proc: 0.2 ms]
      [Ref Enq: 0.0 ms]
      [Redirty Cards: 0.4 ms]
      [Humongous Register: 0.1 ms]
      [Humongous Reclaim: 0.0 ms]
      [Free CSet: 0.1 ms]
   [Eden: 45.0M(45.0M)->0.0B(47.0M) Survivors: 6144.0K->4096.0K Heap: 255.1M(1024.0M)->210.2M(1024.0M)]
 [Times: user=0.04 sys=0.00, real=0.03 secs] 
2017-09-19T15:34:27.158+0900: 10145.051: [GC pause (G1 Evacuation Pause) (young), 0.0131272 secs]
   [Parallel Time: 12.3 ms, GC Workers: 2]
      [GC Worker Start (ms): Min: 10145051.2, Avg: 10145051.2, Max: 10145051.2, Diff: 0.0]
      [Ext Root Scanning (ms): Min: 0.5, Avg: 0.5, Max: 0.5, Diff: 0.1, Sum: 1.0]
      [Update RS (ms): Min: 1.0, Avg: 1.0, Max: 1.0, Diff: 0.0, Sum: 2.0]
         [Processed Buffers: Min: 9, Avg: 18.5, Max: 28, Diff: 19, Sum: 37]
      [Scan RS (ms): Min: 0.9, Avg: 0.9, Max: 0.9, Diff: 0.0, Sum: 1.8]
      [Code Root Scanning (ms): Min: 0.0, Avg: 0.0, Max: 0.0, Diff: 0.0, Sum: 0.0]
      [Object Copy (ms): Min: 9.8, Avg: 9.8, Max: 9.9, Diff: 0.0, Sum: 19.7]
      [Termination (ms): Min: 0.0, Avg: 0.0, Max: 0.0, Diff: 0.0, Sum: 0.0]
         [Termination Attempts: Min: 1, Avg: 2.0, Max: 3, Diff: 2, Sum: 4]
      [GC Worker Other (ms): Min: 0.0, Avg: 0.0, Max: 0.0, Diff: 0.0, Sum: 0.0]
      [GC Worker Total (ms): Min: 12.2, Avg: 12.2, Max: 12.2, Diff: 0.0, Sum: 24.5]
      [GC Worker End (ms): Min: 10145063.4, Avg: 10145063.4, Max: 10145063.4, Diff: 0.0]
   [Code Root Fixup: 0.1 ms]
   [Code Root Purge: 0.0 ms]
   [Clear CT: 0.2 ms]
   [Other: 0.6 ms]
      [Choose CSet: 0.0 ms]
      [Ref Proc: 0.2 ms]
      [Ref Enq: 0.0 ms]
      [Redirty Cards: 0.2 ms]
      [Humongous Register: 0.0 ms]
      [Humongous Reclaim: 0.0 ms]
      [Free CSet: 0.1 ms]
   [Eden: 47.0M(47.0M)->0.0B(45.0M) Survivors: 4096.0K->6144.0K Heap: 257.2M(1024.0M)->211.7M(1024.0M)]
 [Times: user=0.03 sys=0.00, real=0.01 secs] 
2017-09-19T15:35:53.589+0900: 10231.482: [GC pause (G1 Evacuation Pause) (young), 0.0207861 secs]
   [Parallel Time: 16.0 ms, GC Workers: 2]
      [GC Worker Start (ms): Min: 10231483.5, Avg: 10231483.5, Max: 10231483.5, Diff: 0.0]
      [Ext Root Scanning (ms): Min: 0.5, Avg: 2.8, Max: 5.1, Diff: 4.6, Sum: 5.6]
      [Update RS (ms): Min: 0.0, Avg: 1.1, Max: 2.1, Diff: 2.1, Sum: 2.1]
         [Processed Buffers: Min: 0, Avg: 19.5, Max: 39, Diff: 39, Sum: 39]
      [Scan RS (ms): Min: 0.0, Avg: 0.7, Max: 1.4, Diff: 1.4, Sum: 1.4]
      [Code Root Scanning (ms): Min: 0.0, Avg: 0.0, Max: 0.0, Diff: 0.0, Sum: 0.0]
      [Object Copy (ms): Min: 8.1, Avg: 8.7, Max: 9.2, Diff: 1.1, Sum: 17.3]
      [Termination (ms): Min: 0.0, Avg: 0.0, Max: 0.0, Diff: 0.0, Sum: 0.0]
         [Termination Attempts: Min: 1, Avg: 1.0, Max: 1, Diff: 0, Sum: 2]
      [GC Worker Other (ms): Min: 0.0, Avg: 0.0, Max: 0.0, Diff: 0.0, Sum: 0.0]
      [GC Worker Total (ms): Min: 13.3, Avg: 13.3, Max: 13.3, Diff: 0.0, Sum: 26.6]
      [GC Worker End (ms): Min: 10231496.7, Avg: 10231496.7, Max: 10231496.7, Diff: 0.0]
   [Code Root Fixup: 0.0 ms]
   [Code Root Purge: 0.0 ms]
   [Clear CT: 0.8 ms]
   [Other: 3.9 ms]
      [Choose CSet: 0.0 ms]
      [Ref Proc: 0.9 ms]
      [Ref Enq: 0.4 ms]
      [Redirty Cards: 0.0 ms]
      [Humongous Register: 0.0 ms]
      [Humongous Reclaim: 0.0 ms]
      [Free CSet: 0.0 ms]
   [Eden: 45.0M(45.0M)->0.0B(48.0M) Survivors: 6144.0K->3072.0K Heap: 256.7M(1024.0M)->211.9M(1024.0M)]
 [Times: user=0.02 sys=0.00, real=0.02 secs] 
2017-09-19T15:37:26.042+0900: 10323.935: [GC pause (G1 Evacuation Pause) (young), 0.0153187 secs]
   [Parallel Time: 14.8 ms, GC Workers: 2]
      [GC Worker Start (ms): Min: 10323934.7, Avg: 10323934.7, Max: 10323934.7, Diff: 0.0]
      [Ext Root Scanning (ms): Min: 0.5, Avg: 0.5, Max: 0.5, Diff: 0.0, Sum: 1.0]
      [Update RS (ms): Min: 7.6, Avg: 7.6, Max: 7.6, Diff: 0.0, Sum: 15.3]
         [Processed Buffers: Min: 2, Avg: 20.5, Max: 39, Diff: 37, Sum: 41]
      [Scan RS (ms): Min: 1.2, Avg: 1.2, Max: 1.2, Diff: 0.0, Sum: 2.4]
      [Code Root Scanning (ms): Min: 0.0, Avg: 0.0, Max: 0.0, Diff: 0.0, Sum: 0.0]
      [Object Copy (ms): Min: 5.4, Avg: 5.4, Max: 5.4, Diff: 0.1, Sum: 10.8]
      [Termination (ms): Min: 0.0, Avg: 0.0, Max: 0.0, Diff: 0.0, Sum: 0.0]
         [Termination Attempts: Min: 1, Avg: 4.0, Max: 7, Diff: 6, Sum: 8]
      [GC Worker Other (ms): Min: 0.0, Avg: 0.0, Max: 0.0, Diff: 0.0, Sum: 0.0]
      [GC Worker Total (ms): Min: 14.8, Avg: 14.8, Max: 14.8, Diff: 0.0, Sum: 29.5]
      [GC Worker End (ms): Min: 10323949.4, Avg: 10323949.4, Max: 10323949.4, Diff: 0.0]
   [Code Root Fixup: 0.0 ms]
   [Code Root Purge: 0.0 ms]
   [Clear CT: 0.1 ms]
   [Other: 0.4 ms]
      [Choose CSet: 0.0 ms]
      [Ref Proc: 0.2 ms]
      [Ref Enq: 0.0 ms]
      [Redirty Cards: 0.0 ms]
      [Humongous Register: 0.0 ms]
      [Humongous Reclaim: 0.0 ms]
      [Free CSet: 0.0 ms]
   [Eden: 48.0M(48.0M)->0.0B(46.0M) Survivors: 3072.0K->5120.0K Heap: 259.9M(1024.0M)->213.4M(1024.0M)]
 [Times: user=0.03 sys=0.00, real=0.02 secs] 
2017-09-19T15:38:54.687+0900: 10412.580: [GC pause (G1 Evacuation Pause) (young), 0.0061287 secs]
   [Parallel Time: 5.5 ms, GC Workers: 2]
      [GC Worker Start (ms): Min: 10412579.7, Avg: 10412579.7, Max: 10412579.7, Diff: 0.0]
      [Ext Root Scanning (ms): Min: 0.4, Avg: 0.5, Max: 0.5, Diff: 0.0, Sum: 0.9]
      [Update RS (ms): Min: 0.7, Avg: 0.7, Max: 0.7, Diff: 0.0, Sum: 1.4]
         [Processed Buffers: Min: 10, Avg: 19.0, Max: 28, Diff: 18, Sum: 38]
      [Scan RS (ms): Min: 0.5, Avg: 0.5, Max: 0.5, Diff: 0.0, Sum: 1.0]
      [Code Root Scanning (ms): Min: 0.0, Avg: 0.0, Max: 0.0, Diff: 0.0, Sum: 0.0]
      [Object Copy (ms): Min: 3.8, Avg: 3.8, Max: 3.8, Diff: 0.0, Sum: 7.6]
      [Termination (ms): Min: 0.0, Avg: 0.0, Max: 0.0, Diff: 0.0, Sum: 0.0]
         [Termination Attempts: Min: 1, Avg: 1.0, Max: 1, Diff: 0, Sum: 2]
      [GC Worker Other (ms): Min: 0.0, Avg: 0.0, Max: 0.0, Diff: 0.0, Sum: 0.0]
      [GC Worker Total (ms): Min: 5.4, Avg: 5.4, Max: 5.5, Diff: 0.0, Sum: 10.9]
      [GC Worker End (ms): Min: 10412585.2, Avg: 10412585.2, Max: 10412585.2, Diff: 0.0]
   [Code Root Fixup: 0.0 ms]
   [Code Root Purge: 0.0 ms]
   [Clear CT: 0.1 ms]
   [Other: 0.5 ms]
      [Choose CSet: 0.0 ms]
      [Ref Proc: 0.2 ms]
      [Ref Enq: 0.0 ms]
      [Redirty Cards: 0.1 ms]
      [Humongous Register: 0.0 ms]
      [Humongous Reclaim: 0.0 ms]
      [Free CSet: 0.0 ms]
   [Eden: 46.0M(46.0M)->0.0B(47.0M) Survivors: 5120.0K->4096.0K Heap: 259.4M(1024.0M)->213.4M(1024.0M)]
 [Times: user=0.01 sys=0.00, real=0.01 secs] 
2017-09-19T15:40:24.841+0900: 10502.734: [GC pause (G1 Evacuation Pause) (young), 0.0224650 secs]
   [Parallel Time: 20.1 ms, GC Workers: 2]
      [GC Worker Start (ms): Min: 10502734.0, Avg: 10502734.0, Max: 10502734.0, Diff: 0.0]
      [Ext Root Scanning (ms): Min: 0.7, Avg: 0.7, Max: 0.7, Diff: 0.0, Sum: 1.4]
      [Update RS (ms): Min: 1.7, Avg: 1.7, Max: 1.7, Diff: 0.1, Sum: 3.4]
         [Processed Buffers: Min: 16, Avg: 18.5, Max: 21, Diff: 5, Sum: 37]
      [Scan RS (ms): Min: 1.1, Avg: 1.2, Max: 1.2, Diff: 0.1, Sum: 2.3]
      [Code Root Scanning (ms): Min: 0.0, Avg: 0.0, Max: 0.0, Diff: 0.0, Sum: 0.0]
      [Object Copy (ms): Min: 16.3, Avg: 16.3, Max: 16.3, Diff: 0.0, Sum: 32.5]
      [Termination (ms): Min: 0.0, Avg: 0.0, Max: 0.0, Diff: 0.0, Sum: 0.0]
         [Termination Attempts: Min: 1, Avg: 1.0, Max: 1, Diff: 0, Sum: 2]
      [GC Worker Other (ms): Min: 0.0, Avg: 0.0, Max: 0.0, Diff: 0.0, Sum: 0.0]
      [GC Worker Total (ms): Min: 19.9, Avg: 19.9, Max: 19.9, Diff: 0.0, Sum: 39.7]
      [GC Worker End (ms): Min: 10502753.8, Avg: 10502753.8, Max: 10502753.8, Diff: 0.0]
   [Code Root Fixup: 0.1 ms]
   [Code Root Purge: 0.0 ms]
   [Clear CT: 0.3 ms]
   [Other: 2.0 ms]
      [Choose CSet: 0.0 ms]
      [Ref Proc: 0.8 ms]
      [Ref Enq: 0.0 ms]
      [Redirty Cards: 0.6 ms]
      [Humongous Register: 0.0 ms]
      [Humongous Reclaim: 0.0 ms]
      [Free CSet: 0.1 ms]
   [Eden: 47.0M(47.0M)->0.0B(45.0M) Survivors: 4096.0K->6144.0K Heap: 260.4M(1024.0M)->215.4M(1024.0M)]
 [Times: user=0.04 sys=0.00, real=0.02 secs] 
2017-09-19T15:41:50.919+0900: 10588.812: [GC pause (G1 Evacuation Pause) (young), 0.0342784 secs]
   [Parallel Time: 33.1 ms, GC Workers: 2]
      [GC Worker Start (ms): Min: 10588812.5, Avg: 10588812.5, Max: 10588812.5, Diff: 0.1]
      [Ext Root Scanning (ms): Min: 1.7, Avg: 1.8, Max: 2.0, Diff: 0.2, Sum: 3.7]
      [Update RS (ms): Min: 5.0, Avg: 5.1, Max: 5.3, Diff: 0.3, Sum: 10.3]
         [Processed Buffers: Min: 13, Avg: 20.0, Max: 27, Diff: 14, Sum: 40]
      [Scan RS (ms): Min: 2.2, Avg: 2.3, Max: 2.5, Diff: 0.3, Sum: 4.7]
      [Code Root Scanning (ms): Min: 0.0, Avg: 0.0, Max: 0.0, Diff: 0.0, Sum: 0.0]
      [Object Copy (ms): Min: 23.5, Avg: 23.6, Max: 23.6, Diff: 0.1, Sum: 47.2]
      [Termination (ms): Min: 0.0, Avg: 0.0, Max: 0.0, Diff: 0.0, Sum: 0.0]
         [Termination Attempts: Min: 1, Avg: 1.0, Max: 1, Diff: 0, Sum: 2]
      [GC Worker Other (ms): Min: 0.0, Avg: 0.0, Max: 0.0, Diff: 0.0, Sum: 0.0]
      [GC Worker Total (ms): Min: 32.9, Avg: 32.9, Max: 33.0, Diff: 0.1, Sum: 65.9]
      [GC Worker End (ms): Min: 10588845.4, Avg: 10588845.4, Max: 10588845.4, Diff: 0.0]
   [Code Root Fixup: 0.1 ms]
   [Code Root Purge: 0.0 ms]
   [Clear CT: 0.1 ms]
   [Other: 1.0 ms]
      [Choose CSet: 0.0 ms]
      [Ref Proc: 0.3 ms]
      [Ref Enq: 0.0 ms]
      [Redirty Cards: 0.2 ms]
      [Humongous Register: 0.1 ms]
      [Humongous Reclaim: 0.0 ms]
      [Free CSet: 0.0 ms]
   [Eden: 45.0M(45.0M)->0.0B(47.0M) Survivors: 6144.0K->4096.0K Heap: 260.4M(1024.0M)->214.8M(1024.0M)]
 [Times: user=0.07 sys=0.00, real=0.03 secs] 
2017-09-19T15:43:21.441+0900: 10679.334: [GC pause (G1 Evacuation Pause) (young), 0.0249452 secs]
   [Parallel Time: 23.9 ms, GC Workers: 2]
      [GC Worker Start (ms): Min: 10679333.7, Avg: 10679333.7, Max: 10679333.8, Diff: 0.1]
      [Ext Root Scanning (ms): Min: 1.1, Avg: 1.2, Max: 1.2, Diff: 0.1, Sum: 2.3]
      [Update RS (ms): Min: 4.1, Avg: 4.2, Max: 4.3, Diff: 0.3, Sum: 8.4]
         [Processed Buffers: Min: 16, Avg: 19.5, Max: 23, Diff: 7, Sum: 39]
      [Scan RS (ms): Min: 2.2, Avg: 2.3, Max: 2.4, Diff: 0.2, Sum: 4.7]
      [Code Root Scanning (ms): Min: 0.0, Avg: 0.0, Max: 0.0, Diff: 0.0, Sum: 0.0]
      [Object Copy (ms): Min: 16.0, Avg: 16.1, Max: 16.1, Diff: 0.1, Sum: 32.1]
      [Termination (ms): Min: 0.0, Avg: 0.0, Max: 0.0, Diff: 0.0, Sum: 0.0]
         [Termination Attempts: Min: 1, Avg: 1.0, Max: 1, Diff: 0, Sum: 2]
      [GC Worker Other (ms): Min: 0.0, Avg: 0.0, Max: 0.0, Diff: 0.0, Sum: 0.0]
      [GC Worker Total (ms): Min: 23.7, Avg: 23.8, Max: 23.8, Diff: 0.1, Sum: 47.5]
      [GC Worker End (ms): Min: 10679357.5, Avg: 10679357.5, Max: 10679357.5, Diff: 0.0]
   [Code Root Fixup: 0.0 ms]
   [Code Root Purge: 0.0 ms]
   [Clear CT: 0.1 ms]
   [Other: 0.9 ms]
      [Choose CSet: 0.0 ms]
      [Ref Proc: 0.4 ms]
      [Ref Enq: 0.0 ms]
      [Redirty Cards: 0.2 ms]
      [Humongous Register: 0.0 ms]
      [Humongous Reclaim: 0.0 ms]
      [Free CSet: 0.0 ms]
   [Eden: 47.0M(47.0M)->0.0B(45.0M) Survivors: 4096.0K->6144.0K Heap: 261.8M(1024.0M)->216.8M(1024.0M)]
 [Times: user=0.05 sys=0.00, real=0.02 secs] 
2017-09-19T15:44:47.453+0900: 10765.346: [GC pause (G1 Evacuation Pause) (young), 0.0099312 secs]
   [Parallel Time: 9.5 ms, GC Workers: 2]
      [GC Worker Start (ms): Min: 10765345.8, Avg: 10765345.8, Max: 10765345.8, Diff: 0.0]
      [Ext Root Scanning (ms): Min: 0.5, Avg: 0.5, Max: 0.6, Diff: 0.0, Sum: 1.1]
      [Update RS (ms): Min: 1.1, Avg: 1.1, Max: 1.1, Diff: 0.0, Sum: 2.2]
         [Processed Buffers: Min: 15, Avg: 19.5, Max: 24, Diff: 9, Sum: 39]
      [Scan RS (ms): Min: 0.8, Avg: 0.8, Max: 0.8, Diff: 0.0, Sum: 1.7]
      [Code Root Scanning (ms): Min: 0.0, Avg: 0.0, Max: 0.0, Diff: 0.0, Sum: 0.0]
      [Object Copy (ms): Min: 6.9, Avg: 6.9, Max: 7.0, Diff: 0.0, Sum: 13.9]
      [Termination (ms): Min: 0.0, Avg: 0.0, Max: 0.0, Diff: 0.0, Sum: 0.0]
         [Termination Attempts: Min: 1, Avg: 1.0, Max: 1, Diff: 0, Sum: 2]
      [GC Worker Other (ms): Min: 0.0, Avg: 0.0, Max: 0.0, Diff: 0.0, Sum: 0.0]
      [GC Worker Total (ms): Min: 9.4, Avg: 9.4, Max: 9.4, Diff: 0.0, Sum: 18.9]
      [GC Worker End (ms): Min: 10765355.2, Avg: 10765355.2, Max: 10765355.2, Diff: 0.0]
   [Code Root Fixup: 0.0 ms]
   [Code Root Purge: 0.0 ms]
   [Clear CT: 0.0 ms]
   [Other: 0.4 ms]
      [Choose CSet: 0.0 ms]
      [Ref Proc: 0.1 ms]
      [Ref Enq: 0.0 ms]
      [Redirty Cards: 0.0 ms]
      [Humongous Register: 0.0 ms]
      [Humongous Reclaim: 0.0 ms]
      [Free CSet: 0.0 ms]
   [Eden: 45.0M(45.0M)->0.0B(47.0M) Survivors: 6144.0K->4096.0K Heap: 261.8M(1024.0M)->216.3M(1024.0M)]
 [Times: user=0.02 sys=0.00, real=0.01 secs] 
2017-09-19T15:46:13.388+0900: 10851.281: [GC pause (G1 Evacuation Pause) (young), 0.0139656 secs]
   [Parallel Time: 12.3 ms, GC Workers: 2]
      [GC Worker Start (ms): Min: 10851280.9, Avg: 10851280.9, Max: 10851280.9, Diff: 0.0]
      [Ext Root Scanning (ms): Min: 0.4, Avg: 0.4, Max: 0.5, Diff: 0.1, Sum: 0.9]
      [Update RS (ms): Min: 1.1, Avg: 1.2, Max: 1.2, Diff: 0.1, Sum: 2.3]
         [Processed Buffers: Min: 7, Avg: 20.0, Max: 33, Diff: 26, Sum: 40]
      [Scan RS (ms): Min: 0.6, Avg: 0.6, Max: 0.7, Diff: 0.1, Sum: 1.3]
      [Code Root Scanning (ms): Min: 0.0, Avg: 0.0, Max: 0.0, Diff: 0.0, Sum: 0.0]
      [Object Copy (ms): Min: 10.0, Avg: 10.0, Max: 10.1, Diff: 0.0, Sum: 20.1]
      [Termination (ms): Min: 0.0, Avg: 0.0, Max: 0.0, Diff: 0.0, Sum: 0.0]
         [Termination Attempts: Min: 1, Avg: 1.0, Max: 1, Diff: 0, Sum: 2]
      [GC Worker Other (ms): Min: 0.0, Avg: 0.0, Max: 0.0, Diff: 0.0, Sum: 0.0]
      [GC Worker Total (ms): Min: 12.3, Avg: 12.3, Max: 12.3, Diff: 0.0, Sum: 24.6]
      [GC Worker End (ms): Min: 10851293.2, Avg: 10851293.2, Max: 10851293.2, Diff: 0.0]
   [Code Root Fixup: 0.0 ms]
   [Code Root Purge: 0.0 ms]
   [Clear CT: 0.1 ms]
   [Other: 1.5 ms]
      [Choose CSet: 0.0 ms]
      [Ref Proc: 1.2 ms]
      [Ref Enq: 0.0 ms]
      [Redirty Cards: 0.0 ms]
      [Humongous Register: 0.0 ms]
      [Humongous Reclaim: 0.0 ms]
      [Free CSet: 0.0 ms]
   [Eden: 47.0M(47.0M)->0.0B(44.0M) Survivors: 4096.0K->7168.0K Heap: 263.3M(1024.0M)->220.5M(1024.0M)]
 [Times: user=0.01 sys=0.00, real=0.01 secs] 
2017-09-19T15:47:37.497+0900: 10935.390: [GC pause (G1 Evacuation Pause) (young), 0.0079835 secs]
   [Parallel Time: 7.2 ms, GC Workers: 2]
      [GC Worker Start (ms): Min: 10935390.5, Avg: 10935390.5, Max: 10935390.5, Diff: 0.0]
      [Ext Root Scanning (ms): Min: 0.5, Avg: 0.5, Max: 0.5, Diff: 0.0, Sum: 0.9]
      [Update RS (ms): Min: 0.7, Avg: 0.7, Max: 0.7, Diff: 0.0, Sum: 1.4]
         [Processed Buffers: Min: 18, Avg: 19.5, Max: 21, Diff: 3, Sum: 39]
      [Scan RS (ms): Min: 0.5, Avg: 0.5, Max: 0.6, Diff: 0.0, Sum: 1.1]
      [Code Root Scanning (ms): Min: 0.0, Avg: 0.0, Max: 0.0, Diff: 0.0, Sum: 0.0]
      [Object Copy (ms): Min: 5.4, Avg: 5.4, Max: 5.4, Diff: 0.0, Sum: 10.9]
      [Termination (ms): Min: 0.0, Avg: 0.0, Max: 0.0, Diff: 0.0, Sum: 0.0]
         [Termination Attempts: Min: 1, Avg: 1.0, Max: 1, Diff: 0, Sum: 2]
      [GC Worker Other (ms): Min: 0.0, Avg: 0.0, Max: 0.0, Diff: 0.0, Sum: 0.0]
      [GC Worker Total (ms): Min: 7.2, Avg: 7.2, Max: 7.2, Diff: 0.0, Sum: 14.3]
      [GC Worker End (ms): Min: 10935397.7, Avg: 10935397.7, Max: 10935397.7, Diff: 0.0]
   [Code Root Fixup: 0.0 ms]
   [Code Root Purge: 0.0 ms]
   [Clear CT: 0.1 ms]
   [Other: 0.6 ms]
      [Choose CSet: 0.0 ms]
      [Ref Proc: 0.2 ms]
      [Ref Enq: 0.0 ms]
      [Redirty Cards: 0.2 ms]
      [Humongous Register: 0.0 ms]
      [Humongous Reclaim: 0.0 ms]
      [Free CSet: 0.0 ms]
   [Eden: 44.0M(44.0M)->0.0B(61.0M) Survivors: 7168.0K->5120.0K Heap: 264.5M(1024.0M)->220.0M(1024.0M)]
 [Times: user=0.02 sys=0.00, real=0.00 secs] 
2017-09-19T15:49:06.047+0900: 11023.940: [GC pause (G1 Evacuation Pause) (young), 0.0311012 secs]
   [Parallel Time: 29.4 ms, GC Workers: 2]
      [GC Worker Start (ms): Min: 11023940.1, Avg: 11023940.1, Max: 11023940.1, Diff: 0.0]
      [Ext Root Scanning (ms): Min: 1.7, Avg: 1.8, Max: 1.8, Diff: 0.1, Sum: 3.5]
      [Update RS (ms): Min: 5.5, Avg: 5.5, Max: 5.5, Diff: 0.0, Sum: 11.1]
         [Processed Buffers: Min: 15, Avg: 20.0, Max: 25, Diff: 10, Sum: 40]
      [Scan RS (ms): Min: 3.8, Avg: 3.8, Max: 3.9, Diff: 0.1, Sum: 7.7]
      [Code Root Scanning (ms): Min: 0.0, Avg: 0.0, Max: 0.0, Diff: 0.0, Sum: 0.0]
      [Object Copy (ms): Min: 17.9, Avg: 18.0, Max: 18.1, Diff: 0.2, Sum: 36.0]
      [Termination (ms): Min: 0.0, Avg: 0.0, Max: 0.0, Diff: 0.0, Sum: 0.0]
         [Termination Attempts: Min: 1, Avg: 1.0, Max: 1, Diff: 0, Sum: 2]
      [GC Worker Other (ms): Min: 0.0, Avg: 0.0, Max: 0.1, Diff: 0.0, Sum: 0.1]
      [GC Worker Total (ms): Min: 29.2, Avg: 29.2, Max: 29.2, Diff: 0.0, Sum: 58.4]
      [GC Worker End (ms): Min: 11023969.3, Avg: 11023969.3, Max: 11023969.3, Diff: 0.0]
   [Code Root Fixup: 0.1 ms]
   [Code Root Purge: 0.0 ms]
   [Clear CT: 0.1 ms]
   [Other: 1.5 ms]
      [Choose CSet: 0.0 ms]
      [Ref Proc: 0.6 ms]
      [Ref Enq: 0.0 ms]
      [Redirty Cards: 0.3 ms]
      [Humongous Register: 0.1 ms]
      [Humongous Reclaim: 0.0 ms]
      [Free CSet: 0.0 ms]
   [Eden: 46.0M(46.0M)->0.0B(45.0M) Survivors: 5120.0K->6144.0K Heap: 266.0M(1024.0M)->221.0M(1024.0M)]
 [Times: user=0.06 sys=0.00, real=0.04 secs] 
2017-09-19T15:50:32.705+0900: 11110.598: [GC pause (G1 Evacuation Pause) (young), 0.0084911 secs]
   [Parallel Time: 5.4 ms, GC Workers: 2]
      [GC Worker Start (ms): Min: 11110597.8, Avg: 11110598.1, Max: 11110598.4, Diff: 0.6]
      [Ext Root Scanning (ms): Min: 0.2, Avg: 0.5, Max: 0.7, Diff: 0.6, Sum: 0.9]
      [Update RS (ms): Min: 0.6, Avg: 0.6, Max: 0.6, Diff: 0.0, Sum: 1.3]
         [Processed Buffers: Min: 16, Avg: 20.0, Max: 24, Diff: 8, Sum: 40]
      [Scan RS (ms): Min: 0.5, Avg: 0.5, Max: 0.5, Diff: 0.0, Sum: 0.9]
      [Code Root Scanning (ms): Min: 0.0, Avg: 0.0, Max: 0.0, Diff: 0.0, Sum: 0.0]
      [Object Copy (ms): Min: 3.5, Avg: 3.6, Max: 3.6, Diff: 0.0, Sum: 7.1]
      [Termination (ms): Min: 0.0, Avg: 0.0, Max: 0.0, Diff: 0.0, Sum: 0.0]
         [Termination Attempts: Min: 1, Avg: 1.0, Max: 1, Diff: 0, Sum: 2]
      [GC Worker Other (ms): Min: 0.0, Avg: 0.0, Max: 0.0, Diff: 0.0, Sum: 0.0]
      [GC Worker Total (ms): Min: 4.8, Avg: 5.1, Max: 5.4, Diff: 0.6, Sum: 10.2]
      [GC Worker End (ms): Min: 11110603.3, Avg: 11110603.3, Max: 11110603.3, Diff: 0.0]
   [Code Root Fixup: 0.0 ms]
   [Code Root Purge: 0.0 ms]
   [Clear CT: 0.0 ms]
   [Other: 3.0 ms]
      [Choose CSet: 0.0 ms]
      [Ref Proc: 2.7 ms]
      [Ref Enq: 0.0 ms]
      [Redirty Cards: 0.0 ms]
      [Humongous Register: 0.0 ms]
      [Humongous Reclaim: 0.0 ms]
      [Free CSet: 0.0 ms]
   [Eden: 45.0M(45.0M)->0.0B(53.0M) Survivors: 6144.0K->4096.0K Heap: 266.0M(1024.0M)->220.2M(1024.0M)]
 [Times: user=0.01 sys=0.00, real=0.01 secs] 
2017-09-19T15:52:14.080+0900: 11211.973: [GC pause (G1 Evacuation Pause) (young), 0.0320875 secs]
   [Parallel Time: 30.7 ms, GC Workers: 2]
      [GC Worker Start (ms): Min: 11211973.1, Avg: 11211973.2, Max: 11211973.2, Diff: 0.1]
      [Ext Root Scanning (ms): Min: 1.9, Avg: 2.0, Max: 2.1, Diff: 0.2, Sum: 3.9]
      [Update RS (ms): Min: 9.9, Avg: 10.0, Max: 10.1, Diff: 0.1, Sum: 20.0]
         [Processed Buffers: Min: 11, Avg: 19.5, Max: 28, Diff: 17, Sum: 39]
      [Scan RS (ms): Min: 0.6, Avg: 0.7, Max: 0.8, Diff: 0.2, Sum: 1.4]
      [Code Root Scanning (ms): Min: 0.0, Avg: 0.0, Max: 0.0, Diff: 0.0, Sum: 0.0]
      [Object Copy (ms): Min: 17.8, Avg: 17.9, Max: 18.0, Diff: 0.2, Sum: 35.7]
      [Termination (ms): Min: 0.0, Avg: 0.0, Max: 0.0, Diff: 0.0, Sum: 0.0]
         [Termination Attempts: Min: 1, Avg: 1.0, Max: 1, Diff: 0, Sum: 2]
      [GC Worker Other (ms): Min: 0.0, Avg: 0.0, Max: 0.1, Diff: 0.0, Sum: 0.1]
      [GC Worker Total (ms): Min: 30.5, Avg: 30.6, Max: 30.6, Diff: 0.1, Sum: 61.2]
      [GC Worker End (ms): Min: 11212003.7, Avg: 11212003.7, Max: 11212003.7, Diff: 0.0]
   [Code Root Fixup: 0.1 ms]
   [Code Root Purge: 0.0 ms]
   [Clear CT: 0.1 ms]
   [Other: 1.2 ms]
      [Choose CSet: 0.0 ms]
      [Ref Proc: 0.4 ms]
      [Ref Enq: 0.0 ms]
      [Redirty Cards: 0.3 ms]
      [Humongous Register: 0.1 ms]
      [Humongous Reclaim: 0.0 ms]
      [Free CSet: 0.0 ms]
   [Eden: 53.0M(53.0M)->0.0B(48.0M) Survivors: 4096.0K->3072.0K Heap: 273.2M(1024.0M)->219.7M(1024.0M)]
 [Times: user=0.06 sys=0.00, real=0.03 secs] 
2017-09-19T15:53:46.656+0900: 11304.549: [GC pause (G1 Evacuation Pause) (young), 0.0454948 secs]
   [Parallel Time: 36.8 ms, GC Workers: 2]
      [GC Worker Start (ms): Min: 11304549.6, Avg: 11304549.6, Max: 11304549.7, Diff: 0.1]
      [Ext Root Scanning (ms): Min: 1.5, Avg: 1.7, Max: 1.8, Diff: 0.2, Sum: 3.3]
      [Update RS (ms): Min: 3.7, Avg: 4.7, Max: 5.8, Diff: 2.1, Sum: 9.5]
         [Processed Buffers: Min: 1, Avg: 17.5, Max: 34, Diff: 33, Sum: 35]
      [Scan RS (ms): Min: 0.0, Avg: 0.0, Max: 0.0, Diff: 0.0, Sum: 0.0]
      [Code Root Scanning (ms): Min: 0.0, Avg: 0.0, Max: 0.0, Diff: 0.0, Sum: 0.0]
      [Object Copy (ms): Min: 29.0, Avg: 29.3, Max: 29.6, Diff: 0.6, Sum: 58.6]
      [Termination (ms): Min: 0.0, Avg: 0.7, Max: 1.4, Diff: 1.4, Sum: 1.4]
         [Termination Attempts: Min: 1, Avg: 1.0, Max: 1, Diff: 0, Sum: 2]
      [GC Worker Other (ms): Min: 0.0, Avg: 0.0, Max: 0.0, Diff: 0.0, Sum: 0.0]
      [GC Worker Total (ms): Min: 36.4, Avg: 36.5, Max: 36.6, Diff: 0.2, Sum: 72.9]
      [GC Worker End (ms): Min: 11304586.1, Avg: 11304586.1, Max: 11304586.1, Diff: 0.0]
   [Code Root Fixup: 0.1 ms]
   [Code Root Purge: 0.0 ms]
   [Clear CT: 3.4 ms]
   [Other: 5.2 ms]
      [Choose CSet: 0.0 ms]
      [Ref Proc: 4.8 ms]
      [Ref Enq: 0.0 ms]
      [Redirty Cards: 0.0 ms]
      [Humongous Register: 0.1 ms]
      [Humongous Reclaim: 0.0 ms]
      [Free CSet: 0.0 ms]
   [Eden: 48.0M(48.0M)->0.0B(46.0M) Survivors: 3072.0K->5120.0K Heap: 267.7M(1024.0M)->221.7M(1024.0M)]
 [Times: user=0.05 sys=0.00, real=0.04 secs] 
2017-09-19T15:55:15.147+0900: 11393.040: [GC pause (G1 Evacuation Pause) (young), 0.0070875 secs]
   [Parallel Time: 4.9 ms, GC Workers: 2]
      [GC Worker Start (ms): Min: 11393040.1, Avg: 11393040.1, Max: 11393040.1, Diff: 0.0]
      [Ext Root Scanning (ms): Min: 0.5, Avg: 0.5, Max: 0.5, Diff: 0.0, Sum: 1.0]
      [Update RS (ms): Min: 0.6, Avg: 0.7, Max: 0.7, Diff: 0.0, Sum: 1.3]
         [Processed Buffers: Min: 9, Avg: 19.0, Max: 29, Diff: 20, Sum: 38]
      [Scan RS (ms): Min: 0.0, Avg: 0.0, Max: 0.0, Diff: 0.0, Sum: 0.0]
      [Code Root Scanning (ms): Min: 0.0, Avg: 0.0, Max: 0.0, Diff: 0.0, Sum: 0.0]
      [Object Copy (ms): Min: 3.7, Avg: 3.7, Max: 3.7, Diff: 0.0, Sum: 7.3]
      [Termination (ms): Min: 0.0, Avg: 0.0, Max: 0.0, Diff: 0.0, Sum: 0.0]
         [Termination Attempts: Min: 1, Avg: 1.0, Max: 1, Diff: 0, Sum: 2]
      [GC Worker Other (ms): Min: 0.0, Avg: 0.0, Max: 0.0, Diff: 0.0, Sum: 0.0]
      [GC Worker Total (ms): Min: 4.8, Avg: 4.8, Max: 4.8, Diff: 0.0, Sum: 9.6]
      [GC Worker End (ms): Min: 11393044.9, Avg: 11393044.9, Max: 11393044.9, Diff: 0.0]
   [Code Root Fixup: 0.0 ms]
   [Code Root Purge: 0.0 ms]
   [Clear CT: 0.2 ms]
   [Other: 2.0 ms]
      [Choose CSet: 0.0 ms]
      [Ref Proc: 1.4 ms]
      [Ref Enq: 0.0 ms]
      [Redirty Cards: 0.4 ms]
      [Humongous Register: 0.0 ms]
      [Humongous Reclaim: 0.0 ms]
      [Free CSet: 0.0 ms]
   [Eden: 46.0M(46.0M)->0.0B(47.0M) Survivors: 5120.0K->4096.0K Heap: 267.7M(1024.0M)->220.8M(1024.0M)]
 [Times: user=0.01 sys=0.00, real=0.01 secs] 
2017-09-19T15:56:46.095+0900: 11483.988: [GC pause (G1 Evacuation Pause) (young), 0.0265210 secs]
   [Parallel Time: 23.6 ms, GC Workers: 2]
      [GC Worker Start (ms): Min: 11483987.9, Avg: 11483988.0, Max: 11483988.0, Diff: 0.1]
      [Ext Root Scanning (ms): Min: 0.8, Avg: 0.9, Max: 0.9, Diff: 0.2, Sum: 1.7]
      [Update RS (ms): Min: 2.3, Avg: 2.4, Max: 2.5, Diff: 0.2, Sum: 4.9]
         [Processed Buffers: Min: 16, Avg: 20.5, Max: 25, Diff: 9, Sum: 41]
      [Scan RS (ms): Min: 0.4, Avg: 0.4, Max: 0.5, Diff: 0.1, Sum: 0.8]
      [Code Root Scanning (ms): Min: 0.0, Avg: 0.0, Max: 0.0, Diff: 0.0, Sum: 0.0]
      [Object Copy (ms): Min: 19.7, Avg: 19.7, Max: 19.8, Diff: 0.1, Sum: 39.5]
      [Termination (ms): Min: 0.0, Avg: 0.0, Max: 0.0, Diff: 0.0, Sum: 0.0]
         [Termination Attempts: Min: 1, Avg: 1.0, Max: 1, Diff: 0, Sum: 2]
      [GC Worker Other (ms): Min: 0.0, Avg: 0.0, Max: 0.0, Diff: 0.0, Sum: 0.0]
      [GC Worker Total (ms): Min: 23.4, Avg: 23.5, Max: 23.5, Diff: 0.1, Sum: 46.9]
      [GC Worker End (ms): Min: 11484011.4, Avg: 11484011.4, Max: 11484011.4, Diff: 0.0]
   [Code Root Fixup: 0.1 ms]
   [Code Root Purge: 0.0 ms]
   [Clear CT: 0.0 ms]
   [Other: 2.8 ms]
      [Choose CSet: 0.0 ms]
      [Ref Proc: 2.5 ms]
      [Ref Enq: 0.0 ms]
      [Redirty Cards: 0.0 ms]
      [Humongous Register: 0.0 ms]
      [Humongous Reclaim: 0.0 ms]
      [Free CSet: 0.0 ms]
   [Eden: 47.0M(47.0M)->0.0B(45.0M) Survivors: 4096.0K->6144.0K Heap: 267.8M(1024.0M)->223.3M(1024.0M)]
 [Times: user=0.04 sys=0.00, real=0.03 secs] 
2017-09-19T15:58:12.210+0900: 11570.103: [GC pause (G1 Evacuation Pause) (young), 0.0733350 secs]
   [Parallel Time: 72.5 ms, GC Workers: 2]
      [GC Worker Start (ms): Min: 11570103.0, Avg: 11570105.3, Max: 11570107.7, Diff: 4.7]
      [Ext Root Scanning (ms): Min: 0.0, Avg: 1.4, Max: 2.8, Diff: 2.8, Sum: 2.8]
      [Update RS (ms): Min: 4.1, Avg: 5.6, Max: 7.1, Diff: 3.0, Sum: 11.2]
         [Processed Buffers: Min: 2, Avg: 18.0, Max: 34, Diff: 32, Sum: 36]
      [Scan RS (ms): Min: 4.3, Avg: 4.8, Max: 5.2, Diff: 0.8, Sum: 9.5]
      [Code Root Scanning (ms): Min: 0.0, Avg: 0.0, Max: 0.0, Diff: 0.0, Sum: 0.0]
      [Object Copy (ms): Min: 40.2, Avg: 49.3, Max: 58.4, Diff: 18.2, Sum: 98.6]
      [Termination (ms): Min: 0.0, Avg: 9.0, Max: 18.0, Diff: 18.0, Sum: 18.0]
         [Termination Attempts: Min: 1, Avg: 1.5, Max: 2, Diff: 1, Sum: 3]
      [GC Worker Other (ms): Min: 0.0, Avg: 0.0, Max: 0.0, Diff: 0.0, Sum: 0.0]
      [GC Worker Total (ms): Min: 67.7, Avg: 70.1, Max: 72.5, Diff: 4.7, Sum: 140.2]
      [GC Worker End (ms): Min: 11570175.4, Avg: 11570175.4, Max: 11570175.4, Diff: 0.0]
   [Code Root Fixup: 0.1 ms]
   [Code Root Purge: 0.0 ms]
   [Clear CT: 0.1 ms]
   [Other: 0.7 ms]
      [Choose CSet: 0.0 ms]
      [Ref Proc: 0.2 ms]
      [Ref Enq: 0.0 ms]
      [Redirty Cards: 0.1 ms]
      [Humongous Register: 0.1 ms]
      [Humongous Reclaim: 0.0 ms]
      [Free CSet: 0.0 ms]
   [Eden: 45.0M(45.0M)->0.0B(47.0M) Survivors: 6144.0K->4096.0K Heap: 268.3M(1024.0M)->222.8M(1024.0M)]
 [Times: user=0.07 sys=0.00, real=0.07 secs] 
2017-09-19T15:59:42.751+0900: 11660.644: [GC pause (G1 Evacuation Pause) (young), 0.0102214 secs]
   [Parallel Time: 8.4 ms, GC Workers: 2]
      [GC Worker Start (ms): Min: 11660644.1, Avg: 11660644.2, Max: 11660644.3, Diff: 0.3]
      [Ext Root Scanning (ms): Min: 0.4, Avg: 0.5, Max: 0.7, Diff: 0.3, Sum: 1.1]
      [Update RS (ms): Min: 1.3, Avg: 1.3, Max: 1.3, Diff: 0.0, Sum: 2.6]
         [Processed Buffers: Min: 11, Avg: 19.5, Max: 28, Diff: 17, Sum: 39]
      [Scan RS (ms): Min: 1.2, Avg: 1.2, Max: 1.3, Diff: 0.1, Sum: 2.4]
      [Code Root Scanning (ms): Min: 0.0, Avg: 0.0, Max: 0.0, Diff: 0.0, Sum: 0.0]
      [Object Copy (ms): Min: 5.2, Avg: 5.2, Max: 5.2, Diff: 0.0, Sum: 10.3]
      [Termination (ms): Min: 0.0, Avg: 0.0, Max: 0.0, Diff: 0.0, Sum: 0.0]
         [Termination Attempts: Min: 1, Avg: 1.0, Max: 1, Diff: 0, Sum: 2]
      [GC Worker Other (ms): Min: 0.0, Avg: 0.0, Max: 0.0, Diff: 0.0, Sum: 0.0]
      [GC Worker Total (ms): Min: 8.1, Avg: 8.2, Max: 8.4, Diff: 0.3, Sum: 16.5]
      [GC Worker End (ms): Min: 11660652.4, Avg: 11660652.4, Max: 11660652.4, Diff: 0.0]
   [Code Root Fixup: 0.1 ms]
   [Code Root Purge: 0.0 ms]
   [Clear CT: 0.2 ms]
   [Other: 1.5 ms]
      [Choose CSet: 0.0 ms]
      [Ref Proc: 0.5 ms]
      [Ref Enq: 0.0 ms]
      [Redirty Cards: 0.5 ms]
      [Humongous Register: 0.0 ms]
      [Humongous Reclaim: 0.0 ms]
      [Free CSet: 0.0 ms]
   [Eden: 47.0M(47.0M)->0.0B(45.0M) Survivors: 4096.0K->6144.0K Heap: 269.8M(1024.0M)->224.8M(1024.0M)]
 [Times: user=0.02 sys=0.00, real=0.01 secs] 
2017-09-19T16:01:09.469+0900: 11747.362: [GC pause (G1 Evacuation Pause) (young), 0.0408238 secs]
   [Parallel Time: 34.1 ms, GC Workers: 2]
      [GC Worker Start (ms): Min: 11747362.4, Avg: 11747362.6, Max: 11747362.9, Diff: 0.5]
      [Ext Root Scanning (ms): Min: 1.8, Avg: 2.0, Max: 2.3, Diff: 0.5, Sum: 4.1]
      [Update RS (ms): Min: 6.0, Avg: 6.0, Max: 6.1, Diff: 0.1, Sum: 12.0]
         [Processed Buffers: Min: 11, Avg: 19.0, Max: 27, Diff: 16, Sum: 38]
      [Scan RS (ms): Min: 4.2, Avg: 4.6, Max: 5.0, Diff: 0.8, Sum: 9.3]
      [Code Root Scanning (ms): Min: 0.0, Avg: 0.0, Max: 0.0, Diff: 0.0, Sum: 0.0]
      [Object Copy (ms): Min: 20.7, Avg: 21.1, Max: 21.4, Diff: 0.7, Sum: 42.1]
      [Termination (ms): Min: 0.0, Avg: 0.0, Max: 0.0, Diff: 0.0, Sum: 0.0]
         [Termination Attempts: Min: 1, Avg: 1.0, Max: 1, Diff: 0, Sum: 2]
      [GC Worker Other (ms): Min: 0.0, Avg: 0.0, Max: 0.0, Diff: 0.0, Sum: 0.1]
      [GC Worker Total (ms): Min: 33.5, Avg: 33.8, Max: 34.0, Diff: 0.5, Sum: 67.5]
      [GC Worker End (ms): Min: 11747396.4, Avg: 11747396.4, Max: 11747396.4, Diff: 0.0]
   [Code Root Fixup: 0.1 ms]
   [Code Root Purge: 0.0 ms]
   [Clear CT: 0.1 ms]
   [Other: 6.6 ms]
      [Choose CSet: 0.0 ms]
      [Ref Proc: 5.9 ms]
      [Ref Enq: 0.0 ms]
      [Redirty Cards: 0.1 ms]
      [Humongous Register: 0.1 ms]
      [Humongous Reclaim: 0.0 ms]
      [Free CSet: 0.0 ms]
   [Eden: 45.0M(45.0M)->0.0B(47.0M) Survivors: 6144.0K->4096.0K Heap: 269.8M(1024.0M)->224.3M(1024.0M)]
 [Times: user=0.05 sys=0.00, real=0.04 secs] 
2017-09-19T16:02:40.015+0900: 11837.908: [GC pause (G1 Evacuation Pause) (young), 0.0205420 secs]
   [Parallel Time: 17.4 ms, GC Workers: 2]
      [GC Worker Start (ms): Min: 11837908.6, Avg: 11837908.6, Max: 11837908.7, Diff: 0.1]
      [Ext Root Scanning (ms): Min: 0.7, Avg: 0.7, Max: 0.8, Diff: 0.1, Sum: 1.5]
      [Update RS (ms): Min: 2.0, Avg: 2.1, Max: 2.2, Diff: 0.2, Sum: 4.2]
         [Processed Buffers: Min: 14, Avg: 19.5, Max: 25, Diff: 11, Sum: 39]
      [Scan RS (ms): Min: 1.7, Avg: 1.9, Max: 2.0, Diff: 0.3, Sum: 3.7]
      [Code Root Scanning (ms): Min: 0.0, Avg: 0.0, Max: 0.0, Diff: 0.0, Sum: 0.0]
      [Object Copy (ms): Min: 12.5, Avg: 12.6, Max: 12.7, Diff: 0.1, Sum: 25.2]
      [Termination (ms): Min: 0.0, Avg: 0.0, Max: 0.0, Diff: 0.0, Sum: 0.0]
         [Termination Attempts: Min: 1, Avg: 1.5, Max: 2, Diff: 1, Sum: 3]
      [GC Worker Other (ms): Min: 0.0, Avg: 0.0, Max: 0.0, Diff: 0.0, Sum: 0.0]
      [GC Worker Total (ms): Min: 17.3, Avg: 17.3, Max: 17.3, Diff: 0.1, Sum: 34.6]
      [GC Worker End (ms): Min: 11837926.0, Avg: 11837926.0, Max: 11837926.0, Diff: 0.0]
   [Code Root Fixup: 0.0 ms]
   [Code Root Purge: 0.0 ms]
   [Clear CT: 0.8 ms]
   [Other: 2.3 ms]
      [Choose CSet: 0.0 ms]
      [Ref Proc: 1.4 ms]
      [Ref Enq: 0.0 ms]
      [Redirty Cards: 0.5 ms]
      [Humongous Register: 0.0 ms]
      [Humongous Reclaim: 0.1 ms]
      [Free CSet: 0.1 ms]
   [Eden: 47.0M(47.0M)->0.0B(45.0M) Survivors: 4096.0K->6144.0K Heap: 271.3M(1024.0M)->226.3M(1024.0M)]
 [Times: user=0.03 sys=0.00, real=0.03 secs] 
2017-09-19T16:04:06.497+0900: 11924.390: [GC pause (G1 Evacuation Pause) (young), 0.0110978 secs]
   [Parallel Time: 6.7 ms, GC Workers: 2]
      [GC Worker Start (ms): Min: 11924390.2, Avg: 11924390.2, Max: 11924390.2, Diff: 0.0]
      [Ext Root Scanning (ms): Min: 0.4, Avg: 0.4, Max: 0.4, Diff: 0.0, Sum: 0.9]
      [Update RS (ms): Min: 0.5, Avg: 0.6, Max: 0.7, Diff: 0.1, Sum: 1.2]
         [Processed Buffers: Min: 14, Avg: 17.5, Max: 21, Diff: 7, Sum: 35]
      [Scan RS (ms): Min: 0.5, Avg: 0.9, Max: 1.2, Diff: 0.7, Sum: 1.7]
      [Code Root Scanning (ms): Min: 0.0, Avg: 0.0, Max: 0.0, Diff: 0.0, Sum: 0.0]
      [Object Copy (ms): Min: 4.4, Avg: 4.7, Max: 4.9, Diff: 0.5, Sum: 9.3]
      [Termination (ms): Min: 0.0, Avg: 0.0, Max: 0.0, Diff: 0.0, Sum: 0.0]
         [Termination Attempts: Min: 1, Avg: 2.0, Max: 3, Diff: 2, Sum: 4]
      [GC Worker Other (ms): Min: 0.0, Avg: 0.0, Max: 0.0, Diff: 0.0, Sum: 0.0]
      [GC Worker Total (ms): Min: 6.5, Avg: 6.5, Max: 6.6, Diff: 0.0, Sum: 13.1]
      [GC Worker End (ms): Min: 11924396.7, Avg: 11924396.7, Max: 11924396.7, Diff: 0.0]
   [Code Root Fixup: 0.0 ms]
   [Code Root Purge: 0.0 ms]
   [Clear CT: 0.0 ms]
   [Other: 4.4 ms]
      [Choose CSet: 0.0 ms]
      [Ref Proc: 4.2 ms]
      [Ref Enq: 0.0 ms]
      [Redirty Cards: 0.0 ms]
      [Humongous Register: 0.0 ms]
      [Humongous Reclaim: 0.0 ms]
      [Free CSet: 0.0 ms]
   [Eden: 45.0M(45.0M)->0.0B(47.0M) Survivors: 6144.0K->4096.0K Heap: 271.3M(1024.0M)->226.3M(1024.0M)]
 [Times: user=0.02 sys=0.00, real=0.01 secs] 
2017-09-19T16:05:37.213+0900: 12015.106: [GC pause (G1 Evacuation Pause) (young), 0.0301412 secs]
   [Parallel Time: 14.2 ms, GC Workers: 2]
      [GC Worker Start (ms): Min: 12015105.9, Avg: 12015107.3, Max: 12015108.7, Diff: 2.8]
      [Ext Root Scanning (ms): Min: 0.0, Avg: 0.4, Max: 0.8, Diff: 0.8, Sum: 0.8]
      [Update RS (ms): Min: 0.8, Avg: 2.6, Max: 4.5, Diff: 3.7, Sum: 5.3]
         [Processed Buffers: Min: 10, Avg: 19.5, Max: 29, Diff: 19, Sum: 39]
      [Scan RS (ms): Min: 0.7, Avg: 2.0, Max: 3.3, Diff: 2.6, Sum: 4.0]
      [Code Root Scanning (ms): Min: 0.0, Avg: 0.0, Max: 0.0, Diff: 0.0, Sum: 0.0]
      [Object Copy (ms): Min: 7.2, Avg: 7.6, Max: 8.1, Diff: 0.9, Sum: 15.3]
      [Termination (ms): Min: 0.0, Avg: 0.0, Max: 0.0, Diff: 0.0, Sum: 0.0]
         [Termination Attempts: Min: 1, Avg: 1.0, Max: 1, Diff: 0, Sum: 2]
      [GC Worker Other (ms): Min: 0.0, Avg: 0.0, Max: 0.0, Diff: 0.0, Sum: 0.0]
      [GC Worker Total (ms): Min: 11.3, Avg: 12.7, Max: 14.1, Diff: 2.8, Sum: 25.4]
      [GC Worker End (ms): Min: 12015120.0, Avg: 12015120.0, Max: 12015120.0, Diff: 0.0]
   [Code Root Fixup: 0.0 ms]
   [Code Root Purge: 0.0 ms]
   [Clear CT: 0.1 ms]
   [Other: 15.8 ms]
      [Choose CSet: 0.0 ms]
      [Ref Proc: 15.2 ms]
      [Ref Enq: 0.0 ms]
      [Redirty Cards: 0.4 ms]
      [Humongous Register: 0.0 ms]
      [Humongous Reclaim: 0.0 ms]
      [Free CSet: 0.0 ms]
   [Eden: 47.0M(47.0M)->0.0B(45.0M) Survivors: 4096.0K->6144.0K Heap: 273.3M(1024.0M)->227.8M(1024.0M)]
 [Times: user=0.03 sys=0.00, real=0.03 secs] 
2017-09-19T16:07:03.887+0900: 12101.780: [GC pause (G1 Evacuation Pause) (young), 0.0321825 secs]
   [Parallel Time: 31.0 ms, GC Workers: 2]
      [GC Worker Start (ms): Min: 12101780.0, Avg: 12101780.1, Max: 12101780.1, Diff: 0.2]
      [Ext Root Scanning (ms): Min: 1.6, Avg: 1.7, Max: 1.9, Diff: 0.3, Sum: 3.4]
      [Update RS (ms): Min: 3.2, Avg: 3.5, Max: 3.8, Diff: 0.5, Sum: 7.0]
         [Processed Buffers: Min: 7, Avg: 18.5, Max: 30, Diff: 23, Sum: 37]
      [Scan RS (ms): Min: 3.0, Avg: 3.3, Max: 3.6, Diff: 0.6, Sum: 6.6]
      [Code Root Scanning (ms): Min: 0.0, Avg: 0.0, Max: 0.0, Diff: 0.0, Sum: 0.0]
      [Object Copy (ms): Min: 20.5, Avg: 21.2, Max: 22.0, Diff: 1.5, Sum: 42.5]
      [Termination (ms): Min: 0.0, Avg: 0.8, Max: 1.6, Diff: 1.6, Sum: 1.6]
         [Termination Attempts: Min: 1, Avg: 1.0, Max: 1, Diff: 0, Sum: 2]
      [GC Worker Other (ms): Min: 0.0, Avg: 0.0, Max: 0.0, Diff: 0.0, Sum: 0.0]
      [GC Worker Total (ms): Min: 30.4, Avg: 30.6, Max: 30.8, Diff: 0.4, Sum: 61.2]
      [GC Worker End (ms): Min: 12101810.5, Avg: 12101810.6, Max: 12101810.7, Diff: 0.2]
   [Code Root Fixup: 0.1 ms]
   [Code Root Purge: 0.0 ms]
   [Clear CT: 0.2 ms]
   [Other: 1.0 ms]
      [Choose CSet: 0.0 ms]
      [Ref Proc: 0.3 ms]
      [Ref Enq: 0.0 ms]
      [Redirty Cards: 0.1 ms]
      [Humongous Register: 0.1 ms]
      [Humongous Reclaim: 0.0 ms]
      [Free CSet: 0.0 ms]
   [Eden: 45.0M(45.0M)->0.0B(47.0M) Survivors: 6144.0K->4096.0K Heap: 272.8M(1024.0M)->227.2M(1024.0M)]
 [Times: user=0.06 sys=0.00, real=0.04 secs] 
2017-09-19T16:08:34.455+0900: 12192.349: [GC pause (G1 Evacuation Pause) (young), 0.0199211 secs]
   [Parallel Time: 18.9 ms, GC Workers: 2]
      [GC Worker Start (ms): Min: 12192348.6, Avg: 12192348.6, Max: 12192348.7, Diff: 0.0]
      [Ext Root Scanning (ms): Min: 0.7, Avg: 0.8, Max: 0.8, Diff: 0.0, Sum: 1.5]
      [Update RS (ms): Min: 1.4, Avg: 1.4, Max: 1.5, Diff: 0.1, Sum: 2.9]
         [Processed Buffers: Min: 4, Avg: 17.5, Max: 31, Diff: 27, Sum: 35]
      [Scan RS (ms): Min: 1.9, Avg: 2.9, Max: 3.9, Diff: 2.0, Sum: 5.8]
      [Code Root Scanning (ms): Min: 0.0, Avg: 0.0, Max: 0.0, Diff: 0.0, Sum: 0.0]
      [Object Copy (ms): Min: 12.5, Avg: 13.5, Max: 14.5, Diff: 2.0, Sum: 27.0]
      [Termination (ms): Min: 0.0, Avg: 0.0, Max: 0.0, Diff: 0.0, Sum: 0.0]
         [Termination Attempts: Min: 1, Avg: 2.0, Max: 3, Diff: 2, Sum: 4]
      [GC Worker Other (ms): Min: 0.0, Avg: 0.0, Max: 0.0, Diff: 0.0, Sum: 0.0]
      [GC Worker Total (ms): Min: 18.6, Avg: 18.6, Max: 18.6, Diff: 0.0, Sum: 37.3]
      [GC Worker End (ms): Min: 12192367.3, Avg: 12192367.3, Max: 12192367.3, Diff: 0.0]
   [Code Root Fixup: 0.1 ms]
   [Code Root Purge: 0.0 ms]
   [Clear CT: 0.1 ms]
   [Other: 0.9 ms]
      [Choose CSet: 0.0 ms]
      [Ref Proc: 0.4 ms]
      [Ref Enq: 0.0 ms]
      [Redirty Cards: 0.2 ms]
      [Humongous Register: 0.0 ms]
      [Humongous Reclaim: 0.0 ms]
      [Free CSet: 0.0 ms]
   [Eden: 47.0M(47.0M)->0.0B(45.0M) Survivors: 4096.0K->6144.0K Heap: 274.2M(1024.0M)->229.2M(1024.0M)]
 [Times: user=0.02 sys=0.00, real=0.02 secs] 
2017-09-19T16:10:00.867+0900: 12278.760: [GC pause (G1 Evacuation Pause) (young), 0.0757891 secs]
   [Parallel Time: 74.3 ms, GC Workers: 2]
      [GC Worker Start (ms): Min: 12278761.0, Avg: 12278761.0, Max: 12278761.0, Diff: 0.1]
      [Ext Root Scanning (ms): Min: 1.6, Avg: 1.6, Max: 1.7, Diff: 0.1, Sum: 3.3]
      [Update RS (ms): Min: 2.9, Avg: 3.0, Max: 3.1, Diff: 0.3, Sum: 6.0]
         [Processed Buffers: Min: 14, Avg: 17.5, Max: 21, Diff: 7, Sum: 35]
      [Scan RS (ms): Min: 4.8, Avg: 5.9, Max: 7.0, Diff: 2.3, Sum: 11.8]
      [Code Root Scanning (ms): Min: 0.0, Avg: 0.0, Max: 0.0, Diff: 0.0, Sum: 0.0]
      [Object Copy (ms): Min: 48.2, Avg: 55.2, Max: 62.1, Diff: 13.9, Sum: 110.3]
      [Termination (ms): Min: 0.0, Avg: 8.1, Max: 16.3, Diff: 16.3, Sum: 16.3]
         [Termination Attempts: Min: 1, Avg: 1.0, Max: 1, Diff: 0, Sum: 2]
      [GC Worker Other (ms): Min: 0.0, Avg: 0.0, Max: 0.0, Diff: 0.0, Sum: 0.1]
      [GC Worker Total (ms): Min: 73.6, Avg: 73.8, Max: 74.1, Diff: 0.5, Sum: 147.7]
      [GC Worker End (ms): Min: 12278834.6, Avg: 12278834.8, Max: 12278835.0, Diff: 0.4]
   [Code Root Fixup: 0.0 ms]
   [Code Root Purge: 0.0 ms]
   [Clear CT: 0.1 ms]
   [Other: 1.4 ms]
      [Choose CSet: 0.0 ms]
      [Ref Proc: 0.2 ms]
      [Ref Enq: 0.0 ms]
      [Redirty Cards: 0.1 ms]
      [Humongous Register: 0.1 ms]
      [Humongous Reclaim: 0.0 ms]
      [Free CSet: 0.1 ms]
   [Eden: 45.0M(45.0M)->0.0B(47.0M) Survivors: 6144.0K->4096.0K Heap: 274.2M(1024.0M)->229.2M(1024.0M)]
 [Times: user=0.05 sys=0.00, real=0.08 secs] 
2017-09-19T16:11:32.043+0900: 12369.936: [GC pause (G1 Evacuation Pause) (young), 0.0288400 secs]
   [Parallel Time: 28.2 ms, GC Workers: 2]
      [GC Worker Start (ms): Min: 12369936.4, Avg: 12369944.9, Max: 12369953.5, Diff: 17.1]
      [Ext Root Scanning (ms): Min: 0.2, Avg: 1.0, Max: 1.7, Diff: 1.5, Sum: 1.9]
      [Update RS (ms): Min: 0.0, Avg: 2.3, Max: 4.6, Diff: 4.6, Sum: 4.6]
         [Processed Buffers: Min: 0, Avg: 17.5, Max: 35, Diff: 35, Sum: 35]
      [Scan RS (ms): Min: 0.0, Avg: 1.6, Max: 3.2, Diff: 3.2, Sum: 3.2]
      [Code Root Scanning (ms): Min: 0.0, Avg: 0.0, Max: 0.0, Diff: 0.0, Sum: 0.0]
      [Object Copy (ms): Min: 8.7, Avg: 12.2, Max: 15.6, Diff: 6.9, Sum: 24.3]
      [Termination (ms): Min: 0.0, Avg: 1.5, Max: 2.9, Diff: 2.9, Sum: 2.9]
         [Termination Attempts: Min: 1, Avg: 1.0, Max: 1, Diff: 0, Sum: 2]
      [GC Worker Other (ms): Min: 0.0, Avg: 0.0, Max: 0.0, Diff: 0.0, Sum: 0.0]
      [GC Worker Total (ms): Min: 9.0, Avg: 18.5, Max: 28.1, Diff: 19.1, Sum: 37.0]
      [GC Worker End (ms): Min: 12369962.4, Avg: 12369963.5, Max: 12369964.5, Diff: 2.0]
   [Code Root Fixup: 0.1 ms]
   [Code Root Purge: 0.0 ms]
   [Clear CT: 0.1 ms]
   [Other: 0.5 ms]
      [Choose CSet: 0.0 ms]
      [Ref Proc: 0.1 ms]
      [Ref Enq: 0.0 ms]
      [Redirty Cards: 0.0 ms]
      [Humongous Register: 0.0 ms]
      [Humongous Reclaim: 0.0 ms]
      [Free CSet: 0.0 ms]
   [Eden: 47.0M(47.0M)->0.0B(48.0M) Survivors: 4096.0K->3072.0K Heap: 276.2M(1024.0M)->228.2M(1024.0M)]
 [Times: user=0.01 sys=0.00, real=0.03 secs] 
2017-09-19T16:13:04.669+0900: 12462.562: [GC pause (G1 Evacuation Pause) (young), 0.0349588 secs]
   [Parallel Time: 31.4 ms, GC Workers: 2]
      [GC Worker Start (ms): Min: 12462561.8, Avg: 12462561.8, Max: 12462561.8, Diff: 0.0]
      [Ext Root Scanning (ms): Min: 0.9, Avg: 0.9, Max: 0.9, Diff: 0.0, Sum: 1.7]
      [Update RS (ms): Min: 1.4, Avg: 1.4, Max: 1.4, Diff: 0.0, Sum: 2.8]
         [Processed Buffers: Min: 15, Avg: 17.5, Max: 20, Diff: 5, Sum: 35]
      [Scan RS (ms): Min: 4.2, Avg: 4.2, Max: 4.3, Diff: 0.1, Sum: 8.5]
      [Code Root Scanning (ms): Min: 0.0, Avg: 0.0, Max: 0.1, Diff: 0.1, Sum: 0.1]
      [Object Copy (ms): Min: 21.3, Avg: 21.3, Max: 21.3, Diff: 0.0, Sum: 42.5]
      [Termination (ms): Min: 0.0, Avg: 0.0, Max: 0.0, Diff: 0.0, Sum: 0.0]
         [Termination Attempts: Min: 1, Avg: 1.0, Max: 1, Diff: 0, Sum: 2]
      [GC Worker Other (ms): Min: 0.0, Avg: 0.0, Max: 0.0, Diff: 0.0, Sum: 0.0]
      [GC Worker Total (ms): Min: 27.8, Avg: 27.8, Max: 27.8, Diff: 0.0, Sum: 55.6]
      [GC Worker End (ms): Min: 12462589.6, Avg: 12462589.6, Max: 12462589.6, Diff: 0.0]
   [Code Root Fixup: 0.0 ms]
   [Code Root Purge: 0.0 ms]
   [Clear CT: 0.0 ms]
   [Other: 3.5 ms]
      [Choose CSet: 0.0 ms]
      [Ref Proc: 0.1 ms]
      [Ref Enq: 0.0 ms]
      [Redirty Cards: 3.0 ms]
      [Humongous Register: 0.0 ms]
      [Humongous Reclaim: 0.0 ms]
      [Free CSet: 0.0 ms]
   [Eden: 48.0M(48.0M)->0.0B(46.0M) Survivors: 3072.0K->5120.0K Heap: 276.2M(1024.0M)->230.7M(1024.0M)]
 [Times: user=0.04 sys=0.00, real=0.03 secs] 
2017-09-19T16:14:32.732+0900: 12550.625: [GC pause (G1 Evacuation Pause) (young), 0.0646599 secs]
   [Parallel Time: 60.9 ms, GC Workers: 2]
      [GC Worker Start (ms): Min: 12550631.6, Avg: 12550631.7, Max: 12550631.7, Diff: 0.1]
      [Ext Root Scanning (ms): Min: 1.7, Avg: 1.7, Max: 1.8, Diff: 0.1, Sum: 3.5]
      [Update RS (ms): Min: 3.0, Avg: 3.5, Max: 4.0, Diff: 0.9, Sum: 7.0]
         [Processed Buffers: Min: 4, Avg: 17.5, Max: 31, Diff: 27, Sum: 35]
      [Scan RS (ms): Min: 4.0, Avg: 6.0, Max: 7.9, Diff: 3.9, Sum: 11.9]
      [Code Root Scanning (ms): Min: 0.0, Avg: 0.0, Max: 0.0, Diff: 0.0, Sum: 0.0]
      [Object Copy (ms): Min: 39.5, Avg: 40.7, Max: 42.0, Diff: 2.5, Sum: 81.5]
      [Termination (ms): Min: 0.0, Avg: 2.8, Max: 5.5, Diff: 5.5, Sum: 5.5]
         [Termination Attempts: Min: 1, Avg: 1.0, Max: 1, Diff: 0, Sum: 2]
      [GC Worker Other (ms): Min: 0.0, Avg: 0.0, Max: 0.0, Diff: 0.0, Sum: 0.0]
      [GC Worker Total (ms): Min: 54.6, Avg: 54.7, Max: 54.8, Diff: 0.1, Sum: 109.4]
      [GC Worker End (ms): Min: 12550686.3, Avg: 12550686.4, Max: 12550686.4, Diff: 0.1]
   [Code Root Fixup: 0.1 ms]
   [Code Root Purge: 0.0 ms]
   [Clear CT: 0.3 ms]
   [Other: 3.5 ms]
      [Choose CSet: 0.0 ms]
      [Ref Proc: 2.5 ms]
      [Ref Enq: 0.0 ms]
      [Redirty Cards: 0.2 ms]
      [Humongous Register: 0.1 ms]
      [Humongous Reclaim: 0.0 ms]
      [Free CSet: 0.1 ms]
   [Eden: 46.0M(46.0M)->0.0B(47.0M) Survivors: 5120.0K->4096.0K Heap: 276.7M(1024.0M)->230.5M(1024.0M)]
 [Times: user=0.05 sys=0.00, real=0.07 secs] 
2017-09-19T16:16:03.211+0900: 12641.104: [GC pause (G1 Evacuation Pause) (young), 0.0590867 secs]
   [Parallel Time: 52.2 ms, GC Workers: 2]
      [GC Worker Start (ms): Min: 12641104.3, Avg: 12641106.1, Max: 12641107.9, Diff: 3.6]
      [Ext Root Scanning (ms): Min: 0.0, Avg: 0.6, Max: 1.3, Diff: 1.3, Sum: 1.3]
      [Update RS (ms): Min: 0.5, Avg: 1.9, Max: 3.4, Diff: 2.9, Sum: 3.9]
         [Processed Buffers: Min: 5, Avg: 17.0, Max: 29, Diff: 24, Sum: 34]
      [Scan RS (ms): Min: 1.4, Avg: 1.7, Max: 2.0, Diff: 0.6, Sum: 3.4]
      [Code Root Scanning (ms): Min: 0.0, Avg: 0.0, Max: 0.0, Diff: 0.0, Sum: 0.0]
      [Object Copy (ms): Min: 41.0, Avg: 41.1, Max: 41.2, Diff: 0.1, Sum: 82.2]
      [Termination (ms): Min: 0.0, Avg: 0.0, Max: 0.0, Diff: 0.0, Sum: 0.0]
         [Termination Attempts: Min: 1, Avg: 1.0, Max: 1, Diff: 0, Sum: 2]
      [GC Worker Other (ms): Min: 0.0, Avg: 0.0, Max: 0.0, Diff: 0.0, Sum: 0.0]
      [GC Worker Total (ms): Min: 43.5, Avg: 45.3, Max: 47.2, Diff: 3.6, Sum: 90.7]
      [GC Worker End (ms): Min: 12641151.5, Avg: 12641151.5, Max: 12641151.5, Diff: 0.0]
   [Code Root Fixup: 0.0 ms]
   [Code Root Purge: 0.0 ms]
   [Clear CT: 0.1 ms]
   [Other: 6.8 ms]
      [Choose CSet: 0.0 ms]
      [Ref Proc: 6.1 ms]
      [Ref Enq: 0.0 ms]
      [Redirty Cards: 0.2 ms]
      [Humongous Register: 0.0 ms]
      [Humongous Reclaim: 0.0 ms]
      [Free CSet: 0.1 ms]
   [Eden: 47.0M(47.0M)->0.0B(45.0M) Survivors: 4096.0K->6144.0K Heap: 277.5M(1024.0M)->232.5M(1024.0M)]
 [Times: user=0.04 sys=0.00, real=0.06 secs] 
2017-09-19T16:17:29.806+0900: 12727.699: [GC pause (G1 Evacuation Pause) (young), 0.0502457 secs]
   [Parallel Time: 49.2 ms, GC Workers: 2]
      [GC Worker Start (ms): Min: 12727699.1, Avg: 12727699.1, Max: 12727699.1, Diff: 0.1]
      [Ext Root Scanning (ms): Min: 0.9, Avg: 1.0, Max: 1.1, Diff: 0.1, Sum: 2.0]
      [Update RS (ms): Min: 1.2, Avg: 1.3, Max: 1.3, Diff: 0.2, Sum: 2.5]
         [Processed Buffers: Min: 12, Avg: 16.5, Max: 21, Diff: 9, Sum: 33]
      [Scan RS (ms): Min: 0.5, Avg: 0.6, Max: 0.7, Diff: 0.2, Sum: 1.2]
      [Code Root Scanning (ms): Min: 0.0, Avg: 0.0, Max: 0.0, Diff: 0.0, Sum: 0.0]
      [Object Copy (ms): Min: 38.9, Avg: 42.5, Max: 46.2, Diff: 7.3, Sum: 85.1]
      [Termination (ms): Min: 0.0, Avg: 3.6, Max: 7.3, Diff: 7.3, Sum: 7.3]
         [Termination Attempts: Min: 1, Avg: 1.0, Max: 1, Diff: 0, Sum: 2]
      [GC Worker Other (ms): Min: 0.0, Avg: 0.0, Max: 0.0, Diff: 0.0, Sum: 0.0]
      [GC Worker Total (ms): Min: 49.0, Avg: 49.0, Max: 49.1, Diff: 0.1, Sum: 98.1]
      [GC Worker End (ms): Min: 12727748.2, Avg: 12727748.2, Max: 12727748.2, Diff: 0.0]
   [Code Root Fixup: 0.0 ms]
   [Code Root Purge: 0.0 ms]
   [Clear CT: 0.1 ms]
   [Other: 1.0 ms]
      [Choose CSet: 0.0 ms]
      [Ref Proc: 0.5 ms]
      [Ref Enq: 0.0 ms]
      [Redirty Cards: 0.2 ms]
      [Humongous Register: 0.1 ms]
      [Humongous Reclaim: 0.0 ms]
      [Free CSet: 0.0 ms]
   [Eden: 45.0M(45.0M)->0.0B(47.0M) Survivors: 6144.0K->4096.0K Heap: 277.5M(1024.0M)->231.2M(1024.0M)]
 [Times: user=0.02 sys=0.00, real=0.06 secs] 
2017-09-19T19:53:13.733+0900: 12785.464: [GC pause (G1 Evacuation Pause) (young), 0.0406418 secs]
   [Parallel Time: 24.3 ms, GC Workers: 2]
      [GC Worker Start (ms): Min: 12785464.0, Avg: 12785464.3, Max: 12785464.5, Diff: 0.6]
      [Ext Root Scanning (ms): Min: 0.9, Avg: 1.8, Max: 2.8, Diff: 1.9, Sum: 3.6]
      [Update RS (ms): Min: 4.4, Avg: 7.1, Max: 9.8, Diff: 5.4, Sum: 14.3]
         [Processed Buffers: Min: 7, Avg: 18.5, Max: 30, Diff: 23, Sum: 37]
      [Scan RS (ms): Min: 0.0, Avg: 1.2, Max: 2.3, Diff: 2.3, Sum: 2.3]
      [Code Root Scanning (ms): Min: 0.0, Avg: 0.0, Max: 0.0, Diff: 0.0, Sum: 0.0]
      [Object Copy (ms): Min: 8.1, Avg: 10.1, Max: 12.1, Diff: 4.0, Sum: 20.3]
      [Termination (ms): Min: 0.0, Avg: 0.2, Max: 0.4, Diff: 0.4, Sum: 0.4]
         [Termination Attempts: Min: 1, Avg: 1.0, Max: 1, Diff: 0, Sum: 2]
      [GC Worker Other (ms): Min: 0.0, Avg: 0.0, Max: 0.0, Diff: 0.0, Sum: 0.0]
      [GC Worker Total (ms): Min: 20.2, Avg: 20.5, Max: 20.8, Diff: 0.6, Sum: 41.0]
      [GC Worker End (ms): Min: 12785484.7, Avg: 12785484.8, Max: 12785484.8, Diff: 0.0]
   [Code Root Fixup: 0.1 ms]
   [Code Root Purge: 0.0 ms]
   [Clear CT: 0.4 ms]
   [Other: 15.9 ms]
      [Choose CSet: 0.0 ms]
      [Ref Proc: 15.5 ms]
      [Ref Enq: 0.0 ms]
      [Redirty Cards: 0.0 ms]
      [Humongous Register: 0.0 ms]
      [Humongous Reclaim: 0.0 ms]
      [Free CSet: 0.0 ms]
   [Eden: 47.0M(47.0M)->0.0B(45.0M) Survivors: 4096.0K->6144.0K Heap: 278.2M(1024.0M)->233.2M(1024.0M)]
 [Times: user=0.03 sys=0.00, real=0.04 secs] 
2017-09-19T19:53:14.370+0900: 12786.101: [GC pause (G1 Evacuation Pause) (young), 0.0458441 secs]
   [Parallel Time: 31.8 ms, GC Workers: 2]
      [GC Worker Start (ms): Min: 12786101.0, Avg: 12786102.8, Max: 12786104.6, Diff: 3.6]
      [Ext Root Scanning (ms): Min: 0.0, Avg: 1.0, Max: 1.9, Diff: 1.9, Sum: 2.0]
      [Update RS (ms): Min: 1.9, Avg: 2.2, Max: 2.4, Diff: 0.5, Sum: 4.3]
         [Processed Buffers: Min: 2, Avg: 11.0, Max: 20, Diff: 18, Sum: 22]
      [Scan RS (ms): Min: 1.4, Avg: 2.0, Max: 2.6, Diff: 1.2, Sum: 3.9]
      [Code Root Scanning (ms): Min: 0.0, Avg: 0.0, Max: 0.0, Diff: 0.0, Sum: 0.0]
      [Object Copy (ms): Min: 15.9, Avg: 20.3, Max: 24.7, Diff: 8.8, Sum: 40.6]
      [Termination (ms): Min: 0.0, Avg: 4.4, Max: 8.9, Diff: 8.9, Sum: 8.9]
         [Termination Attempts: Min: 1, Avg: 1.0, Max: 1, Diff: 0, Sum: 2]
      [GC Worker Other (ms): Min: 0.0, Avg: 0.0, Max: 0.0, Diff: 0.0, Sum: 0.0]
      [GC Worker Total (ms): Min: 28.2, Avg: 29.9, Max: 31.6, Diff: 3.5, Sum: 59.8]
      [GC Worker End (ms): Min: 12786132.6, Avg: 12786132.7, Max: 12786132.7, Diff: 0.1]
   [Code Root Fixup: 0.1 ms]
   [Code Root Purge: 0.0 ms]
   [Clear CT: 0.2 ms]
   [Other: 13.8 ms]
      [Choose CSet: 0.0 ms]
      [Ref Proc: 12.5 ms]
      [Ref Enq: 0.0 ms]
      [Redirty Cards: 0.1 ms]
      [Humongous Register: 0.1 ms]
      [Humongous Reclaim: 0.1 ms]
      [Free CSet: 0.1 ms]
   [Eden: 45.0M(45.0M)->0.0B(46.0M) Survivors: 6144.0K->5120.0K Heap: 278.2M(1024.0M)->233.7M(1024.0M)]
 [Times: user=0.03 sys=0.01, real=0.04 secs] 
2017-09-19T19:53:14.567+0900: 12786.297: [GC pause (G1 Evacuation Pause) (young), 0.0116210 secs]
   [Parallel Time: 9.7 ms, GC Workers: 2]
      [GC Worker Start (ms): Min: 12786297.8, Avg: 12786298.4, Max: 12786299.0, Diff: 1.2]
      [Ext Root Scanning (ms): Min: 0.3, Avg: 1.8, Max: 3.3, Diff: 3.1, Sum: 3.6]
      [Update RS (ms): Min: 0.0, Avg: 0.7, Max: 1.3, Diff: 1.3, Sum: 1.3]
         [Processed Buffers: Min: 0, Avg: 10.5, Max: 21, Diff: 21, Sum: 21]
      [Scan RS (ms): Min: 1.1, Avg: 1.4, Max: 1.7, Diff: 0.6, Sum: 2.8]
      [Code Root Scanning (ms): Min: 0.0, Avg: 0.0, Max: 0.0, Diff: 0.0, Sum: 0.0]
      [Object Copy (ms): Min: 4.9, Avg: 4.9, Max: 4.9, Diff: 0.1, Sum: 9.8]
      [Termination (ms): Min: 0.0, Avg: 0.0, Max: 0.0, Diff: 0.0, Sum: 0.0]
         [Termination Attempts: Min: 1, Avg: 1.0, Max: 1, Diff: 0, Sum: 2]
      [GC Worker Other (ms): Min: 0.0, Avg: 0.0, Max: 0.0, Diff: 0.0, Sum: 0.0]
      [GC Worker Total (ms): Min: 8.2, Avg: 8.8, Max: 9.4, Diff: 1.2, Sum: 17.6]
      [GC Worker End (ms): Min: 12786307.2, Avg: 12786307.2, Max: 12786307.2, Diff: 0.0]
   [Code Root Fixup: 0.0 ms]
   [Code Root Purge: 0.0 ms]
   [Clear CT: 0.1 ms]
   [Other: 1.8 ms]
      [Choose CSet: 0.0 ms]
      [Ref Proc: 1.5 ms]
      [Ref Enq: 0.0 ms]
      [Redirty Cards: 0.1 ms]
      [Humongous Register: 0.1 ms]
      [Humongous Reclaim: 0.0 ms]
      [Free CSet: 0.0 ms]
   [Eden: 46.0M(46.0M)->0.0B(47.0M) Survivors: 5120.0K->4096.0K Heap: 279.7M(1024.0M)->233.2M(1024.0M)]
 [Times: user=0.02 sys=0.00, real=0.02 secs] 
2017-09-19T19:53:15.065+0900: 12786.796: [GC pause (G1 Evacuation Pause) (young), 0.0112042 secs]
   [Parallel Time: 10.6 ms, GC Workers: 2]
      [GC Worker Start (ms): Min: 12786796.5, Avg: 12786796.5, Max: 12786796.5, Diff: 0.0]
      [Ext Root Scanning (ms): Min: 1.0, Avg: 1.1, Max: 1.1, Diff: 0.1, Sum: 2.2]
      [Update RS (ms): Min: 1.1, Avg: 1.3, Max: 1.6, Diff: 0.5, Sum: 2.7]
         [Processed Buffers: Min: 5, Avg: 14.5, Max: 24, Diff: 19, Sum: 29]
      [Scan RS (ms): Min: 0.6, Avg: 0.8, Max: 1.0, Diff: 0.4, Sum: 1.6]
      [Code Root Scanning (ms): Min: 0.0, Avg: 0.0, Max: 0.0, Diff: 0.0, Sum: 0.1]
      [Object Copy (ms): Min: 5.6, Avg: 6.3, Max: 7.0, Diff: 1.4, Sum: 12.6]
      [Termination (ms): Min: 0.0, Avg: 0.8, Max: 1.5, Diff: 1.5, Sum: 1.5]
         [Termination Attempts: Min: 1, Avg: 1.0, Max: 1, Diff: 0, Sum: 2]
      [GC Worker Other (ms): Min: 0.0, Avg: 0.0, Max: 0.0, Diff: 0.0, Sum: 0.0]
      [GC Worker Total (ms): Min: 10.3, Avg: 10.3, Max: 10.4, Diff: 0.1, Sum: 20.7]
      [GC Worker End (ms): Min: 12786806.8, Avg: 12786806.9, Max: 12786806.9, Diff: 0.1]
   [Code Root Fixup: 0.0 ms]
   [Code Root Purge: 0.0 ms]
   [Clear CT: 0.0 ms]
   [Other: 0.6 ms]
      [Choose CSet: 0.0 ms]
      [Ref Proc: 0.2 ms]
      [Ref Enq: 0.0 ms]
      [Redirty Cards: 0.0 ms]
      [Humongous Register: 0.1 ms]
      [Humongous Reclaim: 0.0 ms]
      [Free CSet: 0.0 ms]
   [Eden: 47.0M(47.0M)->0.0B(46.0M) Survivors: 4096.0K->5120.0K Heap: 280.2M(1024.0M)->233.7M(1024.0M)]
 [Times: user=0.02 sys=0.00, real=0.01 secs] 
2017-09-19T19:53:37.865+0900: 12809.596: [GC pause (G1 Evacuation Pause) (young), 0.0265577 secs]
   [Parallel Time: 25.2 ms, GC Workers: 2]
      [GC Worker Start (ms): Min: 12809596.5, Avg: 12809596.5, Max: 12809596.5, Diff: 0.0]
      [Ext Root Scanning (ms): Min: 0.4, Avg: 0.5, Max: 0.5, Diff: 0.1, Sum: 0.9]
      [Update RS (ms): Min: 0.8, Avg: 0.8, Max: 0.8, Diff: 0.0, Sum: 1.7]
         [Processed Buffers: Min: 12, Avg: 17.0, Max: 22, Diff: 10, Sum: 34]
      [Scan RS (ms): Min: 0.6, Avg: 0.6, Max: 0.6, Diff: 0.0, Sum: 1.1]
      [Code Root Scanning (ms): Min: 0.0, Avg: 0.0, Max: 0.0, Diff: 0.0, Sum: 0.0]
      [Object Copy (ms): Min: 20.5, Avg: 21.6, Max: 22.6, Diff: 2.1, Sum: 43.2]
      [Termination (ms): Min: 0.0, Avg: 1.3, Max: 2.7, Diff: 2.7, Sum: 2.7]
         [Termination Attempts: Min: 1, Avg: 1.0, Max: 1, Diff: 0, Sum: 2]
      [GC Worker Other (ms): Min: 0.0, Avg: 0.0, Max: 0.0, Diff: 0.0, Sum: 0.0]
      [GC Worker Total (ms): Min: 24.5, Avg: 24.8, Max: 25.1, Diff: 0.6, Sum: 49.6]
      [GC Worker End (ms): Min: 12809621.1, Avg: 12809621.3, Max: 12809621.6, Diff: 0.6]
   [Code Root Fixup: 0.0 ms]
   [Code Root Purge: 0.0 ms]
   [Clear CT: 0.0 ms]
   [Other: 1.3 ms]
      [Choose CSet: 0.0 ms]
      [Ref Proc: 0.6 ms]
      [Ref Enq: 0.0 ms]
      [Redirty Cards: 0.0 ms]
      [Humongous Register: 0.0 ms]
      [Humongous Reclaim: 0.0 ms]
      [Free CSet: 0.0 ms]
   [Eden: 46.0M(46.0M)->0.0B(46.0M) Survivors: 5120.0K->5120.0K Heap: 279.7M(1024.0M)->234.4M(1024.0M)]
 [Times: user=0.01 sys=0.00, real=0.03 secs] 
2017-09-19T19:55:20.087+0900: 12911.818: [GC pause (G1 Evacuation Pause) (young), 0.0350613 secs]
   [Parallel Time: 34.1 ms, GC Workers: 2]
      [GC Worker Start (ms): Min: 12911817.9, Avg: 12911818.3, Max: 12911818.7, Diff: 0.7]
      [Ext Root Scanning (ms): Min: 1.1, Avg: 1.5, Max: 1.9, Diff: 0.8, Sum: 3.0]
      [Update RS (ms): Min: 5.4, Avg: 5.5, Max: 5.5, Diff: 0.1, Sum: 10.9]
         [Processed Buffers: Min: 11, Avg: 17.0, Max: 23, Diff: 12, Sum: 34]
      [Scan RS (ms): Min: 4.2, Avg: 4.4, Max: 4.5, Diff: 0.3, Sum: 8.7]
      [Code Root Scanning (ms): Min: 0.0, Avg: 0.1, Max: 0.2, Diff: 0.2, Sum: 0.2]
      [Object Copy (ms): Min: 22.1, Avg: 22.3, Max: 22.4, Diff: 0.3, Sum: 44.5]
      [Termination (ms): Min: 0.0, Avg: 0.0, Max: 0.0, Diff: 0.0, Sum: 0.0]
         [Termination Attempts: Min: 1, Avg: 1.0, Max: 1, Diff: 0, Sum: 2]
      [GC Worker Other (ms): Min: 0.0, Avg: 0.0, Max: 0.0, Diff: 0.0, Sum: 0.0]
      [GC Worker Total (ms): Min: 33.3, Avg: 33.7, Max: 34.1, Diff: 0.7, Sum: 67.4]
      [GC Worker End (ms): Min: 12911852.0, Avg: 12911852.0, Max: 12911852.0, Diff: 0.0]
   [Code Root Fixup: 0.1 ms]
   [Code Root Purge: 0.0 ms]
   [Clear CT: 0.1 ms]
   [Other: 0.8 ms]
      [Choose CSet: 0.0 ms]
      [Ref Proc: 0.4 ms]
      [Ref Enq: 0.0 ms]
      [Redirty Cards: 0.1 ms]
      [Humongous Register: 0.1 ms]
      [Humongous Reclaim: 0.0 ms]
      [Free CSet: 0.0 ms]
   [Eden: 46.0M(46.0M)->0.0B(45.0M) Survivors: 5120.0K->6144.0K Heap: 280.4M(1024.0M)->235.9M(1024.0M)]
 [Times: user=0.06 sys=0.00, real=0.04 secs] 
2017-09-19T19:57:02.477+0900: 13014.208: [GC pause (G1 Evacuation Pause) (young), 0.0547834 secs]
   [Parallel Time: 52.3 ms, GC Workers: 2]
      [GC Worker Start (ms): Min: 13014208.5, Avg: 13014208.5, Max: 13014208.6, Diff: 0.1]
      [Ext Root Scanning (ms): Min: 1.8, Avg: 2.8, Max: 3.8, Diff: 2.0, Sum: 5.5]
      [Update RS (ms): Min: 6.0, Avg: 6.2, Max: 6.5, Diff: 0.5, Sum: 12.5]
         [Processed Buffers: Min: 2, Avg: 17.0, Max: 32, Diff: 30, Sum: 34]
      [Scan RS (ms): Min: 3.6, Avg: 3.9, Max: 4.1, Diff: 0.5, Sum: 7.8]
      [Code Root Scanning (ms): Min: 0.0, Avg: 0.1, Max: 0.2, Diff: 0.2, Sum: 0.2]
      [Object Copy (ms): Min: 38.0, Avg: 39.0, Max: 40.1, Diff: 2.1, Sum: 78.0]
      [Termination (ms): Min: 0.0, Avg: 0.0, Max: 0.1, Diff: 0.1, Sum: 0.1]
         [Termination Attempts: Min: 1, Avg: 1.0, Max: 1, Diff: 0, Sum: 2]
      [GC Worker Other (ms): Min: 0.0, Avg: 0.1, Max: 0.1, Diff: 0.1, Sum: 0.1]
      [GC Worker Total (ms): Min: 52.0, Avg: 52.1, Max: 52.2, Diff: 0.2, Sum: 104.2]
      [GC Worker End (ms): Min: 13014260.6, Avg: 13014260.6, Max: 13014260.7, Diff: 0.1]
   [Code Root Fixup: 0.1 ms]
   [Code Root Purge: 0.0 ms]
   [Clear CT: 0.2 ms]
   [Other: 2.2 ms]
      [Choose CSet: 0.0 ms]
      [Ref Proc: 0.3 ms]
      [Ref Enq: 0.0 ms]
      [Redirty Cards: 0.3 ms]
      [Humongous Register: 0.1 ms]
      [Humongous Reclaim: 0.0 ms]
      [Free CSet: 0.1 ms]
   [Eden: 45.0M(45.0M)->0.0B(47.0M) Survivors: 6144.0K->4096.0K Heap: 280.9M(1024.0M)->234.8M(1024.0M)]
 [Times: user=0.06 sys=0.00, real=0.06 secs] 
2017-09-19T19:58:49.442+0900: 13121.173: [GC pause (G1 Evacuation Pause) (young), 0.0340283 secs]
   [Parallel Time: 31.7 ms, GC Workers: 2]
      [GC Worker Start (ms): Min: 13121173.1, Avg: 13121173.1, Max: 13121173.2, Diff: 0.1]
      [Ext Root Scanning (ms): Min: 1.9, Avg: 1.9, Max: 1.9, Diff: 0.1, Sum: 3.8]
      [Update RS (ms): Min: 4.4, Avg: 4.4, Max: 4.4, Diff: 0.1, Sum: 8.8]
         [Processed Buffers: Min: 6, Avg: 18.5, Max: 31, Diff: 25, Sum: 37]
      [Scan RS (ms): Min: 3.2, Avg: 3.2, Max: 3.2, Diff: 0.0, Sum: 6.4]
      [Code Root Scanning (ms): Min: 0.0, Avg: 0.1, Max: 0.2, Diff: 0.1, Sum: 0.2]
      [Object Copy (ms): Min: 21.5, Avg: 21.6, Max: 21.6, Diff: 0.1, Sum: 43.1]
      [Termination (ms): Min: 0.0, Avg: 0.2, Max: 0.4, Diff: 0.4, Sum: 0.4]
         [Termination Attempts: Min: 1, Avg: 2.5, Max: 4, Diff: 3, Sum: 5]
      [GC Worker Other (ms): Min: 0.0, Avg: 0.0, Max: 0.0, Diff: 0.0, Sum: 0.1]
      [GC Worker Total (ms): Min: 31.2, Avg: 31.3, Max: 31.4, Diff: 0.2, Sum: 62.7]
      [GC Worker End (ms): Min: 13121204.3, Avg: 13121204.5, Max: 13121204.6, Diff: 0.3]
   [Code Root Fixup: 0.2 ms]
   [Code Root Purge: 0.0 ms]
   [Clear CT: 0.2 ms]
   [Other: 1.9 ms]
      [Choose CSet: 0.0 ms]
      [Ref Proc: 0.7 ms]
      [Ref Enq: 0.0 ms]
      [Redirty Cards: 0.5 ms]
      [Humongous Register: 0.1 ms]
      [Humongous Reclaim: 0.1 ms]
      [Free CSet: 0.1 ms]
   [Eden: 47.0M(47.0M)->0.0B(46.0M) Survivors: 4096.0K->5120.0K Heap: 281.8M(1024.0M)->236.3M(1024.0M)]
 [Times: user=0.05 sys=0.01, real=0.03 secs] 
2017-09-19T20:00:33.979+0900: 13225.710: [GC pause (G1 Evacuation Pause) (young), 0.0328656 secs]
   [Parallel Time: 31.5 ms, GC Workers: 2]
      [GC Worker Start (ms): Min: 13225709.7, Avg: 13225709.8, Max: 13225709.8, Diff: 0.0]
      [Ext Root Scanning (ms): Min: 1.1, Avg: 1.5, Max: 1.9, Diff: 0.8, Sum: 3.0]
      [Update RS (ms): Min: 2.2, Avg: 2.2, Max: 2.2, Diff: 0.0, Sum: 4.4]
         [Processed Buffers: Min: 8, Avg: 16.5, Max: 25, Diff: 17, Sum: 33]
      [Scan RS (ms): Min: 1.6, Avg: 1.6, Max: 1.7, Diff: 0.1, Sum: 3.3]
      [Code Root Scanning (ms): Min: 0.0, Avg: 0.1, Max: 0.1, Diff: 0.1, Sum: 0.1]
      [Object Copy (ms): Min: 25.5, Avg: 25.9, Max: 26.3, Diff: 0.8, Sum: 51.8]
      [Termination (ms): Min: 0.0, Avg: 0.0, Max: 0.0, Diff: 0.0, Sum: 0.0]
         [Termination Attempts: Min: 1, Avg: 1.0, Max: 1, Diff: 0, Sum: 2]
      [GC Worker Other (ms): Min: 0.0, Avg: 0.0, Max: 0.0, Diff: 0.0, Sum: 0.0]
      [GC Worker Total (ms): Min: 31.3, Avg: 31.4, Max: 31.4, Diff: 0.0, Sum: 62.7]
      [GC Worker End (ms): Min: 13225741.1, Avg: 13225741.1, Max: 13225741.1, Diff: 0.0]
   [Code Root Fixup: 0.1 ms]
   [Code Root Purge: 0.0 ms]
   [Clear CT: 0.1 ms]
   [Other: 1.2 ms]
      [Choose CSet: 0.0 ms]
      [Ref Proc: 0.3 ms]
      [Ref Enq: 0.0 ms]
      [Redirty Cards: 0.1 ms]
      [Humongous Register: 0.1 ms]
      [Humongous Reclaim: 0.0 ms]
      [Free CSet: 0.0 ms]
   [Eden: 46.0M(46.0M)->0.0B(45.0M) Survivors: 5120.0K->6144.0K Heap: 282.3M(1024.0M)->237.9M(1024.0M)]
 [Times: user=0.05 sys=0.00, real=0.03 secs] 
2017-09-19T20:02:16.141+0900: 13327.872: [GC pause (G1 Evacuation Pause) (young), 0.0241369 secs]
   [Parallel Time: 23.2 ms, GC Workers: 2]
      [GC Worker Start (ms): Min: 13327872.4, Avg: 13327872.5, Max: 13327872.5, Diff: 0.1]
      [Ext Root Scanning (ms): Min: 0.5, Avg: 0.8, Max: 1.1, Diff: 0.6, Sum: 1.7]
      [Update RS (ms): Min: 0.8, Avg: 0.9, Max: 1.0, Diff: 0.2, Sum: 1.8]
         [Processed Buffers: Min: 2, Avg: 16.0, Max: 30, Diff: 28, Sum: 32]
      [Scan RS (ms): Min: 0.5, Avg: 0.6, Max: 0.7, Diff: 0.2, Sum: 1.1]
      [Code Root Scanning (ms): Min: 0.0, Avg: 0.0, Max: 0.0, Diff: 0.0, Sum: 0.0]
      [Object Copy (ms): Min: 20.6, Avg: 20.9, Max: 21.1, Diff: 0.5, Sum: 41.7]
      [Termination (ms): Min: 0.0, Avg: 0.0, Max: 0.0, Diff: 0.0, Sum: 0.0]
         [Termination Attempts: Min: 1, Avg: 1.0, Max: 1, Diff: 0, Sum: 2]
      [GC Worker Other (ms): Min: 0.0, Avg: 0.0, Max: 0.0, Diff: 0.0, Sum: 0.0]
      [GC Worker Total (ms): Min: 23.1, Avg: 23.2, Max: 23.2, Diff: 0.1, Sum: 46.3]
      [GC Worker End (ms): Min: 13327895.6, Avg: 13327895.6, Max: 13327895.6, Diff: 0.0]
   [Code Root Fixup: 0.0 ms]
   [Code Root Purge: 0.0 ms]
   [Clear CT: 0.1 ms]
   [Other: 0.8 ms]
      [Choose CSet: 0.0 ms]
      [Ref Proc: 0.3 ms]
      [Ref Enq: 0.0 ms]
      [Redirty Cards: 0.2 ms]
      [Humongous Register: 0.0 ms]
      [Humongous Reclaim: 0.0 ms]
      [Free CSet: 0.0 ms]
   [Eden: 45.0M(45.0M)->0.0B(46.0M) Survivors: 6144.0K->5120.0K Heap: 282.9M(1024.0M)->239.8M(1024.0M)]
 [Times: user=0.02 sys=0.00, real=0.02 secs] 
2017-09-19T20:04:00.286+0900: 13432.017: [GC pause (G1 Evacuation Pause) (young), 0.0416208 secs]
   [Parallel Time: 40.4 ms, GC Workers: 2]
      [GC Worker Start (ms): Min: 13432016.9, Avg: 13432017.0, Max: 13432017.1, Diff: 0.1]
      [Ext Root Scanning (ms): Min: 1.7, Avg: 1.8, Max: 1.8, Diff: 0.2, Sum: 3.5]
      [Update RS (ms): Min: 4.1, Avg: 4.3, Max: 4.5, Diff: 0.4, Sum: 8.7]
         [Processed Buffers: Min: 14, Avg: 18.0, Max: 22, Diff: 8, Sum: 36]
      [Scan RS (ms): Min: 3.0, Avg: 3.2, Max: 3.5, Diff: 0.4, Sum: 6.5]
      [Code Root Scanning (ms): Min: 0.0, Avg: 0.0, Max: 0.0, Diff: 0.0, Sum: 0.0]
      [Object Copy (ms): Min: 30.7, Avg: 30.8, Max: 30.8, Diff: 0.0, Sum: 61.5]
      [Termination (ms): Min: 0.0, Avg: 0.0, Max: 0.1, Diff: 0.1, Sum: 0.1]
         [Termination Attempts: Min: 1, Avg: 3.0, Max: 5, Diff: 4, Sum: 6]
      [GC Worker Other (ms): Min: 0.0, Avg: 0.0, Max: 0.0, Diff: 0.0, Sum: 0.1]
      [GC Worker Total (ms): Min: 40.1, Avg: 40.1, Max: 40.2, Diff: 0.2, Sum: 80.3]
      [GC Worker End (ms): Min: 13432057.1, Avg: 13432057.2, Max: 13432057.2, Diff: 0.0]
   [Code Root Fixup: 0.1 ms]
   [Code Root Purge: 0.0 ms]
   [Clear CT: 0.1 ms]
   [Other: 1.0 ms]
      [Choose CSet: 0.0 ms]
      [Ref Proc: 0.3 ms]
      [Ref Enq: 0.0 ms]
      [Redirty Cards: 0.1 ms]
      [Humongous Register: 0.2 ms]
      [Humongous Reclaim: 0.0 ms]
      [Free CSet: 0.1 ms]
   [Eden: 46.0M(46.0M)->0.0B(44.0M) Survivors: 5120.0K->7168.0K Heap: 285.8M(1024.0M)->241.8M(1024.0M)]
 [Times: user=0.08 sys=0.00, real=0.04 secs] 
2017-09-19T20:05:39.472+0900: 13531.203: [GC pause (G1 Evacuation Pause) (young), 0.0096575 secs]
   [Parallel Time: 8.7 ms, GC Workers: 2]
      [GC Worker Start (ms): Min: 13531203.2, Avg: 13531203.3, Max: 13531203.3, Diff: 0.0]
      [Ext Root Scanning (ms): Min: 0.7, Avg: 0.8, Max: 0.8, Diff: 0.1, Sum: 1.5]
      [Update RS (ms): Min: 1.1, Avg: 1.1, Max: 1.1, Diff: 0.0, Sum: 2.1]
         [Processed Buffers: Min: 5, Avg: 15.5, Max: 26, Diff: 21, Sum: 31]
      [Scan RS (ms): Min: 0.8, Avg: 0.9, Max: 0.9, Diff: 0.1, Sum: 1.8]
      [Code Root Scanning (ms): Min: 0.0, Avg: 0.0, Max: 0.0, Diff: 0.0, Sum: 0.0]
      [Object Copy (ms): Min: 5.9, Avg: 5.9, Max: 6.0, Diff: 0.1, Sum: 11.8]
      [Termination (ms): Min: 0.0, Avg: 0.0, Max: 0.0, Diff: 0.0, Sum: 0.0]
         [Termination Attempts: Min: 1, Avg: 1.0, Max: 1, Diff: 0, Sum: 2]
      [GC Worker Other (ms): Min: 0.0, Avg: 0.0, Max: 0.0, Diff: 0.0, Sum: 0.0]
      [GC Worker Total (ms): Min: 8.6, Avg: 8.6, Max: 8.7, Diff: 0.0, Sum: 17.3]
      [GC Worker End (ms): Min: 13531211.9, Avg: 13531211.9, Max: 13531211.9, Diff: 0.0]
   [Code Root Fixup: 0.1 ms]
   [Code Root Purge: 0.0 ms]
   [Clear CT: 0.1 ms]
   [Other: 0.8 ms]
      [Choose CSet: 0.0 ms]
      [Ref Proc: 0.3 ms]
      [Ref Enq: 0.0 ms]
      [Redirty Cards: 0.1 ms]
      [Humongous Register: 0.0 ms]
      [Humongous Reclaim: 0.0 ms]
      [Free CSet: 0.0 ms]
   [Eden: 44.0M(44.0M)->0.0B(48.0M) Survivors: 7168.0K->3072.0K Heap: 285.8M(1024.0M)->238.4M(1024.0M)]
 [Times: user=0.02 sys=0.00, real=0.01 secs] 
2017-09-19T20:07:29.086+0900: 13640.817: [GC pause (G1 Evacuation Pause) (young), 0.0357438 secs]
   [Parallel Time: 34.3 ms, GC Workers: 2]
      [GC Worker Start (ms): Min: 13640817.8, Avg: 13640817.8, Max: 13640817.9, Diff: 0.1]
      [Ext Root Scanning (ms): Min: 2.4, Avg: 3.8, Max: 5.3, Diff: 2.9, Sum: 7.7]
      [Update RS (ms): Min: 2.3, Avg: 3.5, Max: 4.8, Diff: 2.5, Sum: 7.1]
         [Processed Buffers: Min: 11, Avg: 17.0, Max: 23, Diff: 12, Sum: 34]
      [Scan RS (ms): Min: 3.9, Avg: 4.0, Max: 4.1, Diff: 0.2, Sum: 8.0]
      [Code Root Scanning (ms): Min: 0.0, Avg: 0.0, Max: 0.0, Diff: 0.0, Sum: 0.0]
      [Object Copy (ms): Min: 22.6, Avg: 22.8, Max: 23.0, Diff: 0.4, Sum: 45.5]
      [Termination (ms): Min: 0.0, Avg: 0.0, Max: 0.1, Diff: 0.1, Sum: 0.1]
         [Termination Attempts: Min: 2, Avg: 2.0, Max: 2, Diff: 0, Sum: 4]
      [GC Worker Other (ms): Min: 0.0, Avg: 0.0, Max: 0.0, Diff: 0.0, Sum: 0.0]
      [GC Worker Total (ms): Min: 34.2, Avg: 34.2, Max: 34.3, Diff: 0.1, Sum: 68.4]
      [GC Worker End (ms): Min: 13640852.0, Avg: 13640852.0, Max: 13640852.0, Diff: 0.0]
   [Code Root Fixup: 0.1 ms]
   [Code Root Purge: 0.0 ms]
   [Clear CT: 0.1 ms]
   [Other: 1.2 ms]
      [Choose CSet: 0.0 ms]
      [Ref Proc: 0.4 ms]
      [Ref Enq: 0.0 ms]
      [Redirty Cards: 0.3 ms]
      [Humongous Register: 0.2 ms]
      [Humongous Reclaim: 0.0 ms]
      [Free CSet: 0.0 ms]
   [Eden: 48.0M(48.0M)->0.0B(46.0M) Survivors: 3072.0K->5120.0K Heap: 286.4M(1024.0M)->240.4M(1024.0M)]
 [Times: user=0.07 sys=0.00, real=0.04 secs] 
2017-09-19T20:09:13.303+0900: 13745.034: [GC pause (G1 Evacuation Pause) (young), 0.0385903 secs]
   [Parallel Time: 37.6 ms, GC Workers: 2]
      [GC Worker Start (ms): Min: 13745034.1, Avg: 13745034.1, Max: 13745034.2, Diff: 0.1]
      [Ext Root Scanning (ms): Min: 2.1, Avg: 3.2, Max: 4.4, Diff: 2.3, Sum: 6.5]
      [Update RS (ms): Min: 1.2, Avg: 2.5, Max: 3.7, Diff: 2.6, Sum: 4.9]
         [Processed Buffers: Min: 6, Avg: 15.5, Max: 25, Diff: 19, Sum: 31]
      [Scan RS (ms): Min: 3.1, Avg: 3.2, Max: 3.3, Diff: 0.2, Sum: 6.4]
      [Code Root Scanning (ms): Min: 0.0, Avg: 0.0, Max: 0.0, Diff: 0.0, Sum: 0.0]
      [Object Copy (ms): Min: 28.5, Avg: 28.5, Max: 28.6, Diff: 0.1, Sum: 57.1]
      [Termination (ms): Min: 0.0, Avg: 0.0, Max: 0.1, Diff: 0.1, Sum: 0.1]
         [Termination Attempts: Min: 3, Avg: 3.0, Max: 3, Diff: 0, Sum: 6]
      [GC Worker Other (ms): Min: 0.0, Avg: 0.0, Max: 0.0, Diff: 0.0, Sum: 0.0]
      [GC Worker Total (ms): Min: 37.5, Avg: 37.5, Max: 37.5, Diff: 0.1, Sum: 75.0]
      [GC Worker End (ms): Min: 13745071.6, Avg: 13745071.6, Max: 13745071.6, Diff: 0.0]
   [Code Root Fixup: 0.1 ms]
   [Code Root Purge: 0.0 ms]
   [Clear CT: 0.1 ms]
   [Other: 0.8 ms]
      [Choose CSet: 0.0 ms]
      [Ref Proc: 0.2 ms]
      [Ref Enq: 0.0 ms]
      [Redirty Cards: 0.1 ms]
      [Humongous Register: 0.1 ms]
      [Humongous Reclaim: 0.0 ms]
      [Free CSet: 0.1 ms]
   [Eden: 46.0M(46.0M)->0.0B(45.0M) Survivors: 5120.0K->6144.0K Heap: 286.4M(1024.0M)->242.4M(1024.0M)]
 [Times: user=0.07 sys=0.00, real=0.04 secs] 
2017-09-19T20:10:55.008+0900: 13846.739: [GC pause (G1 Evacuation Pause) (young), 0.0216985 secs]
   [Parallel Time: 20.6 ms, GC Workers: 2]
      [GC Worker Start (ms): Min: 13846739.0, Avg: 13846740.0, Max: 13846740.9, Diff: 1.8]
      [Ext Root Scanning (ms): Min: 0.3, Avg: 2.5, Max: 4.6, Diff: 4.3, Sum: 5.0]
      [Update RS (ms): Min: 0.0, Avg: 1.1, Max: 2.2, Diff: 2.2, Sum: 2.2]
         [Processed Buffers: Min: 0, Avg: 15.5, Max: 31, Diff: 31, Sum: 31]
      [Scan RS (ms): Min: 1.3, Avg: 1.4, Max: 1.6, Diff: 0.4, Sum: 2.9]
      [Code Root Scanning (ms): Min: 0.0, Avg: 0.0, Max: 0.0, Diff: 0.0, Sum: 0.0]
      [Object Copy (ms): Min: 14.6, Avg: 14.6, Max: 14.6, Diff: 0.1, Sum: 29.2]
      [Termination (ms): Min: 0.0, Avg: 0.0, Max: 0.0, Diff: 0.0, Sum: 0.0]
         [Termination Attempts: Min: 1, Avg: 1.0, Max: 1, Diff: 0, Sum: 2]
      [GC Worker Other (ms): Min: 0.0, Avg: 0.0, Max: 0.0, Diff: 0.0, Sum: 0.0]
      [GC Worker Total (ms): Min: 18.7, Avg: 19.6, Max: 20.5, Diff: 1.8, Sum: 39.2]
      [GC Worker End (ms): Min: 13846759.6, Avg: 13846759.6, Max: 13846759.6, Diff: 0.0]
   [Code Root Fixup: 0.1 ms]
   [Code Root Purge: 0.0 ms]
   [Clear CT: 0.1 ms]
   [Other: 0.9 ms]
      [Choose CSet: 0.0 ms]
      [Ref Proc: 0.2 ms]
      [Ref Enq: 0.0 ms]
      [Redirty Cards: 0.3 ms]
      [Humongous Register: 0.0 ms]
      [Humongous Reclaim: 0.0 ms]
      [Free CSet: 0.1 ms]
   [Eden: 45.0M(45.0M)->0.0B(46.0M) Survivors: 6144.0K->5120.0K Heap: 287.4M(1024.0M)->244.6M(1024.0M)]
 [Times: user=0.04 sys=0.00, real=0.03 secs] 
2017-09-19T20:12:39.713+0900: 13951.444: [GC pause (G1 Evacuation Pause) (young), 0.0205344 secs]
   [Parallel Time: 19.4 ms, GC Workers: 2]
      [GC Worker Start (ms): Min: 13951443.9, Avg: 13951443.9, Max: 13951443.9, Diff: 0.1]
      [Ext Root Scanning (ms): Min: 0.9, Avg: 0.9, Max: 1.0, Diff: 0.1, Sum: 1.9]
      [Update RS (ms): Min: 1.6, Avg: 1.7, Max: 1.9, Diff: 0.3, Sum: 3.4]
         [Processed Buffers: Min: 1, Avg: 16.5, Max: 32, Diff: 31, Sum: 33]
      [Scan RS (ms): Min: 1.4, Avg: 1.6, Max: 1.7, Diff: 0.3, Sum: 3.2]
      [Code Root Scanning (ms): Min: 0.0, Avg: 0.0, Max: 0.0, Diff: 0.0, Sum: 0.0]
      [Object Copy (ms): Min: 15.1, Avg: 15.1, Max: 15.1, Diff: 0.0, Sum: 30.2]
      [Termination (ms): Min: 0.0, Avg: 0.0, Max: 0.0, Diff: 0.0, Sum: 0.0]
         [Termination Attempts: Min: 1, Avg: 1.0, Max: 1, Diff: 0, Sum: 2]
      [GC Worker Other (ms): Min: 0.0, Avg: 0.0, Max: 0.0, Diff: 0.0, Sum: 0.0]
      [GC Worker Total (ms): Min: 19.3, Avg: 19.3, Max: 19.4, Diff: 0.1, Sum: 38.7]
      [GC Worker End (ms): Min: 13951463.2, Avg: 13951463.2, Max: 13951463.2, Diff: 0.0]
   [Code Root Fixup: 0.1 ms]
   [Code Root Purge: 0.0 ms]
   [Clear CT: 0.1 ms]
   [Other: 1.0 ms]
      [Choose CSet: 0.0 ms]
      [Ref Proc: 0.3 ms]
      [Ref Enq: 0.0 ms]
      [Redirty Cards: 0.3 ms]
      [Humongous Register: 0.1 ms]
      [Humongous Reclaim: 0.0 ms]
      [Free CSet: 0.0 ms]
   [Eden: 46.0M(46.0M)->0.0B(45.0M) Survivors: 5120.0K->6144.0K Heap: 290.6M(1024.0M)->246.1M(1024.0M)]
 [Times: user=0.04 sys=0.00, real=0.02 secs] 
2017-09-19T20:14:21.375+0900: 14053.106: [GC pause (G1 Evacuation Pause) (young), 0.0275903 secs]
   [Parallel Time: 24.7 ms, GC Workers: 2]
      [GC Worker Start (ms): Min: 14053106.4, Avg: 14053106.5, Max: 14053106.6, Diff: 0.1]
      [Ext Root Scanning (ms): Min: 1.7, Avg: 1.8, Max: 1.9, Diff: 0.3, Sum: 3.6]
      [Update RS (ms): Min: 2.7, Avg: 3.1, Max: 3.5, Diff: 0.7, Sum: 6.2]
         [Processed Buffers: Min: 12, Avg: 17.5, Max: 23, Diff: 11, Sum: 35]
      [Scan RS (ms): Min: 4.0, Avg: 4.5, Max: 5.0, Diff: 1.0, Sum: 9.0]
      [Code Root Scanning (ms): Min: 0.0, Avg: 0.0, Max: 0.0, Diff: 0.0, Sum: 0.0]
      [Object Copy (ms): Min: 15.0, Avg: 15.1, Max: 15.3, Diff: 0.3, Sum: 30.3]
      [Termination (ms): Min: 0.0, Avg: 0.0, Max: 0.0, Diff: 0.0, Sum: 0.0]
         [Termination Attempts: Min: 1, Avg: 1.0, Max: 1, Diff: 0, Sum: 2]
      [GC Worker Other (ms): Min: 0.0, Avg: 0.0, Max: 0.0, Diff: 0.0, Sum: 0.1]
      [GC Worker Total (ms): Min: 24.5, Avg: 24.6, Max: 24.6, Diff: 0.1, Sum: 49.1]
      [GC Worker End (ms): Min: 14053131.0, Avg: 14053131.0, Max: 14053131.0, Diff: 0.0]
   [Code Root Fixup: 0.1 ms]
   [Code Root Purge: 0.0 ms]
   [Clear CT: 0.3 ms]
   [Other: 2.4 ms]
      [Choose CSet: 0.0 ms]
      [Ref Proc: 0.9 ms]
      [Ref Enq: 0.0 ms]
      [Redirty Cards: 0.6 ms]
      [Humongous Register: 0.1 ms]
      [Humongous Reclaim: 0.0 ms]
      [Free CSet: 0.1 ms]
   [Eden: 45.0M(45.0M)->0.0B(47.0M) Survivors: 6144.0K->4096.0K Heap: 291.1M(1024.0M)->244.3M(1024.0M)]
 [Times: user=0.05 sys=0.00, real=0.03 secs] 
2017-09-19T20:16:08.592+0900: 14160.323: [GC pause (G1 Evacuation Pause) (young), 0.0097947 secs]
   [Parallel Time: 8.0 ms, GC Workers: 2]
      [GC Worker Start (ms): Min: 14160322.7, Avg: 14160322.7, Max: 14160322.8, Diff: 0.0]
      [Ext Root Scanning (ms): Min: 0.6, Avg: 0.6, Max: 0.6, Diff: 0.1, Sum: 1.2]
      [Update RS (ms): Min: 0.9, Avg: 0.9, Max: 0.9, Diff: 0.0, Sum: 1.8]
         [Processed Buffers: Min: 11, Avg: 16.0, Max: 21, Diff: 10, Sum: 32]
      [Scan RS (ms): Min: 1.1, Avg: 1.2, Max: 1.2, Diff: 0.1, Sum: 2.3]
      [Code Root Scanning (ms): Min: 0.0, Avg: 0.0, Max: 0.0, Diff: 0.0, Sum: 0.0]
      [Object Copy (ms): Min: 5.2, Avg: 5.3, Max: 5.4, Diff: 0.2, Sum: 10.6]
      [Termination (ms): Min: 0.0, Avg: 0.0, Max: 0.0, Diff: 0.0, Sum: 0.0]
         [Termination Attempts: Min: 1, Avg: 1.5, Max: 2, Diff: 1, Sum: 3]
      [GC Worker Other (ms): Min: 0.0, Avg: 0.0, Max: 0.0, Diff: 0.0, Sum: 0.0]
      [GC Worker Total (ms): Min: 8.0, Avg: 8.0, Max: 8.0, Diff: 0.0, Sum: 16.0]
      [GC Worker End (ms): Min: 14160330.7, Avg: 14160330.7, Max: 14160330.7, Diff: 0.0]
   [Code Root Fixup: 0.1 ms]
   [Code Root Purge: 0.0 ms]
   [Clear CT: 0.1 ms]
   [Other: 1.6 ms]
      [Choose CSet: 0.0 ms]
      [Ref Proc: 1.3 ms]
      [Ref Enq: 0.0 ms]
      [Redirty Cards: 0.0 ms]
      [Humongous Register: 0.0 ms]
      [Humongous Reclaim: 0.0 ms]
      [Free CSet: 0.0 ms]
   [Eden: 47.0M(47.0M)->0.0B(46.0M) Survivors: 4096.0K->5120.0K Heap: 291.3M(1024.0M)->245.3M(1024.0M)]
 [Times: user=0.02 sys=0.00, real=0.01 secs] 
2017-09-19T20:17:52.688+0900: 14264.419: [GC pause (G1 Evacuation Pause) (young), 0.0487457 secs]
   [Parallel Time: 47.0 ms, GC Workers: 2]
      [GC Worker Start (ms): Min: 14264419.6, Avg: 14264420.6, Max: 14264421.6, Diff: 2.0]
      [Ext Root Scanning (ms): Min: 1.8, Avg: 3.5, Max: 5.3, Diff: 3.5, Sum: 7.0]
      [Update RS (ms): Min: 7.3, Avg: 7.4, Max: 7.4, Diff: 0.1, Sum: 14.7]
         [Processed Buffers: Min: 5, Avg: 17.0, Max: 29, Diff: 24, Sum: 34]
      [Scan RS (ms): Min: 2.9, Avg: 3.6, Max: 4.2, Diff: 1.3, Sum: 7.1]
      [Code Root Scanning (ms): Min: 0.0, Avg: 0.0, Max: 0.0, Diff: 0.0, Sum: 0.0]
      [Object Copy (ms): Min: 31.4, Avg: 31.5, Max: 31.6, Diff: 0.2, Sum: 63.0]
      [Termination (ms): Min: 0.0, Avg: 0.0, Max: 0.1, Diff: 0.0, Sum: 0.1]
         [Termination Attempts: Min: 1, Avg: 2.5, Max: 4, Diff: 3, Sum: 5]
      [GC Worker Other (ms): Min: 0.0, Avg: 0.0, Max: 0.0, Diff: 0.0, Sum: 0.0]
      [GC Worker Total (ms): Min: 45.0, Avg: 46.0, Max: 47.0, Diff: 2.0, Sum: 92.0]
      [GC Worker End (ms): Min: 14264466.6, Avg: 14264466.6, Max: 14264466.6, Diff: 0.0]
   [Code Root Fixup: 0.1 ms]
   [Code Root Purge: 0.0 ms]
   [Clear CT: 0.1 ms]
   [Other: 1.5 ms]
      [Choose CSet: 0.0 ms]
      [Ref Proc: 0.3 ms]
      [Ref Enq: 0.0 ms]
      [Redirty Cards: 0.1 ms]
      [Humongous Register: 0.1 ms]
      [Humongous Reclaim: 0.0 ms]
      [Free CSet: 0.1 ms]
   [Eden: 46.0M(46.0M)->0.0B(45.0M) Survivors: 5120.0K->6144.0K Heap: 291.3M(1024.0M)->247.1M(1024.0M)]
 [Times: user=0.07 sys=0.00, real=0.05 secs] 
2017-09-19T20:19:34.583+0900: 14366.314: [GC pause (G1 Evacuation Pause) (young), 0.0684735 secs]
   [Parallel Time: 63.5 ms, GC Workers: 2]
      [GC Worker Start (ms): Min: 14366314.1, Avg: 14366314.2, Max: 14366314.2, Diff: 0.1]
      [Ext Root Scanning (ms): Min: 1.6, Avg: 1.7, Max: 1.7, Diff: 0.1, Sum: 3.3]
      [Update RS (ms): Min: 2.0, Avg: 4.1, Max: 6.3, Diff: 4.3, Sum: 8.2]
         [Processed Buffers: Min: 11, Avg: 16.5, Max: 22, Diff: 11, Sum: 33]
      [Scan RS (ms): Min: 2.4, Avg: 2.5, Max: 2.6, Diff: 0.2, Sum: 5.0]
      [Code Root Scanning (ms): Min: 0.0, Avg: 0.0, Max: 0.0, Diff: 0.0, Sum: 0.0]
      [Object Copy (ms): Min: 52.8, Avg: 54.8, Max: 56.9, Diff: 4.1, Sum: 109.7]
      [Termination (ms): Min: 0.0, Avg: 0.2, Max: 0.3, Diff: 0.3, Sum: 0.3]
         [Termination Attempts: Min: 1, Avg: 1.0, Max: 1, Diff: 0, Sum: 2]
      [GC Worker Other (ms): Min: 0.0, Avg: 0.0, Max: 0.0, Diff: 0.0, Sum: 0.0]
      [GC Worker Total (ms): Min: 63.2, Avg: 63.3, Max: 63.4, Diff: 0.3, Sum: 126.6]
      [GC Worker End (ms): Min: 14366377.4, Avg: 14366377.5, Max: 14366377.6, Diff: 0.1]
   [Code Root Fixup: 0.1 ms]
   [Code Root Purge: 0.0 ms]
   [Clear CT: 0.0 ms]
   [Other: 4.9 ms]
      [Choose CSet: 0.0 ms]
      [Ref Proc: 4.4 ms]
      [Ref Enq: 0.0 ms]
      [Redirty Cards: 0.0 ms]
      [Humongous Register: 0.1 ms]
      [Humongous Reclaim: 0.0 ms]
      [Free CSet: 0.0 ms]
   [Eden: 45.0M(45.0M)->0.0B(46.0M) Survivors: 6144.0K->5120.0K Heap: 292.1M(1024.0M)->250.1M(1024.0M)]
 [Times: user=0.06 sys=0.01, real=0.07 secs] 
2017-09-19T20:21:16.090+0900: 14467.821: [GC pause (G1 Evacuation Pause) (young), 0.0570800 secs]
   [Parallel Time: 55.5 ms, GC Workers: 2]
      [GC Worker Start (ms): Min: 14467821.7, Avg: 14467822.7, Max: 14467823.6, Diff: 1.9]
      [Ext Root Scanning (ms): Min: 1.5, Avg: 1.6, Max: 1.8, Diff: 0.3, Sum: 3.3]
      [Update RS (ms): Min: 1.8, Avg: 4.8, Max: 7.8, Diff: 5.9, Sum: 9.6]
         [Processed Buffers: Min: 0, Avg: 15.5, Max: 31, Diff: 31, Sum: 31]
      [Scan RS (ms): Min: 5.6, Avg: 6.3, Max: 7.0, Diff: 1.4, Sum: 12.6]
      [Code Root Scanning (ms): Min: 0.0, Avg: 0.0, Max: 0.0, Diff: 0.0, Sum: 0.0]
      [Object Copy (ms): Min: 38.6, Avg: 41.7, Max: 44.7, Diff: 6.1, Sum: 83.3]
      [Termination (ms): Min: 0.0, Avg: 0.0, Max: 0.0, Diff: 0.0, Sum: 0.0]
         [Termination Attempts: Min: 1, Avg: 1.0, Max: 1, Diff: 0, Sum: 2]
      [GC Worker Other (ms): Min: 0.0, Avg: 0.0, Max: 0.0, Diff: 0.0, Sum: 0.0]
      [GC Worker Total (ms): Min: 53.5, Avg: 54.4, Max: 55.4, Diff: 1.9, Sum: 108.8]
      [GC Worker End (ms): Min: 14467877.1, Avg: 14467877.1, Max: 14467877.1, Diff: 0.0]
   [Code Root Fixup: 0.1 ms]
   [Code Root Purge: 0.0 ms]
   [Clear CT: 0.1 ms]
   [Other: 1.3 ms]
      [Choose CSet: 0.0 ms]
      [Ref Proc: 0.4 ms]
      [Ref Enq: 0.0 ms]
      [Redirty Cards: 0.3 ms]
      [Humongous Register: 0.1 ms]
      [Humongous Reclaim: 0.0 ms]
      [Free CSet: 0.1 ms]
   [Eden: 46.0M(46.0M)->0.0B(44.0M) Survivors: 5120.0K->7168.0K Heap: 296.1M(1024.0M)->252.6M(1024.0M)]
 [Times: user=0.08 sys=0.00, real=0.05 secs] 
2017-09-19T20:22:56.484+0900: 14568.215: [GC pause (G1 Evacuation Pause) (young), 0.0288459 secs]
   [Parallel Time: 27.3 ms, GC Workers: 2]
      [GC Worker Start (ms): Min: 14568214.9, Avg: 14568215.0, Max: 14568215.1, Diff: 0.2]
      [Ext Root Scanning (ms): Min: 1.8, Avg: 1.9, Max: 1.9, Diff: 0.0, Sum: 3.7]
      [Update RS (ms): Min: 2.3, Avg: 2.3, Max: 2.4, Diff: 0.1, Sum: 4.7]
         [Processed Buffers: Min: 10, Avg: 15.0, Max: 20, Diff: 10, Sum: 30]
      [Scan RS (ms): Min: 3.1, Avg: 3.2, Max: 3.2, Diff: 0.0, Sum: 6.3]
      [Code Root Scanning (ms): Min: 0.0, Avg: 0.0, Max: 0.0, Diff: 0.0, Sum: 0.0]
      [Object Copy (ms): Min: 19.7, Avg: 19.7, Max: 19.8, Diff: 0.1, Sum: 39.5]
      [Termination (ms): Min: 0.0, Avg: 0.0, Max: 0.0, Diff: 0.0, Sum: 0.0]
         [Termination Attempts: Min: 1, Avg: 1.0, Max: 1, Diff: 0, Sum: 2]
      [GC Worker Other (ms): Min: 0.0, Avg: 0.0, Max: 0.0, Diff: 0.0, Sum: 0.0]
      [GC Worker Total (ms): Min: 27.0, Avg: 27.1, Max: 27.2, Diff: 0.2, Sum: 54.2]
      [GC Worker End (ms): Min: 14568242.1, Avg: 14568242.1, Max: 14568242.1, Diff: 0.0]
   [Code Root Fixup: 0.1 ms]
   [Code Root Purge: 0.0 ms]
   [Clear CT: 0.2 ms]
   [Other: 1.3 ms]
      [Choose CSet: 0.0 ms]
      [Ref Proc: 0.5 ms]
      [Ref Enq: 0.0 ms]
      [Redirty Cards: 0.2 ms]
      [Humongous Register: 0.1 ms]
      [Humongous Reclaim: 0.0 ms]
      [Free CSet: 0.1 ms]
   [Eden: 44.0M(44.0M)->0.0B(47.0M) Survivors: 7168.0K->4096.0K Heap: 296.6M(1024.0M)->250.4M(1024.0M)]
 [Times: user=0.06 sys=0.00, real=0.03 secs] 
2017-09-19T20:24:42.986+0900: 14674.717: [GC pause (G1 Evacuation Pause) (young), 0.0295762 secs]
   [Parallel Time: 28.2 ms, GC Workers: 2]
      [GC Worker Start (ms): Min: 14674717.1, Avg: 14674717.1, Max: 14674717.2, Diff: 0.1]
      [Ext Root Scanning (ms): Min: 1.6, Avg: 1.7, Max: 1.8, Diff: 0.2, Sum: 3.3]
      [Update RS (ms): Min: 2.3, Avg: 2.4, Max: 2.4, Diff: 0.1, Sum: 4.8]
         [Processed Buffers: Min: 11, Avg: 16.0, Max: 21, Diff: 10, Sum: 32]
      [Scan RS (ms): Min: 2.8, Avg: 2.8, Max: 2.9, Diff: 0.1, Sum: 5.7]
      [Code Root Scanning (ms): Min: 0.0, Avg: 0.0, Max: 0.0, Diff: 0.0, Sum: 0.0]
      [Object Copy (ms): Min: 21.0, Avg: 21.1, Max: 21.1, Diff: 0.1, Sum: 42.2]
      [Termination (ms): Min: 0.0, Avg: 0.0, Max: 0.0, Diff: 0.0, Sum: 0.0]
         [Termination Attempts: Min: 1, Avg: 1.0, Max: 1, Diff: 0, Sum: 2]
      [GC Worker Other (ms): Min: 0.0, Avg: 0.0, Max: 0.0, Diff: 0.0, Sum: 0.0]
      [GC Worker Total (ms): Min: 28.0, Avg: 28.0, Max: 28.1, Diff: 0.1, Sum: 56.1]
      [GC Worker End (ms): Min: 14674745.2, Avg: 14674745.2, Max: 14674745.2, Diff: 0.0]
   [Code Root Fixup: 0.1 ms]
   [Code Root Purge: 0.0 ms]
   [Clear CT: 0.2 ms]
   [Other: 1.1 ms]
      [Choose CSet: 0.0 ms]
      [Ref Proc: 0.3 ms]
      [Ref Enq: 0.0 ms]
      [Redirty Cards: 0.3 ms]
      [Humongous Register: 0.1 ms]
      [Humongous Reclaim: 0.0 ms]
      [Free CSet: 0.0 ms]
   [Eden: 47.0M(47.0M)->0.0B(46.0M) Survivors: 4096.0K->5120.0K Heap: 297.4M(1024.0M)->251.9M(1024.0M)]
 [Times: user=0.05 sys=0.00, real=0.03 secs] 
2017-09-19T20:26:27.603+0900: 14779.333: [GC pause (G1 Evacuation Pause) (young), 0.0362485 secs]
   [Parallel Time: 34.9 ms, GC Workers: 2]
      [GC Worker Start (ms): Min: 14779333.5, Avg: 14779333.6, Max: 14779333.6, Diff: 0.0]
      [Ext Root Scanning (ms): Min: 0.5, Avg: 0.5, Max: 0.5, Diff: 0.1, Sum: 1.0]
      [Update RS (ms): Min: 0.5, Avg: 0.5, Max: 0.5, Diff: 0.0, Sum: 1.0]
         [Processed Buffers: Min: 14, Avg: 15.5, Max: 17, Diff: 3, Sum: 31]
      [Scan RS (ms): Min: 0.3, Avg: 0.3, Max: 0.3, Diff: 0.0, Sum: 0.7]
      [Code Root Scanning (ms): Min: 0.0, Avg: 0.0, Max: 0.0, Diff: 0.0, Sum: 0.0]
      [Object Copy (ms): Min: 33.4, Avg: 33.4, Max: 33.5, Diff: 0.2, Sum: 66.9]
      [Termination (ms): Min: 0.0, Avg: 0.1, Max: 0.1, Diff: 0.1, Sum: 0.1]
         [Termination Attempts: Min: 1, Avg: 1.0, Max: 1, Diff: 0, Sum: 2]
      [GC Worker Other (ms): Min: 0.0, Avg: 0.0, Max: 0.0, Diff: 0.0, Sum: 0.0]
      [GC Worker Total (ms): Min: 34.8, Avg: 34.9, Max: 34.9, Diff: 0.0, Sum: 69.7]
      [GC Worker End (ms): Min: 14779368.4, Avg: 14779368.4, Max: 14779368.4, Diff: 0.0]
   [Code Root Fixup: 0.1 ms]
   [Code Root Purge: 0.0 ms]
   [Clear CT: 0.1 ms]
   [Other: 1.2 ms]
      [Choose CSet: 0.0 ms]
      [Ref Proc: 0.3 ms]
      [Ref Enq: 0.0 ms]
      [Redirty Cards: 0.2 ms]
      [Humongous Register: 0.0 ms]
      [Humongous Reclaim: 0.0 ms]
      [Free CSet: 0.0 ms]
   [Eden: 46.0M(46.0M)->0.0B(45.0M) Survivors: 5120.0K->6144.0K Heap: 297.9M(1024.0M)->253.9M(1024.0M)]
 [Times: user=0.02 sys=0.00, real=0.04 secs] 
2017-09-19T20:28:09.457+0900: 14881.188: [GC pause (G1 Evacuation Pause) (young), 0.0477134 secs]
   [Parallel Time: 46.7 ms, GC Workers: 2]
      [GC Worker Start (ms): Min: 14881187.9, Avg: 14881188.0, Max: 14881188.1, Diff: 0.1]
      [Ext Root Scanning (ms): Min: 1.5, Avg: 1.5, Max: 1.5, Diff: 0.0, Sum: 3.1]
      [Update RS (ms): Min: 2.4, Avg: 2.8, Max: 3.3, Diff: 0.9, Sum: 5.6]
         [Processed Buffers: Min: 1, Avg: 18.0, Max: 35, Diff: 34, Sum: 36]
      [Scan RS (ms): Min: 0.5, Avg: 0.5, Max: 0.5, Diff: 0.0, Sum: 1.0]
      [Code Root Scanning (ms): Min: 0.0, Avg: 0.0, Max: 0.0, Diff: 0.0, Sum: 0.0]
      [Object Copy (ms): Min: 33.7, Avg: 37.4, Max: 41.2, Diff: 7.6, Sum: 74.9]
      [Termination (ms): Min: 0.0, Avg: 4.3, Max: 8.6, Diff: 8.6, Sum: 8.6]
         [Termination Attempts: Min: 4, Avg: 7.0, Max: 10, Diff: 6, Sum: 14]
      [GC Worker Other (ms): Min: 0.0, Avg: 0.0, Max: 0.0, Diff: 0.0, Sum: 0.0]
      [GC Worker Total (ms): Min: 46.5, Avg: 46.6, Max: 46.7, Diff: 0.1, Sum: 93.2]
      [GC Worker End (ms): Min: 14881234.6, Avg: 14881234.6, Max: 14881234.6, Diff: 0.0]
   [Code Root Fixup: 0.0 ms]
   [Code Root Purge: 0.0 ms]
   [Clear CT: 0.1 ms]
   [Other: 0.9 ms]
      [Choose CSet: 0.0 ms]
      [Ref Proc: 0.1 ms]
      [Ref Enq: 0.0 ms]
      [Redirty Cards: 0.0 ms]
      [Humongous Register: 0.0 ms]
      [Humongous Reclaim: 0.0 ms]
      [Free CSet: 0.0 ms]
   [Eden: 45.0M(45.0M)->0.0B(45.0M) Survivors: 6144.0K->6144.0K Heap: 298.9M(1024.0M)->256.7M(1024.0M)]
 [Times: user=0.05 sys=0.01, real=0.05 secs] 
2017-09-19T20:29:51.190+0900: 14982.921: [GC pause (G1 Evacuation Pause) (young), 0.0314537 secs]
   [Parallel Time: 30.7 ms, GC Workers: 2]
      [GC Worker Start (ms): Min: 14982920.8, Avg: 14982920.8, Max: 14982920.8, Diff: 0.0]
      [Ext Root Scanning (ms): Min: 0.6, Avg: 0.6, Max: 0.7, Diff: 0.1, Sum: 1.3]
      [Update RS (ms): Min: 0.0, Avg: 0.4, Max: 0.7, Diff: 0.7, Sum: 0.7]
         [Processed Buffers: Min: 0, Avg: 15.5, Max: 31, Diff: 31, Sum: 31]
      [Scan RS (ms): Min: 0.0, Avg: 0.4, Max: 0.7, Diff: 0.7, Sum: 0.7]
      [Code Root Scanning (ms): Min: 0.0, Avg: 0.0, Max: 0.0, Diff: 0.0, Sum: 0.0]
      [Object Copy (ms): Min: 28.6, Avg: 29.3, Max: 30.0, Diff: 1.4, Sum: 58.5]
      [Termination (ms): Min: 0.0, Avg: 0.0, Max: 0.1, Diff: 0.1, Sum: 0.1]
         [Termination Attempts: Min: 1, Avg: 1.0, Max: 1, Diff: 0, Sum: 2]
      [GC Worker Other (ms): Min: 0.0, Avg: 0.0, Max: 0.0, Diff: 0.0, Sum: 0.0]
      [GC Worker Total (ms): Min: 30.6, Avg: 30.7, Max: 30.7, Diff: 0.0, Sum: 61.3]
      [GC Worker End (ms): Min: 14982951.5, Avg: 14982951.5, Max: 14982951.5, Diff: 0.0]
   [Code Root Fixup: 0.1 ms]
   [Code Root Purge: 0.0 ms]
   [Clear CT: 0.1 ms]
   [Other: 0.6 ms]
      [Choose CSet: 0.0 ms]
      [Ref Proc: 0.2 ms]
      [Ref Enq: 0.0 ms]
      [Redirty Cards: 0.0 ms]
      [Humongous Register: 0.0 ms]
      [Humongous Reclaim: 0.0 ms]
      [Free CSet: 0.1 ms]
   [Eden: 45.0M(45.0M)->0.0B(45.0M) Survivors: 6144.0K->6144.0K Heap: 301.7M(1024.0M)->259.0M(1024.0M)]
 [Times: user=0.03 sys=0.00, real=0.03 secs] 
2017-09-19T20:31:33.349+0900: 15085.080: [GC pause (G1 Evacuation Pause) (young), 0.0366563 secs]
   [Parallel Time: 34.3 ms, GC Workers: 2]
      [GC Worker Start (ms): Min: 15085080.3, Avg: 15085080.4, Max: 15085080.4, Diff: 0.0]
      [Ext Root Scanning (ms): Min: 1.0, Avg: 1.1, Max: 1.2, Diff: 0.1, Sum: 2.2]
      [Update RS (ms): Min: 1.1, Avg: 1.3, Max: 1.4, Diff: 0.4, Sum: 2.5]
         [Processed Buffers: Min: 1, Avg: 16.0, Max: 31, Diff: 30, Sum: 32]
      [Scan RS (ms): Min: 1.9, Avg: 2.0, Max: 2.0, Diff: 0.2, Sum: 3.9]
      [Code Root Scanning (ms): Min: 0.0, Avg: 0.0, Max: 0.0, Diff: 0.0, Sum: 0.0]
      [Object Copy (ms): Min: 21.1, Avg: 25.3, Max: 29.5, Diff: 8.4, Sum: 50.6]
      [Termination (ms): Min: 0.0, Avg: 4.4, Max: 8.8, Diff: 8.8, Sum: 8.8]
         [Termination Attempts: Min: 1, Avg: 1.0, Max: 1, Diff: 0, Sum: 2]
      [GC Worker Other (ms): Min: 0.0, Avg: 0.0, Max: 0.0, Diff: 0.0, Sum: 0.0]
      [GC Worker Total (ms): Min: 34.0, Avg: 34.0, Max: 34.1, Diff: 0.1, Sum: 68.1]
      [GC Worker End (ms): Min: 15085114.3, Avg: 15085114.4, Max: 15085114.5, Diff: 0.2]
   [Code Root Fixup: 0.1 ms]
   [Code Root Purge: 0.0 ms]
   [Clear CT: 0.4 ms]
   [Other: 1.9 ms]
      [Choose CSet: 0.0 ms]
      [Ref Proc: 0.5 ms]
      [Ref Enq: 0.0 ms]
      [Redirty Cards: 0.3 ms]
      [Humongous Register: 0.1 ms]
      [Humongous Reclaim: 0.0 ms]
      [Free CSet: 0.1 ms]
   [Eden: 45.0M(45.0M)->0.0B(47.0M) Survivors: 6144.0K->4096.0K Heap: 304.0M(1024.0M)->257.5M(1024.0M)]
 [Times: user=0.03 sys=0.00, real=0.04 secs] 
2017-09-19T20:33:19.715+0900: 15191.446: [GC pause (G1 Evacuation Pause) (young), 0.0285002 secs]
   [Parallel Time: 26.9 ms, GC Workers: 2]
      [GC Worker Start (ms): Min: 15191446.5, Avg: 15191446.6, Max: 15191446.6, Diff: 0.1]
      [Ext Root Scanning (ms): Min: 2.0, Avg: 2.1, Max: 2.1, Diff: 0.1, Sum: 4.1]
      [Update RS (ms): Min: 2.4, Avg: 2.5, Max: 2.6, Diff: 0.1, Sum: 5.0]
         [Processed Buffers: Min: 7, Avg: 17.0, Max: 27, Diff: 20, Sum: 34]
      [Scan RS (ms): Min: 2.5, Avg: 2.6, Max: 2.7, Diff: 0.2, Sum: 5.1]
      [Code Root Scanning (ms): Min: 0.0, Avg: 0.0, Max: 0.0, Diff: 0.0, Sum: 0.0]
      [Object Copy (ms): Min: 19.6, Avg: 19.6, Max: 19.6, Diff: 0.0, Sum: 39.2]
      [Termination (ms): Min: 0.0, Avg: 0.0, Max: 0.0, Diff: 0.0, Sum: 0.0]
         [Termination Attempts: Min: 1, Avg: 1.0, Max: 1, Diff: 0, Sum: 2]
      [GC Worker Other (ms): Min: 0.0, Avg: 0.0, Max: 0.1, Diff: 0.0, Sum: 0.1]
      [GC Worker Total (ms): Min: 26.8, Avg: 26.8, Max: 26.8, Diff: 0.1, Sum: 53.6]
      [GC Worker End (ms): Min: 15191473.4, Avg: 15191473.4, Max: 15191473.4, Diff: 0.0]
   [Code Root Fixup: 0.1 ms]
   [Code Root Purge: 0.0 ms]
   [Clear CT: 0.2 ms]
   [Other: 1.3 ms]
      [Choose CSet: 0.0 ms]
      [Ref Proc: 0.5 ms]
      [Ref Enq: 0.0 ms]
      [Redirty Cards: 0.4 ms]
      [Humongous Register: 0.1 ms]
      [Humongous Reclaim: 0.0 ms]
      [Free CSet: 0.1 ms]
   [Eden: 47.0M(47.0M)->0.0B(46.0M) Survivors: 4096.0K->5120.0K Heap: 304.5M(1024.0M)->259.0M(1024.0M)]
 [Times: user=0.06 sys=0.00, real=0.03 secs] 
2017-09-19T20:35:04.273+0900: 15296.004: [GC pause (G1 Evacuation Pause) (young), 0.1064754 secs]
   [Parallel Time: 104.5 ms, GC Workers: 2]
      [GC Worker Start (ms): Min: 15296004.0, Avg: 15296004.1, Max: 15296004.1, Diff: 0.1]
      [Ext Root Scanning (ms): Min: 1.8, Avg: 1.8, Max: 1.9, Diff: 0.1, Sum: 3.7]
      [Update RS (ms): Min: 2.9, Avg: 3.1, Max: 3.3, Diff: 0.4, Sum: 6.2]
         [Processed Buffers: Min: 11, Avg: 17.0, Max: 23, Diff: 12, Sum: 34]
      [Scan RS (ms): Min: 1.7, Avg: 1.9, Max: 2.1, Diff: 0.4, Sum: 3.8]
      [Code Root Scanning (ms): Min: 0.0, Avg: 0.0, Max: 0.0, Diff: 0.0, Sum: 0.0]
      [Object Copy (ms): Min: 88.2, Avg: 92.7, Max: 97.2, Diff: 9.0, Sum: 185.3]
      [Termination (ms): Min: 0.0, Avg: 4.6, Max: 9.2, Diff: 9.2, Sum: 9.2]
         [Termination Attempts: Min: 1, Avg: 1.0, Max: 1, Diff: 0, Sum: 2]
      [GC Worker Other (ms): Min: 0.0, Avg: 0.0, Max: 0.0, Diff: 0.0, Sum: 0.0]
      [GC Worker Total (ms): Min: 104.1, Avg: 104.1, Max: 104.1, Diff: 0.1, Sum: 208.2]
      [GC Worker End (ms): Min: 15296108.1, Avg: 15296108.2, Max: 15296108.3, Diff: 0.2]
   [Code Root Fixup: 0.1 ms]
   [Code Root Purge: 0.0 ms]
   [Clear CT: 0.3 ms]
   [Other: 1.5 ms]
      [Choose CSet: 0.0 ms]
      [Ref Proc: 0.4 ms]
      [Ref Enq: 0.0 ms]
      [Redirty Cards: 0.6 ms]
      [Humongous Register: 0.1 ms]
      [Humongous Reclaim: 0.0 ms]
      [Free CSet: 0.1 ms]
   [Eden: 46.0M(46.0M)->0.0B(45.0M) Survivors: 5120.0K->6144.0K Heap: 305.0M(1024.0M)->260.8M(1024.0M)]
 [Times: user=0.09 sys=0.00, real=0.11 secs] 
2017-09-19T20:36:46.648+0900: 15398.379: [GC pause (G1 Evacuation Pause) (young), 0.0949841 secs]
   [Parallel Time: 93.4 ms, GC Workers: 2]
      [GC Worker Start (ms): Min: 15398379.1, Avg: 15398379.1, Max: 15398379.2, Diff: 0.0]
      [Ext Root Scanning (ms): Min: 0.6, Avg: 1.2, Max: 1.8, Diff: 1.3, Sum: 2.4]
      [Update RS (ms): Min: 1.6, Avg: 1.8, Max: 1.9, Diff: 0.2, Sum: 3.5]
         [Processed Buffers: Min: 9, Avg: 16.0, Max: 23, Diff: 14, Sum: 32]
      [Scan RS (ms): Min: 1.6, Avg: 1.7, Max: 1.8, Diff: 0.2, Sum: 3.4]
      [Code Root Scanning (ms): Min: 0.0, Avg: 0.0, Max: 0.0, Diff: 0.0, Sum: 0.0]
      [Object Copy (ms): Min: 88.1, Avg: 88.7, Max: 89.3, Diff: 1.2, Sum: 177.4]
      [Termination (ms): Min: 0.0, Avg: 0.0, Max: 0.0, Diff: 0.0, Sum: 0.0]
         [Termination Attempts: Min: 1, Avg: 1.0, Max: 1, Diff: 0, Sum: 2]
      [GC Worker Other (ms): Min: 0.0, Avg: 0.0, Max: 0.0, Diff: 0.0, Sum: 0.0]
      [GC Worker Total (ms): Min: 93.3, Avg: 93.3, Max: 93.4, Diff: 0.0, Sum: 186.7]
      [GC Worker End (ms): Min: 15398472.5, Avg: 15398472.5, Max: 15398472.5, Diff: 0.0]
   [Code Root Fixup: 0.1 ms]
   [Code Root Purge: 0.0 ms]
   [Clear CT: 0.2 ms]
   [Other: 1.3 ms]
      [Choose CSet: 0.0 ms]
      [Ref Proc: 0.4 ms]
      [Ref Enq: 0.0 ms]
      [Redirty Cards: 0.5 ms]
      [Humongous Register: 0.0 ms]
      [Humongous Reclaim: 0.0 ms]
      [Free CSet: 0.1 ms]
   [Eden: 45.0M(45.0M)->0.0B(46.0M) Survivors: 6144.0K->5120.0K Heap: 305.8M(1024.0M)->263.8M(1024.0M)]
 [Times: user=0.06 sys=0.00, real=0.10 secs] 
2017-09-19T20:38:30.322+0900: 15502.053: [GC pause (G1 Evacuation Pause) (young), 0.0047178 secs]
   [Parallel Time: 4.0 ms, GC Workers: 2]
      [GC Worker Start (ms): Min: 15502053.1, Avg: 15502053.1, Max: 15502053.1, Diff: 0.0]
      [Ext Root Scanning (ms): Min: 0.7, Avg: 0.7, Max: 0.8, Diff: 0.1, Sum: 1.4]
      [Update RS (ms): Min: 0.7, Avg: 0.7, Max: 0.7, Diff: 0.1, Sum: 1.4]
         [Processed Buffers: Min: 1, Avg: 17.0, Max: 33, Diff: 32, Sum: 34]
      [Scan RS (ms): Min: 0.4, Avg: 0.4, Max: 0.5, Diff: 0.1, Sum: 0.9]
      [Code Root Scanning (ms): Min: 0.0, Avg: 0.0, Max: 0.0, Diff: 0.0, Sum: 0.0]
      [Object Copy (ms): Min: 2.0, Avg: 2.0, Max: 2.1, Diff: 0.1, Sum: 4.1]
      [Termination (ms): Min: 0.0, Avg: 0.0, Max: 0.0, Diff: 0.0, Sum: 0.0]
         [Termination Attempts: Min: 1, Avg: 1.0, Max: 1, Diff: 0, Sum: 2]
      [GC Worker Other (ms): Min: 0.0, Avg: 0.0, Max: 0.0, Diff: 0.0, Sum: 0.0]
      [GC Worker Total (ms): Min: 3.9, Avg: 3.9, Max: 3.9, Diff: 0.0, Sum: 7.8]
      [GC Worker End (ms): Min: 15502057.0, Avg: 15502057.0, Max: 15502057.0, Diff: 0.0]
   [Code Root Fixup: 0.0 ms]
   [Code Root Purge: 0.0 ms]
   [Clear CT: 0.1 ms]
   [Other: 0.6 ms]
      [Choose CSet: 0.0 ms]
      [Ref Proc: 0.2 ms]
      [Ref Enq: 0.0 ms]
      [Redirty Cards: 0.1 ms]
      [Humongous Register: 0.0 ms]
      [Humongous Reclaim: 0.0 ms]
      [Free CSet: 0.0 ms]
   [Eden: 46.0M(46.0M)->0.0B(48.0M) Survivors: 5120.0K->3072.0K Heap: 309.8M(1024.0M)->261.8M(1024.0M)]
 [Times: user=0.01 sys=0.00, real=0.00 secs] 
2017-09-19T20:40:19.516+0900: 15611.247: [GC pause (G1 Evacuation Pause) (young), 0.0239952 secs]
   [Parallel Time: 22.3 ms, GC Workers: 2]
      [GC Worker Start (ms): Min: 15611246.9, Avg: 15611247.0, Max: 15611247.0, Diff: 0.1]
      [Ext Root Scanning (ms): Min: 1.5, Avg: 1.6, Max: 1.6, Diff: 0.1, Sum: 3.1]
      [Update RS (ms): Min: 2.1, Avg: 2.1, Max: 2.2, Diff: 0.1, Sum: 4.3]
         [Processed Buffers: Min: 8, Avg: 17.0, Max: 26, Diff: 18, Sum: 34]
      [Scan RS (ms): Min: 1.5, Avg: 1.5, Max: 1.5, Diff: 0.0, Sum: 3.0]
      [Code Root Scanning (ms): Min: 0.0, Avg: 0.0, Max: 0.0, Diff: 0.0, Sum: 0.0]
      [Object Copy (ms): Min: 16.6, Avg: 16.6, Max: 16.7, Diff: 0.1, Sum: 33.2]
      [Termination (ms): Min: 0.0, Avg: 0.0, Max: 0.1, Diff: 0.1, Sum: 0.1]
         [Termination Attempts: Min: 1, Avg: 1.5, Max: 2, Diff: 1, Sum: 3]
      [GC Worker Other (ms): Min: 0.0, Avg: 0.1, Max: 0.1, Diff: 0.1, Sum: 0.1]
      [GC Worker Total (ms): Min: 21.9, Avg: 22.0, Max: 22.0, Diff: 0.2, Sum: 43.9]
      [GC Worker End (ms): Min: 15611268.9, Avg: 15611268.9, Max: 15611269.0, Diff: 0.1]
   [Code Root Fixup: 0.1 ms]
   [Code Root Purge: 0.0 ms]
   [Clear CT: 0.1 ms]
   [Other: 1.5 ms]
      [Choose CSet: 0.0 ms]
      [Ref Proc: 0.5 ms]
      [Ref Enq: 0.0 ms]
      [Redirty Cards: 0.3 ms]
      [Humongous Register: 0.1 ms]
      [Humongous Reclaim: 0.1 ms]
      [Free CSet: 0.1 ms]
   [Eden: 48.0M(48.0M)->0.0B(46.0M) Survivors: 3072.0K->5120.0K Heap: 309.8M(1024.0M)->263.8M(1024.0M)]
 [Times: user=0.05 sys=0.00, real=0.03 secs] 
2017-09-19T20:42:04.164+0900: 15715.895: [GC pause (G1 Evacuation Pause) (young), 0.0306411 secs]
   [Parallel Time: 29.5 ms, GC Workers: 2]
      [GC Worker Start (ms): Min: 15715894.9, Avg: 15715894.9, Max: 15715895.0, Diff: 0.2]
      [Ext Root Scanning (ms): Min: 1.8, Avg: 1.9, Max: 1.9, Diff: 0.1, Sum: 3.7]
      [Update RS (ms): Min: 2.6, Avg: 2.7, Max: 2.9, Diff: 0.4, Sum: 5.5]
         [Processed Buffers: Min: 6, Avg: 15.5, Max: 25, Diff: 19, Sum: 31]
      [Scan RS (ms): Min: 1.7, Avg: 1.8, Max: 1.8, Diff: 0.1, Sum: 3.5]
      [Code Root Scanning (ms): Min: 0.0, Avg: 0.0, Max: 0.0, Diff: 0.0, Sum: 0.0]
      [Object Copy (ms): Min: 22.7, Avg: 22.8, Max: 22.8, Diff: 0.1, Sum: 45.6]
      [Termination (ms): Min: 0.0, Avg: 0.0, Max: 0.0, Diff: 0.0, Sum: 0.0]
         [Termination Attempts: Min: 2, Avg: 2.0, Max: 2, Diff: 0, Sum: 4]
      [GC Worker Other (ms): Min: 0.0, Avg: 0.0, Max: 0.1, Diff: 0.0, Sum: 0.1]
      [GC Worker Total (ms): Min: 29.1, Avg: 29.2, Max: 29.3, Diff: 0.2, Sum: 58.4]
      [GC Worker End (ms): Min: 15715924.1, Avg: 15715924.2, Max: 15715924.2, Diff: 0.1]
   [Code Root Fixup: 0.1 ms]
   [Code Root Purge: 0.0 ms]
   [Clear CT: 0.1 ms]
   [Other: 0.9 ms]
      [Choose CSet: 0.0 ms]
      [Ref Proc: 0.3 ms]
      [Ref Enq: 0.0 ms]
      [Redirty Cards: 0.3 ms]
      [Humongous Register: 0.0 ms]
      [Humongous Reclaim: 0.0 ms]
      [Free CSet: 0.0 ms]
   [Eden: 46.0M(46.0M)->0.0B(45.0M) Survivors: 5120.0K->6144.0K Heap: 309.8M(1024.0M)->265.3M(1024.0M)]
 [Times: user=0.06 sys=0.00, real=0.03 secs] 
2017-09-19T20:43:45.863+0900: 15817.594: [GC pause (G1 Evacuation Pause) (young), 0.0275900 secs]
   [Parallel Time: 26.3 ms, GC Workers: 2]
      [GC Worker Start (ms): Min: 15817594.2, Avg: 15817594.3, Max: 15817594.3, Diff: 0.1]
      [Ext Root Scanning (ms): Min: 1.1, Avg: 1.2, Max: 1.2, Diff: 0.2, Sum: 2.3]
      [Update RS (ms): Min: 1.8, Avg: 1.8, Max: 1.9, Diff: 0.1, Sum: 3.7]
         [Processed Buffers: Min: 2, Avg: 16.5, Max: 31, Diff: 29, Sum: 33]
      [Scan RS (ms): Min: 1.0, Avg: 1.1, Max: 1.1, Diff: 0.1, Sum: 2.1]
      [Code Root Scanning (ms): Min: 0.0, Avg: 0.0, Max: 0.0, Diff: 0.0, Sum: 0.0]
      [Object Copy (ms): Min: 21.8, Avg: 21.8, Max: 21.9, Diff: 0.1, Sum: 43.6]
      [Termination (ms): Min: 0.0, Avg: 0.1, Max: 0.2, Diff: 0.2, Sum: 0.2]
         [Termination Attempts: Min: 2, Avg: 3.0, Max: 4, Diff: 2, Sum: 6]
      [GC Worker Other (ms): Min: 0.0, Avg: 0.0, Max: 0.0, Diff: 0.0, Sum: 0.0]
      [GC Worker Total (ms): Min: 25.9, Avg: 26.0, Max: 26.1, Diff: 0.2, Sum: 52.0]
      [GC Worker End (ms): Min: 15817620.2, Avg: 15817620.3, Max: 15817620.3, Diff: 0.1]
   [Code Root Fixup: 0.1 ms]
   [Code Root Purge: 0.0 ms]
   [Clear CT: 0.2 ms]
   [Other: 1.1 ms]
      [Choose CSet: 0.0 ms]
      [Ref Proc: 0.5 ms]
      [Ref Enq: 0.0 ms]
      [Redirty Cards: 0.2 ms]
      [Humongous Register: 0.0 ms]
      [Humongous Reclaim: 0.0 ms]
      [Free CSet: 0.1 ms]
   [Eden: 45.0M(45.0M)->0.0B(46.0M) Survivors: 6144.0K->5120.0K Heap: 310.3M(1024.0M)->266.9M(1024.0M)]
 [Times: user=0.05 sys=0.00, real=0.03 secs] 
2017-09-19T20:45:30.559+0900: 15922.290: [GC pause (G1 Evacuation Pause) (young), 0.0398249 secs]
   [Parallel Time: 38.6 ms, GC Workers: 2]
      [GC Worker Start (ms): Min: 15922290.2, Avg: 15922290.3, Max: 15922290.3, Diff: 0.1]
      [Ext Root Scanning (ms): Min: 1.6, Avg: 1.7, Max: 1.8, Diff: 0.2, Sum: 3.4]
      [Update RS (ms): Min: 4.2, Avg: 4.2, Max: 4.2, Diff: 0.1, Sum: 8.4]
         [Processed Buffers: Min: 8, Avg: 15.5, Max: 23, Diff: 15, Sum: 31]
      [Scan RS (ms): Min: 2.1, Avg: 2.1, Max: 2.2, Diff: 0.1, Sum: 4.3]
      [Code Root Scanning (ms): Min: 0.0, Avg: 0.0, Max: 0.0, Diff: 0.0, Sum: 0.0]
      [Object Copy (ms): Min: 30.2, Avg: 30.3, Max: 30.3, Diff: 0.1, Sum: 60.5]
      [Termination (ms): Min: 0.0, Avg: 0.0, Max: 0.0, Diff: 0.0, Sum: 0.0]
         [Termination Attempts: Min: 1, Avg: 1.0, Max: 1, Diff: 0, Sum: 2]
      [GC Worker Other (ms): Min: 0.0, Avg: 0.0, Max: 0.0, Diff: 0.0, Sum: 0.0]
      [GC Worker Total (ms): Min: 38.3, Avg: 38.3, Max: 38.4, Diff: 0.1, Sum: 76.7]
      [GC Worker End (ms): Min: 15922328.6, Avg: 15922328.6, Max: 15922328.6, Diff: 0.0]
   [Code Root Fixup: 0.1 ms]
   [Code Root Purge: 0.0 ms]
   [Clear CT: 0.1 ms]
   [Other: 1.0 ms]
      [Choose CSet: 0.0 ms]
      [Ref Proc: 0.3 ms]
      [Ref Enq: 0.0 ms]
      [Redirty Cards: 0.2 ms]
      [Humongous Register: 0.1 ms]
      [Humongous Reclaim: 0.0 ms]
      [Free CSet: 0.1 ms]
   [Eden: 46.0M(46.0M)->0.0B(44.0M) Survivors: 5120.0K->7168.0K Heap: 312.9M(1024.0M)->268.9M(1024.0M)]
 [Times: user=0.08 sys=0.00, real=0.04 secs] 
2017-09-19T20:47:11.238+0900: 16022.969: [GC pause (G1 Evacuation Pause) (young), 0.0201962 secs]
   [Parallel Time: 17.8 ms, GC Workers: 2]
      [GC Worker Start (ms): Min: 16022969.6, Avg: 16022969.6, Max: 16022969.7, Diff: 0.1]
      [Ext Root Scanning (ms): Min: 1.6, Avg: 1.7, Max: 1.7, Diff: 0.1, Sum: 3.3]
      [Update RS (ms): Min: 1.6, Avg: 2.0, Max: 2.4, Diff: 0.7, Sum: 4.0]
         [Processed Buffers: Min: 8, Avg: 14.5, Max: 21, Diff: 13, Sum: 29]
      [Scan RS (ms): Min: 2.2, Avg: 2.5, Max: 2.9, Diff: 0.7, Sum: 5.1]
      [Code Root Scanning (ms): Min: 0.0, Avg: 0.0, Max: 0.0, Diff: 0.0, Sum: 0.0]
      [Object Copy (ms): Min: 11.5, Avg: 11.5, Max: 11.5, Diff: 0.0, Sum: 23.0]
      [Termination (ms): Min: 0.0, Avg: 0.0, Max: 0.0, Diff: 0.0, Sum: 0.0]
         [Termination Attempts: Min: 1, Avg: 1.0, Max: 1, Diff: 0, Sum: 2]
      [GC Worker Other (ms): Min: 0.0, Avg: 0.0, Max: 0.0, Diff: 0.0, Sum: 0.0]
      [GC Worker Total (ms): Min: 17.7, Avg: 17.7, Max: 17.8, Diff: 0.1, Sum: 35.4]
      [GC Worker End (ms): Min: 16022987.3, Avg: 16022987.3, Max: 16022987.3, Diff: 0.0]
   [Code Root Fixup: 0.1 ms]
   [Code Root Purge: 0.0 ms]
   [Clear CT: 0.4 ms]
   [Other: 1.9 ms]
      [Choose CSet: 0.0 ms]
      [Ref Proc: 0.7 ms]
      [Ref Enq: 0.0 ms]
      [Redirty Cards: 0.5 ms]
      [Humongous Register: 0.1 ms]
      [Humongous Reclaim: 0.1 ms]
      [Free CSet: 0.1 ms]
   [Eden: 44.0M(44.0M)->0.0B(48.0M) Survivors: 7168.0K->3072.0K Heap: 312.9M(1024.0M)->265.5M(1024.0M)]
 [Times: user=0.03 sys=0.00, real=0.02 secs] 
2017-09-19T20:48:59.492+0900: 16131.223: [GC pause (G1 Evacuation Pause) (young), 0.0279323 secs]
   [Parallel Time: 25.9 ms, GC Workers: 2]
      [GC Worker Start (ms): Min: 16131223.5, Avg: 16131223.5, Max: 16131223.5, Diff: 0.0]
      [Ext Root Scanning (ms): Min: 1.8, Avg: 1.8, Max: 1.9, Diff: 0.1, Sum: 3.7]
      [Update RS (ms): Min: 2.4, Avg: 2.5, Max: 2.6, Diff: 0.3, Sum: 5.0]
         [Processed Buffers: Min: 8, Avg: 16.5, Max: 25, Diff: 17, Sum: 33]
      [Scan RS (ms): Min: 2.4, Avg: 2.5, Max: 2.7, Diff: 0.4, Sum: 5.1]
      [Code Root Scanning (ms): Min: 0.0, Avg: 0.0, Max: 0.0, Diff: 0.0, Sum: 0.0]
      [Object Copy (ms): Min: 18.6, Avg: 18.7, Max: 18.8, Diff: 0.2, Sum: 37.4]
      [Termination (ms): Min: 0.0, Avg: 0.0, Max: 0.0, Diff: 0.0, Sum: 0.0]
         [Termination Attempts: Min: 1, Avg: 1.0, Max: 1, Diff: 0, Sum: 2]
      [GC Worker Other (ms): Min: 0.0, Avg: 0.0, Max: 0.0, Diff: 0.0, Sum: 0.0]
      [GC Worker Total (ms): Min: 25.6, Avg: 25.6, Max: 25.6, Diff: 0.0, Sum: 51.2]
      [GC Worker End (ms): Min: 16131249.1, Avg: 16131249.1, Max: 16131249.1, Diff: 0.0]
   [Code Root Fixup: 0.1 ms]
   [Code Root Purge: 0.0 ms]
   [Clear CT: 0.2 ms]
   [Other: 1.7 ms]
      [Choose CSet: 0.0 ms]
      [Ref Proc: 0.5 ms]
      [Ref Enq: 0.0 ms]
      [Redirty Cards: 0.5 ms]
      [Humongous Register: 0.1 ms]
      [Humongous Reclaim: 0.0 ms]
      [Free CSet: 0.1 ms]
   [Eden: 48.0M(48.0M)->0.0B(46.0M) Survivors: 3072.0K->5120.0K Heap: 313.5M(1024.0M)->267.5M(1024.0M)]
 [Times: user=0.05 sys=0.00, real=0.03 secs] 
2017-09-19T20:50:44.701+0900: 16236.432: [GC pause (G1 Evacuation Pause) (young), 0.0202420 secs]
   [Parallel Time: 19.1 ms, GC Workers: 2]
      [GC Worker Start (ms): Min: 16236432.3, Avg: 16236432.4, Max: 16236432.4, Diff: 0.1]
      [Ext Root Scanning (ms): Min: 1.0, Avg: 1.1, Max: 1.1, Diff: 0.1, Sum: 2.1]
      [Update RS (ms): Min: 0.8, Avg: 1.0, Max: 1.1, Diff: 0.3, Sum: 1.9]
         [Processed Buffers: Min: 12, Avg: 15.5, Max: 19, Diff: 7, Sum: 31]
      [Scan RS (ms): Min: 1.7, Avg: 1.8, Max: 2.0, Diff: 0.3, Sum: 3.7]
      [Code Root Scanning (ms): Min: 0.0, Avg: 0.0, Max: 0.0, Diff: 0.0, Sum: 0.0]
      [Object Copy (ms): Min: 15.2, Avg: 15.2, Max: 15.2, Diff: 0.0, Sum: 30.3]
      [Termination (ms): Min: 0.0, Avg: 0.0, Max: 0.0, Diff: 0.0, Sum: 0.0]
         [Termination Attempts: Min: 1, Avg: 1.0, Max: 1, Diff: 0, Sum: 2]
      [GC Worker Other (ms): Min: 0.0, Avg: 0.0, Max: 0.0, Diff: 0.0, Sum: 0.0]
      [GC Worker Total (ms): Min: 19.0, Avg: 19.1, Max: 19.1, Diff: 0.1, Sum: 38.1]
      [GC Worker End (ms): Min: 16236451.4, Avg: 16236451.4, Max: 16236451.4, Diff: 0.0]
   [Code Root Fixup: 0.0 ms]
   [Code Root Purge: 0.0 ms]
   [Clear CT: 0.1 ms]
   [Other: 0.9 ms]
      [Choose CSet: 0.0 ms]
      [Ref Proc: 0.3 ms]
      [Ref Enq: 0.0 ms]
      [Redirty Cards: 0.2 ms]
      [Humongous Register: 0.0 ms]
      [Humongous Reclaim: 0.0 ms]
      [Free CSet: 0.0 ms]
   [Eden: 46.0M(46.0M)->0.0B(45.0M) Survivors: 5120.0K->6144.0K Heap: 313.5M(1024.0M)->269.0M(1024.0M)]
 [Times: user=0.04 sys=0.00, real=0.02 secs] 
2017-09-19T20:52:27.364+0900: 16339.095: [GC pause (G1 Evacuation Pause) (young), 0.0341626 secs]
   [Parallel Time: 33.2 ms, GC Workers: 2]
      [GC Worker Start (ms): Min: 16339095.3, Avg: 16339095.3, Max: 16339095.3, Diff: 0.1]
      [Ext Root Scanning (ms): Min: 0.8, Avg: 0.8, Max: 0.9, Diff: 0.1, Sum: 1.7]
      [Update RS (ms): Min: 1.2, Avg: 1.2, Max: 1.3, Diff: 0.1, Sum: 2.5]
         [Processed Buffers: Min: 11, Avg: 16.0, Max: 21, Diff: 10, Sum: 32]
      [Scan RS (ms): Min: 0.5, Avg: 0.6, Max: 0.6, Diff: 0.1, Sum: 1.1]
      [Code Root Scanning (ms): Min: 0.0, Avg: 0.0, Max: 0.0, Diff: 0.0, Sum: 0.0]
      [Object Copy (ms): Min: 30.5, Avg: 30.5, Max: 30.6, Diff: 0.1, Sum: 61.0]
      [Termination (ms): Min: 0.0, Avg: 0.0, Max: 0.0, Diff: 0.0, Sum: 0.1]
         [Termination Attempts: Min: 3, Avg: 6.0, Max: 9, Diff: 6, Sum: 12]
      [GC Worker Other (ms): Min: 0.0, Avg: 0.0, Max: 0.0, Diff: 0.0, Sum: 0.0]
      [GC Worker Total (ms): Min: 33.2, Avg: 33.2, Max: 33.2, Diff: 0.1, Sum: 66.4]
      [GC Worker End (ms): Min: 16339128.5, Avg: 16339128.5, Max: 16339128.5, Diff: 0.0]
   [Code Root Fixup: 0.0 ms]
   [Code Root Purge: 0.0 ms]
   [Clear CT: 0.1 ms]
   [Other: 0.8 ms]
      [Choose CSet: 0.0 ms]
      [Ref Proc: 0.3 ms]
      [Ref Enq: 0.0 ms]
      [Redirty Cards: 0.2 ms]
      [Humongous Register: 0.0 ms]
      [Humongous Reclaim: 0.0 ms]
      [Free CSet: 0.0 ms]
   [Eden: 45.0M(45.0M)->0.0B(46.0M) Survivors: 6144.0K->5120.0K Heap: 314.0M(1024.0M)->270.8M(1024.0M)]
 [Times: user=0.04 sys=0.00, real=0.04 secs] 
2017-09-19T20:54:11.519+0900: 16443.250: [GC pause (G1 Evacuation Pause) (young), 0.0434605 secs]
   [Parallel Time: 41.1 ms, GC Workers: 2]
      [GC Worker Start (ms): Min: 16443249.9, Avg: 16443249.9, Max: 16443250.0, Diff: 0.1]
      [Ext Root Scanning (ms): Min: 2.4, Avg: 2.4, Max: 2.4, Diff: 0.0, Sum: 4.7]
      [Update RS (ms): Min: 4.1, Avg: 4.4, Max: 4.8, Diff: 0.7, Sum: 8.8]
         [Processed Buffers: Min: 13, Avg: 16.5, Max: 20, Diff: 7, Sum: 33]
      [Scan RS (ms): Min: 2.1, Avg: 2.5, Max: 2.8, Diff: 0.6, Sum: 4.9]
      [Code Root Scanning (ms): Min: 0.0, Avg: 0.0, Max: 0.0, Diff: 0.0, Sum: 0.0]
      [Object Copy (ms): Min: 31.5, Avg: 31.6, Max: 31.7, Diff: 0.2, Sum: 63.2]
      [Termination (ms): Min: 0.0, Avg: 0.0, Max: 0.0, Diff: 0.0, Sum: 0.0]
         [Termination Attempts: Min: 1, Avg: 1.0, Max: 1, Diff: 0, Sum: 2]
      [GC Worker Other (ms): Min: 0.0, Avg: 0.0, Max: 0.0, Diff: 0.0, Sum: 0.1]
      [GC Worker Total (ms): Min: 40.8, Avg: 40.9, Max: 40.9, Diff: 0.1, Sum: 81.7]
      [GC Worker End (ms): Min: 16443290.8, Avg: 16443290.8, Max: 16443290.8, Diff: 0.0]
   [Code Root Fixup: 0.3 ms]
   [Code Root Purge: 0.0 ms]
   [Clear CT: 0.3 ms]
   [Other: 1.8 ms]
      [Choose CSet: 0.0 ms]
      [Ref Proc: 0.7 ms]
      [Ref Enq: 0.0 ms]
      [Redirty Cards: 0.3 ms]
      [Humongous Register: 0.1 ms]
      [Humongous Reclaim: 0.1 ms]
      [Free CSet: 0.1 ms]
   [Eden: 46.0M(46.0M)->0.0B(44.0M) Survivors: 5120.0K->7168.0K Heap: 316.8M(1024.0M)->272.8M(1024.0M)]
 [Times: user=0.08 sys=0.00, real=0.04 secs] 
2017-09-19T20:55:51.654+0900: 16543.385: [GC pause (G1 Evacuation Pause) (young), 0.0280036 secs]
   [Parallel Time: 26.7 ms, GC Workers: 2]
      [GC Worker Start (ms): Min: 16543385.7, Avg: 16543385.7, Max: 16543385.7, Diff: 0.1]
      [Ext Root Scanning (ms): Min: 2.1, Avg: 2.1, Max: 2.1, Diff: 0.0, Sum: 4.2]
      [Update RS (ms): Min: 4.1, Avg: 4.4, Max: 4.7, Diff: 0.6, Sum: 8.8]
         [Processed Buffers: Min: 1, Avg: 15.0, Max: 29, Diff: 28, Sum: 30]
      [Scan RS (ms): Min: 2.7, Avg: 2.9, Max: 3.2, Diff: 0.5, Sum: 5.9]
      [Code Root Scanning (ms): Min: 0.0, Avg: 0.0, Max: 0.0, Diff: 0.0, Sum: 0.0]
      [Object Copy (ms): Min: 16.9, Avg: 16.9, Max: 17.0, Diff: 0.1, Sum: 33.9]
      [Termination (ms): Min: 0.0, Avg: 0.0, Max: 0.0, Diff: 0.0, Sum: 0.0]
         [Termination Attempts: Min: 1, Avg: 1.0, Max: 1, Diff: 0, Sum: 2]
      [GC Worker Other (ms): Min: 0.0, Avg: 0.0, Max: 0.0, Diff: 0.0, Sum: 0.1]
      [GC Worker Total (ms): Min: 26.4, Avg: 26.5, Max: 26.5, Diff: 0.1, Sum: 52.9]
      [GC Worker End (ms): Min: 16543412.1, Avg: 16543412.1, Max: 16543412.1, Diff: 0.0]
   [Code Root Fixup: 0.1 ms]
   [Code Root Purge: 0.0 ms]
   [Clear CT: 0.2 ms]
   [Other: 1.0 ms]
      [Choose CSet: 0.0 ms]
      [Ref Proc: 0.3 ms]
      [Ref Enq: 0.0 ms]
      [Redirty Cards: 0.3 ms]
      [Humongous Register: 0.1 ms]
      [Humongous Reclaim: 0.0 ms]
      [Free CSet: 0.0 ms]
   [Eden: 44.0M(44.0M)->0.0B(48.0M) Survivors: 7168.0K->3072.0K Heap: 316.8M(1024.0M)->269.4M(1024.0M)]
 [Times: user=0.05 sys=0.00, real=0.03 secs] 
2017-09-19T20:57:41.500+0900: 16653.231: [GC pause (G1 Evacuation Pause) (young), 0.0352858 secs]
   [Parallel Time: 32.9 ms, GC Workers: 2]
      [GC Worker Start (ms): Min: 16653231.1, Avg: 16653231.1, Max: 16653231.2, Diff: 0.1]
      [Ext Root Scanning (ms): Min: 1.7, Avg: 1.8, Max: 1.9, Diff: 0.1, Sum: 3.6]
      [Update RS (ms): Min: 2.2, Avg: 2.5, Max: 2.8, Diff: 0.6, Sum: 5.0]
         [Processed Buffers: Min: 11, Avg: 15.0, Max: 19, Diff: 8, Sum: 30]
      [Scan RS (ms): Min: 2.8, Avg: 3.1, Max: 3.4, Diff: 0.6, Sum: 6.1]
      [Code Root Scanning (ms): Min: 0.0, Avg: 0.0, Max: 0.0, Diff: 0.0, Sum: 0.0]
      [Object Copy (ms): Min: 25.2, Avg: 25.3, Max: 25.3, Diff: 0.1, Sum: 50.5]
      [Termination (ms): Min: 0.0, Avg: 0.0, Max: 0.0, Diff: 0.0, Sum: 0.0]
         [Termination Attempts: Min: 1, Avg: 1.0, Max: 1, Diff: 0, Sum: 2]
      [GC Worker Other (ms): Min: 0.0, Avg: 0.0, Max: 0.0, Diff: 0.0, Sum: 0.1]
      [GC Worker Total (ms): Min: 32.6, Avg: 32.6, Max: 32.7, Diff: 0.1, Sum: 65.3]
      [GC Worker End (ms): Min: 16653263.8, Avg: 16653263.8, Max: 16653263.8, Diff: 0.0]
   [Code Root Fixup: 0.2 ms]
   [Code Root Purge: 0.0 ms]
   [Clear CT: 0.3 ms]
   [Other: 1.9 ms]
      [Choose CSet: 0.0 ms]
      [Ref Proc: 0.6 ms]
      [Ref Enq: 0.0 ms]
      [Redirty Cards: 0.7 ms]
      [Humongous Register: 0.1 ms]
      [Humongous Reclaim: 0.0 ms]
      [Free CSet: 0.1 ms]
   [Eden: 48.0M(48.0M)->0.0B(46.0M) Survivors: 3072.0K->5120.0K Heap: 317.4M(1024.0M)->271.4M(1024.0M)]
 [Times: user=0.06 sys=0.00, real=0.03 secs] 
2017-09-19T20:59:25.743+0900: 16757.474: [GC pause (G1 Evacuation Pause) (young), 0.0096315 secs]
   [Parallel Time: 8.9 ms, GC Workers: 2]
      [GC Worker Start (ms): Min: 16757473.7, Avg: 16757473.7, Max: 16757473.7, Diff: 0.0]
      [Ext Root Scanning (ms): Min: 0.5, Avg: 0.6, Max: 0.6, Diff: 0.1, Sum: 1.1]
      [Update RS (ms): Min: 0.4, Avg: 0.5, Max: 0.6, Diff: 0.2, Sum: 1.0]
         [Processed Buffers: Min: 14, Avg: 16.0, Max: 18, Diff: 4, Sum: 32]
      [Scan RS (ms): Min: 0.7, Avg: 0.7, Max: 0.8, Diff: 0.1, Sum: 1.4]
      [Code Root Scanning (ms): Min: 0.0, Avg: 0.0, Max: 0.0, Diff: 0.0, Sum: 0.0]
      [Object Copy (ms): Min: 7.0, Avg: 7.0, Max: 7.1, Diff: 0.1, Sum: 14.1]
      [Termination (ms): Min: 0.0, Avg: 0.0, Max: 0.0, Diff: 0.0, Sum: 0.0]
         [Termination Attempts: Min: 1, Avg: 1.0, Max: 1, Diff: 0, Sum: 2]
      [GC Worker Other (ms): Min: 0.0, Avg: 0.0, Max: 0.0, Diff: 0.0, Sum: 0.0]
      [GC Worker Total (ms): Min: 8.8, Avg: 8.8, Max: 8.9, Diff: 0.0, Sum: 17.7]
      [GC Worker End (ms): Min: 16757482.5, Avg: 16757482.5, Max: 16757482.5, Diff: 0.0]
   [Code Root Fixup: 0.0 ms]
   [Code Root Purge: 0.0 ms]
   [Clear CT: 0.1 ms]
   [Other: 0.6 ms]
      [Choose CSet: 0.0 ms]
      [Ref Proc: 0.2 ms]
      [Ref Enq: 0.0 ms]
      [Redirty Cards: 0.2 ms]
      [Humongous Register: 0.0 ms]
      [Humongous Reclaim: 0.0 ms]
      [Free CSet: 0.0 ms]
   [Eden: 46.0M(46.0M)->0.0B(45.0M) Survivors: 5120.0K->6144.0K Heap: 317.4M(1024.0M)->273.3M(1024.0M)]
 [Times: user=0.02 sys=0.00, real=0.01 secs] 
2017-09-19T21:01:07.969+0900: 16859.700: [GC pause (G1 Evacuation Pause) (young), 0.0572863 secs]
   [Parallel Time: 55.8 ms, GC Workers: 2]
      [GC Worker Start (ms): Min: 16859700.6, Avg: 16859700.6, Max: 16859700.7, Diff: 0.1]
      [Ext Root Scanning (ms): Min: 1.8, Avg: 1.9, Max: 1.9, Diff: 0.1, Sum: 3.7]
      [Update RS (ms): Min: 3.2, Avg: 3.4, Max: 3.6, Diff: 0.3, Sum: 6.8]
         [Processed Buffers: Min: 12, Avg: 17.5, Max: 23, Diff: 11, Sum: 35]
      [Scan RS (ms): Min: 2.5, Avg: 2.5, Max: 2.5, Diff: 0.0, Sum: 5.0]
      [Code Root Scanning (ms): Min: 0.0, Avg: 0.0, Max: 0.0, Diff: 0.0, Sum: 0.0]
      [Object Copy (ms): Min: 47.2, Avg: 47.5, Max: 47.9, Diff: 0.6, Sum: 95.1]
      [Termination (ms): Min: 0.0, Avg: 0.2, Max: 0.4, Diff: 0.4, Sum: 0.4]
         [Termination Attempts: Min: 1, Avg: 1.0, Max: 1, Diff: 0, Sum: 2]
      [GC Worker Other (ms): Min: 0.0, Avg: 0.0, Max: 0.0, Diff: 0.0, Sum: 0.0]
      [GC Worker Total (ms): Min: 55.5, Avg: 55.6, Max: 55.7, Diff: 0.2, Sum: 111.1]
      [GC Worker End (ms): Min: 16859756.1, Avg: 16859756.2, Max: 16859756.3, Diff: 0.1]
   [Code Root Fixup: 0.1 ms]
   [Code Root Purge: 0.0 ms]
   [Clear CT: 0.2 ms]
   [Other: 1.2 ms]
      [Choose CSet: 0.0 ms]
      [Ref Proc: 0.4 ms]
      [Ref Enq: 0.0 ms]
      [Redirty Cards: 0.2 ms]
      [Humongous Register: 0.1 ms]
      [Humongous Reclaim: 0.0 ms]
      [Free CSet: 0.0 ms]
   [Eden: 45.0M(45.0M)->0.0B(46.0M) Survivors: 6144.0K->5120.0K Heap: 318.3M(1024.0M)->275.4M(1024.0M)]
 [Times: user=0.07 sys=0.00, real=0.06 secs] 
2017-09-19T21:02:53.599+0900: 16965.330: [GC pause (G1 Evacuation Pause) (young), 0.0261250 secs]
   [Parallel Time: 24.6 ms, GC Workers: 2]
      [GC Worker Start (ms): Min: 16965330.3, Avg: 16965330.3, Max: 16965330.3, Diff: 0.1]
      [Ext Root Scanning (ms): Min: 1.2, Avg: 1.2, Max: 1.3, Diff: 0.2, Sum: 2.5]
      [Update RS (ms): Min: 2.1, Avg: 2.3, Max: 2.5, Diff: 0.3, Sum: 4.6]
         [Processed Buffers: Min: 12, Avg: 15.0, Max: 18, Diff: 6, Sum: 30]
      [Scan RS (ms): Min: 1.5, Avg: 1.6, Max: 1.8, Diff: 0.3, Sum: 3.3]
      [Code Root Scanning (ms): Min: 0.0, Avg: 0.0, Max: 0.0, Diff: 0.0, Sum: 0.0]
      [Object Copy (ms): Min: 19.1, Avg: 19.2, Max: 19.3, Diff: 0.1, Sum: 38.4]
      [Termination (ms): Min: 0.0, Avg: 0.0, Max: 0.0, Diff: 0.0, Sum: 0.0]
         [Termination Attempts: Min: 1, Avg: 1.0, Max: 1, Diff: 0, Sum: 2]
      [GC Worker Other (ms): Min: 0.0, Avg: 0.0, Max: 0.0, Diff: 0.0, Sum: 0.0]
      [GC Worker Total (ms): Min: 24.3, Avg: 24.4, Max: 24.4, Diff: 0.1, Sum: 48.8]
      [GC Worker End (ms): Min: 16965354.7, Avg: 16965354.7, Max: 16965354.7, Diff: 0.0]
   [Code Root Fixup: 0.1 ms]
   [Code Root Purge: 0.0 ms]
   [Clear CT: 0.1 ms]
   [Other: 1.4 ms]
      [Choose CSet: 0.0 ms]
      [Ref Proc: 0.7 ms]
      [Ref Enq: 0.0 ms]
      [Redirty Cards: 0.2 ms]
      [Humongous Register: 0.0 ms]
      [Humongous Reclaim: 0.0 ms]
      [Free CSet: 0.1 ms]
   [Eden: 46.0M(46.0M)->0.0B(44.0M) Survivors: 5120.0K->7168.0K Heap: 321.4M(1024.0M)->277.4M(1024.0M)]
 [Times: user=0.05 sys=0.00, real=0.02 secs] 
2017-09-19T21:04:33.244+0900: 17064.975: [GC pause (G1 Evacuation Pause) (young), 0.0210734 secs]
   [Parallel Time: 19.8 ms, GC Workers: 2]
      [GC Worker Start (ms): Min: 17064974.9, Avg: 17064975.0, Max: 17064975.1, Diff: 0.1]
      [Ext Root Scanning (ms): Min: 1.7, Avg: 1.8, Max: 2.0, Diff: 0.3, Sum: 3.7]
      [Update RS (ms): Min: 2.4, Avg: 2.9, Max: 3.4, Diff: 1.0, Sum: 5.8]
         [Processed Buffers: Min: 16, Avg: 16.5, Max: 17, Diff: 1, Sum: 33]
      [Scan RS (ms): Min: 2.4, Avg: 2.8, Max: 3.2, Diff: 0.9, Sum: 5.6]
      [Code Root Scanning (ms): Min: 0.0, Avg: 0.0, Max: 0.0, Diff: 0.0, Sum: 0.0]
      [Object Copy (ms): Min: 12.0, Avg: 12.1, Max: 12.1, Diff: 0.1, Sum: 24.1]
      [Termination (ms): Min: 0.0, Avg: 0.0, Max: 0.0, Diff: 0.0, Sum: 0.0]
         [Termination Attempts: Min: 1, Avg: 1.0, Max: 1, Diff: 0, Sum: 2]
      [GC Worker Other (ms): Min: 0.0, Avg: 0.0, Max: 0.0, Diff: 0.0, Sum: 0.0]
      [GC Worker Total (ms): Min: 19.6, Avg: 19.6, Max: 19.7, Diff: 0.1, Sum: 39.3]
      [GC Worker End (ms): Min: 17064994.6, Avg: 17064994.6, Max: 17064994.6, Diff: 0.0]
   [Code Root Fixup: 0.1 ms]
   [Code Root Purge: 0.0 ms]
   [Clear CT: 0.2 ms]
   [Other: 1.0 ms]
      [Choose CSet: 0.0 ms]
      [Ref Proc: 0.3 ms]
      [Ref Enq: 0.0 ms]
      [Redirty Cards: 0.2 ms]
      [Humongous Register: 0.1 ms]
      [Humongous Reclaim: 0.0 ms]
      [Free CSet: 0.1 ms]
   [Eden: 44.0M(44.0M)->0.0B(48.0M) Survivors: 7168.0K->3072.0K Heap: 321.4M(1024.0M)->274.6M(1024.0M)]
 [Times: user=0.04 sys=0.00, real=0.02 secs] 
2017-09-19T21:06:22.252+0900: 17173.983: [GC pause (G1 Evacuation Pause) (young), 0.0319066 secs]
   [Parallel Time: 30.6 ms, GC Workers: 2]
      [GC Worker Start (ms): Min: 17173983.5, Avg: 17173983.5, Max: 17173983.5, Diff: 0.0]
      [Ext Root Scanning (ms): Min: 2.1, Avg: 2.1, Max: 2.2, Diff: 0.1, Sum: 4.2]
      [Update RS (ms): Min: 2.6, Avg: 2.6, Max: 2.7, Diff: 0.1, Sum: 5.3]
         [Processed Buffers: Min: 14, Avg: 15.0, Max: 16, Diff: 2, Sum: 30]
      [Scan RS (ms): Min: 3.3, Avg: 3.4, Max: 3.5, Diff: 0.2, Sum: 6.8]
      [Code Root Scanning (ms): Min: 0.0, Avg: 0.0, Max: 0.0, Diff: 0.0, Sum: 0.0]
      [Object Copy (ms): Min: 22.1, Avg: 22.2, Max: 22.3, Diff: 0.2, Sum: 44.5]
      [Termination (ms): Min: 0.0, Avg: 0.0, Max: 0.0, Diff: 0.0, Sum: 0.0]
         [Termination Attempts: Min: 1, Avg: 1.0, Max: 1, Diff: 0, Sum: 2]
      [GC Worker Other (ms): Min: 0.0, Avg: 0.0, Max: 0.0, Diff: 0.0, Sum: 0.0]
      [GC Worker Total (ms): Min: 30.4, Avg: 30.4, Max: 30.4, Diff: 0.0, Sum: 60.8]
      [GC Worker End (ms): Min: 17174013.9, Avg: 17174013.9, Max: 17174013.9, Diff: 0.0]
   [Code Root Fixup: 0.1 ms]
   [Code Root Purge: 0.0 ms]
   [Clear CT: 0.2 ms]
   [Other: 1.0 ms]
      [Choose CSet: 0.0 ms]
      [Ref Proc: 0.3 ms]
      [Ref Enq: 0.0 ms]
      [Redirty Cards: 0.3 ms]
      [Humongous Register: 0.1 ms]
      [Humongous Reclaim: 0.0 ms]
      [Free CSet: 0.1 ms]
   [Eden: 48.0M(48.0M)->0.0B(46.0M) Survivors: 3072.0K->5120.0K Heap: 322.6M(1024.0M)->276.1M(1024.0M)]
 [Times: user=0.06 sys=0.00, real=0.03 secs] 
2017-09-19T21:08:06.978+0900: 17278.709: [GC pause (G1 Evacuation Pause) (young), 0.0402186 secs]
   [Parallel Time: 38.3 ms, GC Workers: 2]
      [GC Worker Start (ms): Min: 17278709.1, Avg: 17278709.1, Max: 17278709.2, Diff: 0.1]
      [Ext Root Scanning (ms): Min: 1.6, Avg: 1.7, Max: 1.7, Diff: 0.1, Sum: 3.4]
      [Update RS (ms): Min: 2.8, Avg: 2.9, Max: 3.0, Diff: 0.2, Sum: 5.8]
         [Processed Buffers: Min: 15, Avg: 15.5, Max: 16, Diff: 1, Sum: 31]
      [Scan RS (ms): Min: 2.0, Avg: 2.1, Max: 2.2, Diff: 0.2, Sum: 4.2]
      [Code Root Scanning (ms): Min: 0.0, Avg: 0.0, Max: 0.0, Diff: 0.0, Sum: 0.0]
      [Object Copy (ms): Min: 31.4, Avg: 31.4, Max: 31.4, Diff: 0.1, Sum: 62.8]
      [Termination (ms): Min: 0.0, Avg: 0.0, Max: 0.0, Diff: 0.0, Sum: 0.0]
         [Termination Attempts: Min: 1, Avg: 1.0, Max: 1, Diff: 0, Sum: 2]
      [GC Worker Other (ms): Min: 0.0, Avg: 0.0, Max: 0.0, Diff: 0.0, Sum: 0.0]
      [GC Worker Total (ms): Min: 38.1, Avg: 38.1, Max: 38.2, Diff: 0.1, Sum: 76.3]
      [GC Worker End (ms): Min: 17278747.3, Avg: 17278747.3, Max: 17278747.3, Diff: 0.0]
   [Code Root Fixup: 0.1 ms]
   [Code Root Purge: 0.0 ms]
   [Clear CT: 0.3 ms]
   [Other: 1.6 ms]
      [Choose CSet: 0.0 ms]
      [Ref Proc: 0.8 ms]
      [Ref Enq: 0.0 ms]
      [Redirty Cards: 0.3 ms]
      [Humongous Register: 0.1 ms]
      [Humongous Reclaim: 0.0 ms]
      [Free CSet: 0.1 ms]
   [Eden: 46.0M(46.0M)->0.0B(45.0M) Survivors: 5120.0K->6144.0K Heap: 322.1M(1024.0M)->278.1M(1024.0M)]
 [Times: user=0.07 sys=0.00, real=0.04 secs] 
2017-09-19T21:09:49.113+0900: 17380.844: [GC pause (G1 Evacuation Pause) (young), 0.0409087 secs]
   [Parallel Time: 40.2 ms, GC Workers: 2]
      [GC Worker Start (ms): Min: 17380844.4, Avg: 17380844.5, Max: 17380844.5, Diff: 0.0]
      [Ext Root Scanning (ms): Min: 0.9, Avg: 0.9, Max: 0.9, Diff: 0.0, Sum: 1.8]
      [Update RS (ms): Min: 1.4, Avg: 1.5, Max: 1.6, Diff: 0.2, Sum: 2.9]
         [Processed Buffers: Min: 12, Avg: 18.5, Max: 25, Diff: 13, Sum: 37]
      [Scan RS (ms): Min: 1.4, Avg: 1.6, Max: 1.7, Diff: 0.3, Sum: 3.2]
      [Code Root Scanning (ms): Min: 0.0, Avg: 0.0, Max: 0.0, Diff: 0.0, Sum: 0.0]
      [Object Copy (ms): Min: 27.5, Avg: 31.7, Max: 35.9, Diff: 8.4, Sum: 63.3]
      [Termination (ms): Min: 0.0, Avg: 4.3, Max: 8.7, Diff: 8.7, Sum: 8.7]
         [Termination Attempts: Min: 1, Avg: 1.0, Max: 1, Diff: 0, Sum: 2]
      [GC Worker Other (ms): Min: 0.0, Avg: 0.0, Max: 0.0, Diff: 0.0, Sum: 0.0]
      [GC Worker Total (ms): Min: 39.9, Avg: 40.0, Max: 40.0, Diff: 0.1, Sum: 80.0]
      [GC Worker End (ms): Min: 17380884.4, Avg: 17380884.4, Max: 17380884.5, Diff: 0.1]
   [Code Root Fixup: 0.1 ms]
   [Code Root Purge: 0.0 ms]
   [Clear CT: 0.1 ms]
   [Other: 0.6 ms]
      [Choose CSet: 0.0 ms]
      [Ref Proc: 0.2 ms]
      [Ref Enq: 0.0 ms]
      [Redirty Cards: 0.1 ms]
      [Humongous Register: 0.0 ms]
      [Humongous Reclaim: 0.0 ms]
      [Free CSet: 0.0 ms]
   [Eden: 45.0M(45.0M)->0.0B(46.0M) Survivors: 6144.0K->5120.0K Heap: 323.1M(1024.0M)->280.3M(1024.0M)]
 [Times: user=0.05 sys=0.00, real=0.04 secs] 
2017-09-19T21:11:33.838+0900: 17485.569: [GC pause (G1 Evacuation Pause) (young), 0.0209896 secs]
   [Parallel Time: 19.5 ms, GC Workers: 2]
      [GC Worker Start (ms): Min: 17485568.7, Avg: 17485568.8, Max: 17485568.8, Diff: 0.1]
      [Ext Root Scanning (ms): Min: 0.9, Avg: 1.0, Max: 1.1, Diff: 0.1, Sum: 2.0]
      [Update RS (ms): Min: 1.7, Avg: 1.9, Max: 2.0, Diff: 0.3, Sum: 3.7]
         [Processed Buffers: Min: 1, Avg: 17.0, Max: 33, Diff: 32, Sum: 34]
      [Scan RS (ms): Min: 1.4, Avg: 1.5, Max: 1.6, Diff: 0.2, Sum: 3.0]
      [Code Root Scanning (ms): Min: 0.0, Avg: 0.0, Max: 0.0, Diff: 0.0, Sum: 0.0]
      [Object Copy (ms): Min: 14.8, Avg: 14.9, Max: 14.9, Diff: 0.1, Sum: 29.7]
      [Termination (ms): Min: 0.0, Avg: 0.0, Max: 0.0, Diff: 0.0, Sum: 0.0]
         [Termination Attempts: Min: 1, Avg: 1.5, Max: 2, Diff: 1, Sum: 3]
      [GC Worker Other (ms): Min: 0.0, Avg: 0.0, Max: 0.0, Diff: 0.0, Sum: 0.0]
      [GC Worker Total (ms): Min: 19.2, Avg: 19.2, Max: 19.3, Diff: 0.1, Sum: 38.5]
      [GC Worker End (ms): Min: 17485588.0, Avg: 17485588.0, Max: 17485588.0, Diff: 0.0]
   [Code Root Fixup: 0.2 ms]
   [Code Root Purge: 0.0 ms]
   [Clear CT: 0.2 ms]
   [Other: 1.2 ms]
      [Choose CSet: 0.0 ms]
      [Ref Proc: 0.5 ms]
      [Ref Enq: 0.0 ms]
      [Redirty Cards: 0.3 ms]
      [Humongous Register: 0.0 ms]
      [Humongous Reclaim: 0.0 ms]
      [Free CSet: 0.1 ms]
   [Eden: 46.0M(46.0M)->0.0B(44.0M) Survivors: 5120.0K->7168.0K Heap: 326.3M(1024.0M)->282.3M(1024.0M)]
 [Times: user=0.04 sys=0.00, real=0.02 secs] 
2017-09-19T21:13:13.525+0900: 17585.256: [GC pause (G1 Evacuation Pause) (young), 0.0252609 secs]
   [Parallel Time: 24.0 ms, GC Workers: 2]
      [GC Worker Start (ms): Min: 17585256.5, Avg: 17585256.6, Max: 17585256.7, Diff: 0.2]
      [Ext Root Scanning (ms): Min: 1.6, Avg: 1.7, Max: 1.8, Diff: 0.2, Sum: 3.5]
      [Update RS (ms): Min: 3.0, Avg: 3.0, Max: 3.1, Diff: 0.1, Sum: 6.0]
         [Processed Buffers: Min: 8, Avg: 17.0, Max: 26, Diff: 18, Sum: 34]
      [Scan RS (ms): Min: 2.1, Avg: 2.2, Max: 2.2, Diff: 0.1, Sum: 4.4]
      [Code Root Scanning (ms): Min: 0.0, Avg: 0.0, Max: 0.0, Diff: 0.0, Sum: 0.0]
      [Object Copy (ms): Min: 16.8, Avg: 16.8, Max: 16.8, Diff: 0.0, Sum: 33.5]
      [Termination (ms): Min: 0.0, Avg: 0.0, Max: 0.0, Diff: 0.0, Sum: 0.0]
         [Termination Attempts: Min: 1, Avg: 1.0, Max: 1, Diff: 0, Sum: 2]
      [GC Worker Other (ms): Min: 0.0, Avg: 0.0, Max: 0.0, Diff: 0.0, Sum: 0.0]
      [GC Worker Total (ms): Min: 23.6, Avg: 23.7, Max: 23.8, Diff: 0.2, Sum: 47.5]
      [GC Worker End (ms): Min: 17585280.3, Avg: 17585280.3, Max: 17585280.3, Diff: 0.0]
   [Code Root Fixup: 0.1 ms]
   [Code Root Purge: 0.0 ms]
   [Clear CT: 0.2 ms]
   [Other: 1.0 ms]
      [Choose CSet: 0.0 ms]
      [Ref Proc: 0.3 ms]
      [Ref Enq: 0.0 ms]
      [Redirty Cards: 0.3 ms]
      [Humongous Register: 0.1 ms]
      [Humongous Reclaim: 0.0 ms]
      [Free CSet: 0.0 ms]
   [Eden: 44.0M(44.0M)->0.0B(47.0M) Survivors: 7168.0K->4096.0K Heap: 326.3M(1024.0M)->280.2M(1024.0M)]
 [Times: user=0.05 sys=0.00, real=0.03 secs] 
2017-09-19T21:14:59.583+0900: 17691.314: [GC pause (G1 Evacuation Pause) (young), 0.0072446 secs]
   [Parallel Time: 6.3 ms, GC Workers: 2]
      [GC Worker Start (ms): Min: 17691313.8, Avg: 17691313.8, Max: 17691313.9, Diff: 0.0]
      [Ext Root Scanning (ms): Min: 0.5, Avg: 0.5, Max: 0.6, Diff: 0.1, Sum: 1.1]
      [Update RS (ms): Min: 0.6, Avg: 0.7, Max: 0.7, Diff: 0.1, Sum: 1.4]
         [Processed Buffers: Min: 11, Avg: 17.0, Max: 23, Diff: 12, Sum: 34]
      [Scan RS (ms): Min: 0.4, Avg: 0.4, Max: 0.5, Diff: 0.1, Sum: 0.9]
      [Code Root Scanning (ms): Min: 0.0, Avg: 0.0, Max: 0.0, Diff: 0.0, Sum: 0.0]
      [Object Copy (ms): Min: 4.5, Avg: 4.6, Max: 4.6, Diff: 0.1, Sum: 9.1]
      [Termination (ms): Min: 0.0, Avg: 0.0, Max: 0.0, Diff: 0.0, Sum: 0.0]
         [Termination Attempts: Min: 1, Avg: 1.0, Max: 1, Diff: 0, Sum: 2]
      [GC Worker Other (ms): Min: 0.0, Avg: 0.0, Max: 0.0, Diff: 0.0, Sum: 0.0]
      [GC Worker Total (ms): Min: 6.2, Avg: 6.2, Max: 6.2, Diff: 0.0, Sum: 12.5]
      [GC Worker End (ms): Min: 17691320.1, Avg: 17691320.1, Max: 17691320.1, Diff: 0.0]
   [Code Root Fixup: 0.0 ms]
   [Code Root Purge: 0.0 ms]
   [Clear CT: 0.1 ms]
   [Other: 0.9 ms]
      [Choose CSet: 0.0 ms]
      [Ref Proc: 0.4 ms]
      [Ref Enq: 0.0 ms]
      [Redirty Cards: 0.1 ms]
      [Humongous Register: 0.0 ms]
      [Humongous Reclaim: 0.0 ms]
      [Free CSet: 0.0 ms]
   [Eden: 47.0M(47.0M)->0.0B(46.0M) Survivors: 4096.0K->5120.0K Heap: 327.2M(1024.0M)->281.7M(1024.0M)]
 [Times: user=0.02 sys=0.00, real=0.01 secs] 
2017-09-19T21:16:43.429+0900: 17795.160: [GC pause (G1 Evacuation Pause) (young), 0.0094939 secs]
   [Parallel Time: 8.8 ms, GC Workers: 2]
      [GC Worker Start (ms): Min: 17795160.4, Avg: 17795160.4, Max: 17795160.4, Diff: 0.0]
      [Ext Root Scanning (ms): Min: 0.6, Avg: 0.6, Max: 0.6, Diff: 0.1, Sum: 1.2]
      [Update RS (ms): Min: 0.6, Avg: 0.6, Max: 0.6, Diff: 0.0, Sum: 1.3]
         [Processed Buffers: Min: 4, Avg: 17.5, Max: 31, Diff: 27, Sum: 35]
      [Scan RS (ms): Min: 0.4, Avg: 0.4, Max: 0.4, Diff: 0.0, Sum: 0.8]
      [Code Root Scanning (ms): Min: 0.0, Avg: 0.0, Max: 0.0, Diff: 0.0, Sum: 0.0]
      [Object Copy (ms): Min: 7.1, Avg: 7.1, Max: 7.2, Diff: 0.0, Sum: 14.3]
      [Termination (ms): Min: 0.0, Avg: 0.0, Max: 0.0, Diff: 0.0, Sum: 0.0]
         [Termination Attempts: Min: 1, Avg: 1.0, Max: 1, Diff: 0, Sum: 2]
      [GC Worker Other (ms): Min: 0.0, Avg: 0.0, Max: 0.0, Diff: 0.0, Sum: 0.0]
      [GC Worker Total (ms): Min: 8.8, Avg: 8.8, Max: 8.8, Diff: 0.0, Sum: 17.5]
      [GC Worker End (ms): Min: 17795169.2, Avg: 17795169.2, Max: 17795169.2, Diff: 0.0]
   [Code Root Fixup: 0.0 ms]
   [Code Root Purge: 0.0 ms]
   [Clear CT: 0.1 ms]
   [Other: 0.6 ms]
      [Choose CSet: 0.0 ms]
      [Ref Proc: 0.2 ms]
      [Ref Enq: 0.0 ms]
      [Redirty Cards: 0.1 ms]
      [Humongous Register: 0.0 ms]
      [Humongous Reclaim: 0.0 ms]
      [Free CSet: 0.0 ms]
   [Eden: 46.0M(46.0M)->0.0B(45.0M) Survivors: 5120.0K->6144.0K Heap: 327.7M(1024.0M)->283.4M(1024.0M)]
 [Times: user=0.02 sys=0.01, real=0.01 secs] 
2017-09-19T21:18:25.858+0900: 17897.588: [GC pause (G1 Evacuation Pause) (young), 0.0114533 secs]
   [Parallel Time: 11.0 ms, GC Workers: 2]
      [GC Worker Start (ms): Min: 17897588.6, Avg: 17897588.6, Max: 17897588.6, Diff: 0.0]
      [Ext Root Scanning (ms): Min: 0.5, Avg: 0.6, Max: 0.6, Diff: 0.1, Sum: 1.1]
      [Update RS (ms): Min: 1.1, Avg: 1.2, Max: 1.3, Diff: 0.2, Sum: 2.5]
         [Processed Buffers: Min: 12, Avg: 17.0, Max: 22, Diff: 10, Sum: 34]
      [Scan RS (ms): Min: 0.3, Avg: 0.4, Max: 0.5, Diff: 0.2, Sum: 0.7]
      [Code Root Scanning (ms): Min: 0.0, Avg: 0.0, Max: 0.0, Diff: 0.0, Sum: 0.0]
      [Object Copy (ms): Min: 8.7, Avg: 8.8, Max: 8.8, Diff: 0.0, Sum: 17.5]
      [Termination (ms): Min: 0.0, Avg: 0.0, Max: 0.0, Diff: 0.0, Sum: 0.0]
         [Termination Attempts: Min: 1, Avg: 1.0, Max: 1, Diff: 0, Sum: 2]
      [GC Worker Other (ms): Min: 0.0, Avg: 0.0, Max: 0.0, Diff: 0.0, Sum: 0.0]
      [GC Worker Total (ms): Min: 10.9, Avg: 10.9, Max: 11.0, Diff: 0.0, Sum: 21.9]
      [GC Worker End (ms): Min: 17897599.5, Avg: 17897599.5, Max: 17897599.5, Diff: 0.0]
   [Code Root Fixup: 0.0 ms]
   [Code Root Purge: 0.0 ms]
   [Clear CT: 0.0 ms]
   [Other: 0.4 ms]
      [Choose CSet: 0.0 ms]
      [Ref Proc: 0.1 ms]
      [Ref Enq: 0.0 ms]
      [Redirty Cards: 0.0 ms]
      [Humongous Register: 0.0 ms]
      [Humongous Reclaim: 0.0 ms]
      [Free CSet: 0.0 ms]
   [Eden: 45.0M(45.0M)->0.0B(44.0M) Survivors: 6144.0K->7168.0K Heap: 328.4M(1024.0M)->285.8M(1024.0M)]
 [Times: user=0.02 sys=0.00, real=0.00 secs] 
2017-09-19T21:20:05.989+0900: 17997.720: [GC pause (G1 Evacuation Pause) (young), 0.0141805 secs]
   [Parallel Time: 13.5 ms, GC Workers: 2]
      [GC Worker Start (ms): Min: 17997720.1, Avg: 17997720.1, Max: 17997720.2, Diff: 0.1]
      [Ext Root Scanning (ms): Min: 0.6, Avg: 0.6, Max: 0.7, Diff: 0.1, Sum: 1.2]
      [Update RS (ms): Min: 1.0, Avg: 1.1, Max: 1.2, Diff: 0.2, Sum: 2.3]
         [Processed Buffers: Min: 12, Avg: 17.5, Max: 23, Diff: 11, Sum: 35]
      [Scan RS (ms): Min: 0.3, Avg: 0.4, Max: 0.6, Diff: 0.2, Sum: 0.9]
      [Code Root Scanning (ms): Min: 0.0, Avg: 0.0, Max: 0.0, Diff: 0.0, Sum: 0.0]
      [Object Copy (ms): Min: 11.2, Avg: 11.2, Max: 11.2, Diff: 0.0, Sum: 22.4]
      [Termination (ms): Min: 0.0, Avg: 0.0, Max: 0.0, Diff: 0.0, Sum: 0.0]
         [Termination Attempts: Min: 1, Avg: 1.0, Max: 1, Diff: 0, Sum: 2]
      [GC Worker Other (ms): Min: 0.0, Avg: 0.0, Max: 0.0, Diff: 0.0, Sum: 0.0]
      [GC Worker Total (ms): Min: 13.4, Avg: 13.4, Max: 13.5, Diff: 0.1, Sum: 26.9]
      [GC Worker End (ms): Min: 17997733.6, Avg: 17997733.6, Max: 17997733.6, Diff: 0.0]
   [Code Root Fixup: 0.0 ms]
   [Code Root Purge: 0.0 ms]
   [Clear CT: 0.1 ms]
   [Other: 0.6 ms]
      [Choose CSet: 0.0 ms]
      [Ref Proc: 0.2 ms]
      [Ref Enq: 0.0 ms]
      [Redirty Cards: 0.2 ms]
      [Humongous Register: 0.0 ms]
      [Humongous Reclaim: 0.0 ms]
      [Free CSet: 0.0 ms]
   [Eden: 44.0M(44.0M)->0.0B(45.0M) Survivors: 7168.0K->6144.0K Heap: 329.8M(1024.0M)->287.5M(1024.0M)]
 [Times: user=0.03 sys=0.00, real=0.02 secs] 
2017-09-19T21:21:45.164+0900: 18096.895: [GC pause (G1 Evacuation Pause) (young), 0.0346311 secs]
   [Parallel Time: 31.9 ms, GC Workers: 2]
      [GC Worker Start (ms): Min: 18096895.0, Avg: 18096895.0, Max: 18096895.0, Diff: 0.1]
      [Ext Root Scanning (ms): Min: 1.8, Avg: 1.9, Max: 1.9, Diff: 0.1, Sum: 3.7]
      [Update RS (ms): Min: 4.7, Avg: 4.7, Max: 4.7, Diff: 0.0, Sum: 9.4]
         [Processed Buffers: Min: 14, Avg: 18.0, Max: 22, Diff: 8, Sum: 36]
      [Scan RS (ms): Min: 2.5, Avg: 2.5, Max: 2.6, Diff: 0.1, Sum: 5.0]
      [Code Root Scanning (ms): Min: 0.0, Avg: 0.0, Max: 0.0, Diff: 0.0, Sum: 0.0]
      [Object Copy (ms): Min: 22.4, Avg: 22.4, Max: 22.5, Diff: 0.2, Sum: 44.9]
      [Termination (ms): Min: 0.0, Avg: 0.0, Max: 0.0, Diff: 0.0, Sum: 0.0]
         [Termination Attempts: Min: 1, Avg: 1.5, Max: 2, Diff: 1, Sum: 3]
      [GC Worker Other (ms): Min: 0.0, Avg: 0.0, Max: 0.0, Diff: 0.0, Sum: 0.0]
      [GC Worker Total (ms): Min: 31.5, Avg: 31.6, Max: 31.6, Diff: 0.1, Sum: 63.1]
      [GC Worker End (ms): Min: 18096926.6, Avg: 18096926.6, Max: 18096926.6, Diff: 0.0]
   [Code Root Fixup: 0.6 ms]
   [Code Root Purge: 0.0 ms]
   [Clear CT: 0.3 ms]
   [Other: 1.8 ms]
      [Choose CSet: 0.0 ms]
      [Ref Proc: 0.6 ms]
      [Ref Enq: 0.0 ms]
      [Redirty Cards: 0.6 ms]
      [Humongous Register: 0.1 ms]
      [Humongous Reclaim: 0.0 ms]
      [Free CSet: 0.1 ms]
   [Eden: 45.0M(45.0M)->0.0B(46.0M) Survivors: 6144.0K->5120.0K Heap: 332.5M(1024.0M)->287.0M(1024.0M)]
 [Times: user=0.07 sys=0.00, real=0.04 secs] 
2017-09-19T21:23:29.368+0900: 18201.099: [GC pause (G1 Evacuation Pause) (young), 0.0324027 secs]
   [Parallel Time: 29.2 ms, GC Workers: 2]
      [GC Worker Start (ms): Min: 18201098.8, Avg: 18201098.9, Max: 18201099.0, Diff: 0.2]
      [Ext Root Scanning (ms): Min: 1.8, Avg: 1.9, Max: 2.0, Diff: 0.2, Sum: 3.8]
      [Update RS (ms): Min: 3.0, Avg: 3.0, Max: 3.0, Diff: 0.1, Sum: 6.0]
         [Processed Buffers: Min: 10, Avg: 18.0, Max: 26, Diff: 16, Sum: 36]
      [Scan RS (ms): Min: 3.0, Avg: 3.0, Max: 3.0, Diff: 0.0, Sum: 6.1]
      [Code Root Scanning (ms): Min: 0.0, Avg: 0.0, Max: 0.0, Diff: 0.0, Sum: 0.0]
      [Object Copy (ms): Min: 20.9, Avg: 21.0, Max: 21.0, Diff: 0.1, Sum: 41.9]
      [Termination (ms): Min: 0.0, Avg: 0.0, Max: 0.0, Diff: 0.0, Sum: 0.0]
         [Termination Attempts: Min: 1, Avg: 1.0, Max: 1, Diff: 0, Sum: 2]
      [GC Worker Other (ms): Min: 0.0, Avg: 0.0, Max: 0.0, Diff: 0.0, Sum: 0.0]
      [GC Worker Total (ms): Min: 28.9, Avg: 28.9, Max: 29.0, Diff: 0.2, Sum: 57.9]
      [GC Worker End (ms): Min: 18201127.9, Avg: 18201127.9, Max: 18201127.9, Diff: 0.0]
   [Code Root Fixup: 0.1 ms]
   [Code Root Purge: 0.0 ms]
   [Clear CT: 0.2 ms]
   [Other: 2.9 ms]
      [Choose CSet: 0.0 ms]
      [Ref Proc: 0.4 ms]
      [Ref Enq: 0.0 ms]
      [Redirty Cards: 2.1 ms]
      [Humongous Register: 0.1 ms]
      [Humongous Reclaim: 0.0 ms]
      [Free CSet: 0.1 ms]
   [Eden: 46.0M(46.0M)->0.0B(45.0M) Survivors: 5120.0K->6144.0K Heap: 333.0M(1024.0M)->288.0M(1024.0M)]
 [Times: user=0.06 sys=0.00, real=0.04 secs] 
2017-09-19T21:25:11.757+0900: 18303.487: [GC pause (G1 Evacuation Pause) (young), 0.0184942 secs]
   [Parallel Time: 17.5 ms, GC Workers: 2]
      [GC Worker Start (ms): Min: 18303487.6, Avg: 18303487.6, Max: 18303487.6, Diff: 0.0]
      [Ext Root Scanning (ms): Min: 0.7, Avg: 0.8, Max: 0.8, Diff: 0.1, Sum: 1.5]
      [Update RS (ms): Min: 0.9, Avg: 0.9, Max: 0.9, Diff: 0.0, Sum: 1.8]
         [Processed Buffers: Min: 16, Avg: 17.0, Max: 18, Diff: 2, Sum: 34]
      [Scan RS (ms): Min: 0.8, Avg: 0.8, Max: 0.8, Diff: 0.0, Sum: 1.7]
      [Code Root Scanning (ms): Min: 0.0, Avg: 0.0, Max: 0.0, Diff: 0.0, Sum: 0.0]
      [Object Copy (ms): Min: 14.9, Avg: 15.0, Max: 15.0, Diff: 0.1, Sum: 29.9]
      [Termination (ms): Min: 0.0, Avg: 0.0, Max: 0.0, Diff: 0.0, Sum: 0.0]
         [Termination Attempts: Min: 1, Avg: 1.0, Max: 1, Diff: 0, Sum: 2]
      [GC Worker Other (ms): Min: 0.0, Avg: 0.0, Max: 0.0, Diff: 0.0, Sum: 0.0]
      [GC Worker Total (ms): Min: 17.4, Avg: 17.5, Max: 17.5, Diff: 0.0, Sum: 34.9]
      [GC Worker End (ms): Min: 18303505.0, Avg: 18303505.0, Max: 18303505.0, Diff: 0.0]
   [Code Root Fixup: 0.1 ms]
   [Code Root Purge: 0.0 ms]
   [Clear CT: 0.1 ms]
   [Other: 0.8 ms]
      [Choose CSet: 0.0 ms]
      [Ref Proc: 0.3 ms]
      [Ref Enq: 0.0 ms]
      [Redirty Cards: 0.3 ms]
      [Humongous Register: 0.0 ms]
      [Humongous Reclaim: 0.0 ms]
      [Free CSet: 0.0 ms]
   [Eden: 45.0M(45.0M)->0.0B(46.0M) Survivors: 6144.0K->5120.0K Heap: 333.0M(1024.0M)->289.9M(1024.0M)]
 [Times: user=0.03 sys=0.00, real=0.02 secs] 
2017-09-20T09:29:30.449+0900: 18394.383: [GC pause (G1 Evacuation Pause) (young), 0.0069091 secs]
   [Parallel Time: 6.2 ms, GC Workers: 2]
      [GC Worker Start (ms): Min: 18394382.9, Avg: 18394383.0, Max: 18394383.0, Diff: 0.0]
      [Ext Root Scanning (ms): Min: 0.4, Avg: 0.5, Max: 0.5, Diff: 0.1, Sum: 1.0]
      [Update RS (ms): Min: 0.8, Avg: 0.8, Max: 0.8, Diff: 0.0, Sum: 1.6]
         [Processed Buffers: Min: 10, Avg: 19.5, Max: 29, Diff: 19, Sum: 39]
      [Scan RS (ms): Min: 0.1, Avg: 0.1, Max: 0.1, Diff: 0.0, Sum: 0.3]
      [Code Root Scanning (ms): Min: 0.0, Avg: 0.0, Max: 0.0, Diff: 0.0, Sum: 0.0]
      [Object Copy (ms): Min: 4.7, Avg: 4.7, Max: 4.7, Diff: 0.0, Sum: 9.4]
      [Termination (ms): Min: 0.0, Avg: 0.0, Max: 0.0, Diff: 0.0, Sum: 0.0]
         [Termination Attempts: Min: 1, Avg: 1.0, Max: 1, Diff: 0, Sum: 2]
      [GC Worker Other (ms): Min: 0.0, Avg: 0.0, Max: 0.0, Diff: 0.0, Sum: 0.0]
      [GC Worker Total (ms): Min: 6.1, Avg: 6.1, Max: 6.1, Diff: 0.0, Sum: 12.2]
      [GC Worker End (ms): Min: 18394389.1, Avg: 18394389.1, Max: 18394389.1, Diff: 0.0]
   [Code Root Fixup: 0.0 ms]
   [Code Root Purge: 0.0 ms]
   [Clear CT: 0.1 ms]
   [Other: 0.6 ms]
      [Choose CSet: 0.0 ms]
      [Ref Proc: 0.2 ms]
      [Ref Enq: 0.0 ms]
      [Redirty Cards: 0.2 ms]
      [Humongous Register: 0.0 ms]
      [Humongous Reclaim: 0.0 ms]
      [Free CSet: 0.0 ms]
   [Eden: 46.0M(46.0M)->0.0B(45.0M) Survivors: 5120.0K->6144.0K Heap: 335.9M(1024.0M)->290.9M(1024.0M)]
 [Times: user=0.02 sys=0.00, real=0.01 secs] 
2017-09-20T09:31:13.079+0900: 18497.012: [GC pause (G1 Evacuation Pause) (young), 0.0409608 secs]
   [Parallel Time: 39.9 ms, GC Workers: 2]
      [GC Worker Start (ms): Min: 18497012.8, Avg: 18497012.8, Max: 18497012.8, Diff: 0.1]
      [Ext Root Scanning (ms): Min: 2.1, Avg: 8.1, Max: 14.0, Diff: 11.9, Sum: 16.1]
      [Update RS (ms): Min: 0.0, Avg: 3.8, Max: 7.7, Diff: 7.7, Sum: 7.7]
         [Processed Buffers: Min: 0, Avg: 17.5, Max: 35, Diff: 35, Sum: 35]
      [Scan RS (ms): Min: 0.0, Avg: 0.0, Max: 0.0, Diff: 0.0, Sum: 0.1]
      [Code Root Scanning (ms): Min: 0.0, Avg: 0.0, Max: 0.0, Diff: 0.0, Sum: 0.0]
      [Object Copy (ms): Min: 25.6, Avg: 27.7, Max: 29.7, Diff: 4.1, Sum: 55.3]
      [Termination (ms): Min: 0.0, Avg: 0.0, Max: 0.0, Diff: 0.0, Sum: 0.0]
         [Termination Attempts: Min: 1, Avg: 1.0, Max: 1, Diff: 0, Sum: 2]
      [GC Worker Other (ms): Min: 0.0, Avg: 0.0, Max: 0.0, Diff: 0.0, Sum: 0.1]
      [GC Worker Total (ms): Min: 39.6, Avg: 39.6, Max: 39.7, Diff: 0.1, Sum: 79.3]
      [GC Worker End (ms): Min: 18497052.4, Avg: 18497052.5, Max: 18497052.5, Diff: 0.0]
   [Code Root Fixup: 0.0 ms]
   [Code Root Purge: 0.0 ms]
   [Clear CT: 0.1 ms]
   [Other: 1.0 ms]
      [Choose CSet: 0.2 ms]
      [Ref Proc: 0.2 ms]
      [Ref Enq: 0.0 ms]
      [Redirty Cards: 0.0 ms]
      [Humongous Register: 0.1 ms]
      [Humongous Reclaim: 0.0 ms]
      [Free CSet: 0.0 ms]
   [Eden: 45.0M(45.0M)->0.0B(45.0M) Survivors: 6144.0K->6144.0K Heap: 335.9M(1024.0M)->293.0M(1024.0M)]
 [Times: user=0.07 sys=0.01, real=0.04 secs] 
2017-09-20T09:32:55.402+0900: 18599.336: [GC pause (G1 Evacuation Pause) (young), 0.0246218 secs]
   [Parallel Time: 23.2 ms, GC Workers: 2]
      [GC Worker Start (ms): Min: 18599336.0, Avg: 18599336.1, Max: 18599336.1, Diff: 0.1]
      [Ext Root Scanning (ms): Min: 2.0, Avg: 2.1, Max: 2.1, Diff: 0.1, Sum: 4.2]
      [Update RS (ms): Min: 4.6, Avg: 4.7, Max: 4.7, Diff: 0.1, Sum: 9.3]
         [Processed Buffers: Min: 7, Avg: 17.5, Max: 28, Diff: 21, Sum: 35]
      [Scan RS (ms): Min: 1.9, Avg: 2.0, Max: 2.0, Diff: 0.1, Sum: 3.9]
      [Code Root Scanning (ms): Min: 0.0, Avg: 0.0, Max: 0.1, Diff: 0.0, Sum: 0.1]
      [Object Copy (ms): Min: 14.1, Avg: 14.2, Max: 14.2, Diff: 0.0, Sum: 28.3]
      [Termination (ms): Min: 0.0, Avg: 0.0, Max: 0.0, Diff: 0.0, Sum: 0.0]
         [Termination Attempts: Min: 3, Avg: 4.0, Max: 5, Diff: 2, Sum: 8]
      [GC Worker Other (ms): Min: 0.0, Avg: 0.0, Max: 0.0, Diff: 0.0, Sum: 0.1]
      [GC Worker Total (ms): Min: 22.9, Avg: 22.9, Max: 23.0, Diff: 0.1, Sum: 45.9]
      [GC Worker End (ms): Min: 18599359.0, Avg: 18599359.0, Max: 18599359.0, Diff: 0.0]
   [Code Root Fixup: 0.1 ms]
   [Code Root Purge: 0.0 ms]
   [Clear CT: 0.1 ms]
   [Other: 1.2 ms]
      [Choose CSet: 0.0 ms]
      [Ref Proc: 0.4 ms]
      [Ref Enq: 0.0 ms]
      [Redirty Cards: 0.2 ms]
      [Humongous Register: 0.1 ms]
      [Humongous Reclaim: 0.0 ms]
      [Free CSet: 0.0 ms]
   [Eden: 45.0M(45.0M)->0.0B(48.0M) Survivors: 6144.0K->3072.0K Heap: 338.0M(1024.0M)->292.0M(1024.0M)]
 [Times: user=0.05 sys=0.00, real=0.03 secs] 
2017-09-20T09:34:44.846+0900: 18708.779: [GC pause (G1 Evacuation Pause) (young), 0.0380743 secs]
   [Parallel Time: 35.9 ms, GC Workers: 2]
      [GC Worker Start (ms): Min: 18708779.8, Avg: 18708779.8, Max: 18708779.8, Diff: 0.0]
      [Ext Root Scanning (ms): Min: 1.9, Avg: 1.9, Max: 2.0, Diff: 0.1, Sum: 3.8]
      [Update RS (ms): Min: 2.7, Avg: 2.7, Max: 2.7, Diff: 0.0, Sum: 5.4]
         [Processed Buffers: Min: 8, Avg: 16.5, Max: 25, Diff: 17, Sum: 33]
      [Scan RS (ms): Min: 1.9, Avg: 1.9, Max: 2.0, Diff: 0.0, Sum: 3.9]
      [Code Root Scanning (ms): Min: 0.0, Avg: 0.1, Max: 0.3, Diff: 0.3, Sum: 0.3]
      [Object Copy (ms): Min: 28.9, Avg: 28.9, Max: 28.9, Diff: 0.0, Sum: 57.8]
      [Termination (ms): Min: 0.0, Avg: 0.1, Max: 0.1, Diff: 0.1, Sum: 0.1]
         [Termination Attempts: Min: 1, Avg: 1.5, Max: 2, Diff: 1, Sum: 3]
      [GC Worker Other (ms): Min: 0.0, Avg: 0.0, Max: 0.0, Diff: 0.0, Sum: 0.0]
      [GC Worker Total (ms): Min: 35.7, Avg: 35.7, Max: 35.7, Diff: 0.0, Sum: 71.4]
      [GC Worker End (ms): Min: 18708815.5, Avg: 18708815.5, Max: 18708815.5, Diff: 0.0]
   [Code Root Fixup: 0.1 ms]
   [Code Root Purge: 0.0 ms]
   [Clear CT: 0.3 ms]
   [Other: 1.8 ms]
      [Choose CSet: 0.0 ms]
      [Ref Proc: 0.8 ms]
      [Ref Enq: 0.0 ms]
      [Redirty Cards: 0.4 ms]
      [Humongous Register: 0.1 ms]
      [Humongous Reclaim: 0.0 ms]
      [Free CSet: 0.1 ms]
   [Eden: 48.0M(48.0M)->0.0B(46.0M) Survivors: 3072.0K->5120.0K Heap: 340.0M(1024.0M)->294.0M(1024.0M)]
 [Times: user=0.07 sys=0.00, real=0.04 secs] 
2017-09-20T09:36:29.536+0900: 18813.469: [GC pause (G1 Evacuation Pause) (young), 0.0361148 secs]
   [Parallel Time: 34.4 ms, GC Workers: 2]
      [GC Worker Start (ms): Min: 18813469.6, Avg: 18813469.6, Max: 18813469.6, Diff: 0.0]
      [Ext Root Scanning (ms): Min: 2.0, Avg: 2.1, Max: 2.2, Diff: 0.2, Sum: 4.2]
      [Update RS (ms): Min: 2.8, Avg: 3.5, Max: 4.2, Diff: 1.4, Sum: 7.1]
         [Processed Buffers: Min: 10, Avg: 16.5, Max: 23, Diff: 13, Sum: 33]
      [Scan RS (ms): Min: 2.7, Avg: 3.3, Max: 3.9, Diff: 1.2, Sum: 6.6]
      [Code Root Scanning (ms): Min: 0.0, Avg: 0.0, Max: 0.0, Diff: 0.0, Sum: 0.1]
      [Object Copy (ms): Min: 25.0, Avg: 25.3, Max: 25.5, Diff: 0.4, Sum: 50.5]
      [Termination (ms): Min: 0.0, Avg: 0.0, Max: 0.1, Diff: 0.1, Sum: 0.1]
         [Termination Attempts: Min: 1, Avg: 2.5, Max: 4, Diff: 3, Sum: 5]
      [GC Worker Other (ms): Min: 0.0, Avg: 0.0, Max: 0.0, Diff: 0.0, Sum: 0.0]
      [GC Worker Total (ms): Min: 34.2, Avg: 34.2, Max: 34.2, Diff: 0.0, Sum: 68.5]
      [GC Worker End (ms): Min: 18813503.9, Avg: 18813503.9, Max: 18813503.9, Diff: 0.0]
   [Code Root Fixup: 0.1 ms]
   [Code Root Purge: 0.0 ms]
   [Clear CT: 0.1 ms]
   [Other: 1.5 ms]
      [Choose CSet: 0.0 ms]
      [Ref Proc: 0.6 ms]
      [Ref Enq: 0.0 ms]
      [Redirty Cards: 0.3 ms]
      [Humongous Register: 0.1 ms]
      [Humongous Reclaim: 0.0 ms]
      [Free CSet: 0.1 ms]
   [Eden: 46.0M(46.0M)->0.0B(45.0M) Survivors: 5120.0K->6144.0K Heap: 340.0M(1024.0M)->295.8M(1024.0M)]
 [Times: user=0.07 sys=0.00, real=0.03 secs] 
2017-09-20T09:38:11.243+0900: 18915.177: [GC pause (G1 Evacuation Pause) (young), 0.0487534 secs]
   [Parallel Time: 47.7 ms, GC Workers: 2]
      [GC Worker Start (ms): Min: 18915176.9, Avg: 18915176.9, Max: 18915177.0, Diff: 0.1]
      [Ext Root Scanning (ms): Min: 1.7, Avg: 1.8, Max: 1.8, Diff: 0.0, Sum: 3.5]
      [Update RS (ms): Min: 3.7, Avg: 4.7, Max: 5.6, Diff: 1.9, Sum: 9.4]
         [Processed Buffers: Min: 9, Avg: 16.0, Max: 23, Diff: 14, Sum: 32]
      [Scan RS (ms): Min: 2.1, Avg: 3.1, Max: 4.2, Diff: 2.1, Sum: 6.3]
      [Code Root Scanning (ms): Min: 0.0, Avg: 0.0, Max: 0.0, Diff: 0.0, Sum: 0.0]
      [Object Copy (ms): Min: 37.6, Avg: 37.7, Max: 37.7, Diff: 0.1, Sum: 75.3]
      [Termination (ms): Min: 0.0, Avg: 0.1, Max: 0.3, Diff: 0.2, Sum: 0.3]
         [Termination Attempts: Min: 3, Avg: 3.5, Max: 4, Diff: 1, Sum: 7]
      [GC Worker Other (ms): Min: 0.0, Avg: 0.0, Max: 0.0, Diff: 0.0, Sum: 0.0]
      [GC Worker Total (ms): Min: 47.4, Avg: 47.4, Max: 47.4, Diff: 0.1, Sum: 94.8]
      [GC Worker End (ms): Min: 18915224.2, Avg: 18915224.3, Max: 18915224.4, Diff: 0.2]
   [Code Root Fixup: 0.1 ms]
   [Code Root Purge: 0.0 ms]
   [Clear CT: 0.1 ms]
   [Other: 0.8 ms]
      [Choose CSet: 0.0 ms]
      [Ref Proc: 0.3 ms]
      [Ref Enq: 0.0 ms]
      [Redirty Cards: 0.1 ms]
      [Humongous Register: 0.1 ms]
      [Humongous Reclaim: 0.0 ms]
      [Free CSet: 0.0 ms]
   [Eden: 45.0M(45.0M)->0.0B(46.0M) Survivors: 6144.0K->5120.0K Heap: 340.8M(1024.0M)->298.4M(1024.0M)]
 [Times: user=0.08 sys=0.01, real=0.05 secs] 
2017-09-20T09:39:56.471+0900: 19020.405: [GC pause (G1 Evacuation Pause) (young), 0.0209611 secs]
   [Parallel Time: 18.9 ms, GC Workers: 2]
      [GC Worker Start (ms): Min: 19020405.2, Avg: 19020406.1, Max: 19020407.0, Diff: 1.7]
      [Ext Root Scanning (ms): Min: 2.1, Avg: 4.1, Max: 6.1, Diff: 4.0, Sum: 8.3]
      [Update RS (ms): Min: 1.9, Avg: 3.0, Max: 4.1, Diff: 2.2, Sum: 6.0]
         [Processed Buffers: Min: 3, Avg: 16.5, Max: 30, Diff: 27, Sum: 33]
      [Scan RS (ms): Min: 3.2, Avg: 3.2, Max: 3.2, Diff: 0.0, Sum: 6.4]
      [Code Root Scanning (ms): Min: 0.0, Avg: 0.0, Max: 0.0, Diff: 0.0, Sum: 0.0]
      [Object Copy (ms): Min: 7.3, Avg: 7.4, Max: 7.4, Diff: 0.0, Sum: 14.7]
      [Termination (ms): Min: 0.0, Avg: 0.0, Max: 0.0, Diff: 0.0, Sum: 0.0]
         [Termination Attempts: Min: 1, Avg: 1.0, Max: 1, Diff: 0, Sum: 2]
      [GC Worker Other (ms): Min: 0.0, Avg: 0.0, Max: 0.0, Diff: 0.0, Sum: 0.1]
      [GC Worker Total (ms): Min: 16.9, Avg: 17.8, Max: 18.6, Diff: 1.7, Sum: 35.5]
      [GC Worker End (ms): Min: 19020423.9, Avg: 19020423.9, Max: 19020423.9, Diff: 0.0]
   [Code Root Fixup: 0.2 ms]
   [Code Root Purge: 0.0 ms]
   [Clear CT: 0.3 ms]
   [Other: 1.5 ms]
      [Choose CSet: 0.0 ms]
      [Ref Proc: 0.4 ms]
      [Ref Enq: 0.0 ms]
      [Redirty Cards: 0.5 ms]
      [Humongous Register: 0.1 ms]
      [Humongous Reclaim: 0.0 ms]
      [Free CSet: 0.1 ms]
   [Eden: 46.0M(46.0M)->0.0B(48.0M) Survivors: 5120.0K->3072.0K Heap: 344.4M(1024.0M)->296.4M(1024.0M)]
 [Times: user=0.03 sys=0.00, real=0.02 secs] 
2017-09-20T09:41:46.005+0900: 19129.938: [GC pause (G1 Evacuation Pause) (young), 0.0276044 secs]
   [Parallel Time: 26.2 ms, GC Workers: 2]
      [GC Worker Start (ms): Min: 19129938.4, Avg: 19129938.5, Max: 19129938.5, Diff: 0.2]
      [Ext Root Scanning (ms): Min: 1.7, Avg: 1.7, Max: 1.8, Diff: 0.2, Sum: 3.5]
      [Update RS (ms): Min: 2.0, Avg: 2.0, Max: 2.1, Diff: 0.1, Sum: 4.1]
         [Processed Buffers: Min: 8, Avg: 16.5, Max: 25, Diff: 17, Sum: 33]
      [Scan RS (ms): Min: 3.4, Avg: 3.4, Max: 3.5, Diff: 0.0, Sum: 6.9]
      [Code Root Scanning (ms): Min: 0.0, Avg: 0.0, Max: 0.0, Diff: 0.0, Sum: 0.0]
      [Object Copy (ms): Min: 18.7, Avg: 18.7, Max: 18.7, Diff: 0.1, Sum: 37.4]
      [Termination (ms): Min: 0.0, Avg: 0.0, Max: 0.0, Diff: 0.0, Sum: 0.0]
         [Termination Attempts: Min: 1, Avg: 2.5, Max: 4, Diff: 3, Sum: 5]
      [GC Worker Other (ms): Min: 0.0, Avg: 0.0, Max: 0.0, Diff: 0.0, Sum: 0.0]
      [GC Worker Total (ms): Min: 25.9, Avg: 26.0, Max: 26.1, Diff: 0.2, Sum: 52.0]
      [GC Worker End (ms): Min: 19129964.4, Avg: 19129964.4, Max: 19129964.4, Diff: 0.0]
   [Code Root Fixup: 0.1 ms]
   [Code Root Purge: 0.0 ms]
   [Clear CT: 0.2 ms]
   [Other: 1.1 ms]
      [Choose CSet: 0.0 ms]
      [Ref Proc: 0.4 ms]
      [Ref Enq: 0.0 ms]
      [Redirty Cards: 0.3 ms]
      [Humongous Register: 0.1 ms]
      [Humongous Reclaim: 0.0 ms]
      [Free CSet: 0.1 ms]
   [Eden: 48.0M(48.0M)->0.0B(47.0M) Survivors: 3072.0K->4096.0K Heap: 344.4M(1024.0M)->297.9M(1024.0M)]
 [Times: user=0.05 sys=0.00, real=0.03 secs] 
2017-09-20T09:43:33.437+0900: 19237.370: [GC pause (G1 Evacuation Pause) (young), 0.0304881 secs]
   [Parallel Time: 29.2 ms, GC Workers: 2]
      [GC Worker Start (ms): Min: 19237370.4, Avg: 19237370.4, Max: 19237370.5, Diff: 0.2]
      [Ext Root Scanning (ms): Min: 2.0, Avg: 2.1, Max: 2.2, Diff: 0.3, Sum: 4.2]
      [Update RS (ms): Min: 2.6, Avg: 2.7, Max: 2.9, Diff: 0.3, Sum: 5.4]
         [Processed Buffers: Min: 10, Avg: 15.5, Max: 21, Diff: 11, Sum: 31]
      [Scan RS (ms): Min: 3.0, Avg: 3.9, Max: 4.9, Diff: 1.8, Sum: 7.9]
      [Code Root Scanning (ms): Min: 0.0, Avg: 0.0, Max: 0.0, Diff: 0.0, Sum: 0.0]
      [Object Copy (ms): Min: 19.5, Avg: 20.3, Max: 21.1, Diff: 1.6, Sum: 40.6]
      [Termination (ms): Min: 0.0, Avg: 0.0, Max: 0.0, Diff: 0.0, Sum: 0.0]
         [Termination Attempts: Min: 1, Avg: 1.5, Max: 2, Diff: 1, Sum: 3]
      [GC Worker Other (ms): Min: 0.0, Avg: 0.0, Max: 0.0, Diff: 0.0, Sum: 0.0]
      [GC Worker Total (ms): Min: 29.0, Avg: 29.1, Max: 29.2, Diff: 0.2, Sum: 58.2]
      [GC Worker End (ms): Min: 19237399.6, Avg: 19237399.6, Max: 19237399.6, Diff: 0.0]
   [Code Root Fixup: 0.1 ms]
   [Code Root Purge: 0.0 ms]
   [Clear CT: 0.1 ms]
   [Other: 1.0 ms]
      [Choose CSet: 0.0 ms]
      [Ref Proc: 0.3 ms]
      [Ref Enq: 0.0 ms]
      [Redirty Cards: 0.3 ms]
      [Humongous Register: 0.1 ms]
      [Humongous Reclaim: 0.0 ms]
      [Free CSet: 0.0 ms]
   [Eden: 47.0M(47.0M)->0.0B(45.0M) Survivors: 4096.0K->6144.0K Heap: 344.9M(1024.0M)->299.9M(1024.0M)]
 [Times: user=0.05 sys=0.00, real=0.03 secs] 
2017-09-20T09:45:15.478+0900: 19339.411: [GC pause (G1 Evacuation Pause) (young), 0.0296880 secs]
   [Parallel Time: 28.4 ms, GC Workers: 2]
      [GC Worker Start (ms): Min: 19339411.5, Avg: 19339411.5, Max: 19339411.6, Diff: 0.1]
      [Ext Root Scanning (ms): Min: 1.2, Avg: 1.3, Max: 1.3, Diff: 0.1, Sum: 2.5]
      [Update RS (ms): Min: 1.7, Avg: 1.7, Max: 1.7, Diff: 0.0, Sum: 3.4]
         [Processed Buffers: Min: 14, Avg: 15.5, Max: 17, Diff: 3, Sum: 31]
      [Scan RS (ms): Min: 1.1, Avg: 1.1, Max: 1.1, Diff: 0.0, Sum: 2.3]
      [Code Root Scanning (ms): Min: 0.0, Avg: 0.0, Max: 0.0, Diff: 0.0, Sum: 0.0]
      [Object Copy (ms): Min: 24.2, Avg: 24.2, Max: 24.2, Diff: 0.0, Sum: 48.4]
      [Termination (ms): Min: 0.0, Avg: 0.0, Max: 0.0, Diff: 0.0, Sum: 0.0]
         [Termination Attempts: Min: 1, Avg: 1.5, Max: 2, Diff: 1, Sum: 3]
      [GC Worker Other (ms): Min: 0.0, Avg: 0.0, Max: 0.0, Diff: 0.0, Sum: 0.0]
      [GC Worker Total (ms): Min: 28.3, Avg: 28.3, Max: 28.3, Diff: 0.1, Sum: 56.6]
      [GC Worker End (ms): Min: 19339439.9, Avg: 19339439.9, Max: 19339439.9, Diff: 0.0]
   [Code Root Fixup: 0.1 ms]
   [Code Root Purge: 0.0 ms]
   [Clear CT: 0.1 ms]
   [Other: 1.1 ms]
      [Choose CSet: 0.0 ms]
      [Ref Proc: 0.3 ms]
      [Ref Enq: 0.0 ms]
      [Redirty Cards: 0.2 ms]
      [Humongous Register: 0.0 ms]
      [Humongous Reclaim: 0.1 ms]
      [Free CSet: 0.1 ms]
   [Eden: 45.0M(45.0M)->0.0B(46.0M) Survivors: 6144.0K->5120.0K Heap: 344.9M(1024.0M)->301.4M(1024.0M)]
 [Times: user=0.06 sys=0.00, real=0.03 secs] 
2017-09-20T09:47:00.128+0900: 19444.061: [GC pause (G1 Evacuation Pause) (young), 0.0203669 secs]
   [Parallel Time: 14.9 ms, GC Workers: 2]
      [GC Worker Start (ms): Min: 19444061.6, Avg: 19444061.6, Max: 19444061.6, Diff: 0.0]
      [Ext Root Scanning (ms): Min: 0.6, Avg: 0.7, Max: 0.7, Diff: 0.1, Sum: 1.3]
      [Update RS (ms): Min: 1.5, Avg: 1.5, Max: 1.5, Diff: 0.0, Sum: 3.0]
         [Processed Buffers: Min: 8, Avg: 15.5, Max: 23, Diff: 15, Sum: 31]
      [Scan RS (ms): Min: 1.0, Avg: 1.0, Max: 1.0, Diff: 0.1, Sum: 2.0]
      [Code Root Scanning (ms): Min: 0.0, Avg: 0.0, Max: 0.0, Diff: 0.0, Sum: 0.0]
      [Object Copy (ms): Min: 11.2, Avg: 11.2, Max: 11.3, Diff: 0.1, Sum: 22.5]
      [Termination (ms): Min: 0.0, Avg: 0.1, Max: 0.3, Diff: 0.3, Sum: 0.3]
         [Termination Attempts: Min: 1, Avg: 1.0, Max: 1, Diff: 0, Sum: 2]
      [GC Worker Other (ms): Min: 0.0, Avg: 0.0, Max: 0.0, Diff: 0.0, Sum: 0.0]
      [GC Worker Total (ms): Min: 14.4, Avg: 14.5, Max: 14.7, Diff: 0.2, Sum: 29.1]
      [GC Worker End (ms): Min: 19444076.0, Avg: 19444076.1, Max: 19444076.2, Diff: 0.2]
   [Code Root Fixup: 0.3 ms]
   [Code Root Purge: 0.0 ms]
   [Clear CT: 0.1 ms]
   [Other: 5.0 ms]
      [Choose CSet: 0.0 ms]
      [Ref Proc: 3.7 ms]
      [Ref Enq: 0.0 ms]
      [Redirty Cards: 0.3 ms]
      [Humongous Register: 0.0 ms]
      [Humongous Reclaim: 0.0 ms]
      [Free CSet: 0.1 ms]
   [Eden: 46.0M(46.0M)->0.0B(45.0M) Survivors: 5120.0K->6144.0K Heap: 347.4M(1024.0M)->302.9M(1024.0M)]
 [Times: user=0.02 sys=0.00, real=0.02 secs] 
2017-09-20T09:48:42.941+0900: 19546.875: [GC pause (G1 Evacuation Pause) (young), 0.0101543 secs]
   [Parallel Time: 9.0 ms, GC Workers: 2]
      [GC Worker Start (ms): Min: 19546874.8, Avg: 19546874.8, Max: 19546874.8, Diff: 0.0]
      [Ext Root Scanning (ms): Min: 0.8, Avg: 0.9, Max: 1.1, Diff: 0.3, Sum: 1.9]
      [Update RS (ms): Min: 1.3, Avg: 1.4, Max: 1.5, Diff: 0.2, Sum: 2.8]
         [Processed Buffers: Min: 10, Avg: 17.0, Max: 24, Diff: 14, Sum: 34]
      [Scan RS (ms): Min: 0.9, Avg: 0.9, Max: 1.0, Diff: 0.1, Sum: 1.9]
      [Code Root Scanning (ms): Min: 0.0, Avg: 0.0, Max: 0.0, Diff: 0.0, Sum: 0.0]
      [Object Copy (ms): Min: 5.4, Avg: 5.6, Max: 5.8, Diff: 0.4, Sum: 11.1]
      [Termination (ms): Min: 0.0, Avg: 0.0, Max: 0.1, Diff: 0.1, Sum: 0.1]
         [Termination Attempts: Min: 1, Avg: 1.5, Max: 2, Diff: 1, Sum: 3]
      [GC Worker Other (ms): Min: 0.0, Avg: 0.0, Max: 0.0, Diff: 0.0, Sum: 0.0]
      [GC Worker Total (ms): Min: 8.9, Avg: 8.9, Max: 8.9, Diff: 0.0, Sum: 17.8]
      [GC Worker End (ms): Min: 19546883.7, Avg: 19546883.7, Max: 19546883.7, Diff: 0.0]
   [Code Root Fixup: 0.1 ms]
   [Code Root Purge: 0.0 ms]
   [Clear CT: 0.1 ms]
   [Other: 0.9 ms]
      [Choose CSet: 0.0 ms]
      [Ref Proc: 0.5 ms]
      [Ref Enq: 0.0 ms]
      [Redirty Cards: 0.1 ms]
      [Humongous Register: 0.1 ms]
      [Humongous Reclaim: 0.0 ms]
      [Free CSet: 0.0 ms]
   [Eden: 45.0M(45.0M)->0.0B(48.0M) Survivors: 6144.0K->3072.0K Heap: 347.9M(1024.0M)->300.1M(1024.0M)]
 [Times: user=0.02 sys=0.00, real=0.01 secs] 
2017-09-20T09:50:32.577+0900: 19656.510: [GC pause (G1 Evacuation Pause) (young), 0.0342416 secs]
   [Parallel Time: 31.6 ms, GC Workers: 2]
      [GC Worker Start (ms): Min: 19656510.8, Avg: 19656511.7, Max: 19656512.7, Diff: 1.9]
      [Ext Root Scanning (ms): Min: 2.4, Avg: 2.8, Max: 3.2, Diff: 0.7, Sum: 5.6]
      [Update RS (ms): Min: 5.1, Avg: 5.4, Max: 5.7, Diff: 0.5, Sum: 10.8]
         [Processed Buffers: Min: 9, Avg: 17.0, Max: 25, Diff: 16, Sum: 34]
      [Scan RS (ms): Min: 2.1, Avg: 2.3, Max: 2.6, Diff: 0.5, Sum: 4.7]
      [Code Root Scanning (ms): Min: 0.0, Avg: 0.0, Max: 0.0, Diff: 0.0, Sum: 0.0]
      [Object Copy (ms): Min: 19.7, Avg: 19.7, Max: 19.7, Diff: 0.0, Sum: 39.5]
      [Termination (ms): Min: 0.0, Avg: 0.1, Max: 0.1, Diff: 0.1, Sum: 0.1]
         [Termination Attempts: Min: 1, Avg: 1.5, Max: 2, Diff: 1, Sum: 3]
      [GC Worker Other (ms): Min: 0.0, Avg: 0.0, Max: 0.0, Diff: 0.0, Sum: 0.1]
      [GC Worker Total (ms): Min: 29.4, Avg: 30.4, Max: 31.3, Diff: 1.9, Sum: 60.7]
      [GC Worker End (ms): Min: 19656542.1, Avg: 19656542.1, Max: 19656542.1, Diff: 0.0]
   [Code Root Fixup: 0.1 ms]
   [Code Root Purge: 0.0 ms]
   [Clear CT: 0.3 ms]
   [Other: 2.2 ms]
      [Choose CSet: 0.0 ms]
      [Ref Proc: 1.0 ms]
      [Ref Enq: 0.0 ms]
      [Redirty Cards: 0.6 ms]
      [Humongous Register: 0.1 ms]
      [Humongous Reclaim: 0.1 ms]
      [Free CSet: 0.1 ms]
   [Eden: 48.0M(48.0M)->0.0B(46.0M) Survivors: 3072.0K->5120.0K Heap: 348.1M(1024.0M)->302.1M(1024.0M)]
 [Times: user=0.06 sys=0.00, real=0.03 secs] 
2017-09-20T09:52:17.675+0900: 19761.609: [GC pause (G1 Evacuation Pause) (young), 0.0206673 secs]
   [Parallel Time: 19.4 ms, GC Workers: 2]
      [GC Worker Start (ms): Min: 19761608.8, Avg: 19761608.9, Max: 19761608.9, Diff: 0.1]
      [Ext Root Scanning (ms): Min: 1.6, Avg: 1.6, Max: 1.7, Diff: 0.1, Sum: 3.3]
      [Update RS (ms): Min: 1.3, Avg: 1.3, Max: 1.4, Diff: 0.2, Sum: 2.7]
         [Processed Buffers: Min: 10, Avg: 16.5, Max: 23, Diff: 13, Sum: 33]
      [Scan RS (ms): Min: 1.1, Avg: 1.2, Max: 1.2, Diff: 0.1, Sum: 2.3]
      [Code Root Scanning (ms): Min: 0.0, Avg: 0.0, Max: 0.0, Diff: 0.0, Sum: 0.0]
      [Object Copy (ms): Min: 14.8, Avg: 15.0, Max: 15.2, Diff: 0.3, Sum: 30.0]
      [Termination (ms): Min: 0.0, Avg: 0.0, Max: 0.0, Diff: 0.0, Sum: 0.0]
         [Termination Attempts: Min: 1, Avg: 1.0, Max: 1, Diff: 0, Sum: 2]
      [GC Worker Other (ms): Min: 0.0, Avg: 0.0, Max: 0.1, Diff: 0.0, Sum: 0.1]
      [GC Worker Total (ms): Min: 19.1, Avg: 19.2, Max: 19.3, Diff: 0.1, Sum: 38.4]
      [GC Worker End (ms): Min: 19761628.1, Avg: 19761628.1, Max: 19761628.1, Diff: 0.0]
   [Code Root Fixup: 0.1 ms]
   [Code Root Purge: 0.0 ms]
   [Clear CT: 0.2 ms]
   [Other: 1.0 ms]
      [Choose CSet: 0.0 ms]
      [Ref Proc: 0.3 ms]
      [Ref Enq: 0.0 ms]
      [Redirty Cards: 0.3 ms]
      [Humongous Register: 0.1 ms]
      [Humongous Reclaim: 0.0 ms]
      [Free CSet: 0.0 ms]
   [Eden: 46.0M(46.0M)->0.0B(45.0M) Survivors: 5120.0K->6144.0K Heap: 348.1M(1024.0M)->303.6M(1024.0M)]
 [Times: user=0.04 sys=0.00, real=0.02 secs] 
2017-09-20T09:54:00.447+0900: 19864.381: [GC pause (G1 Evacuation Pause) (young), 0.0287301 secs]
   [Parallel Time: 27.4 ms, GC Workers: 2]
      [GC Worker Start (ms): Min: 19864381.1, Avg: 19864381.1, Max: 19864381.1, Diff: 0.1]
      [Ext Root Scanning (ms): Min: 1.9, Avg: 2.0, Max: 2.0, Diff: 0.1, Sum: 4.0]
      [Update RS (ms): Min: 4.1, Avg: 4.2, Max: 4.3, Diff: 0.2, Sum: 8.4]
         [Processed Buffers: Min: 5, Avg: 18.0, Max: 31, Diff: 26, Sum: 36]
      [Scan RS (ms): Min: 1.6, Avg: 1.6, Max: 1.7, Diff: 0.0, Sum: 3.3]
      [Code Root Scanning (ms): Min: 0.0, Avg: 0.0, Max: 0.0, Diff: 0.0, Sum: 0.0]
      [Object Copy (ms): Min: 19.2, Avg: 19.3, Max: 19.4, Diff: 0.2, Sum: 38.6]
      [Termination (ms): Min: 0.0, Avg: 0.0, Max: 0.0, Diff: 0.0, Sum: 0.0]
         [Termination Attempts: Min: 1, Avg: 2.0, Max: 3, Diff: 2, Sum: 4]
      [GC Worker Other (ms): Min: 0.0, Avg: 0.0, Max: 0.0, Diff: 0.0, Sum: 0.0]
      [GC Worker Total (ms): Min: 27.2, Avg: 27.2, Max: 27.2, Diff: 0.1, Sum: 54.4]
      [GC Worker End (ms): Min: 19864408.3, Avg: 19864408.3, Max: 19864408.3, Diff: 0.0]
   [Code Root Fixup: 0.1 ms]
   [Code Root Purge: 0.0 ms]
   [Clear CT: 0.2 ms]
   [Other: 1.1 ms]
      [Choose CSet: 0.0 ms]
      [Ref Proc: 0.3 ms]
      [Ref Enq: 0.0 ms]
      [Redirty Cards: 0.3 ms]
      [Humongous Register: 0.1 ms]
      [Humongous Reclaim: 0.0 ms]
      [Free CSet: 0.0 ms]
   [Eden: 45.0M(45.0M)->0.0B(46.0M) Survivors: 6144.0K->5120.0K Heap: 348.6M(1024.0M)->305.3M(1024.0M)]
 [Times: user=0.05 sys=0.01, real=0.03 secs] 
2017-09-20T09:55:45.705+0900: 19969.639: [GC pause (G1 Evacuation Pause) (young), 0.0182086 secs]
   [Parallel Time: 16.8 ms, GC Workers: 2]
      [GC Worker Start (ms): Min: 19969638.8, Avg: 19969638.8, Max: 19969638.8, Diff: 0.0]
      [Ext Root Scanning (ms): Min: 1.0, Avg: 1.0, Max: 1.1, Diff: 0.1, Sum: 2.0]
      [Update RS (ms): Min: 2.1, Avg: 2.2, Max: 2.3, Diff: 0.2, Sum: 4.4]
         [Processed Buffers: Min: 10, Avg: 16.5, Max: 23, Diff: 13, Sum: 33]
      [Scan RS (ms): Min: 0.9, Avg: 1.0, Max: 1.1, Diff: 0.2, Sum: 2.0]
      [Code Root Scanning (ms): Min: 0.0, Avg: 0.0, Max: 0.0, Diff: 0.0, Sum: 0.0]
      [Object Copy (ms): Min: 12.3, Avg: 12.3, Max: 12.4, Diff: 0.1, Sum: 24.7]
      [Termination (ms): Min: 0.0, Avg: 0.0, Max: 0.0, Diff: 0.0, Sum: 0.1]
         [Termination Attempts: Min: 2, Avg: 3.0, Max: 4, Diff: 2, Sum: 6]
      [GC Worker Other (ms): Min: 0.0, Avg: 0.0, Max: 0.0, Diff: 0.0, Sum: 0.0]
      [GC Worker Total (ms): Min: 16.5, Avg: 16.6, Max: 16.6, Diff: 0.1, Sum: 33.1]
      [GC Worker End (ms): Min: 19969655.4, Avg: 19969655.4, Max: 19969655.4, Diff: 0.0]
   [Code Root Fixup: 0.2 ms]
   [Code Root Purge: 0.0 ms]
   [Clear CT: 0.3 ms]
   [Other: 0.9 ms]
      [Choose CSet: 0.0 ms]
      [Ref Proc: 0.3 ms]
      [Ref Enq: 0.0 ms]
      [Redirty Cards: 0.3 ms]
      [Humongous Register: 0.0 ms]
      [Humongous Reclaim: 0.0 ms]
      [Free CSet: 0.0 ms]
   [Eden: 46.0M(46.0M)->0.0B(44.0M) Survivors: 5120.0K->7168.0K Heap: 351.3M(1024.0M)->307.3M(1024.0M)]
 [Times: user=0.03 sys=0.00, real=0.02 secs] 
2017-09-20T09:57:26.409+0900: 20070.342: [GC pause (G1 Evacuation Pause) (young), 0.0245462 secs]
   [Parallel Time: 22.3 ms, GC Workers: 2]
      [GC Worker Start (ms): Min: 20070342.6, Avg: 20070342.6, Max: 20070342.7, Diff: 0.1]
      [Ext Root Scanning (ms): Min: 1.8, Avg: 1.8, Max: 1.9, Diff: 0.1, Sum: 3.7]
      [Update RS (ms): Min: 2.2, Avg: 2.4, Max: 2.5, Diff: 0.2, Sum: 4.7]
         [Processed Buffers: Min: 7, Avg: 16.5, Max: 26, Diff: 19, Sum: 33]
      [Scan RS (ms): Min: 2.4, Avg: 2.4, Max: 2.4, Diff: 0.0, Sum: 4.7]
      [Code Root Scanning (ms): Min: 0.0, Avg: 0.0, Max: 0.0, Diff: 0.0, Sum: 0.0]
      [Object Copy (ms): Min: 15.4, Avg: 15.6, Max: 15.7, Diff: 0.3, Sum: 31.2]
      [Termination (ms): Min: 0.0, Avg: 0.0, Max: 0.0, Diff: 0.0, Sum: 0.0]
         [Termination Attempts: Min: 1, Avg: 1.0, Max: 1, Diff: 0, Sum: 2]
      [GC Worker Other (ms): Min: 0.0, Avg: 0.0, Max: 0.0, Diff: 0.0, Sum: 0.1]
      [GC Worker Total (ms): Min: 22.1, Avg: 22.2, Max: 22.2, Diff: 0.1, Sum: 44.3]
      [GC Worker End (ms): Min: 20070364.8, Avg: 20070364.8, Max: 20070364.8, Diff: 0.0]
   [Code Root Fixup: 0.2 ms]
   [Code Root Purge: 0.0 ms]
   [Clear CT: 0.2 ms]
   [Other: 1.9 ms]
      [Choose CSet: 0.0 ms]
      [Ref Proc: 0.8 ms]
      [Ref Enq: 0.0 ms]
      [Redirty Cards: 0.5 ms]
      [Humongous Register: 0.1 ms]
      [Humongous Reclaim: 0.0 ms]
      [Free CSet: 0.1 ms]
   [Eden: 44.0M(44.0M)->0.0B(48.0M) Survivors: 7168.0K->3072.0K Heap: 351.3M(1024.0M)->304.1M(1024.0M)]
 [Times: user=0.04 sys=0.00, real=0.02 secs] 
2017-09-20T09:59:15.724+0900: 20179.658: [GC pause (G1 Evacuation Pause) (young), 0.0146455 secs]
   [Parallel Time: 13.5 ms, GC Workers: 2]
      [GC Worker Start (ms): Min: 20179658.1, Avg: 20179658.1, Max: 20179658.2, Diff: 0.1]
      [Ext Root Scanning (ms): Min: 0.9, Avg: 0.9, Max: 1.0, Diff: 0.1, Sum: 1.9]
      [Update RS (ms): Min: 0.9, Avg: 1.1, Max: 1.3, Diff: 0.4, Sum: 2.2]
         [Processed Buffers: Min: 8, Avg: 15.0, Max: 22, Diff: 14, Sum: 30]
      [Scan RS (ms): Min: 1.3, Avg: 1.5, Max: 1.7, Diff: 0.4, Sum: 3.1]
      [Code Root Scanning (ms): Min: 0.0, Avg: 0.0, Max: 0.0, Diff: 0.0, Sum: 0.0]
      [Object Copy (ms): Min: 9.5, Avg: 9.6, Max: 9.7, Diff: 0.1, Sum: 19.2]
      [Termination (ms): Min: 0.0, Avg: 0.1, Max: 0.1, Diff: 0.1, Sum: 0.1]
         [Termination Attempts: Min: 1, Avg: 2.0, Max: 3, Diff: 2, Sum: 4]
      [GC Worker Other (ms): Min: 0.0, Avg: 0.0, Max: 0.0, Diff: 0.0, Sum: 0.0]
      [GC Worker Total (ms): Min: 13.2, Avg: 13.3, Max: 13.3, Diff: 0.1, Sum: 26.6]
      [GC Worker End (ms): Min: 20179671.4, Avg: 20179671.4, Max: 20179671.4, Diff: 0.0]
   [Code Root Fixup: 0.1 ms]
   [Code Root Purge: 0.0 ms]
   [Clear CT: 0.2 ms]
   [Other: 0.9 ms]
      [Choose CSet: 0.0 ms]
      [Ref Proc: 0.4 ms]
      [Ref Enq: 0.0 ms]
      [Redirty Cards: 0.2 ms]
      [Humongous Register: 0.0 ms]
      [Humongous Reclaim: 0.0 ms]
      [Free CSet: 0.0 ms]
   [Eden: 48.0M(48.0M)->0.0B(46.0M) Survivors: 3072.0K->5120.0K Heap: 352.1M(1024.0M)->306.1M(1024.0M)]
 [Times: user=0.03 sys=0.00, real=0.02 secs] 
2017-09-20T10:01:00.999+0900: 20284.933: [GC pause (G1 Evacuation Pause) (young), 0.0366809 secs]
   [Parallel Time: 35.0 ms, GC Workers: 2]
      [GC Worker Start (ms): Min: 20284933.1, Avg: 20284933.1, Max: 20284933.2, Diff: 0.1]
      [Ext Root Scanning (ms): Min: 1.9, Avg: 2.0, Max: 2.1, Diff: 0.2, Sum: 3.9]
      [Update RS (ms): Min: 2.1, Avg: 3.0, Max: 3.9, Diff: 1.9, Sum: 6.0]
         [Processed Buffers: Min: 1, Avg: 16.0, Max: 31, Diff: 30, Sum: 32]
      [Scan RS (ms): Min: 2.1, Avg: 3.1, Max: 4.1, Diff: 2.0, Sum: 6.2]
      [Code Root Scanning (ms): Min: 0.0, Avg: 0.0, Max: 0.0, Diff: 0.0, Sum: 0.0]
      [Object Copy (ms): Min: 26.7, Avg: 26.8, Max: 26.8, Diff: 0.1, Sum: 53.6]
      [Termination (ms): Min: 0.0, Avg: 0.1, Max: 0.1, Diff: 0.1, Sum: 0.1]
         [Termination Attempts: Min: 2, Avg: 3.5, Max: 5, Diff: 3, Sum: 7]
      [GC Worker Other (ms): Min: 0.0, Avg: 0.0, Max: 0.0, Diff: 0.0, Sum: 0.0]
      [GC Worker Total (ms): Min: 34.9, Avg: 34.9, Max: 35.0, Diff: 0.1, Sum: 69.9]
      [GC Worker End (ms): Min: 20284968.1, Avg: 20284968.1, Max: 20284968.1, Diff: 0.0]
   [Code Root Fixup: 0.2 ms]
   [Code Root Purge: 0.0 ms]
   [Clear CT: 0.2 ms]
   [Other: 1.3 ms]
      [Choose CSet: 0.0 ms]
      [Ref Proc: 0.4 ms]
      [Ref Enq: 0.0 ms]
      [Redirty Cards: 0.4 ms]
      [Humongous Register: 0.1 ms]
      [Humongous Reclaim: 0.0 ms]
      [Free CSet: 0.1 ms]
   [Eden: 46.0M(46.0M)->0.0B(45.0M) Survivors: 5120.0K->6144.0K Heap: 352.1M(1024.0M)->307.6M(1024.0M)]
 [Times: user=0.07 sys=0.00, real=0.04 secs] 
2017-09-20T10:02:43.709+0900: 20387.642: [GC pause (G1 Evacuation Pause) (young), 0.0490911 secs]
   [Parallel Time: 47.9 ms, GC Workers: 2]
      [GC Worker Start (ms): Min: 20387642.7, Avg: 20387642.7, Max: 20387642.8, Diff: 0.1]
      [Ext Root Scanning (ms): Min: 1.8, Avg: 2.0, Max: 2.2, Diff: 0.4, Sum: 4.1]
      [Update RS (ms): Min: 3.5, Avg: 3.7, Max: 3.8, Diff: 0.3, Sum: 7.3]
         [Processed Buffers: Min: 7, Avg: 15.0, Max: 23, Diff: 16, Sum: 30]
      [Scan RS (ms): Min: 3.5, Avg: 3.8, Max: 4.1, Diff: 0.6, Sum: 7.6]
      [Code Root Scanning (ms): Min: 0.0, Avg: 0.0, Max: 0.0, Diff: 0.0, Sum: 0.0]
      [Object Copy (ms): Min: 37.9, Avg: 38.0, Max: 38.0, Diff: 0.1, Sum: 76.0]
      [Termination (ms): Min: 0.0, Avg: 0.0, Max: 0.0, Diff: 0.0, Sum: 0.0]
         [Termination Attempts: Min: 2, Avg: 2.0, Max: 2, Diff: 0, Sum: 4]
      [GC Worker Other (ms): Min: 0.0, Avg: 0.0, Max: 0.0, Diff: 0.0, Sum: 0.0]
      [GC Worker Total (ms): Min: 47.5, Avg: 47.6, Max: 47.6, Diff: 0.1, Sum: 95.1]
      [GC Worker End (ms): Min: 20387690.3, Avg: 20387690.3, Max: 20387690.3, Diff: 0.0]
   [Code Root Fixup: 0.1 ms]
   [Code Root Purge: 0.0 ms]
   [Clear CT: 0.2 ms]
   [Other: 1.0 ms]
      [Choose CSet: 0.0 ms]
      [Ref Proc: 0.3 ms]
      [Ref Enq: 0.0 ms]
      [Redirty Cards: 0.2 ms]
      [Humongous Register: 0.1 ms]
      [Humongous Reclaim: 0.0 ms]
      [Free CSet: 0.0 ms]
   [Eden: 45.0M(45.0M)->0.0B(46.0M) Survivors: 6144.0K->5120.0K Heap: 352.6M(1024.0M)->310.1M(1024.0M)]
 [Times: user=0.09 sys=0.00, real=0.05 secs] 
2017-09-20T10:04:28.995+0900: 20492.929: [GC pause (G1 Evacuation Pause) (young), 0.0313800 secs]
   [Parallel Time: 30.4 ms, GC Workers: 2]
      [GC Worker Start (ms): Min: 20492929.3, Avg: 20492929.4, Max: 20492929.4, Diff: 0.1]
      [Ext Root Scanning (ms): Min: 1.9, Avg: 2.0, Max: 2.0, Diff: 0.0, Sum: 3.9]
      [Update RS (ms): Min: 4.2, Avg: 4.3, Max: 4.4, Diff: 0.2, Sum: 8.6]
         [Processed Buffers: Min: 6, Avg: 16.5, Max: 27, Diff: 21, Sum: 33]
      [Scan RS (ms): Min: 3.0, Avg: 3.0, Max: 3.1, Diff: 0.1, Sum: 6.1]
      [Code Root Scanning (ms): Min: 0.0, Avg: 0.0, Max: 0.0, Diff: 0.0, Sum: 0.0]
      [Object Copy (ms): Min: 20.9, Avg: 20.9, Max: 20.9, Diff: 0.0, Sum: 41.8]
      [Termination (ms): Min: 0.0, Avg: 0.0, Max: 0.0, Diff: 0.0, Sum: 0.0]
         [Termination Attempts: Min: 1, Avg: 1.0, Max: 1, Diff: 0, Sum: 2]
      [GC Worker Other (ms): Min: 0.0, Avg: 0.0, Max: 0.0, Diff: 0.0, Sum: 0.0]
      [GC Worker Total (ms): Min: 30.1, Avg: 30.2, Max: 30.3, Diff: 0.1, Sum: 60.4]
      [GC Worker End (ms): Min: 20492959.6, Avg: 20492959.6, Max: 20492959.6, Diff: 0.0]
   [Code Root Fixup: 0.1 ms]
   [Code Root Purge: 0.0 ms]
   [Clear CT: 0.1 ms]
   [Other: 0.9 ms]
      [Choose CSet: 0.0 ms]
      [Ref Proc: 0.3 ms]
      [Ref Enq: 0.0 ms]
      [Redirty Cards: 0.2 ms]
      [Humongous Register: 0.1 ms]
      [Humongous Reclaim: 0.0 ms]
      [Free CSet: 0.1 ms]
   [Eden: 46.0M(46.0M)->0.0B(44.0M) Survivors: 5120.0K->7168.0K Heap: 356.1M(1024.0M)->312.1M(1024.0M)]
 [Times: user=0.06 sys=0.00, real=0.03 secs] 
2017-09-20T10:06:09.511+0900: 20593.445: [GC pause (G1 Evacuation Pause) (young), 0.0275771 secs]
   [Parallel Time: 25.2 ms, GC Workers: 2]
      [GC Worker Start (ms): Min: 20593445.0, Avg: 20593445.1, Max: 20593445.2, Diff: 0.2]
      [Ext Root Scanning (ms): Min: 1.6, Avg: 1.7, Max: 1.9, Diff: 0.3, Sum: 3.5]
      [Update RS (ms): Min: 2.0, Avg: 2.4, Max: 2.7, Diff: 0.7, Sum: 4.7]
         [Processed Buffers: Min: 6, Avg: 16.0, Max: 26, Diff: 20, Sum: 32]
      [Scan RS (ms): Min: 2.6, Avg: 3.1, Max: 3.5, Diff: 0.8, Sum: 6.1]
      [Code Root Scanning (ms): Min: 0.0, Avg: 0.0, Max: 0.0, Diff: 0.0, Sum: 0.0]
      [Object Copy (ms): Min: 17.0, Avg: 17.3, Max: 17.5, Diff: 0.5, Sum: 34.6]
      [Termination (ms): Min: 0.0, Avg: 0.2, Max: 0.5, Diff: 0.5, Sum: 0.5]
         [Termination Attempts: Min: 1, Avg: 1.0, Max: 1, Diff: 0, Sum: 2]
      [GC Worker Other (ms): Min: 0.0, Avg: 0.0, Max: 0.0, Diff: 0.0, Sum: 0.1]
      [GC Worker Total (ms): Min: 24.5, Avg: 24.7, Max: 24.9, Diff: 0.4, Sum: 49.4]
      [GC Worker End (ms): Min: 20593469.7, Avg: 20593469.8, Max: 20593469.9, Diff: 0.2]
   [Code Root Fixup: 0.2 ms]
   [Code Root Purge: 0.0 ms]
   [Clear CT: 0.3 ms]
   [Other: 1.9 ms]
      [Choose CSet: 0.0 ms]
      [Ref Proc: 0.7 ms]
      [Ref Enq: 0.0 ms]
      [Redirty Cards: 0.6 ms]
      [Humongous Register: 0.1 ms]
      [Humongous Reclaim: 0.0 ms]
      [Free CSet: 0.1 ms]
   [Eden: 44.0M(44.0M)->0.0B(48.0M) Survivors: 7168.0K->3072.0K Heap: 356.1M(1024.0M)->309.3M(1024.0M)]
 [Times: user=0.05 sys=0.00, real=0.03 secs] 
2017-09-20T10:07:59.320+0900: 20703.254: [GC pause (G1 Evacuation Pause) (young), 0.0327224 secs]
   [Parallel Time: 31.1 ms, GC Workers: 2]
      [GC Worker Start (ms): Min: 20703254.0, Avg: 20703254.0, Max: 20703254.1, Diff: 0.1]
      [Ext Root Scanning (ms): Min: 2.2, Avg: 2.3, Max: 2.3, Diff: 0.1, Sum: 4.5]
      [Update RS (ms): Min: 2.5, Avg: 2.5, Max: 2.5, Diff: 0.0, Sum: 5.1]
         [Processed Buffers: Min: 14, Avg: 15.0, Max: 16, Diff: 2, Sum: 30]
      [Scan RS (ms): Min: 3.4, Avg: 3.5, Max: 3.5, Diff: 0.1, Sum: 6.9]
      [Code Root Scanning (ms): Min: 0.0, Avg: 0.0, Max: 0.0, Diff: 0.0, Sum: 0.0]
      [Object Copy (ms): Min: 22.7, Avg: 22.7, Max: 22.8, Diff: 0.1, Sum: 45.5]
      [Termination (ms): Min: 0.0, Avg: 0.0, Max: 0.0, Diff: 0.0, Sum: 0.0]
         [Termination Attempts: Min: 1, Avg: 1.0, Max: 1, Diff: 0, Sum: 2]
      [GC Worker Other (ms): Min: 0.0, Avg: 0.0, Max: 0.0, Diff: 0.0, Sum: 0.0]
      [GC Worker Total (ms): Min: 31.0, Avg: 31.0, Max: 31.1, Diff: 0.1, Sum: 62.0]
      [GC Worker End (ms): Min: 20703285.1, Avg: 20703285.1, Max: 20703285.1, Diff: 0.0]
   [Code Root Fixup: 0.1 ms]
   [Code Root Purge: 0.0 ms]
   [Clear CT: 0.1 ms]
   [Other: 1.4 ms]
      [Choose CSet: 0.0 ms]
      [Ref Proc: 0.4 ms]
      [Ref Enq: 0.0 ms]
      [Redirty Cards: 0.3 ms]
      [Humongous Register: 0.1 ms]
      [Humongous Reclaim: 0.1 ms]
      [Free CSet: 0.1 ms]
   [Eden: 48.0M(48.0M)->0.0B(46.0M) Survivors: 3072.0K->5120.0K Heap: 357.3M(1024.0M)->311.3M(1024.0M)]
 [Times: user=0.07 sys=0.00, real=0.03 secs] 
2017-09-20T10:09:43.847+0900: 20807.781: [GC pause (G1 Evacuation Pause) (young), 0.0314653 secs]
   [Parallel Time: 30.2 ms, GC Workers: 2]
      [GC Worker Start (ms): Min: 20807781.3, Avg: 20807781.4, Max: 20807781.5, Diff: 0.2]
      [Ext Root Scanning (ms): Min: 1.6, Avg: 1.7, Max: 1.8, Diff: 0.2, Sum: 3.3]
      [Update RS (ms): Min: 2.8, Avg: 3.0, Max: 3.1, Diff: 0.4, Sum: 5.9]
         [Processed Buffers: Min: 15, Avg: 15.5, Max: 16, Diff: 1, Sum: 31]
      [Scan RS (ms): Min: 2.1, Avg: 2.2, Max: 2.4, Diff: 0.3, Sum: 4.4]
      [Code Root Scanning (ms): Min: 0.0, Avg: 0.0, Max: 0.0, Diff: 0.0, Sum: 0.0]
      [Object Copy (ms): Min: 23.1, Avg: 23.2, Max: 23.2, Diff: 0.1, Sum: 46.3]
      [Termination (ms): Min: 0.0, Avg: 0.0, Max: 0.0, Diff: 0.0, Sum: 0.0]
         [Termination Attempts: Min: 1, Avg: 1.5, Max: 2, Diff: 1, Sum: 3]
      [GC Worker Other (ms): Min: 0.0, Avg: 0.0, Max: 0.0, Diff: 0.0, Sum: 0.0]
      [GC Worker Total (ms): Min: 29.9, Avg: 30.0, Max: 30.1, Diff: 0.2, Sum: 60.0]
      [GC Worker End (ms): Min: 20807811.4, Avg: 20807811.4, Max: 20807811.4, Diff: 0.0]
   [Code Root Fixup: 0.1 ms]
   [Code Root Purge: 0.0 ms]
   [Clear CT: 0.1 ms]
   [Other: 1.1 ms]
      [Choose CSet: 0.0 ms]
      [Ref Proc: 0.2 ms]
      [Ref Enq: 0.0 ms]
      [Redirty Cards: 0.3 ms]
      [Humongous Register: 0.1 ms]
      [Humongous Reclaim: 0.0 ms]
      [Free CSet: 0.1 ms]
   [Eden: 46.0M(46.0M)->0.0B(44.0M) Survivors: 5120.0K->7168.0K Heap: 357.3M(1024.0M)->313.2M(1024.0M)]
 [Times: user=0.06 sys=0.00, real=0.03 secs] 
2017-09-20T10:11:24.258+0900: 20908.192: [GC pause (G1 Evacuation Pause) (young), 0.0374380 secs]
   [Parallel Time: 35.8 ms, GC Workers: 2]
      [GC Worker Start (ms): Min: 20908192.0, Avg: 20908192.0, Max: 20908192.0, Diff: 0.0]
      [Ext Root Scanning (ms): Min: 1.8, Avg: 1.8, Max: 1.9, Diff: 0.1, Sum: 3.6]
      [Update RS (ms): Min: 3.0, Avg: 3.4, Max: 3.8, Diff: 0.8, Sum: 6.8]
         [Processed Buffers: Min: 15, Avg: 18.0, Max: 21, Diff: 6, Sum: 36]
      [Scan RS (ms): Min: 2.3, Avg: 2.7, Max: 3.0, Diff: 0.7, Sum: 5.4]
      [Code Root Scanning (ms): Min: 0.0, Avg: 0.0, Max: 0.0, Diff: 0.0, Sum: 0.0]
      [Object Copy (ms): Min: 27.7, Avg: 27.8, Max: 27.8, Diff: 0.0, Sum: 55.5]
      [Termination (ms): Min: 0.0, Avg: 0.0, Max: 0.0, Diff: 0.0, Sum: 0.0]
         [Termination Attempts: Min: 1, Avg: 1.0, Max: 1, Diff: 0, Sum: 2]
      [GC Worker Other (ms): Min: 0.0, Avg: 0.0, Max: 0.0, Diff: 0.0, Sum: 0.0]
      [GC Worker Total (ms): Min: 35.7, Avg: 35.7, Max: 35.7, Diff: 0.0, Sum: 71.4]
      [GC Worker End (ms): Min: 20908227.7, Avg: 20908227.7, Max: 20908227.7, Diff: 0.0]
   [Code Root Fixup: 0.1 ms]
   [Code Root Purge: 0.0 ms]
   [Clear CT: 0.1 ms]
   [Other: 1.3 ms]
      [Choose CSet: 0.1 ms]
      [Ref Proc: 0.4 ms]
      [Ref Enq: 0.0 ms]
      [Redirty Cards: 0.4 ms]
      [Humongous Register: 0.1 ms]
      [Humongous Reclaim: 0.0 ms]
      [Free CSet: 0.1 ms]
   [Eden: 44.0M(44.0M)->0.0B(47.0M) Survivors: 7168.0K->4096.0K Heap: 357.2M(1024.0M)->314.7M(1024.0M)]
 [Times: user=0.07 sys=0.01, real=0.04 secs] 
2017-09-20T10:13:10.921+0900: 21014.855: [GC pause (G1 Evacuation Pause) (young), 0.0398909 secs]
   [Parallel Time: 38.8 ms, GC Workers: 2]
      [GC Worker Start (ms): Min: 21014854.8, Avg: 21014854.9, Max: 21014854.9, Diff: 0.1]
      [Ext Root Scanning (ms): Min: 1.7, Avg: 1.9, Max: 2.0, Diff: 0.2, Sum: 3.7]
      [Update RS (ms): Min: 3.1, Avg: 3.5, Max: 3.9, Diff: 0.9, Sum: 7.0]
         [Processed Buffers: Min: 15, Avg: 16.5, Max: 18, Diff: 3, Sum: 33]
      [Scan RS (ms): Min: 2.5, Avg: 2.9, Max: 3.2, Diff: 0.7, Sum: 5.7]
      [Code Root Scanning (ms): Min: 0.0, Avg: 0.0, Max: 0.0, Diff: 0.0, Sum: 0.0]
      [Object Copy (ms): Min: 30.3, Avg: 30.5, Max: 30.6, Diff: 0.3, Sum: 60.9]
      [Termination (ms): Min: 0.0, Avg: 0.0, Max: 0.0, Diff: 0.0, Sum: 0.0]
         [Termination Attempts: Min: 1, Avg: 1.0, Max: 1, Diff: 0, Sum: 2]
      [GC Worker Other (ms): Min: 0.0, Avg: 0.0, Max: 0.0, Diff: 0.0, Sum: 0.0]
      [GC Worker Total (ms): Min: 38.7, Avg: 38.7, Max: 38.7, Diff: 0.1, Sum: 77.4]
      [GC Worker End (ms): Min: 21014893.6, Avg: 21014893.6, Max: 21014893.6, Diff: 0.0]
   [Code Root Fixup: 0.1 ms]
   [Code Root Purge: 0.0 ms]
   [Clear CT: 0.1 ms]
   [Other: 0.9 ms]
      [Choose CSet: 0.0 ms]
      [Ref Proc: 0.3 ms]
      [Ref Enq: 0.0 ms]
      [Redirty Cards: 0.2 ms]
      [Humongous Register: 0.1 ms]
      [Humongous Reclaim: 0.0 ms]
      [Free CSet: 0.1 ms]
   [Eden: 47.0M(47.0M)->0.0B(44.0M) Survivors: 4096.0K->7168.0K Heap: 361.7M(1024.0M)->317.2M(1024.0M)]
 [Times: user=0.07 sys=0.00, real=0.04 secs] 
2017-09-20T10:14:51.113+0900: 21115.046: [GC pause (G1 Evacuation Pause) (young), 0.0244710 secs]
   [Parallel Time: 22.7 ms, GC Workers: 2]
      [GC Worker Start (ms): Min: 21115046.7, Avg: 21115046.8, Max: 21115046.9, Diff: 0.2]
      [Ext Root Scanning (ms): Min: 1.6, Avg: 1.8, Max: 1.9, Diff: 0.3, Sum: 3.5]
      [Update RS (ms): Min: 2.0, Avg: 2.0, Max: 2.0, Diff: 0.0, Sum: 4.1]
         [Processed Buffers: Min: 10, Avg: 15.5, Max: 21, Diff: 11, Sum: 31]
      [Scan RS (ms): Min: 4.0, Avg: 4.0, Max: 4.1, Diff: 0.0, Sum: 8.1]
      [Code Root Scanning (ms): Min: 0.0, Avg: 0.0, Max: 0.0, Diff: 0.0, Sum: 0.0]
      [Object Copy (ms): Min: 14.6, Avg: 14.7, Max: 14.7, Diff: 0.1, Sum: 29.3]
      [Termination (ms): Min: 0.0, Avg: 0.0, Max: 0.1, Diff: 0.1, Sum: 0.1]
         [Termination Attempts: Min: 1, Avg: 1.5, Max: 2, Diff: 1, Sum: 3]
      [GC Worker Other (ms): Min: 0.0, Avg: 0.0, Max: 0.0, Diff: 0.0, Sum: 0.0]
      [GC Worker Total (ms): Min: 22.5, Avg: 22.6, Max: 22.6, Diff: 0.1, Sum: 45.1]
      [GC Worker End (ms): Min: 21115069.3, Avg: 21115069.3, Max: 21115069.4, Diff: 0.0]
   [Code Root Fixup: 0.1 ms]
   [Code Root Purge: 0.0 ms]
   [Clear CT: 0.2 ms]
   [Other: 1.5 ms]
      [Choose CSet: 0.0 ms]
      [Ref Proc: 0.5 ms]
      [Ref Enq: 0.0 ms]
      [Redirty Cards: 0.4 ms]
      [Humongous Register: 0.1 ms]
      [Humongous Reclaim: 0.0 ms]
      [Free CSet: 0.1 ms]
   [Eden: 44.0M(44.0M)->0.0B(48.0M) Survivors: 7168.0K->3072.0K Heap: 361.2M(1024.0M)->314.7M(1024.0M)]
 [Times: user=0.05 sys=0.00, real=0.03 secs] 
2017-09-20T10:16:40.806+0900: 21224.740: [GC pause (G1 Evacuation Pause) (young), 0.0330970 secs]
   [Parallel Time: 31.8 ms, GC Workers: 2]
      [GC Worker Start (ms): Min: 21224740.1, Avg: 21224740.3, Max: 21224740.4, Diff: 0.2]
      [Ext Root Scanning (ms): Min: 1.6, Avg: 1.7, Max: 1.8, Diff: 0.2, Sum: 3.4]
      [Update RS (ms): Min: 2.7, Avg: 3.2, Max: 3.6, Diff: 0.9, Sum: 6.3]
         [Processed Buffers: Min: 7, Avg: 15.5, Max: 24, Diff: 17, Sum: 31]
      [Scan RS (ms): Min: 1.9, Avg: 2.3, Max: 2.8, Diff: 0.9, Sum: 4.7]
      [Code Root Scanning (ms): Min: 0.0, Avg: 0.0, Max: 0.0, Diff: 0.0, Sum: 0.0]
      [Object Copy (ms): Min: 24.3, Avg: 24.3, Max: 24.3, Diff: 0.0, Sum: 48.6]
      [Termination (ms): Min: 0.0, Avg: 0.0, Max: 0.0, Diff: 0.0, Sum: 0.0]
         [Termination Attempts: Min: 2, Avg: 2.0, Max: 2, Diff: 0, Sum: 4]
      [GC Worker Other (ms): Min: 0.0, Avg: 0.0, Max: 0.0, Diff: 0.0, Sum: 0.0]
      [GC Worker Total (ms): Min: 31.4, Avg: 31.5, Max: 31.6, Diff: 0.2, Sum: 63.0]
      [GC Worker End (ms): Min: 21224771.8, Avg: 21224771.8, Max: 21224771.8, Diff: 0.0]
   [Code Root Fixup: 0.1 ms]
   [Code Root Purge: 0.0 ms]
   [Clear CT: 0.2 ms]
   [Other: 1.1 ms]
      [Choose CSet: 0.0 ms]
      [Ref Proc: 0.5 ms]
      [Ref Enq: 0.0 ms]
      [Redirty Cards: 0.3 ms]
      [Humongous Register: 0.1 ms]
      [Humongous Reclaim: 0.0 ms]
      [Free CSet: 0.0 ms]
   [Eden: 48.0M(48.0M)->0.0B(46.0M) Survivors: 3072.0K->5120.0K Heap: 362.7M(1024.0M)->316.7M(1024.0M)]
 [Times: user=0.06 sys=0.00, real=0.04 secs] 
2017-09-20T10:18:26.010+0900: 21329.944: [GC pause (G1 Evacuation Pause) (young), 0.0445660 secs]
   [Parallel Time: 43.5 ms, GC Workers: 2]
      [GC Worker Start (ms): Min: 21329944.1, Avg: 21329944.2, Max: 21329944.2, Diff: 0.1]
      [Ext Root Scanning (ms): Min: 2.0, Avg: 2.1, Max: 2.2, Diff: 0.2, Sum: 4.1]
      [Update RS (ms): Min: 2.9, Avg: 3.2, Max: 3.5, Diff: 0.5, Sum: 6.4]
         [Processed Buffers: Min: 16, Avg: 16.0, Max: 16, Diff: 0, Sum: 32]
      [Scan RS (ms): Min: 5.8, Avg: 5.9, Max: 5.9, Diff: 0.1, Sum: 11.7]
      [Code Root Scanning (ms): Min: 0.0, Avg: 0.0, Max: 0.0, Diff: 0.0, Sum: 0.0]
      [Object Copy (ms): Min: 31.5, Avg: 31.9, Max: 32.3, Diff: 0.8, Sum: 63.9]
      [Termination (ms): Min: 0.0, Avg: 0.1, Max: 0.1, Diff: 0.1, Sum: 0.2]
         [Termination Attempts: Min: 3, Avg: 4.0, Max: 5, Diff: 2, Sum: 8]
      [GC Worker Other (ms): Min: 0.0, Avg: 0.0, Max: 0.0, Diff: 0.0, Sum: 0.0]
      [GC Worker Total (ms): Min: 43.1, Avg: 43.2, Max: 43.2, Diff: 0.1, Sum: 86.3]
      [GC Worker End (ms): Min: 21329987.3, Avg: 21329987.3, Max: 21329987.4, Diff: 0.1]
   [Code Root Fixup: 0.1 ms]
   [Code Root Purge: 0.0 ms]
   [Clear CT: 0.1 ms]
   [Other: 0.9 ms]
      [Choose CSet: 0.0 ms]
      [Ref Proc: 0.3 ms]
      [Ref Enq: 0.0 ms]
      [Redirty Cards: 0.2 ms]
      [Humongous Register: 0.1 ms]
      [Humongous Reclaim: 0.0 ms]
      [Free CSet: 0.1 ms]
   [Eden: 46.0M(46.0M)->0.0B(45.0M) Survivors: 5120.0K->6144.0K Heap: 362.7M(1024.0M)->318.4M(1024.0M)]
 [Times: user=0.07 sys=0.00, real=0.05 secs] 
2017-09-20T10:20:08.746+0900: 21432.680: [GC pause (G1 Evacuation Pause) (young), 0.0389313 secs]
   [Parallel Time: 37.7 ms, GC Workers: 2]
      [GC Worker Start (ms): Min: 21432679.9, Avg: 21432680.0, Max: 21432680.0, Diff: 0.1]
      [Ext Root Scanning (ms): Min: 2.1, Avg: 2.2, Max: 2.3, Diff: 0.1, Sum: 4.4]
      [Update RS (ms): Min: 4.6, Avg: 4.6, Max: 4.6, Diff: 0.0, Sum: 9.2]
         [Processed Buffers: Min: 16, Avg: 17.5, Max: 19, Diff: 3, Sum: 35]
      [Scan RS (ms): Min: 3.4, Avg: 3.5, Max: 3.6, Diff: 0.2, Sum: 7.0]
      [Code Root Scanning (ms): Min: 0.0, Avg: 0.0, Max: 0.0, Diff: 0.0, Sum: 0.0]
      [Object Copy (ms): Min: 27.1, Avg: 27.2, Max: 27.3, Diff: 0.3, Sum: 54.4]
      [Termination (ms): Min: 0.1, Avg: 0.1, Max: 0.1, Diff: 0.0, Sum: 0.1]
         [Termination Attempts: Min: 6, Avg: 7.0, Max: 8, Diff: 2, Sum: 14]
      [GC Worker Other (ms): Min: 0.0, Avg: 0.0, Max: 0.0, Diff: 0.0, Sum: 0.0]
      [GC Worker Total (ms): Min: 37.5, Avg: 37.6, Max: 37.6, Diff: 0.1, Sum: 75.2]
      [GC Worker End (ms): Min: 21432717.6, Avg: 21432717.6, Max: 21432717.6, Diff: 0.0]
   [Code Root Fixup: 0.1 ms]
   [Code Root Purge: 0.0 ms]
   [Clear CT: 0.1 ms]
   [Other: 1.0 ms]
      [Choose CSet: 0.0 ms]
      [Ref Proc: 0.3 ms]
      [Ref Enq: 0.0 ms]
      [Redirty Cards: 0.2 ms]
      [Humongous Register: 0.1 ms]
      [Humongous Reclaim: 0.0 ms]
      [Free CSet: 0.1 ms]
   [Eden: 45.0M(45.0M)->0.0B(46.0M) Survivors: 6144.0K->5120.0K Heap: 363.4M(1024.0M)->320.8M(1024.0M)]
 [Times: user=0.07 sys=0.00, real=0.04 secs] 
2017-09-20T10:21:53.183+0900: 21537.117: [GC pause (G1 Evacuation Pause) (young), 0.0056348 secs]
   [Parallel Time: 4.8 ms, GC Workers: 2]
      [GC Worker Start (ms): Min: 21537116.9, Avg: 21537116.9, Max: 21537116.9, Diff: 0.0]
      [Ext Root Scanning (ms): Min: 0.6, Avg: 0.7, Max: 0.7, Diff: 0.0, Sum: 1.3]
      [Update RS (ms): Min: 0.8, Avg: 0.9, Max: 0.9, Diff: 0.1, Sum: 1.8]
         [Processed Buffers: Min: 10, Avg: 16.0, Max: 22, Diff: 12, Sum: 32]
      [Scan RS (ms): Min: 0.7, Avg: 0.7, Max: 0.8, Diff: 0.1, Sum: 1.5]
      [Code Root Scanning (ms): Min: 0.0, Avg: 0.0, Max: 0.0, Diff: 0.0, Sum: 0.0]
      [Object Copy (ms): Min: 2.5, Avg: 2.5, Max: 2.5, Diff: 0.0, Sum: 5.0]
      [Termination (ms): Min: 0.0, Avg: 0.0, Max: 0.0, Diff: 0.0, Sum: 0.0]
         [Termination Attempts: Min: 1, Avg: 1.0, Max: 1, Diff: 0, Sum: 2]
      [GC Worker Other (ms): Min: 0.0, Avg: 0.0, Max: 0.0, Diff: 0.0, Sum: 0.0]
      [GC Worker Total (ms): Min: 4.8, Avg: 4.8, Max: 4.8, Diff: 0.0, Sum: 9.5]
      [GC Worker End (ms): Min: 21537121.6, Avg: 21537121.6, Max: 21537121.6, Diff: 0.0]
   [Code Root Fixup: 0.0 ms]
   [Code Root Purge: 0.0 ms]
   [Clear CT: 0.1 ms]
   [Other: 0.7 ms]
      [Choose CSet: 0.0 ms]
      [Ref Proc: 0.2 ms]
      [Ref Enq: 0.0 ms]
      [Redirty Cards: 0.2 ms]
      [Humongous Register: 0.0 ms]
      [Humongous Reclaim: 0.0 ms]
      [Free CSet: 0.0 ms]
   [Eden: 46.0M(46.0M)->0.0B(48.0M) Survivors: 5120.0K->3072.0K Heap: 366.8M(1024.0M)->318.8M(1024.0M)]
 [Times: user=0.00 sys=0.00, real=0.01 secs] 
2017-09-20T10:23:39.210+0900: 21643.143: [GC pause (G1 Evacuation Pause) (young), 0.0291480 secs]
   [Parallel Time: 27.3 ms, GC Workers: 2]
      [GC Worker Start (ms): Min: 21643143.6, Avg: 21643143.6, Max: 21643143.7, Diff: 0.1]
      [Ext Root Scanning (ms): Min: 2.1, Avg: 4.1, Max: 6.2, Diff: 4.1, Sum: 8.3]
      [Update RS (ms): Min: 1.1, Avg: 3.2, Max: 5.3, Diff: 4.1, Sum: 6.4]
         [Processed Buffers: Min: 14, Avg: 16.5, Max: 19, Diff: 5, Sum: 33]
      [Scan RS (ms): Min: 2.0, Avg: 2.1, Max: 2.1, Diff: 0.1, Sum: 4.2]
      [Code Root Scanning (ms): Min: 0.0, Avg: 0.0, Max: 0.0, Diff: 0.0, Sum: 0.0]
      [Object Copy (ms): Min: 17.7, Avg: 17.7, Max: 17.7, Diff: 0.0, Sum: 35.5]
      [Termination (ms): Min: 0.0, Avg: 0.0, Max: 0.0, Diff: 0.0, Sum: 0.0]
         [Termination Attempts: Min: 1, Avg: 1.0, Max: 1, Diff: 0, Sum: 2]
      [GC Worker Other (ms): Min: 0.0, Avg: 0.0, Max: 0.0, Diff: 0.0, Sum: 0.0]
      [GC Worker Total (ms): Min: 27.1, Avg: 27.2, Max: 27.3, Diff: 0.1, Sum: 54.4]
      [GC Worker End (ms): Min: 21643170.8, Avg: 21643170.8, Max: 21643170.8, Diff: 0.0]
   [Code Root Fixup: 0.1 ms]
   [Code Root Purge: 0.0 ms]
   [Clear CT: 0.3 ms]
   [Other: 1.5 ms]
      [Choose CSet: 0.0 ms]
      [Ref Proc: 0.5 ms]
      [Ref Enq: 0.0 ms]
      [Redirty Cards: 0.5 ms]
      [Humongous Register: 0.1 ms]
      [Humongous Reclaim: 0.0 ms]
      [Free CSet: 0.1 ms]
   [Eden: 48.0M(48.0M)->0.0B(46.0M) Survivors: 3072.0K->5120.0K Heap: 366.8M(1024.0M)->321.3M(1024.0M)]
 [Times: user=0.05 sys=0.00, real=0.03 secs] 
2017-09-20T10:25:24.891+0900: 21748.825: [GC pause (G1 Evacuation Pause) (young), 0.0418281 secs]
   [Parallel Time: 39.5 ms, GC Workers: 2]
      [GC Worker Start (ms): Min: 21748825.1, Avg: 21748825.1, Max: 21748825.2, Diff: 0.0]
      [Ext Root Scanning (ms): Min: 1.7, Avg: 1.8, Max: 1.8, Diff: 0.1, Sum: 3.6]
      [Update RS (ms): Min: 2.6, Avg: 2.6, Max: 2.7, Diff: 0.1, Sum: 5.3]
         [Processed Buffers: Min: 7, Avg: 16.0, Max: 25, Diff: 18, Sum: 32]
      [Scan RS (ms): Min: 1.8, Avg: 1.9, Max: 2.0, Diff: 0.1, Sum: 3.8]
      [Code Root Scanning (ms): Min: 0.0, Avg: 0.0, Max: 0.0, Diff: 0.0, Sum: 0.0]
      [Object Copy (ms): Min: 32.7, Avg: 32.8, Max: 32.8, Diff: 0.1, Sum: 65.6]
      [Termination (ms): Min: 0.0, Avg: 0.0, Max: 0.0, Diff: 0.0, Sum: 0.0]
         [Termination Attempts: Min: 1, Avg: 1.0, Max: 1, Diff: 0, Sum: 2]
      [GC Worker Other (ms): Min: 0.0, Avg: 0.0, Max: 0.0, Diff: 0.0, Sum: 0.1]
      [GC Worker Total (ms): Min: 39.1, Avg: 39.1, Max: 39.2, Diff: 0.0, Sum: 78.3]
      [GC Worker End (ms): Min: 21748864.3, Avg: 21748864.3, Max: 21748864.3, Diff: 0.0]
   [Code Root Fixup: 0.2 ms]
   [Code Root Purge: 0.0 ms]
   [Clear CT: 0.3 ms]
   [Other: 1.8 ms]
      [Choose CSet: 0.0 ms]
      [Ref Proc: 0.6 ms]
      [Ref Enq: 0.0 ms]
      [Redirty Cards: 0.6 ms]
      [Humongous Register: 0.1 ms]
      [Humongous Reclaim: 0.0 ms]
      [Free CSet: 0.1 ms]
   [Eden: 46.0M(46.0M)->0.0B(45.0M) Survivors: 5120.0K->6144.0K Heap: 367.3M(1024.0M)->322.7M(1024.0M)]
 [Times: user=0.08 sys=0.00, real=0.04 secs] 
2017-09-20T10:27:07.123+0900: 21851.056: [GC pause (G1 Evacuation Pause) (young), 0.0261917 secs]
   [Parallel Time: 25.5 ms, GC Workers: 2]
      [GC Worker Start (ms): Min: 21851056.6, Avg: 21851056.6, Max: 21851056.6, Diff: 0.0]
      [Ext Root Scanning (ms): Min: 1.1, Avg: 1.2, Max: 1.2, Diff: 0.1, Sum: 2.3]
      [Update RS (ms): Min: 1.7, Avg: 1.7, Max: 1.7, Diff: 0.0, Sum: 3.4]
         [Processed Buffers: Min: 14, Avg: 15.0, Max: 16, Diff: 2, Sum: 30]
      [Scan RS (ms): Min: 1.5, Avg: 1.6, Max: 1.6, Diff: 0.1, Sum: 3.1]
      [Code Root Scanning (ms): Min: 0.0, Avg: 0.0, Max: 0.0, Diff: 0.0, Sum: 0.0]
      [Object Copy (ms): Min: 20.8, Avg: 20.9, Max: 21.0, Diff: 0.2, Sum: 41.8]
      [Termination (ms): Min: 0.0, Avg: 0.0, Max: 0.0, Diff: 0.0, Sum: 0.0]
         [Termination Attempts: Min: 1, Avg: 2.0, Max: 3, Diff: 2, Sum: 4]
      [GC Worker Other (ms): Min: 0.0, Avg: 0.0, Max: 0.0, Diff: 0.0, Sum: 0.0]
      [GC Worker Total (ms): Min: 25.4, Avg: 25.4, Max: 25.4, Diff: 0.0, Sum: 50.8]
      [GC Worker End (ms): Min: 21851082.0, Avg: 21851082.0, Max: 21851082.0, Diff: 0.0]
   [Code Root Fixup: 0.1 ms]
   [Code Root Purge: 0.0 ms]
   [Clear CT: 0.1 ms]
   [Other: 0.6 ms]
      [Choose CSet: 0.0 ms]
      [Ref Proc: 0.2 ms]
      [Ref Enq: 0.0 ms]
      [Redirty Cards: 0.1 ms]
      [Humongous Register: 0.0 ms]
      [Humongous Reclaim: 0.0 ms]
      [Free CSet: 0.0 ms]
   [Eden: 45.0M(45.0M)->0.0B(46.0M) Survivors: 6144.0K->5120.0K Heap: 367.7M(1024.0M)->325.1M(1024.0M)]
 [Times: user=0.04 sys=0.00, real=0.03 secs] 
2017-09-20T10:28:51.767+0900: 21955.701: [GC pause (G1 Evacuation Pause) (young), 0.0087362 secs]
   [Parallel Time: 7.9 ms, GC Workers: 2]
      [GC Worker Start (ms): Min: 21955700.8, Avg: 21955700.8, Max: 21955700.8, Diff: 0.0]
      [Ext Root Scanning (ms): Min: 0.5, Avg: 0.6, Max: 0.6, Diff: 0.0, Sum: 1.1]
      [Update RS (ms): Min: 0.9, Avg: 0.9, Max: 0.9, Diff: 0.0, Sum: 1.8]
         [Processed Buffers: Min: 4, Avg: 15.5, Max: 27, Diff: 23, Sum: 31]
      [Scan RS (ms): Min: 0.2, Avg: 0.2, Max: 0.3, Diff: 0.1, Sum: 0.4]
      [Code Root Scanning (ms): Min: 0.0, Avg: 0.0, Max: 0.0, Diff: 0.0, Sum: 0.0]
      [Object Copy (ms): Min: 6.2, Avg: 6.2, Max: 6.3, Diff: 0.1, Sum: 12.4]
      [Termination (ms): Min: 0.0, Avg: 0.0, Max: 0.0, Diff: 0.0, Sum: 0.0]
         [Termination Attempts: Min: 1, Avg: 1.0, Max: 1, Diff: 0, Sum: 2]
      [GC Worker Other (ms): Min: 0.0, Avg: 0.0, Max: 0.0, Diff: 0.0, Sum: 0.0]
      [GC Worker Total (ms): Min: 7.9, Avg: 7.9, Max: 7.9, Diff: 0.0, Sum: 15.8]
      [GC Worker End (ms): Min: 21955708.7, Avg: 21955708.7, Max: 21955708.7, Diff: 0.0]
   [Code Root Fixup: 0.0 ms]
   [Code Root Purge: 0.0 ms]
   [Clear CT: 0.1 ms]
   [Other: 0.7 ms]
      [Choose CSet: 0.0 ms]
      [Ref Proc: 0.3 ms]
      [Ref Enq: 0.0 ms]
      [Redirty Cards: 0.2 ms]
      [Humongous Register: 0.0 ms]
      [Humongous Reclaim: 0.0 ms]
      [Free CSet: 0.0 ms]
   [Eden: 46.0M(46.0M)->0.0B(44.0M) Survivors: 5120.0K->7168.0K Heap: 371.1M(1024.0M)->327.1M(1024.0M)]
 [Times: user=0.02 sys=0.00, real=0.01 secs] 
2017-09-20T10:30:31.878+0900: 22055.812: [GC pause (G1 Evacuation Pause) (young), 0.0193726 secs]
   [Parallel Time: 17.2 ms, GC Workers: 2]
      [GC Worker Start (ms): Min: 22055812.1, Avg: 22055812.5, Max: 22055812.9, Diff: 0.8]
      [Ext Root Scanning (ms): Min: 1.7, Avg: 2.1, Max: 2.5, Diff: 0.9, Sum: 4.2]
      [Update RS (ms): Min: 1.7, Avg: 1.7, Max: 1.8, Diff: 0.0, Sum: 3.5]
         [Processed Buffers: Min: 3, Avg: 16.5, Max: 30, Diff: 27, Sum: 33]
      [Scan RS (ms): Min: 1.6, Avg: 1.6, Max: 1.6, Diff: 0.0, Sum: 3.1]
      [Code Root Scanning (ms): Min: 0.0, Avg: 0.0, Max: 0.0, Diff: 0.0, Sum: 0.0]
      [Object Copy (ms): Min: 11.2, Avg: 11.2, Max: 11.2, Diff: 0.0, Sum: 22.4]
      [Termination (ms): Min: 0.0, Avg: 0.1, Max: 0.1, Diff: 0.1, Sum: 0.1]
         [Termination Attempts: Min: 1, Avg: 1.5, Max: 2, Diff: 1, Sum: 3]
      [GC Worker Other (ms): Min: 0.0, Avg: 0.0, Max: 0.0, Diff: 0.0, Sum: 0.1]
      [GC Worker Total (ms): Min: 16.3, Avg: 16.7, Max: 17.1, Diff: 0.8, Sum: 33.4]
      [GC Worker End (ms): Min: 22055829.2, Avg: 22055829.2, Max: 22055829.2, Diff: 0.0]
   [Code Root Fixup: 0.1 ms]
   [Code Root Purge: 0.0 ms]
   [Clear CT: 0.3 ms]
   [Other: 1.7 ms]
      [Choose CSet: 0.0 ms]
      [Ref Proc: 0.7 ms]
      [Ref Enq: 0.0 ms]
      [Redirty Cards: 0.3 ms]
      [Humongous Register: 0.1 ms]
      [Humongous Reclaim: 0.0 ms]
      [Free CSet: 0.1 ms]
   [Eden: 44.0M(44.0M)->0.0B(48.0M) Survivors: 7168.0K->3072.0K Heap: 371.1M(1024.0M)->323.8M(1024.0M)]
 [Times: user=0.04 sys=0.00, real=0.02 secs] 
2017-09-20T10:32:22.146+0900: 22166.079: [GC pause (G1 Evacuation Pause) (young), 0.0122090 secs]
   [Parallel Time: 11.0 ms, GC Workers: 2]
      [GC Worker Start (ms): Min: 22166079.5, Avg: 22166079.5, Max: 22166079.5, Diff: 0.0]
      [Ext Root Scanning (ms): Min: 1.0, Avg: 1.1, Max: 1.1, Diff: 0.1, Sum: 2.1]
      [Update RS (ms): Min: 1.1, Avg: 1.2, Max: 1.2, Diff: 0.1, Sum: 2.3]
         [Processed Buffers: Min: 8, Avg: 16.5, Max: 25, Diff: 17, Sum: 33]
      [Scan RS (ms): Min: 0.6, Avg: 0.6, Max: 0.6, Diff: 0.0, Sum: 1.3]
      [Code Root Scanning (ms): Min: 0.0, Avg: 0.0, Max: 0.0, Diff: 0.0, Sum: 0.0]
      [Object Copy (ms): Min: 7.9, Avg: 8.0, Max: 8.0, Diff: 0.1, Sum: 16.0]
      [Termination (ms): Min: 0.0, Avg: 0.0, Max: 0.0, Diff: 0.0, Sum: 0.0]
         [Termination Attempts: Min: 1, Avg: 1.0, Max: 1, Diff: 0, Sum: 2]
      [GC Worker Other (ms): Min: 0.0, Avg: 0.0, Max: 0.0, Diff: 0.0, Sum: 0.0]
      [GC Worker Total (ms): Min: 10.8, Avg: 10.9, Max: 10.9, Diff: 0.0, Sum: 21.7]
      [GC Worker End (ms): Min: 22166090.3, Avg: 22166090.3, Max: 22166090.3, Diff: 0.0]
   [Code Root Fixup: 0.1 ms]
   [Code Root Purge: 0.0 ms]
   [Clear CT: 0.2 ms]
   [Other: 1.0 ms]
      [Choose CSet: 0.0 ms]
      [Ref Proc: 0.4 ms]
      [Ref Enq: 0.0 ms]
      [Redirty Cards: 0.3 ms]
      [Humongous Register: 0.0 ms]
      [Humongous Reclaim: 0.0 ms]
      [Free CSet: 0.0 ms]
   [Eden: 48.0M(48.0M)->0.0B(46.0M) Survivors: 3072.0K->5120.0K Heap: 371.8M(1024.0M)->325.8M(1024.0M)]
 [Times: user=0.03 sys=0.00, real=0.02 secs] 
2017-09-20T10:34:07.264+0900: 22271.198: [GC pause (G1 Evacuation Pause) (young), 0.0360259 secs]
   [Parallel Time: 34.6 ms, GC Workers: 2]
      [GC Worker Start (ms): Min: 22271198.1, Avg: 22271198.2, Max: 22271198.2, Diff: 0.1]
      [Ext Root Scanning (ms): Min: 1.8, Avg: 1.9, Max: 2.0, Diff: 0.2, Sum: 3.7]
      [Update RS (ms): Min: 2.7, Avg: 3.1, Max: 3.5, Diff: 0.8, Sum: 6.2]
         [Processed Buffers: Min: 5, Avg: 18.0, Max: 31, Diff: 26, Sum: 36]
      [Scan RS (ms): Min: 0.6, Avg: 0.9, Max: 1.3, Diff: 0.8, Sum: 1.9]
      [Code Root Scanning (ms): Min: 0.0, Avg: 0.0, Max: 0.0, Diff: 0.0, Sum: 0.0]
      [Object Copy (ms): Min: 28.5, Avg: 28.5, Max: 28.6, Diff: 0.0, Sum: 57.1]
      [Termination (ms): Min: 0.0, Avg: 0.0, Max: 0.0, Diff: 0.0, Sum: 0.0]
         [Termination Attempts: Min: 1, Avg: 1.0, Max: 1, Diff: 0, Sum: 2]
      [GC Worker Other (ms): Min: 0.0, Avg: 0.0, Max: 0.0, Diff: 0.0, Sum: 0.0]
      [GC Worker Total (ms): Min: 34.4, Avg: 34.5, Max: 34.6, Diff: 0.1, Sum: 69.0]
      [GC Worker End (ms): Min: 22271232.7, Avg: 22271232.7, Max: 22271232.7, Diff: 0.0]
   [Code Root Fixup: 0.1 ms]
   [Code Root Purge: 0.0 ms]
   [Clear CT: 0.2 ms]
   [Other: 1.2 ms]
      [Choose CSet: 0.0 ms]
      [Ref Proc: 0.4 ms]
      [Ref Enq: 0.0 ms]
      [Redirty Cards: 0.2 ms]
      [Humongous Register: 0.1 ms]
      [Humongous Reclaim: 0.0 ms]
      [Free CSet: 0.0 ms]
   [Eden: 46.0M(46.0M)->0.0B(45.0M) Survivors: 5120.0K->6144.0K Heap: 371.8M(1024.0M)->326.8M(1024.0M)]
 [Times: user=0.07 sys=0.00, real=0.04 secs] 
2017-09-20T10:35:49.846+0900: 22373.780: [GC pause (G1 Evacuation Pause) (young), 0.0205402 secs]
   [Parallel Time: 19.4 ms, GC Workers: 2]
      [GC Worker Start (ms): Min: 22373779.9, Avg: 22373779.9, Max: 22373779.9, Diff: 0.1]
      [Ext Root Scanning (ms): Min: 1.0, Avg: 1.0, Max: 1.0, Diff: 0.1, Sum: 2.0]
      [Update RS (ms): Min: 1.1, Avg: 1.2, Max: 1.2, Diff: 0.0, Sum: 2.3]
         [Processed Buffers: Min: 10, Avg: 17.0, Max: 24, Diff: 14, Sum: 34]
      [Scan RS (ms): Min: 0.6, Avg: 0.6, Max: 0.6, Diff: 0.0, Sum: 1.2]
      [Code Root Scanning (ms): Min: 0.0, Avg: 0.0, Max: 0.0, Diff: 0.0, Sum: 0.0]
      [Object Copy (ms): Min: 16.5, Avg: 16.5, Max: 16.6, Diff: 0.0, Sum: 33.1]
      [Termination (ms): Min: 0.0, Avg: 0.0, Max: 0.0, Diff: 0.0, Sum: 0.0]
         [Termination Attempts: Min: 1, Avg: 1.0, Max: 1, Diff: 0, Sum: 2]
      [GC Worker Other (ms): Min: 0.0, Avg: 0.0, Max: 0.0, Diff: 0.0, Sum: 0.0]
      [GC Worker Total (ms): Min: 19.3, Avg: 19.3, Max: 19.3, Diff: 0.1, Sum: 38.6]
      [GC Worker End (ms): Min: 22373799.2, Avg: 22373799.2, Max: 22373799.2, Diff: 0.0]
   [Code Root Fixup: 0.1 ms]
   [Code Root Purge: 0.0 ms]
   [Clear CT: 0.2 ms]
   [Other: 0.9 ms]
      [Choose CSet: 0.0 ms]
      [Ref Proc: 0.2 ms]
      [Ref Enq: 0.0 ms]
      [Redirty Cards: 0.3 ms]
      [Humongous Register: 0.0 ms]
      [Humongous Reclaim: 0.0 ms]
      [Free CSet: 0.0 ms]
   [Eden: 45.0M(45.0M)->0.0B(46.0M) Survivors: 6144.0K->5120.0K Heap: 371.8M(1024.0M)->328.9M(1024.0M)]
 [Times: user=0.04 sys=0.00, real=0.02 secs] 
2017-09-20T10:37:34.480+0900: 22478.414: [GC pause (G1 Evacuation Pause) (young), 0.0332888 secs]
   [Parallel Time: 32.2 ms, GC Workers: 2]
      [GC Worker Start (ms): Min: 22478414.2, Avg: 22478414.2, Max: 22478414.3, Diff: 0.1]
      [Ext Root Scanning (ms): Min: 1.7, Avg: 1.9, Max: 2.0, Diff: 0.3, Sum: 3.8]
      [Update RS (ms): Min: 4.3, Avg: 4.4, Max: 4.4, Diff: 0.1, Sum: 8.8]
         [Processed Buffers: Min: 12, Avg: 18.0, Max: 24, Diff: 12, Sum: 36]
      [Scan RS (ms): Min: 2.0, Avg: 2.1, Max: 2.2, Diff: 0.1, Sum: 4.2]
      [Code Root Scanning (ms): Min: 0.0, Avg: 0.0, Max: 0.0, Diff: 0.0, Sum: 0.0]
      [Object Copy (ms): Min: 23.5, Avg: 23.6, Max: 23.6, Diff: 0.1, Sum: 47.1]
      [Termination (ms): Min: 0.0, Avg: 0.0, Max: 0.0, Diff: 0.0, Sum: 0.0]
         [Termination Attempts: Min: 1, Avg: 1.0, Max: 1, Diff: 0, Sum: 2]
      [GC Worker Other (ms): Min: 0.0, Avg: 0.0, Max: 0.0, Diff: 0.0, Sum: 0.0]
      [GC Worker Total (ms): Min: 31.9, Avg: 32.0, Max: 32.0, Diff: 0.1, Sum: 64.0]
      [GC Worker End (ms): Min: 22478446.2, Avg: 22478446.2, Max: 22478446.2, Diff: 0.0]
   [Code Root Fixup: 0.1 ms]
   [Code Root Purge: 0.0 ms]
   [Clear CT: 0.2 ms]
   [Other: 0.9 ms]
      [Choose CSet: 0.0 ms]
      [Ref Proc: 0.3 ms]
      [Ref Enq: 0.0 ms]
      [Redirty Cards: 0.2 ms]
      [Humongous Register: 0.1 ms]
      [Humongous Reclaim: 0.0 ms]
      [Free CSet: 0.0 ms]
   [Eden: 46.0M(46.0M)->0.0B(44.0M) Survivors: 5120.0K->7168.0K Heap: 374.9M(1024.0M)->330.9M(1024.0M)]
 [Times: user=0.07 sys=0.00, real=0.03 secs] 
2017-09-20T10:39:14.796+0900: 22578.729: [GC pause (G1 Evacuation Pause) (young), 0.0080067 secs]
   [Parallel Time: 7.0 ms, GC Workers: 2]
      [GC Worker Start (ms): Min: 22578729.5, Avg: 22578729.5, Max: 22578729.6, Diff: 0.0]
      [Ext Root Scanning (ms): Min: 1.2, Avg: 1.2, Max: 1.3, Diff: 0.1, Sum: 2.4]
      [Update RS (ms): Min: 1.2, Avg: 1.3, Max: 1.4, Diff: 0.2, Sum: 2.6]
         [Processed Buffers: Min: 10, Avg: 17.5, Max: 25, Diff: 15, Sum: 35]
      [Scan RS (ms): Min: 0.6, Avg: 0.7, Max: 0.8, Diff: 0.2, Sum: 1.4]
      [Code Root Scanning (ms): Min: 0.0, Avg: 0.0, Max: 0.0, Diff: 0.0, Sum: 0.0]
      [Object Copy (ms): Min: 3.5, Avg: 3.6, Max: 3.7, Diff: 0.1, Sum: 7.2]
      [Termination (ms): Min: 0.0, Avg: 0.0, Max: 0.0, Diff: 0.0, Sum: 0.0]
         [Termination Attempts: Min: 1, Avg: 1.0, Max: 1, Diff: 0, Sum: 2]
      [GC Worker Other (ms): Min: 0.0, Avg: 0.0, Max: 0.0, Diff: 0.0, Sum: 0.0]
      [GC Worker Total (ms): Min: 6.9, Avg: 6.9, Max: 6.9, Diff: 0.0, Sum: 13.7]
      [GC Worker End (ms): Min: 22578736.4, Avg: 22578736.4, Max: 22578736.4, Diff: 0.0]
   [Code Root Fixup: 0.1 ms]
   [Code Root Purge: 0.0 ms]
   [Clear CT: 0.1 ms]
   [Other: 0.8 ms]
      [Choose CSet: 0.0 ms]
      [Ref Proc: 0.2 ms]
      [Ref Enq: 0.0 ms]
      [Redirty Cards: 0.2 ms]
      [Humongous Register: 0.0 ms]
      [Humongous Reclaim: 0.0 ms]
      [Free CSet: 0.0 ms]
   [Eden: 44.0M(44.0M)->0.0B(48.0M) Survivors: 7168.0K->3072.0K Heap: 374.9M(1024.0M)->327.4M(1024.0M)]
 [Times: user=0.02 sys=0.00, real=0.00 secs] 
2017-09-20T10:41:03.454+0900: 22687.388: [GC pause (G1 Evacuation Pause) (young), 0.0315306 secs]
   [Parallel Time: 29.4 ms, GC Workers: 2]
      [GC Worker Start (ms): Min: 22687388.4, Avg: 22687388.4, Max: 22687388.4, Diff: 0.0]
      [Ext Root Scanning (ms): Min: 2.1, Avg: 2.1, Max: 2.1, Diff: 0.0, Sum: 4.2]
      [Update RS (ms): Min: 3.6, Avg: 3.6, Max: 3.6, Diff: 0.0, Sum: 7.2]
         [Processed Buffers: Min: 12, Avg: 18.0, Max: 24, Diff: 12, Sum: 36]
      [Scan RS (ms): Min: 1.8, Avg: 1.8, Max: 1.9, Diff: 0.1, Sum: 3.7]
      [Code Root Scanning (ms): Min: 0.0, Avg: 0.0, Max: 0.0, Diff: 0.0, Sum: 0.0]
      [Object Copy (ms): Min: 21.4, Avg: 21.5, Max: 21.5, Diff: 0.1, Sum: 42.9]
      [Termination (ms): Min: 0.0, Avg: 0.0, Max: 0.0, Diff: 0.0, Sum: 0.0]
         [Termination Attempts: Min: 1, Avg: 1.0, Max: 1, Diff: 0, Sum: 2]
      [GC Worker Other (ms): Min: 0.0, Avg: 0.0, Max: 0.0, Diff: 0.0, Sum: 0.1]
      [GC Worker Total (ms): Min: 29.0, Avg: 29.0, Max: 29.0, Diff: 0.0, Sum: 58.0]
      [GC Worker End (ms): Min: 22687417.4, Avg: 22687417.4, Max: 22687417.4, Diff: 0.0]
   [Code Root Fixup: 0.2 ms]
   [Code Root Purge: 0.0 ms]
   [Clear CT: 0.2 ms]
   [Other: 1.7 ms]
      [Choose CSet: 0.0 ms]
      [Ref Proc: 0.5 ms]
      [Ref Enq: 0.0 ms]
      [Redirty Cards: 0.6 ms]
      [Humongous Register: 0.1 ms]
      [Humongous Reclaim: 0.0 ms]
      [Free CSet: 0.1 ms]
   [Eden: 48.0M(48.0M)->0.0B(46.0M) Survivors: 3072.0K->5120.0K Heap: 375.4M(1024.0M)->329.4M(1024.0M)]
 [Times: user=0.06 sys=0.00, real=0.03 secs] 
2017-09-20T10:42:48.025+0900: 22791.958: [GC pause (G1 Evacuation Pause) (young), 0.0450585 secs]
   [Parallel Time: 43.8 ms, GC Workers: 2]
      [GC Worker Start (ms): Min: 22791958.5, Avg: 22791958.6, Max: 22791958.6, Diff: 0.2]
      [Ext Root Scanning (ms): Min: 2.0, Avg: 2.2, Max: 2.3, Diff: 0.3, Sum: 4.3]
      [Update RS (ms): Min: 2.7, Avg: 2.8, Max: 2.8, Diff: 0.1, Sum: 5.5]
         [Processed Buffers: Min: 5, Avg: 16.0, Max: 27, Diff: 22, Sum: 32]
      [Scan RS (ms): Min: 3.3, Avg: 3.4, Max: 3.5, Diff: 0.2, Sum: 6.9]
      [Code Root Scanning (ms): Min: 0.0, Avg: 0.0, Max: 0.0, Diff: 0.0, Sum: 0.0]
      [Object Copy (ms): Min: 35.1, Avg: 35.2, Max: 35.3, Diff: 0.3, Sum: 70.4]
      [Termination (ms): Min: 0.0, Avg: 0.0, Max: 0.1, Diff: 0.1, Sum: 0.1]
         [Termination Attempts: Min: 1, Avg: 1.5, Max: 2, Diff: 1, Sum: 3]
      [GC Worker Other (ms): Min: 0.0, Avg: 0.0, Max: 0.0, Diff: 0.0, Sum: 0.0]
      [GC Worker Total (ms): Min: 43.5, Avg: 43.6, Max: 43.7, Diff: 0.2, Sum: 87.2]
      [GC Worker End (ms): Min: 22792002.2, Avg: 22792002.2, Max: 22792002.2, Diff: 0.0]
   [Code Root Fixup: 0.1 ms]
   [Code Root Purge: 0.0 ms]
   [Clear CT: 0.1 ms]
   [Other: 1.1 ms]
      [Choose CSet: 0.0 ms]
      [Ref Proc: 0.5 ms]
      [Ref Enq: 0.0 ms]
      [Redirty Cards: 0.1 ms]
      [Humongous Register: 0.1 ms]
      [Humongous Reclaim: 0.0 ms]
      [Free CSet: 0.0 ms]
   [Eden: 46.0M(46.0M)->0.0B(45.0M) Survivors: 5120.0K->6144.0K Heap: 375.4M(1024.0M)->330.9M(1024.0M)]
 [Times: user=0.09 sys=0.00, real=0.05 secs] 
2017-09-20T10:44:30.400+0900: 22894.334: [GC pause (G1 Evacuation Pause) (young), 0.0404243 secs]
   [Parallel Time: 39.4 ms, GC Workers: 2]
      [GC Worker Start (ms): Min: 22894334.0, Avg: 22894334.1, Max: 22894334.2, Diff: 0.1]
      [Ext Root Scanning (ms): Min: 1.7, Avg: 1.7, Max: 1.8, Diff: 0.1, Sum: 3.5]
      [Update RS (ms): Min: 2.3, Avg: 2.5, Max: 2.6, Diff: 0.3, Sum: 4.9]
         [Processed Buffers: Min: 10, Avg: 16.0, Max: 22, Diff: 12, Sum: 32]
      [Scan RS (ms): Min: 2.5, Avg: 2.7, Max: 2.9, Diff: 0.4, Sum: 5.4]
      [Code Root Scanning (ms): Min: 0.0, Avg: 0.0, Max: 0.0, Diff: 0.0, Sum: 0.0]
      [Object Copy (ms): Min: 32.2, Avg: 32.3, Max: 32.3, Diff: 0.2, Sum: 64.5]
      [Termination (ms): Min: 0.0, Avg: 0.0, Max: 0.1, Diff: 0.1, Sum: 0.1]
         [Termination Attempts: Min: 1, Avg: 1.5, Max: 2, Diff: 1, Sum: 3]
      [GC Worker Other (ms): Min: 0.0, Avg: 0.0, Max: 0.0, Diff: 0.0, Sum: 0.1]
      [GC Worker Total (ms): Min: 39.1, Avg: 39.2, Max: 39.3, Diff: 0.2, Sum: 78.5]
      [GC Worker End (ms): Min: 22894373.3, Avg: 22894373.3, Max: 22894373.4, Diff: 0.0]
   [Code Root Fixup: 0.1 ms]
   [Code Root Purge: 0.0 ms]
   [Clear CT: 0.1 ms]
   [Other: 0.8 ms]
      [Choose CSet: 0.0 ms]
      [Ref Proc: 0.2 ms]
      [Ref Enq: 0.0 ms]
      [Redirty Cards: 0.1 ms]
      [Humongous Register: 0.1 ms]
      [Humongous Reclaim: 0.0 ms]
      [Free CSet: 0.1 ms]
   [Eden: 45.0M(45.0M)->0.0B(46.0M) Survivors: 6144.0K->5120.0K Heap: 375.9M(1024.0M)->332.8M(1024.0M)]
 [Times: user=0.08 sys=0.00, real=0.04 secs] 
2017-09-20T10:46:15.467+0900: 22999.400: [GC pause (G1 Evacuation Pause) (young), 0.0302784 secs]
   [Parallel Time: 28.9 ms, GC Workers: 2]
      [GC Worker Start (ms): Min: 22999400.7, Avg: 22999400.8, Max: 22999400.9, Diff: 0.2]
      [Ext Root Scanning (ms): Min: 1.7, Avg: 1.8, Max: 1.9, Diff: 0.2, Sum: 3.6]
      [Update RS (ms): Min: 3.8, Avg: 3.8, Max: 3.8, Diff: 0.0, Sum: 7.6]
         [Processed Buffers: Min: 10, Avg: 15.0, Max: 20, Diff: 10, Sum: 30]
      [Scan RS (ms): Min: 2.6, Avg: 2.6, Max: 2.6, Diff: 0.0, Sum: 5.2]
      [Code Root Scanning (ms): Min: 0.0, Avg: 0.0, Max: 0.0, Diff: 0.0, Sum: 0.0]
      [Object Copy (ms): Min: 20.6, Avg: 20.6, Max: 20.6, Diff: 0.0, Sum: 41.1]
      [Termination (ms): Min: 0.0, Avg: 0.0, Max: 0.0, Diff: 0.0, Sum: 0.0]
         [Termination Attempts: Min: 1, Avg: 1.0, Max: 1, Diff: 0, Sum: 2]
      [GC Worker Other (ms): Min: 0.0, Avg: 0.0, Max: 0.0, Diff: 0.0, Sum: 0.0]
      [GC Worker Total (ms): Min: 28.6, Avg: 28.7, Max: 28.8, Diff: 0.2, Sum: 57.5]
      [GC Worker End (ms): Min: 22999429.6, Avg: 22999429.6, Max: 22999429.6, Diff: 0.0]
   [Code Root Fixup: 0.1 ms]
   [Code Root Purge: 0.0 ms]
   [Clear CT: 0.2 ms]
   [Other: 1.1 ms]
      [Choose CSet: 0.0 ms]
      [Ref Proc: 0.3 ms]
      [Ref Enq: 0.0 ms]
      [Redirty Cards: 0.3 ms]
      [Humongous Register: 0.1 ms]
      [Humongous Reclaim: 0.0 ms]
      [Free CSet: 0.0 ms]
   [Eden: 46.0M(46.0M)->0.0B(44.0M) Survivors: 5120.0K->7168.0K Heap: 378.8M(1024.0M)->334.8M(1024.0M)]
 [Times: user=0.06 sys=0.00, real=0.03 secs] 
2017-09-20T10:47:55.615+0900: 23099.549: [GC pause (G1 Evacuation Pause) (young), 0.0250201 secs]
   [Parallel Time: 22.9 ms, GC Workers: 2]
      [GC Worker Start (ms): Min: 23099549.4, Avg: 23099549.4, Max: 23099549.5, Diff: 0.1]
      [Ext Root Scanning (ms): Min: 1.8, Avg: 1.9, Max: 2.0, Diff: 0.2, Sum: 3.8]
      [Update RS (ms): Min: 1.8, Avg: 3.7, Max: 5.7, Diff: 3.9, Sum: 7.5]
         [Processed Buffers: Min: 13, Avg: 15.5, Max: 18, Diff: 5, Sum: 31]
      [Scan RS (ms): Min: 0.8, Avg: 2.8, Max: 4.8, Diff: 3.9, Sum: 5.6]
      [Code Root Scanning (ms): Min: 0.0, Avg: 0.0, Max: 0.0, Diff: 0.0, Sum: 0.0]
      [Object Copy (ms): Min: 14.3, Avg: 14.3, Max: 14.3, Diff: 0.0, Sum: 28.6]
      [Termination (ms): Min: 0.0, Avg: 0.0, Max: 0.0, Diff: 0.0, Sum: 0.0]
         [Termination Attempts: Min: 1, Avg: 1.0, Max: 1, Diff: 0, Sum: 2]
      [GC Worker Other (ms): Min: 0.0, Avg: 0.0, Max: 0.0, Diff: 0.0, Sum: 0.0]
      [GC Worker Total (ms): Min: 22.7, Avg: 22.8, Max: 22.8, Diff: 0.1, Sum: 45.5]
      [GC Worker End (ms): Min: 23099572.2, Avg: 23099572.2, Max: 23099572.2, Diff: 0.0]
   [Code Root Fixup: 0.2 ms]
   [Code Root Purge: 0.0 ms]
   [Clear CT: 0.3 ms]
   [Other: 1.6 ms]
      [Choose CSet: 0.0 ms]
      [Ref Proc: 0.7 ms]
      [Ref Enq: 0.0 ms]
      [Redirty Cards: 0.2 ms]
      [Humongous Register: 0.1 ms]
      [Humongous Reclaim: 0.0 ms]
      [Free CSet: 0.1 ms]
   [Eden: 44.0M(44.0M)->0.0B(48.0M) Survivors: 7168.0K->3072.0K Heap: 378.8M(1024.0M)->331.4M(1024.0M)]
 [Times: user=0.04 sys=0.00, real=0.02 secs] 
2017-09-20T10:49:45.400+0900: 23209.333: [GC pause (G1 Evacuation Pause) (young), 0.0311156 secs]
   [Parallel Time: 29.6 ms, GC Workers: 2]
      [GC Worker Start (ms): Min: 23209333.7, Avg: 23209333.7, Max: 23209333.8, Diff: 0.1]
      [Ext Root Scanning (ms): Min: 1.7, Avg: 1.8, Max: 1.9, Diff: 0.2, Sum: 3.6]
      [Update RS (ms): Min: 1.9, Avg: 1.9, Max: 1.9, Diff: 0.0, Sum: 3.9]
         [Processed Buffers: Min: 11, Avg: 15.5, Max: 20, Diff: 9, Sum: 31]
      [Scan RS (ms): Min: 3.8, Avg: 3.9, Max: 4.0, Diff: 0.2, Sum: 7.7]
      [Code Root Scanning (ms): Min: 0.0, Avg: 0.0, Max: 0.0, Diff: 0.0, Sum: 0.0]
      [Object Copy (ms): Min: 21.5, Avg: 21.6, Max: 21.8, Diff: 0.2, Sum: 43.3]
      [Termination (ms): Min: 0.0, Avg: 0.0, Max: 0.0, Diff: 0.0, Sum: 0.0]
         [Termination Attempts: Min: 1, Avg: 2.0, Max: 3, Diff: 2, Sum: 4]
      [GC Worker Other (ms): Min: 0.0, Avg: 0.1, Max: 0.1, Diff: 0.1, Sum: 0.2]
      [GC Worker Total (ms): Min: 29.3, Avg: 29.3, Max: 29.4, Diff: 0.1, Sum: 58.7]
      [GC Worker End (ms): Min: 23209363.1, Avg: 23209363.1, Max: 23209363.1, Diff: 0.0]
   [Code Root Fixup: 0.1 ms]
   [Code Root Purge: 0.0 ms]
   [Clear CT: 0.2 ms]
   [Other: 1.3 ms]
      [Choose CSet: 0.0 ms]
      [Ref Proc: 0.4 ms]
      [Ref Enq: 0.0 ms]
      [Redirty Cards: 0.4 ms]
      [Humongous Register: 0.1 ms]
      [Humongous Reclaim: 0.0 ms]
      [Free CSet: 0.1 ms]
   [Eden: 48.0M(48.0M)->0.0B(46.0M) Survivors: 3072.0K->5120.0K Heap: 379.4M(1024.0M)->333.4M(1024.0M)]
 [Times: user=0.06 sys=0.00, real=0.03 secs] 
2017-09-20T10:51:30.402+0900: 23314.335: [GC pause (G1 Evacuation Pause) (young), 0.0339446 secs]
   [Parallel Time: 32.6 ms, GC Workers: 2]
      [GC Worker Start (ms): Min: 23314335.5, Avg: 23314335.5, Max: 23314335.5, Diff: 0.0]
      [Ext Root Scanning (ms): Min: 1.7, Avg: 1.8, Max: 1.8, Diff: 0.1, Sum: 3.6]
      [Update RS (ms): Min: 2.2, Avg: 2.2, Max: 2.2, Diff: 0.0, Sum: 4.4]
         [Processed Buffers: Min: 4, Avg: 15.0, Max: 26, Diff: 22, Sum: 30]
      [Scan RS (ms): Min: 2.8, Avg: 2.8, Max: 2.8, Diff: 0.0, Sum: 5.6]
      [Code Root Scanning (ms): Min: 0.0, Avg: 0.0, Max: 0.0, Diff: 0.0, Sum: 0.0]
      [Object Copy (ms): Min: 25.5, Avg: 25.6, Max: 25.6, Diff: 0.1, Sum: 51.2]
      [Termination (ms): Min: 0.0, Avg: 0.0, Max: 0.0, Diff: 0.0, Sum: 0.0]
         [Termination Attempts: Min: 1, Avg: 1.0, Max: 1, Diff: 0, Sum: 2]
      [GC Worker Other (ms): Min: 0.0, Avg: 0.0, Max: 0.0, Diff: 0.0, Sum: 0.0]
      [GC Worker Total (ms): Min: 32.4, Avg: 32.4, Max: 32.4, Diff: 0.0, Sum: 64.8]
      [GC Worker End (ms): Min: 23314367.9, Avg: 23314367.9, Max: 23314367.9, Diff: 0.0]
   [Code Root Fixup: 0.1 ms]
   [Code Root Purge: 0.0 ms]
   [Clear CT: 0.2 ms]
   [Other: 1.1 ms]
      [Choose CSet: 0.0 ms]
      [Ref Proc: 0.4 ms]
      [Ref Enq: 0.0 ms]
      [Redirty Cards: 0.3 ms]
      [Humongous Register: 0.1 ms]
      [Humongous Reclaim: 0.0 ms]
      [Free CSet: 0.0 ms]
   [Eden: 46.0M(46.0M)->0.0B(45.0M) Survivors: 5120.0K->6144.0K Heap: 379.4M(1024.0M)->335.4M(1024.0M)]
 [Times: user=0.06 sys=0.00, real=0.04 secs] 
2017-09-20T10:53:12.678+0900: 23416.611: [GC pause (G1 Evacuation Pause) (young), 0.0360818 secs]
   [Parallel Time: 35.0 ms, GC Workers: 2]
      [GC Worker Start (ms): Min: 23416611.3, Avg: 23416611.4, Max: 23416611.5, Diff: 0.2]
      [Ext Root Scanning (ms): Min: 2.1, Avg: 2.1, Max: 2.2, Diff: 0.1, Sum: 4.3]
      [Update RS (ms): Min: 3.3, Avg: 3.5, Max: 3.8, Diff: 0.4, Sum: 7.1]
         [Processed Buffers: Min: 11, Avg: 15.5, Max: 20, Diff: 9, Sum: 31]
      [Scan RS (ms): Min: 2.4, Avg: 2.6, Max: 2.8, Diff: 0.4, Sum: 5.2]
      [Code Root Scanning (ms): Min: 0.0, Avg: 0.0, Max: 0.0, Diff: 0.0, Sum: 0.0]
      [Object Copy (ms): Min: 26.4, Avg: 26.5, Max: 26.5, Diff: 0.1, Sum: 53.0]
      [Termination (ms): Min: 0.0, Avg: 0.0, Max: 0.0, Diff: 0.0, Sum: 0.0]
         [Termination Attempts: Min: 1, Avg: 1.0, Max: 1, Diff: 0, Sum: 2]
      [GC Worker Other (ms): Min: 0.0, Avg: 0.0, Max: 0.0, Diff: 0.0, Sum: 0.0]
      [GC Worker Total (ms): Min: 34.7, Avg: 34.8, Max: 34.8, Diff: 0.2, Sum: 69.5]
      [GC Worker End (ms): Min: 23416646.2, Avg: 23416646.2, Max: 23416646.2, Diff: 0.0]
   [Code Root Fixup: 0.1 ms]
   [Code Root Purge: 0.0 ms]
   [Clear CT: 0.2 ms]
   [Other: 0.9 ms]
      [Choose CSet: 0.0 ms]
      [Ref Proc: 0.3 ms]
      [Ref Enq: 0.0 ms]
      [Redirty Cards: 0.2 ms]
      [Humongous Register: 0.1 ms]
      [Humongous Reclaim: 0.0 ms]
      [Free CSet: 0.0 ms]
   [Eden: 45.0M(45.0M)->0.0B(46.0M) Survivors: 6144.0K->5120.0K Heap: 380.4M(1024.0M)->337.6M(1024.0M)]
 [Times: user=0.07 sys=0.00, real=0.03 secs] 
2017-09-20T10:54:57.414+0900: 23521.347: [GC pause (G1 Evacuation Pause) (young), 0.0466047 secs]
   [Parallel Time: 45.1 ms, GC Workers: 2]
      [GC Worker Start (ms): Min: 23521348.0, Avg: 23521348.1, Max: 23521348.2, Diff: 0.2]
      [Ext Root Scanning (ms): Min: 2.5, Avg: 2.6, Max: 2.8, Diff: 0.3, Sum: 5.3]
      [Update RS (ms): Min: 3.8, Avg: 4.6, Max: 5.3, Diff: 1.5, Sum: 9.1]
         [Processed Buffers: Min: 6, Avg: 15.5, Max: 25, Diff: 19, Sum: 31]
      [Scan RS (ms): Min: 3.1, Avg: 3.9, Max: 4.7, Diff: 1.5, Sum: 7.8]
      [Code Root Scanning (ms): Min: 0.0, Avg: 0.0, Max: 0.0, Diff: 0.0, Sum: 0.0]
      [Object Copy (ms): Min: 33.0, Avg: 33.1, Max: 33.2, Diff: 0.1, Sum: 66.2]
      [Termination (ms): Min: 0.0, Avg: 0.0, Max: 0.0, Diff: 0.0, Sum: 0.0]
         [Termination Attempts: Min: 1, Avg: 1.0, Max: 1, Diff: 0, Sum: 2]
      [GC Worker Other (ms): Min: 0.0, Avg: 0.0, Max: 0.0, Diff: 0.0, Sum: 0.0]
      [GC Worker Total (ms): Min: 44.2, Avg: 44.3, Max: 44.3, Diff: 0.2, Sum: 88.5]
      [GC Worker End (ms): Min: 23521392.4, Avg: 23521392.4, Max: 23521392.4, Diff: 0.0]
   [Code Root Fixup: 0.1 ms]
   [Code Root Purge: 0.0 ms]
   [Clear CT: 0.2 ms]
   [Other: 1.2 ms]
      [Choose CSet: 0.0 ms]
      [Ref Proc: 0.3 ms]
      [Ref Enq: 0.0 ms]
      [Redirty Cards: 0.4 ms]
      [Humongous Register: 0.1 ms]
      [Humongous Reclaim: 0.0 ms]
      [Free CSet: 0.1 ms]
   [Eden: 46.0M(46.0M)->0.0B(45.0M) Survivors: 5120.0K->6144.0K Heap: 383.6M(1024.0M)->339.1M(1024.0M)]
 [Times: user=0.09 sys=0.00, real=0.05 secs] 
2017-09-20T10:56:39.459+0900: 23623.393: [GC pause (G1 Evacuation Pause) (young), 0.0269940 secs]
   [Parallel Time: 24.7 ms, GC Workers: 2]
      [GC Worker Start (ms): Min: 23623393.1, Avg: 23623393.1, Max: 23623393.1, Diff: 0.0]
      [Ext Root Scanning (ms): Min: 1.8, Avg: 1.8, Max: 1.9, Diff: 0.1, Sum: 3.7]
      [Update RS (ms): Min: 2.0, Avg: 2.7, Max: 3.5, Diff: 1.5, Sum: 5.4]
         [Processed Buffers: Min: 15, Avg: 16.0, Max: 17, Diff: 2, Sum: 32]
      [Scan RS (ms): Min: 2.0, Avg: 2.8, Max: 3.6, Diff: 1.6, Sum: 5.6]
      [Code Root Scanning (ms): Min: 0.0, Avg: 0.0, Max: 0.0, Diff: 0.0, Sum: 0.0]
      [Object Copy (ms): Min: 17.0, Avg: 17.1, Max: 17.1, Diff: 0.0, Sum: 34.1]
      [Termination (ms): Min: 0.0, Avg: 0.0, Max: 0.0, Diff: 0.0, Sum: 0.0]
         [Termination Attempts: Min: 1, Avg: 1.0, Max: 1, Diff: 0, Sum: 2]
      [GC Worker Other (ms): Min: 0.0, Avg: 0.0, Max: 0.0, Diff: 0.0, Sum: 0.0]
      [GC Worker Total (ms): Min: 24.4, Avg: 24.4, Max: 24.4, Diff: 0.0, Sum: 48.8]
      [GC Worker End (ms): Min: 23623417.5, Avg: 23623417.5, Max: 23623417.5, Diff: 0.0]
   [Code Root Fixup: 0.1 ms]
   [Code Root Purge: 0.0 ms]
   [Clear CT: 0.5 ms]
   [Other: 1.7 ms]
      [Choose CSet: 0.0 ms]
      [Ref Proc: 0.6 ms]
      [Ref Enq: 0.0 ms]
      [Redirty Cards: 0.5 ms]
      [Humongous Register: 0.1 ms]
      [Humongous Reclaim: 0.0 ms]
      [Free CSet: 0.1 ms]
   [Eden: 45.0M(45.0M)->0.0B(48.0M) Survivors: 6144.0K->3072.0K Heap: 384.1M(1024.0M)->336.8M(1024.0M)]
 [Times: user=0.05 sys=0.00, real=0.02 secs] 
2017-09-20T10:58:29.264+0900: 23733.198: [GC pause (G1 Evacuation Pause) (young), 0.0297723 secs]
   [Parallel Time: 28.4 ms, GC Workers: 2]
      [GC Worker Start (ms): Min: 23733198.3, Avg: 23733198.3, Max: 23733198.4, Diff: 0.1]
      [Ext Root Scanning (ms): Min: 1.7, Avg: 1.8, Max: 1.9, Diff: 0.1, Sum: 3.6]
      [Update RS (ms): Min: 2.6, Avg: 2.6, Max: 2.6, Diff: 0.0, Sum: 5.1]
         [Processed Buffers: Min: 10, Avg: 15.5, Max: 21, Diff: 11, Sum: 31]
      [Scan RS (ms): Min: 3.2, Avg: 3.2, Max: 3.2, Diff: 0.0, Sum: 6.4]
      [Code Root Scanning (ms): Min: 0.0, Avg: 0.0, Max: 0.0, Diff: 0.0, Sum: 0.0]
      [Object Copy (ms): Min: 20.6, Avg: 20.6, Max: 20.6, Diff: 0.0, Sum: 41.3]
      [Termination (ms): Min: 0.0, Avg: 0.0, Max: 0.0, Diff: 0.0, Sum: 0.0]
         [Termination Attempts: Min: 1, Avg: 1.0, Max: 1, Diff: 0, Sum: 2]
      [GC Worker Other (ms): Min: 0.0, Avg: 0.0, Max: 0.0, Diff: 0.0, Sum: 0.0]
      [GC Worker Total (ms): Min: 28.2, Avg: 28.3, Max: 28.3, Diff: 0.1, Sum: 56.5]
      [GC Worker End (ms): Min: 23733226.6, Avg: 23733226.6, Max: 23733226.6, Diff: 0.0]
   [Code Root Fixup: 0.1 ms]
   [Code Root Purge: 0.0 ms]
   [Clear CT: 0.1 ms]
   [Other: 1.2 ms]
      [Choose CSet: 0.0 ms]
      [Ref Proc: 0.3 ms]
      [Ref Enq: 0.0 ms]
      [Redirty Cards: 0.3 ms]
      [Humongous Register: 0.1 ms]
      [Humongous Reclaim: 0.0 ms]
      [Free CSet: 0.1 ms]
   [Eden: 48.0M(48.0M)->0.0B(46.0M) Survivors: 3072.0K->5120.0K Heap: 384.8M(1024.0M)->338.3M(1024.0M)]
 [Times: user=0.06 sys=0.00, real=0.03 secs] 
2017-09-20T11:00:14.431+0900: 23838.365: [GC pause (G1 Evacuation Pause) (young), 0.0434675 secs]
   [Parallel Time: 42.2 ms, GC Workers: 2]
      [GC Worker Start (ms): Min: 23838365.1, Avg: 23838365.1, Max: 23838365.1, Diff: 0.0]
      [Ext Root Scanning (ms): Min: 1.9, Avg: 1.9, Max: 1.9, Diff: 0.0, Sum: 3.7]
      [Update RS (ms): Min: 3.2, Avg: 3.2, Max: 3.3, Diff: 0.2, Sum: 6.5]
         [Processed Buffers: Min: 11, Avg: 15.0, Max: 19, Diff: 8, Sum: 30]
      [Scan RS (ms): Min: 2.1, Avg: 2.3, Max: 2.4, Diff: 0.2, Sum: 4.5]
      [Code Root Scanning (ms): Min: 0.0, Avg: 0.0, Max: 0.0, Diff: 0.0, Sum: 0.0]
      [Object Copy (ms): Min: 34.6, Avg: 34.6, Max: 34.6, Diff: 0.0, Sum: 69.2]
      [Termination (ms): Min: 0.0, Avg: 0.0, Max: 0.0, Diff: 0.0, Sum: 0.0]
         [Termination Attempts: Min: 1, Avg: 1.0, Max: 1, Diff: 0, Sum: 2]
      [GC Worker Other (ms): Min: 0.0, Avg: 0.0, Max: 0.0, Diff: 0.0, Sum: 0.0]
      [GC Worker Total (ms): Min: 42.0, Avg: 42.0, Max: 42.0, Diff: 0.0, Sum: 84.0]
      [GC Worker End (ms): Min: 23838407.1, Avg: 23838407.1, Max: 23838407.1, Diff: 0.0]
   [Code Root Fixup: 0.1 ms]
   [Code Root Purge: 0.0 ms]
   [Clear CT: 0.1 ms]
   [Other: 1.0 ms]
      [Choose CSet: 0.0 ms]
      [Ref Proc: 0.3 ms]
      [Ref Enq: 0.0 ms]
      [Redirty Cards: 0.1 ms]
      [Humongous Register: 0.1 ms]
      [Humongous Reclaim: 0.0 ms]
      [Free CSet: 0.0 ms]
   [Eden: 46.0M(46.0M)->0.0B(44.0M) Survivors: 5120.0K->7168.0K Heap: 384.3M(1024.0M)->340.7M(1024.0M)]
 [Times: user=0.09 sys=0.00, real=0.04 secs] 
2017-09-20T11:01:54.248+0900: 23938.181: [GC pause (G1 Evacuation Pause) (young), 0.0388249 secs]
   [Parallel Time: 37.7 ms, GC Workers: 2]
      [GC Worker Start (ms): Min: 23938181.8, Avg: 23938181.8, Max: 23938181.9, Diff: 0.1]
      [Ext Root Scanning (ms): Min: 1.8, Avg: 1.8, Max: 1.9, Diff: 0.1, Sum: 3.7]
      [Update RS (ms): Min: 3.1, Avg: 3.4, Max: 3.6, Diff: 0.5, Sum: 6.7]
         [Processed Buffers: Min: 13, Avg: 15.5, Max: 18, Diff: 5, Sum: 31]
      [Scan RS (ms): Min: 2.6, Avg: 2.8, Max: 3.1, Diff: 0.6, Sum: 5.7]
      [Code Root Scanning (ms): Min: 0.0, Avg: 0.0, Max: 0.1, Diff: 0.1, Sum: 0.1]
      [Object Copy (ms): Min: 29.3, Avg: 29.3, Max: 29.3, Diff: 0.1, Sum: 58.6]
      [Termination (ms): Min: 0.0, Avg: 0.0, Max: 0.0, Diff: 0.0, Sum: 0.0]
         [Termination Attempts: Min: 1, Avg: 1.0, Max: 1, Diff: 0, Sum: 2]
      [GC Worker Other (ms): Min: 0.0, Avg: 0.0, Max: 0.1, Diff: 0.0, Sum: 0.1]
      [GC Worker Total (ms): Min: 37.4, Avg: 37.4, Max: 37.5, Diff: 0.1, Sum: 74.9]
      [GC Worker End (ms): Min: 23938219.3, Avg: 23938219.3, Max: 23938219.3, Diff: 0.0]
   [Code Root Fixup: 0.1 ms]
   [Code Root Purge: 0.0 ms]
   [Clear CT: 0.1 ms]
   [Other: 0.9 ms]
      [Choose CSet: 0.0 ms]
      [Ref Proc: 0.3 ms]
      [Ref Enq: 0.0 ms]
      [Redirty Cards: 0.2 ms]
      [Humongous Register: 0.1 ms]
      [Humongous Reclaim: 0.0 ms]
      [Free CSet: 0.0 ms]
   [Eden: 44.0M(44.0M)->0.0B(46.0M) Survivors: 7168.0K->5120.0K Heap: 384.7M(1024.0M)->342.8M(1024.0M)]
 [Times: user=0.07 sys=0.00, real=0.03 secs] 
2017-09-20T11:03:38.802+0900: 24042.735: [GC pause (G1 Evacuation Pause) (young), 0.0371745 secs]
   [Parallel Time: 35.9 ms, GC Workers: 2]
      [GC Worker Start (ms): Min: 24042735.7, Avg: 24042735.8, Max: 24042735.8, Diff: 0.1]
      [Ext Root Scanning (ms): Min: 2.4, Avg: 2.5, Max: 2.5, Diff: 0.0, Sum: 4.9]
      [Update RS (ms): Min: 4.7, Avg: 5.1, Max: 5.5, Diff: 0.8, Sum: 10.2]
         [Processed Buffers: Min: 13, Avg: 15.5, Max: 18, Diff: 5, Sum: 31]
      [Scan RS (ms): Min: 4.8, Avg: 5.3, Max: 5.8, Diff: 0.9, Sum: 10.6]
      [Code Root Scanning (ms): Min: 0.0, Avg: 0.0, Max: 0.0, Diff: 0.0, Sum: 0.0]
      [Object Copy (ms): Min: 22.7, Avg: 22.8, Max: 22.8, Diff: 0.1, Sum: 45.5]
      [Termination (ms): Min: 0.0, Avg: 0.0, Max: 0.0, Diff: 0.0, Sum: 0.1]
         [Termination Attempts: Min: 2, Avg: 2.5, Max: 3, Diff: 1, Sum: 5]
      [GC Worker Other (ms): Min: 0.0, Avg: 0.0, Max: 0.0, Diff: 0.0, Sum: 0.0]
      [GC Worker Total (ms): Min: 35.6, Avg: 35.7, Max: 35.7, Diff: 0.1, Sum: 71.3]
      [GC Worker End (ms): Min: 24042771.4, Avg: 24042771.4, Max: 24042771.4, Diff: 0.0]
   [Code Root Fixup: 0.1 ms]
   [Code Root Purge: 0.0 ms]
   [Clear CT: 0.2 ms]
   [Other: 1.0 ms]
      [Choose CSet: 0.0 ms]
      [Ref Proc: 0.4 ms]
      [Ref Enq: 0.0 ms]
      [Redirty Cards: 0.2 ms]
      [Humongous Register: 0.1 ms]
      [Humongous Reclaim: 0.0 ms]
      [Free CSet: 0.1 ms]
   [Eden: 46.0M(46.0M)->0.0B(45.0M) Survivors: 5120.0K->6144.0K Heap: 388.8M(1024.0M)->344.3M(1024.0M)]
 [Times: user=0.06 sys=0.00, real=0.04 secs] 
2017-09-20T11:05:21.395+0900: 24145.328: [GC pause (G1 Evacuation Pause) (young), 0.0134746 secs]
   [Parallel Time: 12.1 ms, GC Workers: 2]
      [GC Worker Start (ms): Min: 24145328.8, Avg: 24145328.9, Max: 24145329.0, Diff: 0.2]
      [Ext Root Scanning (ms): Min: 1.7, Avg: 1.8, Max: 1.9, Diff: 0.2, Sum: 3.6]
      [Update RS (ms): Min: 1.3, Avg: 1.3, Max: 1.4, Diff: 0.0, Sum: 2.7]
         [Processed Buffers: Min: 15, Avg: 15.5, Max: 16, Diff: 1, Sum: 31]
      [Scan RS (ms): Min: 1.3, Avg: 1.3, Max: 1.3, Diff: 0.0, Sum: 2.6]
      [Code Root Scanning (ms): Min: 0.0, Avg: 0.0, Max: 0.0, Diff: 0.0, Sum: 0.0]
      [Object Copy (ms): Min: 7.4, Avg: 7.4, Max: 7.5, Diff: 0.0, Sum: 14.9]
      [Termination (ms): Min: 0.0, Avg: 0.0, Max: 0.0, Diff: 0.0, Sum: 0.0]
         [Termination Attempts: Min: 1, Avg: 1.0, Max: 1, Diff: 0, Sum: 2]
      [GC Worker Other (ms): Min: 0.0, Avg: 0.0, Max: 0.0, Diff: 0.0, Sum: 0.0]
      [GC Worker Total (ms): Min: 11.8, Avg: 11.9, Max: 12.0, Diff: 0.2, Sum: 23.8]
      [GC Worker End (ms): Min: 24145340.8, Avg: 24145340.8, Max: 24145340.8, Diff: 0.0]
   [Code Root Fixup: 0.1 ms]
   [Code Root Purge: 0.0 ms]
   [Clear CT: 0.1 ms]
   [Other: 1.2 ms]
      [Choose CSet: 0.0 ms]
      [Ref Proc: 0.3 ms]
      [Ref Enq: 0.0 ms]
      [Redirty Cards: 0.3 ms]
      [Humongous Register: 0.1 ms]
      [Humongous Reclaim: 0.0 ms]
      [Free CSet: 0.1 ms]
   [Eden: 45.0M(45.0M)->0.0B(48.0M) Survivors: 6144.0K->3072.0K Heap: 389.3M(1024.0M)->342.0M(1024.0M)]
 [Times: user=0.02 sys=0.00, real=0.02 secs] 
2017-09-20T11:07:09.908+0900: 24253.841: [GC pause (G1 Evacuation Pause) (young), 0.0324674 secs]
   [Parallel Time: 30.9 ms, GC Workers: 2]
      [GC Worker Start (ms): Min: 24253841.6, Avg: 24253841.7, Max: 24253841.7, Diff: 0.1]
      [Ext Root Scanning (ms): Min: 1.6, Avg: 1.7, Max: 1.7, Diff: 0.1, Sum: 3.3]
      [Update RS (ms): Min: 3.3, Avg: 3.5, Max: 3.8, Diff: 0.5, Sum: 7.1]
         [Processed Buffers: Min: 10, Avg: 16.0, Max: 22, Diff: 12, Sum: 32]
      [Scan RS (ms): Min: 1.7, Avg: 2.0, Max: 2.3, Diff: 0.6, Sum: 4.0]
      [Code Root Scanning (ms): Min: 0.0, Avg: 0.0, Max: 0.0, Diff: 0.0, Sum: 0.0]
      [Object Copy (ms): Min: 23.2, Avg: 23.3, Max: 23.4, Diff: 0.2, Sum: 46.6]
      [Termination (ms): Min: 0.0, Avg: 0.1, Max: 0.1, Diff: 0.1, Sum: 0.1]
         [Termination Attempts: Min: 1, Avg: 2.0, Max: 3, Diff: 2, Sum: 4]
      [GC Worker Other (ms): Min: 0.0, Avg: 0.0, Max: 0.0, Diff: 0.0, Sum: 0.0]
      [GC Worker Total (ms): Min: 30.6, Avg: 30.6, Max: 30.6, Diff: 0.1, Sum: 61.2]
      [GC Worker End (ms): Min: 24253872.3, Avg: 24253872.3, Max: 24253872.3, Diff: 0.0]
   [Code Root Fixup: 0.1 ms]
   [Code Root Purge: 0.0 ms]
   [Clear CT: 0.2 ms]
   [Other: 1.3 ms]
      [Choose CSet: 0.0 ms]
      [Ref Proc: 0.4 ms]
      [Ref Enq: 0.0 ms]
      [Redirty Cards: 0.3 ms]
      [Humongous Register: 0.0 ms]
      [Humongous Reclaim: 0.1 ms]
      [Free CSet: 0.1 ms]
   [Eden: 48.0M(48.0M)->0.0B(45.0M) Survivors: 3072.0K->6144.0K Heap: 390.0M(1024.0M)->344.5M(1024.0M)]
 [Times: user=0.06 sys=0.00, real=0.03 secs] 
2017-09-20T11:08:52.308+0900: 24356.241: [GC pause (G1 Evacuation Pause) (young), 0.0506926 secs]
   [Parallel Time: 48.8 ms, GC Workers: 2]
      [GC Worker Start (ms): Min: 24356241.6, Avg: 24356241.6, Max: 24356241.6, Diff: 0.0]
      [Ext Root Scanning (ms): Min: 1.6, Avg: 1.7, Max: 1.7, Diff: 0.1, Sum: 3.3]
      [Update RS (ms): Min: 2.8, Avg: 3.0, Max: 3.2, Diff: 0.4, Sum: 6.0]
         [Processed Buffers: Min: 10, Avg: 15.0, Max: 20, Diff: 10, Sum: 30]
      [Scan RS (ms): Min: 2.1, Avg: 2.3, Max: 2.5, Diff: 0.4, Sum: 4.6]
      [Code Root Scanning (ms): Min: 0.0, Avg: 0.0, Max: 0.0, Diff: 0.0, Sum: 0.0]
      [Object Copy (ms): Min: 41.4, Avg: 41.5, Max: 41.6, Diff: 0.2, Sum: 83.1]
      [Termination (ms): Min: 0.0, Avg: 0.1, Max: 0.2, Diff: 0.2, Sum: 0.2]
         [Termination Attempts: Min: 2, Avg: 2.0, Max: 2, Diff: 0, Sum: 4]
      [GC Worker Other (ms): Min: 0.0, Avg: 0.0, Max: 0.0, Diff: 0.0, Sum: 0.0]
      [GC Worker Total (ms): Min: 48.6, Avg: 48.7, Max: 48.7, Diff: 0.0, Sum: 97.3]
      [GC Worker End (ms): Min: 24356290.2, Avg: 24356290.2, Max: 24356290.2, Diff: 0.0]
   [Code Root Fixup: 0.2 ms]
   [Code Root Purge: 0.0 ms]
   [Clear CT: 0.3 ms]
   [Other: 1.4 ms]
      [Choose CSet: 0.0 ms]
      [Ref Proc: 0.5 ms]
      [Ref Enq: 0.0 ms]
      [Redirty Cards: 0.3 ms]
      [Humongous Register: 0.1 ms]
      [Humongous Reclaim: 0.0 ms]
      [Free CSet: 0.1 ms]
   [Eden: 45.0M(45.0M)->0.0B(45.0M) Survivors: 6144.0K->6144.0K Heap: 389.5M(1024.0M)->345.7M(1024.0M)]
 [Times: user=0.09 sys=0.00, real=0.05 secs] 
2017-09-20T11:10:34.945+0900: 24458.879: [GC pause (G1 Evacuation Pause) (young), 0.0113464 secs]
   [Parallel Time: 10.7 ms, GC Workers: 2]
      [GC Worker Start (ms): Min: 24458878.7, Avg: 24458878.7, Max: 24458878.7, Diff: 0.0]
      [Ext Root Scanning (ms): Min: 0.5, Avg: 0.5, Max: 0.5, Diff: 0.0, Sum: 1.0]
      [Update RS (ms): Min: 0.6, Avg: 0.6, Max: 0.7, Diff: 0.1, Sum: 1.2]
         [Processed Buffers: Min: 14, Avg: 15.0, Max: 16, Diff: 2, Sum: 30]
      [Scan RS (ms): Min: 0.6, Avg: 0.6, Max: 0.6, Diff: 0.1, Sum: 1.2]
      [Code Root Scanning (ms): Min: 0.0, Avg: 0.0, Max: 0.0, Diff: 0.0, Sum: 0.0]
      [Object Copy (ms): Min: 8.8, Avg: 8.8, Max: 8.9, Diff: 0.0, Sum: 17.7]
      [Termination (ms): Min: 0.0, Avg: 0.0, Max: 0.1, Diff: 0.0, Sum: 0.1]
         [Termination Attempts: Min: 3, Avg: 4.5, Max: 6, Diff: 3, Sum: 9]
      [GC Worker Other (ms): Min: 0.0, Avg: 0.0, Max: 0.0, Diff: 0.0, Sum: 0.0]
      [GC Worker Total (ms): Min: 10.6, Avg: 10.6, Max: 10.6, Diff: 0.0, Sum: 21.2]
      [GC Worker End (ms): Min: 24458889.3, Avg: 24458889.3, Max: 24458889.3, Diff: 0.0]
   [Code Root Fixup: 0.1 ms]
   [Code Root Purge: 0.0 ms]
   [Clear CT: 0.1 ms]
   [Other: 0.6 ms]
      [Choose CSet: 0.0 ms]
      [Ref Proc: 0.2 ms]
      [Ref Enq: 0.0 ms]
      [Redirty Cards: 0.1 ms]
      [Humongous Register: 0.0 ms]
      [Humongous Reclaim: 0.0 ms]
      [Free CSet: 0.1 ms]
   [Eden: 45.0M(45.0M)->0.0B(46.0M) Survivors: 6144.0K->5120.0K Heap: 390.7M(1024.0M)->348.8M(1024.0M)]
 [Times: user=0.02 sys=0.00, real=0.02 secs] 
2017-09-20T11:12:20.106+0900: 24564.039: [GC pause (G1 Evacuation Pause) (young), 0.0186923 secs]
   [Parallel Time: 16.4 ms, GC Workers: 2]
      [GC Worker Start (ms): Min: 24564039.9, Avg: 24564040.0, Max: 24564040.1, Diff: 0.1]
      [Ext Root Scanning (ms): Min: 2.2, Avg: 2.2, Max: 2.2, Diff: 0.1, Sum: 4.4]
      [Update RS (ms): Min: 3.2, Avg: 3.3, Max: 3.4, Diff: 0.1, Sum: 6.6]
         [Processed Buffers: Min: 1, Avg: 17.0, Max: 33, Diff: 32, Sum: 34]
      [Scan RS (ms): Min: 2.0, Avg: 2.2, Max: 2.3, Diff: 0.3, Sum: 4.4]
      [Code Root Scanning (ms): Min: 0.0, Avg: 0.0, Max: 0.0, Diff: 0.0, Sum: 0.0]
      [Object Copy (ms): Min: 8.3, Avg: 8.3, Max: 8.4, Diff: 0.1, Sum: 16.7]
      [Termination (ms): Min: 0.0, Avg: 0.0, Max: 0.0, Diff: 0.0, Sum: 0.0]
         [Termination Attempts: Min: 1, Avg: 1.0, Max: 1, Diff: 0, Sum: 2]
      [GC Worker Other (ms): Min: 0.0, Avg: 0.0, Max: 0.0, Diff: 0.0, Sum: 0.0]
      [GC Worker Total (ms): Min: 16.0, Avg: 16.1, Max: 16.1, Diff: 0.1, Sum: 32.1]
      [GC Worker End (ms): Min: 24564056.1, Avg: 24564056.1, Max: 24564056.1, Diff: 0.0]
   [Code Root Fixup: 0.2 ms]
   [Code Root Purge: 0.0 ms]
   [Clear CT: 0.2 ms]
   [Other: 1.9 ms]
      [Choose CSet: 0.0 ms]
      [Ref Proc: 0.6 ms]
      [Ref Enq: 0.0 ms]
      [Redirty Cards: 0.6 ms]
      [Humongous Register: 0.1 ms]
      [Humongous Reclaim: 0.0 ms]
      [Free CSet: 0.1 ms]
   [Eden: 46.0M(46.0M)->0.0B(48.0M) Survivors: 5120.0K->3072.0K Heap: 394.8M(1024.0M)->346.8M(1024.0M)]
 [Times: user=0.04 sys=0.00, real=0.02 secs] 
2017-09-20T11:14:09.801+0900: 24673.734: [GC pause (G1 Evacuation Pause) (young), 0.0294468 secs]
   [Parallel Time: 27.5 ms, GC Workers: 2]
      [GC Worker Start (ms): Min: 24673734.7, Avg: 24673734.8, Max: 24673734.9, Diff: 0.2]
      [Ext Root Scanning (ms): Min: 1.7, Avg: 1.8, Max: 1.9, Diff: 0.2, Sum: 3.5]
      [Update RS (ms): Min: 1.9, Avg: 2.0, Max: 2.1, Diff: 0.2, Sum: 4.0]
         [Processed Buffers: Min: 13, Avg: 16.5, Max: 20, Diff: 7, Sum: 33]
      [Scan RS (ms): Min: 2.5, Avg: 3.8, Max: 5.1, Diff: 2.6, Sum: 7.6]
      [Code Root Scanning (ms): Min: 0.0, Avg: 0.0, Max: 0.0, Diff: 0.0, Sum: 0.0]
      [Object Copy (ms): Min: 18.4, Avg: 19.6, Max: 20.8, Diff: 2.4, Sum: 39.2]
      [Termination (ms): Min: 0.0, Avg: 0.0, Max: 0.1, Diff: 0.0, Sum: 0.1]
         [Termination Attempts: Min: 1, Avg: 1.0, Max: 1, Diff: 0, Sum: 2]
      [GC Worker Other (ms): Min: 0.0, Avg: 0.0, Max: 0.0, Diff: 0.0, Sum: 0.1]
      [GC Worker Total (ms): Min: 27.1, Avg: 27.2, Max: 27.3, Diff: 0.2, Sum: 54.4]
      [GC Worker End (ms): Min: 24673762.0, Avg: 24673762.0, Max: 24673762.0, Diff: 0.0]
   [Code Root Fixup: 0.2 ms]
   [Code Root Purge: 0.0 ms]
   [Clear CT: 0.2 ms]
   [Other: 1.5 ms]
      [Choose CSet: 0.0 ms]
      [Ref Proc: 0.5 ms]
      [Ref Enq: 0.0 ms]
      [Redirty Cards: 0.5 ms]
      [Humongous Register: 0.1 ms]
      [Humongous Reclaim: 0.0 ms]
      [Free CSet: 0.1 ms]
   [Eden: 48.0M(48.0M)->0.0B(47.0M) Survivors: 3072.0K->4096.0K Heap: 394.8M(1024.0M)->348.3M(1024.0M)]
 [Times: user=0.06 sys=0.00, real=0.03 secs] 
2017-09-20T11:15:56.999+0900: 24780.933: [GC pause (G1 Evacuation Pause) (young), 0.0103953 secs]
   [Parallel Time: 8.7 ms, GC Workers: 2]
      [GC Worker Start (ms): Min: 24780932.7, Avg: 24780932.7, Max: 24780932.7, Diff: 0.0]
      [Ext Root Scanning (ms): Min: 0.5, Avg: 0.6, Max: 0.6, Diff: 0.1, Sum: 1.2]
      [Update RS (ms): Min: 0.6, Avg: 0.6, Max: 0.7, Diff: 0.1, Sum: 1.2]
         [Processed Buffers: Min: 13, Avg: 15.5, Max: 18, Diff: 5, Sum: 31]
      [Scan RS (ms): Min: 0.6, Avg: 1.6, Max: 2.5, Diff: 1.9, Sum: 3.1]
      [Code Root Scanning (ms): Min: 0.0, Avg: 0.0, Max: 0.0, Diff: 0.0, Sum: 0.0]
      [Object Copy (ms): Min: 4.9, Avg: 5.8, Max: 6.8, Diff: 1.9, Sum: 11.7]
      [Termination (ms): Min: 0.0, Avg: 0.0, Max: 0.0, Diff: 0.0, Sum: 0.0]
         [Termination Attempts: Min: 1, Avg: 2.5, Max: 4, Diff: 3, Sum: 5]
      [GC Worker Other (ms): Min: 0.0, Avg: 0.0, Max: 0.0, Diff: 0.0, Sum: 0.0]
      [GC Worker Total (ms): Min: 8.6, Avg: 8.6, Max: 8.7, Diff: 0.0, Sum: 17.3]
      [GC Worker End (ms): Min: 24780941.4, Avg: 24780941.4, Max: 24780941.4, Diff: 0.0]
   [Code Root Fixup: 0.0 ms]
   [Code Root Purge: 0.0 ms]
   [Clear CT: 0.2 ms]
   [Other: 1.4 ms]
      [Choose CSet: 0.0 ms]
      [Ref Proc: 0.7 ms]
      [Ref Enq: 0.0 ms]
      [Redirty Cards: 0.3 ms]
      [Humongous Register: 0.1 ms]
      [Humongous Reclaim: 0.0 ms]
      [Free CSet: 0.1 ms]
   [Eden: 47.0M(47.0M)->0.0B(45.0M) Survivors: 4096.0K->6144.0K Heap: 395.3M(1024.0M)->350.3M(1024.0M)]
 [Times: user=0.02 sys=0.00, real=0.01 secs] 
2017-09-20T11:17:40.205+0900: 24884.139: [GC pause (G1 Evacuation Pause) (young), 0.0413049 secs]
   [Parallel Time: 40.0 ms, GC Workers: 2]
      [GC Worker Start (ms): Min: 24884139.1, Avg: 24884139.2, Max: 24884139.2, Diff: 0.1]
      [Ext Root Scanning (ms): Min: 1.8, Avg: 1.9, Max: 2.0, Diff: 0.1, Sum: 3.8]
      [Update RS (ms): Min: 2.9, Avg: 3.1, Max: 3.3, Diff: 0.4, Sum: 6.3]
         [Processed Buffers: Min: 4, Avg: 16.0, Max: 28, Diff: 24, Sum: 32]
      [Scan RS (ms): Min: 2.2, Avg: 2.4, Max: 2.7, Diff: 0.4, Sum: 4.9]
      [Code Root Scanning (ms): Min: 0.0, Avg: 0.0, Max: 0.0, Diff: 0.0, Sum: 0.0]
      [Object Copy (ms): Min: 32.3, Avg: 32.3, Max: 32.3, Diff: 0.0, Sum: 64.6]
      [Termination (ms): Min: 0.0, Avg: 0.1, Max: 0.1, Diff: 0.1, Sum: 0.1]
         [Termination Attempts: Min: 6, Avg: 8.0, Max: 10, Diff: 4, Sum: 16]
      [GC Worker Other (ms): Min: 0.0, Avg: 0.0, Max: 0.0, Diff: 0.0, Sum: 0.0]
      [GC Worker Total (ms): Min: 39.8, Avg: 39.9, Max: 39.9, Diff: 0.1, Sum: 79.8]
      [GC Worker End (ms): Min: 24884179.0, Avg: 24884179.0, Max: 24884179.0, Diff: 0.0]
   [Code Root Fixup: 0.1 ms]
   [Code Root Purge: 0.0 ms]
   [Clear CT: 0.1 ms]
   [Other: 1.1 ms]
      [Choose CSet: 0.0 ms]
      [Ref Proc: 0.5 ms]
      [Ref Enq: 0.0 ms]
      [Redirty Cards: 0.1 ms]
      [Humongous Register: 0.1 ms]
      [Humongous Reclaim: 0.0 ms]
      [Free CSet: 0.0 ms]
   [Eden: 45.0M(45.0M)->0.0B(46.0M) Survivors: 6144.0K->5120.0K Heap: 395.3M(1024.0M)->351.8M(1024.0M)]
 [Times: user=0.07 sys=0.00, real=0.04 secs] 
2017-09-20T11:19:25.400+0900: 24989.333: [GC pause (G1 Evacuation Pause) (young), 0.0333769 secs]
   [Parallel Time: 31.8 ms, GC Workers: 2]
      [GC Worker Start (ms): Min: 24989333.7, Avg: 24989333.7, Max: 24989333.8, Diff: 0.1]
      [Ext Root Scanning (ms): Min: 1.9, Avg: 1.9, Max: 1.9, Diff: 0.1, Sum: 3.8]
      [Update RS (ms): Min: 3.0, Avg: 3.4, Max: 3.8, Diff: 0.7, Sum: 6.8]
         [Processed Buffers: Min: 15, Avg: 17.5, Max: 20, Diff: 5, Sum: 35]
      [Scan RS (ms): Min: 2.4, Avg: 2.7, Max: 3.0, Diff: 0.6, Sum: 5.3]
      [Code Root Scanning (ms): Min: 0.0, Avg: 0.0, Max: 0.0, Diff: 0.0, Sum: 0.0]
      [Object Copy (ms): Min: 23.6, Avg: 23.7, Max: 23.8, Diff: 0.1, Sum: 47.4]
      [Termination (ms): Min: 0.0, Avg: 0.0, Max: 0.0, Diff: 0.0, Sum: 0.0]
         [Termination Attempts: Min: 1, Avg: 1.0, Max: 1, Diff: 0, Sum: 2]
      [GC Worker Other (ms): Min: 0.0, Avg: 0.0, Max: 0.0, Diff: 0.0, Sum: 0.0]
      [GC Worker Total (ms): Min: 31.6, Avg: 31.7, Max: 31.7, Diff: 0.1, Sum: 63.3]
      [GC Worker End (ms): Min: 24989365.4, Avg: 24989365.4, Max: 24989365.4, Diff: 0.0]
   [Code Root Fixup: 0.1 ms]
   [Code Root Purge: 0.0 ms]
   [Clear CT: 0.2 ms]
   [Other: 1.3 ms]
      [Choose CSet: 0.0 ms]
      [Ref Proc: 0.4 ms]
      [Ref Enq: 0.0 ms]
      [Redirty Cards: 0.4 ms]
      [Humongous Register: 0.1 ms]
      [Humongous Reclaim: 0.0 ms]
      [Free CSet: 0.1 ms]
   [Eden: 46.0M(46.0M)->0.0B(44.0M) Survivors: 5120.0K->7168.0K Heap: 397.8M(1024.0M)->353.8M(1024.0M)]
 [Times: user=0.06 sys=0.00, real=0.03 secs] 
2017-09-20T11:21:05.187+0900: 25089.121: [GC pause (G1 Evacuation Pause) (young), 0.0185617 secs]
   [Parallel Time: 17.1 ms, GC Workers: 2]
      [GC Worker Start (ms): Min: 25089121.2, Avg: 25089121.2, Max: 25089121.3, Diff: 0.1]
      [Ext Root Scanning (ms): Min: 1.9, Avg: 1.9, Max: 2.0, Diff: 0.1, Sum: 3.9]
      [Update RS (ms): Min: 2.2, Avg: 2.6, Max: 3.0, Diff: 0.7, Sum: 5.2]
         [Processed Buffers: Min: 11, Avg: 15.5, Max: 20, Diff: 9, Sum: 31]
      [Scan RS (ms): Min: 3.1, Avg: 4.5, Max: 5.9, Diff: 2.8, Sum: 8.9]
      [Code Root Scanning (ms): Min: 0.0, Avg: 0.0, Max: 0.0, Diff: 0.0, Sum: 0.0]
      [Object Copy (ms): Min: 6.9, Avg: 8.0, Max: 9.0, Diff: 2.1, Sum: 15.9]
      [Termination (ms): Min: 0.0, Avg: 0.0, Max: 0.0, Diff: 0.0, Sum: 0.0]
         [Termination Attempts: Min: 1, Avg: 1.0, Max: 1, Diff: 0, Sum: 2]
      [GC Worker Other (ms): Min: 0.0, Avg: 0.0, Max: 0.0, Diff: 0.0, Sum: 0.0]
      [GC Worker Total (ms): Min: 17.0, Avg: 17.0, Max: 17.0, Diff: 0.1, Sum: 34.0]
      [GC Worker End (ms): Min: 25089138.2, Avg: 25089138.2, Max: 25089138.2, Diff: 0.0]
   [Code Root Fixup: 0.1 ms]
   [Code Root Purge: 0.0 ms]
   [Clear CT: 0.3 ms]
   [Other: 1.2 ms]
      [Choose CSet: 0.0 ms]
      [Ref Proc: 0.3 ms]
      [Ref Enq: 0.0 ms]
      [Redirty Cards: 0.3 ms]
      [Humongous Register: 0.1 ms]
      [Humongous Reclaim: 0.0 ms]
      [Free CSet: 0.1 ms]
   [Eden: 44.0M(44.0M)->0.0B(48.0M) Survivors: 7168.0K->3072.0K Heap: 397.8M(1024.0M)->350.4M(1024.0M)]
 [Times: user=0.03 sys=0.00, real=0.01 secs] 
2017-09-20T11:22:54.825+0900: 25198.759: [GC pause (G1 Evacuation Pause) (young), 0.0350045 secs]
   [Parallel Time: 33.3 ms, GC Workers: 2]
      [GC Worker Start (ms): Min: 25198759.3, Avg: 25198759.4, Max: 25198759.5, Diff: 0.2]
      [Ext Root Scanning (ms): Min: 2.4, Avg: 2.7, Max: 3.0, Diff: 0.6, Sum: 5.4]
      [Update RS (ms): Min: 7.1, Avg: 7.2, Max: 7.3, Diff: 0.2, Sum: 14.5]
         [Processed Buffers: Min: 1, Avg: 15.5, Max: 30, Diff: 29, Sum: 31]
      [Scan RS (ms): Min: 4.0, Avg: 4.0, Max: 4.1, Diff: 0.1, Sum: 8.1]
      [Code Root Scanning (ms): Min: 0.0, Avg: 0.0, Max: 0.0, Diff: 0.0, Sum: 0.0]
      [Object Copy (ms): Min: 19.1, Avg: 19.2, Max: 19.3, Diff: 0.1, Sum: 38.4]
      [Termination (ms): Min: 0.0, Avg: 0.0, Max: 0.0, Diff: 0.0, Sum: 0.0]
         [Termination Attempts: Min: 1, Avg: 3.0, Max: 5, Diff: 4, Sum: 6]
      [GC Worker Other (ms): Min: 0.0, Avg: 0.0, Max: 0.0, Diff: 0.0, Sum: 0.1]
      [GC Worker Total (ms): Min: 33.1, Avg: 33.2, Max: 33.3, Diff: 0.2, Sum: 66.4]
      [GC Worker End (ms): Min: 25198792.6, Avg: 25198792.6, Max: 25198792.6, Diff: 0.0]
   [Code Root Fixup: 0.1 ms]
   [Code Root Purge: 0.0 ms]
   [Clear CT: 0.2 ms]
   [Other: 1.4 ms]
      [Choose CSet: 0.0 ms]
      [Ref Proc: 0.4 ms]
      [Ref Enq: 0.0 ms]
      [Redirty Cards: 0.4 ms]
      [Humongous Register: 0.1 ms]
      [Humongous Reclaim: 0.0 ms]
      [Free CSet: 0.1 ms]
   [Eden: 48.0M(48.0M)->0.0B(46.0M) Survivors: 3072.0K->5120.0K Heap: 398.4M(1024.0M)->352.4M(1024.0M)]
 [Times: user=0.06 sys=0.00, real=0.04 secs] 
2017-09-20T11:24:36.525+0900: 25300.458: [GC pause (G1 Evacuation Pause) (young), 0.0350347 secs]
   [Parallel Time: 33.6 ms, GC Workers: 2]
      [GC Worker Start (ms): Min: 25300458.5, Avg: 25300458.6, Max: 25300458.6, Diff: 0.2]
      [Ext Root Scanning (ms): Min: 1.9, Avg: 2.0, Max: 2.1, Diff: 0.2, Sum: 4.0]
      [Update RS (ms): Min: 1.7, Avg: 2.0, Max: 2.3, Diff: 0.7, Sum: 4.0]
         [Processed Buffers: Min: 14, Avg: 16.5, Max: 19, Diff: 5, Sum: 33]
      [Scan RS (ms): Min: 2.5, Avg: 2.9, Max: 3.3, Diff: 0.8, Sum: 5.9]
      [Code Root Scanning (ms): Min: 0.0, Avg: 0.0, Max: 0.0, Diff: 0.0, Sum: 0.0]
      [Object Copy (ms): Min: 26.4, Avg: 26.5, Max: 26.6, Diff: 0.2, Sum: 53.0]
      [Termination (ms): Min: 0.0, Avg: 0.0, Max: 0.0, Diff: 0.0, Sum: 0.0]
         [Termination Attempts: Min: 1, Avg: 1.0, Max: 1, Diff: 0, Sum: 2]
      [GC Worker Other (ms): Min: 0.0, Avg: 0.0, Max: 0.0, Diff: 0.0, Sum: 0.0]
      [GC Worker Total (ms): Min: 33.4, Avg: 33.5, Max: 33.6, Diff: 0.1, Sum: 67.0]
      [GC Worker End (ms): Min: 25300492.1, Avg: 25300492.1, Max: 25300492.1, Diff: 0.0]
   [Code Root Fixup: 0.1 ms]
   [Code Root Purge: 0.0 ms]
   [Clear CT: 0.2 ms]
   [Other: 1.1 ms]
      [Choose CSet: 0.0 ms]
      [Ref Proc: 0.3 ms]
      [Ref Enq: 0.0 ms]
      [Redirty Cards: 0.3 ms]
      [Humongous Register: 0.1 ms]
      [Humongous Reclaim: 0.0 ms]
      [Free CSet: 0.0 ms]
   [Eden: 46.0M(46.0M)->0.0B(44.0M) Survivors: 5120.0K->7168.0K Heap: 398.4M(1024.0M)->354.4M(1024.0M)]
 [Times: user=0.07 sys=0.00, real=0.04 secs] 
2017-09-20T11:26:16.623+0900: 25400.557: [GC pause (G1 Evacuation Pause) (young), 0.0483658 secs]
   [Parallel Time: 47.2 ms, GC Workers: 2]
      [GC Worker Start (ms): Min: 25400557.1, Avg: 25400557.2, Max: 25400557.3, Diff: 0.2]
      [Ext Root Scanning (ms): Min: 1.7, Avg: 1.8, Max: 1.9, Diff: 0.2, Sum: 3.6]
      [Update RS (ms): Min: 3.0, Avg: 3.1, Max: 3.3, Diff: 0.2, Sum: 6.3]
         [Processed Buffers: Min: 15, Avg: 15.0, Max: 15, Diff: 0, Sum: 30]
      [Scan RS (ms): Min: 1.7, Avg: 1.8, Max: 1.8, Diff: 0.2, Sum: 3.5]
      [Code Root Scanning (ms): Min: 0.0, Avg: 0.0, Max: 0.0, Diff: 0.0, Sum: 0.0]
      [Object Copy (ms): Min: 38.0, Avg: 39.0, Max: 40.0, Diff: 2.1, Sum: 78.0]
      [Termination (ms): Min: 0.0, Avg: 1.2, Max: 2.3, Diff: 2.3, Sum: 2.3]
         [Termination Attempts: Min: 1, Avg: 1.0, Max: 1, Diff: 0, Sum: 2]
      [GC Worker Other (ms): Min: 0.0, Avg: 0.0, Max: 0.0, Diff: 0.0, Sum: 0.0]
      [GC Worker Total (ms): Min: 46.9, Avg: 46.9, Max: 46.9, Diff: 0.0, Sum: 93.8]
      [GC Worker End (ms): Min: 25400604.0, Avg: 25400604.1, Max: 25400604.1, Diff: 0.1]
   [Code Root Fixup: 0.1 ms]
   [Code Root Purge: 0.0 ms]
   [Clear CT: 0.2 ms]
   [Other: 0.9 ms]
      [Choose CSet: 0.0 ms]
      [Ref Proc: 0.2 ms]
      [Ref Enq: 0.0 ms]
      [Redirty Cards: 0.3 ms]
      [Humongous Register: 0.1 ms]
      [Humongous Reclaim: 0.0 ms]
      [Free CSet: 0.0 ms]
   [Eden: 44.0M(44.0M)->0.0B(46.0M) Survivors: 7168.0K->5120.0K Heap: 398.4M(1024.0M)->356.2M(1024.0M)]
 [Times: user=0.08 sys=0.01, real=0.05 secs] 
2017-09-20T11:28:00.906+0900: 25504.839: [GC pause (G1 Evacuation Pause) (young), 0.0104067 secs]
   [Parallel Time: 9.5 ms, GC Workers: 2]
      [GC Worker Start (ms): Min: 25504839.3, Avg: 25504839.3, Max: 25504839.4, Diff: 0.0]
      [Ext Root Scanning (ms): Min: 0.6, Avg: 0.7, Max: 0.7, Diff: 0.1, Sum: 1.3]
      [Update RS (ms): Min: 0.7, Avg: 0.7, Max: 0.7, Diff: 0.0, Sum: 1.3]
         [Processed Buffers: Min: 3, Avg: 16.0, Max: 29, Diff: 26, Sum: 32]
      [Scan RS (ms): Min: 0.8, Avg: 0.8, Max: 0.8, Diff: 0.0, Sum: 1.6]
      [Code Root Scanning (ms): Min: 0.0, Avg: 0.0, Max: 0.0, Diff: 0.0, Sum: 0.0]
      [Object Copy (ms): Min: 7.3, Avg: 7.3, Max: 7.3, Diff: 0.0, Sum: 14.6]
      [Termination (ms): Min: 0.0, Avg: 0.0, Max: 0.0, Diff: 0.0, Sum: 0.0]
         [Termination Attempts: Min: 1, Avg: 1.0, Max: 1, Diff: 0, Sum: 2]
      [GC Worker Other (ms): Min: 0.0, Avg: 0.0, Max: 0.0, Diff: 0.0, Sum: 0.0]
      [GC Worker Total (ms): Min: 9.4, Avg: 9.5, Max: 9.5, Diff: 0.0, Sum: 18.9]
      [GC Worker End (ms): Min: 25504848.8, Avg: 25504848.8, Max: 25504848.8, Diff: 0.0]
   [Code Root Fixup: 0.1 ms]
   [Code Root Purge: 0.0 ms]
   [Clear CT: 0.1 ms]
   [Other: 0.7 ms]
      [Choose CSet: 0.0 ms]
      [Ref Proc: 0.2 ms]
      [Ref Enq: 0.0 ms]
      [Redirty Cards: 0.2 ms]
      [Humongous Register: 0.0 ms]
      [Humongous Reclaim: 0.0 ms]
      [Free CSet: 0.1 ms]
   [Eden: 46.0M(46.0M)->0.0B(47.0M) Survivors: 5120.0K->4096.0K Heap: 402.2M(1024.0M)->358.0M(1024.0M)]
 [Times: user=0.02 sys=0.00, real=0.02 secs] 
2017-09-20T11:29:47.976+0900: 25611.910: [GC pause (G1 Evacuation Pause) (young), 0.0178383 secs]
   [Parallel Time: 15.6 ms, GC Workers: 2]
      [GC Worker Start (ms): Min: 25611910.1, Avg: 25611910.1, Max: 25611910.2, Diff: 0.1]
      [Ext Root Scanning (ms): Min: 1.7, Avg: 1.8, Max: 1.9, Diff: 0.2, Sum: 3.6]
      [Update RS (ms): Min: 2.7, Avg: 2.7, Max: 2.7, Diff: 0.0, Sum: 5.3]
         [Processed Buffers: Min: 4, Avg: 15.5, Max: 27, Diff: 23, Sum: 31]
      [Scan RS (ms): Min: 0.8, Avg: 0.9, Max: 0.9, Diff: 0.1, Sum: 1.7]
      [Code Root Scanning (ms): Min: 0.0, Avg: 0.0, Max: 0.0, Diff: 0.0, Sum: 0.0]
      [Object Copy (ms): Min: 10.0, Avg: 10.0, Max: 10.1, Diff: 0.1, Sum: 20.1]
      [Termination (ms): Min: 0.0, Avg: 0.0, Max: 0.0, Diff: 0.0, Sum: 0.0]
         [Termination Attempts: Min: 1, Avg: 1.0, Max: 1, Diff: 0, Sum: 2]
      [GC Worker Other (ms): Min: 0.0, Avg: 0.0, Max: 0.0, Diff: 0.0, Sum: 0.0]
      [GC Worker Total (ms): Min: 15.3, Avg: 15.4, Max: 15.5, Diff: 0.1, Sum: 30.8]
      [GC Worker End (ms): Min: 25611925.5, Avg: 25611925.5, Max: 25611925.6, Diff: 0.0]
   [Code Root Fixup: 0.1 ms]
   [Code Root Purge: 0.0 ms]
   [Clear CT: 0.4 ms]
   [Other: 1.8 ms]
      [Choose CSet: 0.0 ms]
      [Ref Proc: 0.6 ms]
      [Ref Enq: 0.0 ms]
      [Redirty Cards: 0.5 ms]
      [Humongous Register: 0.1 ms]
      [Humongous Reclaim: 0.0 ms]
      [Free CSet: 0.1 ms]
   [Eden: 47.0M(47.0M)->0.0B(48.0M) Survivors: 4096.0K->3072.0K Heap: 405.0M(1024.0M)->356.5M(1024.0M)]
 [Times: user=0.03 sys=0.00, real=0.01 secs] 
2017-09-20T11:31:37.313+0900: 25721.246: [GC pause (G1 Evacuation Pause) (young), 0.0292028 secs]
   [Parallel Time: 26.8 ms, GC Workers: 2]
      [GC Worker Start (ms): Min: 25721246.4, Avg: 25721246.5, Max: 25721246.6, Diff: 0.1]
      [Ext Root Scanning (ms): Min: 1.9, Avg: 1.9, Max: 2.0, Diff: 0.1, Sum: 3.8]
      [Update RS (ms): Min: 1.1, Avg: 1.1, Max: 1.2, Diff: 0.1, Sum: 2.2]
         [Processed Buffers: Min: 16, Avg: 16.0, Max: 16, Diff: 0, Sum: 32]
      [Scan RS (ms): Min: 1.3, Avg: 1.4, Max: 1.5, Diff: 0.1, Sum: 2.8]
      [Code Root Scanning (ms): Min: 0.0, Avg: 0.0, Max: 0.0, Diff: 0.0, Sum: 0.0]
      [Object Copy (ms): Min: 22.1, Avg: 22.1, Max: 22.2, Diff: 0.1, Sum: 44.3]
      [Termination (ms): Min: 0.0, Avg: 0.0, Max: 0.1, Diff: 0.1, Sum: 0.1]
         [Termination Attempts: Min: 1, Avg: 2.0, Max: 3, Diff: 2, Sum: 4]
      [GC Worker Other (ms): Min: 0.0, Avg: 0.0, Max: 0.0, Diff: 0.0, Sum: 0.1]
      [GC Worker Total (ms): Min: 26.6, Avg: 26.7, Max: 26.7, Diff: 0.1, Sum: 53.3]
      [GC Worker End (ms): Min: 25721273.2, Avg: 25721273.2, Max: 25721273.2, Diff: 0.0]
   [Code Root Fixup: 0.2 ms]
   [Code Root Purge: 0.0 ms]
   [Clear CT: 0.3 ms]
   [Other: 2.0 ms]
      [Choose CSet: 0.0 ms]
      [Ref Proc: 0.8 ms]
      [Ref Enq: 0.0 ms]
      [Redirty Cards: 0.6 ms]
      [Humongous Register: 0.1 ms]
      [Humongous Reclaim: 0.0 ms]
      [Free CSet: 0.1 ms]
   [Eden: 48.0M(48.0M)->0.0B(46.0M) Survivors: 3072.0K->5120.0K Heap: 404.5M(1024.0M)->358.5M(1024.0M)]
 [Times: user=0.06 sys=0.00, real=0.03 secs] 
2017-09-20T11:33:22.499+0900: 25826.433: [GC pause (G1 Evacuation Pause) (young), 0.0423748 secs]
   [Parallel Time: 41.2 ms, GC Workers: 2]
      [GC Worker Start (ms): Min: 25826432.8, Avg: 25826432.9, Max: 25826432.9, Diff: 0.1]
      [Ext Root Scanning (ms): Min: 2.1, Avg: 2.2, Max: 2.3, Diff: 0.2, Sum: 4.4]
      [Update RS (ms): Min: 1.3, Avg: 1.5, Max: 1.7, Diff: 0.4, Sum: 3.0]
         [Processed Buffers: Min: 1, Avg: 16.5, Max: 32, Diff: 31, Sum: 33]
      [Scan RS (ms): Min: 1.5, Avg: 1.6, Max: 1.8, Diff: 0.2, Sum: 3.3]
      [Code Root Scanning (ms): Min: 0.0, Avg: 0.0, Max: 0.0, Diff: 0.0, Sum: 0.0]
      [Object Copy (ms): Min: 35.5, Avg: 35.6, Max: 35.7, Diff: 0.2, Sum: 71.3]
      [Termination (ms): Min: 0.0, Avg: 0.0, Max: 0.1, Diff: 0.1, Sum: 0.1]
         [Termination Attempts: Min: 1, Avg: 2.0, Max: 3, Diff: 2, Sum: 4]
      [GC Worker Other (ms): Min: 0.0, Avg: 0.0, Max: 0.0, Diff: 0.0, Sum: 0.1]
      [GC Worker Total (ms): Min: 41.0, Avg: 41.0, Max: 41.1, Diff: 0.1, Sum: 82.1]
      [GC Worker End (ms): Min: 25826473.9, Avg: 25826473.9, Max: 25826473.9, Diff: 0.0]
   [Code Root Fixup: 0.1 ms]
   [Code Root Purge: 0.0 ms]
   [Clear CT: 0.1 ms]
   [Other: 1.0 ms]
      [Choose CSet: 0.0 ms]
      [Ref Proc: 0.2 ms]
      [Ref Enq: 0.0 ms]
      [Redirty Cards: 0.3 ms]
      [Humongous Register: 0.1 ms]
      [Humongous Reclaim: 0.0 ms]
      [Free CSet: 0.0 ms]
   [Eden: 46.0M(46.0M)->0.0B(45.0M) Survivors: 5120.0K->6144.0K Heap: 404.5M(1024.0M)->360.0M(1024.0M)]
 [Times: user=0.08 sys=0.00, real=0.04 secs] 
2017-09-20T11:35:04.688+0900: 25928.621: [GC pause (G1 Evacuation Pause) (young), 0.0418050 secs]
   [Parallel Time: 40.4 ms, GC Workers: 2]
      [GC Worker Start (ms): Min: 25928621.8, Avg: 25928621.8, Max: 25928621.8, Diff: 0.0]
      [Ext Root Scanning (ms): Min: 1.8, Avg: 1.8, Max: 1.8, Diff: 0.0, Sum: 3.6]
      [Update RS (ms): Min: 1.2, Avg: 1.3, Max: 1.4, Diff: 0.2, Sum: 2.6]
         [Processed Buffers: Min: 4, Avg: 16.0, Max: 28, Diff: 24, Sum: 32]
      [Scan RS (ms): Min: 1.7, Avg: 2.0, Max: 2.2, Diff: 0.5, Sum: 3.9]
      [Code Root Scanning (ms): Min: 0.0, Avg: 0.0, Max: 0.0, Diff: 0.0, Sum: 0.0]
      [Object Copy (ms): Min: 34.8, Avg: 35.0, Max: 35.3, Diff: 0.4, Sum: 70.1]
      [Termination (ms): Min: 0.0, Avg: 0.1, Max: 0.1, Diff: 0.1, Sum: 0.1]
         [Termination Attempts: Min: 1, Avg: 1.0, Max: 1, Diff: 0, Sum: 2]
      [GC Worker Other (ms): Min: 0.0, Avg: 0.0, Max: 0.0, Diff: 0.0, Sum: 0.0]
      [GC Worker Total (ms): Min: 40.2, Avg: 40.2, Max: 40.3, Diff: 0.1, Sum: 80.4]
      [GC Worker End (ms): Min: 25928662.0, Avg: 25928662.0, Max: 25928662.1, Diff: 0.0]
   [Code Root Fixup: 0.1 ms]
   [Code Root Purge: 0.0 ms]
   [Clear CT: 0.2 ms]
   [Other: 1.2 ms]
      [Choose CSet: 0.0 ms]
      [Ref Proc: 0.3 ms]
      [Ref Enq: 0.0 ms]
      [Redirty Cards: 0.3 ms]
      [Humongous Register: 0.1 ms]
      [Humongous Reclaim: 0.0 ms]
      [Free CSet: 0.0 ms]
   [Eden: 45.0M(45.0M)->0.0B(46.0M) Survivors: 6144.0K->5120.0K Heap: 405.0M(1024.0M)->361.9M(1024.0M)]
 [Times: user=0.08 sys=0.00, real=0.04 secs] 
2017-09-20T11:36:49.345+0900: 26033.279: [GC pause (G1 Evacuation Pause) (young) (initial-mark), 0.0242653 secs]
   [Parallel Time: 22.8 ms, GC Workers: 2]
      [GC Worker Start (ms): Min: 26033279.4, Avg: 26033279.4, Max: 26033279.5, Diff: 0.1]
      [Ext Root Scanning (ms): Min: 4.1, Avg: 4.1, Max: 4.2, Diff: 0.1, Sum: 8.3]
      [Update RS (ms): Min: 1.8, Avg: 2.2, Max: 2.6, Diff: 0.8, Sum: 4.4]
         [Processed Buffers: Min: 6, Avg: 17.0, Max: 28, Diff: 22, Sum: 34]
      [Scan RS (ms): Min: 0.8, Avg: 0.8, Max: 0.8, Diff: 0.0, Sum: 1.6]
      [Code Root Scanning (ms): Min: 0.0, Avg: 0.0, Max: 0.0, Diff: 0.0, Sum: 0.0]
      [Object Copy (ms): Min: 14.9, Avg: 15.3, Max: 15.8, Diff: 0.9, Sum: 30.6]
      [Termination (ms): Min: 0.0, Avg: 0.1, Max: 0.1, Diff: 0.1, Sum: 0.1]
         [Termination Attempts: Min: 3, Avg: 5.5, Max: 8, Diff: 5, Sum: 11]
      [GC Worker Other (ms): Min: 0.0, Avg: 0.0, Max: 0.0, Diff: 0.0, Sum: 0.0]
      [GC Worker Total (ms): Min: 22.4, Avg: 22.5, Max: 22.5, Diff: 0.1, Sum: 45.0]
      [GC Worker End (ms): Min: 26033301.9, Avg: 26033301.9, Max: 26033301.9, Diff: 0.0]
   [Code Root Fixup: 0.1 ms]
   [Code Root Purge: 0.0 ms]
   [Clear CT: 0.2 ms]
   [Other: 1.2 ms]
      [Choose CSet: 0.0 ms]
      [Ref Proc: 0.5 ms]
      [Ref Enq: 0.0 ms]
      [Redirty Cards: 0.4 ms]
      [Humongous Register: 0.0 ms]
      [Humongous Reclaim: 0.0 ms]
      [Free CSet: 0.0 ms]
   [Eden: 46.0M(46.0M)->0.0B(44.0M) Survivors: 5120.0K->7168.0K Heap: 407.9M(1024.0M)->363.9M(1024.0M)]
 [Times: user=0.04 sys=0.00, real=0.03 secs] 
2017-09-20T11:36:49.371+0900: 26033.304: [GC concurrent-root-region-scan-start]
2017-09-20T11:36:49.398+0900: 26033.331: [GC concurrent-root-region-scan-end, 0.0269858 secs]
2017-09-20T11:36:49.398+0900: 26033.331: [GC concurrent-mark-start]
2017-09-20T11:36:49.577+0900: 26033.511: [GC concurrent-mark-end, 0.1792167 secs]
2017-09-20T11:36:49.579+0900: 26033.513: [GC remark 2017-09-20T11:36:49.579+0900: 26033.513: [Finalize Marking, 0.0006180 secs] 2017-09-20T11:36:49.580+0900: 26033.513: [GC ref-proc, 0.0080909 secs] 2017-09-20T11:36:49.588+0900: 26033.522: [Unloading, 0.0361079 secs], 0.0478451 secs]
 [Times: user=0.04 sys=0.00, real=0.05 secs] 
2017-09-20T11:36:49.637+0900: 26033.570: [GC cleanup 364M->264M(1024M), 0.0150836 secs]
 [Times: user=0.01 sys=0.00, real=0.01 secs] 
2017-09-20T11:36:49.652+0900: 26033.585: [GC concurrent-cleanup-start]
2017-09-20T11:36:49.652+0900: 26033.585: [GC concurrent-cleanup-end, 0.0001141 secs]
2017-09-20T11:38:29.195+0900: 26133.129: [GC pause (G1 Evacuation Pause) (young), 0.0063555 secs]
   [Parallel Time: 5.5 ms, GC Workers: 2]
      [GC Worker Start (ms): Min: 26133129.1, Avg: 26133129.1, Max: 26133129.2, Diff: 0.0]
      [Ext Root Scanning (ms): Min: 0.5, Avg: 0.5, Max: 0.5, Diff: 0.0, Sum: 1.0]
      [Update RS (ms): Min: 0.6, Avg: 0.6, Max: 0.7, Diff: 0.2, Sum: 1.3]
         [Processed Buffers: Min: 8, Avg: 17.0, Max: 26, Diff: 18, Sum: 34]
      [Scan RS (ms): Min: 0.4, Avg: 0.5, Max: 0.5, Diff: 0.1, Sum: 0.9]
      [Code Root Scanning (ms): Min: 0.0, Avg: 0.0, Max: 0.0, Diff: 0.0, Sum: 0.0]
      [Object Copy (ms): Min: 3.9, Avg: 3.9, Max: 3.9, Diff: 0.0, Sum: 7.7]
      [Termination (ms): Min: 0.0, Avg: 0.0, Max: 0.0, Diff: 0.0, Sum: 0.0]
         [Termination Attempts: Min: 1, Avg: 1.0, Max: 1, Diff: 0, Sum: 2]
      [GC Worker Other (ms): Min: 0.0, Avg: 0.0, Max: 0.0, Diff: 0.0, Sum: 0.0]
      [GC Worker Total (ms): Min: 5.5, Avg: 5.5, Max: 5.5, Diff: 0.0, Sum: 10.9]
      [GC Worker End (ms): Min: 26133134.6, Avg: 26133134.6, Max: 26133134.6, Diff: 0.0]
   [Code Root Fixup: 0.0 ms]
   [Code Root Purge: 0.0 ms]
   [Clear CT: 0.1 ms]
   [Other: 0.7 ms]
      [Choose CSet: 0.0 ms]
      [Ref Proc: 0.2 ms]
      [Ref Enq: 0.0 ms]
      [Redirty Cards: 0.2 ms]
      [Humongous Register: 0.0 ms]
      [Humongous Reclaim: 0.0 ms]
      [Free CSet: 0.0 ms]
   [Eden: 44.0M(44.0M)->0.0B(48.0M) Survivors: 7168.0K->3072.0K Heap: 307.9M(1024.0M)->261.3M(1024.0M)]
 [Times: user=0.00 sys=0.00, real=0.00 secs] 
2017-09-20T11:40:18.701+0900: 26242.634: [GC pause (G1 Evacuation Pause) (mixed), 0.0256764 secs]
   [Parallel Time: 22.7 ms, GC Workers: 2]
      [GC Worker Start (ms): Min: 26242634.6, Avg: 26242634.7, Max: 26242634.7, Diff: 0.1]
      [Ext Root Scanning (ms): Min: 1.0, Avg: 1.3, Max: 1.5, Diff: 0.5, Sum: 2.5]
      [Update RS (ms): Min: 0.8, Avg: 1.8, Max: 2.8, Diff: 2.0, Sum: 3.6]
         [Processed Buffers: Min: 9, Avg: 16.5, Max: 24, Diff: 15, Sum: 33]
      [Scan RS (ms): Min: 5.7, Avg: 5.7, Max: 5.8, Diff: 0.1, Sum: 11.4]
      [Code Root Scanning (ms): Min: 0.0, Avg: 0.1, Max: 0.2, Diff: 0.2, Sum: 0.2]
      [Object Copy (ms): Min: 12.3, Avg: 13.7, Max: 15.0, Diff: 2.7, Sum: 27.3]
      [Termination (ms): Min: 0.0, Avg: 0.0, Max: 0.0, Diff: 0.0, Sum: 0.0]
         [Termination Attempts: Min: 1, Avg: 1.0, Max: 1, Diff: 0, Sum: 2]
      [GC Worker Other (ms): Min: 0.0, Avg: 0.0, Max: 0.0, Diff: 0.0, Sum: 0.0]
      [GC Worker Total (ms): Min: 22.5, Avg: 22.6, Max: 22.6, Diff: 0.1, Sum: 45.1]
      [GC Worker End (ms): Min: 26242657.2, Avg: 26242657.2, Max: 26242657.2, Diff: 0.0]
   [Code Root Fixup: 0.1 ms]
   [Code Root Purge: 0.0 ms]
   [Clear CT: 0.2 ms]
   [Other: 2.7 ms]
      [Choose CSet: 0.0 ms]
      [Ref Proc: 0.8 ms]
      [Ref Enq: 0.0 ms]
      [Redirty Cards: 0.3 ms]
      [Humongous Register: 0.0 ms]
      [Humongous Reclaim: 0.0 ms]
      [Free CSet: 0.6 ms]
   [Eden: 48.0M(48.0M)->0.0B(46.0M) Survivors: 3072.0K->5120.0K Heap: 309.3M(1024.0M)->247.1M(1024.0M)]
 [Times: user=0.04 sys=0.00, real=0.02 secs] 
2017-09-20T11:42:03.397+0900: 26347.331: [GC pause (G1 Evacuation Pause) (mixed), 0.0445042 secs]
   [Parallel Time: 43.0 ms, GC Workers: 2]
      [GC Worker Start (ms): Min: 26347330.8, Avg: 26347330.8, Max: 26347330.8, Diff: 0.0]
      [Ext Root Scanning (ms): Min: 0.7, Avg: 0.8, Max: 0.9, Diff: 0.2, Sum: 1.6]
      [Update RS (ms): Min: 2.3, Avg: 3.8, Max: 5.3, Diff: 3.0, Sum: 7.6]
         [Processed Buffers: Min: 13, Avg: 18.0, Max: 23, Diff: 10, Sum: 36]
      [Scan RS (ms): Min: 5.5, Avg: 6.4, Max: 7.2, Diff: 1.7, Sum: 12.7]
      [Code Root Scanning (ms): Min: 0.0, Avg: 0.1, Max: 0.1, Diff: 0.1, Sum: 0.1]
      [Object Copy (ms): Min: 30.0, Avg: 31.1, Max: 32.2, Diff: 2.2, Sum: 62.3]
      [Termination (ms): Min: 0.0, Avg: 0.5, Max: 0.9, Diff: 0.9, Sum: 0.9]
         [Termination Attempts: Min: 1, Avg: 1.0, Max: 1, Diff: 0, Sum: 2]
      [GC Worker Other (ms): Min: 0.0, Avg: 0.0, Max: 0.0, Diff: 0.0, Sum: 0.0]
      [GC Worker Total (ms): Min: 42.5, Avg: 42.7, Max: 42.8, Diff: 0.4, Sum: 85.3]
      [GC Worker End (ms): Min: 26347373.3, Avg: 26347373.4, Max: 26347373.6, Diff: 0.3]
   [Code Root Fixup: 0.1 ms]
   [Code Root Purge: 0.0 ms]
   [Clear CT: 0.1 ms]
   [Other: 1.2 ms]
      [Choose CSet: 0.0 ms]
      [Ref Proc: 0.6 ms]
      [Ref Enq: 0.0 ms]
      [Redirty Cards: 0.1 ms]
      [Humongous Register: 0.0 ms]
      [Humongous Reclaim: 0.0 ms]
      [Free CSet: 0.1 ms]
   [Eden: 46.0M(46.0M)->0.0B(45.0M) Survivors: 5120.0K->6144.0K Heap: 293.1M(1024.0M)->233.0M(1024.0M)]
 [Times: user=0.05 sys=0.01, real=0.04 secs] 
2017-09-20T11:43:45.847+0900: 26449.780: [GC pause (G1 Evacuation Pause) (mixed), 0.0816397 secs]
   [Parallel Time: 80.4 ms, GC Workers: 2]
      [GC Worker Start (ms): Min: 26449780.6, Avg: 26449783.2, Max: 26449785.8, Diff: 5.2]
      [Ext Root Scanning (ms): Min: 0.0, Avg: 0.9, Max: 1.7, Diff: 1.7, Sum: 1.7]
      [Update RS (ms): Min: 0.1, Avg: 3.3, Max: 6.5, Diff: 6.4, Sum: 6.6]
         [Processed Buffers: Min: 8, Avg: 16.5, Max: 25, Diff: 17, Sum: 33]
      [Scan RS (ms): Min: 3.4, Avg: 4.8, Max: 6.3, Diff: 2.9, Sum: 9.6]
      [Code Root Scanning (ms): Min: 0.0, Avg: 0.0, Max: 0.0, Diff: 0.0, Sum: 0.0]
      [Object Copy (ms): Min: 68.6, Avg: 68.6, Max: 68.6, Diff: 0.0, Sum: 137.3]
      [Termination (ms): Min: 0.0, Avg: 0.0, Max: 0.0, Diff: 0.0, Sum: 0.0]
         [Termination Attempts: Min: 1, Avg: 1.0, Max: 1, Diff: 0, Sum: 2]
      [GC Worker Other (ms): Min: 0.0, Avg: 0.0, Max: 0.0, Diff: 0.0, Sum: 0.0]
      [GC Worker Total (ms): Min: 75.0, Avg: 77.6, Max: 80.2, Diff: 5.2, Sum: 155.2]
      [GC Worker End (ms): Min: 26449860.8, Avg: 26449860.8, Max: 26449860.8, Diff: 0.0]
   [Code Root Fixup: 0.1 ms]
   [Code Root Purge: 0.0 ms]
   [Clear CT: 0.1 ms]
   [Other: 1.1 ms]
      [Choose CSet: 0.1 ms]
      [Ref Proc: 0.4 ms]
      [Ref Enq: 0.0 ms]
      [Redirty Cards: 0.2 ms]
      [Humongous Register: 0.0 ms]
      [Humongous Reclaim: 0.0 ms]
      [Free CSet: 0.1 ms]
   [Eden: 45.0M(45.0M)->0.0B(46.0M) Survivors: 6144.0K->5120.0K Heap: 278.0M(1024.0M)->219.6M(1024.0M)]
 [Times: user=0.05 sys=0.00, real=0.09 secs] 
2017-09-20T11:45:30.725+0900: 26554.659: [GC pause (G1 Evacuation Pause) (mixed), 0.0476121 secs]
   [Parallel Time: 41.7 ms, GC Workers: 2]
      [GC Worker Start (ms): Min: 26554658.8, Avg: 26554659.7, Max: 26554660.5, Diff: 1.7]
      [Ext Root Scanning (ms): Min: 0.4, Avg: 1.1, Max: 1.9, Diff: 1.6, Sum: 2.3]
      [Update RS (ms): Min: 0.0, Avg: 2.3, Max: 4.6, Diff: 4.6, Sum: 4.6]
         [Processed Buffers: Min: 0, Avg: 17.0, Max: 34, Diff: 34, Sum: 34]
      [Scan RS (ms): Min: 3.7, Avg: 4.6, Max: 5.6, Diff: 2.0, Sum: 9.3]
      [Code Root Scanning (ms): Min: 0.0, Avg: 0.0, Max: 0.1, Diff: 0.1, Sum: 0.1]
      [Object Copy (ms): Min: 29.3, Avg: 32.3, Max: 35.2, Diff: 5.9, Sum: 64.5]
      [Termination (ms): Min: 0.0, Avg: 0.4, Max: 0.8, Diff: 0.8, Sum: 0.8]
         [Termination Attempts: Min: 1, Avg: 1.0, Max: 1, Diff: 0, Sum: 2]
      [GC Worker Other (ms): Min: 0.0, Avg: 0.0, Max: 0.0, Diff: 0.0, Sum: 0.0]
      [GC Worker Total (ms): Min: 39.9, Avg: 40.8, Max: 41.7, Diff: 1.7, Sum: 81.6]
      [GC Worker End (ms): Min: 26554700.4, Avg: 26554700.5, Max: 26554700.5, Diff: 0.1]
   [Code Root Fixup: 0.1 ms]
   [Code Root Purge: 0.0 ms]
   [Clear CT: 0.1 ms]
   [Other: 5.8 ms]
      [Choose CSet: 0.0 ms]
      [Ref Proc: 4.5 ms]
      [Ref Enq: 0.0 ms]
      [Redirty Cards: 0.0 ms]
      [Humongous Register: 0.0 ms]
      [Humongous Reclaim: 0.0 ms]
      [Free CSet: 0.1 ms]
   [Eden: 46.0M(46.0M)->0.0B(45.0M) Survivors: 5120.0K->6144.0K Heap: 265.6M(1024.0M)->206.5M(1024.0M)]
 [Times: user=0.04 sys=0.00, real=0.05 secs] 
2017-09-20T11:47:13.430+0900: 26657.364: [GC pause (G1 Evacuation Pause) (mixed), 0.0631497 secs]
   [Parallel Time: 61.4 ms, GC Workers: 2]
      [GC Worker Start (ms): Min: 26657364.0, Avg: 26657364.1, Max: 26657364.3, Diff: 0.2]
      [Ext Root Scanning (ms): Min: 1.4, Avg: 1.8, Max: 2.1, Diff: 0.7, Sum: 3.5]
      [Update RS (ms): Min: 2.7, Avg: 3.2, Max: 3.6, Diff: 0.9, Sum: 6.3]
         [Processed Buffers: Min: 11, Avg: 16.0, Max: 21, Diff: 10, Sum: 32]
      [Scan RS (ms): Min: 5.6, Avg: 5.9, Max: 6.2, Diff: 0.6, Sum: 11.8]
      [Code Root Scanning (ms): Min: 0.0, Avg: 0.0, Max: 0.0, Diff: 0.0, Sum: 0.0]
      [Object Copy (ms): Min: 41.1, Avg: 46.0, Max: 50.9, Diff: 9.8, Sum: 92.0]
      [Termination (ms): Min: 0.0, Avg: 4.1, Max: 8.2, Diff: 8.2, Sum: 8.2]
         [Termination Attempts: Min: 1, Avg: 1.0, Max: 1, Diff: 0, Sum: 2]
      [GC Worker Other (ms): Min: 0.0, Avg: 0.0, Max: 0.0, Diff: 0.0, Sum: 0.0]
      [GC Worker Total (ms): Min: 60.7, Avg: 61.0, Max: 61.3, Diff: 0.6, Sum: 122.0]
      [GC Worker End (ms): Min: 26657425.0, Avg: 26657425.1, Max: 26657425.3, Diff: 0.4]
   [Code Root Fixup: 0.1 ms]
   [Code Root Purge: 0.0 ms]
   [Clear CT: 0.2 ms]
   [Other: 1.5 ms]
      [Choose CSet: 0.0 ms]
      [Ref Proc: 0.3 ms]
      [Ref Enq: 0.0 ms]
      [Redirty Cards: 0.1 ms]
      [Humongous Register: 0.1 ms]
      [Humongous Reclaim: 0.0 ms]
      [Free CSet: 0.1 ms]
   [Eden: 45.0M(45.0M)->0.0B(48.0M) Survivors: 6144.0K->3072.0K Heap: 251.5M(1024.0M)->200.3M(1024.0M)]
 [Times: user=0.06 sys=0.00, real=0.06 secs] 
2017-09-20T11:49:03.191+0900: 26767.124: [GC pause (G1 Evacuation Pause) (young), 0.0304702 secs]
   [Parallel Time: 29.2 ms, GC Workers: 2]
      [GC Worker Start (ms): Min: 26767124.7, Avg: 26767124.8, Max: 26767124.9, Diff: 0.1]
      [Ext Root Scanning (ms): Min: 1.8, Avg: 1.8, Max: 1.9, Diff: 0.1, Sum: 3.6]
      [Update RS (ms): Min: 2.0, Avg: 2.1, Max: 2.2, Diff: 0.2, Sum: 4.1]
         [Processed Buffers: Min: 16, Avg: 16.0, Max: 16, Diff: 0, Sum: 32]
      [Scan RS (ms): Min: 3.6, Avg: 3.7, Max: 3.8, Diff: 0.2, Sum: 7.5]
      [Code Root Scanning (ms): Min: 0.0, Avg: 0.0, Max: 0.0, Diff: 0.0, Sum: 0.0]
      [Object Copy (ms): Min: 21.2, Avg: 21.2, Max: 21.3, Diff: 0.0, Sum: 42.5]
      [Termination (ms): Min: 0.0, Avg: 0.0, Max: 0.1, Diff: 0.1, Sum: 0.1]
         [Termination Attempts: Min: 1, Avg: 2.5, Max: 4, Diff: 3, Sum: 5]
      [GC Worker Other (ms): Min: 0.0, Avg: 0.0, Max: 0.0, Diff: 0.0, Sum: 0.0]
      [GC Worker Total (ms): Min: 28.9, Avg: 28.9, Max: 29.0, Diff: 0.1, Sum: 57.8]
      [GC Worker End (ms): Min: 26767153.7, Avg: 26767153.7, Max: 26767153.7, Diff: 0.0]
   [Code Root Fixup: 0.1 ms]
   [Code Root Purge: 0.0 ms]
   [Clear CT: 0.1 ms]
   [Other: 1.1 ms]
      [Choose CSet: 0.0 ms]
      [Ref Proc: 0.3 ms]
      [Ref Enq: 0.0 ms]
      [Redirty Cards: 0.2 ms]
      [Humongous Register: 0.1 ms]
      [Humongous Reclaim: 0.0 ms]
      [Free CSet: 0.1 ms]
   [Eden: 48.0M(48.0M)->0.0B(46.0M) Survivors: 3072.0K->5120.0K Heap: 248.3M(1024.0M)->202.3M(1024.0M)]
 [Times: user=0.06 sys=0.00, real=0.03 secs] 
2017-09-20T11:50:47.905+0900: 26871.838: [GC pause (G1 Evacuation Pause) (young), 0.0820498 secs]
   [Parallel Time: 80.6 ms, GC Workers: 2]
      [GC Worker Start (ms): Min: 26871838.7, Avg: 26871838.8, Max: 26871838.8, Diff: 0.1]
      [Ext Root Scanning (ms): Min: 1.9, Avg: 1.9, Max: 1.9, Diff: 0.0, Sum: 3.8]
      [Update RS (ms): Min: 2.2, Avg: 2.4, Max: 2.5, Diff: 0.3, Sum: 4.7]
         [Processed Buffers: Min: 12, Avg: 15.5, Max: 19, Diff: 7, Sum: 31]
      [Scan RS (ms): Min: 3.0, Avg: 3.9, Max: 4.8, Diff: 1.8, Sum: 7.8]
      [Code Root Scanning (ms): Min: 0.0, Avg: 0.0, Max: 0.0, Diff: 0.0, Sum: 0.0]
      [Object Copy (ms): Min: 71.6, Avg: 72.3, Max: 73.0, Diff: 1.4, Sum: 144.6]
      [Termination (ms): Min: 0.0, Avg: 0.0, Max: 0.0, Diff: 0.0, Sum: 0.0]
         [Termination Attempts: Min: 1, Avg: 1.0, Max: 1, Diff: 0, Sum: 2]
      [GC Worker Other (ms): Min: 0.0, Avg: 0.0, Max: 0.0, Diff: 0.0, Sum: 0.0]
      [GC Worker Total (ms): Min: 80.4, Avg: 80.5, Max: 80.5, Diff: 0.1, Sum: 161.0]
      [GC Worker End (ms): Min: 26871919.2, Avg: 26871919.2, Max: 26871919.2, Diff: 0.0]
   [Code Root Fixup: 0.1 ms]
   [Code Root Purge: 0.0 ms]
   [Clear CT: 0.2 ms]
   [Other: 1.2 ms]
      [Choose CSet: 0.0 ms]
      [Ref Proc: 0.2 ms]
      [Ref Enq: 0.0 ms]
      [Redirty Cards: 0.1 ms]
      [Humongous Register: 0.1 ms]
      [Humongous Reclaim: 0.0 ms]
      [Free CSet: 0.1 ms]
   [Eden: 46.0M(46.0M)->0.0B(45.0M) Survivors: 5120.0K->6144.0K Heap: 248.3M(1024.0M)->204.1M(1024.0M)]
 [Times: user=0.08 sys=0.00, real=0.09 secs] 
2017-09-20T11:52:30.400+0900: 26974.334: [GC pause (G1 Evacuation Pause) (young), 0.0961872 secs]
   [Parallel Time: 94.3 ms, GC Workers: 2]
      [GC Worker Start (ms): Min: 26974334.5, Avg: 26974334.5, Max: 26974334.5, Diff: 0.1]
      [Ext Root Scanning (ms): Min: 1.8, Avg: 1.8, Max: 1.8, Diff: 0.0, Sum: 3.6]
      [Update RS (ms): Min: 3.0, Avg: 3.0, Max: 3.1, Diff: 0.2, Sum: 6.1]
         [Processed Buffers: Min: 15, Avg: 15.5, Max: 16, Diff: 1, Sum: 31]
      [Scan RS (ms): Min: 3.7, Avg: 3.8, Max: 3.9, Diff: 0.2, Sum: 7.6]
      [Code Root Scanning (ms): Min: 0.0, Avg: 0.0, Max: 0.0, Diff: 0.0, Sum: 0.0]
      [Object Copy (ms): Min: 84.6, Avg: 84.9, Max: 85.1, Diff: 0.5, Sum: 169.7]
      [Termination (ms): Min: 0.0, Avg: 0.3, Max: 0.6, Diff: 0.6, Sum: 0.6]
         [Termination Attempts: Min: 1, Avg: 1.0, Max: 1, Diff: 0, Sum: 2]
      [GC Worker Other (ms): Min: 0.0, Avg: 0.0, Max: 0.0, Diff: 0.0, Sum: 0.1]
      [GC Worker Total (ms): Min: 93.8, Avg: 93.8, Max: 93.9, Diff: 0.1, Sum: 187.7]
      [GC Worker End (ms): Min: 26974428.2, Avg: 26974428.3, Max: 26974428.4, Diff: 0.2]
   [Code Root Fixup: 0.1 ms]
   [Code Root Purge: 0.0 ms]
   [Clear CT: 0.3 ms]
   [Other: 1.5 ms]
      [Choose CSet: 0.0 ms]
      [Ref Proc: 0.4 ms]
      [Ref Enq: 0.0 ms]
      [Redirty Cards: 0.1 ms]
      [Humongous Register: 0.1 ms]
      [Humongous Reclaim: 0.0 ms]
      [Free CSet: 0.1 ms]
   [Eden: 45.0M(45.0M)->0.0B(46.0M) Survivors: 6144.0K->5120.0K Heap: 249.1M(1024.0M)->206.4M(1024.0M)]
 [Times: user=0.08 sys=0.00, real=0.10 secs] 
2017-09-20T11:54:15.766+0900: 27079.700: [GC pause (G1 Evacuation Pause) (young), 0.0102475 secs]
   [Parallel Time: 8.6 ms, GC Workers: 2]
      [GC Worker Start (ms): Min: 27079699.9, Avg: 27079699.9, Max: 27079699.9, Diff: 0.0]
      [Ext Root Scanning (ms): Min: 1.2, Avg: 1.3, Max: 1.3, Diff: 0.1, Sum: 2.5]
      [Update RS (ms): Min: 1.6, Avg: 1.6, Max: 1.7, Diff: 0.2, Sum: 3.3]
         [Processed Buffers: Min: 12, Avg: 15.5, Max: 19, Diff: 7, Sum: 31]
      [Scan RS (ms): Min: 1.3, Avg: 1.4, Max: 1.5, Diff: 0.2, Sum: 2.8]
      [Code Root Scanning (ms): Min: 0.0, Avg: 0.0, Max: 0.0, Diff: 0.0, Sum: 0.0]
      [Object Copy (ms): Min: 4.0, Avg: 4.0, Max: 4.0, Diff: 0.0, Sum: 8.0]
      [Termination (ms): Min: 0.0, Avg: 0.0, Max: 0.0, Diff: 0.0, Sum: 0.0]
         [Termination Attempts: Min: 1, Avg: 1.0, Max: 1, Diff: 0, Sum: 2]
      [GC Worker Other (ms): Min: 0.0, Avg: 0.0, Max: 0.0, Diff: 0.0, Sum: 0.0]
      [GC Worker Total (ms): Min: 8.3, Avg: 8.3, Max: 8.4, Diff: 0.0, Sum: 16.7]
      [GC Worker End (ms): Min: 27079708.2, Avg: 27079708.2, Max: 27079708.2, Diff: 0.0]
   [Code Root Fixup: 0.1 ms]
   [Code Root Purge: 0.0 ms]
   [Clear CT: 0.2 ms]
   [Other: 1.3 ms]
      [Choose CSet: 0.0 ms]
      [Ref Proc: 0.6 ms]
      [Ref Enq: 0.0 ms]
      [Redirty Cards: 0.4 ms]
      [Humongous Register: 0.0 ms]
      [Humongous Reclaim: 0.0 ms]
      [Free CSet: 0.1 ms]
   [Eden: 46.0M(46.0M)->0.0B(48.0M) Survivors: 5120.0K->3072.0K Heap: 252.4M(1024.0M)->204.4M(1024.0M)]
 [Times: user=0.01 sys=0.01, real=0.02 secs] 
2017-09-20T11:56:05.459+0900: 27189.393: [GC pause (G1 Evacuation Pause) (young), 0.0191151 secs]
   [Parallel Time: 17.8 ms, GC Workers: 2]
      [GC Worker Start (ms): Min: 27189392.8, Avg: 27189392.8, Max: 27189392.9, Diff: 0.1]
      [Ext Root Scanning (ms): Min: 1.8, Avg: 1.8, Max: 1.8, Diff: 0.1, Sum: 3.6]
      [Update RS (ms): Min: 2.5, Avg: 2.6, Max: 2.7, Diff: 0.2, Sum: 5.2]
         [Processed Buffers: Min: 2, Avg: 15.5, Max: 29, Diff: 27, Sum: 31]
      [Scan RS (ms): Min: 3.1, Avg: 3.8, Max: 4.4, Diff: 1.2, Sum: 7.5]
      [Code Root Scanning (ms): Min: 0.0, Avg: 0.0, Max: 0.0, Diff: 0.0, Sum: 0.0]
      [Object Copy (ms): Min: 8.8, Avg: 9.5, Max: 10.2, Diff: 1.4, Sum: 19.0]
      [Termination (ms): Min: 0.0, Avg: 0.0, Max: 0.0, Diff: 0.0, Sum: 0.0]
         [Termination Attempts: Min: 1, Avg: 1.0, Max: 1, Diff: 0, Sum: 2]
      [GC Worker Other (ms): Min: 0.0, Avg: 0.0, Max: 0.0, Diff: 0.0, Sum: 0.0]
      [GC Worker Total (ms): Min: 17.6, Avg: 17.7, Max: 17.7, Diff: 0.1, Sum: 35.4]
      [GC Worker End (ms): Min: 27189410.5, Avg: 27189410.5, Max: 27189410.5, Diff: 0.0]
   [Code Root Fixup: 0.1 ms]
   [Code Root Purge: 0.0 ms]
   [Clear CT: 0.2 ms]
   [Other: 1.1 ms]
      [Choose CSet: 0.0 ms]
      [Ref Proc: 0.2 ms]
      [Ref Enq: 0.0 ms]
      [Redirty Cards: 0.4 ms]
      [Humongous Register: 0.1 ms]
      [Humongous Reclaim: 0.0 ms]
      [Free CSet: 0.1 ms]
   [Eden: 48.0M(48.0M)->0.0B(47.0M) Survivors: 3072.0K->4096.0K Heap: 252.4M(1024.0M)->205.9M(1024.0M)]
 [Times: user=0.03 sys=0.00, real=0.02 secs] 
2017-09-20T11:57:52.657+0900: 27296.590: [GC pause (G1 Evacuation Pause) (young), 0.0439619 secs]
   [Parallel Time: 42.7 ms, GC Workers: 2]
      [GC Worker Start (ms): Min: 27296590.7, Avg: 27296590.8, Max: 27296590.8, Diff: 0.2]
      [Ext Root Scanning (ms): Min: 2.0, Avg: 2.1, Max: 2.2, Diff: 0.2, Sum: 4.2]
      [Update RS (ms): Min: 3.6, Avg: 9.4, Max: 15.2, Diff: 11.6, Sum: 18.7]
         [Processed Buffers: Min: 0, Avg: 15.5, Max: 31, Diff: 31, Sum: 31]
      [Scan RS (ms): Min: 3.4, Avg: 9.0, Max: 14.5, Diff: 11.0, Sum: 17.9]
      [Code Root Scanning (ms): Min: 0.0, Avg: 0.0, Max: 0.0, Diff: 0.0, Sum: 0.0]
      [Object Copy (ms): Min: 21.7, Avg: 22.0, Max: 22.3, Diff: 0.6, Sum: 44.1]
      [Termination (ms): Min: 0.0, Avg: 0.0, Max: 0.0, Diff: 0.0, Sum: 0.0]
         [Termination Attempts: Min: 1, Avg: 1.0, Max: 1, Diff: 0, Sum: 2]
      [GC Worker Other (ms): Min: 0.0, Avg: 0.0, Max: 0.0, Diff: 0.0, Sum: 0.0]
      [GC Worker Total (ms): Min: 42.4, Avg: 42.5, Max: 42.5, Diff: 0.2, Sum: 84.9]
      [GC Worker End (ms): Min: 27296633.2, Avg: 27296633.2, Max: 27296633.2, Diff: 0.0]
   [Code Root Fixup: 0.1 ms]
   [Code Root Purge: 0.0 ms]
   [Clear CT: 0.1 ms]
   [Other: 1.1 ms]
      [Choose CSet: 0.0 ms]
      [Ref Proc: 0.5 ms]
      [Ref Enq: 0.0 ms]
      [Redirty Cards: 0.1 ms]
      [Humongous Register: 0.1 ms]
      [Humongous Reclaim: 0.0 ms]
      [Free CSet: 0.1 ms]
   [Eden: 47.0M(47.0M)->0.0B(45.0M) Survivors: 4096.0K->6144.0K Heap: 252.9M(1024.0M)->207.4M(1024.0M)]
 [Times: user=0.09 sys=0.00, real=0.04 secs] 
2017-09-20T11:59:35.387+0900: 27399.321: [GC pause (G1 Evacuation Pause) (young), 0.0957599 secs]
   [Parallel Time: 94.2 ms, GC Workers: 2]
      [GC Worker Start (ms): Min: 27399321.1, Avg: 27399321.2, Max: 27399321.3, Diff: 0.2]
      [Ext Root Scanning (ms): Min: 1.8, Avg: 1.9, Max: 2.1, Diff: 0.3, Sum: 3.9]
      [Update RS (ms): Min: 2.7, Avg: 3.0, Max: 3.3, Diff: 0.6, Sum: 6.0]
         [Processed Buffers: Min: 10, Avg: 16.0, Max: 22, Diff: 12, Sum: 32]
      [Scan RS (ms): Min: 1.6, Avg: 1.9, Max: 2.2, Diff: 0.6, Sum: 3.9]
      [Code Root Scanning (ms): Min: 0.0, Avg: 0.0, Max: 0.0, Diff: 0.0, Sum: 0.0]
      [Object Copy (ms): Min: 86.6, Avg: 87.1, Max: 87.7, Diff: 1.1, Sum: 174.3]
      [Termination (ms): Min: 0.0, Avg: 0.0, Max: 0.0, Diff: 0.0, Sum: 0.0]
         [Termination Attempts: Min: 1, Avg: 1.0, Max: 1, Diff: 0, Sum: 2]
      [GC Worker Other (ms): Min: 0.0, Avg: 0.0, Max: 0.0, Diff: 0.0, Sum: 0.0]
      [GC Worker Total (ms): Min: 93.9, Avg: 94.0, Max: 94.1, Diff: 0.2, Sum: 188.0]
      [GC Worker End (ms): Min: 27399415.2, Avg: 27399415.2, Max: 27399415.2, Diff: 0.0]
   [Code Root Fixup: 0.1 ms]
   [Code Root Purge: 0.0 ms]
   [Clear CT: 0.2 ms]
   [Other: 1.3 ms]
      [Choose CSet: 0.0 ms]
      [Ref Proc: 0.5 ms]
      [Ref Enq: 0.0 ms]
      [Redirty Cards: 0.3 ms]
      [Humongous Register: 0.1 ms]
      [Humongous Reclaim: 0.0 ms]
      [Free CSet: 0.1 ms]
   [Eden: 45.0M(45.0M)->0.0B(46.0M) Survivors: 6144.0K->5120.0K Heap: 252.4M(1024.0M)->209.3M(1024.0M)]
 [Times: user=0.08 sys=0.02, real=0.09 secs] 
2017-09-20T12:01:20.253+0900: 27504.186: [GC pause (G1 Evacuation Pause) (young), 0.0335644 secs]
   [Parallel Time: 31.7 ms, GC Workers: 2]
      [GC Worker Start (ms): Min: 27504186.9, Avg: 27504186.9, Max: 27504187.0, Diff: 0.1]
      [Ext Root Scanning (ms): Min: 1.9, Avg: 1.9, Max: 2.0, Diff: 0.1, Sum: 3.9]
      [Update RS (ms): Min: 3.1, Avg: 3.5, Max: 3.8, Diff: 0.7, Sum: 7.0]
         [Processed Buffers: Min: 16, Avg: 18.0, Max: 20, Diff: 4, Sum: 36]
      [Scan RS (ms): Min: 1.6, Avg: 1.9, Max: 2.3, Diff: 0.8, Sum: 3.9]
      [Code Root Scanning (ms): Min: 0.0, Avg: 0.0, Max: 0.0, Diff: 0.0, Sum: 0.0]
      [Object Copy (ms): Min: 24.0, Avg: 24.1, Max: 24.1, Diff: 0.1, Sum: 48.1]
      [Termination (ms): Min: 0.0, Avg: 0.0, Max: 0.0, Diff: 0.0, Sum: 0.0]
         [Termination Attempts: Min: 1, Avg: 1.0, Max: 1, Diff: 0, Sum: 2]
      [GC Worker Other (ms): Min: 0.0, Avg: 0.0, Max: 0.0, Diff: 0.0, Sum: 0.0]
      [GC Worker Total (ms): Min: 31.4, Avg: 31.5, Max: 31.5, Diff: 0.1, Sum: 62.9]
      [GC Worker End (ms): Min: 27504218.4, Avg: 27504218.4, Max: 27504218.4, Diff: 0.0]
   [Code Root Fixup: 0.1 ms]
   [Code Root Purge: 0.0 ms]
   [Clear CT: 0.3 ms]
   [Other: 1.6 ms]
      [Choose CSet: 0.0 ms]
      [Ref Proc: 0.5 ms]
      [Ref Enq: 0.0 ms]
      [Redirty Cards: 0.5 ms]
      [Humongous Register: 0.1 ms]
      [Humongous Reclaim: 0.0 ms]
      [Free CSet: 0.1 ms]
   [Eden: 46.0M(46.0M)->0.0B(44.0M) Survivors: 5120.0K->7168.0K Heap: 255.3M(1024.0M)->211.3M(1024.0M)]
 [Times: user=0.07 sys=0.00, real=0.03 secs] 
2017-09-20T12:03:00.400+0900: 27604.333: [GC pause (G1 Evacuation Pause) (young), 0.0217674 secs]
   [Parallel Time: 19.4 ms, GC Workers: 2]
      [GC Worker Start (ms): Min: 27604333.7, Avg: 27604333.8, Max: 27604333.9, Diff: 0.2]
      [Ext Root Scanning (ms): Min: 1.7, Avg: 1.8, Max: 1.9, Diff: 0.2, Sum: 3.6]
      [Update RS (ms): Min: 1.8, Avg: 2.1, Max: 2.3, Diff: 0.5, Sum: 4.1]
         [Processed Buffers: Min: 7, Avg: 16.0, Max: 25, Diff: 18, Sum: 32]
      [Scan RS (ms): Min: 2.1, Avg: 2.4, Max: 2.7, Diff: 0.6, Sum: 4.9]
      [Code Root Scanning (ms): Min: 0.0, Avg: 0.0, Max: 0.0, Diff: 0.0, Sum: 0.0]
      [Object Copy (ms): Min: 12.7, Avg: 12.7, Max: 12.7, Diff: 0.1, Sum: 25.4]
      [Termination (ms): Min: 0.0, Avg: 0.0, Max: 0.0, Diff: 0.0, Sum: 0.0]
         [Termination Attempts: Min: 1, Avg: 1.0, Max: 1, Diff: 0, Sum: 2]
      [GC Worker Other (ms): Min: 0.0, Avg: 0.0, Max: 0.0, Diff: 0.0, Sum: 0.0]
      [GC Worker Total (ms): Min: 18.9, Avg: 19.0, Max: 19.1, Diff: 0.2, Sum: 38.0]
      [GC Worker End (ms): Min: 27604352.8, Avg: 27604352.8, Max: 27604352.8, Diff: 0.0]
   [Code Root Fixup: 0.2 ms]
   [Code Root Purge: 0.0 ms]
   [Clear CT: 0.2 ms]
   [Other: 2.0 ms]
      [Choose CSet: 0.0 ms]
      [Ref Proc: 0.9 ms]
      [Ref Enq: 0.0 ms]
      [Redirty Cards: 0.5 ms]
      [Humongous Register: 0.1 ms]
      [Humongous Reclaim: 0.0 ms]
      [Free CSet: 0.2 ms]
   [Eden: 44.0M(44.0M)->0.0B(48.0M) Survivors: 7168.0K->3072.0K Heap: 255.3M(1024.0M)->208.1M(1024.0M)]
 [Times: user=0.04 sys=0.00, real=0.02 secs] 
2017-09-20T12:04:50.011+0900: 27713.944: [GC pause (G1 Evacuation Pause) (young), 0.0153271 secs]
   [Parallel Time: 14.1 ms, GC Workers: 2]
      [GC Worker Start (ms): Min: 27713944.6, Avg: 27713944.7, Max: 27713944.7, Diff: 0.0]
      [Ext Root Scanning (ms): Min: 1.1, Avg: 1.2, Max: 1.2, Diff: 0.1, Sum: 2.4]
      [Update RS (ms): Min: 1.3, Avg: 1.5, Max: 1.8, Diff: 0.6, Sum: 3.1]
         [Processed Buffers: Min: 8, Avg: 15.0, Max: 22, Diff: 14, Sum: 30]
      [Scan RS (ms): Min: 1.7, Avg: 2.0, Max: 2.3, Diff: 0.6, Sum: 4.0]
      [Code Root Scanning (ms): Min: 0.0, Avg: 0.0, Max: 0.0, Diff: 0.0, Sum: 0.0]
      [Object Copy (ms): Min: 9.3, Avg: 9.3, Max: 9.3, Diff: 0.1, Sum: 18.6]
      [Termination (ms): Min: 0.0, Avg: 0.0, Max: 0.0, Diff: 0.0, Sum: 0.0]
         [Termination Attempts: Min: 1, Avg: 1.0, Max: 1, Diff: 0, Sum: 2]
      [GC Worker Other (ms): Min: 0.0, Avg: 0.0, Max: 0.0, Diff: 0.0, Sum: 0.0]
      [GC Worker Total (ms): Min: 14.0, Avg: 14.1, Max: 14.1, Diff: 0.0, Sum: 28.1]
      [GC Worker End (ms): Min: 27713958.7, Avg: 27713958.7, Max: 27713958.7, Diff: 0.0]
   [Code Root Fixup: 0.1 ms]
   [Code Root Purge: 0.0 ms]
   [Clear CT: 0.1 ms]
   [Other: 1.0 ms]
      [Choose CSet: 0.0 ms]
      [Ref Proc: 0.3 ms]
      [Ref Enq: 0.0 ms]
      [Redirty Cards: 0.3 ms]
      [Humongous Register: 0.1 ms]
      [Humongous Reclaim: 0.0 ms]
      [Free CSet: 0.1 ms]
   [Eden: 48.0M(48.0M)->0.0B(46.0M) Survivors: 3072.0K->5120.0K Heap: 256.1M(1024.0M)->210.1M(1024.0M)]
 [Times: user=0.02 sys=0.00, real=0.01 secs] 
2017-09-20T12:06:32.165+0900: 27816.098: [GC pause (G1 Evacuation Pause) (young), 0.0248361 secs]
   [Parallel Time: 23.1 ms, GC Workers: 2]
      [GC Worker Start (ms): Min: 27816098.6, Avg: 27816098.6, Max: 27816098.6, Diff: 0.0]
      [Ext Root Scanning (ms): Min: 0.7, Avg: 0.7, Max: 0.8, Diff: 0.0, Sum: 1.5]
      [Update RS (ms): Min: 0.8, Avg: 0.9, Max: 0.9, Diff: 0.0, Sum: 1.7]
         [Processed Buffers: Min: 4, Avg: 16.0, Max: 28, Diff: 24, Sum: 32]
      [Scan RS (ms): Min: 0.8, Avg: 0.8, Max: 0.8, Diff: 0.0, Sum: 1.7]
      [Code Root Scanning (ms): Min: 0.0, Avg: 0.0, Max: 0.0, Diff: 0.0, Sum: 0.0]
      [Object Copy (ms): Min: 20.5, Avg: 20.5, Max: 20.6, Diff: 0.0, Sum: 41.1]
      [Termination (ms): Min: 0.0, Avg: 0.0, Max: 0.0, Diff: 0.0, Sum: 0.0]
         [Termination Attempts: Min: 1, Avg: 1.0, Max: 1, Diff: 0, Sum: 2]
      [GC Worker Other (ms): Min: 0.0, Avg: 0.0, Max: 0.0, Diff: 0.0, Sum: 0.0]
      [GC Worker Total (ms): Min: 23.0, Avg: 23.0, Max: 23.0, Diff: 0.0, Sum: 46.0]
      [GC Worker End (ms): Min: 27816121.6, Avg: 27816121.6, Max: 27816121.6, Diff: 0.0]
   [Code Root Fixup: 0.1 ms]
   [Code Root Purge: 0.0 ms]
   [Clear CT: 0.3 ms]
   [Other: 1.3 ms]
      [Choose CSet: 0.0 ms]
      [Ref Proc: 0.4 ms]
      [Ref Enq: 0.0 ms]
      [Redirty Cards: 0.5 ms]
      [Humongous Register: 0.0 ms]
      [Humongous Reclaim: 0.0 ms]
      [Free CSet: 0.1 ms]
   [Eden: 46.0M(46.0M)->0.0B(44.0M) Survivors: 5120.0K->7168.0K Heap: 256.1M(1024.0M)->212.1M(1024.0M)]
 [Times: user=0.04 sys=0.00, real=0.03 secs] 
2017-09-20T12:08:13.354+0900: 27917.287: [GC pause (G1 Evacuation Pause) (young), 0.0810836 secs]
   [Parallel Time: 79.7 ms, GC Workers: 2]
      [GC Worker Start (ms): Min: 27917287.7, Avg: 27917287.8, Max: 27917287.8, Diff: 0.1]
      [Ext Root Scanning (ms): Min: 1.8, Avg: 1.9, Max: 2.0, Diff: 0.2, Sum: 3.8]
      [Update RS (ms): Min: 3.5, Avg: 3.5, Max: 3.5, Diff: 0.0, Sum: 6.9]
         [Processed Buffers: Min: 12, Avg: 16.0, Max: 20, Diff: 8, Sum: 32]
      [Scan RS (ms): Min: 1.6, Avg: 1.7, Max: 1.7, Diff: 0.1, Sum: 3.3]
      [Code Root Scanning (ms): Min: 0.0, Avg: 0.0, Max: 0.0, Diff: 0.0, Sum: 0.0]
      [Object Copy (ms): Min: 72.4, Avg: 72.4, Max: 72.5, Diff: 0.1, Sum: 144.8]
      [Termination (ms): Min: 0.0, Avg: 0.0, Max: 0.0, Diff: 0.0, Sum: 0.0]
         [Termination Attempts: Min: 1, Avg: 1.0, Max: 1, Diff: 0, Sum: 2]
      [GC Worker Other (ms): Min: 0.0, Avg: 0.0, Max: 0.0, Diff: 0.0, Sum: 0.0]
      [GC Worker Total (ms): Min: 79.4, Avg: 79.5, Max: 79.5, Diff: 0.1, Sum: 158.9]
      [GC Worker End (ms): Min: 27917367.2, Avg: 27917367.2, Max: 27917367.2, Diff: 0.0]
   [Code Root Fixup: 0.1 ms]
   [Code Root Purge: 0.0 ms]
   [Clear CT: 0.1 ms]
   [Other: 1.2 ms]
      [Choose CSet: 0.0 ms]
      [Ref Proc: 0.3 ms]
      [Ref Enq: 0.0 ms]
      [Redirty Cards: 0.3 ms]
      [Humongous Register: 0.1 ms]
      [Humongous Reclaim: 0.0 ms]
      [Free CSet: 0.1 ms]
   [Eden: 44.0M(44.0M)->0.0B(46.0M) Survivors: 7168.0K->5120.0K Heap: 256.1M(1024.0M)->213.8M(1024.0M)]
 [Times: user=0.09 sys=0.01, real=0.09 secs] 
2017-09-20T12:09:58.669+0900: 28022.603: [GC pause (G1 Evacuation Pause) (young), 0.0371086 secs]
   [Parallel Time: 35.8 ms, GC Workers: 2]
      [GC Worker Start (ms): Min: 28022602.9, Avg: 28022603.0, Max: 28022603.0, Diff: 0.1]
      [Ext Root Scanning (ms): Min: 1.8, Avg: 1.8, Max: 1.8, Diff: 0.1, Sum: 3.6]
      [Update RS (ms): Min: 3.7, Avg: 4.4, Max: 5.0, Diff: 1.2, Sum: 8.7]
         [Processed Buffers: Min: 10, Avg: 16.5, Max: 23, Diff: 13, Sum: 33]
      [Scan RS (ms): Min: 2.4, Avg: 3.0, Max: 3.6, Diff: 1.2, Sum: 6.0]
      [Code Root Scanning (ms): Min: 0.0, Avg: 0.0, Max: 0.0, Diff: 0.0, Sum: 0.0]
      [Object Copy (ms): Min: 25.1, Avg: 25.6, Max: 26.2, Diff: 1.1, Sum: 51.2]
      [Termination (ms): Min: 0.0, Avg: 0.8, Max: 1.5, Diff: 1.5, Sum: 1.5]
         [Termination Attempts: Min: 1, Avg: 1.5, Max: 2, Diff: 1, Sum: 3]
      [GC Worker Other (ms): Min: 0.0, Avg: 0.0, Max: 0.0, Diff: 0.0, Sum: 0.0]
      [GC Worker Total (ms): Min: 35.4, Avg: 35.5, Max: 35.6, Diff: 0.2, Sum: 71.0]
      [GC Worker End (ms): Min: 28022638.3, Avg: 28022638.5, Max: 28022638.6, Diff: 0.3]
   [Code Root Fixup: 0.1 ms]
   [Code Root Purge: 0.0 ms]
   [Clear CT: 0.2 ms]
   [Other: 1.0 ms]
      [Choose CSet: 0.0 ms]
      [Ref Proc: 0.3 ms]
      [Ref Enq: 0.0 ms]
      [Redirty Cards: 0.3 ms]
      [Humongous Register: 0.1 ms]
      [Humongous Reclaim: 0.0 ms]
      [Free CSet: 0.0 ms]
   [Eden: 46.0M(46.0M)->0.0B(46.0M) Survivors: 5120.0K->5120.0K Heap: 259.8M(1024.0M)->216.0M(1024.0M)]
 [Times: user=0.06 sys=0.00, real=0.03 secs] 
2017-09-20T12:11:43.451+0900: 28127.385: [GC pause (G1 Evacuation Pause) (young), 0.0214298 secs]
   [Parallel Time: 19.2 ms, GC Workers: 2]
      [GC Worker Start (ms): Min: 28127385.4, Avg: 28127385.4, Max: 28127385.4, Diff: 0.0]
      [Ext Root Scanning (ms): Min: 2.2, Avg: 2.2, Max: 2.3, Diff: 0.1, Sum: 4.5]
      [Update RS (ms): Min: 2.4, Avg: 2.9, Max: 3.3, Diff: 0.9, Sum: 5.8]
         [Processed Buffers: Min: 13, Avg: 15.0, Max: 17, Diff: 4, Sum: 30]
      [Scan RS (ms): Min: 2.2, Avg: 2.7, Max: 3.2, Diff: 1.0, Sum: 5.4]
      [Code Root Scanning (ms): Min: 0.0, Avg: 0.0, Max: 0.0, Diff: 0.0, Sum: 0.0]
      [Object Copy (ms): Min: 10.7, Avg: 10.8, Max: 10.8, Diff: 0.1, Sum: 21.5]
      [Termination (ms): Min: 0.0, Avg: 0.0, Max: 0.0, Diff: 0.0, Sum: 0.0]
         [Termination Attempts: Min: 1, Avg: 1.0, Max: 1, Diff: 0, Sum: 2]
      [GC Worker Other (ms): Min: 0.0, Avg: 0.0, Max: 0.0, Diff: 0.0, Sum: 0.1]
      [GC Worker Total (ms): Min: 18.6, Avg: 18.6, Max: 18.6, Diff: 0.0, Sum: 37.2]
      [GC Worker End (ms): Min: 28127404.0, Avg: 28127404.0, Max: 28127404.0, Diff: 0.0]
   [Code Root Fixup: 0.1 ms]
   [Code Root Purge: 0.0 ms]
   [Clear CT: 0.3 ms]
   [Other: 1.8 ms]
      [Choose CSet: 0.0 ms]
      [Ref Proc: 0.6 ms]
      [Ref Enq: 0.0 ms]
      [Redirty Cards: 0.5 ms]
      [Humongous Register: 0.1 ms]
      [Humongous Reclaim: 0.1 ms]
      [Free CSet: 0.1 ms]
   [Eden: 46.0M(46.0M)->0.0B(48.0M) Survivors: 5120.0K->3072.0K Heap: 262.0M(1024.0M)->214.0M(1024.0M)]
 [Times: user=0.03 sys=0.00, real=0.02 secs] 
2017-09-20T12:13:33.117+0900: 28237.051: [GC pause (G1 Evacuation Pause) (young), 0.0176035 secs]
   [Parallel Time: 16.5 ms, GC Workers: 2]
      [GC Worker Start (ms): Min: 28237050.8, Avg: 28237050.9, Max: 28237050.9, Diff: 0.1]
      [Ext Root Scanning (ms): Min: 1.4, Avg: 1.4, Max: 1.5, Diff: 0.1, Sum: 2.8]
      [Update RS (ms): Min: 1.1, Avg: 1.1, Max: 1.2, Diff: 0.1, Sum: 2.3]
         [Processed Buffers: Min: 10, Avg: 17.0, Max: 24, Diff: 14, Sum: 34]
      [Scan RS (ms): Min: 3.1, Avg: 3.1, Max: 3.2, Diff: 0.1, Sum: 6.2]
      [Code Root Scanning (ms): Min: 0.0, Avg: 0.0, Max: 0.0, Diff: 0.0, Sum: 0.0]
      [Object Copy (ms): Min: 10.7, Avg: 10.7, Max: 10.7, Diff: 0.0, Sum: 21.4]
      [Termination (ms): Min: 0.0, Avg: 0.0, Max: 0.0, Diff: 0.0, Sum: 0.0]
         [Termination Attempts: Min: 1, Avg: 1.0, Max: 1, Diff: 0, Sum: 2]
      [GC Worker Other (ms): Min: 0.0, Avg: 0.0, Max: 0.0, Diff: 0.0, Sum: 0.0]
      [GC Worker Total (ms): Min: 16.3, Avg: 16.4, Max: 16.4, Diff: 0.1, Sum: 32.8]
      [GC Worker End (ms): Min: 28237067.3, Avg: 28237067.3, Max: 28237067.3, Diff: 0.0]
   [Code Root Fixup: 0.1 ms]
   [Code Root Purge: 0.0 ms]
   [Clear CT: 0.1 ms]
   [Other: 0.9 ms]
      [Choose CSet: 0.0 ms]
      [Ref Proc: 0.3 ms]
      [Ref Enq: 0.0 ms]
      [Redirty Cards: 0.1 ms]
      [Humongous Register: 0.0 ms]
      [Humongous Reclaim: 0.0 ms]
      [Free CSet: 0.1 ms]
   [Eden: 48.0M(48.0M)->0.0B(46.0M) Survivors: 3072.0K->5120.0K Heap: 262.0M(1024.0M)->216.0M(1024.0M)]
 [Times: user=0.03 sys=0.00, real=0.02 secs] 
2017-09-20T12:15:18.781+0900: 28342.715: [GC pause (G1 Evacuation Pause) (young), 0.0398555 secs]
   [Parallel Time: 38.6 ms, GC Workers: 2]
      [GC Worker Start (ms): Min: 28342714.8, Avg: 28342714.9, Max: 28342715.0, Diff: 0.2]
      [Ext Root Scanning (ms): Min: 1.8, Avg: 1.9, Max: 2.0, Diff: 0.2, Sum: 3.8]
      [Update RS (ms): Min: 2.0, Avg: 2.1, Max: 2.2, Diff: 0.2, Sum: 4.2]
         [Processed Buffers: Min: 9, Avg: 17.0, Max: 25, Diff: 16, Sum: 34]
      [Scan RS (ms): Min: 2.8, Avg: 2.9, Max: 3.0, Diff: 0.2, Sum: 5.8]
      [Code Root Scanning (ms): Min: 0.0, Avg: 0.0, Max: 0.0, Diff: 0.0, Sum: 0.0]
      [Object Copy (ms): Min: 31.5, Avg: 31.5, Max: 31.5, Diff: 0.0, Sum: 63.0]
      [Termination (ms): Min: 0.0, Avg: 0.0, Max: 0.1, Diff: 0.1, Sum: 0.1]
         [Termination Attempts: Min: 4, Avg: 4.5, Max: 5, Diff: 1, Sum: 9]
      [GC Worker Other (ms): Min: 0.0, Avg: 0.0, Max: 0.0, Diff: 0.0, Sum: 0.0]
      [GC Worker Total (ms): Min: 38.4, Avg: 38.5, Max: 38.5, Diff: 0.2, Sum: 76.9]
      [GC Worker End (ms): Min: 28342753.3, Avg: 28342753.3, Max: 28342753.4, Diff: 0.0]
   [Code Root Fixup: 0.1 ms]
   [Code Root Purge: 0.0 ms]
   [Clear CT: 0.1 ms]
   [Other: 1.1 ms]
      [Choose CSet: 0.0 ms]
      [Ref Proc: 0.4 ms]
      [Ref Enq: 0.0 ms]
      [Redirty Cards: 0.3 ms]
      [Humongous Register: 0.1 ms]
      [Humongous Reclaim: 0.0 ms]
      [Free CSet: 0.0 ms]
   [Eden: 46.0M(46.0M)->0.0B(44.0M) Survivors: 5120.0K->7168.0K Heap: 262.0M(1024.0M)->218.0M(1024.0M)]
 [Times: user=0.07 sys=0.00, real=0.04 secs] 
2017-09-20T12:16:58.919+0900: 28442.853: [GC pause (G1 Evacuation Pause) (young), 0.0305753 secs]
   [Parallel Time: 29.6 ms, GC Workers: 2]
      [GC Worker Start (ms): Min: 28442852.9, Avg: 28442852.9, Max: 28442852.9, Diff: 0.0]
      [Ext Root Scanning (ms): Min: 0.5, Avg: 0.5, Max: 0.5, Diff: 0.0, Sum: 1.0]
      [Update RS (ms): Min: 0.5, Avg: 0.5, Max: 0.6, Diff: 0.0, Sum: 1.1]
         [Processed Buffers: Min: 14, Avg: 15.5, Max: 17, Diff: 3, Sum: 31]
      [Scan RS (ms): Min: 0.3, Avg: 0.3, Max: 0.3, Diff: 0.0, Sum: 0.6]
      [Code Root Scanning (ms): Min: 0.0, Avg: 0.0, Max: 0.0, Diff: 0.0, Sum: 0.0]
      [Object Copy (ms): Min: 27.7, Avg: 27.9, Max: 28.1, Diff: 0.4, Sum: 55.8]
      [Termination (ms): Min: 0.0, Avg: 0.2, Max: 0.5, Diff: 0.5, Sum: 0.5]
         [Termination Attempts: Min: 1, Avg: 1.0, Max: 1, Diff: 0, Sum: 2]
      [GC Worker Other (ms): Min: 0.0, Avg: 0.0, Max: 0.0, Diff: 0.0, Sum: 0.0]
      [GC Worker Total (ms): Min: 29.5, Avg: 29.5, Max: 29.5, Diff: 0.0, Sum: 59.1]
      [GC Worker End (ms): Min: 28442882.4, Avg: 28442882.4, Max: 28442882.4, Diff: 0.0]
   [Code Root Fixup: 0.0 ms]
   [Code Root Purge: 0.0 ms]
   [Clear CT: 0.0 ms]
   [Other: 0.9 ms]
      [Choose CSet: 0.0 ms]
      [Ref Proc: 0.5 ms]
      [Ref Enq: 0.0 ms]
      [Redirty Cards: 0.0 ms]
      [Humongous Register: 0.0 ms]
      [Humongous Reclaim: 0.0 ms]
      [Free CSet: 0.0 ms]
   [Eden: 44.0M(44.0M)->0.0B(46.0M) Survivors: 7168.0K->5120.0K Heap: 262.0M(1024.0M)->219.5M(1024.0M)]
 [Times: user=0.01 sys=0.00, real=0.03 secs] 
2017-09-20T12:18:43.647+0900: 28547.580: [GC pause (G1 Evacuation Pause) (young), 0.0359164 secs]
   [Parallel Time: 34.6 ms, GC Workers: 2]
      [GC Worker Start (ms): Min: 28547580.4, Avg: 28547584.6, Max: 28547588.7, Diff: 8.3]
      [Ext Root Scanning (ms): Min: 0.2, Avg: 1.8, Max: 3.4, Diff: 3.3, Sum: 3.6]
      [Update RS (ms): Min: 3.9, Avg: 8.7, Max: 13.5, Diff: 9.6, Sum: 17.4]
         [Processed Buffers: Min: 0, Avg: 16.0, Max: 32, Diff: 32, Sum: 32]
      [Scan RS (ms): Min: 0.0, Avg: 1.2, Max: 2.3, Diff: 2.3, Sum: 2.3]
      [Code Root Scanning (ms): Min: 0.0, Avg: 0.0, Max: 0.0, Diff: 0.0, Sum: 0.0]
      [Object Copy (ms): Min: 17.3, Avg: 18.5, Max: 19.7, Diff: 2.3, Sum: 37.0]
      [Termination (ms): Min: 0.0, Avg: 0.1, Max: 0.1, Diff: 0.1, Sum: 0.1]
         [Termination Attempts: Min: 2, Avg: 4.0, Max: 6, Diff: 4, Sum: 8]
      [GC Worker Other (ms): Min: 0.0, Avg: 0.0, Max: 0.1, Diff: 0.0, Sum: 0.1]
      [GC Worker Total (ms): Min: 26.1, Avg: 30.3, Max: 34.5, Diff: 8.4, Sum: 60.5]
      [GC Worker End (ms): Min: 28547614.8, Avg: 28547614.8, Max: 28547614.8, Diff: 0.1]
   [Code Root Fixup: 0.1 ms]
   [Code Root Purge: 0.0 ms]
   [Clear CT: 0.1 ms]
   [Other: 1.1 ms]
      [Choose CSet: 0.0 ms]
      [Ref Proc: 0.4 ms]
      [Ref Enq: 0.0 ms]
      [Redirty Cards: 0.2 ms]
      [Humongous Register: 0.1 ms]
      [Humongous Reclaim: 0.0 ms]
      [Free CSet: 0.1 ms]
   [Eden: 46.0M(46.0M)->0.0B(45.0M) Survivors: 5120.0K->6144.0K Heap: 265.5M(1024.0M)->221.0M(1024.0M)]
 [Times: user=0.05 sys=0.00, real=0.04 secs] 
2017-09-20T13:07:20.906+0900: 28640.116: [GC pause (G1 Evacuation Pause) (young), 0.0094373 secs]
   [Parallel Time: 8.5 ms, GC Workers: 2]
      [GC Worker Start (ms): Min: 28640116.6, Avg: 28640116.6, Max: 28640116.6, Diff: 0.0]
      [Ext Root Scanning (ms): Min: 0.5, Avg: 0.5, Max: 0.5, Diff: 0.0, Sum: 1.0]
      [Update RS (ms): Min: 0.5, Avg: 0.5, Max: 0.6, Diff: 0.1, Sum: 1.0]
         [Processed Buffers: Min: 14, Avg: 17.0, Max: 20, Diff: 6, Sum: 34]
      [Scan RS (ms): Min: 0.4, Avg: 0.5, Max: 0.5, Diff: 0.1, Sum: 0.9]
      [Code Root Scanning (ms): Min: 0.0, Avg: 0.0, Max: 0.0, Diff: 0.0, Sum: 0.0]
      [Object Copy (ms): Min: 6.9, Avg: 6.9, Max: 7.0, Diff: 0.1, Sum: 13.9]
      [Termination (ms): Min: 0.0, Avg: 0.0, Max: 0.0, Diff: 0.0, Sum: 0.0]
         [Termination Attempts: Min: 1, Avg: 1.0, Max: 1, Diff: 0, Sum: 2]
      [GC Worker Other (ms): Min: 0.0, Avg: 0.0, Max: 0.0, Diff: 0.0, Sum: 0.0]
      [GC Worker Total (ms): Min: 8.4, Avg: 8.4, Max: 8.4, Diff: 0.0, Sum: 16.8]
      [GC Worker End (ms): Min: 28640124.9, Avg: 28640125.0, Max: 28640125.0, Diff: 0.0]
   [Code Root Fixup: 0.0 ms]
   [Code Root Purge: 0.0 ms]
   [Clear CT: 0.1 ms]
   [Other: 0.8 ms]
      [Choose CSet: 0.0 ms]
      [Ref Proc: 0.2 ms]
      [Ref Enq: 0.0 ms]
      [Redirty Cards: 0.0 ms]
      [Humongous Register: 0.0 ms]
      [Humongous Reclaim: 0.0 ms]
      [Free CSet: 0.0 ms]
   [Eden: 45.0M(45.0M)->0.0B(49.0M) Survivors: 6144.0K->2048.0K Heap: 266.0M(1024.0M)->217.7M(1024.0M)]
 [Times: user=0.00 sys=0.01, real=0.01 secs] 
2017-09-20T13:07:23.392+0900: 28642.602: [GC pause (G1 Humongous Allocation) (young) (initial-mark), 0.0079463 secs]
   [Parallel Time: 5.7 ms, GC Workers: 2]
      [GC Worker Start (ms): Min: 28642602.7, Avg: 28642603.9, Max: 28642605.0, Diff: 2.3]
      [Ext Root Scanning (ms): Min: 0.3, Avg: 1.8, Max: 3.3, Diff: 3.0, Sum: 3.6]
      [Update RS (ms): Min: 0.2, Avg: 0.6, Max: 1.0, Diff: 0.8, Sum: 1.3]
         [Processed Buffers: Min: 14, Avg: 14.5, Max: 15, Diff: 1, Sum: 29]
      [Scan RS (ms): Min: 0.5, Avg: 0.5, Max: 0.5, Diff: 0.0, Sum: 1.0]
      [Code Root Scanning (ms): Min: 0.0, Avg: 0.0, Max: 0.0, Diff: 0.0, Sum: 0.0]
      [Object Copy (ms): Min: 1.3, Avg: 1.4, Max: 1.4, Diff: 0.1, Sum: 2.7]
      [Termination (ms): Min: 0.0, Avg: 0.0, Max: 0.0, Diff: 0.0, Sum: 0.0]
         [Termination Attempts: Min: 1, Avg: 1.0, Max: 1, Diff: 0, Sum: 2]
      [GC Worker Other (ms): Min: 0.0, Avg: 0.0, Max: 0.0, Diff: 0.0, Sum: 0.0]
      [GC Worker Total (ms): Min: 3.2, Avg: 4.3, Max: 5.5, Diff: 2.3, Sum: 8.7]
      [GC Worker End (ms): Min: 28642608.2, Avg: 28642608.2, Max: 28642608.2, Diff: 0.0]
   [Code Root Fixup: 0.0 ms]
   [Code Root Purge: 0.0 ms]
   [Clear CT: 0.0 ms]
   [Other: 2.2 ms]
      [Choose CSet: 0.0 ms]
      [Ref Proc: 0.2 ms]
      [Ref Enq: 0.0 ms]
      [Redirty Cards: 0.1 ms]
      [Humongous Register: 0.0 ms]
      [Humongous Reclaim: 1.5 ms]
      [Free CSet: 0.0 ms]
   [Eden: 4096.0K(49.0M)->0.0B(48.0M) Survivors: 2048.0K->3072.0K Heap: 336.5M(1024.0M)->218.2M(1024.0M)]
 [Times: user=0.01 sys=0.00, real=0.01 secs] 
2017-09-20T13:07:23.400+0900: 28642.611: [GC concurrent-root-region-scan-start]
2017-09-20T13:07:23.417+0900: 28642.627: [GC concurrent-root-region-scan-end, 0.0165204 secs]
2017-09-20T13:07:23.417+0900: 28642.627: [GC concurrent-mark-start]
2017-09-20T13:07:23.447+0900: 28642.658: [GC concurrent-mark-end, 0.0307237 secs]
2017-09-20T13:07:23.447+0900: 28642.658: [GC remark 2017-09-20T13:07:23.448+0900: 28642.658: [Finalize Marking, 0.0049695 secs] 2017-09-20T13:07:23.453+0900: 28642.663: [GC ref-proc, 0.0004390 secs] 2017-09-20T13:07:23.453+0900: 28642.664: [Unloading, 0.0211037 secs], 0.0386333 secs]
 [Times: user=0.03 sys=0.00, real=0.04 secs] 
2017-09-20T13:07:23.487+0900: 28642.697: [GC cleanup 228M->220M(1024M), 0.0012622 secs]
 [Times: user=0.01 sys=0.00, real=0.00 secs] 
2017-09-20T13:07:23.488+0900: 28642.699: [GC concurrent-cleanup-start]
2017-09-20T13:07:23.488+0900: 28642.699: [GC concurrent-cleanup-end, 0.0000177 secs]
2017-09-20T13:09:11.677+0900: 28750.887: [GC pause (G1 Evacuation Pause) (young), 0.0067905 secs]
   [Parallel Time: 6.1 ms, GC Workers: 2]
      [GC Worker Start (ms): Min: 28750887.6, Avg: 28750887.6, Max: 28750887.6, Diff: 0.0]
      [Ext Root Scanning (ms): Min: 0.6, Avg: 0.6, Max: 0.7, Diff: 0.1, Sum: 1.3]
      [Update RS (ms): Min: 0.7, Avg: 0.8, Max: 0.8, Diff: 0.0, Sum: 1.5]
         [Processed Buffers: Min: 12, Avg: 17.0, Max: 22, Diff: 10, Sum: 34]
      [Scan RS (ms): Min: 0.4, Avg: 0.4, Max: 0.5, Diff: 0.1, Sum: 0.9]
      [Code Root Scanning (ms): Min: 0.0, Avg: 0.0, Max: 0.0, Diff: 0.0, Sum: 0.0]
      [Object Copy (ms): Min: 4.2, Avg: 4.2, Max: 4.2, Diff: 0.0, Sum: 8.4]
      [Termination (ms): Min: 0.0, Avg: 0.0, Max: 0.0, Diff: 0.0, Sum: 0.0]
         [Termination Attempts: Min: 1, Avg: 1.0, Max: 1, Diff: 0, Sum: 2]
      [GC Worker Other (ms): Min: 0.0, Avg: 0.0, Max: 0.0, Diff: 0.0, Sum: 0.0]
      [GC Worker Total (ms): Min: 6.1, Avg: 6.1, Max: 6.1, Diff: 0.0, Sum: 12.1]
      [GC Worker End (ms): Min: 28750893.7, Avg: 28750893.7, Max: 28750893.7, Diff: 0.0]
   [Code Root Fixup: 0.1 ms]
   [Code Root Purge: 0.0 ms]
   [Clear CT: 0.1 ms]
   [Other: 0.6 ms]
      [Choose CSet: 0.0 ms]
      [Ref Proc: 0.2 ms]
      [Ref Enq: 0.0 ms]
      [Redirty Cards: 0.1 ms]
      [Humongous Register: 0.0 ms]
      [Humongous Reclaim: 0.1 ms]
      [Free CSet: 0.0 ms]
   [Eden: 48.0M(48.0M)->0.0B(46.0M) Survivors: 3072.0K->5120.0K Heap: 268.2M(1024.0M)->212.1M(1024.0M)]
 [Times: user=0.01 sys=0.00, real=0.01 secs] 
2017-09-20T13:10:53.262+0900: 28852.472: [GC pause (G1 Evacuation Pause) (mixed), 0.0494662 secs]
   [Parallel Time: 47.8 ms, GC Workers: 2]
      [GC Worker Start (ms): Min: 28852472.5, Avg: 28852472.6, Max: 28852472.7, Diff: 0.2]
      [Ext Root Scanning (ms): Min: 1.8, Avg: 2.0, Max: 2.1, Diff: 0.2, Sum: 3.9]
      [Update RS (ms): Min: 4.2, Avg: 4.6, Max: 4.9, Diff: 0.7, Sum: 9.1]
         [Processed Buffers: Min: 11, Avg: 15.5, Max: 20, Diff: 9, Sum: 31]
      [Scan RS (ms): Min: 1.9, Avg: 2.4, Max: 2.8, Diff: 0.9, Sum: 4.7]
      [Code Root Scanning (ms): Min: 0.0, Avg: 0.0, Max: 0.1, Diff: 0.1, Sum: 0.1]
      [Object Copy (ms): Min: 38.1, Avg: 38.3, Max: 38.6, Diff: 0.4, Sum: 76.7]
      [Termination (ms): Min: 0.0, Avg: 0.2, Max: 0.4, Diff: 0.4, Sum: 0.4]
         [Termination Attempts: Min: 1, Avg: 1.0, Max: 1, Diff: 0, Sum: 2]
      [GC Worker Other (ms): Min: 0.0, Avg: 0.0, Max: 0.0, Diff: 0.0, Sum: 0.0]
      [GC Worker Total (ms): Min: 47.3, Avg: 47.5, Max: 47.7, Diff: 0.4, Sum: 94.9]
      [GC Worker End (ms): Min: 28852519.9, Avg: 28852520.0, Max: 28852520.1, Diff: 0.2]
   [Code Root Fixup: 0.1 ms]
   [Code Root Purge: 0.0 ms]
   [Clear CT: 0.1 ms]
   [Other: 1.5 ms]
      [Choose CSet: 0.0 ms]
      [Ref Proc: 0.2 ms]
      [Ref Enq: 0.0 ms]
      [Redirty Cards: 0.1 ms]
      [Humongous Register: 0.1 ms]
      [Humongous Reclaim: 0.0 ms]
      [Free CSet: 0.1 ms]
   [Eden: 46.0M(46.0M)->0.0B(44.0M) Survivors: 5120.0K->7168.0K Heap: 258.1M(1024.0M)->204.2M(1024.0M)]
 [Times: user=0.10 sys=0.00, real=0.05 secs] 
2017-09-20T13:12:33.957+0900: 28953.167: [GC pause (G1 Evacuation Pause) (mixed), 0.0596997 secs]
   [Parallel Time: 58.3 ms, GC Workers: 2]
      [GC Worker Start (ms): Min: 28953167.6, Avg: 28953167.7, Max: 28953167.8, Diff: 0.2]
      [Ext Root Scanning (ms): Min: 1.9, Avg: 2.1, Max: 2.2, Diff: 0.3, Sum: 4.2]
      [Update RS (ms): Min: 2.9, Avg: 2.9, Max: 3.0, Diff: 0.1, Sum: 5.8]
         [Processed Buffers: Min: 12, Avg: 18.5, Max: 25, Diff: 13, Sum: 37]
      [Scan RS (ms): Min: 4.7, Avg: 4.9, Max: 5.1, Diff: 0.5, Sum: 9.8]
      [Code Root Scanning (ms): Min: 0.1, Avg: 0.1, Max: 0.1, Diff: 0.1, Sum: 0.2]
      [Object Copy (ms): Min: 47.8, Avg: 48.1, Max: 48.3, Diff: 0.5, Sum: 96.1]
      [Termination (ms): Min: 0.0, Avg: 0.0, Max: 0.0, Diff: 0.0, Sum: 0.0]
         [Termination Attempts: Min: 1, Avg: 1.0, Max: 1, Diff: 0, Sum: 2]
      [GC Worker Other (ms): Min: 0.0, Avg: 0.0, Max: 0.0, Diff: 0.0, Sum: 0.0]
      [GC Worker Total (ms): Min: 58.0, Avg: 58.1, Max: 58.2, Diff: 0.2, Sum: 116.2]
      [GC Worker End (ms): Min: 28953225.8, Avg: 28953225.8, Max: 28953225.8, Diff: 0.0]
   [Code Root Fixup: 0.2 ms]
   [Code Root Purge: 0.0 ms]
   [Clear CT: 0.2 ms]
   [Other: 1.0 ms]
      [Choose CSet: 0.0 ms]
      [Ref Proc: 0.2 ms]
      [Ref Enq: 0.0 ms]
      [Redirty Cards: 0.2 ms]
      [Humongous Register: 0.1 ms]
      [Humongous Reclaim: 0.0 ms]
      [Free CSet: 0.1 ms]
   [Eden: 44.0M(44.0M)->0.0B(45.0M) Survivors: 7168.0K->6144.0K Heap: 248.2M(1024.0M)->195.9M(1024.0M)]
 [Times: user=0.08 sys=0.00, real=0.06 secs] 
2017-09-20T13:14:16.656+0900: 29055.866: [GC pause (G1 Evacuation Pause) (young), 0.0426569 secs]
   [Parallel Time: 40.3 ms, GC Workers: 2]
      [GC Worker Start (ms): Min: 29055866.6, Avg: 29055866.7, Max: 29055866.8, Diff: 0.1]
      [Ext Root Scanning (ms): Min: 2.0, Avg: 2.1, Max: 2.2, Diff: 0.2, Sum: 4.2]
      [Update RS (ms): Min: 3.2, Avg: 3.2, Max: 3.3, Diff: 0.1, Sum: 6.5]
         [Processed Buffers: Min: 19, Avg: 19.5, Max: 20, Diff: 1, Sum: 39]
      [Scan RS (ms): Min: 6.3, Avg: 6.4, Max: 6.5, Diff: 0.2, Sum: 12.8]
      [Code Root Scanning (ms): Min: 0.0, Avg: 0.0, Max: 0.0, Diff: 0.0, Sum: 0.0]
      [Object Copy (ms): Min: 28.3, Avg: 28.3, Max: 28.4, Diff: 0.1, Sum: 56.7]
      [Termination (ms): Min: 0.0, Avg: 0.0, Max: 0.0, Diff: 0.0, Sum: 0.0]
         [Termination Attempts: Min: 1, Avg: 1.0, Max: 1, Diff: 0, Sum: 2]
      [GC Worker Other (ms): Min: 0.0, Avg: 0.0, Max: 0.0, Diff: 0.0, Sum: 0.1]
      [GC Worker Total (ms): Min: 40.1, Avg: 40.1, Max: 40.2, Diff: 0.1, Sum: 80.3]
      [GC Worker End (ms): Min: 29055906.8, Avg: 29055906.8, Max: 29055906.8, Diff: 0.0]
   [Code Root Fixup: 0.1 ms]
   [Code Root Purge: 0.0 ms]
   [Clear CT: 0.3 ms]
   [Other: 1.9 ms]
      [Choose CSet: 0.0 ms]
      [Ref Proc: 0.5 ms]
      [Ref Enq: 0.0 ms]
      [Redirty Cards: 0.3 ms]
      [Humongous Register: 0.1 ms]
      [Humongous Reclaim: 0.0 ms]
      [Free CSet: 0.1 ms]
   [Eden: 45.0M(45.0M)->0.0B(47.0M) Survivors: 6144.0K->4096.0K Heap: 240.9M(1024.0M)->197.5M(1024.0M)]
 [Times: user=0.07 sys=0.00, real=0.05 secs] 
2017-09-20T13:16:03.932+0900: 29163.143: [GC pause (G1 Evacuation Pause) (young), 0.0118494 secs]
   [Parallel Time: 10.3 ms, GC Workers: 2]
      [GC Worker Start (ms): Min: 29163142.7, Avg: 29163142.8, Max: 29163142.8, Diff: 0.1]
      [Ext Root Scanning (ms): Min: 1.2, Avg: 1.2, Max: 1.3, Diff: 0.1, Sum: 2.5]
      [Update RS (ms): Min: 1.1, Avg: 1.3, Max: 1.4, Diff: 0.3, Sum: 2.6]
         [Processed Buffers: Min: 14, Avg: 15.0, Max: 16, Diff: 2, Sum: 30]
      [Scan RS (ms): Min: 0.8, Avg: 0.9, Max: 1.0, Diff: 0.2, Sum: 1.7]
      [Code Root Scanning (ms): Min: 0.0, Avg: 0.0, Max: 0.0, Diff: 0.0, Sum: 0.0]
      [Object Copy (ms): Min: 6.8, Avg: 6.8, Max: 6.9, Diff: 0.1, Sum: 13.6]
      [Termination (ms): Min: 0.0, Avg: 0.0, Max: 0.0, Diff: 0.0, Sum: 0.0]
         [Termination Attempts: Min: 1, Avg: 2.5, Max: 4, Diff: 3, Sum: 5]
      [GC Worker Other (ms): Min: 0.0, Avg: 0.0, Max: 0.0, Diff: 0.0, Sum: 0.0]
      [GC Worker Total (ms): Min: 10.2, Avg: 10.2, Max: 10.3, Diff: 0.1, Sum: 20.5]
      [GC Worker End (ms): Min: 29163153.0, Avg: 29163153.0, Max: 29163153.0, Diff: 0.0]
   [Code Root Fixup: 0.1 ms]
   [Code Root Purge: 0.0 ms]
   [Clear CT: 0.2 ms]
   [Other: 1.2 ms]
      [Choose CSet: 0.0 ms]
      [Ref Proc: 0.4 ms]
      [Ref Enq: 0.0 ms]
      [Redirty Cards: 0.4 ms]
      [Humongous Register: 0.0 ms]
      [Humongous Reclaim: 0.0 ms]
      [Free CSet: 0.1 ms]
   [Eden: 47.0M(47.0M)->0.0B(48.0M) Survivors: 4096.0K->3072.0K Heap: 244.5M(1024.0M)->196.0M(1024.0M)]
 [Times: user=0.02 sys=0.00, real=0.01 secs] 
2017-09-20T13:17:54.113+0900: 29273.324: [GC pause (G1 Evacuation Pause) (young), 0.0315203 secs]
   [Parallel Time: 29.3 ms, GC Workers: 2]
      [GC Worker Start (ms): Min: 29273324.2, Avg: 29273324.3, Max: 29273324.4, Diff: 0.2]
      [Ext Root Scanning (ms): Min: 1.8, Avg: 1.9, Max: 2.0, Diff: 0.2, Sum: 3.8]
      [Update RS (ms): Min: 1.7, Avg: 1.7, Max: 1.7, Diff: 0.0, Sum: 3.4]
         [Processed Buffers: Min: 8, Avg: 16.5, Max: 25, Diff: 17, Sum: 33]
      [Scan RS (ms): Min: 1.1, Avg: 1.1, Max: 1.1, Diff: 0.0, Sum: 2.3]
      [Code Root Scanning (ms): Min: 0.0, Avg: 0.0, Max: 0.0, Diff: 0.0, Sum: 0.0]
      [Object Copy (ms): Min: 24.2, Avg: 24.2, Max: 24.3, Diff: 0.1, Sum: 48.4]
      [Termination (ms): Min: 0.0, Avg: 0.1, Max: 0.2, Diff: 0.2, Sum: 0.2]
         [Termination Attempts: Min: 2, Avg: 2.0, Max: 2, Diff: 0, Sum: 4]
      [GC Worker Other (ms): Min: 0.0, Avg: 0.0, Max: 0.0, Diff: 0.0, Sum: 0.0]
      [GC Worker Total (ms): Min: 29.0, Avg: 29.0, Max: 29.1, Diff: 0.1, Sum: 58.1]
      [GC Worker End (ms): Min: 29273353.3, Avg: 29273353.3, Max: 29273353.4, Diff: 0.1]
   [Code Root Fixup: 0.2 ms]
   [Code Root Purge: 0.0 ms]
   [Clear CT: 0.3 ms]
   [Other: 1.7 ms]
      [Choose CSet: 0.0 ms]
      [Ref Proc: 0.5 ms]
      [Ref Enq: 0.0 ms]
      [Redirty Cards: 0.6 ms]
      [Humongous Register: 0.1 ms]
      [Humongous Reclaim: 0.1 ms]
      [Free CSet: 0.1 ms]
   [Eden: 48.0M(48.0M)->0.0B(46.0M) Survivors: 3072.0K->5120.0K Heap: 244.0M(1024.0M)->198.0M(1024.0M)]
 [Times: user=0.06 sys=0.00, real=0.03 secs] 
2017-09-20T13:19:39.358+0900: 29378.568: [GC pause (G1 Evacuation Pause) (young), 0.0657755 secs]
   [Parallel Time: 63.7 ms, GC Workers: 2]
      [GC Worker Start (ms): Min: 29378568.5, Avg: 29378568.6, Max: 29378568.6, Diff: 0.1]
      [Ext Root Scanning (ms): Min: 1.9, Avg: 1.9, Max: 1.9, Diff: 0.1, Sum: 3.8]
      [Update RS (ms): Min: 1.5, Avg: 1.6, Max: 1.8, Diff: 0.3, Sum: 3.2]
         [Processed Buffers: Min: 15, Avg: 16.5, Max: 18, Diff: 3, Sum: 33]
      [Scan RS (ms): Min: 1.4, Avg: 1.6, Max: 1.7, Diff: 0.3, Sum: 3.1]
      [Code Root Scanning (ms): Min: 0.0, Avg: 0.0, Max: 0.0, Diff: 0.0, Sum: 0.0]
      [Object Copy (ms): Min: 58.5, Avg: 58.5, Max: 58.5, Diff: 0.0, Sum: 116.9]
      [Termination (ms): Min: 0.0, Avg: 0.0, Max: 0.0, Diff: 0.0, Sum: 0.0]
         [Termination Attempts: Min: 3, Avg: 5.5, Max: 8, Diff: 5, Sum: 11]
      [GC Worker Other (ms): Min: 0.0, Avg: 0.0, Max: 0.0, Diff: 0.0, Sum: 0.0]
      [GC Worker Total (ms): Min: 63.6, Avg: 63.6, Max: 63.6, Diff: 0.1, Sum: 127.2]
      [GC Worker End (ms): Min: 29378632.2, Avg: 29378632.2, Max: 29378632.2, Diff: 0.0]
   [Code Root Fixup: 0.1 ms]
   [Code Root Purge: 0.0 ms]
   [Clear CT: 0.1 ms]
   [Other: 1.9 ms]
      [Choose CSet: 0.0 ms]
      [Ref Proc: 0.3 ms]
      [Ref Enq: 0.0 ms]
      [Redirty Cards: 0.2 ms]
      [Humongous Register: 0.1 ms]
      [Humongous Reclaim: 0.0 ms]
      [Free CSet: 0.0 ms]
   [Eden: 46.0M(46.0M)->0.0B(45.0M) Survivors: 5120.0K->6144.0K Heap: 244.0M(1024.0M)->199.9M(1024.0M)]
 [Times: user=0.07 sys=0.00, real=0.07 secs] 
2017-09-20T13:21:22.595+0900: 29481.806: [GC pause (G1 Evacuation Pause) (young), 0.0361140 secs]
   [Parallel Time: 35.4 ms, GC Workers: 2]
      [GC Worker Start (ms): Min: 29481806.1, Avg: 29481806.1, Max: 29481806.1, Diff: 0.0]
      [Ext Root Scanning (ms): Min: 0.5, Avg: 0.5, Max: 0.5, Diff: 0.0, Sum: 1.0]
      [Update RS (ms): Min: 0.5, Avg: 0.5, Max: 0.5, Diff: 0.0, Sum: 1.0]
         [Processed Buffers: Min: 2, Avg: 17.5, Max: 33, Diff: 31, Sum: 35]
      [Scan RS (ms): Min: 0.3, Avg: 0.3, Max: 0.3, Diff: 0.0, Sum: 0.6]
      [Code Root Scanning (ms): Min: 0.0, Avg: 0.0, Max: 0.0, Diff: 0.0, Sum: 0.0]
      [Object Copy (ms): Min: 31.8, Avg: 32.9, Max: 33.9, Diff: 2.1, Sum: 65.7]
      [Termination (ms): Min: 0.0, Avg: 1.1, Max: 2.2, Diff: 2.2, Sum: 2.2]
         [Termination Attempts: Min: 1, Avg: 1.0, Max: 1, Diff: 0, Sum: 2]
      [GC Worker Other (ms): Min: 0.0, Avg: 0.0, Max: 0.0, Diff: 0.0, Sum: 0.0]
      [GC Worker Total (ms): Min: 35.2, Avg: 35.2, Max: 35.3, Diff: 0.1, Sum: 70.5]
      [GC Worker End (ms): Min: 29481841.3, Avg: 29481841.4, Max: 29481841.4, Diff: 0.0]
   [Code Root Fixup: 0.0 ms]
   [Code Root Purge: 0.0 ms]
   [Clear CT: 0.1 ms]
   [Other: 0.6 ms]
      [Choose CSet: 0.0 ms]
      [Ref Proc: 0.2 ms]
      [Ref Enq: 0.0 ms]
      [Redirty Cards: 0.2 ms]
      [Humongous Register: 0.0 ms]
      [Humongous Reclaim: 0.0 ms]
      [Free CSet: 0.0 ms]
   [Eden: 45.0M(45.0M)->0.0B(46.0M) Survivors: 6144.0K->5120.0K Heap: 244.9M(1024.0M)->202.3M(1024.0M)]
 [Times: user=0.02 sys=0.00, real=0.04 secs] 
2017-09-20T13:23:07.762+0900: 29586.973: [GC pause (G1 Evacuation Pause) (young), 0.0383672 secs]
   [Parallel Time: 37.1 ms, GC Workers: 2]
      [GC Worker Start (ms): Min: 29586972.8, Avg: 29586972.8, Max: 29586972.9, Diff: 0.1]
      [Ext Root Scanning (ms): Min: 1.8, Avg: 1.8, Max: 1.8, Diff: 0.1, Sum: 3.6]
      [Update RS (ms): Min: 4.4, Avg: 4.7, Max: 5.1, Diff: 0.7, Sum: 9.5]
         [Processed Buffers: Min: 18, Avg: 18.5, Max: 19, Diff: 1, Sum: 37]
      [Scan RS (ms): Min: 1.3, Avg: 1.6, Max: 1.9, Diff: 0.6, Sum: 3.1]
      [Code Root Scanning (ms): Min: 0.0, Avg: 0.0, Max: 0.0, Diff: 0.0, Sum: 0.0]
      [Object Copy (ms): Min: 28.9, Avg: 28.9, Max: 28.9, Diff: 0.0, Sum: 57.7]
      [Termination (ms): Min: 0.0, Avg: 0.0, Max: 0.0, Diff: 0.0, Sum: 0.1]
         [Termination Attempts: Min: 2, Avg: 3.0, Max: 4, Diff: 2, Sum: 6]
      [GC Worker Other (ms): Min: 0.0, Avg: 0.0, Max: 0.0, Diff: 0.0, Sum: 0.0]
      [GC Worker Total (ms): Min: 37.0, Avg: 37.0, Max: 37.1, Diff: 0.1, Sum: 74.1]
      [GC Worker End (ms): Min: 29587009.9, Avg: 29587009.9, Max: 29587009.9, Diff: 0.0]
   [Code Root Fixup: 0.1 ms]
   [Code Root Purge: 0.0 ms]
   [Clear CT: 0.1 ms]
   [Other: 1.0 ms]
      [Choose CSet: 0.0 ms]
      [Ref Proc: 0.3 ms]
      [Ref Enq: 0.0 ms]
      [Redirty Cards: 0.3 ms]
      [Humongous Register: 0.1 ms]
      [Humongous Reclaim: 0.0 ms]
      [Free CSet: 0.0 ms]
   [Eden: 46.0M(46.0M)->0.0B(44.0M) Survivors: 5120.0K->7168.0K Heap: 248.3M(1024.0M)->204.3M(1024.0M)]
 [Times: user=0.07 sys=0.00, real=0.04 secs] 
2017-09-20T13:24:47.939+0900: 29687.149: [GC pause (G1 Evacuation Pause) (young), 0.0267017 secs]
   [Parallel Time: 24.0 ms, GC Workers: 2]
      [GC Worker Start (ms): Min: 29687149.6, Avg: 29687149.6, Max: 29687149.7, Diff: 0.1]
      [Ext Root Scanning (ms): Min: 1.9, Avg: 1.9, Max: 1.9, Diff: 0.1, Sum: 3.8]
      [Update RS (ms): Min: 3.1, Avg: 3.3, Max: 3.4, Diff: 0.3, Sum: 6.5]
         [Processed Buffers: Min: 12, Avg: 16.5, Max: 21, Diff: 9, Sum: 33]
      [Scan RS (ms): Min: 2.1, Avg: 2.2, Max: 2.3, Diff: 0.3, Sum: 4.4]
      [Code Root Scanning (ms): Min: 0.0, Avg: 0.0, Max: 0.0, Diff: 0.0, Sum: 0.0]
      [Object Copy (ms): Min: 16.1, Avg: 16.2, Max: 16.2, Diff: 0.1, Sum: 32.3]
      [Termination (ms): Min: 0.0, Avg: 0.0, Max: 0.0, Diff: 0.0, Sum: 0.0]
         [Termination Attempts: Min: 1, Avg: 1.5, Max: 2, Diff: 1, Sum: 3]
      [GC Worker Other (ms): Min: 0.0, Avg: 0.0, Max: 0.0, Diff: 0.0, Sum: 0.1]
      [GC Worker Total (ms): Min: 23.5, Avg: 23.6, Max: 23.6, Diff: 0.1, Sum: 47.1]
      [GC Worker End (ms): Min: 29687173.2, Avg: 29687173.2, Max: 29687173.2, Diff: 0.0]
   [Code Root Fixup: 0.2 ms]
   [Code Root Purge: 0.0 ms]
   [Clear CT: 0.4 ms]
   [Other: 2.2 ms]
      [Choose CSet: 0.0 ms]
      [Ref Proc: 0.9 ms]
      [Ref Enq: 0.0 ms]
      [Redirty Cards: 0.6 ms]
      [Humongous Register: 0.1 ms]
      [Humongous Reclaim: 0.0 ms]
      [Free CSet: 0.1 ms]
   [Eden: 44.0M(44.0M)->0.0B(47.0M) Survivors: 7168.0K->4096.0K Heap: 248.3M(1024.0M)->202.1M(1024.0M)]
 [Times: user=0.05 sys=0.00, real=0.02 secs] 
2017-09-20T13:26:35.611+0900: 29794.821: [GC pause (G1 Evacuation Pause) (young), 0.0142285 secs]
   [Parallel Time: 12.9 ms, GC Workers: 2]
      [GC Worker Start (ms): Min: 29794821.2, Avg: 29794821.2, Max: 29794821.2, Diff: 0.0]
      [Ext Root Scanning (ms): Min: 0.8, Avg: 0.9, Max: 1.0, Diff: 0.1, Sum: 1.8]
      [Update RS (ms): Min: 1.0, Avg: 1.2, Max: 1.3, Diff: 0.3, Sum: 2.4]
         [Processed Buffers: Min: 12, Avg: 15.5, Max: 19, Diff: 7, Sum: 31]
      [Scan RS (ms): Min: 1.0, Avg: 1.3, Max: 1.5, Diff: 0.5, Sum: 2.5]
      [Code Root Scanning (ms): Min: 0.0, Avg: 0.0, Max: 0.0, Diff: 0.0, Sum: 0.0]
      [Object Copy (ms): Min: 9.4, Avg: 9.5, Max: 9.6, Diff: 0.2, Sum: 19.0]
      [Termination (ms): Min: 0.0, Avg: 0.0, Max: 0.0, Diff: 0.0, Sum: 0.0]
         [Termination Attempts: Min: 2, Avg: 2.0, Max: 2, Diff: 0, Sum: 4]
      [GC Worker Other (ms): Min: 0.0, Avg: 0.0, Max: 0.0, Diff: 0.0, Sum: 0.0]
      [GC Worker Total (ms): Min: 12.9, Avg: 12.9, Max: 12.9, Diff: 0.0, Sum: 25.8]
      [GC Worker End (ms): Min: 29794834.1, Avg: 29794834.1, Max: 29794834.1, Diff: 0.0]
   [Code Root Fixup: 0.1 ms]
   [Code Root Purge: 0.0 ms]
   [Clear CT: 0.1 ms]
   [Other: 1.0 ms]
      [Choose CSet: 0.0 ms]
      [Ref Proc: 0.3 ms]
      [Ref Enq: 0.0 ms]
      [Redirty Cards: 0.3 ms]
      [Humongous Register: 0.1 ms]
      [Humongous Reclaim: 0.0 ms]
      [Free CSet: 0.0 ms]
   [Eden: 47.0M(47.0M)->0.0B(46.0M) Survivors: 4096.0K->5120.0K Heap: 249.1M(1024.0M)->203.1M(1024.0M)]
 [Times: user=0.02 sys=0.00, real=0.01 secs] 
2017-09-20T13:28:21.021+0900: 29900.232: [GC pause (G1 Evacuation Pause) (young), 0.0250906 secs]
   [Parallel Time: 23.8 ms, GC Workers: 2]
      [GC Worker Start (ms): Min: 29900231.7, Avg: 29900231.8, Max: 29900231.8, Diff: 0.1]
      [Ext Root Scanning (ms): Min: 1.0, Avg: 1.0, Max: 1.1, Diff: 0.1, Sum: 2.1]
      [Update RS (ms): Min: 1.0, Avg: 1.0, Max: 1.1, Diff: 0.0, Sum: 2.1]
         [Processed Buffers: Min: 12, Avg: 17.0, Max: 22, Diff: 10, Sum: 34]
      [Scan RS (ms): Min: 1.5, Avg: 1.5, Max: 1.5, Diff: 0.0, Sum: 3.0]
      [Code Root Scanning (ms): Min: 0.0, Avg: 0.0, Max: 0.0, Diff: 0.0, Sum: 0.0]
      [Object Copy (ms): Min: 20.1, Avg: 20.1, Max: 20.1, Diff: 0.0, Sum: 40.2]
      [Termination (ms): Min: 0.0, Avg: 0.0, Max: 0.0, Diff: 0.0, Sum: 0.0]
         [Termination Attempts: Min: 2, Avg: 2.5, Max: 3, Diff: 1, Sum: 5]
      [GC Worker Other (ms): Min: 0.0, Avg: 0.0, Max: 0.0, Diff: 0.0, Sum: 0.0]
      [GC Worker Total (ms): Min: 23.7, Avg: 23.7, Max: 23.7, Diff: 0.1, Sum: 47.4]
      [GC Worker End (ms): Min: 29900255.5, Avg: 29900255.5, Max: 29900255.5, Diff: 0.0]
   [Code Root Fixup: 0.1 ms]
   [Code Root Purge: 0.0 ms]
   [Clear CT: 0.2 ms]
   [Other: 1.0 ms]
      [Choose CSet: 0.0 ms]
      [Ref Proc: 0.3 ms]
      [Ref Enq: 0.0 ms]
      [Redirty Cards: 0.3 ms]
      [Humongous Register: 0.0 ms]
      [Humongous Reclaim: 0.0 ms]
      [Free CSet: 0.1 ms]
   [Eden: 46.0M(46.0M)->0.0B(45.0M) Survivors: 5120.0K->6144.0K Heap: 249.1M(1024.0M)->205.4M(1024.0M)]
 [Times: user=0.04 sys=0.00, real=0.02 secs] 
2017-09-20T13:30:03.287+0900: 30002.498: [GC pause (G1 Evacuation Pause) (young), 0.0380650 secs]
   [Parallel Time: 36.5 ms, GC Workers: 2]
      [GC Worker Start (ms): Min: 30002498.2, Avg: 30002498.3, Max: 30002498.4, Diff: 0.2]
      [Ext Root Scanning (ms): Min: 1.7, Avg: 1.9, Max: 2.0, Diff: 0.2, Sum: 3.7]
      [Update RS (ms): Min: 5.1, Avg: 5.1, Max: 5.2, Diff: 0.1, Sum: 10.3]
         [Processed Buffers: Min: 14, Avg: 19.0, Max: 24, Diff: 10, Sum: 38]
      [Scan RS (ms): Min: 1.9, Avg: 2.0, Max: 2.1, Diff: 0.2, Sum: 3.9]
      [Code Root Scanning (ms): Min: 0.0, Avg: 0.0, Max: 0.0, Diff: 0.0, Sum: 0.0]
      [Object Copy (ms): Min: 27.3, Avg: 27.3, Max: 27.4, Diff: 0.1, Sum: 54.7]
      [Termination (ms): Min: 0.0, Avg: 0.0, Max: 0.0, Diff: 0.0, Sum: 0.0]
         [Termination Attempts: Min: 1, Avg: 4.5, Max: 8, Diff: 7, Sum: 9]
      [GC Worker Other (ms): Min: 0.0, Avg: 0.0, Max: 0.0, Diff: 0.0, Sum: 0.0]
      [GC Worker Total (ms): Min: 36.2, Avg: 36.4, Max: 36.5, Diff: 0.2, Sum: 72.7]
      [GC Worker End (ms): Min: 30002534.6, Avg: 30002534.6, Max: 30002534.6, Diff: 0.0]
   [Code Root Fixup: 0.1 ms]
   [Code Root Purge: 0.0 ms]
   [Clear CT: 0.2 ms]
   [Other: 1.2 ms]
      [Choose CSet: 0.0 ms]
      [Ref Proc: 0.4 ms]
      [Ref Enq: 0.0 ms]
      [Redirty Cards: 0.3 ms]
      [Humongous Register: 0.1 ms]
      [Humongous Reclaim: 0.0 ms]
      [Free CSet: 0.0 ms]
   [Eden: 45.0M(45.0M)->0.0B(46.0M) Survivors: 6144.0K->5120.0K Heap: 250.4M(1024.0M)->207.8M(1024.0M)]
 [Times: user=0.06 sys=0.00, real=0.04 secs] 
2017-09-20T13:31:48.567+0900: 30107.778: [GC pause (G1 Evacuation Pause) (young), 0.0213891 secs]
   [Parallel Time: 18.8 ms, GC Workers: 2]
      [GC Worker Start (ms): Min: 30107778.2, Avg: 30107778.2, Max: 30107778.2, Diff: 0.0]
      [Ext Root Scanning (ms): Min: 2.0, Avg: 2.0, Max: 2.1, Diff: 0.1, Sum: 4.1]
      [Update RS (ms): Min: 4.7, Avg: 4.8, Max: 4.8, Diff: 0.0, Sum: 9.5]
         [Processed Buffers: Min: 16, Avg: 17.0, Max: 18, Diff: 2, Sum: 34]
      [Scan RS (ms): Min: 3.6, Avg: 3.7, Max: 3.7, Diff: 0.1, Sum: 7.3]
      [Code Root Scanning (ms): Min: 0.0, Avg: 0.0, Max: 0.0, Diff: 0.0, Sum: 0.0]
      [Object Copy (ms): Min: 8.1, Avg: 8.1, Max: 8.1, Diff: 0.1, Sum: 16.2]
      [Termination (ms): Min: 0.0, Avg: 0.1, Max: 0.2, Diff: 0.2, Sum: 0.2]
         [Termination Attempts: Min: 1, Avg: 1.5, Max: 2, Diff: 1, Sum: 3]
      [GC Worker Other (ms): Min: 0.0, Avg: 0.0, Max: 0.0, Diff: 0.0, Sum: 0.0]
      [GC Worker Total (ms): Min: 18.7, Avg: 18.7, Max: 18.7, Diff: 0.0, Sum: 37.3]
      [GC Worker End (ms): Min: 30107796.8, Avg: 30107796.9, Max: 30107796.9, Diff: 0.1]
   [Code Root Fixup: 0.2 ms]
   [Code Root Purge: 0.0 ms]
   [Clear CT: 0.3 ms]
   [Other: 2.0 ms]
      [Choose CSet: 0.0 ms]
      [Ref Proc: 0.7 ms]
      [Ref Enq: 0.0 ms]
      [Redirty Cards: 0.6 ms]
      [Humongous Register: 0.1 ms]
      [Humongous Reclaim: 0.0 ms]
      [Free CSet: 0.1 ms]
   [Eden: 46.0M(46.0M)->0.0B(48.0M) Survivors: 5120.0K->3072.0K Heap: 253.8M(1024.0M)->205.8M(1024.0M)]
 [Times: user=0.04 sys=0.00, real=0.02 secs] 
2017-09-20T13:33:38.282+0900: 30217.493: [GC pause (G1 Evacuation Pause) (young), 0.0053353 secs]
   [Parallel Time: 4.6 ms, GC Workers: 2]
      [GC Worker Start (ms): Min: 30217492.9, Avg: 30217492.9, Max: 30217492.9, Diff: 0.0]
      [Ext Root Scanning (ms): Min: 0.5, Avg: 0.5, Max: 0.5, Diff: 0.0, Sum: 1.0]
      [Update RS (ms): Min: 0.5, Avg: 0.5, Max: 0.6, Diff: 0.0, Sum: 1.1]
         [Processed Buffers: Min: 17, Avg: 17.0, Max: 17, Diff: 0, Sum: 34]
      [Scan RS (ms): Min: 0.4, Avg: 0.4, Max: 0.4, Diff: 0.0, Sum: 0.9]
      [Code Root Scanning (ms): Min: 0.0, Avg: 0.0, Max: 0.0, Diff: 0.0, Sum: 0.0]
      [Object Copy (ms): Min: 3.0, Avg: 3.0, Max: 3.1, Diff: 0.0, Sum: 6.1]
      [Termination (ms): Min: 0.0, Avg: 0.0, Max: 0.0, Diff: 0.0, Sum: 0.0]
         [Termination Attempts: Min: 1, Avg: 1.0, Max: 1, Diff: 0, Sum: 2]
      [GC Worker Other (ms): Min: 0.0, Avg: 0.0, Max: 0.0, Diff: 0.0, Sum: 0.0]
      [GC Worker Total (ms): Min: 4.5, Avg: 4.5, Max: 4.5, Diff: 0.0, Sum: 9.1]
      [GC Worker End (ms): Min: 30217497.4, Avg: 30217497.4, Max: 30217497.4, Diff: 0.0]
   [Code Root Fixup: 0.0 ms]
   [Code Root Purge: 0.0 ms]
   [Clear CT: 0.1 ms]
   [Other: 0.6 ms]
      [Choose CSet: 0.0 ms]
      [Ref Proc: 0.2 ms]
      [Ref Enq: 0.0 ms]
      [Redirty Cards: 0.2 ms]
      [Humongous Register: 0.0 ms]
      [Humongous Reclaim: 0.0 ms]
      [Free CSet: 0.0 ms]
   [Eden: 48.0M(48.0M)->0.0B(47.0M) Survivors: 3072.0K->4096.0K Heap: 253.8M(1024.0M)->206.8M(1024.0M)]
 [Times: user=0.01 sys=0.00, real=0.00 secs] 
2017-09-20T13:35:25.984+0900: 30325.195: [GC pause (G1 Evacuation Pause) (young), 0.0075411 secs]
   [Parallel Time: 6.8 ms, GC Workers: 2]
      [GC Worker Start (ms): Min: 30325194.8, Avg: 30325194.8, Max: 30325194.8, Diff: 0.0]
      [Ext Root Scanning (ms): Min: 0.6, Avg: 0.6, Max: 0.6, Diff: 0.1, Sum: 1.2]
      [Update RS (ms): Min: 0.6, Avg: 0.6, Max: 0.6, Diff: 0.0, Sum: 1.2]
         [Processed Buffers: Min: 2, Avg: 17.5, Max: 33, Diff: 31, Sum: 35]
      [Scan RS (ms): Min: 0.4, Avg: 0.4, Max: 0.4, Diff: 0.0, Sum: 0.8]
      [Code Root Scanning (ms): Min: 0.0, Avg: 0.0, Max: 0.0, Diff: 0.0, Sum: 0.0]
      [Object Copy (ms): Min: 5.0, Avg: 5.0, Max: 5.0, Diff: 0.0, Sum: 10.0]
      [Termination (ms): Min: 0.0, Avg: 0.0, Max: 0.0, Diff: 0.0, Sum: 0.0]
         [Termination Attempts: Min: 1, Avg: 1.0, Max: 1, Diff: 0, Sum: 2]
      [GC Worker Other (ms): Min: 0.0, Avg: 0.0, Max: 0.0, Diff: 0.0, Sum: 0.0]
      [GC Worker Total (ms): Min: 6.6, Avg: 6.6, Max: 6.7, Diff: 0.0, Sum: 13.3]
      [GC Worker End (ms): Min: 30325201.4, Avg: 30325201.4, Max: 30325201.4, Diff: 0.0]
   [Code Root Fixup: 0.0 ms]
   [Code Root Purge: 0.0 ms]
   [Clear CT: 0.1 ms]
   [Other: 0.7 ms]
      [Choose CSet: 0.0 ms]
      [Ref Proc: 0.3 ms]
      [Ref Enq: 0.0 ms]
      [Redirty Cards: 0.2 ms]
      [Humongous Register: 0.0 ms]
      [Humongous Reclaim: 0.0 ms]
      [Free CSet: 0.0 ms]
   [Eden: 47.0M(47.0M)->0.0B(45.0M) Survivors: 4096.0K->6144.0K Heap: 253.8M(1024.0M)->208.8M(1024.0M)]
 [Times: user=0.01 sys=0.00, real=0.01 secs] 
2017-09-20T13:37:09.175+0900: 30428.386: [GC pause (G1 Evacuation Pause) (young), 0.0386909 secs]
   [Parallel Time: 37.9 ms, GC Workers: 2]
      [GC Worker Start (ms): Min: 30428385.8, Avg: 30428385.9, Max: 30428386.0, Diff: 0.2]
      [Ext Root Scanning (ms): Min: 1.9, Avg: 2.0, Max: 2.2, Diff: 0.3, Sum: 4.1]
      [Update RS (ms): Min: 3.5, Avg: 4.7, Max: 5.9, Diff: 2.5, Sum: 9.4]
         [Processed Buffers: Min: 11, Avg: 17.0, Max: 23, Diff: 12, Sum: 34]
      [Scan RS (ms): Min: 0.4, Avg: 1.6, Max: 2.8, Diff: 2.4, Sum: 3.2]
      [Code Root Scanning (ms): Min: 0.0, Avg: 0.0, Max: 0.0, Diff: 0.0, Sum: 0.0]
      [Object Copy (ms): Min: 29.3, Avg: 29.3, Max: 29.4, Diff: 0.1, Sum: 58.7]
      [Termination (ms): Min: 0.0, Avg: 0.0, Max: 0.0, Diff: 0.0, Sum: 0.1]
         [Termination Attempts: Min: 2, Avg: 3.0, Max: 4, Diff: 2, Sum: 6]
      [GC Worker Other (ms): Min: 0.0, Avg: 0.0, Max: 0.1, Diff: 0.0, Sum: 0.1]
      [GC Worker Total (ms): Min: 37.7, Avg: 37.8, Max: 37.8, Diff: 0.2, Sum: 75.5]
      [GC Worker End (ms): Min: 30428423.7, Avg: 30428423.7, Max: 30428423.7, Diff: 0.0]
   [Code Root Fixup: 0.1 ms]
   [Code Root Purge: 0.0 ms]
   [Clear CT: 0.1 ms]
   [Other: 0.7 ms]
      [Choose CSet: 0.0 ms]
      [Ref Proc: 0.2 ms]
      [Ref Enq: 0.0 ms]
      [Redirty Cards: 0.0 ms]
      [Humongous Register: 0.1 ms]
      [Humongous Reclaim: 0.0 ms]
      [Free CSet: 0.1 ms]
   [Eden: 45.0M(45.0M)->0.0B(46.0M) Survivors: 6144.0K->5120.0K Heap: 253.8M(1024.0M)->210.7M(1024.0M)]
 [Times: user=0.07 sys=0.00, real=0.04 secs] 
2017-09-20T13:38:53.840+0900: 30533.050: [GC pause (G1 Evacuation Pause) (young), 0.0427070 secs]
   [Parallel Time: 41.4 ms, GC Workers: 2]
      [GC Worker Start (ms): Min: 30533050.7, Avg: 30533050.7, Max: 30533050.8, Diff: 0.1]
      [Ext Root Scanning (ms): Min: 2.3, Avg: 2.3, Max: 2.3, Diff: 0.0, Sum: 4.6]
      [Update RS (ms): Min: 5.8, Avg: 6.2, Max: 6.5, Diff: 0.7, Sum: 12.4]
         [Processed Buffers: Min: 13, Avg: 16.5, Max: 20, Diff: 7, Sum: 33]
      [Scan RS (ms): Min: 2.2, Avg: 2.5, Max: 2.8, Diff: 0.6, Sum: 5.0]
      [Code Root Scanning (ms): Min: 0.0, Avg: 0.0, Max: 0.1, Diff: 0.1, Sum: 0.1]
      [Object Copy (ms): Min: 29.9, Avg: 30.0, Max: 30.0, Diff: 0.1, Sum: 60.0]
      [Termination (ms): Min: 0.0, Avg: 0.0, Max: 0.0, Diff: 0.0, Sum: 0.1]
         [Termination Attempts: Min: 3, Avg: 4.0, Max: 5, Diff: 2, Sum: 8]
      [GC Worker Other (ms): Min: 0.0, Avg: 0.0, Max: 0.1, Diff: 0.1, Sum: 0.1]
      [GC Worker Total (ms): Min: 41.0, Avg: 41.0, Max: 41.1, Diff: 0.1, Sum: 82.1]
      [GC Worker End (ms): Min: 30533091.8, Avg: 30533091.8, Max: 30533091.8, Diff: 0.0]
   [Code Root Fixup: 0.1 ms]
   [Code Root Purge: 0.0 ms]
   [Clear CT: 0.2 ms]
   [Other: 1.1 ms]
      [Choose CSet: 0.0 ms]
      [Ref Proc: 0.4 ms]
      [Ref Enq: 0.0 ms]
      [Redirty Cards: 0.3 ms]
      [Humongous Register: 0.1 ms]
      [Humongous Reclaim: 0.0 ms]
      [Free CSet: 0.0 ms]
   [Eden: 46.0M(46.0M)->0.0B(45.0M) Survivors: 5120.0K->6144.0K Heap: 256.7M(1024.0M)->212.2M(1024.0M)]
 [Times: user=0.08 sys=0.00, real=0.04 secs] 
2017-09-20T13:40:36.146+0900: 30635.356: [GC pause (G1 Evacuation Pause) (young), 0.0315203 secs]
   [Parallel Time: 29.0 ms, GC Workers: 2]
      [GC Worker Start (ms): Min: 30635356.7, Avg: 30635356.8, Max: 30635356.8, Diff: 0.1]
      [Ext Root Scanning (ms): Min: 2.2, Avg: 2.2, Max: 2.3, Diff: 0.1, Sum: 4.4]
      [Update RS (ms): Min: 3.4, Avg: 3.7, Max: 4.0, Diff: 0.6, Sum: 7.4]
         [Processed Buffers: Min: 15, Avg: 17.0, Max: 19, Diff: 4, Sum: 34]
      [Scan RS (ms): Min: 2.9, Avg: 3.2, Max: 3.6, Diff: 0.7, Sum: 6.5]
      [Code Root Scanning (ms): Min: 0.0, Avg: 0.0, Max: 0.1, Diff: 0.1, Sum: 0.1]
      [Object Copy (ms): Min: 19.5, Avg: 19.6, Max: 19.6, Diff: 0.1, Sum: 39.2]
      [Termination (ms): Min: 0.0, Avg: 0.0, Max: 0.0, Diff: 0.0, Sum: 0.0]
         [Termination Attempts: Min: 1, Avg: 1.0, Max: 1, Diff: 0, Sum: 2]
      [GC Worker Other (ms): Min: 0.0, Avg: 0.0, Max: 0.0, Diff: 0.0, Sum: 0.0]
      [GC Worker Total (ms): Min: 28.8, Avg: 28.8, Max: 28.9, Diff: 0.1, Sum: 57.6]
      [GC Worker End (ms): Min: 30635385.6, Avg: 30635385.6, Max: 30635385.6, Diff: 0.0]
   [Code Root Fixup: 0.1 ms]
   [Code Root Purge: 0.0 ms]
   [Clear CT: 0.2 ms]
   [Other: 2.2 ms]
      [Choose CSet: 0.0 ms]
      [Ref Proc: 0.8 ms]
      [Ref Enq: 0.0 ms]
      [Redirty Cards: 0.6 ms]
      [Humongous Register: 0.1 ms]
      [Humongous Reclaim: 0.0 ms]
      [Free CSet: 0.1 ms]
   [Eden: 45.0M(45.0M)->0.0B(48.0M) Survivors: 6144.0K->3072.0K Heap: 257.2M(1024.0M)->209.3M(1024.0M)]
 [Times: user=0.06 sys=0.00, real=0.03 secs] 
2017-09-20T13:42:26.277+0900: 30745.488: [GC pause (G1 Evacuation Pause) (young), 0.0325935 secs]
   [Parallel Time: 31.2 ms, GC Workers: 2]
      [GC Worker Start (ms): Min: 30745488.1, Avg: 30745488.2, Max: 30745488.3, Diff: 0.2]
      [Ext Root Scanning (ms): Min: 1.8, Avg: 1.9, Max: 2.0, Diff: 0.2, Sum: 3.8]
      [Update RS (ms): Min: 3.1, Avg: 3.4, Max: 3.7, Diff: 0.6, Sum: 6.8]
         [Processed Buffers: Min: 12, Avg: 16.0, Max: 20, Diff: 8, Sum: 32]
      [Scan RS (ms): Min: 2.3, Avg: 2.6, Max: 2.9, Diff: 0.6, Sum: 5.2]
      [Code Root Scanning (ms): Min: 0.0, Avg: 0.0, Max: 0.0, Diff: 0.0, Sum: 0.0]
      [Object Copy (ms): Min: 23.1, Avg: 23.1, Max: 23.1, Diff: 0.0, Sum: 46.2]
      [Termination (ms): Min: 0.0, Avg: 0.0, Max: 0.0, Diff: 0.0, Sum: 0.0]
         [Termination Attempts: Min: 1, Avg: 1.0, Max: 1, Diff: 0, Sum: 2]
      [GC Worker Other (ms): Min: 0.0, Avg: 0.0, Max: 0.0, Diff: 0.0, Sum: 0.0]
      [GC Worker Total (ms): Min: 30.9, Avg: 31.0, Max: 31.1, Diff: 0.2, Sum: 62.1]
      [GC Worker End (ms): Min: 30745519.2, Avg: 30745519.2, Max: 30745519.2, Diff: 0.0]
   [Code Root Fixup: 0.1 ms]
   [Code Root Purge: 0.0 ms]
   [Clear CT: 0.1 ms]
   [Other: 1.2 ms]
      [Choose CSet: 0.0 ms]
      [Ref Proc: 0.4 ms]
      [Ref Enq: 0.0 ms]
      [Redirty Cards: 0.3 ms]
      [Humongous Register: 0.1 ms]
      [Humongous Reclaim: 0.0 ms]
      [Free CSet: 0.0 ms]
   [Eden: 48.0M(48.0M)->0.0B(46.0M) Survivors: 3072.0K->5120.0K Heap: 257.3M(1024.0M)->211.3M(1024.0M)]
 [Times: user=0.06 sys=0.00, real=0.04 secs] 
2017-09-20T13:44:11.984+0900: 30851.194: [GC pause (G1 Evacuation Pause) (young), 0.0485323 secs]
   [Parallel Time: 46.9 ms, GC Workers: 2]
      [GC Worker Start (ms): Min: 30851194.4, Avg: 30851194.4, Max: 30851194.5, Diff: 0.2]
      [Ext Root Scanning (ms): Min: 1.9, Avg: 2.0, Max: 2.1, Diff: 0.2, Sum: 4.1]
      [Update RS (ms): Min: 1.4, Avg: 1.7, Max: 2.0, Diff: 0.7, Sum: 3.4]
         [Processed Buffers: Min: 10, Avg: 16.0, Max: 22, Diff: 12, Sum: 32]
      [Scan RS (ms): Min: 4.4, Avg: 5.5, Max: 6.5, Diff: 2.2, Sum: 10.9]
      [Code Root Scanning (ms): Min: 0.0, Avg: 0.0, Max: 0.0, Diff: 0.0, Sum: 0.0]
      [Object Copy (ms): Min: 36.1, Avg: 37.5, Max: 38.9, Diff: 2.8, Sum: 75.0]
      [Termination (ms): Min: 0.0, Avg: 0.0, Max: 0.0, Diff: 0.0, Sum: 0.0]
         [Termination Attempts: Min: 1, Avg: 1.0, Max: 1, Diff: 0, Sum: 2]
      [GC Worker Other (ms): Min: 0.0, Avg: 0.0, Max: 0.0, Diff: 0.0, Sum: 0.0]
      [GC Worker Total (ms): Min: 46.6, Avg: 46.7, Max: 46.8, Diff: 0.2, Sum: 93.4]
      [GC Worker End (ms): Min: 30851241.2, Avg: 30851241.2, Max: 30851241.2, Diff: 0.0]
   [Code Root Fixup: 0.1 ms]
   [Code Root Purge: 0.0 ms]
   [Clear CT: 0.2 ms]
   [Other: 1.4 ms]
      [Choose CSet: 0.0 ms]
      [Ref Proc: 0.6 ms]
      [Ref Enq: 0.0 ms]
      [Redirty Cards: 0.2 ms]
      [Humongous Register: 0.1 ms]
      [Humongous Reclaim: 0.0 ms]
      [Free CSet: 0.2 ms]
   [Eden: 46.0M(46.0M)->0.0B(45.0M) Survivors: 5120.0K->6144.0K Heap: 257.3M(1024.0M)->212.8M(1024.0M)]
 [Times: user=0.08 sys=0.00, real=0.05 secs] 
2017-09-20T13:45:55.041+0900: 30954.251: [GC pause (G1 Evacuation Pause) (young), 0.0724328 secs]
   [Parallel Time: 71.0 ms, GC Workers: 2]
      [GC Worker Start (ms): Min: 30954251.4, Avg: 30954251.4, Max: 30954251.5, Diff: 0.2]
      [Ext Root Scanning (ms): Min: 1.9, Avg: 2.0, Max: 2.0, Diff: 0.1, Sum: 3.9]
      [Update RS (ms): Min: 2.6, Avg: 2.7, Max: 2.8, Diff: 0.3, Sum: 5.4]
         [Processed Buffers: Min: 9, Avg: 15.5, Max: 22, Diff: 13, Sum: 31]
      [Scan RS (ms): Min: 1.8, Avg: 1.8, Max: 1.9, Diff: 0.2, Sum: 3.7]
      [Code Root Scanning (ms): Min: 0.0, Avg: 0.0, Max: 0.0, Diff: 0.0, Sum: 0.0]
      [Object Copy (ms): Min: 63.9, Avg: 64.0, Max: 64.1, Diff: 0.1, Sum: 128.0]
      [Termination (ms): Min: 0.0, Avg: 0.2, Max: 0.4, Diff: 0.4, Sum: 0.4]
         [Termination Attempts: Min: 1, Avg: 1.0, Max: 1, Diff: 0, Sum: 2]
      [GC Worker Other (ms): Min: 0.0, Avg: 0.0, Max: 0.0, Diff: 0.0, Sum: 0.0]
      [GC Worker Total (ms): Min: 70.7, Avg: 70.7, Max: 70.7, Diff: 0.0, Sum: 141.4]
      [GC Worker End (ms): Min: 30954322.1, Avg: 30954322.2, Max: 30954322.2, Diff: 0.2]
   [Code Root Fixup: 0.1 ms]
   [Code Root Purge: 0.0 ms]
   [Clear CT: 0.2 ms]
   [Other: 1.2 ms]
      [Choose CSet: 0.0 ms]
      [Ref Proc: 0.3 ms]
      [Ref Enq: 0.0 ms]
      [Redirty Cards: 0.4 ms]
      [Humongous Register: 0.1 ms]
      [Humongous Reclaim: 0.0 ms]
      [Free CSet: 0.0 ms]
   [Eden: 45.0M(45.0M)->0.0B(46.0M) Survivors: 6144.0K->5120.0K Heap: 257.8M(1024.0M)->214.6M(1024.0M)]
 [Times: user=0.10 sys=0.00, real=0.07 secs] 
2017-09-20T13:47:40.540+0900: 31059.750: [GC pause (G1 Evacuation Pause) (young), 0.0358475 secs]
   [Parallel Time: 34.4 ms, GC Workers: 2]
      [GC Worker Start (ms): Min: 31059750.5, Avg: 31059750.6, Max: 31059750.6, Diff: 0.1]
      [Ext Root Scanning (ms): Min: 2.2, Avg: 2.2, Max: 2.2, Diff: 0.1, Sum: 4.4]
      [Update RS (ms): Min: 4.0, Avg: 4.4, Max: 4.9, Diff: 0.8, Sum: 8.9]
         [Processed Buffers: Min: 8, Avg: 16.0, Max: 24, Diff: 16, Sum: 32]
      [Scan RS (ms): Min: 3.5, Avg: 3.9, Max: 4.3, Diff: 0.8, Sum: 7.8]
      [Code Root Scanning (ms): Min: 0.0, Avg: 0.0, Max: 0.0, Diff: 0.0, Sum: 0.0]
      [Object Copy (ms): Min: 23.5, Avg: 23.5, Max: 23.5, Diff: 0.0, Sum: 46.9]
      [Termination (ms): Min: 0.0, Avg: 0.1, Max: 0.1, Diff: 0.1, Sum: 0.1]
         [Termination Attempts: Min: 2, Avg: 2.0, Max: 2, Diff: 0, Sum: 4]
      [GC Worker Other (ms): Min: 0.0, Avg: 0.0, Max: 0.0, Diff: 0.0, Sum: 0.0]
      [GC Worker Total (ms): Min: 34.0, Avg: 34.1, Max: 34.2, Diff: 0.1, Sum: 68.2]
      [GC Worker End (ms): Min: 31059784.6, Avg: 31059784.7, Max: 31059784.7, Diff: 0.0]
   [Code Root Fixup: 0.1 ms]
   [Code Root Purge: 0.0 ms]
   [Clear CT: 0.1 ms]
   [Other: 1.2 ms]
      [Choose CSet: 0.0 ms]
      [Ref Proc: 0.4 ms]
      [Ref Enq: 0.0 ms]
      [Redirty Cards: 0.2 ms]
      [Humongous Register: 0.2 ms]
      [Humongous Reclaim: 0.0 ms]
      [Free CSet: 0.1 ms]
   [Eden: 46.0M(46.0M)->0.0B(45.0M) Survivors: 5120.0K->6144.0K Heap: 260.6M(1024.0M)->216.1M(1024.0M)]
 [Times: user=0.06 sys=0.00, real=0.03 secs] 
2017-09-20T13:49:23.931+0900: 31163.142: [GC pause (G1 Evacuation Pause) (young), 0.0349132 secs]
   [Parallel Time: 31.5 ms, GC Workers: 2]
      [GC Worker Start (ms): Min: 31163141.9, Avg: 31163141.9, Max: 31163141.9, Diff: 0.0]
      [Ext Root Scanning (ms): Min: 1.7, Avg: 1.8, Max: 1.8, Diff: 0.1, Sum: 3.5]
      [Update RS (ms): Min: 1.9, Avg: 2.2, Max: 2.6, Diff: 0.7, Sum: 4.4]
         [Processed Buffers: Min: 4, Avg: 16.0, Max: 28, Diff: 24, Sum: 32]
      [Scan RS (ms): Min: 2.0, Avg: 2.5, Max: 2.9, Diff: 0.9, Sum: 4.9]
      [Code Root Scanning (ms): Min: 0.0, Avg: 0.0, Max: 0.0, Diff: 0.0, Sum: 0.0]
      [Object Copy (ms): Min: 24.7, Avg: 24.7, Max: 24.8, Diff: 0.2, Sum: 49.5]
      [Termination (ms): Min: 0.0, Avg: 0.0, Max: 0.0, Diff: 0.0, Sum: 0.0]
         [Termination Attempts: Min: 1, Avg: 1.0, Max: 1, Diff: 0, Sum: 2]
      [GC Worker Other (ms): Min: 0.0, Avg: 0.0, Max: 0.0, Diff: 0.0, Sum: 0.0]
      [GC Worker Total (ms): Min: 31.2, Avg: 31.2, Max: 31.2, Diff: 0.0, Sum: 62.5]
      [GC Worker End (ms): Min: 31163173.1, Avg: 31163173.1, Max: 31163173.1, Diff: 0.0]
   [Code Root Fixup: 0.2 ms]
   [Code Root Purge: 0.0 ms]
   [Clear CT: 0.8 ms]
   [Other: 2.5 ms]
      [Choose CSet: 0.0 ms]
      [Ref Proc: 0.5 ms]
      [Ref Enq: 0.0 ms]
      [Redirty Cards: 0.5 ms]
      [Humongous Register: 0.1 ms]
      [Humongous Reclaim: 0.0 ms]
      [Free CSet: 0.1 ms]
   [Eden: 45.0M(45.0M)->0.0B(48.0M) Survivors: 6144.0K->3072.0K Heap: 261.1M(1024.0M)->213.7M(1024.0M)]
 [Times: user=0.05 sys=0.00, real=0.03 secs] 
2017-09-20T13:51:13.704+0900: 31272.915: [GC pause (G1 Evacuation Pause) (young), 0.0374860 secs]
   [Parallel Time: 36.1 ms, GC Workers: 2]
      [GC Worker Start (ms): Min: 31272915.1, Avg: 31272915.1, Max: 31272915.2, Diff: 0.1]
      [Ext Root Scanning (ms): Min: 2.4, Avg: 2.5, Max: 2.6, Diff: 0.2, Sum: 5.0]
      [Update RS (ms): Min: 2.4, Avg: 2.8, Max: 3.3, Diff: 0.9, Sum: 5.6]
         [Processed Buffers: Min: 13, Avg: 16.5, Max: 20, Diff: 7, Sum: 33]
      [Scan RS (ms): Min: 2.9, Avg: 3.3, Max: 3.8, Diff: 0.9, Sum: 6.7]
      [Code Root Scanning (ms): Min: 0.0, Avg: 0.0, Max: 0.0, Diff: 0.0, Sum: 0.0]
      [Object Copy (ms): Min: 27.2, Avg: 27.3, Max: 27.3, Diff: 0.0, Sum: 54.5]
      [Termination (ms): Min: 0.0, Avg: 0.0, Max: 0.0, Diff: 0.0, Sum: 0.0]
         [Termination Attempts: Min: 1, Avg: 1.0, Max: 1, Diff: 0, Sum: 2]
      [GC Worker Other (ms): Min: 0.0, Avg: 0.0, Max: 0.0, Diff: 0.0, Sum: 0.0]
      [GC Worker Total (ms): Min: 35.8, Avg: 35.9, Max: 36.0, Diff: 0.1, Sum: 71.8]
      [GC Worker End (ms): Min: 31272951.1, Avg: 31272951.1, Max: 31272951.1, Diff: 0.0]
   [Code Root Fixup: 0.1 ms]
   [Code Root Purge: 0.0 ms]
   [Clear CT: 0.1 ms]
   [Other: 1.2 ms]
      [Choose CSet: 0.0 ms]
      [Ref Proc: 0.3 ms]
      [Ref Enq: 0.0 ms]
      [Redirty Cards: 0.2 ms]
      [Humongous Register: 0.1 ms]
      [Humongous Reclaim: 0.1 ms]
      [Free CSet: 0.1 ms]
   [Eden: 48.0M(48.0M)->0.0B(46.0M) Survivors: 3072.0K->5120.0K Heap: 261.7M(1024.0M)->215.2M(1024.0M)]
 [Times: user=0.08 sys=0.00, real=0.04 secs] 
2017-09-20T13:52:58.913+0900: 31378.123: [GC pause (G1 Evacuation Pause) (young), 0.0538499 secs]
   [Parallel Time: 52.1 ms, GC Workers: 2]
      [GC Worker Start (ms): Min: 31378123.4, Avg: 31378123.5, Max: 31378123.6, Diff: 0.2]
      [Ext Root Scanning (ms): Min: 1.9, Avg: 1.9, Max: 2.0, Diff: 0.2, Sum: 3.9]
      [Update RS (ms): Min: 2.0, Avg: 2.1, Max: 2.2, Diff: 0.3, Sum: 4.2]
         [Processed Buffers: Min: 15, Avg: 15.5, Max: 16, Diff: 1, Sum: 31]
      [Scan RS (ms): Min: 2.8, Avg: 3.0, Max: 3.1, Diff: 0.2, Sum: 5.9]
      [Code Root Scanning (ms): Min: 0.0, Avg: 0.0, Max: 0.0, Diff: 0.0, Sum: 0.0]
      [Object Copy (ms): Min: 44.9, Avg: 44.9, Max: 44.9, Diff: 0.0, Sum: 89.7]
      [Termination (ms): Min: 0.0, Avg: 0.0, Max: 0.1, Diff: 0.1, Sum: 0.1]
         [Termination Attempts: Min: 1, Avg: 3.5, Max: 6, Diff: 5, Sum: 7]
      [GC Worker Other (ms): Min: 0.0, Avg: 0.0, Max: 0.0, Diff: 0.0, Sum: 0.0]
      [GC Worker Total (ms): Min: 51.8, Avg: 51.9, Max: 52.0, Diff: 0.2, Sum: 103.9]
      [GC Worker End (ms): Min: 31378175.4, Avg: 31378175.4, Max: 31378175.4, Diff: 0.0]
   [Code Root Fixup: 0.1 ms]
   [Code Root Purge: 0.0 ms]
   [Clear CT: 0.3 ms]
   [Other: 1.4 ms]
      [Choose CSet: 0.0 ms]
      [Ref Proc: 0.5 ms]
      [Ref Enq: 0.0 ms]
      [Redirty Cards: 0.3 ms]
      [Humongous Register: 0.1 ms]
      [Humongous Reclaim: 0.0 ms]
      [Free CSet: 0.1 ms]
   [Eden: 46.0M(46.0M)->0.0B(45.0M) Survivors: 5120.0K->6144.0K Heap: 261.2M(1024.0M)->217.1M(1024.0M)]
 [Times: user=0.08 sys=0.00, real=0.05 secs] 
2017-09-20T13:54:41.426+0900: 31480.637: [GC pause (G1 Evacuation Pause) (young), 0.0394040 secs]
   [Parallel Time: 38.1 ms, GC Workers: 2]
      [GC Worker Start (ms): Min: 31480636.9, Avg: 31480637.0, Max: 31480637.1, Diff: 0.2]
      [Ext Root Scanning (ms): Min: 1.7, Avg: 1.8, Max: 1.8, Diff: 0.1, Sum: 3.5]
      [Update RS (ms): Min: 2.8, Avg: 3.0, Max: 3.3, Diff: 0.5, Sum: 6.1]
         [Processed Buffers: Min: 9, Avg: 15.5, Max: 22, Diff: 13, Sum: 31]
      [Scan RS (ms): Min: 2.2, Avg: 2.4, Max: 2.6, Diff: 0.5, Sum: 4.8]
      [Code Root Scanning (ms): Min: 0.0, Avg: 0.0, Max: 0.0, Diff: 0.0, Sum: 0.0]
      [Object Copy (ms): Min: 30.7, Avg: 30.7, Max: 30.7, Diff: 0.0, Sum: 61.4]
      [Termination (ms): Min: 0.0, Avg: 0.0, Max: 0.0, Diff: 0.0, Sum: 0.0]
         [Termination Attempts: Min: 1, Avg: 1.0, Max: 1, Diff: 0, Sum: 2]
      [GC Worker Other (ms): Min: 0.0, Avg: 0.0, Max: 0.0, Diff: 0.0, Sum: 0.0]
      [GC Worker Total (ms): Min: 37.8, Avg: 37.9, Max: 38.0, Diff: 0.2, Sum: 75.8]
      [GC Worker End (ms): Min: 31480674.9, Avg: 31480674.9, Max: 31480674.9, Diff: 0.0]
   [Code Root Fixup: 0.1 ms]
   [Code Root Purge: 0.0 ms]
   [Clear CT: 0.2 ms]
   [Other: 1.1 ms]
      [Choose CSet: 0.0 ms]
      [Ref Proc: 0.3 ms]
      [Ref Enq: 0.0 ms]
      [Redirty Cards: 0.4 ms]
      [Humongous Register: 0.1 ms]
      [Humongous Reclaim: 0.0 ms]
      [Free CSet: 0.0 ms]
   [Eden: 45.0M(45.0M)->0.0B(46.0M) Survivors: 6144.0K->5120.0K Heap: 262.1M(1024.0M)->219.2M(1024.0M)]
 [Times: user=0.07 sys=0.00, real=0.04 secs] 
2017-09-20T13:56:27.266+0900: 31586.477: [GC pause (G1 Evacuation Pause) (young), 0.0414940 secs]
   [Parallel Time: 40.3 ms, GC Workers: 2]
      [GC Worker Start (ms): Min: 31586477.1, Avg: 31586477.2, Max: 31586477.3, Diff: 0.1]
      [Ext Root Scanning (ms): Min: 1.7, Avg: 1.8, Max: 1.9, Diff: 0.1, Sum: 3.6]
      [Update RS (ms): Min: 3.5, Avg: 4.4, Max: 5.4, Diff: 1.8, Sum: 8.9]
         [Processed Buffers: Min: 15, Avg: 15.5, Max: 16, Diff: 1, Sum: 31]
      [Scan RS (ms): Min: 2.5, Avg: 3.3, Max: 4.1, Diff: 1.6, Sum: 6.7]
      [Code Root Scanning (ms): Min: 0.0, Avg: 0.0, Max: 0.0, Diff: 0.0, Sum: 0.0]
      [Object Copy (ms): Min: 30.4, Avg: 30.5, Max: 30.7, Diff: 0.3, Sum: 61.0]
      [Termination (ms): Min: 0.0, Avg: 0.0, Max: 0.0, Diff: 0.0, Sum: 0.0]
         [Termination Attempts: Min: 2, Avg: 2.0, Max: 2, Diff: 0, Sum: 4]
      [GC Worker Other (ms): Min: 0.0, Avg: 0.0, Max: 0.0, Diff: 0.0, Sum: 0.0]
      [GC Worker Total (ms): Min: 40.1, Avg: 40.1, Max: 40.2, Diff: 0.1, Sum: 80.3]
      [GC Worker End (ms): Min: 31586517.4, Avg: 31586517.4, Max: 31586517.4, Diff: 0.0]
   [Code Root Fixup: 0.1 ms]
   [Code Root Purge: 0.0 ms]
   [Clear CT: 0.1 ms]
   [Other: 1.0 ms]
      [Choose CSet: 0.0 ms]
      [Ref Proc: 0.3 ms]
      [Ref Enq: 0.0 ms]
      [Redirty Cards: 0.2 ms]
      [Humongous Register: 0.1 ms]
      [Humongous Reclaim: 0.0 ms]
      [Free CSet: 0.1 ms]
   [Eden: 46.0M(46.0M)->0.0B(45.0M) Survivors: 5120.0K->6144.0K Heap: 265.2M(1024.0M)->220.7M(1024.0M)]
 [Times: user=0.08 sys=0.00, real=0.04 secs] 
2017-09-20T13:58:08.954+0900: 31688.165: [GC pause (G1 Evacuation Pause) (young), 0.0300273 secs]
   [Parallel Time: 27.0 ms, GC Workers: 2]
      [GC Worker Start (ms): Min: 31688165.1, Avg: 31688165.2, Max: 31688165.2, Diff: 0.1]
      [Ext Root Scanning (ms): Min: 2.0, Avg: 2.0, Max: 2.0, Diff: 0.1, Sum: 4.0]
      [Update RS (ms): Min: 1.9, Avg: 1.9, Max: 1.9, Diff: 0.1, Sum: 3.8]
         [Processed Buffers: Min: 15, Avg: 16.0, Max: 17, Diff: 2, Sum: 32]
      [Scan RS (ms): Min: 3.6, Avg: 3.7, Max: 3.8, Diff: 0.2, Sum: 7.4]
      [Code Root Scanning (ms): Min: 0.0, Avg: 0.0, Max: 0.0, Diff: 0.0, Sum: 0.0]
      [Object Copy (ms): Min: 18.7, Avg: 18.7, Max: 18.7, Diff: 0.1, Sum: 37.4]
      [Termination (ms): Min: 0.0, Avg: 0.1, Max: 0.1, Diff: 0.1, Sum: 0.1]
         [Termination Attempts: Min: 1, Avg: 2.0, Max: 3, Diff: 2, Sum: 4]
      [GC Worker Other (ms): Min: 0.0, Avg: 0.1, Max: 0.1, Diff: 0.1, Sum: 0.1]
      [GC Worker Total (ms): Min: 26.4, Avg: 26.5, Max: 26.5, Diff: 0.0, Sum: 52.9]
      [GC Worker End (ms): Min: 31688191.6, Avg: 31688191.6, Max: 31688191.7, Diff: 0.1]
   [Code Root Fixup: 0.2 ms]
   [Code Root Purge: 0.0 ms]
   [Clear CT: 0.3 ms]
   [Other: 2.6 ms]
      [Choose CSet: 0.0 ms]
      [Ref Proc: 1.2 ms]
      [Ref Enq: 0.0 ms]
      [Redirty Cards: 0.6 ms]
      [Humongous Register: 0.1 ms]
      [Humongous Reclaim: 0.0 ms]
      [Free CSet: 0.1 ms]
   [Eden: 45.0M(45.0M)->0.0B(48.0M) Survivors: 6144.0K->3072.0K Heap: 265.7M(1024.0M)->218.6M(1024.0M)]
 [Times: user=0.05 sys=0.00, real=0.03 secs] 
2017-09-20T13:59:58.209+0900: 31797.420: [GC pause (G1 Evacuation Pause) (young), 0.0129269 secs]
   [Parallel Time: 11.8 ms, GC Workers: 2]
      [GC Worker Start (ms): Min: 31797419.9, Avg: 31797419.9, Max: 31797419.9, Diff: 0.1]
      [Ext Root Scanning (ms): Min: 0.8, Avg: 0.9, Max: 0.9, Diff: 0.1, Sum: 1.8]
      [Update RS (ms): Min: 1.3, Avg: 1.3, Max: 1.3, Diff: 0.0, Sum: 2.7]
         [Processed Buffers: Min: 11, Avg: 15.5, Max: 20, Diff: 9, Sum: 31]
      [Scan RS (ms): Min: 0.8, Avg: 0.8, Max: 0.9, Diff: 0.1, Sum: 1.7]
      [Code Root Scanning (ms): Min: 0.0, Avg: 0.0, Max: 0.0, Diff: 0.0, Sum: 0.0]
      [Object Copy (ms): Min: 8.5, Avg: 8.5, Max: 8.6, Diff: 0.1, Sum: 17.0]
      [Termination (ms): Min: 0.0, Avg: 0.0, Max: 0.0, Diff: 0.0, Sum: 0.0]
         [Termination Attempts: Min: 1, Avg: 1.0, Max: 1, Diff: 0, Sum: 2]
      [GC Worker Other (ms): Min: 0.0, Avg: 0.0, Max: 0.0, Diff: 0.0, Sum: 0.0]
      [GC Worker Total (ms): Min: 11.6, Avg: 11.6, Max: 11.6, Diff: 0.1, Sum: 23.2]
      [GC Worker End (ms): Min: 31797431.5, Avg: 31797431.5, Max: 31797431.5, Diff: 0.0]
   [Code Root Fixup: 0.1 ms]
   [Code Root Purge: 0.0 ms]
   [Clear CT: 0.2 ms]
   [Other: 0.9 ms]
      [Choose CSet: 0.0 ms]
      [Ref Proc: 0.4 ms]
      [Ref Enq: 0.0 ms]
      [Redirty Cards: 0.2 ms]
      [Humongous Register: 0.0 ms]
      [Humongous Reclaim: 0.0 ms]
      [Free CSet: 0.0 ms]
   [Eden: 48.0M(48.0M)->0.0B(46.0M) Survivors: 3072.0K->5120.0K Heap: 266.6M(1024.0M)->220.1M(1024.0M)]
 [Times: user=0.02 sys=0.00, real=0.02 secs] 
2017-09-20T14:01:43.374+0900: 31902.584: [GC pause (G1 Evacuation Pause) (young), 0.0402657 secs]
   [Parallel Time: 39.3 ms, GC Workers: 2]
      [GC Worker Start (ms): Min: 31902584.6, Avg: 31902584.6, Max: 31902584.6, Diff: 0.1]
      [Ext Root Scanning (ms): Min: 2.0, Avg: 2.0, Max: 2.0, Diff: 0.1, Sum: 4.0]
      [Update RS (ms): Min: 3.1, Avg: 3.3, Max: 3.5, Diff: 0.3, Sum: 6.6]
         [Processed Buffers: Min: 11, Avg: 17.5, Max: 24, Diff: 13, Sum: 35]
      [Scan RS (ms): Min: 2.0, Avg: 2.1, Max: 2.2, Diff: 0.2, Sum: 4.3]
      [Code Root Scanning (ms): Min: 0.0, Avg: 0.0, Max: 0.0, Diff: 0.0, Sum: 0.0]
      [Object Copy (ms): Min: 31.0, Avg: 31.2, Max: 31.4, Diff: 0.4, Sum: 62.4]
      [Termination (ms): Min: 0.0, Avg: 0.1, Max: 0.1, Diff: 0.1, Sum: 0.1]
         [Termination Attempts: Min: 3, Avg: 3.5, Max: 4, Diff: 1, Sum: 7]
      [GC Worker Other (ms): Min: 0.0, Avg: 0.2, Max: 0.4, Diff: 0.4, Sum: 0.4]
      [GC Worker Total (ms): Min: 38.9, Avg: 38.9, Max: 38.9, Diff: 0.1, Sum: 77.8]
      [GC Worker End (ms): Min: 31902623.5, Avg: 31902623.5, Max: 31902623.5, Diff: 0.0]
   [Code Root Fixup: 0.1 ms]
   [Code Root Purge: 0.0 ms]
   [Clear CT: 0.1 ms]
   [Other: 0.9 ms]
      [Choose CSet: 0.0 ms]
      [Ref Proc: 0.2 ms]
      [Ref Enq: 0.0 ms]
      [Redirty Cards: 0.1 ms]
      [Humongous Register: 0.1 ms]
      [Humongous Reclaim: 0.0 ms]
      [Free CSet: 0.0 ms]
   [Eden: 46.0M(46.0M)->0.0B(44.0M) Survivors: 5120.0K->7168.0K Heap: 266.1M(1024.0M)->222.6M(1024.0M)]
 [Times: user=0.08 sys=0.00, real=0.04 secs] 
2017-09-20T14:03:24.588+0900: 32003.799: [GC pause (G1 Evacuation Pause) (young), 0.0479084 secs]
   [Parallel Time: 46.8 ms, GC Workers: 2]
      [GC Worker Start (ms): Min: 32003799.1, Avg: 32003799.4, Max: 32003799.7, Diff: 0.6]
      [Ext Root Scanning (ms): Min: 1.9, Avg: 2.2, Max: 2.5, Diff: 0.6, Sum: 4.3]
      [Update RS (ms): Min: 4.0, Avg: 4.1, Max: 4.2, Diff: 0.2, Sum: 8.2]
         [Processed Buffers: Min: 8, Avg: 15.5, Max: 23, Diff: 15, Sum: 31]
      [Scan RS (ms): Min: 2.4, Avg: 2.5, Max: 2.6, Diff: 0.2, Sum: 5.0]
      [Code Root Scanning (ms): Min: 0.0, Avg: 0.0, Max: 0.0, Diff: 0.0, Sum: 0.0]
      [Object Copy (ms): Min: 37.5, Avg: 37.5, Max: 37.5, Diff: 0.1, Sum: 75.0]
      [Termination (ms): Min: 0.0, Avg: 0.0, Max: 0.0, Diff: 0.0, Sum: 0.1]
         [Termination Attempts: Min: 2, Avg: 4.0, Max: 6, Diff: 4, Sum: 8]
      [GC Worker Other (ms): Min: 0.0, Avg: 0.0, Max: 0.0, Diff: 0.0, Sum: 0.0]
      [GC Worker Total (ms): Min: 46.1, Avg: 46.4, Max: 46.7, Diff: 0.6, Sum: 92.7]
      [GC Worker End (ms): Min: 32003845.7, Avg: 32003845.7, Max: 32003845.7, Diff: 0.0]
   [Code Root Fixup: 0.1 ms]
   [Code Root Purge: 0.0 ms]
   [Clear CT: 0.1 ms]
   [Other: 0.9 ms]
      [Choose CSet: 0.0 ms]
      [Ref Proc: 0.2 ms]
      [Ref Enq: 0.0 ms]
      [Redirty Cards: 0.3 ms]
      [Humongous Register: 0.1 ms]
      [Humongous Reclaim: 0.0 ms]
      [Free CSet: 0.0 ms]
   [Eden: 44.0M(44.0M)->0.0B(47.0M) Survivors: 7168.0K->4096.0K Heap: 266.6M(1024.0M)->223.9M(1024.0M)]
 [Times: user=0.10 sys=0.00, real=0.05 secs] 
2017-09-20T14:05:11.849+0900: 32111.060: [GC pause (G1 Evacuation Pause) (young), 0.0343985 secs]
   [Parallel Time: 33.3 ms, GC Workers: 2]
      [GC Worker Start (ms): Min: 32111060.0, Avg: 32111060.2, Max: 32111060.3, Diff: 0.2]
      [Ext Root Scanning (ms): Min: 1.7, Avg: 1.8, Max: 1.9, Diff: 0.2, Sum: 3.7]
      [Update RS (ms): Min: 2.9, Avg: 3.0, Max: 3.2, Diff: 0.4, Sum: 6.1]
         [Processed Buffers: Min: 13, Avg: 15.0, Max: 17, Diff: 4, Sum: 30]
      [Scan RS (ms): Min: 2.9, Avg: 3.1, Max: 3.3, Diff: 0.4, Sum: 6.2]
      [Code Root Scanning (ms): Min: 0.0, Avg: 0.0, Max: 0.0, Diff: 0.0, Sum: 0.0]
      [Object Copy (ms): Min: 24.9, Avg: 24.9, Max: 25.0, Diff: 0.1, Sum: 49.9]
      [Termination (ms): Min: 0.0, Avg: 0.0, Max: 0.1, Diff: 0.1, Sum: 0.1]
         [Termination Attempts: Min: 1, Avg: 1.0, Max: 1, Diff: 0, Sum: 2]
      [GC Worker Other (ms): Min: 0.0, Avg: 0.0, Max: 0.0, Diff: 0.0, Sum: 0.0]
      [GC Worker Total (ms): Min: 32.8, Avg: 33.0, Max: 33.1, Diff: 0.2, Sum: 65.9]
      [GC Worker End (ms): Min: 32111093.1, Avg: 32111093.1, Max: 32111093.1, Diff: 0.0]
   [Code Root Fixup: 0.1 ms]
   [Code Root Purge: 0.0 ms]
   [Clear CT: 0.1 ms]
   [Other: 0.9 ms]
      [Choose CSet: 0.0 ms]
      [Ref Proc: 0.3 ms]
      [Ref Enq: 0.0 ms]
      [Redirty Cards: 0.3 ms]
      [Humongous Register: 0.1 ms]
      [Humongous Reclaim: 0.0 ms]
      [Free CSet: 0.1 ms]
   [Eden: 47.0M(47.0M)->0.0B(44.0M) Survivors: 4096.0K->7168.0K Heap: 270.9M(1024.0M)->226.4M(1024.0M)]
 [Times: user=0.07 sys=0.00, real=0.04 secs] 
2017-09-20T14:06:52.056+0900: 32211.266: [GC pause (G1 Evacuation Pause) (young), 0.0168914 secs]
   [Parallel Time: 15.4 ms, GC Workers: 2]
      [GC Worker Start (ms): Min: 32211266.4, Avg: 32211266.4, Max: 32211266.4, Diff: 0.1]
      [Ext Root Scanning (ms): Min: 1.2, Avg: 1.3, Max: 1.4, Diff: 0.1, Sum: 2.6]
      [Update RS (ms): Min: 1.5, Avg: 1.9, Max: 2.3, Diff: 0.7, Sum: 3.8]
         [Processed Buffers: Min: 7, Avg: 15.0, Max: 23, Diff: 16, Sum: 30]
      [Scan RS (ms): Min: 1.2, Avg: 1.6, Max: 1.9, Diff: 0.7, Sum: 3.1]
      [Code Root Scanning (ms): Min: 0.0, Avg: 0.0, Max: 0.0, Diff: 0.0, Sum: 0.0]
      [Object Copy (ms): Min: 10.5, Avg: 10.5, Max: 10.6, Diff: 0.1, Sum: 21.1]
      [Termination (ms): Min: 0.0, Avg: 0.0, Max: 0.0, Diff: 0.0, Sum: 0.0]
         [Termination Attempts: Min: 1, Avg: 1.0, Max: 1, Diff: 0, Sum: 2]
      [GC Worker Other (ms): Min: 0.0, Avg: 0.0, Max: 0.0, Diff: 0.0, Sum: 0.0]
      [GC Worker Total (ms): Min: 15.3, Avg: 15.3, Max: 15.3, Diff: 0.1, Sum: 30.6]
      [GC Worker End (ms): Min: 32211281.7, Avg: 32211281.7, Max: 32211281.7, Diff: 0.0]
   [Code Root Fixup: 0.2 ms]
   [Code Root Purge: 0.0 ms]
   [Clear CT: 0.1 ms]
   [Other: 1.1 ms]
      [Choose CSet: 0.0 ms]
      [Ref Proc: 0.4 ms]
      [Ref Enq: 0.0 ms]
      [Redirty Cards: 0.4 ms]
      [Humongous Register: 0.0 ms]
      [Humongous Reclaim: 0.0 ms]
      [Free CSet: 0.1 ms]
   [Eden: 44.0M(44.0M)->0.0B(47.0M) Survivors: 7168.0K->4096.0K Heap: 270.4M(1024.0M)->224.2M(1024.0M)]
 [Times: user=0.03 sys=0.00, real=0.02 secs] 
2017-09-20T14:08:39.302+0900: 32318.513: [GC pause (G1 Evacuation Pause) (young), 0.0194846 secs]
   [Parallel Time: 17.9 ms, GC Workers: 2]
      [GC Worker Start (ms): Min: 32318512.8, Avg: 32318512.8, Max: 32318512.9, Diff: 0.1]
      [Ext Root Scanning (ms): Min: 1.1, Avg: 1.2, Max: 1.2, Diff: 0.1, Sum: 2.4]
      [Update RS (ms): Min: 1.8, Avg: 1.8, Max: 1.8, Diff: 0.1, Sum: 3.6]
         [Processed Buffers: Min: 12, Avg: 16.0, Max: 20, Diff: 8, Sum: 32]
      [Scan RS (ms): Min: 1.4, Avg: 1.5, Max: 1.7, Diff: 0.2, Sum: 3.1]
      [Code Root Scanning (ms): Min: 0.0, Avg: 0.0, Max: 0.0, Diff: 0.0, Sum: 0.0]
      [Object Copy (ms): Min: 13.2, Avg: 13.3, Max: 13.4, Diff: 0.2, Sum: 26.5]
      [Termination (ms): Min: 0.0, Avg: 0.0, Max: 0.0, Diff: 0.0, Sum: 0.0]
         [Termination Attempts: Min: 1, Avg: 1.0, Max: 1, Diff: 0, Sum: 2]
      [GC Worker Other (ms): Min: 0.0, Avg: 0.0, Max: 0.0, Diff: 0.0, Sum: 0.0]
      [GC Worker Total (ms): Min: 17.7, Avg: 17.8, Max: 17.8, Diff: 0.1, Sum: 35.5]
      [GC Worker End (ms): Min: 32318530.6, Avg: 32318530.6, Max: 32318530.6, Diff: 0.0]
   [Code Root Fixup: 0.1 ms]
   [Code Root Purge: 0.0 ms]
   [Clear CT: 0.2 ms]
   [Other: 1.3 ms]
      [Choose CSet: 0.0 ms]
      [Ref Proc: 0.5 ms]
      [Ref Enq: 0.0 ms]
      [Redirty Cards: 0.4 ms]
      [Humongous Register: 0.0 ms]
      [Humongous Reclaim: 0.0 ms]
      [Free CSet: 0.1 ms]
   [Eden: 47.0M(47.0M)->0.0B(46.0M) Survivors: 4096.0K->5120.0K Heap: 271.2M(1024.0M)->225.7M(1024.0M)]
 [Times: user=0.04 sys=0.00, real=0.02 secs] 
2017-09-20T14:10:21.030+0900: 32420.241: [GC pause (G1 Evacuation Pause) (young), 0.0224856 secs]
   [Parallel Time: 21.3 ms, GC Workers: 2]
      [GC Worker Start (ms): Min: 32420240.7, Avg: 32420240.7, Max: 32420240.7, Diff: 0.0]
      [Ext Root Scanning (ms): Min: 0.9, Avg: 0.9, Max: 1.0, Diff: 0.1, Sum: 1.9]
      [Update RS (ms): Min: 1.8, Avg: 2.0, Max: 2.2, Diff: 0.3, Sum: 4.0]
         [Processed Buffers: Min: 14, Avg: 17.0, Max: 20, Diff: 6, Sum: 34]
      [Scan RS (ms): Min: 0.7, Avg: 0.8, Max: 1.0, Diff: 0.3, Sum: 1.6]
      [Code Root Scanning (ms): Min: 0.0, Avg: 0.0, Max: 0.0, Diff: 0.0, Sum: 0.0]
      [Object Copy (ms): Min: 17.1, Avg: 17.2, Max: 17.3, Diff: 0.2, Sum: 34.3]
      [Termination (ms): Min: 0.0, Avg: 0.1, Max: 0.2, Diff: 0.2, Sum: 0.2]
         [Termination Attempts: Min: 1, Avg: 1.5, Max: 2, Diff: 1, Sum: 3]
      [GC Worker Other (ms): Min: 0.0, Avg: 0.0, Max: 0.0, Diff: 0.0, Sum: 0.0]
      [GC Worker Total (ms): Min: 21.0, Avg: 21.0, Max: 21.1, Diff: 0.1, Sum: 42.1]
      [GC Worker End (ms): Min: 32420261.7, Avg: 32420261.7, Max: 32420261.8, Diff: 0.1]
   [Code Root Fixup: 0.1 ms]
   [Code Root Purge: 0.0 ms]
   [Clear CT: 0.2 ms]
   [Other: 0.9 ms]
      [Choose CSet: 0.0 ms]
      [Ref Proc: 0.3 ms]
      [Ref Enq: 0.0 ms]
      [Redirty Cards: 0.3 ms]
      [Humongous Register: 0.0 ms]
      [Humongous Reclaim: 0.0 ms]
      [Free CSet: 0.0 ms]
   [Eden: 46.0M(46.0M)->0.0B(44.0M) Survivors: 5120.0K->7168.0K Heap: 271.7M(1024.0M)->228.5M(1024.0M)]
 [Times: user=0.04 sys=0.00, real=0.02 secs] 
2017-09-20T14:12:01.279+0900: 32520.489: [GC pause (G1 Evacuation Pause) (young), 0.0283275 secs]
   [Parallel Time: 27.0 ms, GC Workers: 2]
      [GC Worker Start (ms): Min: 32520489.6, Avg: 32520489.6, Max: 32520489.7, Diff: 0.1]
      [Ext Root Scanning (ms): Min: 1.8, Avg: 1.9, Max: 1.9, Diff: 0.1, Sum: 3.8]
      [Update RS (ms): Min: 2.9, Avg: 3.1, Max: 3.4, Diff: 0.5, Sum: 6.2]
         [Processed Buffers: Min: 8, Avg: 16.5, Max: 25, Diff: 17, Sum: 33]
      [Scan RS (ms): Min: 2.8, Avg: 3.0, Max: 3.3, Diff: 0.5, Sum: 6.1]
      [Code Root Scanning (ms): Min: 0.0, Avg: 0.0, Max: 0.0, Diff: 0.0, Sum: 0.0]
      [Object Copy (ms): Min: 18.7, Avg: 18.8, Max: 18.8, Diff: 0.1, Sum: 37.6]
      [Termination (ms): Min: 0.0, Avg: 0.1, Max: 0.1, Diff: 0.1, Sum: 0.1]
         [Termination Attempts: Min: 2, Avg: 4.0, Max: 6, Diff: 4, Sum: 8]
      [GC Worker Other (ms): Min: 0.0, Avg: 0.0, Max: 0.0, Diff: 0.0, Sum: 0.0]
      [GC Worker Total (ms): Min: 26.9, Avg: 26.9, Max: 26.9, Diff: 0.1, Sum: 53.8]
      [GC Worker End (ms): Min: 32520516.6, Avg: 32520516.6, Max: 32520516.6, Diff: 0.0]
   [Code Root Fixup: 0.1 ms]
   [Code Root Purge: 0.0 ms]
   [Clear CT: 0.1 ms]
   [Other: 1.1 ms]
      [Choose CSet: 0.0 ms]
      [Ref Proc: 0.3 ms]
      [Ref Enq: 0.0 ms]
      [Redirty Cards: 0.3 ms]
      [Humongous Register: 0.1 ms]
      [Humongous Reclaim: 0.0 ms]
      [Free CSet: 0.0 ms]
   [Eden: 44.0M(44.0M)->0.0B(46.0M) Survivors: 7168.0K->5120.0K Heap: 272.5M(1024.0M)->230.9M(1024.0M)]
 [Times: user=0.06 sys=0.00, real=0.02 secs] 
2017-09-20T14:13:45.984+0900: 32625.195: [GC pause (G1 Evacuation Pause) (young), 0.0421534 secs]
   [Parallel Time: 41.0 ms, GC Workers: 2]
      [GC Worker Start (ms): Min: 32625194.8, Avg: 32625194.9, Max: 32625195.0, Diff: 0.2]
      [Ext Root Scanning (ms): Min: 1.8, Avg: 1.9, Max: 2.1, Diff: 0.3, Sum: 3.9]
      [Update RS (ms): Min: 2.0, Avg: 2.0, Max: 2.1, Diff: 0.1, Sum: 4.1]
         [Processed Buffers: Min: 13, Avg: 16.0, Max: 19, Diff: 6, Sum: 32]
      [Scan RS (ms): Min: 2.9, Avg: 2.9, Max: 2.9, Diff: 0.0, Sum: 5.8]
      [Code Root Scanning (ms): Min: 0.0, Avg: 0.0, Max: 0.0, Diff: 0.0, Sum: 0.0]
      [Object Copy (ms): Min: 33.8, Avg: 33.9, Max: 34.0, Diff: 0.2, Sum: 67.8]
      [Termination (ms): Min: 0.0, Avg: 0.0, Max: 0.0, Diff: 0.0, Sum: 0.0]
         [Termination Attempts: Min: 1, Avg: 1.0, Max: 1, Diff: 0, Sum: 2]
      [GC Worker Other (ms): Min: 0.0, Avg: 0.0, Max: 0.0, Diff: 0.0, Sum: 0.0]
      [GC Worker Total (ms): Min: 40.7, Avg: 40.8, Max: 40.9, Diff: 0.2, Sum: 81.6]
      [GC Worker End (ms): Min: 32625235.7, Avg: 32625235.7, Max: 32625235.7, Diff: 0.0]
   [Code Root Fixup: 0.2 ms]
   [Code Root Purge: 0.0 ms]
   [Clear CT: 0.1 ms]
   [Other: 0.9 ms]
      [Choose CSet: 0.0 ms]
      [Ref Proc: 0.4 ms]
      [Ref Enq: 0.0 ms]
      [Redirty Cards: 0.2 ms]
      [Humongous Register: 0.1 ms]
      [Humongous Reclaim: 0.0 ms]
      [Free CSet: 0.0 ms]
   [Eden: 46.0M(46.0M)->0.0B(46.0M) Survivors: 5120.0K->5120.0K Heap: 276.9M(1024.0M)->233.5M(1024.0M)]
 [Times: user=0.08 sys=0.00, real=0.04 secs] 
2017-09-20T14:15:31.264+0900: 32730.474: [GC pause (G1 Evacuation Pause) (young), 0.0273820 secs]
   [Parallel Time: 25.8 ms, GC Workers: 2]
      [GC Worker Start (ms): Min: 32730474.8, Avg: 32730477.3, Max: 32730479.9, Diff: 5.1]
      [Ext Root Scanning (ms): Min: 0.0, Avg: 1.6, Max: 3.2, Diff: 3.2, Sum: 3.2]
      [Update RS (ms): Min: 1.8, Avg: 4.4, Max: 7.1, Diff: 5.2, Sum: 8.9]
         [Processed Buffers: Min: 0, Avg: 15.0, Max: 30, Diff: 30, Sum: 30]
      [Scan RS (ms): Min: 0.0, Avg: 1.2, Max: 2.4, Diff: 2.4, Sum: 2.4]
      [Code Root Scanning (ms): Min: 0.0, Avg: 0.0, Max: 0.0, Diff: 0.0, Sum: 0.0]
      [Object Copy (ms): Min: 15.2, Avg: 15.6, Max: 16.0, Diff: 0.9, Sum: 31.2]
      [Termination (ms): Min: 0.0, Avg: 0.0, Max: 0.0, Diff: 0.0, Sum: 0.0]
         [Termination Attempts: Min: 1, Avg: 1.0, Max: 1, Diff: 0, Sum: 2]
      [GC Worker Other (ms): Min: 0.0, Avg: 0.0, Max: 0.1, Diff: 0.0, Sum: 0.1]
      [GC Worker Total (ms): Min: 20.4, Avg: 22.9, Max: 25.5, Diff: 5.1, Sum: 45.8]
      [GC Worker End (ms): Min: 32730500.2, Avg: 32730500.2, Max: 32730500.2, Diff: 0.0]
   [Code Root Fixup: 0.2 ms]
   [Code Root Purge: 0.0 ms]
   [Clear CT: 0.2 ms]
   [Other: 1.2 ms]
      [Choose CSet: 0.0 ms]
      [Ref Proc: 0.4 ms]
      [Ref Enq: 0.0 ms]
      [Redirty Cards: 0.2 ms]
      [Humongous Register: 0.1 ms]
      [Humongous Reclaim: 0.0 ms]
      [Free CSet: 0.1 ms]
   [Eden: 46.0M(46.0M)->0.0B(47.0M) Survivors: 5120.0K->4096.0K Heap: 279.5M(1024.0M)->232.5M(1024.0M)]
 [Times: user=0.04 sys=0.00, real=0.03 secs] 
2017-09-20T14:17:17.568+0900: 32836.778: [GC pause (G1 Evacuation Pause) (young), 0.0362032 secs]
   [Parallel Time: 34.2 ms, GC Workers: 2]
      [GC Worker Start (ms): Min: 32836778.6, Avg: 32836778.7, Max: 32836778.8, Diff: 0.1]
      [Ext Root Scanning (ms): Min: 1.6, Avg: 1.8, Max: 1.9, Diff: 0.3, Sum: 3.5]
      [Update RS (ms): Min: 1.0, Avg: 1.1, Max: 1.3, Diff: 0.3, Sum: 2.3]
         [Processed Buffers: Min: 12, Avg: 15.5, Max: 19, Diff: 7, Sum: 31]
      [Scan RS (ms): Min: 1.3, Avg: 1.5, Max: 1.7, Diff: 0.4, Sum: 3.0]
      [Code Root Scanning (ms): Min: 0.0, Avg: 0.0, Max: 0.0, Diff: 0.0, Sum: 0.0]
      [Object Copy (ms): Min: 29.4, Avg: 29.5, Max: 29.6, Diff: 0.3, Sum: 59.0]
      [Termination (ms): Min: 0.0, Avg: 0.0, Max: 0.0, Diff: 0.0, Sum: 0.0]
         [Termination Attempts: Min: 1, Avg: 1.0, Max: 1, Diff: 0, Sum: 2]
      [GC Worker Other (ms): Min: 0.0, Avg: 0.0, Max: 0.0, Diff: 0.0, Sum: 0.1]
      [GC Worker Total (ms): Min: 33.9, Avg: 33.9, Max: 34.0, Diff: 0.1, Sum: 67.9]
      [GC Worker End (ms): Min: 32836812.7, Avg: 32836812.7, Max: 32836812.7, Diff: 0.0]
   [Code Root Fixup: 0.2 ms]
   [Code Root Purge: 0.0 ms]
   [Clear CT: 0.3 ms]
   [Other: 1.6 ms]
      [Choose CSet: 0.0 ms]
      [Ref Proc: 0.7 ms]
      [Ref Enq: 0.0 ms]
      [Redirty Cards: 0.4 ms]
      [Humongous Register: 0.1 ms]
      [Humongous Reclaim: 0.0 ms]
      [Free CSet: 0.1 ms]
   [Eden: 47.0M(47.0M)->0.0B(46.0M) Survivors: 4096.0K->5120.0K Heap: 279.5M(1024.0M)->234.0M(1024.0M)]
 [Times: user=0.06 sys=0.00, real=0.04 secs] 
2017-09-20T14:19:02.334+0900: 32941.544: [GC pause (G1 Evacuation Pause) (young), 0.0076937 secs]
   [Parallel Time: 7.1 ms, GC Workers: 2]
      [GC Worker Start (ms): Min: 32941544.5, Avg: 32941544.5, Max: 32941544.5, Diff: 0.0]
      [Ext Root Scanning (ms): Min: 0.5, Avg: 0.5, Max: 0.5, Diff: 0.0, Sum: 1.0]
      [Update RS (ms): Min: 0.3, Avg: 0.3, Max: 0.3, Diff: 0.0, Sum: 0.7]
         [Processed Buffers: Min: 1, Avg: 16.0, Max: 31, Diff: 30, Sum: 32]
      [Scan RS (ms): Min: 0.3, Avg: 0.3, Max: 0.3, Diff: 0.0, Sum: 0.5]
      [Code Root Scanning (ms): Min: 0.0, Avg: 0.0, Max: 0.0, Diff: 0.0, Sum: 0.0]
      [Object Copy (ms): Min: 5.9, Avg: 5.9, Max: 5.9, Diff: 0.0, Sum: 11.8]
      [Termination (ms): Min: 0.0, Avg: 0.0, Max: 0.0, Diff: 0.0, Sum: 0.0]
         [Termination Attempts: Min: 1, Avg: 1.0, Max: 1, Diff: 0, Sum: 2]
      [GC Worker Other (ms): Min: 0.0, Avg: 0.0, Max: 0.0, Diff: 0.0, Sum: 0.0]
      [GC Worker Total (ms): Min: 7.0, Avg: 7.0, Max: 7.0, Diff: 0.0, Sum: 14.1]
      [GC Worker End (ms): Min: 32941551.5, Avg: 32941551.5, Max: 32941551.5, Diff: 0.0]
   [Code Root Fixup: 0.0 ms]
   [Code Root Purge: 0.0 ms]
   [Clear CT: 0.1 ms]
   [Other: 0.5 ms]
      [Choose CSet: 0.0 ms]
      [Ref Proc: 0.2 ms]
      [Ref Enq: 0.0 ms]
      [Redirty Cards: 0.0 ms]
      [Humongous Register: 0.0 ms]
      [Humongous Reclaim: 0.0 ms]
      [Free CSet: 0.0 ms]
   [Eden: 46.0M(46.0M)->0.0B(46.0M) Survivors: 5120.0K->5120.0K Heap: 280.0M(1024.0M)->236.0M(1024.0M)]
 [Times: user=0.02 sys=0.00, real=0.01 secs] 
2017-09-20T14:20:46.567+0900: 33045.777: [GC pause (G1 Evacuation Pause) (young), 0.0451146 secs]
   [Parallel Time: 42.8 ms, GC Workers: 2]
      [GC Worker Start (ms): Min: 33045777.7, Avg: 33045778.8, Max: 33045779.8, Diff: 2.1]
      [Ext Root Scanning (ms): Min: 0.9, Avg: 1.9, Max: 3.0, Diff: 2.1, Sum: 3.9]
      [Update RS (ms): Min: 2.3, Avg: 2.5, Max: 2.8, Diff: 0.5, Sum: 5.0]
         [Processed Buffers: Min: 12, Avg: 17.5, Max: 23, Diff: 11, Sum: 35]
      [Scan RS (ms): Min: 1.6, Avg: 1.9, Max: 2.2, Diff: 0.7, Sum: 3.8]
      [Code Root Scanning (ms): Min: 0.0, Avg: 0.0, Max: 0.0, Diff: 0.0, Sum: 0.0]
      [Object Copy (ms): Min: 34.7, Avg: 34.9, Max: 35.1, Diff: 0.3, Sum: 69.8]
      [Termination (ms): Min: 0.0, Avg: 0.2, Max: 0.3, Diff: 0.3, Sum: 0.3]
         [Termination Attempts: Min: 3, Avg: 4.0, Max: 5, Diff: 2, Sum: 8]
      [GC Worker Other (ms): Min: 0.0, Avg: 0.0, Max: 0.0, Diff: 0.0, Sum: 0.1]
      [GC Worker Total (ms): Min: 40.3, Avg: 41.4, Max: 42.5, Diff: 2.2, Sum: 82.8]
      [GC Worker End (ms): Min: 33045820.2, Avg: 33045820.2, Max: 33045820.2, Diff: 0.1]
   [Code Root Fixup: 0.2 ms]
   [Code Root Purge: 0.0 ms]
   [Clear CT: 0.3 ms]
   [Other: 1.8 ms]
      [Choose CSet: 0.0 ms]
      [Ref Proc: 0.7 ms]
      [Ref Enq: 0.0 ms]
      [Redirty Cards: 0.6 ms]
      [Humongous Register: 0.1 ms]
      [Humongous Reclaim: 0.0 ms]
      [Free CSet: 0.1 ms]
   [Eden: 46.0M(46.0M)->0.0B(46.0M) Survivors: 5120.0K->5120.0K Heap: 282.0M(1024.0M)->239.0M(1024.0M)]
 [Times: user=0.08 sys=0.00, real=0.05 secs] 
2017-09-20T14:22:31.279+0900: 33150.489: [GC pause (G1 Evacuation Pause) (young), 0.0049586 secs]
   [Parallel Time: 4.1 ms, GC Workers: 2]
      [GC Worker Start (ms): Min: 33150489.4, Avg: 33150489.4, Max: 33150489.5, Diff: 0.1]
      [Ext Root Scanning (ms): Min: 0.6, Avg: 0.6, Max: 0.6, Diff: 0.1, Sum: 1.2]
      [Update RS (ms): Min: 0.8, Avg: 0.8, Max: 0.8, Diff: 0.0, Sum: 1.5]
         [Processed Buffers: Min: 8, Avg: 16.0, Max: 24, Diff: 16, Sum: 32]
      [Scan RS (ms): Min: 0.4, Avg: 0.5, Max: 0.5, Diff: 0.0, Sum: 0.9]
      [Code Root Scanning (ms): Min: 0.0, Avg: 0.0, Max: 0.0, Diff: 0.0, Sum: 0.0]
      [Object Copy (ms): Min: 2.2, Avg: 2.2, Max: 2.2, Diff: 0.0, Sum: 4.3]
      [Termination (ms): Min: 0.0, Avg: 0.0, Max: 0.0, Diff: 0.0, Sum: 0.0]
         [Termination Attempts: Min: 1, Avg: 1.0, Max: 1, Diff: 0, Sum: 2]
      [GC Worker Other (ms): Min: 0.0, Avg: 0.0, Max: 0.0, Diff: 0.0, Sum: 0.0]
      [GC Worker Total (ms): Min: 4.0, Avg: 4.0, Max: 4.0, Diff: 0.1, Sum: 8.0]
      [GC Worker End (ms): Min: 33150493.4, Avg: 33150493.4, Max: 33150493.4, Diff: 0.0]
   [Code Root Fixup: 0.1 ms]
   [Code Root Purge: 0.0 ms]
   [Clear CT: 0.1 ms]
   [Other: 0.7 ms]
      [Choose CSet: 0.0 ms]
      [Ref Proc: 0.3 ms]
      [Ref Enq: 0.0 ms]
      [Redirty Cards: 0.1 ms]
      [Humongous Register: 0.0 ms]
      [Humongous Reclaim: 0.0 ms]
      [Free CSet: 0.0 ms]
   [Eden: 46.0M(46.0M)->0.0B(48.0M) Survivors: 5120.0K->3072.0K Heap: 285.0M(1024.0M)->237.0M(1024.0M)]
 [Times: user=0.01 sys=0.00, real=0.00 secs] 
2017-09-20T14:24:21.002+0900: 33260.213: [GC pause (G1 Evacuation Pause) (young), 0.0158672 secs]
   [Parallel Time: 14.8 ms, GC Workers: 2]
      [GC Worker Start (ms): Min: 33260213.0, Avg: 33260213.0, Max: 33260213.1, Diff: 0.0]
      [Ext Root Scanning (ms): Min: 1.1, Avg: 1.1, Max: 1.1, Diff: 0.1, Sum: 2.2]
      [Update RS (ms): Min: 1.0, Avg: 1.1, Max: 1.2, Diff: 0.2, Sum: 2.2]
         [Processed Buffers: Min: 12, Avg: 16.0, Max: 20, Diff: 8, Sum: 32]
      [Scan RS (ms): Min: 1.0, Avg: 1.0, Max: 1.0, Diff: 0.1, Sum: 2.0]
      [Code Root Scanning (ms): Min: 0.0, Avg: 0.0, Max: 0.0, Diff: 0.0, Sum: 0.0]
      [Object Copy (ms): Min: 11.3, Avg: 11.4, Max: 11.5, Diff: 0.2, Sum: 22.9]
      [Termination (ms): Min: 0.0, Avg: 0.0, Max: 0.0, Diff: 0.0, Sum: 0.0]
         [Termination Attempts: Min: 2, Avg: 2.5, Max: 3, Diff: 1, Sum: 5]
      [GC Worker Other (ms): Min: 0.0, Avg: 0.0, Max: 0.0, Diff: 0.0, Sum: 0.0]
      [GC Worker Total (ms): Min: 14.6, Avg: 14.7, Max: 14.7, Diff: 0.0, Sum: 29.3]
      [GC Worker End (ms): Min: 33260227.7, Avg: 33260227.7, Max: 33260227.7, Diff: 0.0]
   [Code Root Fixup: 0.1 ms]
   [Code Root Purge: 0.0 ms]
   [Clear CT: 0.2 ms]
   [Other: 0.8 ms]
      [Choose CSet: 0.0 ms]
      [Ref Proc: 0.4 ms]
      [Ref Enq: 0.0 ms]
      [Redirty Cards: 0.0 ms]
      [Humongous Register: 0.0 ms]
      [Humongous Reclaim: 0.0 ms]
      [Free CSet: 0.0 ms]
   [Eden: 48.0M(48.0M)->0.0B(46.0M) Survivors: 3072.0K->5120.0K Heap: 285.0M(1024.0M)->239.0M(1024.0M)]
 [Times: user=0.03 sys=0.00, real=0.02 secs] 
2017-09-20T14:26:05.676+0900: 33364.887: [GC pause (G1 Evacuation Pause) (young), 0.0345807 secs]
   [Parallel Time: 32.3 ms, GC Workers: 2]
      [GC Worker Start (ms): Min: 33364887.4, Avg: 33364887.4, Max: 33364887.5, Diff: 0.1]
      [Ext Root Scanning (ms): Min: 1.9, Avg: 1.9, Max: 1.9, Diff: 0.1, Sum: 3.8]
      [Update RS (ms): Min: 2.1, Avg: 2.1, Max: 2.1, Diff: 0.1, Sum: 4.2]
         [Processed Buffers: Min: 12, Avg: 17.0, Max: 22, Diff: 10, Sum: 34]
      [Scan RS (ms): Min: 2.8, Avg: 2.9, Max: 3.0, Diff: 0.2, Sum: 5.8]
      [Code Root Scanning (ms): Min: 0.0, Avg: 0.0, Max: 0.0, Diff: 0.0, Sum: 0.0]
      [Object Copy (ms): Min: 25.1, Avg: 25.1, Max: 25.1, Diff: 0.0, Sum: 50.2]
      [Termination (ms): Min: 0.0, Avg: 0.0, Max: 0.1, Diff: 0.1, Sum: 0.1]
         [Termination Attempts: Min: 1, Avg: 1.0, Max: 1, Diff: 0, Sum: 2]
      [GC Worker Other (ms): Min: 0.0, Avg: 0.0, Max: 0.0, Diff: 0.0, Sum: 0.0]
      [GC Worker Total (ms): Min: 32.0, Avg: 32.1, Max: 32.1, Diff: 0.1, Sum: 64.2]
      [GC Worker End (ms): Min: 33364919.5, Avg: 33364919.5, Max: 33364919.5, Diff: 0.0]
   [Code Root Fixup: 0.7 ms]
   [Code Root Purge: 0.0 ms]
   [Clear CT: 0.2 ms]
   [Other: 1.4 ms]
      [Choose CSet: 0.0 ms]
      [Ref Proc: 0.5 ms]
      [Ref Enq: 0.0 ms]
      [Redirty Cards: 0.4 ms]
      [Humongous Register: 0.1 ms]
      [Humongous Reclaim: 0.0 ms]
      [Free CSet: 0.1 ms]
   [Eden: 46.0M(46.0M)->0.0B(45.0M) Survivors: 5120.0K->6144.0K Heap: 285.0M(1024.0M)->240.0M(1024.0M)]
 [Times: user=0.06 sys=0.00, real=0.04 secs] 
2017-09-20T14:27:48.305+0900: 33467.516: [GC pause (G1 Evacuation Pause) (young), 0.0222717 secs]
   [Parallel Time: 21.2 ms, GC Workers: 2]
      [GC Worker Start (ms): Min: 33467516.2, Avg: 33467516.2, Max: 33467516.2, Diff: 0.0]
      [Ext Root Scanning (ms): Min: 0.7, Avg: 0.7, Max: 0.7, Diff: 0.1, Sum: 1.4]
      [Update RS (ms): Min: 0.9, Avg: 0.9, Max: 1.0, Diff: 0.0, Sum: 1.9]
         [Processed Buffers: Min: 14, Avg: 16.0, Max: 18, Diff: 4, Sum: 32]
      [Scan RS (ms): Min: 0.4, Avg: 0.5, Max: 0.5, Diff: 0.1, Sum: 0.9]
      [Code Root Scanning (ms): Min: 0.0, Avg: 0.0, Max: 0.0, Diff: 0.0, Sum: 0.0]
      [Object Copy (ms): Min: 19.0, Avg: 19.1, Max: 19.1, Diff: 0.0, Sum: 38.1]
      [Termination (ms): Min: 0.0, Avg: 0.0, Max: 0.0, Diff: 0.0, Sum: 0.0]
         [Termination Attempts: Min: 1, Avg: 1.0, Max: 1, Diff: 0, Sum: 2]
      [GC Worker Other (ms): Min: 0.0, Avg: 0.0, Max: 0.0, Diff: 0.0, Sum: 0.0]
      [GC Worker Total (ms): Min: 21.2, Avg: 21.2, Max: 21.2, Diff: 0.0, Sum: 42.4]
      [GC Worker End (ms): Min: 33467537.4, Avg: 33467537.4, Max: 33467537.4, Diff: 0.0]
   [Code Root Fixup: 0.0 ms]
   [Code Root Purge: 0.0 ms]
   [Clear CT: 0.1 ms]
   [Other: 0.8 ms]
      [Choose CSet: 0.0 ms]
      [Ref Proc: 0.3 ms]
      [Ref Enq: 0.0 ms]
      [Redirty Cards: 0.2 ms]
      [Humongous Register: 0.0 ms]
      [Humongous Reclaim: 0.0 ms]
      [Free CSet: 0.0 ms]
   [Eden: 45.0M(45.0M)->0.0B(46.0M) Survivors: 6144.0K->5120.0K Heap: 285.0M(1024.0M)->242.2M(1024.0M)]
 [Times: user=0.03 sys=0.00, real=0.02 secs] 
2017-09-20T14:29:32.775+0900: 33571.985: [GC pause (G1 Evacuation Pause) (young), 0.0397652 secs]
   [Parallel Time: 38.1 ms, GC Workers: 2]
      [GC Worker Start (ms): Min: 33571985.9, Avg: 33571986.0, Max: 33571986.0, Diff: 0.1]
      [Ext Root Scanning (ms): Min: 1.8, Avg: 1.8, Max: 1.9, Diff: 0.1, Sum: 3.6]
      [Update RS (ms): Min: 5.9, Avg: 6.4, Max: 6.9, Diff: 1.0, Sum: 12.8]
         [Processed Buffers: Min: 10, Avg: 17.0, Max: 24, Diff: 14, Sum: 34]
      [Scan RS (ms): Min: 2.9, Avg: 3.2, Max: 3.5, Diff: 0.6, Sum: 6.5]
      [Code Root Scanning (ms): Min: 0.0, Avg: 0.0, Max: 0.0, Diff: 0.0, Sum: 0.0]
      [Object Copy (ms): Min: 26.1, Avg: 26.3, Max: 26.4, Diff: 0.4, Sum: 52.5]
      [Termination (ms): Min: 0.0, Avg: 0.0, Max: 0.0, Diff: 0.0, Sum: 0.0]
         [Termination Attempts: Min: 2, Avg: 3.0, Max: 4, Diff: 2, Sum: 6]
      [GC Worker Other (ms): Min: 0.0, Avg: 0.0, Max: 0.1, Diff: 0.0, Sum: 0.1]
      [GC Worker Total (ms): Min: 37.7, Avg: 37.8, Max: 37.8, Diff: 0.1, Sum: 75.5]
      [GC Worker End (ms): Min: 33572023.7, Avg: 33572023.7, Max: 33572023.7, Diff: 0.0]
   [Code Root Fixup: 0.1 ms]
   [Code Root Purge: 0.0 ms]
   [Clear CT: 0.2 ms]
   [Other: 1.4 ms]
      [Choose CSet: 0.0 ms]
      [Ref Proc: 0.5 ms]
      [Ref Enq: 0.0 ms]
      [Redirty Cards: 0.4 ms]
      [Humongous Register: 0.1 ms]
      [Humongous Reclaim: 0.0 ms]
      [Free CSet: 0.1 ms]
   [Eden: 46.0M(46.0M)->0.0B(45.0M) Survivors: 5120.0K->6144.0K Heap: 288.2M(1024.0M)->243.7M(1024.0M)]
 [Times: user=0.07 sys=0.00, real=0.04 secs] 
2017-09-20T14:31:15.897+0900: 33675.107: [GC pause (G1 Evacuation Pause) (young), 0.0215670 secs]
   [Parallel Time: 19.3 ms, GC Workers: 2]
      [GC Worker Start (ms): Min: 33675107.6, Avg: 33675107.6, Max: 33675107.6, Diff: 0.1]
      [Ext Root Scanning (ms): Min: 1.8, Avg: 1.9, Max: 1.9, Diff: 0.0, Sum: 3.7]
      [Update RS (ms): Min: 2.3, Avg: 2.6, Max: 2.9, Diff: 0.7, Sum: 5.2]
         [Processed Buffers: Min: 12, Avg: 17.0, Max: 22, Diff: 10, Sum: 34]
      [Scan RS (ms): Min: 1.8, Avg: 2.1, Max: 2.5, Diff: 0.7, Sum: 4.3]
      [Code Root Scanning (ms): Min: 0.0, Avg: 0.0, Max: 0.0, Diff: 0.0, Sum: 0.0]
      [Object Copy (ms): Min: 12.3, Avg: 12.4, Max: 12.4, Diff: 0.1, Sum: 24.7]
      [Termination (ms): Min: 0.0, Avg: 0.0, Max: 0.0, Diff: 0.0, Sum: 0.1]
         [Termination Attempts: Min: 1, Avg: 1.0, Max: 1, Diff: 0, Sum: 2]
      [GC Worker Other (ms): Min: 0.0, Avg: 0.0, Max: 0.0, Diff: 0.0, Sum: 0.0]
      [GC Worker Total (ms): Min: 19.0, Avg: 19.0, Max: 19.0, Diff: 0.0, Sum: 38.0]
      [GC Worker End (ms): Min: 33675126.6, Avg: 33675126.6, Max: 33675126.6, Diff: 0.0]
   [Code Root Fixup: 0.2 ms]
   [Code Root Purge: 0.0 ms]
   [Clear CT: 0.4 ms]
   [Other: 1.8 ms]
      [Choose CSet: 0.0 ms]
      [Ref Proc: 0.4 ms]
      [Ref Enq: 0.0 ms]
      [Redirty Cards: 0.7 ms]
      [Humongous Register: 0.2 ms]
      [Humongous Reclaim: 0.0 ms]
      [Free CSet: 0.1 ms]
   [Eden: 45.0M(45.0M)->0.0B(48.0M) Survivors: 6144.0K->3072.0K Heap: 288.7M(1024.0M)->241.1M(1024.0M)]
 [Times: user=0.04 sys=0.00, real=0.03 secs] 
2017-09-20T14:33:05.123+0900: 33784.334: [GC pause (G1 Evacuation Pause) (young), 0.0329377 secs]
   [Parallel Time: 30.7 ms, GC Workers: 2]
      [GC Worker Start (ms): Min: 33784334.3, Avg: 33784334.4, Max: 33784334.5, Diff: 0.1]
      [Ext Root Scanning (ms): Min: 1.8, Avg: 1.8, Max: 1.8, Diff: 0.0, Sum: 3.6]
      [Update RS (ms): Min: 2.6, Avg: 2.6, Max: 2.7, Diff: 0.1, Sum: 5.2]
         [Processed Buffers: Min: 10, Avg: 15.5, Max: 21, Diff: 11, Sum: 31]
      [Scan RS (ms): Min: 3.3, Avg: 3.3, Max: 3.4, Diff: 0.1, Sum: 6.7]
      [Code Root Scanning (ms): Min: 0.0, Avg: 0.0, Max: 0.0, Diff: 0.0, Sum: 0.0]
      [Object Copy (ms): Min: 22.3, Avg: 22.4, Max: 22.4, Diff: 0.1, Sum: 44.7]
      [Termination (ms): Min: 0.0, Avg: 0.0, Max: 0.0, Diff: 0.0, Sum: 0.0]
         [Termination Attempts: Min: 1, Avg: 1.0, Max: 1, Diff: 0, Sum: 2]
      [GC Worker Other (ms): Min: 0.0, Avg: 0.0, Max: 0.0, Diff: 0.0, Sum: 0.0]
      [GC Worker Total (ms): Min: 30.1, Avg: 30.1, Max: 30.2, Diff: 0.1, Sum: 60.3]
      [GC Worker End (ms): Min: 33784364.5, Avg: 33784364.5, Max: 33784364.5, Diff: 0.0]
   [Code Root Fixup: 0.3 ms]
   [Code Root Purge: 0.0 ms]
   [Clear CT: 0.2 ms]
   [Other: 1.9 ms]
      [Choose CSet: 0.0 ms]
      [Ref Proc: 0.7 ms]
      [Ref Enq: 0.0 ms]
      [Redirty Cards: 0.6 ms]
      [Humongous Register: 0.1 ms]
      [Humongous Reclaim: 0.1 ms]
      [Free CSet: 0.1 ms]
   [Eden: 48.0M(48.0M)->0.0B(46.0M) Survivors: 3072.0K->5120.0K Heap: 289.1M(1024.0M)->243.1M(1024.0M)]
 [Times: user=0.06 sys=0.00, real=0.03 secs] 
2017-09-20T14:34:50.173+0900: 33889.384: [GC pause (G1 Evacuation Pause) (young), 0.0428936 secs]
   [Parallel Time: 40.7 ms, GC Workers: 2]
      [GC Worker Start (ms): Min: 33889383.9, Avg: 33889384.0, Max: 33889384.1, Diff: 0.2]
      [Ext Root Scanning (ms): Min: 2.4, Avg: 2.5, Max: 2.6, Diff: 0.3, Sum: 5.0]
      [Update RS (ms): Min: 2.0, Avg: 2.2, Max: 2.5, Diff: 0.5, Sum: 4.4]
         [Processed Buffers: Min: 15, Avg: 16.0, Max: 17, Diff: 2, Sum: 32]
      [Scan RS (ms): Min: 3.9, Avg: 4.2, Max: 4.5, Diff: 0.6, Sum: 8.5]
      [Code Root Scanning (ms): Min: 0.0, Avg: 0.0, Max: 0.0, Diff: 0.0, Sum: 0.0]
      [Object Copy (ms): Min: 31.1, Avg: 31.2, Max: 31.2, Diff: 0.1, Sum: 62.3]
      [Termination (ms): Min: 0.0, Avg: 0.1, Max: 0.2, Diff: 0.2, Sum: 0.2]
         [Termination Attempts: Min: 1, Avg: 1.5, Max: 2, Diff: 1, Sum: 3]
      [GC Worker Other (ms): Min: 0.0, Avg: 0.0, Max: 0.0, Diff: 0.0, Sum: 0.1]
      [GC Worker Total (ms): Min: 40.2, Avg: 40.3, Max: 40.3, Diff: 0.1, Sum: 80.5]
      [GC Worker End (ms): Min: 33889424.2, Avg: 33889424.2, Max: 33889424.3, Diff: 0.1]
   [Code Root Fixup: 0.2 ms]
   [Code Root Purge: 0.0 ms]
   [Clear CT: 0.3 ms]
   [Other: 1.7 ms]
      [Choose CSet: 0.0 ms]
      [Ref Proc: 0.7 ms]
      [Ref Enq: 0.0 ms]
      [Redirty Cards: 0.4 ms]
      [Humongous Register: 0.1 ms]
      [Humongous Reclaim: 0.1 ms]
      [Free CSet: 0.1 ms]
   [Eden: 46.0M(46.0M)->0.0B(45.0M) Survivors: 5120.0K->6144.0K Heap: 289.1M(1024.0M)->244.6M(1024.0M)]
 [Times: user=0.08 sys=0.00, real=0.04 secs] 
2017-09-20T14:36:33.002+0900: 33992.213: [GC pause (G1 Evacuation Pause) (young), 0.0367727 secs]
   [Parallel Time: 35.6 ms, GC Workers: 2]
      [GC Worker Start (ms): Min: 33992213.4, Avg: 33992213.4, Max: 33992213.5, Diff: 0.1]
      [Ext Root Scanning (ms): Min: 1.6, Avg: 1.7, Max: 1.8, Diff: 0.1, Sum: 3.4]
      [Update RS (ms): Min: 2.9, Avg: 3.0, Max: 3.0, Diff: 0.1, Sum: 5.9]
         [Processed Buffers: Min: 15, Avg: 15.0, Max: 15, Diff: 0, Sum: 30]
      [Scan RS (ms): Min: 1.7, Avg: 1.8, Max: 1.8, Diff: 0.0, Sum: 3.5]
      [Code Root Scanning (ms): Min: 0.0, Avg: 0.0, Max: 0.0, Diff: 0.0, Sum: 0.0]
      [Object Copy (ms): Min: 28.6, Avg: 28.7, Max: 28.7, Diff: 0.2, Sum: 57.3]
      [Termination (ms): Min: 0.0, Avg: 0.1, Max: 0.2, Diff: 0.2, Sum: 0.2]
         [Termination Attempts: Min: 1, Avg: 1.0, Max: 1, Diff: 0, Sum: 2]
      [GC Worker Other (ms): Min: 0.0, Avg: 0.0, Max: 0.0, Diff: 0.0, Sum: 0.1]
      [GC Worker Total (ms): Min: 35.2, Avg: 35.2, Max: 35.2, Diff: 0.0, Sum: 70.4]
      [GC Worker End (ms): Min: 33992248.6, Avg: 33992248.7, Max: 33992248.7, Diff: 0.1]
   [Code Root Fixup: 0.1 ms]
   [Code Root Purge: 0.0 ms]
   [Clear CT: 0.2 ms]
   [Other: 1.0 ms]
      [Choose CSet: 0.0 ms]
      [Ref Proc: 0.3 ms]
      [Ref Enq: 0.0 ms]
      [Redirty Cards: 0.2 ms]
      [Humongous Register: 0.1 ms]
      [Humongous Reclaim: 0.0 ms]
      [Free CSet: 0.0 ms]
   [Eden: 45.0M(45.0M)->0.0B(46.0M) Survivors: 6144.0K->5120.0K Heap: 289.6M(1024.0M)->246.6M(1024.0M)]
 [Times: user=0.07 sys=0.00, real=0.04 secs] 
2017-09-20T14:38:17.603+0900: 34096.813: [GC pause (G1 Evacuation Pause) (young), 0.0104707 secs]
   [Parallel Time: 9.7 ms, GC Workers: 2]
      [GC Worker Start (ms): Min: 34096813.2, Avg: 34096813.2, Max: 34096813.2, Diff: 0.0]
      [Ext Root Scanning (ms): Min: 0.5, Avg: 0.6, Max: 0.6, Diff: 0.1, Sum: 1.1]
      [Update RS (ms): Min: 0.8, Avg: 0.9, Max: 1.0, Diff: 0.2, Sum: 1.7]
         [Processed Buffers: Min: 10, Avg: 15.0, Max: 20, Diff: 10, Sum: 30]
      [Scan RS (ms): Min: 0.4, Avg: 0.5, Max: 0.6, Diff: 0.2, Sum: 1.1]
      [Code Root Scanning (ms): Min: 0.0, Avg: 0.0, Max: 0.0, Diff: 0.0, Sum: 0.0]
      [Object Copy (ms): Min: 7.5, Avg: 7.5, Max: 7.5, Diff: 0.0, Sum: 15.0]
      [Termination (ms): Min: 0.0, Avg: 0.0, Max: 0.1, Diff: 0.0, Sum: 0.1]
         [Termination Attempts: Min: 4, Avg: 7.5, Max: 11, Diff: 7, Sum: 15]
      [GC Worker Other (ms): Min: 0.0, Avg: 0.0, Max: 0.0, Diff: 0.0, Sum: 0.0]
      [GC Worker Total (ms): Min: 9.5, Avg: 9.5, Max: 9.6, Diff: 0.0, Sum: 19.1]
      [GC Worker End (ms): Min: 34096822.7, Avg: 34096822.8, Max: 34096822.8, Diff: 0.0]
   [Code Root Fixup: 0.1 ms]
   [Code Root Purge: 0.0 ms]
   [Clear CT: 0.0 ms]
   [Other: 0.7 ms]
      [Choose CSet: 0.0 ms]
      [Ref Proc: 0.1 ms]
      [Ref Enq: 0.0 ms]
      [Redirty Cards: 0.2 ms]
      [Humongous Register: 0.0 ms]
      [Humongous Reclaim: 0.0 ms]
      [Free CSet: 0.1 ms]
   [Eden: 46.0M(46.0M)->0.0B(45.0M) Survivors: 5120.0K->6144.0K Heap: 292.6M(1024.0M)->248.1M(1024.0M)]
 [Times: user=0.02 sys=0.00, real=0.01 secs] 
2017-09-20T14:40:00.394+0900: 34199.605: [GC pause (G1 Evacuation Pause) (young), 0.0259828 secs]
   [Parallel Time: 24.7 ms, GC Workers: 2]
      [GC Worker Start (ms): Min: 34199605.1, Avg: 34199605.1, Max: 34199605.2, Diff: 0.1]
      [Ext Root Scanning (ms): Min: 1.8, Avg: 1.9, Max: 1.9, Diff: 0.1, Sum: 3.7]
      [Update RS (ms): Min: 2.4, Avg: 2.4, Max: 2.5, Diff: 0.2, Sum: 4.9]
         [Processed Buffers: Min: 10, Avg: 15.0, Max: 20, Diff: 10, Sum: 30]
      [Scan RS (ms): Min: 1.9, Avg: 2.0, Max: 2.0, Diff: 0.1, Sum: 4.0]
      [Code Root Scanning (ms): Min: 0.0, Avg: 0.0, Max: 0.0, Diff: 0.0, Sum: 0.0]
      [Object Copy (ms): Min: 18.0, Avg: 18.1, Max: 18.1, Diff: 0.1, Sum: 36.2]
      [Termination (ms): Min: 0.0, Avg: 0.0, Max: 0.0, Diff: 0.0, Sum: 0.0]
         [Termination Attempts: Min: 1, Avg: 1.0, Max: 1, Diff: 0, Sum: 2]
      [GC Worker Other (ms): Min: 0.0, Avg: 0.0, Max: 0.0, Diff: 0.0, Sum: 0.1]
      [GC Worker Total (ms): Min: 24.4, Avg: 24.4, Max: 24.5, Diff: 0.1, Sum: 48.8]
      [GC Worker End (ms): Min: 34199629.5, Avg: 34199629.5, Max: 34199629.5, Diff: 0.0]
   [Code Root Fixup: 0.2 ms]
   [Code Root Purge: 0.0 ms]
   [Clear CT: 0.2 ms]
   [Other: 1.0 ms]
      [Choose CSet: 0.0 ms]
      [Ref Proc: 0.4 ms]
      [Ref Enq: 0.0 ms]
      [Redirty Cards: 0.1 ms]
      [Humongous Register: 0.1 ms]
      [Humongous Reclaim: 0.0 ms]
      [Free CSet: 0.0 ms]
   [Eden: 45.0M(45.0M)->0.0B(48.0M) Survivors: 6144.0K->3072.0K Heap: 293.1M(1024.0M)->245.7M(1024.0M)]
 [Times: user=0.05 sys=0.00, real=0.03 secs] 
2017-09-20T14:41:50.188+0900: 34309.399: [GC pause (G1 Evacuation Pause) (young), 0.0315637 secs]
   [Parallel Time: 29.5 ms, GC Workers: 2]
      [GC Worker Start (ms): Min: 34309398.9, Avg: 34309399.0, Max: 34309399.0, Diff: 0.1]
      [Ext Root Scanning (ms): Min: 1.9, Avg: 2.0, Max: 2.0, Diff: 0.1, Sum: 4.0]
      [Update RS (ms): Min: 1.9, Avg: 2.2, Max: 2.5, Diff: 0.6, Sum: 4.4]
         [Processed Buffers: Min: 15, Avg: 15.5, Max: 16, Diff: 1, Sum: 31]
      [Scan RS (ms): Min: 2.5, Avg: 2.9, Max: 3.2, Diff: 0.7, Sum: 5.8]
      [Code Root Scanning (ms): Min: 0.0, Avg: 0.0, Max: 0.0, Diff: 0.0, Sum: 0.0]
      [Object Copy (ms): Min: 21.9, Avg: 22.0, Max: 22.0, Diff: 0.1, Sum: 43.9]
      [Termination (ms): Min: 0.0, Avg: 0.0, Max: 0.0, Diff: 0.0, Sum: 0.0]
         [Termination Attempts: Min: 1, Avg: 1.0, Max: 1, Diff: 0, Sum: 2]
      [GC Worker Other (ms): Min: 0.0, Avg: 0.0, Max: 0.0, Diff: 0.0, Sum: 0.1]
      [GC Worker Total (ms): Min: 29.0, Avg: 29.1, Max: 29.1, Diff: 0.1, Sum: 58.2]
      [GC Worker End (ms): Min: 34309428.0, Avg: 34309428.0, Max: 34309428.0, Diff: 0.0]
   [Code Root Fixup: 0.3 ms]
   [Code Root Purge: 0.0 ms]
   [Clear CT: 0.3 ms]
   [Other: 1.5 ms]
      [Choose CSet: 0.0 ms]
      [Ref Proc: 0.8 ms]
      [Ref Enq: 0.0 ms]
      [Redirty Cards: 0.2 ms]
      [Humongous Register: 0.1 ms]
      [Humongous Reclaim: 0.0 ms]
      [Free CSet: 0.0 ms]
   [Eden: 48.0M(48.0M)->0.0B(46.0M) Survivors: 3072.0K->5120.0K Heap: 293.7M(1024.0M)->247.2M(1024.0M)]
 [Times: user=0.06 sys=0.00, real=0.04 secs] 
2017-09-20T14:43:35.428+0900: 34414.639: [GC pause (G1 Evacuation Pause) (young), 0.0476184 secs]
   [Parallel Time: 46.5 ms, GC Workers: 2]
      [GC Worker Start (ms): Min: 34414638.9, Avg: 34414639.1, Max: 34414639.2, Diff: 0.3]
      [Ext Root Scanning (ms): Min: 1.8, Avg: 1.9, Max: 2.1, Diff: 0.3, Sum: 3.9]
      [Update RS (ms): Min: 1.8, Avg: 2.1, Max: 2.3, Diff: 0.4, Sum: 4.1]
         [Processed Buffers: Min: 9, Avg: 15.0, Max: 21, Diff: 12, Sum: 30]
      [Scan RS (ms): Min: 2.5, Avg: 2.7, Max: 2.9, Diff: 0.4, Sum: 5.4]
      [Code Root Scanning (ms): Min: 0.0, Avg: 0.0, Max: 0.0, Diff: 0.0, Sum: 0.0]
      [Object Copy (ms): Min: 33.2, Avg: 36.3, Max: 39.4, Diff: 6.2, Sum: 72.7]
      [Termination (ms): Min: 0.0, Avg: 3.2, Max: 6.4, Diff: 6.4, Sum: 6.4]
         [Termination Attempts: Min: 1, Avg: 1.0, Max: 1, Diff: 0, Sum: 2]
      [GC Worker Other (ms): Min: 0.0, Avg: 0.0, Max: 0.0, Diff: 0.0, Sum: 0.0]
      [GC Worker Total (ms): Min: 46.2, Avg: 46.2, Max: 46.3, Diff: 0.1, Sum: 92.4]
      [GC Worker End (ms): Min: 34414685.2, Avg: 34414685.3, Max: 34414685.4, Diff: 0.1]
   [Code Root Fixup: 0.1 ms]
   [Code Root Purge: 0.0 ms]
   [Clear CT: 0.2 ms]
   [Other: 0.8 ms]
      [Choose CSet: 0.0 ms]
      [Ref Proc: 0.3 ms]
      [Ref Enq: 0.0 ms]
      [Redirty Cards: 0.2 ms]
      [Humongous Register: 0.1 ms]
      [Humongous Reclaim: 0.0 ms]
      [Free CSet: 0.0 ms]
   [Eden: 46.0M(46.0M)->0.0B(45.0M) Survivors: 5120.0K->6144.0K Heap: 293.2M(1024.0M)->249.1M(1024.0M)]
 [Times: user=0.08 sys=0.00, real=0.05 secs] 
2017-09-20T14:45:18.647+0900: 34517.857: [GC pause (G1 Evacuation Pause) (young), 0.0299907 secs]
   [Parallel Time: 28.9 ms, GC Workers: 2]
      [GC Worker Start (ms): Min: 34517857.5, Avg: 34517857.6, Max: 34517857.6, Diff: 0.1]
      [Ext Root Scanning (ms): Min: 0.9, Avg: 1.0, Max: 1.1, Diff: 0.1, Sum: 2.0]
      [Update RS (ms): Min: 1.4, Avg: 1.5, Max: 1.6, Diff: 0.2, Sum: 3.0]
         [Processed Buffers: Min: 14, Avg: 15.5, Max: 17, Diff: 3, Sum: 31]
      [Scan RS (ms): Min: 1.2, Avg: 1.3, Max: 1.4, Diff: 0.2, Sum: 2.5]
      [Code Root Scanning (ms): Min: 0.0, Avg: 0.0, Max: 0.0, Diff: 0.0, Sum: 0.0]
      [Object Copy (ms): Min: 25.0, Avg: 25.0, Max: 25.0, Diff: 0.0, Sum: 50.0]
      [Termination (ms): Min: 0.0, Avg: 0.0, Max: 0.0, Diff: 0.0, Sum: 0.0]
         [Termination Attempts: Min: 1, Avg: 1.0, Max: 1, Diff: 0, Sum: 2]
      [GC Worker Other (ms): Min: 0.0, Avg: 0.0, Max: 0.0, Diff: 0.0, Sum: 0.0]
      [GC Worker Total (ms): Min: 28.8, Avg: 28.8, Max: 28.9, Diff: 0.1, Sum: 57.6]
      [GC Worker End (ms): Min: 34517886.4, Avg: 34517886.4, Max: 34517886.4, Diff: 0.0]
   [Code Root Fixup: 0.1 ms]
   [Code Root Purge: 0.0 ms]
   [Clear CT: 0.1 ms]
   [Other: 0.9 ms]
      [Choose CSet: 0.0 ms]
      [Ref Proc: 0.4 ms]
      [Ref Enq: 0.0 ms]
      [Redirty Cards: 0.2 ms]
      [Humongous Register: 0.0 ms]
      [Humongous Reclaim: 0.0 ms]
      [Free CSet: 0.1 ms]
   [Eden: 45.0M(45.0M)->0.0B(46.0M) Survivors: 6144.0K->5120.0K Heap: 294.1M(1024.0M)->251.4M(1024.0M)]
 [Times: user=0.06 sys=0.00, real=0.03 secs] 
2017-09-20T14:47:03.496+0900: 34622.707: [GC pause (G1 Evacuation Pause) (young), 0.0465936 secs]
   [Parallel Time: 45.4 ms, GC Workers: 2]
      [GC Worker Start (ms): Min: 34622707.1, Avg: 34622709.3, Max: 34622711.6, Diff: 4.5]
      [Ext Root Scanning (ms): Min: 0.0, Avg: 1.4, Max: 2.8, Diff: 2.8, Sum: 2.8]
      [Update RS (ms): Min: 4.6, Avg: 5.6, Max: 6.5, Diff: 1.9, Sum: 11.1]
         [Processed Buffers: Min: 0, Avg: 15.5, Max: 31, Diff: 31, Sum: 31]
      [Scan RS (ms): Min: 4.4, Avg: 6.2, Max: 8.0, Diff: 3.7, Sum: 12.4]
      [Code Root Scanning (ms): Min: 0.0, Avg: 0.0, Max: 0.0, Diff: 0.0, Sum: 0.0]
      [Object Copy (ms): Min: 28.0, Avg: 29.7, Max: 31.4, Diff: 3.4, Sum: 59.4]
      [Termination (ms): Min: 0.0, Avg: 0.0, Max: 0.0, Diff: 0.0, Sum: 0.0]
         [Termination Attempts: Min: 1, Avg: 3.0, Max: 5, Diff: 4, Sum: 6]
      [GC Worker Other (ms): Min: 0.0, Avg: 0.0, Max: 0.0, Diff: 0.0, Sum: 0.0]
      [GC Worker Total (ms): Min: 40.7, Avg: 42.9, Max: 45.2, Diff: 4.5, Sum: 85.8]
      [GC Worker End (ms): Min: 34622752.2, Avg: 34622752.2, Max: 34622752.2, Diff: 0.0]
   [Code Root Fixup: 0.1 ms]
   [Code Root Purge: 0.0 ms]
   [Clear CT: 0.2 ms]
   [Other: 0.9 ms]
      [Choose CSet: 0.0 ms]
      [Ref Proc: 0.3 ms]
      [Ref Enq: 0.0 ms]
      [Redirty Cards: 0.2 ms]
      [Humongous Register: 0.1 ms]
      [Humongous Reclaim: 0.0 ms]
      [Free CSet: 0.1 ms]
   [Eden: 46.0M(46.0M)->0.0B(44.0M) Survivors: 5120.0K->7168.0K Heap: 297.4M(1024.0M)->253.4M(1024.0M)]
 [Times: user=0.07 sys=0.00, real=0.05 secs] 
2017-09-20T14:48:43.530+0900: 34722.741: [GC pause (G1 Evacuation Pause) (young), 0.0250213 secs]
   [Parallel Time: 22.8 ms, GC Workers: 2]
      [GC Worker Start (ms): Min: 34722741.0, Avg: 34722741.1, Max: 34722741.1, Diff: 0.1]
      [Ext Root Scanning (ms): Min: 1.7, Avg: 1.8, Max: 1.9, Diff: 0.2, Sum: 3.6]
      [Update RS (ms): Min: 1.8, Avg: 2.2, Max: 2.5, Diff: 0.7, Sum: 4.4]
         [Processed Buffers: Min: 9, Avg: 16.5, Max: 24, Diff: 15, Sum: 33]
      [Scan RS (ms): Min: 1.8, Avg: 2.1, Max: 2.4, Diff: 0.6, Sum: 4.2]
      [Code Root Scanning (ms): Min: 0.0, Avg: 0.0, Max: 0.0, Diff: 0.0, Sum: 0.0]
      [Object Copy (ms): Min: 16.3, Avg: 16.3, Max: 16.4, Diff: 0.1, Sum: 32.7]
      [Termination (ms): Min: 0.0, Avg: 0.0, Max: 0.0, Diff: 0.0, Sum: 0.0]
         [Termination Attempts: Min: 1, Avg: 1.0, Max: 1, Diff: 0, Sum: 2]
      [GC Worker Other (ms): Min: 0.0, Avg: 0.0, Max: 0.0, Diff: 0.0, Sum: 0.1]
      [GC Worker Total (ms): Min: 22.4, Avg: 22.5, Max: 22.6, Diff: 0.1, Sum: 45.0]
      [GC Worker End (ms): Min: 34722763.5, Avg: 34722763.5, Max: 34722763.5, Diff: 0.0]
   [Code Root Fixup: 0.2 ms]
   [Code Root Purge: 0.0 ms]
   [Clear CT: 0.4 ms]
   [Other: 1.7 ms]
      [Choose CSet: 0.0 ms]
      [Ref Proc: 0.9 ms]
      [Ref Enq: 0.0 ms]
      [Redirty Cards: 0.2 ms]
      [Humongous Register: 0.1 ms]
      [Humongous Reclaim: 0.0 ms]
      [Free CSet: 0.1 ms]
   [Eden: 44.0M(44.0M)->0.0B(47.0M) Survivors: 7168.0K->4096.0K Heap: 297.4M(1024.0M)->251.1M(1024.0M)]
 [Times: user=0.05 sys=0.00, real=0.02 secs] 
2017-09-20T14:50:31.313+0900: 34830.524: [GC pause (G1 Evacuation Pause) (young), 0.0327260 secs]
   [Parallel Time: 30.6 ms, GC Workers: 2]
      [GC Worker Start (ms): Min: 34830523.8, Avg: 34830528.2, Max: 34830532.7, Diff: 8.9]
      [Ext Root Scanning (ms): Min: 0.0, Avg: 0.6, Max: 1.2, Diff: 1.1, Sum: 1.2]
      [Update RS (ms): Min: 0.0, Avg: 0.7, Max: 1.3, Diff: 1.3, Sum: 1.3]
         [Processed Buffers: Min: 0, Avg: 16.0, Max: 32, Diff: 32, Sum: 32]
      [Scan RS (ms): Min: 0.0, Avg: 0.8, Max: 1.5, Diff: 1.5, Sum: 1.5]
      [Code Root Scanning (ms): Min: 0.0, Avg: 0.0, Max: 0.0, Diff: 0.0, Sum: 0.0]
      [Object Copy (ms): Min: 21.6, Avg: 24.0, Max: 26.4, Diff: 4.9, Sum: 48.0]
      [Termination (ms): Min: 0.0, Avg: 0.0, Max: 0.0, Diff: 0.0, Sum: 0.0]
         [Termination Attempts: Min: 1, Avg: 1.0, Max: 1, Diff: 0, Sum: 2]
      [GC Worker Other (ms): Min: 0.0, Avg: 0.0, Max: 0.0, Diff: 0.0, Sum: 0.0]
      [GC Worker Total (ms): Min: 21.6, Avg: 26.1, Max: 30.5, Diff: 8.9, Sum: 52.1]
      [GC Worker End (ms): Min: 34830554.3, Avg: 34830554.3, Max: 34830554.3, Diff: 0.0]
   [Code Root Fixup: 0.2 ms]
   [Code Root Purge: 0.0 ms]
   [Clear CT: 0.3 ms]
   [Other: 1.6 ms]
      [Choose CSet: 0.0 ms]
      [Ref Proc: 0.6 ms]
      [Ref Enq: 0.0 ms]
      [Redirty Cards: 0.5 ms]
      [Humongous Register: 0.0 ms]
      [Humongous Reclaim: 0.0 ms]
      [Free CSet: 0.1 ms]
   [Eden: 47.0M(47.0M)->0.0B(46.0M) Survivors: 4096.0K->5120.0K Heap: 298.1M(1024.0M)->252.6M(1024.0M)]
 [Times: user=0.05 sys=0.00, real=0.03 secs] 
2017-09-20T14:52:16.323+0900: 34935.534: [GC pause (G1 Evacuation Pause) (young), 0.0081910 secs]
   [Parallel Time: 7.5 ms, GC Workers: 2]
      [GC Worker Start (ms): Min: 34935533.9, Avg: 34935533.9, Max: 34935533.9, Diff: 0.0]
      [Ext Root Scanning (ms): Min: 0.4, Avg: 0.5, Max: 0.5, Diff: 0.0, Sum: 0.9]
      [Update RS (ms): Min: 0.7, Avg: 0.7, Max: 0.7, Diff: 0.0, Sum: 1.4]
         [Processed Buffers: Min: 5, Avg: 16.0, Max: 27, Diff: 22, Sum: 32]
      [Scan RS (ms): Min: 0.3, Avg: 0.3, Max: 0.3, Diff: 0.0, Sum: 0.6]
      [Code Root Scanning (ms): Min: 0.0, Avg: 0.0, Max: 0.0, Diff: 0.0, Sum: 0.0]
      [Object Copy (ms): Min: 5.9, Avg: 5.9, Max: 5.9, Diff: 0.0, Sum: 11.8]
      [Termination (ms): Min: 0.0, Avg: 0.0, Max: 0.0, Diff: 0.0, Sum: 0.0]
         [Termination Attempts: Min: 1, Avg: 2.0, Max: 3, Diff: 2, Sum: 4]
      [GC Worker Other (ms): Min: 0.0, Avg: 0.0, Max: 0.0, Diff: 0.0, Sum: 0.0]
      [GC Worker Total (ms): Min: 7.4, Avg: 7.4, Max: 7.4, Diff: 0.0, Sum: 14.8]
      [GC Worker End (ms): Min: 34935541.3, Avg: 34935541.3, Max: 34935541.3, Diff: 0.0]
   [Code Root Fixup: 0.0 ms]
   [Code Root Purge: 0.0 ms]
   [Clear CT: 0.1 ms]
   [Other: 0.6 ms]
      [Choose CSet: 0.0 ms]
      [Ref Proc: 0.2 ms]
      [Ref Enq: 0.0 ms]
      [Redirty Cards: 0.2 ms]
      [Humongous Register: 0.0 ms]
      [Humongous Reclaim: 0.0 ms]
      [Free CSet: 0.0 ms]
   [Eden: 46.0M(46.0M)->0.0B(45.0M) Survivors: 5120.0K->6144.0K Heap: 298.6M(1024.0M)->254.4M(1024.0M)]
 [Times: user=0.02 sys=0.00, real=0.01 secs] 
2017-09-20T14:53:59.069+0900: 35038.280: [GC pause (G1 Evacuation Pause) (young), 0.0521122 secs]
   [Parallel Time: 50.6 ms, GC Workers: 2]
      [GC Worker Start (ms): Min: 35038279.9, Avg: 35038279.9, Max: 35038280.0, Diff: 0.1]
      [Ext Root Scanning (ms): Min: 1.8, Avg: 1.9, Max: 1.9, Diff: 0.1, Sum: 3.7]
      [Update RS (ms): Min: 3.8, Avg: 4.0, Max: 4.3, Diff: 0.5, Sum: 8.1]
         [Processed Buffers: Min: 11, Avg: 16.5, Max: 22, Diff: 11, Sum: 33]
      [Scan RS (ms): Min: 1.9, Avg: 2.2, Max: 2.5, Diff: 0.6, Sum: 4.4]
      [Code Root Scanning (ms): Min: 0.0, Avg: 0.0, Max: 0.0, Diff: 0.0, Sum: 0.0]
      [Object Copy (ms): Min: 42.0, Avg: 42.1, Max: 42.2, Diff: 0.2, Sum: 84.2]
      [Termination (ms): Min: 0.0, Avg: 0.1, Max: 0.1, Diff: 0.1, Sum: 0.1]
         [Termination Attempts: Min: 1, Avg: 2.0, Max: 3, Diff: 2, Sum: 4]
      [GC Worker Other (ms): Min: 0.0, Avg: 0.0, Max: 0.0, Diff: 0.0, Sum: 0.0]
      [GC Worker Total (ms): Min: 50.3, Avg: 50.3, Max: 50.3, Diff: 0.0, Sum: 100.5]
      [GC Worker End (ms): Min: 35038330.2, Avg: 35038330.2, Max: 35038330.3, Diff: 0.1]
   [Code Root Fixup: 0.1 ms]
   [Code Root Purge: 0.0 ms]
   [Clear CT: 0.2 ms]
   [Other: 1.1 ms]
      [Choose CSet: 0.0 ms]
      [Ref Proc: 0.4 ms]
      [Ref Enq: 0.0 ms]
      [Redirty Cards: 0.3 ms]
      [Humongous Register: 0.1 ms]
      [Humongous Reclaim: 0.0 ms]
      [Free CSet: 0.1 ms]
   [Eden: 45.0M(45.0M)->0.0B(46.0M) Survivors: 6144.0K->5120.0K Heap: 299.4M(1024.0M)->256.8M(1024.0M)]
 [Times: user=0.07 sys=0.00, real=0.06 secs] 
2017-09-20T14:55:44.488+0900: 35143.698: [GC pause (G1 Evacuation Pause) (young), 0.0374215 secs]
   [Parallel Time: 36.2 ms, GC Workers: 2]
      [GC Worker Start (ms): Min: 35143698.6, Avg: 35143698.7, Max: 35143698.7, Diff: 0.2]
      [Ext Root Scanning (ms): Min: 1.8, Avg: 1.9, Max: 2.0, Diff: 0.1, Sum: 3.8]
      [Update RS (ms): Min: 3.5, Avg: 3.5, Max: 3.6, Diff: 0.0, Sum: 7.1]
         [Processed Buffers: Min: 5, Avg: 16.0, Max: 27, Diff: 22, Sum: 32]
      [Scan RS (ms): Min: 3.2, Avg: 3.5, Max: 3.8, Diff: 0.5, Sum: 7.0]
      [Code Root Scanning (ms): Min: 0.0, Avg: 0.0, Max: 0.0, Diff: 0.0, Sum: 0.0]
      [Object Copy (ms): Min: 26.9, Avg: 27.1, Max: 27.4, Diff: 0.5, Sum: 54.3]
      [Termination (ms): Min: 0.0, Avg: 0.0, Max: 0.0, Diff: 0.0, Sum: 0.0]
         [Termination Attempts: Min: 1, Avg: 1.0, Max: 1, Diff: 0, Sum: 2]
      [GC Worker Other (ms): Min: 0.0, Avg: 0.0, Max: 0.0, Diff: 0.0, Sum: 0.0]
      [GC Worker Total (ms): Min: 36.0, Avg: 36.1, Max: 36.2, Diff: 0.2, Sum: 72.2]
      [GC Worker End (ms): Min: 35143734.8, Avg: 35143734.8, Max: 35143734.8, Diff: 0.0]
   [Code Root Fixup: 0.1 ms]
   [Code Root Purge: 0.0 ms]
   [Clear CT: 0.2 ms]
   [Other: 0.9 ms]
      [Choose CSet: 0.0 ms]
      [Ref Proc: 0.2 ms]
      [Ref Enq: 0.0 ms]
      [Redirty Cards: 0.3 ms]
      [Humongous Register: 0.1 ms]
      [Humongous Reclaim: 0.0 ms]
      [Free CSet: 0.0 ms]
   [Eden: 46.0M(46.0M)->0.0B(45.0M) Survivors: 5120.0K->6144.0K Heap: 302.8M(1024.0M)->258.3M(1024.0M)]
 [Times: user=0.07 sys=0.00, real=0.04 secs] 
2017-09-20T18:08:03.354+0900: 35158.048: [GC pause (G1 Evacuation Pause) (young), 0.0062155 secs]
   [Parallel Time: 5.3 ms, GC Workers: 2]
      [GC Worker Start (ms): Min: 35158048.2, Avg: 35158048.3, Max: 35158048.3, Diff: 0.0]
      [Ext Root Scanning (ms): Min: 0.9, Avg: 1.0, Max: 1.1, Diff: 0.2, Sum: 2.0]
      [Update RS (ms): Min: 0.6, Avg: 0.7, Max: 0.8, Diff: 0.1, Sum: 1.4]
         [Processed Buffers: Min: 9, Avg: 15.5, Max: 22, Diff: 13, Sum: 31]
      [Scan RS (ms): Min: 0.7, Avg: 0.7, Max: 0.8, Diff: 0.1, Sum: 1.5]
      [Code Root Scanning (ms): Min: 0.0, Avg: 0.0, Max: 0.0, Diff: 0.0, Sum: 0.0]
      [Object Copy (ms): Min: 2.7, Avg: 2.8, Max: 2.8, Diff: 0.1, Sum: 5.5]
      [Termination (ms): Min: 0.0, Avg: 0.0, Max: 0.0, Diff: 0.0, Sum: 0.0]
         [Termination Attempts: Min: 1, Avg: 1.0, Max: 1, Diff: 0, Sum: 2]
      [GC Worker Other (ms): Min: 0.0, Avg: 0.0, Max: 0.0, Diff: 0.0, Sum: 0.0]
      [GC Worker Total (ms): Min: 5.2, Avg: 5.2, Max: 5.2, Diff: 0.0, Sum: 10.4]
      [GC Worker End (ms): Min: 35158053.5, Avg: 35158053.5, Max: 35158053.5, Diff: 0.0]
   [Code Root Fixup: 0.1 ms]
   [Code Root Purge: 0.0 ms]
   [Clear CT: 0.1 ms]
   [Other: 0.8 ms]
      [Choose CSet: 0.0 ms]
      [Ref Proc: 0.2 ms]
      [Ref Enq: 0.0 ms]
      [Redirty Cards: 0.1 ms]
      [Humongous Register: 0.0 ms]
      [Humongous Reclaim: 0.0 ms]
      [Free CSet: 0.1 ms]
   [Eden: 45.0M(45.0M)->0.0B(49.0M) Survivors: 6144.0K->2048.0K Heap: 303.3M(1024.0M)->254.9M(1024.0M)]
 [Times: user=0.01 sys=0.00, real=0.01 secs] 
2017-09-20T18:08:03.506+0900: 35158.200: [GC pause (G1 Evacuation Pause) (young), 0.0061185 secs]
   [Parallel Time: 5.0 ms, GC Workers: 2]
      [GC Worker Start (ms): Min: 35158199.8, Avg: 35158199.9, Max: 35158199.9, Diff: 0.1]
      [Ext Root Scanning (ms): Min: 1.4, Avg: 1.5, Max: 1.5, Diff: 0.1, Sum: 2.9]
      [Update RS (ms): Min: 0.6, Avg: 0.7, Max: 0.8, Diff: 0.3, Sum: 1.4]
         [Processed Buffers: Min: 1, Avg: 5.5, Max: 10, Diff: 9, Sum: 11]
      [Scan RS (ms): Min: 0.5, Avg: 0.6, Max: 0.8, Diff: 0.2, Sum: 1.3]
      [Code Root Scanning (ms): Min: 0.0, Avg: 0.0, Max: 0.0, Diff: 0.0, Sum: 0.0]
      [Object Copy (ms): Min: 2.1, Avg: 2.1, Max: 2.2, Diff: 0.1, Sum: 4.3]
      [Termination (ms): Min: 0.0, Avg: 0.0, Max: 0.0, Diff: 0.0, Sum: 0.0]
         [Termination Attempts: Min: 1, Avg: 1.0, Max: 1, Diff: 0, Sum: 2]
      [GC Worker Other (ms): Min: 0.0, Avg: 0.0, Max: 0.0, Diff: 0.0, Sum: 0.0]
      [GC Worker Total (ms): Min: 4.9, Avg: 5.0, Max: 5.0, Diff: 0.1, Sum: 9.9]
      [GC Worker End (ms): Min: 35158204.8, Avg: 35158204.8, Max: 35158204.8, Diff: 0.0]
   [Code Root Fixup: 0.1 ms]
   [Code Root Purge: 0.0 ms]
   [Clear CT: 0.1 ms]
   [Other: 0.9 ms]
      [Choose CSet: 0.0 ms]
      [Ref Proc: 0.3 ms]
      [Ref Enq: 0.0 ms]
      [Redirty Cards: 0.1 ms]
      [Humongous Register: 0.1 ms]
      [Humongous Reclaim: 0.1 ms]
      [Free CSet: 0.1 ms]
   [Eden: 49.0M(49.0M)->0.0B(68.0M) Survivors: 2048.0K->2048.0K Heap: 303.9M(1024.0M)->254.5M(1024.0M)]
 [Times: user=0.01 sys=0.00, real=0.01 secs] 
2017-09-20T18:08:03.819+0900: 35158.513: [GC pause (G1 Evacuation Pause) (young), 0.0055695 secs]
   [Parallel Time: 4.0 ms, GC Workers: 2]
      [GC Worker Start (ms): Min: 35158513.0, Avg: 35158513.0, Max: 35158513.0, Diff: 0.0]
      [Ext Root Scanning (ms): Min: 1.0, Avg: 1.0, Max: 1.1, Diff: 0.1, Sum: 2.0]
      [Update RS (ms): Min: 0.7, Avg: 0.8, Max: 0.8, Diff: 0.1, Sum: 1.5]
         [Processed Buffers: Min: 3, Avg: 11.5, Max: 20, Diff: 17, Sum: 23]
      [Scan RS (ms): Min: 0.2, Avg: 0.2, Max: 0.2, Diff: 0.1, Sum: 0.4]
      [Code Root Scanning (ms): Min: 0.0, Avg: 0.0, Max: 0.0, Diff: 0.0, Sum: 0.0]
      [Object Copy (ms): Min: 2.0, Avg: 2.0, Max: 2.1, Diff: 0.1, Sum: 4.0]
      [Termination (ms): Min: 0.0, Avg: 0.0, Max: 0.0, Diff: 0.0, Sum: 0.0]
         [Termination Attempts: Min: 1, Avg: 1.0, Max: 1, Diff: 0, Sum: 2]
      [GC Worker Other (ms): Min: 0.0, Avg: 0.0, Max: 0.0, Diff: 0.0, Sum: 0.0]
      [GC Worker Total (ms): Min: 4.0, Avg: 4.0, Max: 4.0, Diff: 0.0, Sum: 8.0]
      [GC Worker End (ms): Min: 35158517.1, Avg: 35158517.1, Max: 35158517.1, Diff: 0.0]
   [Code Root Fixup: 0.0 ms]
   [Code Root Purge: 0.0 ms]
   [Clear CT: 0.1 ms]
   [Other: 1.4 ms]
      [Choose CSet: 0.0 ms]
      [Ref Proc: 0.2 ms]
      [Ref Enq: 0.0 ms]
      [Redirty Cards: 0.1 ms]
      [Humongous Register: 0.1 ms]
      [Humongous Reclaim: 0.0 ms]
      [Free CSet: 0.8 ms]
   [Eden: 68.0M(68.0M)->0.0B(105.0M) Survivors: 2048.0K->3072.0K Heap: 322.5M(1024.0M)->255.4M(1024.0M)]
 [Times: user=0.00 sys=0.00, real=0.00 secs] 
2017-09-20T18:10:54.725+0900: 35329.419: [GC pause (G1 Evacuation Pause) (young), 0.0331966 secs]
   [Parallel Time: 29.4 ms, GC Workers: 2]
      [GC Worker Start (ms): Min: 35329419.5, Avg: 35329419.5, Max: 35329419.5, Diff: 0.0]
      [Ext Root Scanning (ms): Min: 2.8, Avg: 2.9, Max: 3.0, Diff: 0.2, Sum: 5.7]
      [Update RS (ms): Min: 6.1, Avg: 6.2, Max: 6.2, Diff: 0.1, Sum: 12.3]
         [Processed Buffers: Min: 3, Avg: 17.0, Max: 31, Diff: 28, Sum: 34]
      [Scan RS (ms): Min: 1.4, Avg: 1.4, Max: 1.4, Diff: 0.0, Sum: 2.8]
      [Code Root Scanning (ms): Min: 0.0, Avg: 0.0, Max: 0.1, Diff: 0.1, Sum: 0.1]
      [Object Copy (ms): Min: 18.5, Avg: 18.7, Max: 18.9, Diff: 0.3, Sum: 37.4]
      [Termination (ms): Min: 0.0, Avg: 0.0, Max: 0.0, Diff: 0.0, Sum: 0.0]
         [Termination Attempts: Min: 1, Avg: 1.0, Max: 1, Diff: 0, Sum: 2]
      [GC Worker Other (ms): Min: 0.0, Avg: 0.0, Max: 0.0, Diff: 0.0, Sum: 0.0]
      [GC Worker Total (ms): Min: 29.2, Avg: 29.2, Max: 29.2, Diff: 0.0, Sum: 58.4]
      [GC Worker End (ms): Min: 35329448.7, Avg: 35329448.7, Max: 35329448.7, Diff: 0.0]
   [Code Root Fixup: 0.2 ms]
   [Code Root Purge: 0.0 ms]
   [Clear CT: 0.1 ms]
   [Other: 3.4 ms]
      [Choose CSet: 0.0 ms]
      [Ref Proc: 0.4 ms]
      [Ref Enq: 0.0 ms]
      [Redirty Cards: 0.3 ms]
      [Humongous Register: 0.1 ms]
      [Humongous Reclaim: 0.0 ms]
      [Free CSet: 2.3 ms]
   [Eden: 105.0M(105.0M)->0.0B(46.0M) Survivors: 3072.0K->5120.0K Heap: 360.4M(1024.0M)->257.9M(1024.0M)]
 [Times: user=0.05 sys=0.00, real=0.04 secs] 
2017-09-20T18:12:40.007+0900: 35434.701: [GC pause (G1 Evacuation Pause) (young), 0.0504810 secs]
   [Parallel Time: 48.6 ms, GC Workers: 2]
      [GC Worker Start (ms): Min: 35434701.8, Avg: 35434701.8, Max: 35434701.8, Diff: 0.0]
      [Ext Root Scanning (ms): Min: 1.7, Avg: 1.7, Max: 1.8, Diff: 0.0, Sum: 3.5]
      [Update RS (ms): Min: 3.3, Avg: 3.7, Max: 4.0, Diff: 0.7, Sum: 7.3]
         [Processed Buffers: Min: 10, Avg: 17.0, Max: 24, Diff: 14, Sum: 34]
      [Scan RS (ms): Min: 3.6, Avg: 4.1, Max: 4.5, Diff: 0.9, Sum: 8.1]
      [Code Root Scanning (ms): Min: 0.0, Avg: 0.0, Max: 0.1, Diff: 0.1, Sum: 0.1]
      [Object Copy (ms): Min: 38.7, Avg: 38.8, Max: 39.0, Diff: 0.3, Sum: 77.7]
      [Termination (ms): Min: 0.0, Avg: 0.0, Max: 0.0, Diff: 0.0, Sum: 0.0]
         [Termination Attempts: Min: 1, Avg: 1.0, Max: 1, Diff: 0, Sum: 2]
      [GC Worker Other (ms): Min: 0.0, Avg: 0.0, Max: 0.0, Diff: 0.0, Sum: 0.0]
      [GC Worker Total (ms): Min: 48.4, Avg: 48.4, Max: 48.4, Diff: 0.0, Sum: 96.8]
      [GC Worker End (ms): Min: 35434750.2, Avg: 35434750.2, Max: 35434750.2, Diff: 0.0]
   [Code Root Fixup: 0.1 ms]
   [Code Root Purge: 0.0 ms]
   [Clear CT: 0.1 ms]
   [Other: 1.7 ms]
      [Choose CSet: 0.0 ms]
      [Ref Proc: 0.3 ms]
      [Ref Enq: 0.0 ms]
      [Redirty Cards: 0.1 ms]
      [Humongous Register: 0.1 ms]
      [Humongous Reclaim: 0.0 ms]
      [Free CSet: 1.0 ms]
   [Eden: 46.0M(46.0M)->0.0B(44.0M) Survivors: 5120.0K->7168.0K Heap: 303.9M(1024.0M)->260.2M(1024.0M)]
 [Times: user=0.10 sys=0.00, real=0.05 secs] 
2017-09-20T18:14:19.639+0900: 35534.333: [GC pause (G1 Evacuation Pause) (young), 0.0224496 secs]
   [Parallel Time: 21.6 ms, GC Workers: 2]
      [GC Worker Start (ms): Min: 35534333.2, Avg: 35534333.2, Max: 35534333.2, Diff: 0.0]
      [Ext Root Scanning (ms): Min: 0.8, Avg: 0.8, Max: 0.9, Diff: 0.1, Sum: 1.7]
      [Update RS (ms): Min: 1.4, Avg: 1.5, Max: 1.7, Diff: 0.3, Sum: 3.1]
         [Processed Buffers: Min: 9, Avg: 15.0, Max: 21, Diff: 12, Sum: 30]
      [Scan RS (ms): Min: 0.5, Avg: 0.7, Max: 0.9, Diff: 0.3, Sum: 1.4]
      [Code Root Scanning (ms): Min: 0.0, Avg: 0.0, Max: 0.0, Diff: 0.0, Sum: 0.0]
      [Object Copy (ms): Min: 18.5, Avg: 18.5, Max: 18.5, Diff: 0.1, Sum: 37.0]
      [Termination (ms): Min: 0.0, Avg: 0.0, Max: 0.0, Diff: 0.0, Sum: 0.0]
         [Termination Attempts: Min: 1, Avg: 1.0, Max: 1, Diff: 0, Sum: 2]
      [GC Worker Other (ms): Min: 0.0, Avg: 0.0, Max: 0.0, Diff: 0.0, Sum: 0.0]
      [GC Worker Total (ms): Min: 21.6, Avg: 21.6, Max: 21.6, Diff: 0.0, Sum: 43.2]
      [GC Worker End (ms): Min: 35534354.8, Avg: 35534354.8, Max: 35534354.8, Diff: 0.0]
   [Code Root Fixup: 0.1 ms]
   [Code Root Purge: 0.0 ms]
   [Clear CT: 0.1 ms]
   [Other: 0.6 ms]
      [Choose CSet: 0.0 ms]
      [Ref Proc: 0.2 ms]
      [Ref Enq: 0.0 ms]
      [Redirty Cards: 0.1 ms]
      [Humongous Register: 0.1 ms]
      [Humongous Reclaim: 0.0 ms]
      [Free CSet: 0.1 ms]
   [Eden: 44.0M(44.0M)->0.0B(46.0M) Survivors: 7168.0K->5120.0K Heap: 304.2M(1024.0M)->262.4M(1024.0M)]
 [Times: user=0.03 sys=0.00, real=0.02 secs] 
2017-09-20T18:16:04.521+0900: 35639.215: [GC pause (G1 Evacuation Pause) (young), 0.0199152 secs]
   [Parallel Time: 19.0 ms, GC Workers: 2]
      [GC Worker Start (ms): Min: 35639214.9, Avg: 35639215.1, Max: 35639215.3, Diff: 0.4]
      [Ext Root Scanning (ms): Min: 0.6, Avg: 0.8, Max: 1.0, Diff: 0.4, Sum: 1.6]
      [Update RS (ms): Min: 1.8, Avg: 1.8, Max: 1.9, Diff: 0.0, Sum: 3.7]
         [Processed Buffers: Min: 16, Avg: 16.5, Max: 17, Diff: 1, Sum: 33]
      [Scan RS (ms): Min: 0.6, Avg: 0.6, Max: 0.6, Diff: 0.0, Sum: 1.3]
      [Code Root Scanning (ms): Min: 0.0, Avg: 0.0, Max: 0.0, Diff: 0.0, Sum: 0.0]
      [Object Copy (ms): Min: 15.3, Avg: 15.3, Max: 15.3, Diff: 0.0, Sum: 30.7]
      [Termination (ms): Min: 0.0, Avg: 0.0, Max: 0.0, Diff: 0.0, Sum: 0.0]
         [Termination Attempts: Min: 1, Avg: 1.0, Max: 1, Diff: 0, Sum: 2]
      [GC Worker Other (ms): Min: 0.0, Avg: 0.0, Max: 0.0, Diff: 0.0, Sum: 0.0]
      [GC Worker Total (ms): Min: 18.4, Avg: 18.7, Max: 18.9, Diff: 0.4, Sum: 37.3]
      [GC Worker End (ms): Min: 35639233.8, Avg: 35639233.8, Max: 35639233.8, Diff: 0.0]
   [Code Root Fixup: 0.1 ms]
   [Code Root Purge: 0.0 ms]
   [Clear CT: 0.1 ms]
   [Other: 0.8 ms]
      [Choose CSet: 0.0 ms]
      [Ref Proc: 0.3 ms]
      [Ref Enq: 0.0 ms]
      [Redirty Cards: 0.1 ms]
      [Humongous Register: 0.0 ms]
      [Humongous Reclaim: 0.0 ms]
      [Free CSet: 0.0 ms]
   [Eden: 46.0M(46.0M)->0.0B(45.0M) Survivors: 5120.0K->6144.0K Heap: 308.4M(1024.0M)->263.9M(1024.0M)]
 [Times: user=0.04 sys=0.00, real=0.02 secs] 
2017-09-20T18:17:46.846+0900: 35741.540: [GC pause (G1 Evacuation Pause) (young), 0.0073597 secs]
   [Parallel Time: 6.5 ms, GC Workers: 2]
      [GC Worker Start (ms): Min: 35741540.5, Avg: 35741540.5, Max: 35741540.5, Diff: 0.0]
      [Ext Root Scanning (ms): Min: 0.6, Avg: 0.6, Max: 0.6, Diff: 0.0, Sum: 1.2]
      [Update RS (ms): Min: 0.9, Avg: 0.9, Max: 1.0, Diff: 0.0, Sum: 1.9]
         [Processed Buffers: Min: 10, Avg: 17.0, Max: 24, Diff: 14, Sum: 34]
      [Scan RS (ms): Min: 0.4, Avg: 0.4, Max: 0.5, Diff: 0.0, Sum: 0.9]
      [Code Root Scanning (ms): Min: 0.0, Avg: 0.0, Max: 0.0, Diff: 0.0, Sum: 0.0]
      [Object Copy (ms): Min: 4.5, Avg: 4.5, Max: 4.5, Diff: 0.0, Sum: 8.9]
      [Termination (ms): Min: 0.0, Avg: 0.0, Max: 0.0, Diff: 0.0, Sum: 0.0]
         [Termination Attempts: Min: 1, Avg: 1.0, Max: 1, Diff: 0, Sum: 2]
      [GC Worker Other (ms): Min: 0.0, Avg: 0.0, Max: 0.0, Diff: 0.0, Sum: 0.0]
      [GC Worker Total (ms): Min: 6.5, Avg: 6.5, Max: 6.5, Diff: 0.0, Sum: 13.0]
      [GC Worker End (ms): Min: 35741547.0, Avg: 35741547.0, Max: 35741547.0, Diff: 0.0]
   [Code Root Fixup: 0.0 ms]
   [Code Root Purge: 0.0 ms]
   [Clear CT: 0.1 ms]
   [Other: 0.7 ms]
      [Choose CSet: 0.0 ms]
      [Ref Proc: 0.3 ms]
      [Ref Enq: 0.0 ms]
      [Redirty Cards: 0.1 ms]
      [Humongous Register: 0.0 ms]
      [Humongous Reclaim: 0.0 ms]
      [Free CSet: 0.0 ms]
   [Eden: 45.0M(45.0M)->0.0B(47.0M) Survivors: 6144.0K->4096.0K Heap: 308.9M(1024.0M)->262.2M(1024.0M)]
 [Times: user=0.01 sys=0.00, real=0.00 secs] 
2017-09-20T18:19:33.076+0900: 35847.770: [GC pause (G1 Evacuation Pause) (young), 0.0373026 secs]
   [Parallel Time: 35.1 ms, GC Workers: 2]
      [GC Worker Start (ms): Min: 35847770.2, Avg: 35847770.2, Max: 35847770.3, Diff: 0.1]
      [Ext Root Scanning (ms): Min: 1.8, Avg: 1.8, Max: 1.9, Diff: 0.1, Sum: 3.7]
      [Update RS (ms): Min: 4.8, Avg: 4.8, Max: 4.9, Diff: 0.1, Sum: 9.6]
         [Processed Buffers: Min: 11, Avg: 18.0, Max: 25, Diff: 14, Sum: 36]
      [Scan RS (ms): Min: 2.2, Avg: 2.2, Max: 2.3, Diff: 0.1, Sum: 4.4]
      [Code Root Scanning (ms): Min: 0.0, Avg: 0.0, Max: 0.0, Diff: 0.0, Sum: 0.0]
      [Object Copy (ms): Min: 25.9, Avg: 25.9, Max: 26.0, Diff: 0.0, Sum: 51.9]
      [Termination (ms): Min: 0.0, Avg: 0.0, Max: 0.0, Diff: 0.0, Sum: 0.0]
         [Termination Attempts: Min: 2, Avg: 4.0, Max: 6, Diff: 4, Sum: 8]
      [GC Worker Other (ms): Min: 0.0, Avg: 0.0, Max: 0.0, Diff: 0.0, Sum: 0.1]
      [GC Worker Total (ms): Min: 34.8, Avg: 34.9, Max: 34.9, Diff: 0.1, Sum: 69.8]
      [GC Worker End (ms): Min: 35847805.1, Avg: 35847805.1, Max: 35847805.1, Diff: 0.0]
   [Code Root Fixup: 0.2 ms]
   [Code Root Purge: 0.0 ms]
   [Clear CT: 0.2 ms]
   [Other: 1.8 ms]
      [Choose CSet: 0.0 ms]
      [Ref Proc: 0.8 ms]
      [Ref Enq: 0.0 ms]
      [Redirty Cards: 0.4 ms]
      [Humongous Register: 0.1 ms]
      [Humongous Reclaim: 0.0 ms]
      [Free CSet: 0.1 ms]
   [Eden: 47.0M(47.0M)->0.0B(46.0M) Survivors: 4096.0K->5120.0K Heap: 309.2M(1024.0M)->263.7M(1024.0M)]
 [Times: user=0.07 sys=0.01, real=0.03 secs] 
2017-09-20T18:21:17.848+0900: 35952.542: [GC pause (G1 Evacuation Pause) (young), 0.0401721 secs]
   [Parallel Time: 38.6 ms, GC Workers: 2]
      [GC Worker Start (ms): Min: 35952542.1, Avg: 35952542.1, Max: 35952542.2, Diff: 0.1]
      [Ext Root Scanning (ms): Min: 1.9, Avg: 2.0, Max: 2.1, Diff: 0.2, Sum: 4.0]
      [Update RS (ms): Min: 3.0, Avg: 3.0, Max: 3.0, Diff: 0.1, Sum: 6.0]
         [Processed Buffers: Min: 6, Avg: 17.0, Max: 28, Diff: 22, Sum: 34]
      [Scan RS (ms): Min: 2.6, Avg: 2.8, Max: 3.0, Diff: 0.4, Sum: 5.6]
      [Code Root Scanning (ms): Min: 0.0, Avg: 0.0, Max: 0.0, Diff: 0.0, Sum: 0.0]
      [Object Copy (ms): Min: 30.2, Avg: 30.5, Max: 30.8, Diff: 0.6, Sum: 61.0]
      [Termination (ms): Min: 0.0, Avg: 0.1, Max: 0.2, Diff: 0.1, Sum: 0.2]
         [Termination Attempts: Min: 3, Avg: 3.0, Max: 3, Diff: 0, Sum: 6]
      [GC Worker Other (ms): Min: 0.0, Avg: 0.0, Max: 0.0, Diff: 0.0, Sum: 0.0]
      [GC Worker Total (ms): Min: 38.3, Avg: 38.4, Max: 38.5, Diff: 0.2, Sum: 76.8]
      [GC Worker End (ms): Min: 35952580.5, Avg: 35952580.5, Max: 35952580.6, Diff: 0.1]
   [Code Root Fixup: 0.1 ms]
   [Code Root Purge: 0.0 ms]
   [Clear CT: 0.2 ms]
   [Other: 1.3 ms]
      [Choose CSet: 0.0 ms]
      [Ref Proc: 0.4 ms]
      [Ref Enq: 0.0 ms]
      [Redirty Cards: 0.3 ms]
      [Humongous Register: 0.1 ms]
      [Humongous Reclaim: 0.0 ms]
      [Free CSet: 0.0 ms]
   [Eden: 46.0M(46.0M)->0.0B(45.0M) Survivors: 5120.0K->6144.0K Heap: 309.7M(1024.0M)->265.5M(1024.0M)]
 [Times: user=0.07 sys=0.00, real=0.04 secs] 
2017-09-20T18:22:57.488+0900: 36052.182: [GC pause (G1 Evacuation Pause) (young), 0.0552267 secs]
   [Parallel Time: 47.0 ms, GC Workers: 2]
      [GC Worker Start (ms): Min: 36052182.5, Avg: 36052182.6, Max: 36052182.6, Diff: 0.1]
      [Ext Root Scanning (ms): Min: 1.9, Avg: 1.9, Max: 2.0, Diff: 0.1, Sum: 3.9]
      [Update RS (ms): Min: 4.3, Avg: 4.3, Max: 4.3, Diff: 0.1, Sum: 8.6]
         [Processed Buffers: Min: 12, Avg: 17.5, Max: 23, Diff: 11, Sum: 35]
      [Scan RS (ms): Min: 3.2, Avg: 3.2, Max: 3.3, Diff: 0.1, Sum: 6.4]
      [Code Root Scanning (ms): Min: 0.0, Avg: 0.0, Max: 0.0, Diff: 0.0, Sum: 0.0]
      [Object Copy (ms): Min: 37.1, Avg: 37.1, Max: 37.2, Diff: 0.2, Sum: 74.3]
      [Termination (ms): Min: 0.0, Avg: 0.1, Max: 0.1, Diff: 0.1, Sum: 0.2]
         [Termination Attempts: Min: 6, Avg: 9.5, Max: 13, Diff: 7, Sum: 19]
      [GC Worker Other (ms): Min: 0.0, Avg: 0.0, Max: 0.0, Diff: 0.0, Sum: 0.0]
      [GC Worker Total (ms): Min: 46.7, Avg: 46.7, Max: 46.8, Diff: 0.1, Sum: 93.4]
      [GC Worker End (ms): Min: 36052229.3, Avg: 36052229.3, Max: 36052229.3, Diff: 0.0]
   [Code Root Fixup: 0.1 ms]
   [Code Root Purge: 0.0 ms]
   [Clear CT: 0.1 ms]
   [Other: 7.9 ms]
      [Choose CSet: 0.0 ms]
      [Ref Proc: 7.0 ms]
      [Ref Enq: 0.0 ms]
      [Redirty Cards: 0.2 ms]
      [Humongous Register: 0.2 ms]
      [Humongous Reclaim: 0.0 ms]
      [Free CSet: 0.0 ms]
   [Eden: 45.0M(45.0M)->0.0B(45.0M) Survivors: 6144.0K->6144.0K Heap: 310.5M(1024.0M)->269.3M(1024.0M)]
 [Times: user=0.10 sys=0.00, real=0.05 secs] 
2017-09-20T18:24:39.591+0900: 36154.285: [GC pause (G1 Evacuation Pause) (young), 0.0125760 secs]
   [Parallel Time: 11.6 ms, GC Workers: 2]
      [GC Worker Start (ms): Min: 36154285.4, Avg: 36154285.5, Max: 36154285.5, Diff: 0.0]
      [Ext Root Scanning (ms): Min: 0.8, Avg: 0.9, Max: 0.9, Diff: 0.1, Sum: 1.7]
      [Update RS (ms): Min: 0.8, Avg: 0.8, Max: 0.8, Diff: 0.0, Sum: 1.5]
         [Processed Buffers: Min: 2, Avg: 16.0, Max: 30, Diff: 28, Sum: 32]
      [Scan RS (ms): Min: 0.9, Avg: 0.9, Max: 0.9, Diff: 0.0, Sum: 1.8]
      [Code Root Scanning (ms): Min: 0.0, Avg: 0.0, Max: 0.0, Diff: 0.0, Sum: 0.0]
      [Object Copy (ms): Min: 9.0, Avg: 9.0, Max: 9.0, Diff: 0.0, Sum: 18.1]
      [Termination (ms): Min: 0.0, Avg: 0.0, Max: 0.0, Diff: 0.0, Sum: 0.0]
         [Termination Attempts: Min: 1, Avg: 1.0, Max: 1, Diff: 0, Sum: 2]
      [GC Worker Other (ms): Min: 0.0, Avg: 0.0, Max: 0.0, Diff: 0.0, Sum: 0.0]
      [GC Worker Total (ms): Min: 11.5, Avg: 11.6, Max: 11.6, Diff: 0.0, Sum: 23.1]
      [GC Worker End (ms): Min: 36154297.0, Avg: 36154297.0, Max: 36154297.0, Diff: 0.0]
   [Code Root Fixup: 0.1 ms]
   [Code Root Purge: 0.0 ms]
   [Clear CT: 0.1 ms]
   [Other: 0.8 ms]
      [Choose CSet: 0.0 ms]
      [Ref Proc: 0.3 ms]
      [Ref Enq: 0.0 ms]
      [Redirty Cards: 0.1 ms]
      [Humongous Register: 0.1 ms]
      [Humongous Reclaim: 0.0 ms]
      [Free CSet: 0.0 ms]
   [Eden: 45.0M(45.0M)->0.0B(46.0M) Survivors: 6144.0K->5120.0K Heap: 314.3M(1024.0M)->271.0M(1024.0M)]
 [Times: user=0.02 sys=0.00, real=0.01 secs] 
2017-09-20T18:26:24.462+0900: 36259.156: [GC pause (G1 Evacuation Pause) (young), 0.0115169 secs]
   [Parallel Time: 10.4 ms, GC Workers: 2]
      [GC Worker Start (ms): Min: 36259156.5, Avg: 36259156.5, Max: 36259156.5, Diff: 0.0]
      [Ext Root Scanning (ms): Min: 0.8, Avg: 0.9, Max: 0.9, Diff: 0.1, Sum: 1.7]
      [Update RS (ms): Min: 0.8, Avg: 0.8, Max: 0.9, Diff: 0.0, Sum: 1.7]
         [Processed Buffers: Min: 11, Avg: 16.5, Max: 22, Diff: 11, Sum: 33]
      [Scan RS (ms): Min: 1.2, Avg: 1.2, Max: 1.2, Diff: 0.0, Sum: 2.4]
      [Code Root Scanning (ms): Min: 0.0, Avg: 0.0, Max: 0.0, Diff: 0.0, Sum: 0.0]
      [Object Copy (ms): Min: 7.4, Avg: 7.4, Max: 7.4, Diff: 0.0, Sum: 14.8]
      [Termination (ms): Min: 0.0, Avg: 0.0, Max: 0.0, Diff: 0.0, Sum: 0.0]
         [Termination Attempts: Min: 1, Avg: 1.0, Max: 1, Diff: 0, Sum: 2]
      [GC Worker Other (ms): Min: 0.0, Avg: 0.0, Max: 0.0, Diff: 0.0, Sum: 0.0]
      [GC Worker Total (ms): Min: 10.3, Avg: 10.3, Max: 10.3, Diff: 0.0, Sum: 20.6]
      [GC Worker End (ms): Min: 36259166.8, Avg: 36259166.8, Max: 36259166.8, Diff: 0.0]
   [Code Root Fixup: 0.1 ms]
   [Code Root Purge: 0.0 ms]
   [Clear CT: 0.2 ms]
   [Other: 0.9 ms]
      [Choose CSet: 0.0 ms]
      [Ref Proc: 0.3 ms]
      [Ref Enq: 0.0 ms]
      [Redirty Cards: 0.3 ms]
      [Humongous Register: 0.0 ms]
      [Humongous Reclaim: 0.0 ms]
      [Free CSet: 0.0 ms]
   [Eden: 46.0M(46.0M)->0.0B(48.0M) Survivors: 5120.0K->3072.0K Heap: 317.0M(1024.0M)->270.5M(1024.0M)]
 [Times: user=0.02 sys=0.00, real=0.01 secs] 
2017-09-20T18:28:13.181+0900: 36367.875: [GC pause (G1 Evacuation Pause) (young), 0.0366199 secs]
   [Parallel Time: 34.5 ms, GC Workers: 2]
      [GC Worker Start (ms): Min: 36367875.8, Avg: 36367876.1, Max: 36367876.4, Diff: 0.6]
      [Ext Root Scanning (ms): Min: 2.2, Avg: 2.4, Max: 2.7, Diff: 0.6, Sum: 4.9]
      [Update RS (ms): Min: 2.9, Avg: 3.1, Max: 3.3, Diff: 0.4, Sum: 6.2]
         [Processed Buffers: Min: 2, Avg: 17.5, Max: 33, Diff: 31, Sum: 35]
      [Scan RS (ms): Min: 0.5, Avg: 0.7, Max: 1.0, Diff: 0.4, Sum: 1.5]
      [Code Root Scanning (ms): Min: 0.0, Avg: 0.0, Max: 0.0, Diff: 0.0, Sum: 0.0]
      [Object Copy (ms): Min: 27.5, Avg: 27.6, Max: 27.6, Diff: 0.0, Sum: 55.1]
      [Termination (ms): Min: 0.0, Avg: 0.0, Max: 0.0, Diff: 0.0, Sum: 0.0]
         [Termination Attempts: Min: 1, Avg: 1.0, Max: 1, Diff: 0, Sum: 2]
      [GC Worker Other (ms): Min: 0.0, Avg: 0.0, Max: 0.0, Diff: 0.0, Sum: 0.1]
      [GC Worker Total (ms): Min: 33.6, Avg: 33.9, Max: 34.2, Diff: 0.6, Sum: 67.8]
      [GC Worker End (ms): Min: 36367910.0, Avg: 36367910.0, Max: 36367910.0, Diff: 0.0]
   [Code Root Fixup: 0.1 ms]
   [Code Root Purge: 0.0 ms]
   [Clear CT: 0.2 ms]
   [Other: 1.8 ms]
      [Choose CSet: 0.0 ms]
      [Ref Proc: 0.6 ms]
      [Ref Enq: 0.0 ms]
      [Redirty Cards: 0.4 ms]
      [Humongous Register: 0.1 ms]
      [Humongous Reclaim: 0.0 ms]
      [Free CSet: 0.1 ms]
   [Eden: 48.0M(48.0M)->0.0B(46.0M) Survivors: 3072.0K->5120.0K Heap: 318.5M(1024.0M)->272.5M(1024.0M)]
 [Times: user=0.07 sys=0.00, real=0.04 secs] 
2017-09-20T18:29:58.415+0900: 36473.109: [GC pause (G1 Evacuation Pause) (young), 0.0307530 secs]
   [Parallel Time: 29.5 ms, GC Workers: 2]
      [GC Worker Start (ms): Min: 36473109.0, Avg: 36473109.1, Max: 36473109.1, Diff: 0.1]
      [Ext Root Scanning (ms): Min: 1.6, Avg: 1.7, Max: 1.8, Diff: 0.2, Sum: 3.4]
      [Update RS (ms): Min: 1.7, Avg: 1.7, Max: 1.8, Diff: 0.2, Sum: 3.5]
         [Processed Buffers: Min: 6, Avg: 17.0, Max: 28, Diff: 22, Sum: 34]
      [Scan RS (ms): Min: 0.8, Avg: 0.9, Max: 1.0, Diff: 0.2, Sum: 1.7]
      [Code Root Scanning (ms): Min: 0.0, Avg: 0.0, Max: 0.0, Diff: 0.0, Sum: 0.0]
      [Object Copy (ms): Min: 24.9, Avg: 24.9, Max: 25.0, Diff: 0.1, Sum: 49.9]
      [Termination (ms): Min: 0.0, Avg: 0.0, Max: 0.0, Diff: 0.0, Sum: 0.0]
         [Termination Attempts: Min: 1, Avg: 1.0, Max: 1, Diff: 0, Sum: 2]
      [GC Worker Other (ms): Min: 0.0, Avg: 0.0, Max: 0.0, Diff: 0.0, Sum: 0.0]
      [GC Worker Total (ms): Min: 29.2, Avg: 29.3, Max: 29.3, Diff: 0.1, Sum: 58.5]
      [GC Worker End (ms): Min: 36473138.3, Avg: 36473138.3, Max: 36473138.3, Diff: 0.0]
   [Code Root Fixup: 0.1 ms]
   [Code Root Purge: 0.0 ms]
   [Clear CT: 0.2 ms]
   [Other: 1.0 ms]
      [Choose CSet: 0.0 ms]
      [Ref Proc: 0.3 ms]
      [Ref Enq: 0.0 ms]
      [Redirty Cards: 0.2 ms]
      [Humongous Register: 0.1 ms]
      [Humongous Reclaim: 0.0 ms]
      [Free CSet: 0.0 ms]
   [Eden: 46.0M(46.0M)->0.0B(44.0M) Survivors: 5120.0K->7168.0K Heap: 318.5M(1024.0M)->274.9M(1024.0M)]
 [Times: user=0.06 sys=0.00, real=0.02 secs] 
2017-09-20T18:31:38.868+0900: 36573.562: [GC pause (G1 Evacuation Pause) (young), 0.0501052 secs]
   [Parallel Time: 48.8 ms, GC Workers: 2]
      [GC Worker Start (ms): Min: 36573562.5, Avg: 36573562.5, Max: 36573562.5, Diff: 0.1]
      [Ext Root Scanning (ms): Min: 2.0, Avg: 2.1, Max: 2.3, Diff: 0.2, Sum: 4.3]
      [Update RS (ms): Min: 2.9, Avg: 3.0, Max: 3.1, Diff: 0.1, Sum: 6.0]
         [Processed Buffers: Min: 7, Avg: 16.5, Max: 26, Diff: 19, Sum: 33]
      [Scan RS (ms): Min: 1.4, Avg: 1.5, Max: 1.6, Diff: 0.2, Sum: 3.1]
      [Code Root Scanning (ms): Min: 0.0, Avg: 0.0, Max: 0.0, Diff: 0.0, Sum: 0.0]
      [Object Copy (ms): Min: 41.9, Avg: 41.9, Max: 41.9, Diff: 0.1, Sum: 83.8]
      [Termination (ms): Min: 0.0, Avg: 0.0, Max: 0.0, Diff: 0.0, Sum: 0.0]
         [Termination Attempts: Min: 1, Avg: 1.0, Max: 1, Diff: 0, Sum: 2]
      [GC Worker Other (ms): Min: 0.0, Avg: 0.0, Max: 0.0, Diff: 0.0, Sum: 0.0]
      [GC Worker Total (ms): Min: 48.6, Avg: 48.6, Max: 48.7, Diff: 0.1, Sum: 97.2]
      [GC Worker End (ms): Min: 36573611.1, Avg: 36573611.1, Max: 36573611.1, Diff: 0.0]
   [Code Root Fixup: 0.1 ms]
   [Code Root Purge: 0.0 ms]
   [Clear CT: 0.2 ms]
   [Other: 1.0 ms]
      [Choose CSet: 0.0 ms]
      [Ref Proc: 0.3 ms]
      [Ref Enq: 0.0 ms]
      [Redirty Cards: 0.3 ms]
      [Humongous Register: 0.1 ms]
      [Humongous Reclaim: 0.0 ms]
      [Free CSet: 0.0 ms]
   [Eden: 44.0M(44.0M)->0.0B(46.0M) Survivors: 7168.0K->5120.0K Heap: 318.9M(1024.0M)->277.2M(1024.0M)]
 [Times: user=0.10 sys=0.00, real=0.05 secs] 
2017-09-20T18:33:23.288+0900: 36677.982: [GC pause (G1 Evacuation Pause) (young), 0.0166857 secs]
   [Parallel Time: 14.3 ms, GC Workers: 2]
      [GC Worker Start (ms): Min: 36677982.2, Avg: 36677982.3, Max: 36677982.3, Diff: 0.1]
      [Ext Root Scanning (ms): Min: 1.8, Avg: 1.9, Max: 1.9, Diff: 0.1, Sum: 3.7]
      [Update RS (ms): Min: 2.1, Avg: 2.1, Max: 2.1, Diff: 0.0, Sum: 4.3]
         [Processed Buffers: Min: 10, Avg: 17.5, Max: 25, Diff: 15, Sum: 35]
      [Scan RS (ms): Min: 1.9, Avg: 1.9, Max: 2.0, Diff: 0.1, Sum: 3.8]
      [Code Root Scanning (ms): Min: 0.0, Avg: 0.0, Max: 0.0, Diff: 0.0, Sum: 0.0]
      [Object Copy (ms): Min: 8.2, Avg: 8.3, Max: 8.3, Diff: 0.1, Sum: 16.6]
      [Termination (ms): Min: 0.0, Avg: 0.0, Max: 0.0, Diff: 0.0, Sum: 0.0]
         [Termination Attempts: Min: 1, Avg: 1.0, Max: 1, Diff: 0, Sum: 2]
      [GC Worker Other (ms): Min: 0.0, Avg: 0.0, Max: 0.0, Diff: 0.0, Sum: 0.0]
      [GC Worker Total (ms): Min: 14.2, Avg: 14.2, Max: 14.2, Diff: 0.1, Sum: 28.4]
      [GC Worker End (ms): Min: 36677996.5, Avg: 36677996.5, Max: 36677996.5, Diff: 0.0]
   [Code Root Fixup: 0.2 ms]
   [Code Root Purge: 0.0 ms]
   [Clear CT: 0.3 ms]
   [Other: 1.9 ms]
      [Choose CSet: 0.0 ms]
      [Ref Proc: 0.8 ms]
      [Ref Enq: 0.0 ms]
      [Redirty Cards: 0.6 ms]
      [Humongous Register: 0.1 ms]
      [Humongous Reclaim: 0.0 ms]
      [Free CSet: 0.1 ms]
   [Eden: 46.0M(46.0M)->0.0B(48.0M) Survivors: 5120.0K->3072.0K Heap: 323.2M(1024.0M)->275.2M(1024.0M)]
 [Times: user=0.03 sys=0.00, real=0.01 secs] 
2017-09-20T18:35:12.834+0900: 36787.528: [GC pause (G1 Evacuation Pause) (young), 0.0322817 secs]
   [Parallel Time: 29.7 ms, GC Workers: 2]
      [GC Worker Start (ms): Min: 36787528.7, Avg: 36787528.8, Max: 36787528.9, Diff: 0.2]
      [Ext Root Scanning (ms): Min: 1.7, Avg: 1.8, Max: 2.0, Diff: 0.2, Sum: 3.7]
      [Update RS (ms): Min: 1.8, Avg: 1.8, Max: 1.9, Diff: 0.1, Sum: 3.6]
         [Processed Buffers: Min: 1, Avg: 15.5, Max: 30, Diff: 29, Sum: 31]
      [Scan RS (ms): Min: 2.5, Avg: 2.6, Max: 2.7, Diff: 0.2, Sum: 5.1]
      [Code Root Scanning (ms): Min: 0.0, Avg: 0.0, Max: 0.0, Diff: 0.0, Sum: 0.0]
      [Object Copy (ms): Min: 23.1, Avg: 23.1, Max: 23.2, Diff: 0.0, Sum: 46.3]
      [Termination (ms): Min: 0.0, Avg: 0.0, Max: 0.0, Diff: 0.0, Sum: 0.0]
         [Termination Attempts: Min: 1, Avg: 1.0, Max: 1, Diff: 0, Sum: 2]
      [GC Worker Other (ms): Min: 0.0, Avg: 0.0, Max: 0.0, Diff: 0.0, Sum: 0.0]
      [GC Worker Total (ms): Min: 29.3, Avg: 29.4, Max: 29.5, Diff: 0.2, Sum: 58.8]
      [GC Worker End (ms): Min: 36787558.2, Avg: 36787558.2, Max: 36787558.2, Diff: 0.0]
   [Code Root Fixup: 0.2 ms]
   [Code Root Purge: 0.0 ms]
   [Clear CT: 0.3 ms]
   [Other: 2.0 ms]
      [Choose CSet: 0.0 ms]
      [Ref Proc: 0.8 ms]
      [Ref Enq: 0.0 ms]
      [Redirty Cards: 0.4 ms]
      [Humongous Register: 0.1 ms]
      [Humongous Reclaim: 0.0 ms]
      [Free CSet: 0.1 ms]
   [Eden: 48.0M(48.0M)->0.0B(46.0M) Survivors: 3072.0K->5120.0K Heap: 323.2M(1024.0M)->277.2M(1024.0M)]
 [Times: user=0.06 sys=0.00, real=0.04 secs] 
2017-09-20T18:36:57.756+0900: 36892.450: [GC pause (G1 Evacuation Pause) (young), 0.0346683 secs]
   [Parallel Time: 33.3 ms, GC Workers: 2]
      [GC Worker Start (ms): Min: 36892450.2, Avg: 36892450.2, Max: 36892450.3, Diff: 0.0]
      [Ext Root Scanning (ms): Min: 1.8, Avg: 1.8, Max: 1.8, Diff: 0.0, Sum: 3.6]
      [Update RS (ms): Min: 2.5, Avg: 2.5, Max: 2.6, Diff: 0.1, Sum: 5.0]
         [Processed Buffers: Min: 7, Avg: 17.0, Max: 27, Diff: 20, Sum: 34]
      [Scan RS (ms): Min: 2.3, Avg: 2.3, Max: 2.3, Diff: 0.0, Sum: 4.6]
      [Code Root Scanning (ms): Min: 0.0, Avg: 0.0, Max: 0.0, Diff: 0.0, Sum: 0.0]
      [Object Copy (ms): Min: 26.4, Avg: 26.5, Max: 26.5, Diff: 0.1, Sum: 52.9]
      [Termination (ms): Min: 0.0, Avg: 0.0, Max: 0.0, Diff: 0.0, Sum: 0.0]
         [Termination Attempts: Min: 1, Avg: 1.0, Max: 1, Diff: 0, Sum: 2]
      [GC Worker Other (ms): Min: 0.0, Avg: 0.0, Max: 0.0, Diff: 0.0, Sum: 0.0]
      [GC Worker Total (ms): Min: 33.1, Avg: 33.1, Max: 33.1, Diff: 0.0, Sum: 66.2]
      [GC Worker End (ms): Min: 36892483.3, Avg: 36892483.3, Max: 36892483.3, Diff: 0.0]
   [Code Root Fixup: 0.1 ms]
   [Code Root Purge: 0.0 ms]
   [Clear CT: 0.2 ms]
   [Other: 1.1 ms]
      [Choose CSet: 0.0 ms]
      [Ref Proc: 0.4 ms]
      [Ref Enq: 0.0 ms]
      [Redirty Cards: 0.2 ms]
      [Humongous Register: 0.1 ms]
      [Humongous Reclaim: 0.0 ms]
      [Free CSet: 0.0 ms]
   [Eden: 46.0M(46.0M)->0.0B(45.0M) Survivors: 5120.0K->6144.0K Heap: 323.2M(1024.0M)->278.2M(1024.0M)]
 [Times: user=0.07 sys=0.00, real=0.03 secs] 
2017-09-20T18:38:40.242+0900: 36994.936: [GC pause (G1 Evacuation Pause) (young), 0.0346126 secs]
   [Parallel Time: 33.0 ms, GC Workers: 2]
      [GC Worker Start (ms): Min: 36994936.7, Avg: 36994936.8, Max: 36994936.8, Diff: 0.1]
      [Ext Root Scanning (ms): Min: 1.9, Avg: 1.9, Max: 1.9, Diff: 0.1, Sum: 3.8]
      [Update RS (ms): Min: 2.7, Avg: 2.7, Max: 2.8, Diff: 0.0, Sum: 5.5]
         [Processed Buffers: Min: 7, Avg: 16.5, Max: 26, Diff: 19, Sum: 33]
      [Scan RS (ms): Min: 2.0, Avg: 2.0, Max: 2.1, Diff: 0.1, Sum: 4.0]
      [Code Root Scanning (ms): Min: 0.0, Avg: 0.0, Max: 0.0, Diff: 0.0, Sum: 0.0]
      [Object Copy (ms): Min: 26.1, Avg: 26.1, Max: 26.1, Diff: 0.0, Sum: 52.2]
      [Termination (ms): Min: 0.0, Avg: 0.0, Max: 0.0, Diff: 0.0, Sum: 0.0]
         [Termination Attempts: Min: 1, Avg: 1.0, Max: 1, Diff: 0, Sum: 2]
      [GC Worker Other (ms): Min: 0.0, Avg: 0.0, Max: 0.0, Diff: 0.0, Sum: 0.0]
      [GC Worker Total (ms): Min: 32.8, Avg: 32.8, Max: 32.8, Diff: 0.1, Sum: 65.6]
      [GC Worker End (ms): Min: 36994969.6, Avg: 36994969.6, Max: 36994969.6, Diff: 0.0]
   [Code Root Fixup: 0.1 ms]
   [Code Root Purge: 0.0 ms]
   [Clear CT: 0.2 ms]
   [Other: 1.3 ms]
      [Choose CSet: 0.0 ms]
      [Ref Proc: 0.4 ms]
      [Ref Enq: 0.0 ms]
      [Redirty Cards: 0.3 ms]
      [Humongous Register: 0.1 ms]
      [Humongous Reclaim: 0.0 ms]
      [Free CSet: 0.1 ms]
   [Eden: 45.0M(45.0M)->0.0B(46.0M) Survivors: 6144.0K->5120.0K Heap: 323.2M(1024.0M)->280.4M(1024.0M)]
 [Times: user=0.06 sys=0.00, real=0.04 secs] 
2017-09-20T18:40:26.510+0900: 37101.204: [GC pause (G1 Evacuation Pause) (young), 0.0106287 secs]
   [Parallel Time: 9.0 ms, GC Workers: 2]
      [GC Worker Start (ms): Min: 37101204.2, Avg: 37101204.2, Max: 37101204.3, Diff: 0.0]
      [Ext Root Scanning (ms): Min: 0.6, Avg: 0.6, Max: 0.6, Diff: 0.1, Sum: 1.2]
      [Update RS (ms): Min: 0.7, Avg: 0.8, Max: 1.0, Diff: 0.3, Sum: 1.6]
         [Processed Buffers: Min: 9, Avg: 16.0, Max: 23, Diff: 14, Sum: 32]
      [Scan RS (ms): Min: 0.5, Avg: 0.6, Max: 0.8, Diff: 0.3, Sum: 1.2]
      [Code Root Scanning (ms): Min: 0.0, Avg: 0.0, Max: 0.0, Diff: 0.0, Sum: 0.0]
      [Object Copy (ms): Min: 6.9, Avg: 6.9, Max: 6.9, Diff: 0.0, Sum: 13.8]
      [Termination (ms): Min: 0.0, Avg: 0.0, Max: 0.0, Diff: 0.0, Sum: 0.0]
         [Termination Attempts: Min: 1, Avg: 1.0, Max: 1, Diff: 0, Sum: 2]
      [GC Worker Other (ms): Min: 0.0, Avg: 0.0, Max: 0.0, Diff: 0.0, Sum: 0.0]
      [GC Worker Total (ms): Min: 8.9, Avg: 8.9, Max: 8.9, Diff: 0.0, Sum: 17.9]
      [GC Worker End (ms): Min: 37101213.2, Avg: 37101213.2, Max: 37101213.2, Diff: 0.0]
   [Code Root Fixup: 0.0 ms]
   [Code Root Purge: 0.0 ms]
   [Clear CT: 0.2 ms]
   [Other: 1.4 ms]
      [Choose CSet: 0.0 ms]
      [Ref Proc: 0.6 ms]
      [Ref Enq: 0.0 ms]
      [Redirty Cards: 0.2 ms]
      [Humongous Register: 0.0 ms]
      [Humongous Reclaim: 0.0 ms]
      [Free CSet: 0.1 ms]
   [Eden: 46.0M(46.0M)->0.0B(44.0M) Survivors: 5120.0K->7168.0K Heap: 326.4M(1024.0M)->282.4M(1024.0M)]
 [Times: user=0.02 sys=0.00, real=0.01 secs] 
2017-09-20T18:42:06.771+0900: 37201.465: [GC pause (G1 Evacuation Pause) (young), 0.0241070 secs]
   [Parallel Time: 22.0 ms, GC Workers: 2]
      [GC Worker Start (ms): Min: 37201465.3, Avg: 37201465.3, Max: 37201465.3, Diff: 0.1]
      [Ext Root Scanning (ms): Min: 1.7, Avg: 1.8, Max: 1.9, Diff: 0.2, Sum: 3.6]
      [Update RS (ms): Min: 3.4, Avg: 3.7, Max: 4.1, Diff: 0.7, Sum: 7.4]
         [Processed Buffers: Min: 5, Avg: 16.0, Max: 27, Diff: 22, Sum: 32]
      [Scan RS (ms): Min: 2.2, Avg: 2.5, Max: 2.8, Diff: 0.6, Sum: 5.0]
      [Code Root Scanning (ms): Min: 0.0, Avg: 0.0, Max: 0.0, Diff: 0.0, Sum: 0.0]
      [Object Copy (ms): Min: 13.8, Avg: 13.9, Max: 13.9, Diff: 0.1, Sum: 27.7]
      [Termination (ms): Min: 0.0, Avg: 0.0, Max: 0.0, Diff: 0.0, Sum: 0.0]
         [Termination Attempts: Min: 1, Avg: 1.5, Max: 2, Diff: 1, Sum: 3]
      [GC Worker Other (ms): Min: 0.0, Avg: 0.0, Max: 0.0, Diff: 0.0, Sum: 0.0]
      [GC Worker Total (ms): Min: 21.9, Avg: 21.9, Max: 21.9, Diff: 0.1, Sum: 43.8]
      [GC Worker End (ms): Min: 37201487.2, Avg: 37201487.2, Max: 37201487.2, Diff: 0.0]
   [Code Root Fixup: 0.2 ms]
   [Code Root Purge: 0.0 ms]
   [Clear CT: 0.3 ms]
   [Other: 1.7 ms]
      [Choose CSet: 0.0 ms]
      [Ref Proc: 0.8 ms]
      [Ref Enq: 0.0 ms]
      [Redirty Cards: 0.2 ms]
      [Humongous Register: 0.1 ms]
      [Humongous Reclaim: 0.0 ms]
      [Free CSet: 0.1 ms]
   [Eden: 44.0M(44.0M)->0.0B(48.0M) Survivors: 7168.0K->3072.0K Heap: 326.4M(1024.0M)->279.1M(1024.0M)]
 [Times: user=0.04 sys=0.00, real=0.03 secs] 
2017-09-20T18:43:56.374+0900: 37311.068: [GC pause (G1 Evacuation Pause) (young), 0.0298145 secs]
   [Parallel Time: 28.4 ms, GC Workers: 2]
      [GC Worker Start (ms): Min: 37311068.1, Avg: 37311068.1, Max: 37311068.1, Diff: 0.0]
      [Ext Root Scanning (ms): Min: 2.1, Avg: 2.1, Max: 2.2, Diff: 0.1, Sum: 4.3]
      [Update RS (ms): Min: 1.6, Avg: 1.7, Max: 1.7, Diff: 0.1, Sum: 3.3]
         [Processed Buffers: Min: 15, Avg: 16.5, Max: 18, Diff: 3, Sum: 33]
      [Scan RS (ms): Min: 3.2, Avg: 3.3, Max: 3.4, Diff: 0.2, Sum: 6.6]
      [Code Root Scanning (ms): Min: 0.0, Avg: 0.0, Max: 0.0, Diff: 0.0, Sum: 0.0]
      [Object Copy (ms): Min: 20.9, Avg: 20.9, Max: 21.0, Diff: 0.1, Sum: 41.9]
      [Termination (ms): Min: 0.0, Avg: 0.1, Max: 0.2, Diff: 0.2, Sum: 0.2]
         [Termination Attempts: Min: 1, Avg: 1.0, Max: 1, Diff: 0, Sum: 2]
      [GC Worker Other (ms): Min: 0.0, Avg: 0.0, Max: 0.1, Diff: 0.0, Sum: 0.1]
      [GC Worker Total (ms): Min: 28.1, Avg: 28.2, Max: 28.2, Diff: 0.1, Sum: 56.3]
      [GC Worker End (ms): Min: 37311096.2, Avg: 37311096.2, Max: 37311096.3, Diff: 0.1]
   [Code Root Fixup: 0.1 ms]
   [Code Root Purge: 0.0 ms]
   [Clear CT: 0.1 ms]
   [Other: 1.1 ms]
      [Choose CSet: 0.0 ms]
      [Ref Proc: 0.4 ms]
      [Ref Enq: 0.0 ms]
      [Redirty Cards: 0.3 ms]
      [Humongous Register: 0.1 ms]
      [Humongous Reclaim: 0.0 ms]
      [Free CSet: 0.1 ms]
   [Eden: 48.0M(48.0M)->0.0B(46.0M) Survivors: 3072.0K->5120.0K Heap: 327.1M(1024.0M)->281.1M(1024.0M)]
 [Times: user=0.06 sys=0.00, real=0.03 secs] 
2017-09-20T18:45:41.311+0900: 37416.005: [GC pause (G1 Evacuation Pause) (young), 0.0339555 secs]
   [Parallel Time: 32.7 ms, GC Workers: 2]
      [GC Worker Start (ms): Min: 37416005.3, Avg: 37416005.3, Max: 37416005.4, Diff: 0.1]
      [Ext Root Scanning (ms): Min: 1.8, Avg: 1.9, Max: 2.0, Diff: 0.1, Sum: 3.8]
      [Update RS (ms): Min: 2.4, Avg: 2.4, Max: 2.4, Diff: 0.0, Sum: 4.9]
         [Processed Buffers: Min: 5, Avg: 16.0, Max: 27, Diff: 22, Sum: 32]
      [Scan RS (ms): Min: 2.4, Avg: 2.5, Max: 2.5, Diff: 0.1, Sum: 5.0]
      [Code Root Scanning (ms): Min: 0.0, Avg: 0.0, Max: 0.0, Diff: 0.0, Sum: 0.0]
      [Object Copy (ms): Min: 25.6, Avg: 25.7, Max: 25.8, Diff: 0.1, Sum: 51.4]
      [Termination (ms): Min: 0.0, Avg: 0.0, Max: 0.0, Diff: 0.0, Sum: 0.0]
         [Termination Attempts: Min: 1, Avg: 1.5, Max: 2, Diff: 1, Sum: 3]
      [GC Worker Other (ms): Min: 0.0, Avg: 0.0, Max: 0.0, Diff: 0.0, Sum: 0.0]
      [GC Worker Total (ms): Min: 32.5, Avg: 32.5, Max: 32.6, Diff: 0.1, Sum: 65.1]
      [GC Worker End (ms): Min: 37416037.9, Avg: 37416037.9, Max: 37416037.9, Diff: 0.0]
   [Code Root Fixup: 0.1 ms]
   [Code Root Purge: 0.0 ms]
   [Clear CT: 0.2 ms]
   [Other: 1.0 ms]
      [Choose CSet: 0.0 ms]
      [Ref Proc: 0.3 ms]
      [Ref Enq: 0.0 ms]
      [Redirty Cards: 0.3 ms]
      [Humongous Register: 0.1 ms]
      [Humongous Reclaim: 0.0 ms]
      [Free CSet: 0.0 ms]
   [Eden: 46.0M(46.0M)->0.0B(45.0M) Survivors: 5120.0K->6144.0K Heap: 327.1M(1024.0M)->282.6M(1024.0M)]
 [Times: user=0.06 sys=0.00, real=0.03 secs] 
2017-09-20T21:14:19.127+0900: 37468.295: [GC pause (G1 Evacuation Pause) (young), 0.0171952 secs]
   [Parallel Time: 16.4 ms, GC Workers: 2]
      [GC Worker Start (ms): Min: 37468294.8, Avg: 37468294.8, Max: 37468294.8, Diff: 0.0]
      [Ext Root Scanning (ms): Min: 1.1, Avg: 1.2, Max: 1.3, Diff: 0.1, Sum: 2.4]
      [Update RS (ms): Min: 1.4, Avg: 1.4, Max: 1.4, Diff: 0.0, Sum: 2.8]
         [Processed Buffers: Min: 8, Avg: 17.0, Max: 26, Diff: 18, Sum: 34]
      [Scan RS (ms): Min: 0.5, Avg: 0.5, Max: 0.5, Diff: 0.0, Sum: 1.0]
      [Code Root Scanning (ms): Min: 0.0, Avg: 0.0, Max: 0.0, Diff: 0.0, Sum: 0.0]
      [Object Copy (ms): Min: 12.8, Avg: 12.9, Max: 13.1, Diff: 0.3, Sum: 25.9]
      [Termination (ms): Min: 0.0, Avg: 0.2, Max: 0.3, Diff: 0.3, Sum: 0.3]
         [Termination Attempts: Min: 1, Avg: 1.0, Max: 1, Diff: 0, Sum: 2]
      [GC Worker Other (ms): Min: 0.0, Avg: 0.0, Max: 0.0, Diff: 0.0, Sum: 0.0]
      [GC Worker Total (ms): Min: 16.2, Avg: 16.2, Max: 16.3, Diff: 0.1, Sum: 32.4]
      [GC Worker End (ms): Min: 37468311.0, Avg: 37468311.0, Max: 37468311.0, Diff: 0.1]
   [Code Root Fixup: 0.1 ms]
   [Code Root Purge: 0.0 ms]
   [Clear CT: 0.1 ms]
   [Other: 0.7 ms]
      [Choose CSet: 0.0 ms]
      [Ref Proc: 0.2 ms]
      [Ref Enq: 0.0 ms]
      [Redirty Cards: 0.1 ms]
      [Humongous Register: 0.1 ms]
      [Humongous Reclaim: 0.0 ms]
      [Free CSet: 0.1 ms]
   [Eden: 45.0M(45.0M)->0.0B(47.0M) Survivors: 6144.0K->4096.0K Heap: 327.6M(1024.0M)->283.5M(1024.0M)]
 [Times: user=0.04 sys=0.00, real=0.02 secs] 
2017-09-20T21:15:15.794+0900: 37524.962: [GC pause (G1 Evacuation Pause) (young), 0.0062050 secs]
   [Parallel Time: 5.5 ms, GC Workers: 2]
      [GC Worker Start (ms): Min: 37524962.2, Avg: 37524962.2, Max: 37524962.2, Diff: 0.0]
      [Ext Root Scanning (ms): Min: 0.5, Avg: 0.5, Max: 0.5, Diff: 0.1, Sum: 1.0]
      [Update RS (ms): Min: 0.8, Avg: 0.8, Max: 0.8, Diff: 0.0, Sum: 1.5]
         [Processed Buffers: Min: 8, Avg: 20.0, Max: 32, Diff: 24, Sum: 40]
      [Scan RS (ms): Min: 0.4, Avg: 0.4, Max: 0.4, Diff: 0.0, Sum: 0.9]
      [Code Root Scanning (ms): Min: 0.0, Avg: 0.0, Max: 0.0, Diff: 0.0, Sum: 0.0]
      [Object Copy (ms): Min: 3.6, Avg: 3.6, Max: 3.7, Diff: 0.1, Sum: 7.3]
      [Termination (ms): Min: 0.0, Avg: 0.0, Max: 0.0, Diff: 0.0, Sum: 0.0]
         [Termination Attempts: Min: 1, Avg: 1.0, Max: 1, Diff: 0, Sum: 2]
      [GC Worker Other (ms): Min: 0.0, Avg: 0.0, Max: 0.0, Diff: 0.0, Sum: 0.0]
      [GC Worker Total (ms): Min: 5.3, Avg: 5.3, Max: 5.3, Diff: 0.0, Sum: 10.6]
      [GC Worker End (ms): Min: 37524967.5, Avg: 37524967.5, Max: 37524967.5, Diff: 0.0]
   [Code Root Fixup: 0.0 ms]
   [Code Root Purge: 0.0 ms]
   [Clear CT: 0.1 ms]
   [Other: 0.5 ms]
      [Choose CSet: 0.0 ms]
      [Ref Proc: 0.2 ms]
      [Ref Enq: 0.0 ms]
      [Redirty Cards: 0.1 ms]
      [Humongous Register: 0.0 ms]
      [Humongous Reclaim: 0.0 ms]
      [Free CSet: 0.0 ms]
   [Eden: 47.0M(47.0M)->0.0B(46.0M) Survivors: 4096.0K->5120.0K Heap: 330.5M(1024.0M)->284.5M(1024.0M)]
 [Times: user=0.01 sys=0.00, real=0.01 secs] 
2017-09-20T21:16:59.362+0900: 37628.530: [GC pause (G1 Evacuation Pause) (young), 0.0084929 secs]
   [Parallel Time: 8.0 ms, GC Workers: 2]
      [GC Worker Start (ms): Min: 37628529.7, Avg: 37628529.7, Max: 37628529.7, Diff: 0.0]
      [Ext Root Scanning (ms): Min: 0.5, Avg: 0.6, Max: 0.6, Diff: 0.1, Sum: 1.1]
      [Update RS (ms): Min: 0.7, Avg: 0.7, Max: 0.8, Diff: 0.1, Sum: 1.5]
         [Processed Buffers: Min: 15, Avg: 17.0, Max: 19, Diff: 4, Sum: 34]
      [Scan RS (ms): Min: 0.2, Avg: 0.3, Max: 0.3, Diff: 0.1, Sum: 0.6]
      [Code Root Scanning (ms): Min: 0.0, Avg: 0.0, Max: 0.0, Diff: 0.0, Sum: 0.0]
      [Object Copy (ms): Min: 6.3, Avg: 6.3, Max: 6.3, Diff: 0.0, Sum: 12.6]
      [Termination (ms): Min: 0.0, Avg: 0.0, Max: 0.0, Diff: 0.0, Sum: 0.0]
         [Termination Attempts: Min: 1, Avg: 1.0, Max: 1, Diff: 0, Sum: 2]
      [GC Worker Other (ms): Min: 0.0, Avg: 0.0, Max: 0.0, Diff: 0.0, Sum: 0.0]
      [GC Worker Total (ms): Min: 7.9, Avg: 7.9, Max: 7.9, Diff: 0.0, Sum: 15.8]
      [GC Worker End (ms): Min: 37628537.6, Avg: 37628537.6, Max: 37628537.6, Diff: 0.0]
   [Code Root Fixup: 0.0 ms]
   [Code Root Purge: 0.0 ms]
   [Clear CT: 0.1 ms]
   [Other: 0.4 ms]
      [Choose CSet: 0.0 ms]
      [Ref Proc: 0.1 ms]
      [Ref Enq: 0.0 ms]
      [Redirty Cards: 0.0 ms]
      [Humongous Register: 0.0 ms]
      [Humongous Reclaim: 0.0 ms]
      [Free CSet: 0.0 ms]
   [Eden: 46.0M(46.0M)->0.0B(46.0M) Survivors: 5120.0K->5120.0K Heap: 330.5M(1024.0M)->286.5M(1024.0M)]
 [Times: user=0.02 sys=0.00, real=0.00 secs] 
2017-09-20T21:18:44.057+0900: 37733.224: [GC pause (G1 Evacuation Pause) (young), 0.0248485 secs]
   [Parallel Time: 22.7 ms, GC Workers: 2]
      [GC Worker Start (ms): Min: 37733224.7, Avg: 37733224.8, Max: 37733224.8, Diff: 0.1]
      [Ext Root Scanning (ms): Min: 1.8, Avg: 1.9, Max: 1.9, Diff: 0.1, Sum: 3.8]
      [Update RS (ms): Min: 2.9, Avg: 3.0, Max: 3.0, Diff: 0.1, Sum: 5.9]
         [Processed Buffers: Min: 13, Avg: 16.5, Max: 20, Diff: 7, Sum: 33]
      [Scan RS (ms): Min: 2.2, Avg: 2.3, Max: 2.5, Diff: 0.3, Sum: 4.7]
      [Code Root Scanning (ms): Min: 0.0, Avg: 0.0, Max: 0.0, Diff: 0.0, Sum: 0.0]
      [Object Copy (ms): Min: 15.2, Avg: 15.3, Max: 15.4, Diff: 0.2, Sum: 30.5]
      [Termination (ms): Min: 0.0, Avg: 0.0, Max: 0.0, Diff: 0.0, Sum: 0.0]
         [Termination Attempts: Min: 1, Avg: 1.0, Max: 1, Diff: 0, Sum: 2]
      [GC Worker Other (ms): Min: 0.0, Avg: 0.0, Max: 0.0, Diff: 0.0, Sum: 0.0]
      [GC Worker Total (ms): Min: 22.4, Avg: 22.5, Max: 22.5, Diff: 0.1, Sum: 44.9]
      [GC Worker End (ms): Min: 37733247.2, Avg: 37733247.2, Max: 37733247.2, Diff: 0.0]
   [Code Root Fixup: 0.2 ms]
   [Code Root Purge: 0.0 ms]
   [Clear CT: 0.4 ms]
   [Other: 1.6 ms]
      [Choose CSet: 0.0 ms]
      [Ref Proc: 0.4 ms]
      [Ref Enq: 0.0 ms]
      [Redirty Cards: 0.6 ms]
      [Humongous Register: 0.1 ms]
      [Humongous Reclaim: 0.0 ms]
      [Free CSet: 0.1 ms]
   [Eden: 46.0M(46.0M)->0.0B(48.0M) Survivors: 5120.0K->3072.0K Heap: 332.5M(1024.0M)->285.5M(1024.0M)]
 [Times: user=0.04 sys=0.00, real=0.03 secs] 
2017-09-20T21:20:33.731+0900: 37842.898: [GC pause (G1 Evacuation Pause) (young), 0.0271029 secs]
   [Parallel Time: 26.0 ms, GC Workers: 2]
      [GC Worker Start (ms): Min: 37842898.7, Avg: 37842898.7, Max: 37842898.8, Diff: 0.0]
      [Ext Root Scanning (ms): Min: 1.9, Avg: 1.9, Max: 1.9, Diff: 0.0, Sum: 3.8]
      [Update RS (ms): Min: 2.0, Avg: 2.1, Max: 2.1, Diff: 0.1, Sum: 4.1]
         [Processed Buffers: Min: 11, Avg: 16.5, Max: 22, Diff: 11, Sum: 33]
      [Scan RS (ms): Min: 1.9, Avg: 1.9, Max: 2.0, Diff: 0.0, Sum: 3.9]
      [Code Root Scanning (ms): Min: 0.0, Avg: 0.0, Max: 0.0, Diff: 0.0, Sum: 0.0]
      [Object Copy (ms): Min: 20.0, Avg: 20.0, Max: 20.0, Diff: 0.1, Sum: 40.0]
      [Termination (ms): Min: 0.0, Avg: 0.0, Max: 0.0, Diff: 0.0, Sum: 0.0]
         [Termination Attempts: Min: 1, Avg: 2.0, Max: 3, Diff: 2, Sum: 4]
      [GC Worker Other (ms): Min: 0.0, Avg: 0.0, Max: 0.0, Diff: 0.0, Sum: 0.0]
      [GC Worker Total (ms): Min: 25.9, Avg: 25.9, Max: 26.0, Diff: 0.0, Sum: 51.9]
      [GC Worker End (ms): Min: 37842924.7, Avg: 37842924.7, Max: 37842924.7, Diff: 0.0]
   [Code Root Fixup: 0.1 ms]
   [Code Root Purge: 0.0 ms]
   [Clear CT: 0.1 ms]
   [Other: 0.9 ms]
      [Choose CSet: 0.0 ms]
      [Ref Proc: 0.3 ms]
      [Ref Enq: 0.0 ms]
      [Redirty Cards: 0.1 ms]
      [Humongous Register: 0.1 ms]
      [Humongous Reclaim: 0.0 ms]
      [Free CSet: 0.0 ms]
   [Eden: 48.0M(48.0M)->0.0B(46.0M) Survivors: 3072.0K->5120.0K Heap: 333.5M(1024.0M)->287.5M(1024.0M)]
 [Times: user=0.05 sys=0.00, real=0.03 secs] 
2017-09-20T21:22:17.367+0900: 37946.535: [GC pause (G1 Evacuation Pause) (young), 0.0373817 secs]
   [Parallel Time: 36.2 ms, GC Workers: 2]
      [GC Worker Start (ms): Min: 37946535.0, Avg: 37946535.1, Max: 37946535.1, Diff: 0.1]
      [Ext Root Scanning (ms): Min: 1.9, Avg: 1.9, Max: 2.0, Diff: 0.1, Sum: 3.9]
      [Update RS (ms): Min: 2.3, Avg: 2.3, Max: 2.4, Diff: 0.1, Sum: 4.6]
         [Processed Buffers: Min: 1, Avg: 16.0, Max: 31, Diff: 30, Sum: 32]
      [Scan RS (ms): Min: 2.6, Avg: 2.7, Max: 2.7, Diff: 0.1, Sum: 5.4]
      [Code Root Scanning (ms): Min: 0.0, Avg: 0.0, Max: 0.0, Diff: 0.0, Sum: 0.0]
      [Object Copy (ms): Min: 28.9, Avg: 28.9, Max: 29.0, Diff: 0.0, Sum: 57.9]
      [Termination (ms): Min: 0.0, Avg: 0.0, Max: 0.1, Diff: 0.1, Sum: 0.1]
         [Termination Attempts: Min: 1, Avg: 1.5, Max: 2, Diff: 1, Sum: 3]
      [GC Worker Other (ms): Min: 0.0, Avg: 0.0, Max: 0.0, Diff: 0.0, Sum: 0.1]
      [GC Worker Total (ms): Min: 36.0, Avg: 36.0, Max: 36.0, Diff: 0.0, Sum: 72.0]
      [GC Worker End (ms): Min: 37946571.0, Avg: 37946571.1, Max: 37946571.1, Diff: 0.0]
   [Code Root Fixup: 0.1 ms]
   [Code Root Purge: 0.0 ms]
   [Clear CT: 0.2 ms]
   [Other: 1.0 ms]
      [Choose CSet: 0.0 ms]
      [Ref Proc: 0.2 ms]
      [Ref Enq: 0.0 ms]
      [Redirty Cards: 0.3 ms]
      [Humongous Register: 0.1 ms]
      [Humongous Reclaim: 0.0 ms]
      [Free CSet: 0.0 ms]
   [Eden: 46.0M(46.0M)->0.0B(45.0M) Survivors: 5120.0K->6144.0K Heap: 333.5M(1024.0M)->289.3M(1024.0M)]
 [Times: user=0.07 sys=0.00, real=0.04 secs] 
2017-09-20T21:24:00.081+0900: 38049.249: [GC pause (G1 Evacuation Pause) (young), 0.0704925 secs]
   [Parallel Time: 65.4 ms, GC Workers: 2]
      [GC Worker Start (ms): Min: 38049249.2, Avg: 38049249.3, Max: 38049249.5, Diff: 0.3]
      [Ext Root Scanning (ms): Min: 1.9, Avg: 2.1, Max: 2.3, Diff: 0.3, Sum: 4.2]
      [Update RS (ms): Min: 6.0, Avg: 6.4, Max: 6.8, Diff: 0.8, Sum: 12.7]
         [Processed Buffers: Min: 12, Avg: 15.0, Max: 18, Diff: 6, Sum: 30]
      [Scan RS (ms): Min: 7.0, Avg: 11.2, Max: 15.4, Diff: 8.3, Sum: 22.4]
      [Code Root Scanning (ms): Min: 0.0, Avg: 0.0, Max: 0.0, Diff: 0.0, Sum: 0.0]
      [Object Copy (ms): Min: 38.1, Avg: 41.9, Max: 45.6, Diff: 7.5, Sum: 83.7]
      [Termination (ms): Min: 0.0, Avg: 0.0, Max: 0.0, Diff: 0.0, Sum: 0.0]
         [Termination Attempts: Min: 2, Avg: 2.0, Max: 2, Diff: 0, Sum: 4]
      [GC Worker Other (ms): Min: 0.0, Avg: 0.0, Max: 0.0, Diff: 0.0, Sum: 0.0]
      [GC Worker Total (ms): Min: 61.4, Avg: 61.6, Max: 61.8, Diff: 0.3, Sum: 123.2]
      [GC Worker End (ms): Min: 38049310.9, Avg: 38049310.9, Max: 38049310.9, Diff: 0.0]
   [Code Root Fixup: 0.1 ms]
   [Code Root Purge: 0.0 ms]
   [Clear CT: 0.1 ms]
   [Other: 4.9 ms]
      [Choose CSet: 0.0 ms]
      [Ref Proc: 4.2 ms]
      [Ref Enq: 0.0 ms]
      [Redirty Cards: 0.2 ms]
      [Humongous Register: 0.1 ms]
      [Humongous Reclaim: 0.0 ms]
      [Free CSet: 0.0 ms]
   [Eden: 45.0M(45.0M)->0.0B(46.0M) Survivors: 6144.0K->5120.0K Heap: 334.3M(1024.0M)->291.6M(1024.0M)]
 [Times: user=0.06 sys=0.00, real=0.06 secs] 
2017-09-20T21:25:45.301+0900: 38154.468: [GC pause (G1 Evacuation Pause) (young), 0.0089409 secs]
   [Parallel Time: 8.4 ms, GC Workers: 2]
      [GC Worker Start (ms): Min: 38154468.3, Avg: 38154468.3, Max: 38154468.3, Diff: 0.0]
      [Ext Root Scanning (ms): Min: 0.6, Avg: 0.6, Max: 0.6, Diff: 0.0, Sum: 1.2]
      [Update RS (ms): Min: 0.7, Avg: 0.7, Max: 0.7, Diff: 0.0, Sum: 1.4]
         [Processed Buffers: Min: 8, Avg: 15.0, Max: 22, Diff: 14, Sum: 30]
      [Scan RS (ms): Min: 0.5, Avg: 0.5, Max: 0.5, Diff: 0.0, Sum: 1.0]
      [Code Root Scanning (ms): Min: 0.0, Avg: 0.0, Max: 0.0, Diff: 0.0, Sum: 0.0]
      [Object Copy (ms): Min: 6.4, Avg: 6.4, Max: 6.5, Diff: 0.0, Sum: 12.9]
      [Termination (ms): Min: 0.0, Avg: 0.0, Max: 0.0, Diff: 0.0, Sum: 0.0]
         [Termination Attempts: Min: 1, Avg: 1.0, Max: 1, Diff: 0, Sum: 2]
      [GC Worker Other (ms): Min: 0.0, Avg: 0.0, Max: 0.0, Diff: 0.0, Sum: 0.0]
      [GC Worker Total (ms): Min: 8.3, Avg: 8.3, Max: 8.3, Diff: 0.0, Sum: 16.5]
      [GC Worker End (ms): Min: 38154476.6, Avg: 38154476.6, Max: 38154476.6, Diff: 0.0]
   [Code Root Fixup: 0.1 ms]
   [Code Root Purge: 0.0 ms]
   [Clear CT: 0.0 ms]
   [Other: 0.5 ms]
      [Choose CSet: 0.0 ms]
      [Ref Proc: 0.1 ms]
      [Ref Enq: 0.0 ms]
      [Redirty Cards: 0.1 ms]
      [Humongous Register: 0.0 ms]
      [Humongous Reclaim: 0.0 ms]
      [Free CSet: 0.0 ms]
   [Eden: 46.0M(46.0M)->0.0B(44.0M) Survivors: 5120.0K->7168.0K Heap: 337.6M(1024.0M)->293.6M(1024.0M)]
 [Times: user=0.02 sys=0.00, real=0.01 secs] 
2017-09-20T21:27:25.479+0900: 38254.647: [GC pause (G1 Evacuation Pause) (young), 0.0229782 secs]
   [Parallel Time: 21.4 ms, GC Workers: 2]
      [GC Worker Start (ms): Min: 38254646.9, Avg: 38254647.0, Max: 38254647.1, Diff: 0.2]
      [Ext Root Scanning (ms): Min: 1.9, Avg: 2.0, Max: 2.0, Diff: 0.1, Sum: 3.9]
      [Update RS (ms): Min: 2.6, Avg: 3.0, Max: 3.4, Diff: 0.8, Sum: 6.0]
         [Processed Buffers: Min: 14, Avg: 17.0, Max: 20, Diff: 6, Sum: 34]
      [Scan RS (ms): Min: 1.3, Avg: 1.8, Max: 2.2, Diff: 0.8, Sum: 3.5]
      [Code Root Scanning (ms): Min: 0.0, Avg: 0.0, Max: 0.0, Diff: 0.0, Sum: 0.0]
      [Object Copy (ms): Min: 14.4, Avg: 14.5, Max: 14.7, Diff: 0.3, Sum: 29.0]
      [Termination (ms): Min: 0.0, Avg: 0.0, Max: 0.0, Diff: 0.0, Sum: 0.0]
         [Termination Attempts: Min: 1, Avg: 1.0, Max: 1, Diff: 0, Sum: 2]
      [GC Worker Other (ms): Min: 0.0, Avg: 0.0, Max: 0.0, Diff: 0.0, Sum: 0.0]
      [GC Worker Total (ms): Min: 21.1, Avg: 21.2, Max: 21.3, Diff: 0.2, Sum: 42.4]
      [GC Worker End (ms): Min: 38254668.2, Avg: 38254668.2, Max: 38254668.2, Diff: 0.0]
   [Code Root Fixup: 0.1 ms]
   [Code Root Purge: 0.0 ms]
   [Clear CT: 0.2 ms]
   [Other: 1.2 ms]
      [Choose CSet: 0.0 ms]
      [Ref Proc: 0.4 ms]
      [Ref Enq: 0.0 ms]
      [Redirty Cards: 0.4 ms]
      [Humongous Register: 0.1 ms]
      [Humongous Reclaim: 0.0 ms]
      [Free CSet: 0.0 ms]
   [Eden: 44.0M(44.0M)->0.0B(48.0M) Survivors: 7168.0K->3072.0K Heap: 337.6M(1024.0M)->290.7M(1024.0M)]
 [Times: user=0.04 sys=0.00, real=0.03 secs] 
2017-09-20T21:29:15.168+0900: 38364.336: [GC pause (G1 Evacuation Pause) (young), 0.0334520 secs]
   [Parallel Time: 31.0 ms, GC Workers: 2]
      [GC Worker Start (ms): Min: 38364336.1, Avg: 38364336.2, Max: 38364336.3, Diff: 0.1]
      [Ext Root Scanning (ms): Min: 1.7, Avg: 1.7, Max: 1.8, Diff: 0.2, Sum: 3.5]
      [Update RS (ms): Min: 2.3, Avg: 2.8, Max: 3.3, Diff: 1.0, Sum: 5.5]
         [Processed Buffers: Min: 11, Avg: 15.5, Max: 20, Diff: 9, Sum: 31]
      [Scan RS (ms): Min: 2.1, Avg: 2.5, Max: 3.0, Diff: 0.9, Sum: 5.1]
      [Code Root Scanning (ms): Min: 0.0, Avg: 0.0, Max: 0.0, Diff: 0.0, Sum: 0.0]
      [Object Copy (ms): Min: 23.5, Avg: 23.5, Max: 23.5, Diff: 0.0, Sum: 47.0]
      [Termination (ms): Min: 0.0, Avg: 0.0, Max: 0.0, Diff: 0.0, Sum: 0.0]
         [Termination Attempts: Min: 1, Avg: 1.0, Max: 1, Diff: 0, Sum: 2]
      [GC Worker Other (ms): Min: 0.0, Avg: 0.0, Max: 0.0, Diff: 0.0, Sum: 0.0]
      [GC Worker Total (ms): Min: 30.5, Avg: 30.6, Max: 30.7, Diff: 0.1, Sum: 61.2]
      [GC Worker End (ms): Min: 38364366.8, Avg: 38364366.8, Max: 38364366.8, Diff: 0.0]
   [Code Root Fixup: 0.2 ms]
   [Code Root Purge: 0.0 ms]
   [Clear CT: 0.3 ms]
   [Other: 1.9 ms]
      [Choose CSet: 0.0 ms]
      [Ref Proc: 0.7 ms]
      [Ref Enq: 0.0 ms]
      [Redirty Cards: 0.5 ms]
      [Humongous Register: 0.1 ms]
      [Humongous Reclaim: 0.1 ms]
      [Free CSet: 0.1 ms]
   [Eden: 48.0M(48.0M)->0.0B(46.0M) Survivors: 3072.0K->5120.0K Heap: 338.7M(1024.0M)->292.7M(1024.0M)]
 [Times: user=0.06 sys=0.00, real=0.04 secs] 
2017-09-20T21:30:58.874+0900: 38468.042: [GC pause (G1 Evacuation Pause) (young), 0.0490500 secs]
   [Parallel Time: 47.8 ms, GC Workers: 2]
      [GC Worker Start (ms): Min: 38468042.0, Avg: 38468042.1, Max: 38468042.1, Diff: 0.1]
      [Ext Root Scanning (ms): Min: 1.8, Avg: 1.8, Max: 1.9, Diff: 0.1, Sum: 3.7]
      [Update RS (ms): Min: 2.3, Avg: 2.6, Max: 3.0, Diff: 0.7, Sum: 5.2]
         [Processed Buffers: Min: 8, Avg: 16.0, Max: 24, Diff: 16, Sum: 32]
      [Scan RS (ms): Min: 2.0, Avg: 2.1, Max: 2.3, Diff: 0.3, Sum: 4.3]
      [Code Root Scanning (ms): Min: 0.0, Avg: 0.0, Max: 0.0, Diff: 0.0, Sum: 0.0]
      [Object Copy (ms): Min: 40.7, Avg: 41.0, Max: 41.2, Diff: 0.5, Sum: 82.0]
      [Termination (ms): Min: 0.0, Avg: 0.0, Max: 0.0, Diff: 0.0, Sum: 0.0]
         [Termination Attempts: Min: 1, Avg: 1.0, Max: 1, Diff: 0, Sum: 2]
      [GC Worker Other (ms): Min: 0.0, Avg: 0.0, Max: 0.0, Diff: 0.0, Sum: 0.0]
      [GC Worker Total (ms): Min: 47.6, Avg: 47.6, Max: 47.7, Diff: 0.1, Sum: 95.2]
      [GC Worker End (ms): Min: 38468089.7, Avg: 38468089.7, Max: 38468089.7, Diff: 0.0]
   [Code Root Fixup: 0.1 ms]
   [Code Root Purge: 0.0 ms]
   [Clear CT: 0.2 ms]
   [Other: 1.0 ms]
      [Choose CSet: 0.0 ms]
      [Ref Proc: 0.3 ms]
      [Ref Enq: 0.0 ms]
      [Redirty Cards: 0.3 ms]
      [Humongous Register: 0.1 ms]
      [Humongous Reclaim: 0.1 ms]
      [Free CSet: 0.1 ms]
   [Eden: 46.0M(46.0M)->0.0B(45.0M) Survivors: 5120.0K->6144.0K Heap: 338.7M(1024.0M)->294.6M(1024.0M)]
 [Times: user=0.10 sys=0.00, real=0.05 secs] 
2017-09-20T21:32:41.134+0900: 38570.302: [GC pause (G1 Evacuation Pause) (young), 0.0310005 secs]
   [Parallel Time: 29.9 ms, GC Workers: 2]
      [GC Worker Start (ms): Min: 38570302.1, Avg: 38570302.2, Max: 38570302.2, Diff: 0.1]
      [Ext Root Scanning (ms): Min: 1.2, Avg: 1.2, Max: 1.3, Diff: 0.1, Sum: 2.5]
      [Update RS (ms): Min: 2.4, Avg: 2.5, Max: 2.5, Diff: 0.2, Sum: 4.9]
         [Processed Buffers: Min: 8, Avg: 15.0, Max: 22, Diff: 14, Sum: 30]
      [Scan RS (ms): Min: 2.4, Avg: 2.5, Max: 2.6, Diff: 0.2, Sum: 4.9]
      [Code Root Scanning (ms): Min: 0.0, Avg: 0.0, Max: 0.0, Diff: 0.0, Sum: 0.0]
      [Object Copy (ms): Min: 23.5, Avg: 23.5, Max: 23.5, Diff: 0.0, Sum: 47.0]
      [Termination (ms): Min: 0.0, Avg: 0.0, Max: 0.0, Diff: 0.0, Sum: 0.0]
         [Termination Attempts: Min: 1, Avg: 1.0, Max: 1, Diff: 0, Sum: 2]
      [GC Worker Other (ms): Min: 0.0, Avg: 0.0, Max: 0.0, Diff: 0.0, Sum: 0.0]
      [GC Worker Total (ms): Min: 29.6, Avg: 29.7, Max: 29.7, Diff: 0.1, Sum: 59.4]
      [GC Worker End (ms): Min: 38570331.8, Avg: 38570331.8, Max: 38570331.8, Diff: 0.0]
   [Code Root Fixup: 0.1 ms]
   [Code Root Purge: 0.0 ms]
   [Clear CT: 0.1 ms]
   [Other: 1.0 ms]
      [Choose CSet: 0.0 ms]
      [Ref Proc: 0.4 ms]
      [Ref Enq: 0.0 ms]
      [Redirty Cards: 0.1 ms]
      [Humongous Register: 0.1 ms]
      [Humongous Reclaim: 0.0 ms]
      [Free CSet: 0.1 ms]
   [Eden: 45.0M(45.0M)->0.0B(46.0M) Survivors: 6144.0K->5120.0K Heap: 339.6M(1024.0M)->297.1M(1024.0M)]
 [Times: user=0.06 sys=0.00, real=0.03 secs] 
2017-09-20T21:34:25.900+0900: 38675.067: [GC pause (G1 Evacuation Pause) (young), 0.0287770 secs]
   [Parallel Time: 27.5 ms, GC Workers: 2]
      [GC Worker Start (ms): Min: 38675067.7, Avg: 38675067.8, Max: 38675067.9, Diff: 0.1]
      [Ext Root Scanning (ms): Min: 1.7, Avg: 1.7, Max: 1.8, Diff: 0.1, Sum: 3.5]
      [Update RS (ms): Min: 2.5, Avg: 2.8, Max: 3.0, Diff: 0.5, Sum: 5.5]
         [Processed Buffers: Min: 6, Avg: 14.5, Max: 23, Diff: 17, Sum: 29]
      [Scan RS (ms): Min: 2.1, Avg: 2.3, Max: 2.6, Diff: 0.5, Sum: 4.6]
      [Code Root Scanning (ms): Min: 0.0, Avg: 0.0, Max: 0.0, Diff: 0.0, Sum: 0.0]
      [Object Copy (ms): Min: 20.4, Avg: 20.4, Max: 20.4, Diff: 0.0, Sum: 40.7]
      [Termination (ms): Min: 0.0, Avg: 0.0, Max: 0.0, Diff: 0.0, Sum: 0.0]
         [Termination Attempts: Min: 1, Avg: 1.0, Max: 1, Diff: 0, Sum: 2]
      [GC Worker Other (ms): Min: 0.0, Avg: 0.0, Max: 0.0, Diff: 0.0, Sum: 0.0]
      [GC Worker Total (ms): Min: 27.2, Avg: 27.2, Max: 27.3, Diff: 0.1, Sum: 54.4]
      [GC Worker End (ms): Min: 38675095.0, Avg: 38675095.0, Max: 38675095.0, Diff: 0.0]
   [Code Root Fixup: 0.1 ms]
   [Code Root Purge: 0.0 ms]
   [Clear CT: 0.2 ms]
   [Other: 1.0 ms]
      [Choose CSet: 0.0 ms]
      [Ref Proc: 0.3 ms]
      [Ref Enq: 0.0 ms]
      [Redirty Cards: 0.3 ms]
      [Humongous Register: 0.1 ms]
      [Humongous Reclaim: 0.0 ms]
      [Free CSet: 0.1 ms]
   [Eden: 46.0M(46.0M)->0.0B(44.0M) Survivors: 5120.0K->7168.0K Heap: 343.1M(1024.0M)->299.1M(1024.0M)]
 [Times: user=0.05 sys=0.00, real=0.03 secs] 
2017-09-20T21:36:06.064+0900: 38775.232: [GC pause (G1 Evacuation Pause) (young), 0.0282903 secs]
   [Parallel Time: 27.0 ms, GC Workers: 2]
      [GC Worker Start (ms): Min: 38775232.5, Avg: 38775232.6, Max: 38775232.6, Diff: 0.1]
      [Ext Root Scanning (ms): Min: 2.1, Avg: 2.2, Max: 2.3, Diff: 0.2, Sum: 4.3]
      [Update RS (ms): Min: 3.0, Avg: 3.2, Max: 3.4, Diff: 0.4, Sum: 6.3]
         [Processed Buffers: Min: 10, Avg: 16.0, Max: 22, Diff: 12, Sum: 32]
      [Scan RS (ms): Min: 3.5, Avg: 3.6, Max: 3.7, Diff: 0.2, Sum: 7.3]
      [Code Root Scanning (ms): Min: 0.0, Avg: 0.0, Max: 0.0, Diff: 0.0, Sum: 0.0]
      [Object Copy (ms): Min: 17.7, Avg: 17.9, Max: 18.1, Diff: 0.3, Sum: 35.8]
      [Termination (ms): Min: 0.0, Avg: 0.0, Max: 0.0, Diff: 0.0, Sum: 0.0]
         [Termination Attempts: Min: 1, Avg: 1.0, Max: 1, Diff: 0, Sum: 2]
      [GC Worker Other (ms): Min: 0.0, Avg: 0.0, Max: 0.0, Diff: 0.0, Sum: 0.0]
      [GC Worker Total (ms): Min: 26.9, Avg: 26.9, Max: 27.0, Diff: 0.1, Sum: 53.8]
      [GC Worker End (ms): Min: 38775259.5, Avg: 38775259.5, Max: 38775259.5, Diff: 0.0]
   [Code Root Fixup: 0.1 ms]
   [Code Root Purge: 0.0 ms]
   [Clear CT: 0.1 ms]
   [Other: 1.1 ms]
      [Choose CSet: 0.0 ms]
      [Ref Proc: 0.2 ms]
      [Ref Enq: 0.0 ms]
      [Redirty Cards: 0.3 ms]
      [Humongous Register: 0.1 ms]
      [Humongous Reclaim: 0.0 ms]
      [Free CSet: 0.1 ms]
   [Eden: 44.0M(44.0M)->0.0B(47.0M) Survivors: 7168.0K->4096.0K Heap: 343.1M(1024.0M)->296.8M(1024.0M)]
 [Times: user=0.05 sys=0.00, real=0.03 secs] 
2017-09-20T21:37:53.315+0900: 38882.483: [GC pause (G1 Evacuation Pause) (young), 0.0299959 secs]
   [Parallel Time: 28.8 ms, GC Workers: 2]
      [GC Worker Start (ms): Min: 38882482.8, Avg: 38882482.8, Max: 38882482.8, Diff: 0.1]
      [Ext Root Scanning (ms): Min: 1.8, Avg: 1.8, Max: 1.9, Diff: 0.1, Sum: 3.7]
      [Update RS (ms): Min: 2.6, Avg: 2.7, Max: 2.8, Diff: 0.2, Sum: 5.3]
         [Processed Buffers: Min: 9, Avg: 15.0, Max: 21, Diff: 12, Sum: 30]
      [Scan RS (ms): Min: 3.1, Avg: 3.3, Max: 3.4, Diff: 0.3, Sum: 6.5]
      [Code Root Scanning (ms): Min: 0.0, Avg: 0.0, Max: 0.0, Diff: 0.0, Sum: 0.0]
      [Object Copy (ms): Min: 20.8, Avg: 20.8, Max: 20.9, Diff: 0.0, Sum: 41.7]
      [Termination (ms): Min: 0.0, Avg: 0.0, Max: 0.0, Diff: 0.0, Sum: 0.0]
         [Termination Attempts: Min: 1, Avg: 1.0, Max: 1, Diff: 0, Sum: 2]
      [GC Worker Other (ms): Min: 0.0, Avg: 0.0, Max: 0.0, Diff: 0.0, Sum: 0.0]
      [GC Worker Total (ms): Min: 28.6, Avg: 28.7, Max: 28.7, Diff: 0.1, Sum: 57.4]
      [GC Worker End (ms): Min: 38882511.5, Avg: 38882511.5, Max: 38882511.5, Diff: 0.0]
   [Code Root Fixup: 0.1 ms]
   [Code Root Purge: 0.0 ms]
   [Clear CT: 0.1 ms]
   [Other: 1.0 ms]
      [Choose CSet: 0.0 ms]
      [Ref Proc: 0.3 ms]
      [Ref Enq: 0.0 ms]
      [Redirty Cards: 0.1 ms]
      [Humongous Register: 0.1 ms]
      [Humongous Reclaim: 0.0 ms]
      [Free CSet: 0.1 ms]
   [Eden: 47.0M(47.0M)->0.0B(45.0M) Survivors: 4096.0K->6144.0K Heap: 343.8M(1024.0M)->298.8M(1024.0M)]
 [Times: user=0.06 sys=0.00, real=0.03 secs] 
2017-09-20T21:39:35.136+0900: 38984.304: [GC pause (G1 Evacuation Pause) (young), 0.0338505 secs]
   [Parallel Time: 32.6 ms, GC Workers: 2]
      [GC Worker Start (ms): Min: 38984304.4, Avg: 38984304.4, Max: 38984304.4, Diff: 0.1]
      [Ext Root Scanning (ms): Min: 1.9, Avg: 2.0, Max: 2.1, Diff: 0.2, Sum: 4.0]
      [Update RS (ms): Min: 3.0, Avg: 3.3, Max: 3.5, Diff: 0.5, Sum: 6.6]
         [Processed Buffers: Min: 12, Avg: 14.5, Max: 17, Diff: 5, Sum: 29]
      [Scan RS (ms): Min: 3.2, Avg: 3.6, Max: 3.9, Diff: 0.7, Sum: 7.1]
      [Code Root Scanning (ms): Min: 0.0, Avg: 0.0, Max: 0.0, Diff: 0.0, Sum: 0.0]
      [Object Copy (ms): Min: 23.4, Avg: 23.5, Max: 23.5, Diff: 0.1, Sum: 46.9]
      [Termination (ms): Min: 0.0, Avg: 0.0, Max: 0.0, Diff: 0.0, Sum: 0.0]
         [Termination Attempts: Min: 1, Avg: 1.0, Max: 1, Diff: 0, Sum: 2]
      [GC Worker Other (ms): Min: 0.0, Avg: 0.0, Max: 0.0, Diff: 0.0, Sum: 0.0]
      [GC Worker Total (ms): Min: 32.3, Avg: 32.3, Max: 32.4, Diff: 0.1, Sum: 64.6]
      [GC Worker End (ms): Min: 38984336.7, Avg: 38984336.7, Max: 38984336.7, Diff: 0.0]
   [Code Root Fixup: 0.1 ms]
   [Code Root Purge: 0.0 ms]
   [Clear CT: 0.1 ms]
   [Other: 1.1 ms]
      [Choose CSet: 0.0 ms]
      [Ref Proc: 0.4 ms]
      [Ref Enq: 0.0 ms]
      [Redirty Cards: 0.3 ms]
      [Humongous Register: 0.1 ms]
      [Humongous Reclaim: 0.0 ms]
      [Free CSet: 0.1 ms]
   [Eden: 45.0M(45.0M)->0.0B(44.0M) Survivors: 6144.0K->7168.0K Heap: 343.8M(1024.0M)->300.6M(1024.0M)]
 [Times: user=0.07 sys=0.00, real=0.03 secs] 
2017-09-20T21:41:15.264+0900: 39084.431: [GC pause (G1 Evacuation Pause) (young), 0.0457484 secs]
   [Parallel Time: 43.8 ms, GC Workers: 2]
      [GC Worker Start (ms): Min: 39084431.5, Avg: 39084431.5, Max: 39084431.5, Diff: 0.1]
      [Ext Root Scanning (ms): Min: 2.2, Avg: 2.2, Max: 2.2, Diff: 0.0, Sum: 4.5]
      [Update RS (ms): Min: 3.2, Avg: 3.2, Max: 3.2, Diff: 0.0, Sum: 6.4]
         [Processed Buffers: Min: 13, Avg: 17.0, Max: 21, Diff: 8, Sum: 34]
      [Scan RS (ms): Min: 2.8, Avg: 2.8, Max: 2.9, Diff: 0.0, Sum: 5.7]
      [Code Root Scanning (ms): Min: 0.0, Avg: 0.0, Max: 0.0, Diff: 0.0, Sum: 0.0]
      [Object Copy (ms): Min: 35.4, Avg: 35.4, Max: 35.4, Diff: 0.0, Sum: 70.9]
      [Termination (ms): Min: 0.0, Avg: 0.0, Max: 0.0, Diff: 0.0, Sum: 0.0]
         [Termination Attempts: Min: 1, Avg: 1.0, Max: 1, Diff: 0, Sum: 2]
      [GC Worker Other (ms): Min: 0.0, Avg: 0.0, Max: 0.0, Diff: 0.0, Sum: 0.0]
      [GC Worker Total (ms): Min: 43.7, Avg: 43.7, Max: 43.8, Diff: 0.1, Sum: 87.5]
      [GC Worker End (ms): Min: 39084475.2, Avg: 39084475.2, Max: 39084475.2, Diff: 0.0]
   [Code Root Fixup: 0.1 ms]
   [Code Root Purge: 0.0 ms]
   [Clear CT: 0.5 ms]
   [Other: 1.3 ms]
      [Choose CSet: 0.0 ms]
      [Ref Proc: 0.4 ms]
      [Ref Enq: 0.0 ms]
      [Redirty Cards: 0.4 ms]
      [Humongous Register: 0.1 ms]
      [Humongous Reclaim: 0.0 ms]
      [Free CSet: 0.1 ms]
   [Eden: 44.0M(44.0M)->0.0B(45.0M) Survivors: 7168.0K->6144.0K Heap: 344.6M(1024.0M)->302.3M(1024.0M)]
 [Times: user=0.09 sys=0.00, real=0.04 secs] 
2017-09-20T21:42:57.691+0900: 39186.859: [GC pause (G1 Evacuation Pause) (young), 0.0089242 secs]
   [Parallel Time: 7.8 ms, GC Workers: 2]
      [GC Worker Start (ms): Min: 39186858.8, Avg: 39186858.8, Max: 39186858.8, Diff: 0.1]
      [Ext Root Scanning (ms): Min: 0.8, Avg: 0.9, Max: 0.9, Diff: 0.1, Sum: 1.7]
      [Update RS (ms): Min: 1.1, Avg: 1.2, Max: 1.2, Diff: 0.0, Sum: 2.3]
         [Processed Buffers: Min: 9, Avg: 15.5, Max: 22, Diff: 13, Sum: 31]
      [Scan RS (ms): Min: 1.2, Avg: 1.2, Max: 1.2, Diff: 0.1, Sum: 2.4]
      [Code Root Scanning (ms): Min: 0.0, Avg: 0.0, Max: 0.0, Diff: 0.0, Sum: 0.0]
      [Object Copy (ms): Min: 4.4, Avg: 4.5, Max: 4.5, Diff: 0.1, Sum: 9.0]
      [Termination (ms): Min: 0.0, Avg: 0.0, Max: 0.0, Diff: 0.0, Sum: 0.0]
         [Termination Attempts: Min: 1, Avg: 1.0, Max: 1, Diff: 0, Sum: 2]
      [GC Worker Other (ms): Min: 0.0, Avg: 0.0, Max: 0.0, Diff: 0.0, Sum: 0.0]
      [GC Worker Total (ms): Min: 7.7, Avg: 7.7, Max: 7.8, Diff: 0.1, Sum: 15.4]
      [GC Worker End (ms): Min: 39186866.5, Avg: 39186866.5, Max: 39186866.5, Diff: 0.0]
   [Code Root Fixup: 0.1 ms]
   [Code Root Purge: 0.0 ms]
   [Clear CT: 0.2 ms]
   [Other: 0.8 ms]
      [Choose CSet: 0.0 ms]
      [Ref Proc: 0.3 ms]
      [Ref Enq: 0.0 ms]
      [Redirty Cards: 0.3 ms]
      [Humongous Register: 0.0 ms]
      [Humongous Reclaim: 0.0 ms]
      [Free CSet: 0.1 ms]
   [Eden: 45.0M(45.0M)->0.0B(48.0M) Survivors: 6144.0K->3072.0K Heap: 347.3M(1024.0M)->300.0M(1024.0M)]
 [Times: user=0.01 sys=0.00, real=0.01 secs] 
2017-09-20T21:44:47.764+0900: 39296.932: [GC pause (G1 Evacuation Pause) (young), 0.0294847 secs]
   [Parallel Time: 28.3 ms, GC Workers: 2]
      [GC Worker Start (ms): Min: 39296932.1, Avg: 39296932.2, Max: 39296932.3, Diff: 0.2]
      [Ext Root Scanning (ms): Min: 1.9, Avg: 2.0, Max: 2.1, Diff: 0.3, Sum: 4.0]
      [Update RS (ms): Min: 4.4, Avg: 4.4, Max: 4.5, Diff: 0.0, Sum: 8.9]
         [Processed Buffers: Min: 6, Avg: 16.0, Max: 26, Diff: 20, Sum: 32]
      [Scan RS (ms): Min: 3.3, Avg: 3.3, Max: 3.4, Diff: 0.1, Sum: 6.7]
      [Code Root Scanning (ms): Min: 0.0, Avg: 0.0, Max: 0.0, Diff: 0.0, Sum: 0.0]
      [Object Copy (ms): Min: 18.2, Avg: 18.3, Max: 18.4, Diff: 0.1, Sum: 36.6]
      [Termination (ms): Min: 0.0, Avg: 0.0, Max: 0.0, Diff: 0.0, Sum: 0.0]
         [Termination Attempts: Min: 1, Avg: 1.0, Max: 1, Diff: 0, Sum: 2]
      [GC Worker Other (ms): Min: 0.0, Avg: 0.0, Max: 0.0, Diff: 0.0, Sum: 0.0]
      [GC Worker Total (ms): Min: 28.0, Avg: 28.1, Max: 28.2, Diff: 0.2, Sum: 56.2]
      [GC Worker End (ms): Min: 39296960.3, Avg: 39296960.3, Max: 39296960.3, Diff: 0.0]
   [Code Root Fixup: 0.1 ms]
   [Code Root Purge: 0.0 ms]
   [Clear CT: 0.1 ms]
   [Other: 1.0 ms]
      [Choose CSet: 0.0 ms]
      [Ref Proc: 0.3 ms]
      [Ref Enq: 0.0 ms]
      [Redirty Cards: 0.3 ms]
      [Humongous Register: 0.1 ms]
      [Humongous Reclaim: 0.0 ms]
      [Free CSet: 0.1 ms]
   [Eden: 48.0M(48.0M)->0.0B(47.0M) Survivors: 3072.0K->4096.0K Heap: 348.0M(1024.0M)->301.5M(1024.0M)]
 [Times: user=0.06 sys=0.00, real=0.03 secs] 
2017-09-20T21:46:34.912+0900: 39404.080: [GC pause (G1 Evacuation Pause) (young), 0.0373884 secs]
   [Parallel Time: 35.6 ms, GC Workers: 2]
      [GC Worker Start (ms): Min: 39404079.8, Avg: 39404079.8, Max: 39404079.9, Diff: 0.1]
      [Ext Root Scanning (ms): Min: 1.8, Avg: 1.8, Max: 1.9, Diff: 0.2, Sum: 3.7]
      [Update RS (ms): Min: 3.4, Avg: 3.5, Max: 3.5, Diff: 0.1, Sum: 7.0]
         [Processed Buffers: Min: 6, Avg: 15.5, Max: 25, Diff: 19, Sum: 31]
      [Scan RS (ms): Min: 2.2, Avg: 2.3, Max: 2.4, Diff: 0.2, Sum: 4.7]
      [Code Root Scanning (ms): Min: 0.0, Avg: 0.0, Max: 0.0, Diff: 0.0, Sum: 0.0]
      [Object Copy (ms): Min: 27.6, Avg: 27.8, Max: 27.9, Diff: 0.3, Sum: 55.5]
      [Termination (ms): Min: 0.0, Avg: 0.0, Max: 0.0, Diff: 0.0, Sum: 0.0]
         [Termination Attempts: Min: 1, Avg: 1.0, Max: 1, Diff: 0, Sum: 2]
      [GC Worker Other (ms): Min: 0.0, Avg: 0.0, Max: 0.0, Diff: 0.0, Sum: 0.0]
      [GC Worker Total (ms): Min: 35.4, Avg: 35.5, Max: 35.5, Diff: 0.2, Sum: 70.9]
      [GC Worker End (ms): Min: 39404115.3, Avg: 39404115.3, Max: 39404115.3, Diff: 0.0]
   [Code Root Fixup: 0.1 ms]
   [Code Root Purge: 0.0 ms]
   [Clear CT: 0.3 ms]
   [Other: 1.4 ms]
      [Choose CSet: 0.0 ms]
      [Ref Proc: 0.6 ms]
      [Ref Enq: 0.0 ms]
      [Redirty Cards: 0.4 ms]
      [Humongous Register: 0.1 ms]
      [Humongous Reclaim: 0.0 ms]
      [Free CSet: 0.0 ms]
   [Eden: 47.0M(47.0M)->0.0B(45.0M) Survivors: 4096.0K->6144.0K Heap: 348.5M(1024.0M)->303.5M(1024.0M)]
 [Times: user=0.07 sys=0.00, real=0.04 secs] 
2017-09-20T21:48:17.618+0900: 39506.785: [GC pause (G1 Evacuation Pause) (young), 0.0301771 secs]
   [Parallel Time: 29.3 ms, GC Workers: 2]
      [GC Worker Start (ms): Min: 39506785.5, Avg: 39506785.6, Max: 39506785.6, Diff: 0.1]
      [Ext Root Scanning (ms): Min: 1.2, Avg: 1.2, Max: 1.2, Diff: 0.0, Sum: 2.4]
      [Update RS (ms): Min: 1.7, Avg: 1.9, Max: 2.0, Diff: 0.4, Sum: 3.7]
         [Processed Buffers: Min: 12, Avg: 15.0, Max: 18, Diff: 6, Sum: 30]
      [Scan RS (ms): Min: 1.0, Avg: 1.2, Max: 1.4, Diff: 0.4, Sum: 2.4]
      [Code Root Scanning (ms): Min: 0.0, Avg: 0.0, Max: 0.0, Diff: 0.0, Sum: 0.0]
      [Object Copy (ms): Min: 21.3, Avg: 23.0, Max: 24.7, Diff: 3.4, Sum: 46.1]
      [Termination (ms): Min: 0.0, Avg: 1.8, Max: 3.6, Diff: 3.6, Sum: 3.6]
         [Termination Attempts: Min: 1, Avg: 1.0, Max: 1, Diff: 0, Sum: 2]
      [GC Worker Other (ms): Min: 0.0, Avg: 0.0, Max: 0.0, Diff: 0.0, Sum: 0.0]
      [GC Worker Total (ms): Min: 29.0, Avg: 29.1, Max: 29.2, Diff: 0.2, Sum: 58.2]
      [GC Worker End (ms): Min: 39506814.6, Avg: 39506814.7, Max: 39506814.7, Diff: 0.1]
   [Code Root Fixup: 0.1 ms]
   [Code Root Purge: 0.0 ms]
   [Clear CT: 0.1 ms]
   [Other: 0.7 ms]
      [Choose CSet: 0.0 ms]
      [Ref Proc: 0.2 ms]
      [Ref Enq: 0.0 ms]
      [Redirty Cards: 0.1 ms]
      [Humongous Register: 0.0 ms]
      [Humongous Reclaim: 0.0 ms]
      [Free CSet: 0.0 ms]
   [Eden: 45.0M(45.0M)->0.0B(46.0M) Survivors: 6144.0K->5120.0K Heap: 348.5M(1024.0M)->305.0M(1024.0M)]
 [Times: user=0.06 sys=0.00, real=0.03 secs] 
2017-09-20T21:49:59.366+0900: 39608.533: [GC pause (G1 Evacuation Pause) (young), 0.0110600 secs]
   [Parallel Time: 10.4 ms, GC Workers: 2]
      [GC Worker Start (ms): Min: 39608533.2, Avg: 39608533.3, Max: 39608533.3, Diff: 0.0]
      [Ext Root Scanning (ms): Min: 0.6, Avg: 0.6, Max: 0.6, Diff: 0.1, Sum: 1.2]
      [Update RS (ms): Min: 1.1, Avg: 1.1, Max: 1.1, Diff: 0.0, Sum: 2.2]
         [Processed Buffers: Min: 6, Avg: 16.0, Max: 26, Diff: 20, Sum: 32]
      [Scan RS (ms): Min: 0.8, Avg: 0.8, Max: 0.8, Diff: 0.0, Sum: 1.6]
      [Code Root Scanning (ms): Min: 0.0, Avg: 0.0, Max: 0.0, Diff: 0.0, Sum: 0.0]
      [Object Copy (ms): Min: 7.9, Avg: 7.9, Max: 7.9, Diff: 0.0, Sum: 15.8]
      [Termination (ms): Min: 0.0, Avg: 0.0, Max: 0.0, Diff: 0.0, Sum: 0.0]
         [Termination Attempts: Min: 1, Avg: 1.0, Max: 1, Diff: 0, Sum: 2]
      [GC Worker Other (ms): Min: 0.0, Avg: 0.0, Max: 0.0, Diff: 0.0, Sum: 0.0]
      [GC Worker Total (ms): Min: 10.4, Avg: 10.4, Max: 10.4, Diff: 0.0, Sum: 20.7]
      [GC Worker End (ms): Min: 39608543.6, Avg: 39608543.6, Max: 39608543.6, Diff: 0.0]
   [Code Root Fixup: 0.1 ms]
   [Code Root Purge: 0.0 ms]
   [Clear CT: 0.0 ms]
   [Other: 0.5 ms]
      [Choose CSet: 0.0 ms]
      [Ref Proc: 0.2 ms]
      [Ref Enq: 0.0 ms]
      [Redirty Cards: 0.1 ms]
      [Humongous Register: 0.0 ms]
      [Humongous Reclaim: 0.0 ms]
      [Free CSet: 0.0 ms]
   [Eden: 46.0M(46.0M)->0.0B(44.0M) Survivors: 5120.0K->7168.0K Heap: 351.0M(1024.0M)->308.0M(1024.0M)]
 [Times: user=0.03 sys=0.00, real=0.01 secs] 
2017-09-20T21:51:39.857+0900: 39709.025: [GC pause (G1 Evacuation Pause) (young), 0.0268897 secs]
   [Parallel Time: 23.8 ms, GC Workers: 2]
      [GC Worker Start (ms): Min: 39709025.2, Avg: 39709025.3, Max: 39709025.3, Diff: 0.0]
      [Ext Root Scanning (ms): Min: 1.9, Avg: 1.9, Max: 1.9, Diff: 0.1, Sum: 3.8]
      [Update RS (ms): Min: 2.3, Avg: 2.5, Max: 2.6, Diff: 0.3, Sum: 4.9]
         [Processed Buffers: Min: 12, Avg: 17.0, Max: 22, Diff: 10, Sum: 34]
      [Scan RS (ms): Min: 2.7, Avg: 2.8, Max: 2.9, Diff: 0.2, Sum: 5.7]
      [Code Root Scanning (ms): Min: 0.0, Avg: 0.0, Max: 0.0, Diff: 0.0, Sum: 0.0]
      [Object Copy (ms): Min: 16.2, Avg: 16.2, Max: 16.2, Diff: 0.1, Sum: 32.4]
      [Termination (ms): Min: 0.0, Avg: 0.0, Max: 0.0, Diff: 0.0, Sum: 0.0]
         [Termination Attempts: Min: 1, Avg: 1.0, Max: 1, Diff: 0, Sum: 2]
      [GC Worker Other (ms): Min: 0.0, Avg: 0.0, Max: 0.0, Diff: 0.0, Sum: 0.1]
      [GC Worker Total (ms): Min: 23.4, Avg: 23.4, Max: 23.4, Diff: 0.0, Sum: 46.9]
      [GC Worker End (ms): Min: 39709048.7, Avg: 39709048.7, Max: 39709048.7, Diff: 0.0]
   [Code Root Fixup: 0.2 ms]
   [Code Root Purge: 0.0 ms]
   [Clear CT: 0.3 ms]
   [Other: 2.7 ms]
      [Choose CSet: 0.0 ms]
      [Ref Proc: 1.4 ms]
      [Ref Enq: 0.0 ms]
      [Redirty Cards: 0.6 ms]
      [Humongous Register: 0.1 ms]
      [Humongous Reclaim: 0.0 ms]
      [Free CSet: 0.1 ms]
   [Eden: 44.0M(44.0M)->0.0B(48.0M) Survivors: 7168.0K->3072.0K Heap: 352.0M(1024.0M)->304.8M(1024.0M)]
 [Times: user=0.04 sys=0.00, real=0.03 secs] 
2017-09-20T21:53:28.964+0900: 39818.131: [GC pause (G1 Evacuation Pause) (young), 0.0057433 secs]
   [Parallel Time: 5.2 ms, GC Workers: 2]
      [GC Worker Start (ms): Min: 39818131.3, Avg: 39818131.3, Max: 39818131.3, Diff: 0.0]
      [Ext Root Scanning (ms): Min: 0.5, Avg: 0.5, Max: 0.5, Diff: 0.0, Sum: 1.0]
      [Update RS (ms): Min: 0.4, Avg: 0.5, Max: 0.5, Diff: 0.0, Sum: 0.9]
         [Processed Buffers: Min: 1, Avg: 16.0, Max: 31, Diff: 30, Sum: 32]
      [Scan RS (ms): Min: 0.6, Avg: 0.6, Max: 0.6, Diff: 0.0, Sum: 1.2]
      [Code Root Scanning (ms): Min: 0.0, Avg: 0.0, Max: 0.0, Diff: 0.0, Sum: 0.0]
      [Object Copy (ms): Min: 3.6, Avg: 3.6, Max: 3.6, Diff: 0.0, Sum: 7.1]
      [Termination (ms): Min: 0.0, Avg: 0.0, Max: 0.0, Diff: 0.0, Sum: 0.0]
         [Termination Attempts: Min: 1, Avg: 1.0, Max: 1, Diff: 0, Sum: 2]
      [GC Worker Other (ms): Min: 0.0, Avg: 0.0, Max: 0.0, Diff: 0.0, Sum: 0.0]
      [GC Worker Total (ms): Min: 5.1, Avg: 5.1, Max: 5.1, Diff: 0.0, Sum: 10.2]
      [GC Worker End (ms): Min: 39818136.4, Avg: 39818136.4, Max: 39818136.4, Diff: 0.0]
   [Code Root Fixup: 0.0 ms]
   [Code Root Purge: 0.0 ms]
   [Clear CT: 0.1 ms]
   [Other: 0.5 ms]
      [Choose CSet: 0.0 ms]
      [Ref Proc: 0.2 ms]
      [Ref Enq: 0.0 ms]
      [Redirty Cards: 0.1 ms]
      [Humongous Register: 0.0 ms]
      [Humongous Reclaim: 0.0 ms]
      [Free CSet: 0.0 ms]
   [Eden: 48.0M(48.0M)->0.0B(46.0M) Survivors: 3072.0K->5120.0K Heap: 352.8M(1024.0M)->306.3M(1024.0M)]
 [Times: user=0.01 sys=0.00, real=0.00 secs] 
2017-09-20T21:55:14.242+0900: 39923.410: [GC pause (G1 Evacuation Pause) (young), 0.0274364 secs]
   [Parallel Time: 26.0 ms, GC Workers: 2]
      [GC Worker Start (ms): Min: 39923410.4, Avg: 39923410.4, Max: 39923410.4, Diff: 0.0]
      [Ext Root Scanning (ms): Min: 1.7, Avg: 1.8, Max: 1.8, Diff: 0.0, Sum: 3.5]
      [Update RS (ms): Min: 2.1, Avg: 2.1, Max: 2.2, Diff: 0.1, Sum: 4.2]
         [Processed Buffers: Min: 9, Avg: 16.5, Max: 24, Diff: 15, Sum: 33]
      [Scan RS (ms): Min: 2.2, Avg: 2.3, Max: 2.4, Diff: 0.2, Sum: 4.6]
      [Code Root Scanning (ms): Min: 0.0, Avg: 0.0, Max: 0.0, Diff: 0.0, Sum: 0.0]
      [Object Copy (ms): Min: 19.4, Avg: 19.5, Max: 19.6, Diff: 0.2, Sum: 39.0]
      [Termination (ms): Min: 0.0, Avg: 0.0, Max: 0.0, Diff: 0.0, Sum: 0.0]
         [Termination Attempts: Min: 1, Avg: 1.0, Max: 1, Diff: 0, Sum: 2]
      [GC Worker Other (ms): Min: 0.0, Avg: 0.0, Max: 0.0, Diff: 0.0, Sum: 0.0]
      [GC Worker Total (ms): Min: 25.6, Avg: 25.7, Max: 25.7, Diff: 0.0, Sum: 51.3]
      [GC Worker End (ms): Min: 39923436.1, Avg: 39923436.1, Max: 39923436.1, Diff: 0.0]
   [Code Root Fixup: 0.1 ms]
   [Code Root Purge: 0.0 ms]
   [Clear CT: 0.2 ms]
   [Other: 1.2 ms]
      [Choose CSet: 0.0 ms]
      [Ref Proc: 0.4 ms]
      [Ref Enq: 0.0 ms]
      [Redirty Cards: 0.2 ms]
      [Humongous Register: 0.1 ms]
      [Humongous Reclaim: 0.0 ms]
      [Free CSet: 0.0 ms]
   [Eden: 46.0M(46.0M)->0.0B(46.0M) Survivors: 5120.0K->5120.0K Heap: 352.3M(1024.0M)->308.0M(1024.0M)]
 [Times: user=0.06 sys=0.00, real=0.02 secs] 
2017-09-20T21:56:58.946+0900: 40028.114: [GC pause (G1 Evacuation Pause) (young), 0.0249045 secs]
   [Parallel Time: 23.5 ms, GC Workers: 2]
      [GC Worker Start (ms): Min: 40028114.6, Avg: 40028115.1, Max: 40028115.7, Diff: 1.1]
      [Ext Root Scanning (ms): Min: 1.5, Avg: 2.0, Max: 2.6, Diff: 1.1, Sum: 4.0]
      [Update RS (ms): Min: 2.0, Avg: 2.1, Max: 2.2, Diff: 0.1, Sum: 4.2]
         [Processed Buffers: Min: 1, Avg: 17.0, Max: 33, Diff: 32, Sum: 34]
      [Scan RS (ms): Min: 0.2, Avg: 0.3, Max: 0.4, Diff: 0.2, Sum: 0.7]
      [Code Root Scanning (ms): Min: 0.0, Avg: 0.0, Max: 0.0, Diff: 0.0, Sum: 0.0]
      [Object Copy (ms): Min: 18.2, Avg: 18.2, Max: 18.3, Diff: 0.0, Sum: 36.5]
      [Termination (ms): Min: 0.0, Avg: 0.0, Max: 0.0, Diff: 0.0, Sum: 0.0]
         [Termination Attempts: Min: 1, Avg: 1.0, Max: 1, Diff: 0, Sum: 2]
      [GC Worker Other (ms): Min: 0.0, Avg: 0.0, Max: 0.0, Diff: 0.0, Sum: 0.0]
      [GC Worker Total (ms): Min: 22.2, Avg: 22.7, Max: 23.3, Diff: 1.1, Sum: 45.4]
      [GC Worker End (ms): Min: 40028137.8, Avg: 40028137.8, Max: 40028137.8, Diff: 0.0]
   [Code Root Fixup: 0.1 ms]
   [Code Root Purge: 0.0 ms]
   [Clear CT: 0.1 ms]
   [Other: 1.2 ms]
      [Choose CSet: 0.0 ms]
      [Ref Proc: 0.3 ms]
      [Ref Enq: 0.0 ms]
      [Redirty Cards: 0.3 ms]
      [Humongous Register: 0.1 ms]
      [Humongous Reclaim: 0.0 ms]
      [Free CSet: 0.0 ms]
   [Eden: 46.0M(46.0M)->0.0B(44.0M) Survivors: 5120.0K->7168.0K Heap: 354.0M(1024.0M)->310.3M(1024.0M)]
 [Times: user=0.05 sys=0.00, real=0.02 secs] 
2017-09-20T21:58:39.158+0900: 40128.326: [GC pause (G1 Evacuation Pause) (young), 0.0342958 secs]
   [Parallel Time: 32.9 ms, GC Workers: 2]
      [GC Worker Start (ms): Min: 40128326.2, Avg: 40128326.2, Max: 40128326.3, Diff: 0.1]
      [Ext Root Scanning (ms): Min: 2.0, Avg: 2.0, Max: 2.0, Diff: 0.0, Sum: 4.0]
      [Update RS (ms): Min: 1.2, Avg: 1.5, Max: 1.8, Diff: 0.6, Sum: 3.0]
         [Processed Buffers: Min: 16, Avg: 16.5, Max: 17, Diff: 1, Sum: 33]
      [Scan RS (ms): Min: 1.1, Avg: 1.4, Max: 1.7, Diff: 0.6, Sum: 2.8]
      [Code Root Scanning (ms): Min: 0.0, Avg: 0.0, Max: 0.0, Diff: 0.0, Sum: 0.0]
      [Object Copy (ms): Min: 27.7, Avg: 27.8, Max: 27.9, Diff: 0.2, Sum: 55.6]
      [Termination (ms): Min: 0.0, Avg: 0.0, Max: 0.0, Diff: 0.0, Sum: 0.0]
         [Termination Attempts: Min: 3, Avg: 4.0, Max: 5, Diff: 2, Sum: 8]
      [GC Worker Other (ms): Min: 0.0, Avg: 0.0, Max: 0.0, Diff: 0.0, Sum: 0.0]
      [GC Worker Total (ms): Min: 32.7, Avg: 32.7, Max: 32.8, Diff: 0.1, Sum: 65.4]
      [GC Worker End (ms): Min: 40128359.0, Avg: 40128359.0, Max: 40128359.0, Diff: 0.0]
   [Code Root Fixup: 0.1 ms]
   [Code Root Purge: 0.0 ms]
   [Clear CT: 0.2 ms]
   [Other: 1.2 ms]
      [Choose CSet: 0.0 ms]
      [Ref Proc: 0.4 ms]
      [Ref Enq: 0.0 ms]
      [Redirty Cards: 0.3 ms]
      [Humongous Register: 0.1 ms]
      [Humongous Reclaim: 0.0 ms]
      [Free CSet: 0.1 ms]
   [Eden: 44.0M(44.0M)->0.0B(45.0M) Survivors: 7168.0K->6144.0K Heap: 354.3M(1024.0M)->312.0M(1024.0M)]
 [Times: user=0.07 sys=0.00, real=0.03 secs] 
2017-09-20T22:00:21.861+0900: 40231.029: [GC pause (G1 Evacuation Pause) (young), 0.0239310 secs]
   [Parallel Time: 21.6 ms, GC Workers: 2]
      [GC Worker Start (ms): Min: 40231029.3, Avg: 40231029.3, Max: 40231029.4, Diff: 0.1]
      [Ext Root Scanning (ms): Min: 2.0, Avg: 2.1, Max: 2.2, Diff: 0.2, Sum: 4.3]
      [Update RS (ms): Min: 2.6, Avg: 2.6, Max: 2.6, Diff: 0.1, Sum: 5.2]
         [Processed Buffers: Min: 1, Avg: 17.0, Max: 33, Diff: 32, Sum: 34]
      [Scan RS (ms): Min: 2.9, Avg: 3.1, Max: 3.3, Diff: 0.4, Sum: 6.2]
      [Code Root Scanning (ms): Min: 0.0, Avg: 0.0, Max: 0.0, Diff: 0.0, Sum: 0.0]
      [Object Copy (ms): Min: 13.4, Avg: 13.5, Max: 13.6, Diff: 0.3, Sum: 27.0]
      [Termination (ms): Min: 0.0, Avg: 0.0, Max: 0.0, Diff: 0.0, Sum: 0.0]
         [Termination Attempts: Min: 1, Avg: 1.0, Max: 1, Diff: 0, Sum: 2]
      [GC Worker Other (ms): Min: 0.0, Avg: 0.0, Max: 0.0, Diff: 0.0, Sum: 0.1]
      [GC Worker Total (ms): Min: 21.3, Avg: 21.4, Max: 21.4, Diff: 0.1, Sum: 42.8]
      [GC Worker End (ms): Min: 40231050.7, Avg: 40231050.7, Max: 40231050.7, Diff: 0.0]
   [Code Root Fixup: 0.2 ms]
   [Code Root Purge: 0.0 ms]
   [Clear CT: 0.3 ms]
   [Other: 1.9 ms]
      [Choose CSet: 0.0 ms]
      [Ref Proc: 0.7 ms]
      [Ref Enq: 0.0 ms]
      [Redirty Cards: 0.6 ms]
      [Humongous Register: 0.1 ms]
      [Humongous Reclaim: 0.0 ms]
      [Free CSet: 0.1 ms]
   [Eden: 45.0M(45.0M)->0.0B(48.0M) Survivors: 6144.0K->3072.0K Heap: 357.0M(1024.0M)->309.5M(1024.0M)]
 [Times: user=0.04 sys=0.00, real=0.02 secs] 
2017-09-20T22:02:11.592+0900: 40340.760: [GC pause (G1 Evacuation Pause) (young), 0.0256539 secs]
   [Parallel Time: 23.6 ms, GC Workers: 2]
      [GC Worker Start (ms): Min: 40340760.2, Avg: 40340760.3, Max: 40340760.5, Diff: 0.3]
      [Ext Root Scanning (ms): Min: 1.6, Avg: 1.8, Max: 2.0, Diff: 0.3, Sum: 3.6]
      [Update RS (ms): Min: 1.4, Avg: 1.5, Max: 1.6, Diff: 0.1, Sum: 3.0]
         [Processed Buffers: Min: 13, Avg: 15.0, Max: 17, Diff: 4, Sum: 30]
      [Scan RS (ms): Min: 3.4, Avg: 3.5, Max: 3.5, Diff: 0.1, Sum: 6.9]
      [Code Root Scanning (ms): Min: 0.0, Avg: 0.0, Max: 0.0, Diff: 0.0, Sum: 0.0]
      [Object Copy (ms): Min: 16.5, Avg: 16.5, Max: 16.6, Diff: 0.0, Sum: 33.1]
      [Termination (ms): Min: 0.0, Avg: 0.0, Max: 0.0, Diff: 0.0, Sum: 0.0]
         [Termination Attempts: Min: 1, Avg: 1.0, Max: 1, Diff: 0, Sum: 2]
      [GC Worker Other (ms): Min: 0.0, Avg: 0.0, Max: 0.0, Diff: 0.0, Sum: 0.0]
      [GC Worker Total (ms): Min: 23.2, Avg: 23.3, Max: 23.5, Diff: 0.3, Sum: 46.6]
      [GC Worker End (ms): Min: 40340783.7, Avg: 40340783.7, Max: 40340783.7, Diff: 0.0]
   [Code Root Fixup: 0.2 ms]
   [Code Root Purge: 0.0 ms]
   [Clear CT: 0.2 ms]
   [Other: 1.7 ms]
      [Choose CSet: 0.0 ms]
      [Ref Proc: 0.7 ms]
      [Ref Enq: 0.0 ms]
      [Redirty Cards: 0.4 ms]
      [Humongous Register: 0.2 ms]
      [Humongous Reclaim: 0.0 ms]
      [Free CSet: 0.1 ms]
   [Eden: 48.0M(48.0M)->0.0B(46.0M) Survivors: 3072.0K->5120.0K Heap: 357.5M(1024.0M)->311.5M(1024.0M)]
 [Times: user=0.05 sys=0.00, real=0.03 secs] 
2017-09-20T22:03:56.629+0900: 40445.796: [GC pause (G1 Evacuation Pause) (young), 0.0448884 secs]
   [Parallel Time: 43.6 ms, GC Workers: 2]
      [GC Worker Start (ms): Min: 40445796.6, Avg: 40445796.7, Max: 40445796.7, Diff: 0.1]
      [Ext Root Scanning (ms): Min: 1.7, Avg: 1.8, Max: 1.8, Diff: 0.2, Sum: 3.5]
      [Update RS (ms): Min: 3.2, Avg: 3.3, Max: 3.4, Diff: 0.1, Sum: 6.6]
         [Processed Buffers: Min: 11, Avg: 16.0, Max: 21, Diff: 10, Sum: 32]
      [Scan RS (ms): Min: 1.5, Avg: 1.6, Max: 1.7, Diff: 0.2, Sum: 3.2]
      [Code Root Scanning (ms): Min: 0.0, Avg: 0.0, Max: 0.0, Diff: 0.0, Sum: 0.0]
      [Object Copy (ms): Min: 36.8, Avg: 36.8, Max: 36.8, Diff: 0.1, Sum: 73.6]
      [Termination (ms): Min: 0.0, Avg: 0.0, Max: 0.0, Diff: 0.0, Sum: 0.0]
         [Termination Attempts: Min: 1, Avg: 1.0, Max: 1, Diff: 0, Sum: 2]
      [GC Worker Other (ms): Min: 0.0, Avg: 0.0, Max: 0.0, Diff: 0.0, Sum: 0.0]
      [GC Worker Total (ms): Min: 43.4, Avg: 43.5, Max: 43.5, Diff: 0.1, Sum: 86.9]
      [GC Worker End (ms): Min: 40445840.1, Avg: 40445840.1, Max: 40445840.1, Diff: 0.0]
   [Code Root Fixup: 0.1 ms]
   [Code Root Purge: 0.0 ms]
   [Clear CT: 0.1 ms]
   [Other: 1.0 ms]
      [Choose CSet: 0.1 ms]
      [Ref Proc: 0.3 ms]
      [Ref Enq: 0.0 ms]
      [Redirty Cards: 0.1 ms]
      [Humongous Register: 0.1 ms]
      [Humongous Reclaim: 0.0 ms]
      [Free CSet: 0.0 ms]
   [Eden: 46.0M(46.0M)->0.0B(44.0M) Survivors: 5120.0K->7168.0K Heap: 357.5M(1024.0M)->313.5M(1024.0M)]
 [Times: user=0.09 sys=0.00, real=0.05 secs] 
2017-09-20T22:05:36.942+0900: 40546.110: [GC pause (G1 Evacuation Pause) (young), 0.0201275 secs]
   [Parallel Time: 19.3 ms, GC Workers: 2]
      [GC Worker Start (ms): Min: 40546109.8, Avg: 40546109.8, Max: 40546109.9, Diff: 0.0]
      [Ext Root Scanning (ms): Min: 0.9, Avg: 0.9, Max: 0.9, Diff: 0.1, Sum: 1.8]
      [Update RS (ms): Min: 1.2, Avg: 1.3, Max: 1.4, Diff: 0.2, Sum: 2.6]
         [Processed Buffers: Min: 15, Avg: 15.0, Max: 15, Diff: 0, Sum: 30]
      [Scan RS (ms): Min: 0.6, Avg: 0.7, Max: 0.8, Diff: 0.2, Sum: 1.4]
      [Code Root Scanning (ms): Min: 0.0, Avg: 0.0, Max: 0.0, Diff: 0.0, Sum: 0.0]
      [Object Copy (ms): Min: 16.2, Avg: 16.2, Max: 16.3, Diff: 0.0, Sum: 32.5]
      [Termination (ms): Min: 0.0, Avg: 0.0, Max: 0.0, Diff: 0.0, Sum: 0.0]
         [Termination Attempts: Min: 1, Avg: 1.0, Max: 1, Diff: 0, Sum: 2]
      [GC Worker Other (ms): Min: 0.0, Avg: 0.0, Max: 0.0, Diff: 0.0, Sum: 0.0]
      [GC Worker Total (ms): Min: 19.1, Avg: 19.2, Max: 19.2, Diff: 0.0, Sum: 38.3]
      [GC Worker End (ms): Min: 40546129.0, Avg: 40546129.0, Max: 40546129.0, Diff: 0.0]
   [Code Root Fixup: 0.1 ms]
   [Code Root Purge: 0.0 ms]
   [Clear CT: 0.1 ms]
   [Other: 0.7 ms]
      [Choose CSet: 0.0 ms]
      [Ref Proc: 0.2 ms]
      [Ref Enq: 0.0 ms]
      [Redirty Cards: 0.2 ms]
      [Humongous Register: 0.0 ms]
      [Humongous Reclaim: 0.0 ms]
      [Free CSet: 0.0 ms]
   [Eden: 44.0M(44.0M)->0.0B(46.0M) Survivors: 7168.0K->5120.0K Heap: 357.5M(1024.0M)->315.0M(1024.0M)]
 [Times: user=0.04 sys=0.00, real=0.02 secs] 
2017-09-20T22:07:21.115+0900: 40650.282: [GC pause (G1 Evacuation Pause) (young), 0.0403566 secs]
   [Parallel Time: 39.1 ms, GC Workers: 2]
      [GC Worker Start (ms): Min: 40650282.7, Avg: 40650282.8, Max: 40650282.9, Diff: 0.2]
      [Ext Root Scanning (ms): Min: 1.9, Avg: 2.0, Max: 2.2, Diff: 0.3, Sum: 4.0]
      [Update RS (ms): Min: 3.7, Avg: 3.9, Max: 4.0, Diff: 0.4, Sum: 7.7]
         [Processed Buffers: Min: 12, Avg: 17.0, Max: 22, Diff: 10, Sum: 34]
      [Scan RS (ms): Min: 2.5, Avg: 2.5, Max: 2.6, Diff: 0.0, Sum: 5.1]
      [Code Root Scanning (ms): Min: 0.0, Avg: 0.0, Max: 0.0, Diff: 0.0, Sum: 0.0]
      [Object Copy (ms): Min: 30.2, Avg: 30.4, Max: 30.7, Diff: 0.5, Sum: 60.9]
      [Termination (ms): Min: 0.0, Avg: 0.0, Max: 0.0, Diff: 0.0, Sum: 0.0]
         [Termination Attempts: Min: 3, Avg: 4.0, Max: 5, Diff: 2, Sum: 8]
      [GC Worker Other (ms): Min: 0.0, Avg: 0.0, Max: 0.0, Diff: 0.0, Sum: 0.0]
      [GC Worker Total (ms): Min: 38.8, Avg: 38.9, Max: 39.0, Diff: 0.2, Sum: 77.7]
      [GC Worker End (ms): Min: 40650321.7, Avg: 40650321.7, Max: 40650321.7, Diff: 0.0]
   [Code Root Fixup: 0.1 ms]
   [Code Root Purge: 0.0 ms]
   [Clear CT: 0.2 ms]
   [Other: 1.0 ms]
      [Choose CSet: 0.0 ms]
      [Ref Proc: 0.4 ms]
      [Ref Enq: 0.0 ms]
      [Redirty Cards: 0.3 ms]
      [Humongous Register: 0.1 ms]
      [Humongous Reclaim: 0.0 ms]
      [Free CSet: 0.0 ms]
   [Eden: 46.0M(46.0M)->0.0B(45.0M) Survivors: 5120.0K->6144.0K Heap: 361.0M(1024.0M)->316.5M(1024.0M)]
 [Times: user=0.07 sys=0.00, real=0.04 secs] 
2017-09-20T22:09:03.801+0900: 40752.969: [GC pause (G1 Evacuation Pause) (young), 0.0093966 secs]
   [Parallel Time: 8.2 ms, GC Workers: 2]
      [GC Worker Start (ms): Min: 40752969.2, Avg: 40752969.3, Max: 40752969.3, Diff: 0.1]
      [Ext Root Scanning (ms): Min: 0.8, Avg: 0.9, Max: 1.0, Diff: 0.2, Sum: 1.8]
      [Update RS (ms): Min: 0.8, Avg: 0.9, Max: 1.1, Diff: 0.3, Sum: 1.8]
         [Processed Buffers: Min: 11, Avg: 15.5, Max: 20, Diff: 9, Sum: 31]
      [Scan RS (ms): Min: 0.9, Avg: 1.0, Max: 1.2, Diff: 0.3, Sum: 2.1]
      [Code Root Scanning (ms): Min: 0.0, Avg: 0.0, Max: 0.0, Diff: 0.0, Sum: 0.0]
      [Object Copy (ms): Min: 5.3, Avg: 5.3, Max: 5.4, Diff: 0.1, Sum: 10.6]
      [Termination (ms): Min: 0.0, Avg: 0.0, Max: 0.0, Diff: 0.0, Sum: 0.0]
         [Termination Attempts: Min: 1, Avg: 1.0, Max: 1, Diff: 0, Sum: 2]
      [GC Worker Other (ms): Min: 0.0, Avg: 0.0, Max: 0.0, Diff: 0.0, Sum: 0.0]
      [GC Worker Total (ms): Min: 8.1, Avg: 8.2, Max: 8.2, Diff: 0.1, Sum: 16.3]
      [GC Worker End (ms): Min: 40752977.4, Avg: 40752977.4, Max: 40752977.4, Diff: 0.0]
   [Code Root Fixup: 0.1 ms]
   [Code Root Purge: 0.0 ms]
   [Clear CT: 0.1 ms]
   [Other: 0.9 ms]
      [Choose CSet: 0.0 ms]
      [Ref Proc: 0.5 ms]
      [Ref Enq: 0.0 ms]
      [Redirty Cards: 0.2 ms]
      [Humongous Register: 0.0 ms]
      [Humongous Reclaim: 0.0 ms]
      [Free CSet: 0.0 ms]
   [Eden: 45.0M(45.0M)->0.0B(48.0M) Survivors: 6144.0K->3072.0K Heap: 361.5M(1024.0M)->313.8M(1024.0M)]
 [Times: user=0.01 sys=0.00, real=0.00 secs] 
2017-09-20T22:10:53.013+0900: 40862.181: [GC pause (G1 Evacuation Pause) (young), 0.0304262 secs]
   [Parallel Time: 28.9 ms, GC Workers: 2]
      [GC Worker Start (ms): Min: 40862181.1, Avg: 40862181.2, Max: 40862181.3, Diff: 0.1]
      [Ext Root Scanning (ms): Min: 1.8, Avg: 1.9, Max: 2.0, Diff: 0.1, Sum: 3.8]
      [Update RS (ms): Min: 2.8, Avg: 3.1, Max: 3.4, Diff: 0.6, Sum: 6.2]
         [Processed Buffers: Min: 12, Avg: 17.0, Max: 22, Diff: 10, Sum: 34]
      [Scan RS (ms): Min: 2.5, Avg: 2.9, Max: 3.2, Diff: 0.7, Sum: 5.8]
      [Code Root Scanning (ms): Min: 0.0, Avg: 0.0, Max: 0.0, Diff: 0.0, Sum: 0.0]
      [Object Copy (ms): Min: 20.7, Avg: 20.7, Max: 20.8, Diff: 0.1, Sum: 41.5]
      [Termination (ms): Min: 0.0, Avg: 0.0, Max: 0.0, Diff: 0.0, Sum: 0.0]
         [Termination Attempts: Min: 1, Avg: 1.0, Max: 1, Diff: 0, Sum: 2]
      [GC Worker Other (ms): Min: 0.0, Avg: 0.0, Max: 0.0, Diff: 0.0, Sum: 0.1]
      [GC Worker Total (ms): Min: 28.6, Avg: 28.7, Max: 28.7, Diff: 0.1, Sum: 57.3]
      [GC Worker End (ms): Min: 40862209.9, Avg: 40862209.9, Max: 40862209.9, Diff: 0.0]
   [Code Root Fixup: 0.1 ms]
   [Code Root Purge: 0.0 ms]
   [Clear CT: 0.2 ms]
   [Other: 1.2 ms]
      [Choose CSet: 0.0 ms]
      [Ref Proc: 0.4 ms]
      [Ref Enq: 0.0 ms]
      [Redirty Cards: 0.4 ms]
      [Humongous Register: 0.1 ms]
      [Humongous Reclaim: 0.0 ms]
      [Free CSet: 0.1 ms]
   [Eden: 48.0M(48.0M)->0.0B(46.0M) Survivors: 3072.0K->5120.0K Heap: 361.8M(1024.0M)->315.8M(1024.0M)]
 [Times: user=0.06 sys=0.00, real=0.03 secs] 
2017-09-20T22:12:37.264+0900: 40966.432: [GC pause (G1 Evacuation Pause) (young), 0.0406579 secs]
   [Parallel Time: 39.3 ms, GC Workers: 2]
      [GC Worker Start (ms): Min: 40966431.9, Avg: 40966432.0, Max: 40966432.1, Diff: 0.2]
      [Ext Root Scanning (ms): Min: 2.1, Avg: 2.1, Max: 2.1, Diff: 0.0, Sum: 4.2]
      [Update RS (ms): Min: 2.0, Avg: 2.3, Max: 2.7, Diff: 0.7, Sum: 4.7]
         [Processed Buffers: Min: 6, Avg: 16.0, Max: 26, Diff: 20, Sum: 32]
      [Scan RS (ms): Min: 5.2, Avg: 7.2, Max: 9.2, Diff: 4.1, Sum: 14.4]
      [Code Root Scanning (ms): Min: 0.0, Avg: 0.0, Max: 0.0, Diff: 0.0, Sum: 0.0]
      [Object Copy (ms): Min: 25.5, Avg: 27.2, Max: 28.9, Diff: 3.4, Sum: 54.3]
      [Termination (ms): Min: 0.0, Avg: 0.2, Max: 0.4, Diff: 0.4, Sum: 0.4]
         [Termination Attempts: Min: 1, Avg: 1.0, Max: 1, Diff: 0, Sum: 2]
      [GC Worker Other (ms): Min: 0.0, Avg: 0.0, Max: 0.0, Diff: 0.0, Sum: 0.0]
      [GC Worker Total (ms): Min: 38.8, Avg: 39.0, Max: 39.2, Diff: 0.3, Sum: 78.0]
      [GC Worker End (ms): Min: 40966470.9, Avg: 40966471.0, Max: 40966471.1, Diff: 0.2]
   [Code Root Fixup: 0.1 ms]
   [Code Root Purge: 0.0 ms]
   [Clear CT: 0.1 ms]
   [Other: 1.1 ms]
      [Choose CSet: 0.0 ms]
      [Ref Proc: 0.3 ms]
      [Ref Enq: 0.0 ms]
      [Redirty Cards: 0.3 ms]
      [Humongous Register: 0.1 ms]
      [Humongous Reclaim: 0.0 ms]
      [Free CSet: 0.1 ms]
   [Eden: 46.0M(46.0M)->0.0B(45.0M) Survivors: 5120.0K->6144.0K Heap: 361.8M(1024.0M)->317.7M(1024.0M)]
 [Times: user=0.07 sys=0.00, real=0.04 secs] 
2017-09-20T22:14:19.981+0900: 41069.149: [GC pause (G1 Evacuation Pause) (young), 0.0393001 secs]
   [Parallel Time: 38.2 ms, GC Workers: 2]
      [GC Worker Start (ms): Min: 41069148.9, Avg: 41069148.9, Max: 41069149.0, Diff: 0.1]
      [Ext Root Scanning (ms): Min: 1.7, Avg: 1.8, Max: 1.9, Diff: 0.2, Sum: 3.5]
      [Update RS (ms): Min: 3.0, Avg: 3.3, Max: 3.6, Diff: 0.7, Sum: 6.6]
         [Processed Buffers: Min: 15, Avg: 15.5, Max: 16, Diff: 1, Sum: 31]
      [Scan RS (ms): Min: 2.3, Avg: 2.7, Max: 3.0, Diff: 0.6, Sum: 5.3]
      [Code Root Scanning (ms): Min: 0.0, Avg: 0.0, Max: 0.0, Diff: 0.0, Sum: 0.0]
      [Object Copy (ms): Min: 30.3, Avg: 30.3, Max: 30.3, Diff: 0.1, Sum: 60.6]
      [Termination (ms): Min: 0.0, Avg: 0.0, Max: 0.0, Diff: 0.0, Sum: 0.0]
         [Termination Attempts: Min: 1, Avg: 1.0, Max: 1, Diff: 0, Sum: 2]
      [GC Worker Other (ms): Min: 0.0, Avg: 0.0, Max: 0.0, Diff: 0.0, Sum: 0.0]
      [GC Worker Total (ms): Min: 38.0, Avg: 38.0, Max: 38.1, Diff: 0.1, Sum: 76.1]
      [GC Worker End (ms): Min: 41069187.0, Avg: 41069187.0, Max: 41069187.0, Diff: 0.0]
   [Code Root Fixup: 0.1 ms]
   [Code Root Purge: 0.0 ms]
   [Clear CT: 0.1 ms]
   [Other: 0.9 ms]
      [Choose CSet: 0.0 ms]
      [Ref Proc: 0.3 ms]
      [Ref Enq: 0.0 ms]
      [Redirty Cards: 0.1 ms]
      [Humongous Register: 0.1 ms]
      [Humongous Reclaim: 0.0 ms]
      [Free CSet: 0.0 ms]
   [Eden: 45.0M(45.0M)->0.0B(46.0M) Survivors: 6144.0K->5120.0K Heap: 362.7M(1024.0M)->319.8M(1024.0M)]
 [Times: user=0.08 sys=0.00, real=0.03 secs] 
2017-09-20T22:16:05.166+0900: 41174.333: [GC pause (G1 Evacuation Pause) (young), 0.0331306 secs]
   [Parallel Time: 32.0 ms, GC Workers: 2]
      [GC Worker Start (ms): Min: 41174333.7, Avg: 41174333.8, Max: 41174333.9, Diff: 0.2]
      [Ext Root Scanning (ms): Min: 1.8, Avg: 1.9, Max: 1.9, Diff: 0.1, Sum: 3.7]
      [Update RS (ms): Min: 3.1, Avg: 3.5, Max: 3.9, Diff: 0.8, Sum: 7.0]
         [Processed Buffers: Min: 14, Avg: 16.0, Max: 18, Diff: 4, Sum: 32]
      [Scan RS (ms): Min: 2.9, Avg: 3.4, Max: 3.9, Diff: 1.0, Sum: 6.8]
      [Code Root Scanning (ms): Min: 0.0, Avg: 0.0, Max: 0.0, Diff: 0.0, Sum: 0.0]
      [Object Copy (ms): Min: 22.8, Avg: 22.9, Max: 22.9, Diff: 0.1, Sum: 45.8]
      [Termination (ms): Min: 0.0, Avg: 0.0, Max: 0.0, Diff: 0.0, Sum: 0.0]
         [Termination Attempts: Min: 1, Avg: 1.0, Max: 1, Diff: 0, Sum: 2]
      [GC Worker Other (ms): Min: 0.1, Avg: 0.1, Max: 0.1, Diff: 0.0, Sum: 0.2]
      [GC Worker Total (ms): Min: 31.7, Avg: 31.8, Max: 31.9, Diff: 0.1, Sum: 63.6]
      [GC Worker End (ms): Min: 41174365.6, Avg: 41174365.6, Max: 41174365.6, Diff: 0.0]
   [Code Root Fixup: 0.1 ms]
   [Code Root Purge: 0.0 ms]
   [Clear CT: 0.1 ms]
   [Other: 0.9 ms]
      [Choose CSet: 0.0 ms]
      [Ref Proc: 0.3 ms]
      [Ref Enq: 0.0 ms]
      [Redirty Cards: 0.2 ms]
      [Humongous Register: 0.1 ms]
      [Humongous Reclaim: 0.0 ms]
      [Free CSet: 0.1 ms]
   [Eden: 46.0M(46.0M)->0.0B(45.0M) Survivors: 5120.0K->6144.0K Heap: 365.8M(1024.0M)->321.3M(1024.0M)]
 [Times: user=0.06 sys=0.00, real=0.03 secs] 
2017-09-20T22:17:47.699+0900: 41276.867: [GC pause (G1 Evacuation Pause) (young), 0.0116031 secs]
   [Parallel Time: 10.5 ms, GC Workers: 2]
      [GC Worker Start (ms): Min: 41276867.0, Avg: 41276867.0, Max: 41276867.0, Diff: 0.0]
      [Ext Root Scanning (ms): Min: 0.8, Avg: 0.9, Max: 0.9, Diff: 0.1, Sum: 1.7]
      [Update RS (ms): Min: 1.1, Avg: 1.4, Max: 1.7, Diff: 0.6, Sum: 2.8]
         [Processed Buffers: Min: 10, Avg: 16.5, Max: 23, Diff: 13, Sum: 33]
      [Scan RS (ms): Min: 0.8, Avg: 1.2, Max: 1.5, Diff: 0.7, Sum: 2.4]
      [Code Root Scanning (ms): Min: 0.0, Avg: 0.0, Max: 0.0, Diff: 0.0, Sum: 0.0]
      [Object Copy (ms): Min: 6.8, Avg: 6.8, Max: 6.8, Diff: 0.0, Sum: 13.5]
      [Termination (ms): Min: 0.0, Avg: 0.1, Max: 0.2, Diff: 0.2, Sum: 0.2]
         [Termination Attempts: Min: 1, Avg: 1.0, Max: 1, Diff: 0, Sum: 2]
      [GC Worker Other (ms): Min: 0.0, Avg: 0.0, Max: 0.0, Diff: 0.0, Sum: 0.0]
      [GC Worker Total (ms): Min: 10.3, Avg: 10.3, Max: 10.4, Diff: 0.1, Sum: 20.7]
      [GC Worker End (ms): Min: 41276877.3, Avg: 41276877.3, Max: 41276877.3, Diff: 0.1]
   [Code Root Fixup: 0.1 ms]
   [Code Root Purge: 0.0 ms]
   [Clear CT: 0.2 ms]
   [Other: 0.9 ms]
      [Choose CSet: 0.0 ms]
      [Ref Proc: 0.3 ms]
      [Ref Enq: 0.0 ms]
      [Redirty Cards: 0.3 ms]
      [Humongous Register: 0.0 ms]
      [Humongous Reclaim: 0.0 ms]
      [Free CSet: 0.1 ms]
   [Eden: 45.0M(45.0M)->0.0B(47.0M) Survivors: 6144.0K->4096.0K Heap: 366.3M(1024.0M)->319.4M(1024.0M)]
 [Times: user=0.02 sys=0.00, real=0.01 secs] 
2017-09-20T22:19:35.114+0900: 41384.282: [GC pause (G1 Evacuation Pause) (young), 0.0329106 secs]
   [Parallel Time: 30.6 ms, GC Workers: 2]
      [GC Worker Start (ms): Min: 41384282.2, Avg: 41384282.3, Max: 41384282.3, Diff: 0.1]
      [Ext Root Scanning (ms): Min: 1.9, Avg: 2.0, Max: 2.0, Diff: 0.2, Sum: 3.9]
      [Update RS (ms): Min: 3.3, Avg: 3.3, Max: 3.3, Diff: 0.0, Sum: 6.6]
         [Processed Buffers: Min: 12, Avg: 16.5, Max: 21, Diff: 9, Sum: 33]
      [Scan RS (ms): Min: 1.9, Avg: 2.0, Max: 2.0, Diff: 0.1, Sum: 3.9]
      [Code Root Scanning (ms): Min: 0.0, Avg: 0.0, Max: 0.0, Diff: 0.0, Sum: 0.0]
      [Object Copy (ms): Min: 23.1, Avg: 23.1, Max: 23.1, Diff: 0.0, Sum: 46.2]
      [Termination (ms): Min: 0.0, Avg: 0.0, Max: 0.0, Diff: 0.0, Sum: 0.0]
         [Termination Attempts: Min: 1, Avg: 1.0, Max: 1, Diff: 0, Sum: 2]
      [GC Worker Other (ms): Min: 0.0, Avg: 0.0, Max: 0.0, Diff: 0.0, Sum: 0.1]
      [GC Worker Total (ms): Min: 30.3, Avg: 30.4, Max: 30.4, Diff: 0.1, Sum: 60.7]
      [GC Worker End (ms): Min: 41384312.6, Avg: 41384312.6, Max: 41384312.6, Diff: 0.0]
   [Code Root Fixup: 0.2 ms]
   [Code Root Purge: 0.0 ms]
   [Clear CT: 0.3 ms]
   [Other: 1.9 ms]
      [Choose CSet: 0.0 ms]
      [Ref Proc: 0.8 ms]
      [Ref Enq: 0.0 ms]
      [Redirty Cards: 0.5 ms]
      [Humongous Register: 0.1 ms]
      [Humongous Reclaim: 0.0 ms]
      [Free CSet: 0.1 ms]
   [Eden: 47.0M(47.0M)->0.0B(46.0M) Survivors: 4096.0K->5120.0K Heap: 366.4M(1024.0M)->320.9M(1024.0M)]
 [Times: user=0.06 sys=0.00, real=0.03 secs] 
2017-09-20T22:21:19.867+0900: 41489.034: [GC pause (G1 Evacuation Pause) (young), 0.0339729 secs]
   [Parallel Time: 32.6 ms, GC Workers: 2]
      [GC Worker Start (ms): Min: 41489034.8, Avg: 41489034.8, Max: 41489034.9, Diff: 0.1]
      [Ext Root Scanning (ms): Min: 1.7, Avg: 1.8, Max: 2.0, Diff: 0.2, Sum: 3.7]
      [Update RS (ms): Min: 2.6, Avg: 2.9, Max: 3.1, Diff: 0.5, Sum: 5.8]
         [Processed Buffers: Min: 17, Avg: 17.0, Max: 17, Diff: 0, Sum: 34]
      [Scan RS (ms): Min: 1.9, Avg: 2.3, Max: 2.6, Diff: 0.7, Sum: 4.6]
      [Code Root Scanning (ms): Min: 0.0, Avg: 0.0, Max: 0.0, Diff: 0.0, Sum: 0.0]
      [Object Copy (ms): Min: 25.2, Avg: 25.3, Max: 25.5, Diff: 0.3, Sum: 50.6]
      [Termination (ms): Min: 0.0, Avg: 0.0, Max: 0.0, Diff: 0.0, Sum: 0.0]
         [Termination Attempts: Min: 1, Avg: 1.0, Max: 1, Diff: 0, Sum: 2]
      [GC Worker Other (ms): Min: 0.0, Avg: 0.0, Max: 0.0, Diff: 0.0, Sum: 0.0]
      [GC Worker Total (ms): Min: 32.3, Avg: 32.4, Max: 32.4, Diff: 0.1, Sum: 64.7]
      [GC Worker End (ms): Min: 41489067.2, Avg: 41489067.2, Max: 41489067.2, Diff: 0.0]
   [Code Root Fixup: 0.1 ms]
   [Code Root Purge: 0.0 ms]
   [Clear CT: 0.1 ms]
   [Other: 1.1 ms]
      [Choose CSet: 0.0 ms]
      [Ref Proc: 0.5 ms]
      [Ref Enq: 0.0 ms]
      [Redirty Cards: 0.2 ms]
      [Humongous Register: 0.1 ms]
      [Humongous Reclaim: 0.0 ms]
      [Free CSet: 0.1 ms]
   [Eden: 46.0M(46.0M)->0.0B(45.0M) Survivors: 5120.0K->6144.0K Heap: 366.9M(1024.0M)->322.2M(1024.0M)]
 [Times: user=0.06 sys=0.00, real=0.04 secs] 
2017-09-20T22:23:02.149+0900: 41591.316: [GC pause (G1 Evacuation Pause) (young), 0.0470259 secs]
   [Parallel Time: 46.0 ms, GC Workers: 2]
      [GC Worker Start (ms): Min: 41591316.7, Avg: 41591316.8, Max: 41591316.8, Diff: 0.2]
      [Ext Root Scanning (ms): Min: 1.7, Avg: 1.8, Max: 1.9, Diff: 0.2, Sum: 3.6]
      [Update RS (ms): Min: 3.0, Avg: 3.0, Max: 3.1, Diff: 0.1, Sum: 6.0]
         [Processed Buffers: Min: 13, Avg: 15.0, Max: 17, Diff: 4, Sum: 30]
      [Scan RS (ms): Min: 3.3, Avg: 3.3, Max: 3.3, Diff: 0.1, Sum: 6.6]
      [Code Root Scanning (ms): Min: 0.0, Avg: 0.0, Max: 0.0, Diff: 0.0, Sum: 0.0]
      [Object Copy (ms): Min: 37.7, Avg: 37.8, Max: 37.8, Diff: 0.0, Sum: 75.5]
      [Termination (ms): Min: 0.0, Avg: 0.0, Max: 0.0, Diff: 0.0, Sum: 0.0]
         [Termination Attempts: Min: 1, Avg: 1.0, Max: 1, Diff: 0, Sum: 2]
      [GC Worker Other (ms): Min: 0.0, Avg: 0.0, Max: 0.0, Diff: 0.0, Sum: 0.0]
      [GC Worker Total (ms): Min: 45.8, Avg: 45.9, Max: 45.9, Diff: 0.2, Sum: 91.7]
      [GC Worker End (ms): Min: 41591362.6, Avg: 41591362.6, Max: 41591362.6, Diff: 0.0]
   [Code Root Fixup: 0.1 ms]
   [Code Root Purge: 0.0 ms]
   [Clear CT: 0.1 ms]
   [Other: 0.8 ms]
      [Choose CSet: 0.0 ms]
      [Ref Proc: 0.3 ms]
      [Ref Enq: 0.0 ms]
      [Redirty Cards: 0.1 ms]
      [Humongous Register: 0.1 ms]
      [Humongous Reclaim: 0.0 ms]
      [Free CSet: 0.1 ms]
   [Eden: 45.0M(45.0M)->0.0B(46.0M) Survivors: 6144.0K->5120.0K Heap: 367.2M(1024.0M)->325.1M(1024.0M)]
 [Times: user=0.09 sys=0.00, real=0.05 secs] 
2017-09-20T22:24:47.336+0900: 41696.503: [GC pause (G1 Evacuation Pause) (young), 0.0366111 secs]
   [Parallel Time: 35.6 ms, GC Workers: 2]
      [GC Worker Start (ms): Min: 41696503.6, Avg: 41696503.6, Max: 41696503.7, Diff: 0.1]
      [Ext Root Scanning (ms): Min: 1.9, Avg: 2.0, Max: 2.1, Diff: 0.2, Sum: 4.0]
      [Update RS (ms): Min: 2.8, Avg: 2.9, Max: 3.1, Diff: 0.3, Sum: 5.9]
         [Processed Buffers: Min: 13, Avg: 14.5, Max: 16, Diff: 3, Sum: 29]
      [Scan RS (ms): Min: 2.4, Avg: 2.5, Max: 2.6, Diff: 0.2, Sum: 5.0]
      [Code Root Scanning (ms): Min: 0.0, Avg: 0.0, Max: 0.0, Diff: 0.0, Sum: 0.0]
      [Object Copy (ms): Min: 27.9, Avg: 27.9, Max: 27.9, Diff: 0.1, Sum: 55.8]
      [Termination (ms): Min: 0.0, Avg: 0.0, Max: 0.0, Diff: 0.0, Sum: 0.0]
         [Termination Attempts: Min: 1, Avg: 1.0, Max: 1, Diff: 0, Sum: 2]
      [GC Worker Other (ms): Min: 0.0, Avg: 0.0, Max: 0.0, Diff: 0.0, Sum: 0.0]
      [GC Worker Total (ms): Min: 35.3, Avg: 35.4, Max: 35.5, Diff: 0.1, Sum: 70.8]
      [GC Worker End (ms): Min: 41696539.0, Avg: 41696539.0, Max: 41696539.0, Diff: 0.0]
   [Code Root Fixup: 0.1 ms]
   [Code Root Purge: 0.0 ms]
   [Clear CT: 0.1 ms]
   [Other: 0.8 ms]
      [Choose CSet: 0.0 ms]
      [Ref Proc: 0.3 ms]
      [Ref Enq: 0.0 ms]
      [Redirty Cards: 0.1 ms]
      [Humongous Register: 0.1 ms]
      [Humongous Reclaim: 0.0 ms]
      [Free CSet: 0.1 ms]
   [Eden: 46.0M(46.0M)->0.0B(44.0M) Survivors: 5120.0K->7168.0K Heap: 371.1M(1024.0M)->327.1M(1024.0M)]
 [Times: user=0.07 sys=0.00, real=0.03 secs] 
2017-09-20T22:26:27.081+0900: 41796.249: [GC pause (G1 Evacuation Pause) (young), 0.0245026 secs]
   [Parallel Time: 22.7 ms, GC Workers: 2]
      [GC Worker Start (ms): Min: 41796249.5, Avg: 41796249.5, Max: 41796249.5, Diff: 0.1]
      [Ext Root Scanning (ms): Min: 2.0, Avg: 2.1, Max: 2.1, Diff: 0.0, Sum: 4.1]
      [Update RS (ms): Min: 3.4, Avg: 3.4, Max: 3.5, Diff: 0.2, Sum: 6.9]
         [Processed Buffers: Min: 6, Avg: 16.5, Max: 27, Diff: 21, Sum: 33]
      [Scan RS (ms): Min: 3.4, Avg: 3.6, Max: 3.7, Diff: 0.3, Sum: 7.1]
      [Code Root Scanning (ms): Min: 0.0, Avg: 0.0, Max: 0.0, Diff: 0.0, Sum: 0.0]
      [Object Copy (ms): Min: 13.3, Avg: 13.4, Max: 13.4, Diff: 0.1, Sum: 26.7]
      [Termination (ms): Min: 0.0, Avg: 0.0, Max: 0.0, Diff: 0.0, Sum: 0.0]
         [Termination Attempts: Min: 1, Avg: 1.0, Max: 1, Diff: 0, Sum: 2]
      [GC Worker Other (ms): Min: 0.0, Avg: 0.0, Max: 0.0, Diff: 0.0, Sum: 0.0]
      [GC Worker Total (ms): Min: 22.4, Avg: 22.5, Max: 22.5, Diff: 0.1, Sum: 44.9]
      [GC Worker End (ms): Min: 41796272.0, Avg: 41796272.0, Max: 41796272.0, Diff: 0.0]
   [Code Root Fixup: 0.2 ms]
   [Code Root Purge: 0.0 ms]
   [Clear CT: 0.2 ms]
   [Other: 1.4 ms]
      [Choose CSet: 0.0 ms]
      [Ref Proc: 0.5 ms]
      [Ref Enq: 0.0 ms]
      [Redirty Cards: 0.3 ms]
      [Humongous Register: 0.1 ms]
      [Humongous Reclaim: 0.0 ms]
      [Free CSet: 0.1 ms]
   [Eden: 44.0M(44.0M)->0.0B(47.0M) Survivors: 7168.0K->4096.0K Heap: 371.1M(1024.0M)->324.8M(1024.0M)]
 [Times: user=0.04 sys=0.00, real=0.02 secs] 
2017-09-20T22:28:14.333+0900: 41903.500: [GC pause (G1 Evacuation Pause) (young), 0.0330188 secs]
   [Parallel Time: 30.5 ms, GC Workers: 2]
      [GC Worker Start (ms): Min: 41903500.4, Avg: 41903500.5, Max: 41903500.5, Diff: 0.1]
      [Ext Root Scanning (ms): Min: 1.8, Avg: 1.9, Max: 2.0, Diff: 0.2, Sum: 3.7]
      [Update RS (ms): Min: 3.1, Avg: 3.2, Max: 3.2, Diff: 0.1, Sum: 6.3]
         [Processed Buffers: Min: 7, Avg: 15.0, Max: 23, Diff: 16, Sum: 30]
      [Scan RS (ms): Min: 2.4, Avg: 2.4, Max: 2.4, Diff: 0.0, Sum: 4.8]
      [Code Root Scanning (ms): Min: 0.0, Avg: 0.0, Max: 0.0, Diff: 0.0, Sum: 0.0]
      [Object Copy (ms): Min: 22.8, Avg: 22.9, Max: 22.9, Diff: 0.1, Sum: 45.8]
      [Termination (ms): Min: 0.0, Avg: 0.0, Max: 0.0, Diff: 0.0, Sum: 0.0]
         [Termination Attempts: Min: 1, Avg: 1.0, Max: 1, Diff: 0, Sum: 2]
      [GC Worker Other (ms): Min: 0.0, Avg: 0.0, Max: 0.1, Diff: 0.0, Sum: 0.1]
      [GC Worker Total (ms): Min: 30.3, Avg: 30.4, Max: 30.4, Diff: 0.1, Sum: 60.7]
      [GC Worker End (ms): Min: 41903530.8, Avg: 41903530.8, Max: 41903530.8, Diff: 0.0]
   [Code Root Fixup: 0.3 ms]
   [Code Root Purge: 0.0 ms]
   [Clear CT: 0.2 ms]
   [Other: 2.0 ms]
      [Choose CSet: 0.0 ms]
      [Ref Proc: 0.7 ms]
      [Ref Enq: 0.0 ms]
      [Redirty Cards: 0.6 ms]
      [Humongous Register: 0.1 ms]
      [Humongous Reclaim: 0.1 ms]
      [Free CSet: 0.1 ms]
   [Eden: 47.0M(47.0M)->0.0B(46.0M) Survivors: 4096.0K->5120.0K Heap: 371.8M(1024.0M)->326.3M(1024.0M)]
 [Times: user=0.06 sys=0.00, real=0.04 secs] 
2017-09-20T22:29:59.508+0900: 42008.675: [GC pause (G1 Evacuation Pause) (young), 0.0088190 secs]
   [Parallel Time: 8.0 ms, GC Workers: 2]
      [GC Worker Start (ms): Min: 42008675.4, Avg: 42008675.4, Max: 42008675.4, Diff: 0.1]
      [Ext Root Scanning (ms): Min: 0.5, Avg: 0.6, Max: 0.6, Diff: 0.1, Sum: 1.2]
      [Update RS (ms): Min: 0.7, Avg: 0.8, Max: 0.8, Diff: 0.1, Sum: 1.5]
         [Processed Buffers: Min: 7, Avg: 16.0, Max: 25, Diff: 18, Sum: 32]
      [Scan RS (ms): Min: 0.3, Avg: 0.4, Max: 0.4, Diff: 0.1, Sum: 0.8]
      [Code Root Scanning (ms): Min: 0.0, Avg: 0.0, Max: 0.0, Diff: 0.0, Sum: 0.0]
      [Object Copy (ms): Min: 6.1, Avg: 6.2, Max: 6.2, Diff: 0.0, Sum: 12.3]
      [Termination (ms): Min: 0.0, Avg: 0.0, Max: 0.0, Diff: 0.0, Sum: 0.0]
         [Termination Attempts: Min: 1, Avg: 1.0, Max: 1, Diff: 0, Sum: 2]
      [GC Worker Other (ms): Min: 0.0, Avg: 0.0, Max: 0.0, Diff: 0.0, Sum: 0.0]
      [GC Worker Total (ms): Min: 7.9, Avg: 7.9, Max: 7.9, Diff: 0.1, Sum: 15.8]
      [GC Worker End (ms): Min: 42008683.3, Avg: 42008683.3, Max: 42008683.3, Diff: 0.0]
   [Code Root Fixup: 0.1 ms]
   [Code Root Purge: 0.0 ms]
   [Clear CT: 0.1 ms]
   [Other: 0.7 ms]
      [Choose CSet: 0.0 ms]
      [Ref Proc: 0.3 ms]
      [Ref Enq: 0.0 ms]
      [Redirty Cards: 0.2 ms]
      [Humongous Register: 0.0 ms]
      [Humongous Reclaim: 0.0 ms]
      [Free CSet: 0.0 ms]
   [Eden: 46.0M(46.0M)->0.0B(45.0M) Survivors: 5120.0K->6144.0K Heap: 372.3M(1024.0M)->328.1M(1024.0M)]
 [Times: user=0.02 sys=0.00, real=0.01 secs] 
2017-09-20T22:31:42.170+0900: 42111.338: [GC pause (G1 Evacuation Pause) (young), 0.0120505 secs]
   [Parallel Time: 11.2 ms, GC Workers: 2]
      [GC Worker Start (ms): Min: 42111337.9, Avg: 42111338.0, Max: 42111338.0, Diff: 0.1]
      [Ext Root Scanning (ms): Min: 0.5, Avg: 0.6, Max: 0.6, Diff: 0.1, Sum: 1.1]
      [Update RS (ms): Min: 1.0, Avg: 1.0, Max: 1.0, Diff: 0.0, Sum: 1.9]
         [Processed Buffers: Min: 11, Avg: 17.0, Max: 23, Diff: 12, Sum: 34]
      [Scan RS (ms): Min: 0.6, Avg: 0.6, Max: 0.6, Diff: 0.0, Sum: 1.2]
      [Code Root Scanning (ms): Min: 0.0, Avg: 0.0, Max: 0.0, Diff: 0.0, Sum: 0.0]
      [Object Copy (ms): Min: 9.0, Avg: 9.0, Max: 9.0, Diff: 0.0, Sum: 18.0]
      [Termination (ms): Min: 0.0, Avg: 0.0, Max: 0.0, Diff: 0.0, Sum: 0.0]
         [Termination Attempts: Min: 1, Avg: 1.0, Max: 1, Diff: 0, Sum: 2]
      [GC Worker Other (ms): Min: 0.0, Avg: 0.0, Max: 0.0, Diff: 0.0, Sum: 0.0]
      [GC Worker Total (ms): Min: 11.1, Avg: 11.1, Max: 11.2, Diff: 0.1, Sum: 22.3]
      [GC Worker End (ms): Min: 42111349.1, Avg: 42111349.1, Max: 42111349.1, Diff: 0.0]
   [Code Root Fixup: 0.0 ms]
   [Code Root Purge: 0.0 ms]
   [Clear CT: 0.1 ms]
   [Other: 0.7 ms]
      [Choose CSet: 0.0 ms]
      [Ref Proc: 0.3 ms]
      [Ref Enq: 0.0 ms]
      [Redirty Cards: 0.2 ms]
      [Humongous Register: 0.0 ms]
      [Humongous Reclaim: 0.0 ms]
      [Free CSet: 0.0 ms]
   [Eden: 45.0M(45.0M)->0.0B(46.0M) Survivors: 6144.0K->5120.0K Heap: 373.1M(1024.0M)->330.8M(1024.0M)]
 [Times: user=0.02 sys=0.00, real=0.02 secs] 
2017-09-20T22:33:26.896+0900: 42216.063: [GC pause (G1 Evacuation Pause) (young), 0.0050563 secs]
   [Parallel Time: 4.3 ms, GC Workers: 2]
      [GC Worker Start (ms): Min: 42216063.2, Avg: 42216063.3, Max: 42216063.3, Diff: 0.0]
      [Ext Root Scanning (ms): Min: 0.6, Avg: 0.6, Max: 0.6, Diff: 0.0, Sum: 1.2]
      [Update RS (ms): Min: 1.0, Avg: 1.2, Max: 1.3, Diff: 0.2, Sum: 2.3]
         [Processed Buffers: Min: 3, Avg: 17.0, Max: 31, Diff: 28, Sum: 34]
      [Scan RS (ms): Min: 0.3, Avg: 0.4, Max: 0.5, Diff: 0.2, Sum: 0.9]
      [Code Root Scanning (ms): Min: 0.0, Avg: 0.0, Max: 0.0, Diff: 0.0, Sum: 0.0]
      [Object Copy (ms): Min: 2.0, Avg: 2.0, Max: 2.0, Diff: 0.1, Sum: 4.0]
      [Termination (ms): Min: 0.0, Avg: 0.0, Max: 0.0, Diff: 0.0, Sum: 0.0]
         [Termination Attempts: Min: 1, Avg: 1.0, Max: 1, Diff: 0, Sum: 2]
      [GC Worker Other (ms): Min: 0.0, Avg: 0.0, Max: 0.0, Diff: 0.0, Sum: 0.0]
      [GC Worker Total (ms): Min: 4.2, Avg: 4.2, Max: 4.2, Diff: 0.0, Sum: 8.5]
      [GC Worker End (ms): Min: 42216067.5, Avg: 42216067.5, Max: 42216067.5, Diff: 0.0]
   [Code Root Fixup: 0.0 ms]
   [Code Root Purge: 0.0 ms]
   [Clear CT: 0.1 ms]
   [Other: 0.6 ms]
      [Choose CSet: 0.0 ms]
      [Ref Proc: 0.3 ms]
      [Ref Enq: 0.0 ms]
      [Redirty Cards: 0.2 ms]
      [Humongous Register: 0.0 ms]
      [Humongous Reclaim: 0.0 ms]
      [Free CSet: 0.0 ms]
   [Eden: 46.0M(46.0M)->0.0B(60.0M) Survivors: 5120.0K->3072.0K Heap: 376.8M(1024.0M)->328.8M(1024.0M)]
 [Times: user=0.00 sys=0.01, real=0.01 secs] 
2017-09-20T22:35:43.870+0900: 42353.038: [GC pause (G1 Evacuation Pause) (young), 0.0301193 secs]
   [Parallel Time: 28.8 ms, GC Workers: 2]
      [GC Worker Start (ms): Min: 42353037.7, Avg: 42353037.8, Max: 42353037.9, Diff: 0.1]
      [Ext Root Scanning (ms): Min: 1.7, Avg: 1.8, Max: 1.9, Diff: 0.2, Sum: 3.7]
      [Update RS (ms): Min: 4.1, Avg: 4.2, Max: 4.3, Diff: 0.3, Sum: 8.4]
         [Processed Buffers: Min: 5, Avg: 17.0, Max: 29, Diff: 24, Sum: 34]
      [Scan RS (ms): Min: 3.2, Avg: 3.3, Max: 3.4, Diff: 0.2, Sum: 6.7]
      [Code Root Scanning (ms): Min: 0.0, Avg: 0.0, Max: 0.0, Diff: 0.0, Sum: 0.0]
      [Object Copy (ms): Min: 19.3, Avg: 19.3, Max: 19.3, Diff: 0.1, Sum: 38.6]
      [Termination (ms): Min: 0.0, Avg: 0.0, Max: 0.0, Diff: 0.0, Sum: 0.0]
         [Termination Attempts: Min: 1, Avg: 1.0, Max: 1, Diff: 0, Sum: 2]
      [GC Worker Other (ms): Min: 0.0, Avg: 0.0, Max: 0.0, Diff: 0.0, Sum: 0.0]
      [GC Worker Total (ms): Min: 28.6, Avg: 28.7, Max: 28.7, Diff: 0.1, Sum: 57.4]
      [GC Worker End (ms): Min: 42353066.5, Avg: 42353066.5, Max: 42353066.5, Diff: 0.0]
   [Code Root Fixup: 0.1 ms]
   [Code Root Purge: 0.0 ms]
   [Clear CT: 0.2 ms]
   [Other: 1.1 ms]
      [Choose CSet: 0.0 ms]
      [Ref Proc: 0.3 ms]
      [Ref Enq: 0.0 ms]
      [Redirty Cards: 0.3 ms]
      [Humongous Register: 0.1 ms]
      [Humongous Reclaim: 0.0 ms]
      [Free CSet: 0.1 ms]
   [Eden: 60.0M(60.0M)->0.0B(46.0M) Survivors: 3072.0K->5120.0K Heap: 388.8M(1024.0M)->330.8M(1024.0M)]
 [Times: user=0.06 sys=0.00, real=0.03 secs] 
2017-09-20T22:37:28.053+0900: 42457.221: [GC pause (G1 Evacuation Pause) (young), 0.0356212 secs]
   [Parallel Time: 34.2 ms, GC Workers: 2]
      [GC Worker Start (ms): Min: 42457221.0, Avg: 42457221.1, Max: 42457221.1, Diff: 0.2]
      [Ext Root Scanning (ms): Min: 1.7, Avg: 1.8, Max: 1.9, Diff: 0.2, Sum: 3.6]
      [Update RS (ms): Min: 2.7, Avg: 2.7, Max: 2.8, Diff: 0.2, Sum: 5.5]
         [Processed Buffers: Min: 15, Avg: 17.0, Max: 19, Diff: 4, Sum: 34]
      [Scan RS (ms): Min: 2.6, Avg: 2.6, Max: 2.7, Diff: 0.1, Sum: 5.3]
      [Code Root Scanning (ms): Min: 0.0, Avg: 0.0, Max: 0.0, Diff: 0.0, Sum: 0.0]
      [Object Copy (ms): Min: 26.8, Avg: 26.8, Max: 26.9, Diff: 0.1, Sum: 53.7]
      [Termination (ms): Min: 0.0, Avg: 0.0, Max: 0.0, Diff: 0.0, Sum: 0.0]
         [Termination Attempts: Min: 1, Avg: 1.0, Max: 1, Diff: 0, Sum: 2]
      [GC Worker Other (ms): Min: 0.0, Avg: 0.0, Max: 0.0, Diff: 0.0, Sum: 0.0]
      [GC Worker Total (ms): Min: 34.0, Avg: 34.1, Max: 34.1, Diff: 0.2, Sum: 68.1]
      [GC Worker End (ms): Min: 42457255.1, Avg: 42457255.1, Max: 42457255.1, Diff: 0.0]
   [Code Root Fixup: 0.1 ms]
   [Code Root Purge: 0.0 ms]
   [Clear CT: 0.2 ms]
   [Other: 1.1 ms]
      [Choose CSet: 0.0 ms]
      [Ref Proc: 0.3 ms]
      [Ref Enq: 0.0 ms]
      [Redirty Cards: 0.4 ms]
      [Humongous Register: 0.1 ms]
      [Humongous Reclaim: 0.0 ms]
      [Free CSet: 0.0 ms]
   [Eden: 46.0M(46.0M)->0.0B(45.0M) Survivors: 5120.0K->6144.0K Heap: 376.8M(1024.0M)->332.8M(1024.0M)]
 [Times: user=0.07 sys=0.00, real=0.03 secs] 
2017-09-20T22:39:10.879+0900: 42560.046: [GC pause (G1 Evacuation Pause) (young), 0.0324477 secs]
   [Parallel Time: 30.8 ms, GC Workers: 2]
      [GC Worker Start (ms): Min: 42560046.6, Avg: 42560048.1, Max: 42560049.6, Diff: 3.0]
      [Ext Root Scanning (ms): Min: 0.3, Avg: 1.8, Max: 3.2, Diff: 2.9, Sum: 3.6]
      [Update RS (ms): Min: 3.7, Avg: 4.0, Max: 4.2, Diff: 0.5, Sum: 8.0]
         [Processed Buffers: Min: 10, Avg: 16.0, Max: 22, Diff: 12, Sum: 32]
      [Scan RS (ms): Min: 2.0, Avg: 2.3, Max: 2.6, Diff: 0.6, Sum: 4.6]
      [Code Root Scanning (ms): Min: 0.0, Avg: 0.0, Max: 0.0, Diff: 0.0, Sum: 0.0]
      [Object Copy (ms): Min: 21.1, Avg: 21.1, Max: 21.1, Diff: 0.0, Sum: 42.2]
      [Termination (ms): Min: 0.0, Avg: 0.0, Max: 0.0, Diff: 0.0, Sum: 0.0]
         [Termination Attempts: Min: 1, Avg: 1.0, Max: 1, Diff: 0, Sum: 2]
      [GC Worker Other (ms): Min: 0.0, Avg: 0.0, Max: 0.0, Diff: 0.0, Sum: 0.0]
      [GC Worker Total (ms): Min: 27.7, Avg: 29.2, Max: 30.7, Diff: 3.0, Sum: 58.4]
      [GC Worker End (ms): Min: 42560077.3, Avg: 42560077.3, Max: 42560077.3, Diff: 0.0]
   [Code Root Fixup: 0.1 ms]
   [Code Root Purge: 0.0 ms]
   [Clear CT: 0.2 ms]
   [Other: 1.3 ms]
      [Choose CSet: 0.0 ms]
      [Ref Proc: 0.3 ms]
      [Ref Enq: 0.0 ms]
      [Redirty Cards: 0.4 ms]
      [Humongous Register: 0.1 ms]
      [Humongous Reclaim: 0.0 ms]
      [Free CSet: 0.1 ms]
   [Eden: 45.0M(45.0M)->0.0B(46.0M) Survivors: 6144.0K->5120.0K Heap: 377.8M(1024.0M)->334.8M(1024.0M)]
 [Times: user=0.06 sys=0.00, real=0.03 secs] 
2017-09-20T22:40:55.170+0900: 42664.338: [GC pause (G1 Evacuation Pause) (young), 0.0367659 secs]
   [Parallel Time: 35.6 ms, GC Workers: 2]
      [GC Worker Start (ms): Min: 42664338.2, Avg: 42664338.2, Max: 42664338.2, Diff: 0.1]
      [Ext Root Scanning (ms): Min: 1.7, Avg: 1.7, Max: 1.8, Diff: 0.1, Sum: 3.5]
      [Update RS (ms): Min: 3.1, Avg: 3.4, Max: 3.7, Diff: 0.6, Sum: 6.7]
         [Processed Buffers: Min: 9, Avg: 16.0, Max: 23, Diff: 14, Sum: 32]
      [Scan RS (ms): Min: 2.9, Avg: 3.2, Max: 3.5, Diff: 0.6, Sum: 6.4]
      [Code Root Scanning (ms): Min: 0.0, Avg: 0.0, Max: 0.0, Diff: 0.0, Sum: 0.0]
      [Object Copy (ms): Min: 27.0, Avg: 27.0, Max: 27.1, Diff: 0.1, Sum: 54.1]
      [Termination (ms): Min: 0.0, Avg: 0.0, Max: 0.0, Diff: 0.0, Sum: 0.0]
         [Termination Attempts: Min: 1, Avg: 1.0, Max: 1, Diff: 0, Sum: 2]
      [GC Worker Other (ms): Min: 0.0, Avg: 0.0, Max: 0.0, Diff: 0.0, Sum: 0.1]
      [GC Worker Total (ms): Min: 35.3, Avg: 35.3, Max: 35.4, Diff: 0.0, Sum: 70.7]
      [GC Worker End (ms): Min: 42664373.5, Avg: 42664373.6, Max: 42664373.6, Diff: 0.0]
   [Code Root Fixup: 0.1 ms]
   [Code Root Purge: 0.0 ms]
   [Clear CT: 0.1 ms]
   [Other: 1.0 ms]
      [Choose CSet: 0.0 ms]
      [Ref Proc: 0.3 ms]
      [Ref Enq: 0.0 ms]
      [Redirty Cards: 0.2 ms]
      [Humongous Register: 0.1 ms]
      [Humongous Reclaim: 0.0 ms]
      [Free CSet: 0.1 ms]
   [Eden: 46.0M(46.0M)->0.0B(44.0M) Survivors: 5120.0K->7168.0K Heap: 380.8M(1024.0M)->336.8M(1024.0M)]
 [Times: user=0.07 sys=0.00, real=0.04 secs] 
2017-09-20T22:42:34.670+0900: 42763.837: [GC pause (G1 Evacuation Pause) (young), 0.0060342 secs]
   [Parallel Time: 5.5 ms, GC Workers: 2]
      [GC Worker Start (ms): Min: 42763837.4, Avg: 42763837.4, Max: 42763837.5, Diff: 0.0]
      [Ext Root Scanning (ms): Min: 0.5, Avg: 0.5, Max: 0.6, Diff: 0.1, Sum: 1.1]
      [Update RS (ms): Min: 0.5, Avg: 0.6, Max: 0.7, Diff: 0.2, Sum: 1.2]
         [Processed Buffers: Min: 11, Avg: 16.0, Max: 21, Diff: 10, Sum: 32]
      [Scan RS (ms): Min: 0.6, Avg: 0.7, Max: 0.8, Diff: 0.2, Sum: 1.5]
      [Code Root Scanning (ms): Min: 0.0, Avg: 0.0, Max: 0.0, Diff: 0.0, Sum: 0.0]
      [Object Copy (ms): Min: 3.5, Avg: 3.5, Max: 3.6, Diff: 0.0, Sum: 7.1]
      [Termination (ms): Min: 0.0, Avg: 0.0, Max: 0.0, Diff: 0.0, Sum: 0.0]
         [Termination Attempts: Min: 1, Avg: 1.0, Max: 1, Diff: 0, Sum: 2]
      [GC Worker Other (ms): Min: 0.0, Avg: 0.0, Max: 0.0, Diff: 0.0, Sum: 0.0]
      [GC Worker Total (ms): Min: 5.4, Avg: 5.4, Max: 5.4, Diff: 0.0, Sum: 10.9]
      [GC Worker End (ms): Min: 42763842.9, Avg: 42763842.9, Max: 42763842.9, Diff: 0.0]
   [Code Root Fixup: 0.0 ms]
   [Code Root Purge: 0.0 ms]
   [Clear CT: 0.1 ms]
   [Other: 0.4 ms]
      [Choose CSet: 0.0 ms]
      [Ref Proc: 0.1 ms]
      [Ref Enq: 0.0 ms]
      [Redirty Cards: 0.1 ms]
      [Humongous Register: 0.0 ms]
      [Humongous Reclaim: 0.0 ms]
      [Free CSet: 0.0 ms]
   [Eden: 44.0M(44.0M)->0.0B(48.0M) Survivors: 7168.0K->3072.0K Heap: 380.8M(1024.0M)->333.9M(1024.0M)]
 [Times: user=0.01 sys=0.00, real=0.01 secs] 
2017-09-20T22:44:24.677+0900: 42873.844: [GC pause (G1 Evacuation Pause) (young), 0.0244494 secs]
   [Parallel Time: 23.0 ms, GC Workers: 2]
      [GC Worker Start (ms): Min: 42873845.2, Avg: 42873845.3, Max: 42873845.3, Diff: 0.1]
      [Ext Root Scanning (ms): Min: 1.8, Avg: 1.9, Max: 1.9, Diff: 0.1, Sum: 3.7]
      [Update RS (ms): Min: 3.5, Avg: 4.0, Max: 4.5, Diff: 1.0, Sum: 8.0]
         [Processed Buffers: Min: 10, Avg: 15.0, Max: 20, Diff: 10, Sum: 30]
      [Scan RS (ms): Min: 2.4, Avg: 2.9, Max: 3.5, Diff: 1.1, Sum: 5.9]
      [Code Root Scanning (ms): Min: 0.0, Avg: 0.0, Max: 0.0, Diff: 0.0, Sum: 0.0]
      [Object Copy (ms): Min: 13.4, Avg: 13.4, Max: 13.5, Diff: 0.2, Sum: 26.9]
      [Termination (ms): Min: 0.0, Avg: 0.1, Max: 0.1, Diff: 0.1, Sum: 0.1]
         [Termination Attempts: Min: 1, Avg: 1.5, Max: 2, Diff: 1, Sum: 3]
      [GC Worker Other (ms): Min: 0.0, Avg: 0.0, Max: 0.0, Diff: 0.0, Sum: 0.0]
      [GC Worker Total (ms): Min: 22.2, Avg: 22.3, Max: 22.4, Diff: 0.2, Sum: 44.7]
      [GC Worker End (ms): Min: 42873867.6, Avg: 42873867.6, Max: 42873867.6, Diff: 0.1]
   [Code Root Fixup: 0.1 ms]
   [Code Root Purge: 0.0 ms]
   [Clear CT: 0.1 ms]
   [Other: 1.2 ms]
      [Choose CSet: 0.0 ms]
      [Ref Proc: 0.4 ms]
      [Ref Enq: 0.0 ms]
      [Redirty Cards: 0.2 ms]
      [Humongous Register: 0.1 ms]
      [Humongous Reclaim: 0.0 ms]
      [Free CSet: 0.1 ms]
   [Eden: 48.0M(48.0M)->0.0B(46.0M) Survivors: 3072.0K->5120.0K Heap: 381.9M(1024.0M)->335.4M(1024.0M)]
 [Times: user=0.05 sys=0.00, real=0.03 secs] 
2017-09-20T22:46:09.047+0900: 42978.215: [GC pause (G1 Evacuation Pause) (young), 0.0415703 secs]
   [Parallel Time: 39.3 ms, GC Workers: 2]
      [GC Worker Start (ms): Min: 42978214.9, Avg: 42978215.0, Max: 42978215.1, Diff: 0.2]
      [Ext Root Scanning (ms): Min: 1.8, Avg: 1.9, Max: 2.1, Diff: 0.2, Sum: 3.9]
      [Update RS (ms): Min: 2.3, Avg: 2.5, Max: 2.7, Diff: 0.4, Sum: 5.1]
         [Processed Buffers: Min: 8, Avg: 15.5, Max: 23, Diff: 15, Sum: 31]
      [Scan RS (ms): Min: 2.3, Avg: 2.6, Max: 2.8, Diff: 0.5, Sum: 5.1]
      [Code Root Scanning (ms): Min: 0.0, Avg: 0.0, Max: 0.0, Diff: 0.0, Sum: 0.0]
      [Object Copy (ms): Min: 31.9, Avg: 32.0, Max: 32.0, Diff: 0.1, Sum: 64.0]
      [Termination (ms): Min: 0.0, Avg: 0.1, Max: 0.2, Diff: 0.2, Sum: 0.2]
         [Termination Attempts: Min: 1, Avg: 1.0, Max: 1, Diff: 0, Sum: 2]
      [GC Worker Other (ms): Min: 0.0, Avg: 0.0, Max: 0.0, Diff: 0.0, Sum: 0.0]
      [GC Worker Total (ms): Min: 39.1, Avg: 39.1, Max: 39.2, Diff: 0.2, Sum: 78.3]
      [GC Worker End (ms): Min: 42978254.1, Avg: 42978254.1, Max: 42978254.1, Diff: 0.0]
   [Code Root Fixup: 0.2 ms]
   [Code Root Purge: 0.0 ms]
   [Clear CT: 0.3 ms]
   [Other: 1.7 ms]
      [Choose CSet: 0.0 ms]
      [Ref Proc: 0.5 ms]
      [Ref Enq: 0.0 ms]
      [Redirty Cards: 0.6 ms]
      [Humongous Register: 0.1 ms]
      [Humongous Reclaim: 0.0 ms]
      [Free CSet: 0.1 ms]
   [Eden: 46.0M(46.0M)->0.0B(45.0M) Survivors: 5120.0K->6144.0K Heap: 381.4M(1024.0M)->337.4M(1024.0M)]
 [Times: user=0.08 sys=0.00, real=0.04 secs] 
2017-09-20T22:47:51.723+0900: 43080.891: [GC pause (G1 Evacuation Pause) (young), 0.0436296 secs]
   [Parallel Time: 43.0 ms, GC Workers: 2]
      [GC Worker Start (ms): Min: 43080890.8, Avg: 43080890.9, Max: 43080890.9, Diff: 0.1]
      [Ext Root Scanning (ms): Min: 2.0, Avg: 2.1, Max: 2.1, Diff: 0.2, Sum: 4.1]
      [Update RS (ms): Min: 2.8, Avg: 3.1, Max: 3.5, Diff: 0.8, Sum: 6.3]
         [Processed Buffers: Min: 8, Avg: 15.5, Max: 23, Diff: 15, Sum: 31]
      [Scan RS (ms): Min: 2.0, Avg: 2.4, Max: 2.9, Diff: 0.9, Sum: 4.8]
      [Code Root Scanning (ms): Min: 0.0, Avg: 0.0, Max: 0.0, Diff: 0.0, Sum: 0.0]
      [Object Copy (ms): Min: 35.1, Avg: 35.2, Max: 35.3, Diff: 0.2, Sum: 70.4]
      [Termination (ms): Min: 0.0, Avg: 0.0, Max: 0.0, Diff: 0.0, Sum: 0.0]
         [Termination Attempts: Min: 1, Avg: 3.0, Max: 5, Diff: 4, Sum: 6]
      [GC Worker Other (ms): Min: 0.0, Avg: 0.0, Max: 0.0, Diff: 0.0, Sum: 0.0]
      [GC Worker Total (ms): Min: 42.8, Avg: 42.9, Max: 42.9, Diff: 0.1, Sum: 85.7]
      [GC Worker End (ms): Min: 43080933.7, Avg: 43080933.7, Max: 43080933.7, Diff: 0.0]
   [Code Root Fixup: 0.1 ms]
   [Code Root Purge: 0.0 ms]
   [Clear CT: 0.0 ms]
   [Other: 0.5 ms]
      [Choose CSet: 0.0 ms]
      [Ref Proc: 0.1 ms]
      [Ref Enq: 0.0 ms]
      [Redirty Cards: 0.0 ms]
      [Humongous Register: 0.1 ms]
      [Humongous Reclaim: 0.0 ms]
      [Free CSet: 0.0 ms]
   [Eden: 45.0M(45.0M)->0.0B(46.0M) Survivors: 6144.0K->5120.0K Heap: 382.4M(1024.0M)->339.6M(1024.0M)]
 [Times: user=0.08 sys=0.00, real=0.04 secs] 
2017-09-20T22:49:36.498+0900: 43185.666: [GC pause (G1 Evacuation Pause) (young), 0.0285443 secs]
   [Parallel Time: 27.1 ms, GC Workers: 2]
      [GC Worker Start (ms): Min: 43185665.8, Avg: 43185665.9, Max: 43185666.0, Diff: 0.2]
      [Ext Root Scanning (ms): Min: 1.7, Avg: 1.8, Max: 1.9, Diff: 0.2, Sum: 3.5]
      [Update RS (ms): Min: 3.1, Avg: 3.4, Max: 3.8, Diff: 0.7, Sum: 6.8]
         [Processed Buffers: Min: 10, Avg: 15.5, Max: 21, Diff: 11, Sum: 31]
      [Scan RS (ms): Min: 2.2, Avg: 2.5, Max: 2.8, Diff: 0.6, Sum: 5.0]
      [Code Root Scanning (ms): Min: 0.0, Avg: 0.0, Max: 0.0, Diff: 0.0, Sum: 0.0]
      [Object Copy (ms): Min: 19.2, Avg: 19.2, Max: 19.3, Diff: 0.0, Sum: 38.5]
      [Termination (ms): Min: 0.0, Avg: 0.0, Max: 0.0, Diff: 0.0, Sum: 0.0]
         [Termination Attempts: Min: 1, Avg: 1.0, Max: 1, Diff: 0, Sum: 2]
      [GC Worker Other (ms): Min: 0.0, Avg: 0.0, Max: 0.0, Diff: 0.0, Sum: 0.0]
      [GC Worker Total (ms): Min: 26.9, Avg: 27.0, Max: 27.0, Diff: 0.2, Sum: 53.9]
      [GC Worker End (ms): Min: 43185692.8, Avg: 43185692.8, Max: 43185692.8, Diff: 0.0]
   [Code Root Fixup: 0.1 ms]
   [Code Root Purge: 0.0 ms]
   [Clear CT: 0.2 ms]
   [Other: 1.1 ms]
      [Choose CSet: 0.0 ms]
      [Ref Proc: 0.4 ms]
      [Ref Enq: 0.0 ms]
      [Redirty Cards: 0.2 ms]
      [Humongous Register: 0.1 ms]
      [Humongous Reclaim: 0.0 ms]
      [Free CSet: 0.1 ms]
   [Eden: 46.0M(46.0M)->0.0B(44.0M) Survivors: 5120.0K->7168.0K Heap: 385.6M(1024.0M)->341.6M(1024.0M)]
 [Times: user=0.06 sys=0.00, real=0.03 secs] 
2017-09-20T22:51:12.896+0900: 43282.064: [GC pause (G1 Evacuation Pause) (young), 0.0320536 secs]
   [Parallel Time: 29.6 ms, GC Workers: 2]
      [GC Worker Start (ms): Min: 43282064.6, Avg: 43282064.7, Max: 43282064.9, Diff: 0.3]
      [Ext Root Scanning (ms): Min: 1.6, Avg: 1.8, Max: 1.9, Diff: 0.3, Sum: 3.5]
      [Update RS (ms): Min: 2.0, Avg: 2.0, Max: 2.0, Diff: 0.0, Sum: 4.1]
         [Processed Buffers: Min: 12, Avg: 16.5, Max: 21, Diff: 9, Sum: 33]
      [Scan RS (ms): Min: 2.9, Avg: 3.0, Max: 3.1, Diff: 0.2, Sum: 6.1]
      [Code Root Scanning (ms): Min: 0.0, Avg: 0.0, Max: 0.0, Diff: 0.0, Sum: 0.0]
      [Object Copy (ms): Min: 22.3, Avg: 22.4, Max: 22.5, Diff: 0.2, Sum: 44.7]
      [Termination (ms): Min: 0.0, Avg: 0.0, Max: 0.0, Diff: 0.0, Sum: 0.0]
         [Termination Attempts: Min: 1, Avg: 1.0, Max: 1, Diff: 0, Sum: 2]
      [GC Worker Other (ms): Min: 0.0, Avg: 0.0, Max: 0.0, Diff: 0.0, Sum: 0.1]
      [GC Worker Total (ms): Min: 29.1, Avg: 29.2, Max: 29.4, Diff: 0.3, Sum: 58.5]
      [GC Worker End (ms): Min: 43282094.0, Avg: 43282094.0, Max: 43282094.0, Diff: 0.0]
   [Code Root Fixup: 0.1 ms]
   [Code Root Purge: 0.0 ms]
   [Clear CT: 0.3 ms]
   [Other: 2.0 ms]
      [Choose CSet: 0.0 ms]
      [Ref Proc: 0.7 ms]
      [Ref Enq: 0.0 ms]
      [Redirty Cards: 0.7 ms]
      [Humongous Register: 0.2 ms]
      [Humongous Reclaim: 0.0 ms]
      [Free CSet: 0.1 ms]
   [Eden: 44.0M(44.0M)->0.0B(47.0M) Survivors: 7168.0K->4096.0K Heap: 385.6M(1024.0M)->339.8M(1024.0M)]
 [Times: user=0.06 sys=0.00, real=0.03 secs] 
2017-09-20T22:53:00.099+0900: 43389.266: [GC pause (G1 Evacuation Pause) (young), 0.0441615 secs]
   [Parallel Time: 33.3 ms, GC Workers: 2]
      [GC Worker Start (ms): Min: 43389266.6, Avg: 43389276.5, Max: 43389286.4, Diff: 19.8]
      [Ext Root Scanning (ms): Min: 0.0, Avg: 1.7, Max: 3.5, Diff: 3.4, Sum: 3.5]
      [Update RS (ms): Min: 0.0, Avg: 2.4, Max: 4.8, Diff: 4.8, Sum: 4.8]
         [Processed Buffers: Min: 0, Avg: 15.0, Max: 30, Diff: 30, Sum: 30]
      [Scan RS (ms): Min: 0.0, Avg: 3.0, Max: 5.9, Diff: 5.9, Sum: 5.9]
      [Code Root Scanning (ms): Min: 0.0, Avg: 0.0, Max: 0.0, Diff: 0.0, Sum: 0.0]
      [Object Copy (ms): Min: 13.4, Avg: 16.2, Max: 19.0, Diff: 5.6, Sum: 32.4]
      [Termination (ms): Min: 0.0, Avg: 0.0, Max: 0.0, Diff: 0.0, Sum: 0.0]
         [Termination Attempts: Min: 1, Avg: 1.0, Max: 1, Diff: 0, Sum: 2]
      [GC Worker Other (ms): Min: 0.0, Avg: 0.0, Max: 0.0, Diff: 0.0, Sum: 0.0]
      [GC Worker Total (ms): Min: 13.4, Avg: 23.4, Max: 33.3, Diff: 19.8, Sum: 46.7]
      [GC Worker End (ms): Min: 43389299.9, Avg: 43389299.9, Max: 43389299.9, Diff: 0.0]
   [Code Root Fixup: 0.1 ms]
   [Code Root Purge: 0.0 ms]
   [Clear CT: 8.6 ms]
   [Other: 2.1 ms]
      [Choose CSet: 0.0 ms]
      [Ref Proc: 1.5 ms]
      [Ref Enq: 0.0 ms]
      [Redirty Cards: 0.1 ms]
      [Humongous Register: 0.1 ms]
      [Humongous Reclaim: 0.0 ms]
      [Free CSet: 0.0 ms]
   [Eden: 47.0M(47.0M)->0.0B(45.0M) Survivors: 4096.0K->6144.0K Heap: 386.8M(1024.0M)->341.3M(1024.0M)]
 [Times: user=0.05 sys=0.00, real=0.05 secs] 
2017-09-20T22:54:42.949+0900: 43492.117: [GC pause (G1 Evacuation Pause) (young), 0.0498102 secs]
   [Parallel Time: 48.5 ms, GC Workers: 2]
      [GC Worker Start (ms): Min: 43492117.0, Avg: 43492118.5, Max: 43492120.0, Diff: 3.0]
      [Ext Root Scanning (ms): Min: 0.4, Avg: 3.9, Max: 7.4, Diff: 7.0, Sum: 7.8]
      [Update RS (ms): Min: 0.4, Avg: 2.4, Max: 4.5, Diff: 4.1, Sum: 4.9]
         [Processed Buffers: Min: 14, Avg: 15.5, Max: 17, Diff: 3, Sum: 31]
      [Scan RS (ms): Min: 1.9, Avg: 2.0, Max: 2.1, Diff: 0.2, Sum: 4.0]
      [Code Root Scanning (ms): Min: 0.0, Avg: 0.0, Max: 0.0, Diff: 0.0, Sum: 0.0]
      [Object Copy (ms): Min: 38.5, Avg: 38.5, Max: 38.6, Diff: 0.1, Sum: 77.0]
      [Termination (ms): Min: 0.0, Avg: 0.0, Max: 0.0, Diff: 0.0, Sum: 0.0]
         [Termination Attempts: Min: 3, Avg: 4.0, Max: 5, Diff: 2, Sum: 8]
      [GC Worker Other (ms): Min: 0.0, Avg: 0.0, Max: 0.0, Diff: 0.0, Sum: 0.0]
      [GC Worker Total (ms): Min: 45.4, Avg: 46.9, Max: 48.4, Diff: 3.0, Sum: 93.8]
      [GC Worker End (ms): Min: 43492165.4, Avg: 43492165.4, Max: 43492165.4, Diff: 0.0]
   [Code Root Fixup: 0.1 ms]
   [Code Root Purge: 0.0 ms]
   [Clear CT: 0.1 ms]
   [Other: 1.1 ms]
      [Choose CSet: 0.0 ms]
      [Ref Proc: 0.4 ms]
      [Ref Enq: 0.0 ms]
      [Redirty Cards: 0.3 ms]
      [Humongous Register: 0.1 ms]
      [Humongous Reclaim: 0.0 ms]
      [Free CSet: 0.0 ms]
   [Eden: 45.0M(45.0M)->0.0B(46.0M) Survivors: 6144.0K->5120.0K Heap: 386.3M(1024.0M)->342.9M(1024.0M)]
 [Times: user=0.09 sys=0.00, real=0.05 secs] 
2017-09-20T22:56:27.709+0900: 43596.876: [GC pause (G1 Evacuation Pause) (young), 0.0133553 secs]
   [Parallel Time: 12.7 ms, GC Workers: 2]
      [GC Worker Start (ms): Min: 43596876.6, Avg: 43596876.6, Max: 43596876.7, Diff: 0.0]
      [Ext Root Scanning (ms): Min: 0.7, Avg: 0.8, Max: 0.8, Diff: 0.1, Sum: 1.6]
      [Update RS (ms): Min: 1.2, Avg: 1.3, Max: 1.4, Diff: 0.2, Sum: 2.6]
         [Processed Buffers: Min: 8, Avg: 16.5, Max: 25, Diff: 17, Sum: 33]
      [Scan RS (ms): Min: 0.5, Avg: 0.5, Max: 0.6, Diff: 0.2, Sum: 1.1]
      [Code Root Scanning (ms): Min: 0.0, Avg: 0.0, Max: 0.0, Diff: 0.0, Sum: 0.0]
      [Object Copy (ms): Min: 9.9, Avg: 9.9, Max: 9.9, Diff: 0.0, Sum: 19.8]
      [Termination (ms): Min: 0.0, Avg: 0.0, Max: 0.0, Diff: 0.0, Sum: 0.0]
         [Termination Attempts: Min: 1, Avg: 1.0, Max: 1, Diff: 0, Sum: 2]
      [GC Worker Other (ms): Min: 0.0, Avg: 0.0, Max: 0.0, Diff: 0.0, Sum: 0.0]
      [GC Worker Total (ms): Min: 12.6, Avg: 12.6, Max: 12.6, Diff: 0.0, Sum: 25.2]
      [GC Worker End (ms): Min: 43596889.2, Avg: 43596889.2, Max: 43596889.2, Diff: 0.0]
   [Code Root Fixup: 0.0 ms]
   [Code Root Purge: 0.0 ms]
   [Clear CT: 0.1 ms]
   [Other: 0.5 ms]
      [Choose CSet: 0.0 ms]
      [Ref Proc: 0.1 ms]
      [Ref Enq: 0.0 ms]
      [Redirty Cards: 0.1 ms]
      [Humongous Register: 0.1 ms]
      [Humongous Reclaim: 0.0 ms]
      [Free CSet: 0.0 ms]
   [Eden: 46.0M(46.0M)->0.0B(44.0M) Survivors: 5120.0K->7168.0K Heap: 388.9M(1024.0M)->344.9M(1024.0M)]
 [Times: user=0.03 sys=0.00, real=0.02 secs] 
2017-09-20T22:58:08.645+0900: 43697.813: [GC pause (G1 Evacuation Pause) (young), 0.0493371 secs]
   [Parallel Time: 47.8 ms, GC Workers: 2]
      [GC Worker Start (ms): Min: 43697825.6, Avg: 43697825.7, Max: 43697825.8, Diff: 0.2]
      [Ext Root Scanning (ms): Min: 1.6, Avg: 1.8, Max: 1.9, Diff: 0.3, Sum: 3.5]
      [Update RS (ms): Min: 1.8, Avg: 1.8, Max: 1.8, Diff: 0.0, Sum: 3.6]
         [Processed Buffers: Min: 8, Avg: 16.5, Max: 25, Diff: 17, Sum: 33]
      [Scan RS (ms): Min: 1.2, Avg: 1.2, Max: 1.2, Diff: 0.0, Sum: 2.4]
      [Code Root Scanning (ms): Min: 0.0, Avg: 0.0, Max: 0.0, Diff: 0.0, Sum: 0.0]
      [Object Copy (ms): Min: 30.1, Avg: 30.2, Max: 30.2, Diff: 0.1, Sum: 60.3]
      [Termination (ms): Min: 0.0, Avg: 0.0, Max: 0.0, Diff: 0.0, Sum: 0.0]
         [Termination Attempts: Min: 1, Avg: 1.0, Max: 1, Diff: 0, Sum: 2]
      [GC Worker Other (ms): Min: 0.0, Avg: 0.0, Max: 0.0, Diff: 0.0, Sum: 0.1]
      [GC Worker Total (ms): Min: 34.8, Avg: 34.9, Max: 35.0, Diff: 0.2, Sum: 69.8]
      [GC Worker End (ms): Min: 43697860.7, Avg: 43697860.7, Max: 43697860.7, Diff: 0.0]
   [Code Root Fixup: 0.1 ms]
   [Code Root Purge: 0.0 ms]
   [Clear CT: 0.1 ms]
   [Other: 1.2 ms]
      [Choose CSet: 0.0 ms]
      [Ref Proc: 0.4 ms]
      [Ref Enq: 0.0 ms]
      [Redirty Cards: 0.4 ms]
      [Humongous Register: 0.1 ms]
      [Humongous Reclaim: 0.0 ms]
      [Free CSet: 0.1 ms]
   [Eden: 44.0M(44.0M)->0.0B(45.0M) Survivors: 7168.0K->6144.0K Heap: 388.9M(1024.0M)->346.5M(1024.0M)]
 [Times: user=0.06 sys=0.00, real=0.05 secs] 
2017-09-20T22:59:50.491+0900: 43799.659: [GC pause (G1 Evacuation Pause) (young), 0.0222923 secs]
   [Parallel Time: 19.9 ms, GC Workers: 2]
      [GC Worker Start (ms): Min: 43799659.2, Avg: 43799659.2, Max: 43799659.3, Diff: 0.2]
      [Ext Root Scanning (ms): Min: 1.8, Avg: 1.9, Max: 2.0, Diff: 0.2, Sum: 3.8]
      [Update RS (ms): Min: 1.5, Avg: 1.8, Max: 2.1, Diff: 0.7, Sum: 3.6]
         [Processed Buffers: Min: 12, Avg: 16.5, Max: 21, Diff: 9, Sum: 33]
      [Scan RS (ms): Min: 1.7, Avg: 2.0, Max: 2.3, Diff: 0.6, Sum: 3.9]
      [Code Root Scanning (ms): Min: 0.0, Avg: 0.0, Max: 0.0, Diff: 0.0, Sum: 0.0]
      [Object Copy (ms): Min: 14.1, Avg: 14.1, Max: 14.1, Diff: 0.1, Sum: 28.2]
      [Termination (ms): Min: 0.0, Avg: 0.0, Max: 0.0, Diff: 0.0, Sum: 0.0]
         [Termination Attempts: Min: 1, Avg: 1.0, Max: 1, Diff: 0, Sum: 2]
      [GC Worker Other (ms): Min: 0.0, Avg: 0.0, Max: 0.0, Diff: 0.0, Sum: 0.0]
      [GC Worker Total (ms): Min: 19.7, Avg: 19.8, Max: 19.9, Diff: 0.2, Sum: 39.5]
      [GC Worker End (ms): Min: 43799679.0, Avg: 43799679.0, Max: 43799679.0, Diff: 0.0]
   [Code Root Fixup: 0.2 ms]
   [Code Root Purge: 0.0 ms]
   [Clear CT: 0.3 ms]
   [Other: 1.9 ms]
      [Choose CSet: 0.0 ms]
      [Ref Proc: 0.8 ms]
      [Ref Enq: 0.0 ms]
      [Redirty Cards: 0.6 ms]
      [Humongous Register: 0.1 ms]
      [Humongous Reclaim: 0.0 ms]
      [Free CSet: 0.1 ms]
   [Eden: 45.0M(45.0M)->0.0B(47.0M) Survivors: 6144.0K->4096.0K Heap: 391.5M(1024.0M)->345.0M(1024.0M)]
 [Times: user=0.04 sys=0.00, real=0.03 secs] 
2017-09-20T23:01:37.146+0900: 43906.314: [GC pause (G1 Evacuation Pause) (young), 0.0115683 secs]
   [Parallel Time: 10.4 ms, GC Workers: 2]
      [GC Worker Start (ms): Min: 43906313.6, Avg: 43906313.6, Max: 43906313.7, Diff: 0.0]
      [Ext Root Scanning (ms): Min: 0.7, Avg: 0.8, Max: 0.8, Diff: 0.0, Sum: 1.5]
      [Update RS (ms): Min: 0.8, Avg: 1.0, Max: 1.3, Diff: 0.4, Sum: 2.1]
         [Processed Buffers: Min: 13, Avg: 17.5, Max: 22, Diff: 9, Sum: 35]
      [Scan RS (ms): Min: 0.4, Avg: 0.6, Max: 0.8, Diff: 0.4, Sum: 1.2]
      [Code Root Scanning (ms): Min: 0.0, Avg: 0.0, Max: 0.0, Diff: 0.0, Sum: 0.0]
      [Object Copy (ms): Min: 7.9, Avg: 7.9, Max: 7.9, Diff: 0.0, Sum: 15.8]
      [Termination (ms): Min: 0.0, Avg: 0.0, Max: 0.0, Diff: 0.0, Sum: 0.0]
         [Termination Attempts: Min: 1, Avg: 1.0, Max: 1, Diff: 0, Sum: 2]
      [GC Worker Other (ms): Min: 0.0, Avg: 0.0, Max: 0.0, Diff: 0.0, Sum: 0.0]
      [GC Worker Total (ms): Min: 10.3, Avg: 10.3, Max: 10.3, Diff: 0.0, Sum: 20.6]
      [GC Worker End (ms): Min: 43906324.0, Avg: 43906324.0, Max: 43906324.0, Diff: 0.0]
   [Code Root Fixup: 0.1 ms]
   [Code Root Purge: 0.0 ms]
   [Clear CT: 0.2 ms]
   [Other: 0.9 ms]
      [Choose CSet: 0.0 ms]
      [Ref Proc: 0.3 ms]
      [Ref Enq: 0.0 ms]
      [Redirty Cards: 0.4 ms]
      [Humongous Register: 0.0 ms]
      [Humongous Reclaim: 0.0 ms]
      [Free CSet: 0.0 ms]
   [Eden: 47.0M(47.0M)->0.0B(46.0M) Survivors: 4096.0K->5120.0K Heap: 392.0M(1024.0M)->346.5M(1024.0M)]
 [Times: user=0.02 sys=0.00, real=0.01 secs] 
2017-09-20T23:03:21.938+0900: 44011.105: [GC pause (G1 Evacuation Pause) (young), 0.0499033 secs]
   [Parallel Time: 47.7 ms, GC Workers: 2]
      [GC Worker Start (ms): Min: 44011105.5, Avg: 44011105.6, Max: 44011105.6, Diff: 0.1]
      [Ext Root Scanning (ms): Min: 2.6, Avg: 2.8, Max: 3.1, Diff: 0.5, Sum: 5.7]
      [Update RS (ms): Min: 3.3, Avg: 3.6, Max: 3.9, Diff: 0.6, Sum: 7.3]
         [Processed Buffers: Min: 13, Avg: 17.5, Max: 22, Diff: 9, Sum: 35]
      [Scan RS (ms): Min: 1.7, Avg: 1.8, Max: 1.8, Diff: 0.1, Sum: 3.5]
      [Code Root Scanning (ms): Min: 0.0, Avg: 0.0, Max: 0.0, Diff: 0.0, Sum: 0.0]
      [Object Copy (ms): Min: 39.3, Avg: 39.3, Max: 39.3, Diff: 0.0, Sum: 78.5]
      [Termination (ms): Min: 0.0, Avg: 0.0, Max: 0.0, Diff: 0.0, Sum: 0.0]
         [Termination Attempts: Min: 1, Avg: 1.0, Max: 1, Diff: 0, Sum: 2]
      [GC Worker Other (ms): Min: 0.1, Avg: 0.1, Max: 0.1, Diff: 0.0, Sum: 0.1]
      [GC Worker Total (ms): Min: 47.5, Avg: 47.6, Max: 47.6, Diff: 0.1, Sum: 95.2]
      [GC Worker End (ms): Min: 44011153.2, Avg: 44011153.2, Max: 44011153.2, Diff: 0.0]
   [Code Root Fixup: 0.2 ms]
   [Code Root Purge: 0.0 ms]
   [Clear CT: 0.3 ms]
   [Other: 1.7 ms]
      [Choose CSet: 0.0 ms]
      [Ref Proc: 0.5 ms]
      [Ref Enq: 0.0 ms]
      [Redirty Cards: 0.6 ms]
      [Humongous Register: 0.1 ms]
      [Humongous Reclaim: 0.0 ms]
      [Free CSet: 0.1 ms]
   [Eden: 46.0M(46.0M)->0.0B(45.0M) Survivors: 5120.0K->6144.0K Heap: 392.5M(1024.0M)->347.8M(1024.0M)]
 [Times: user=0.10 sys=0.00, real=0.05 secs] 
2017-09-20T23:05:04.720+0900: 44113.887: [GC pause (G1 Evacuation Pause) (young), 0.0397302 secs]
   [Parallel Time: 38.2 ms, GC Workers: 2]
      [GC Worker Start (ms): Min: 44113887.8, Avg: 44113887.9, Max: 44113887.9, Diff: 0.1]
      [Ext Root Scanning (ms): Min: 1.8, Avg: 1.9, Max: 2.0, Diff: 0.1, Sum: 3.8]
      [Update RS (ms): Min: 3.2, Avg: 3.4, Max: 3.6, Diff: 0.4, Sum: 6.8]
         [Processed Buffers: Min: 12, Avg: 17.0, Max: 22, Diff: 10, Sum: 34]
      [Scan RS (ms): Min: 1.8, Avg: 2.0, Max: 2.3, Diff: 0.4, Sum: 4.1]
      [Code Root Scanning (ms): Min: 0.0, Avg: 0.0, Max: 0.0, Diff: 0.0, Sum: 0.0]
      [Object Copy (ms): Min: 30.4, Avg: 30.4, Max: 30.5, Diff: 0.1, Sum: 60.9]
      [Termination (ms): Min: 0.0, Avg: 0.0, Max: 0.0, Diff: 0.0, Sum: 0.0]
         [Termination Attempts: Min: 1, Avg: 1.0, Max: 1, Diff: 0, Sum: 2]
      [GC Worker Other (ms): Min: 0.0, Avg: 0.0, Max: 0.0, Diff: 0.0, Sum: 0.0]
      [GC Worker Total (ms): Min: 37.7, Avg: 37.8, Max: 37.9, Diff: 0.1, Sum: 75.6]
      [GC Worker End (ms): Min: 44113925.7, Avg: 44113925.7, Max: 44113925.7, Diff: 0.0]
   [Code Root Fixup: 0.1 ms]
   [Code Root Purge: 0.0 ms]
   [Clear CT: 0.2 ms]
   [Other: 1.3 ms]
      [Choose CSet: 0.0 ms]
      [Ref Proc: 0.5 ms]
      [Ref Enq: 0.0 ms]
      [Redirty Cards: 0.3 ms]
      [Humongous Register: 0.1 ms]
      [Humongous Reclaim: 0.0 ms]
      [Free CSet: 0.1 ms]
   [Eden: 45.0M(45.0M)->0.0B(46.0M) Survivors: 6144.0K->5120.0K Heap: 392.8M(1024.0M)->350.8M(1024.0M)]
 [Times: user=0.08 sys=0.00, real=0.04 secs] 
2017-09-20T23:06:48.862+0900: 44218.030: [GC pause (G1 Evacuation Pause) (young), 0.0454243 secs]
   [Parallel Time: 43.6 ms, GC Workers: 2]
      [GC Worker Start (ms): Min: 44218030.2, Avg: 44218030.2, Max: 44218030.3, Diff: 0.1]
      [Ext Root Scanning (ms): Min: 2.2, Avg: 2.2, Max: 2.2, Diff: 0.0, Sum: 4.4]
      [Update RS (ms): Min: 3.8, Avg: 3.9, Max: 4.0, Diff: 0.1, Sum: 7.8]
         [Processed Buffers: Min: 1, Avg: 17.5, Max: 34, Diff: 33, Sum: 35]
      [Scan RS (ms): Min: 2.6, Avg: 2.7, Max: 2.8, Diff: 0.2, Sum: 5.4]
      [Code Root Scanning (ms): Min: 0.0, Avg: 0.0, Max: 0.0, Diff: 0.0, Sum: 0.0]
      [Object Copy (ms): Min: 34.5, Avg: 34.6, Max: 34.8, Diff: 0.3, Sum: 69.3]
      [Termination (ms): Min: 0.0, Avg: 0.0, Max: 0.0, Diff: 0.0, Sum: 0.0]
         [Termination Attempts: Min: 1, Avg: 1.0, Max: 1, Diff: 0, Sum: 2]
      [GC Worker Other (ms): Min: 0.0, Avg: 0.0, Max: 0.0, Diff: 0.0, Sum: 0.0]
      [GC Worker Total (ms): Min: 43.4, Avg: 43.4, Max: 43.5, Diff: 0.1, Sum: 86.9]
      [GC Worker End (ms): Min: 44218073.7, Avg: 44218073.7, Max: 44218073.7, Diff: 0.0]
   [Code Root Fixup: 0.1 ms]
   [Code Root Purge: 0.0 ms]
   [Clear CT: 0.2 ms]
   [Other: 1.6 ms]
      [Choose CSet: 0.0 ms]
      [Ref Proc: 0.6 ms]
      [Ref Enq: 0.0 ms]
      [Redirty Cards: 0.2 ms]
      [Humongous Register: 0.1 ms]
      [Humongous Reclaim: 0.0 ms]
      [Free CSet: 0.1 ms]
   [Eden: 46.0M(46.0M)->0.0B(44.0M) Survivors: 5120.0K->7168.0K Heap: 396.8M(1024.0M)->352.8M(1024.0M)]
 [Times: user=0.09 sys=0.00, real=0.04 secs] 
2017-09-20T23:08:29.551+0900: 44318.719: [GC pause (G1 Evacuation Pause) (young), 0.0305494 secs]
   [Parallel Time: 29.4 ms, GC Workers: 2]
      [GC Worker Start (ms): Min: 44318719.2, Avg: 44318719.2, Max: 44318719.3, Diff: 0.1]
      [Ext Root Scanning (ms): Min: 2.5, Avg: 2.6, Max: 2.6, Diff: 0.1, Sum: 5.1]
      [Update RS (ms): Min: 3.8, Avg: 4.3, Max: 4.8, Diff: 1.1, Sum: 8.6]
         [Processed Buffers: Min: 3, Avg: 15.5, Max: 28, Diff: 25, Sum: 31]
      [Scan RS (ms): Min: 4.7, Avg: 5.3, Max: 5.8, Diff: 1.1, Sum: 10.5]
      [Code Root Scanning (ms): Min: 0.0, Avg: 0.0, Max: 0.0, Diff: 0.0, Sum: 0.0]
      [Object Copy (ms): Min: 17.1, Avg: 17.1, Max: 17.1, Diff: 0.0, Sum: 34.2]
      [Termination (ms): Min: 0.0, Avg: 0.0, Max: 0.0, Diff: 0.0, Sum: 0.0]
         [Termination Attempts: Min: 1, Avg: 1.0, Max: 1, Diff: 0, Sum: 2]
      [GC Worker Other (ms): Min: 0.0, Avg: 0.0, Max: 0.0, Diff: 0.0, Sum: 0.1]
      [GC Worker Total (ms): Min: 29.2, Avg: 29.3, Max: 29.3, Diff: 0.1, Sum: 58.5]
      [GC Worker End (ms): Min: 44318748.5, Avg: 44318748.5, Max: 44318748.5, Diff: 0.0]
   [Code Root Fixup: 0.2 ms]
   [Code Root Purge: 0.0 ms]
   [Clear CT: 0.1 ms]
   [Other: 0.9 ms]
      [Choose CSet: 0.0 ms]
      [Ref Proc: 0.3 ms]
      [Ref Enq: 0.0 ms]
      [Redirty Cards: 0.1 ms]
      [Humongous Register: 0.1 ms]
      [Humongous Reclaim: 0.0 ms]
      [Free CSet: 0.0 ms]
   [Eden: 44.0M(44.0M)->0.0B(47.0M) Survivors: 7168.0K->4096.0K Heap: 396.8M(1024.0M)->350.4M(1024.0M)]
 [Times: user=0.06 sys=0.00, real=0.04 secs] 
2017-09-20T23:10:17.146+0900: 44426.314: [GC pause (G1 Evacuation Pause) (young), 0.0347364 secs]
   [Parallel Time: 32.7 ms, GC Workers: 2]
      [GC Worker Start (ms): Min: 44426314.4, Avg: 44426314.4, Max: 44426314.5, Diff: 0.1]
      [Ext Root Scanning (ms): Min: 1.9, Avg: 1.9, Max: 2.0, Diff: 0.0, Sum: 3.9]
      [Update RS (ms): Min: 2.0, Avg: 2.2, Max: 2.4, Diff: 0.5, Sum: 4.4]
         [Processed Buffers: Min: 11, Avg: 16.0, Max: 21, Diff: 10, Sum: 32]
      [Scan RS (ms): Min: 3.1, Avg: 3.3, Max: 3.6, Diff: 0.4, Sum: 6.7]
      [Code Root Scanning (ms): Min: 0.0, Avg: 0.0, Max: 0.0, Diff: 0.0, Sum: 0.0]
      [Object Copy (ms): Min: 24.9, Avg: 24.9, Max: 25.0, Diff: 0.0, Sum: 49.9]
      [Termination (ms): Min: 0.0, Avg: 0.0, Max: 0.0, Diff: 0.0, Sum: 0.1]
         [Termination Attempts: Min: 1, Avg: 1.0, Max: 1, Diff: 0, Sum: 2]
      [GC Worker Other (ms): Min: 0.0, Avg: 0.0, Max: 0.0, Diff: 0.0, Sum: 0.0]
      [GC Worker Total (ms): Min: 32.4, Avg: 32.5, Max: 32.5, Diff: 0.1, Sum: 64.9]
      [GC Worker End (ms): Min: 44426346.9, Avg: 44426346.9, Max: 44426346.9, Diff: 0.0]
   [Code Root Fixup: 0.2 ms]
   [Code Root Purge: 0.0 ms]
   [Clear CT: 0.4 ms]
   [Other: 1.4 ms]
      [Choose CSet: 0.0 ms]
      [Ref Proc: 0.5 ms]
      [Ref Enq: 0.0 ms]
      [Redirty Cards: 0.3 ms]
      [Humongous Register: 0.1 ms]
      [Humongous Reclaim: 0.0 ms]
      [Free CSet: 0.1 ms]
   [Eden: 47.0M(47.0M)->0.0B(45.0M) Survivors: 4096.0K->6144.0K Heap: 397.4M(1024.0M)->352.4M(1024.0M)]
 [Times: user=0.06 sys=0.00, real=0.04 secs] 
2017-09-20T23:11:59.314+0900: 44528.482: [GC pause (G1 Evacuation Pause) (young), 0.0374632 secs]
   [Parallel Time: 36.1 ms, GC Workers: 2]
      [GC Worker Start (ms): Min: 44528481.9, Avg: 44528481.9, Max: 44528482.0, Diff: 0.1]
      [Ext Root Scanning (ms): Min: 2.0, Avg: 2.1, Max: 2.2, Diff: 0.2, Sum: 4.1]
      [Update RS (ms): Min: 2.7, Avg: 3.1, Max: 3.5, Diff: 0.7, Sum: 6.2]
         [Processed Buffers: Min: 12, Avg: 16.0, Max: 20, Diff: 8, Sum: 32]
      [Scan RS (ms): Min: 2.2, Avg: 2.5, Max: 2.8, Diff: 0.6, Sum: 5.0]
      [Code Root Scanning (ms): Min: 0.0, Avg: 0.0, Max: 0.0, Diff: 0.0, Sum: 0.0]
      [Object Copy (ms): Min: 28.1, Avg: 28.1, Max: 28.2, Diff: 0.1, Sum: 56.3]
      [Termination (ms): Min: 0.0, Avg: 0.0, Max: 0.0, Diff: 0.0, Sum: 0.0]
         [Termination Attempts: Min: 1, Avg: 1.0, Max: 1, Diff: 0, Sum: 2]
      [GC Worker Other (ms): Min: 0.0, Avg: 0.1, Max: 0.1, Diff: 0.1, Sum: 0.1]
      [GC Worker Total (ms): Min: 35.8, Avg: 35.9, Max: 35.9, Diff: 0.1, Sum: 71.7]
      [GC Worker End (ms): Min: 44528517.8, Avg: 44528517.8, Max: 44528517.8, Diff: 0.0]
   [Code Root Fixup: 0.1 ms]
   [Code Root Purge: 0.0 ms]
   [Clear CT: 0.1 ms]
   [Other: 1.2 ms]
      [Choose CSet: 0.0 ms]
      [Ref Proc: 0.5 ms]
      [Ref Enq: 0.0 ms]
      [Redirty Cards: 0.2 ms]
      [Humongous Register: 0.1 ms]
      [Humongous Reclaim: 0.0 ms]
      [Free CSet: 0.1 ms]
   [Eden: 45.0M(45.0M)->0.0B(44.0M) Survivors: 6144.0K->7168.0K Heap: 397.4M(1024.0M)->354.2M(1024.0M)]
 [Times: user=0.07 sys=0.00, real=0.03 secs] 
2017-09-20T23:13:39.493+0900: 44628.661: [GC pause (G1 Evacuation Pause) (young), 0.0120459 secs]
   [Parallel Time: 11.4 ms, GC Workers: 2]
      [GC Worker Start (ms): Min: 44628661.1, Avg: 44628661.1, Max: 44628661.1, Diff: 0.0]
      [Ext Root Scanning (ms): Min: 0.5, Avg: 0.6, Max: 0.6, Diff: 0.0, Sum: 1.1]
      [Update RS (ms): Min: 0.7, Avg: 0.7, Max: 0.8, Diff: 0.1, Sum: 1.4]
         [Processed Buffers: Min: 14, Avg: 15.5, Max: 17, Diff: 3, Sum: 31]
      [Scan RS (ms): Min: 0.8, Avg: 0.9, Max: 1.0, Diff: 0.1, Sum: 1.8]
      [Code Root Scanning (ms): Min: 0.0, Avg: 0.0, Max: 0.0, Diff: 0.0, Sum: 0.0]
      [Object Copy (ms): Min: 9.2, Avg: 9.2, Max: 9.2, Diff: 0.0, Sum: 18.4]
      [Termination (ms): Min: 0.0, Avg: 0.0, Max: 0.0, Diff: 0.0, Sum: 0.0]
         [Termination Attempts: Min: 1, Avg: 1.0, Max: 1, Diff: 0, Sum: 2]
      [GC Worker Other (ms): Min: 0.0, Avg: 0.0, Max: 0.0, Diff: 0.0, Sum: 0.0]
      [GC Worker Total (ms): Min: 11.4, Avg: 11.4, Max: 11.4, Diff: 0.0, Sum: 22.8]
      [GC Worker End (ms): Min: 44628672.5, Avg: 44628672.5, Max: 44628672.5, Diff: 0.0]
   [Code Root Fixup: 0.1 ms]
   [Code Root Purge: 0.0 ms]
   [Clear CT: 0.1 ms]
   [Other: 0.5 ms]
      [Choose CSet: 0.0 ms]
      [Ref Proc: 0.2 ms]
      [Ref Enq: 0.0 ms]
      [Redirty Cards: 0.1 ms]
      [Humongous Register: 0.0 ms]
      [Humongous Reclaim: 0.0 ms]
      [Free CSet: 0.0 ms]
   [Eden: 44.0M(44.0M)->0.0B(45.0M) Survivors: 7168.0K->6144.0K Heap: 398.2M(1024.0M)->355.9M(1024.0M)]
 [Times: user=0.02 sys=0.00, real=0.01 secs] 
2017-09-20T23:15:22.028+0900: 44731.195: [GC pause (G1 Evacuation Pause) (young), 0.0132019 secs]
   [Parallel Time: 12.0 ms, GC Workers: 2]
      [GC Worker Start (ms): Min: 44731195.6, Avg: 44731195.6, Max: 44731195.7, Diff: 0.1]
      [Ext Root Scanning (ms): Min: 1.1, Avg: 1.2, Max: 1.2, Diff: 0.1, Sum: 2.3]
      [Update RS (ms): Min: 2.0, Avg: 2.1, Max: 2.3, Diff: 0.3, Sum: 4.3]
         [Processed Buffers: Min: 11, Avg: 16.0, Max: 21, Diff: 10, Sum: 32]
      [Scan RS (ms): Min: 1.0, Avg: 1.1, Max: 1.2, Diff: 0.2, Sum: 2.1]
      [Code Root Scanning (ms): Min: 0.0, Avg: 0.0, Max: 0.0, Diff: 0.0, Sum: 0.0]
      [Object Copy (ms): Min: 7.3, Avg: 7.3, Max: 7.3, Diff: 0.0, Sum: 14.6]
      [Termination (ms): Min: 0.0, Avg: 0.0, Max: 0.0, Diff: 0.0, Sum: 0.0]
         [Termination Attempts: Min: 1, Avg: 1.0, Max: 1, Diff: 0, Sum: 2]
      [GC Worker Other (ms): Min: 0.0, Avg: 0.0, Max: 0.0, Diff: 0.0, Sum: 0.0]
      [GC Worker Total (ms): Min: 11.7, Avg: 11.7, Max: 11.8, Diff: 0.1, Sum: 23.4]
      [GC Worker End (ms): Min: 44731207.4, Avg: 44731207.4, Max: 44731207.4, Diff: 0.0]
   [Code Root Fixup: 0.1 ms]
   [Code Root Purge: 0.0 ms]
   [Clear CT: 0.2 ms]
   [Other: 0.9 ms]
      [Choose CSet: 0.0 ms]
      [Ref Proc: 0.4 ms]
      [Ref Enq: 0.0 ms]
      [Redirty Cards: 0.2 ms]
      [Humongous Register: 0.0 ms]
      [Humongous Reclaim: 0.0 ms]
      [Free CSet: 0.1 ms]
   [Eden: 45.0M(45.0M)->0.0B(48.0M) Survivors: 6144.0K->3072.0K Heap: 400.9M(1024.0M)->353.5M(1024.0M)]
 [Times: user=0.02 sys=0.00, real=0.02 secs] 
2017-09-20T23:17:10.845+0900: 44840.013: [GC pause (G1 Evacuation Pause) (young), 0.0240837 secs]
   [Parallel Time: 22.7 ms, GC Workers: 2]
      [GC Worker Start (ms): Min: 44840013.0, Avg: 44840014.2, Max: 44840015.4, Diff: 2.3]
      [Ext Root Scanning (ms): Min: 1.1, Avg: 2.2, Max: 3.3, Diff: 2.1, Sum: 4.4]
      [Update RS (ms): Min: 3.4, Avg: 3.8, Max: 4.2, Diff: 0.8, Sum: 7.6]
         [Processed Buffers: Min: 15, Avg: 15.0, Max: 15, Diff: 0, Sum: 30]
      [Scan RS (ms): Min: 2.9, Avg: 3.3, Max: 3.7, Diff: 0.8, Sum: 6.6]
      [Code Root Scanning (ms): Min: 0.0, Avg: 0.0, Max: 0.0, Diff: 0.0, Sum: 0.0]
      [Object Copy (ms): Min: 11.9, Avg: 12.0, Max: 12.0, Diff: 0.1, Sum: 23.9]
      [Termination (ms): Min: 0.0, Avg: 0.0, Max: 0.0, Diff: 0.0, Sum: 0.0]
         [Termination Attempts: Min: 1, Avg: 1.0, Max: 1, Diff: 0, Sum: 2]
      [GC Worker Other (ms): Min: 0.0, Avg: 0.0, Max: 0.0, Diff: 0.0, Sum: 0.0]
      [GC Worker Total (ms): Min: 20.1, Avg: 21.3, Max: 22.5, Diff: 2.3, Sum: 42.6]
      [GC Worker End (ms): Min: 44840035.5, Avg: 44840035.5, Max: 44840035.5, Diff: 0.0]
   [Code Root Fixup: 0.1 ms]
   [Code Root Purge: 0.0 ms]
   [Clear CT: 0.2 ms]
   [Other: 1.0 ms]
      [Choose CSet: 0.0 ms]
      [Ref Proc: 0.3 ms]
      [Ref Enq: 0.0 ms]
      [Redirty Cards: 0.2 ms]
      [Humongous Register: 0.1 ms]
      [Humongous Reclaim: 0.0 ms]
      [Free CSet: 0.1 ms]
   [Eden: 48.0M(48.0M)->0.0B(47.0M) Survivors: 3072.0K->4096.0K Heap: 401.5M(1024.0M)->355.0M(1024.0M)]
 [Times: user=0.04 sys=0.00, real=0.02 secs] 
2017-09-20T23:18:58.077+0900: 44947.245: [GC pause (G1 Evacuation Pause) (young), 0.0150695 secs]
   [Parallel Time: 14.1 ms, GC Workers: 2]
      [GC Worker Start (ms): Min: 44947245.2, Avg: 44947245.2, Max: 44947245.2, Diff: 0.0]
      [Ext Root Scanning (ms): Min: 0.8, Avg: 0.8, Max: 0.9, Diff: 0.0, Sum: 1.7]
      [Update RS (ms): Min: 1.1, Avg: 1.3, Max: 1.4, Diff: 0.3, Sum: 2.5]
         [Processed Buffers: Min: 5, Avg: 15.5, Max: 26, Diff: 21, Sum: 31]
      [Scan RS (ms): Min: 0.6, Avg: 0.8, Max: 0.9, Diff: 0.3, Sum: 1.6]
      [Code Root Scanning (ms): Min: 0.0, Avg: 0.0, Max: 0.0, Diff: 0.0, Sum: 0.0]
      [Object Copy (ms): Min: 11.0, Avg: 11.0, Max: 11.0, Diff: 0.0, Sum: 22.0]
      [Termination (ms): Min: 0.0, Avg: 0.1, Max: 0.1, Diff: 0.1, Sum: 0.1]
         [Termination Attempts: Min: 1, Avg: 1.0, Max: 1, Diff: 0, Sum: 2]
      [GC Worker Other (ms): Min: 0.0, Avg: 0.0, Max: 0.0, Diff: 0.0, Sum: 0.0]
      [GC Worker Total (ms): Min: 14.0, Avg: 14.0, Max: 14.0, Diff: 0.0, Sum: 28.0]
      [GC Worker End (ms): Min: 44947259.2, Avg: 44947259.2, Max: 44947259.2, Diff: 0.0]
   [Code Root Fixup: 0.1 ms]
   [Code Root Purge: 0.0 ms]
   [Clear CT: 0.2 ms]
   [Other: 0.8 ms]
      [Choose CSet: 0.0 ms]
      [Ref Proc: 0.2 ms]
      [Ref Enq: 0.0 ms]
      [Redirty Cards: 0.2 ms]
      [Humongous Register: 0.1 ms]
      [Humongous Reclaim: 0.0 ms]
      [Free CSet: 0.0 ms]
   [Eden: 47.0M(47.0M)->0.0B(45.0M) Survivors: 4096.0K->6144.0K Heap: 402.0M(1024.0M)->356.5M(1024.0M)]
 [Times: user=0.02 sys=0.00, real=0.01 secs] 
2017-09-20T23:20:40.714+0900: 45049.881: [GC pause (G1 Evacuation Pause) (young), 0.0299483 secs]
   [Parallel Time: 29.1 ms, GC Workers: 2]
      [GC Worker Start (ms): Min: 45049881.3, Avg: 45049881.4, Max: 45049881.4, Diff: 0.0]
      [Ext Root Scanning (ms): Min: 1.0, Avg: 1.0, Max: 1.1, Diff: 0.1, Sum: 2.1]
      [Update RS (ms): Min: 1.5, Avg: 1.7, Max: 1.8, Diff: 0.3, Sum: 3.3]
         [Processed Buffers: Min: 13, Avg: 16.5, Max: 20, Diff: 7, Sum: 33]
      [Scan RS (ms): Min: 0.8, Avg: 1.0, Max: 1.2, Diff: 0.4, Sum: 2.0]
      [Code Root Scanning (ms): Min: 0.0, Avg: 0.0, Max: 0.0, Diff: 0.0, Sum: 0.0]
      [Object Copy (ms): Min: 20.1, Avg: 22.7, Max: 25.3, Diff: 5.2, Sum: 45.3]
      [Termination (ms): Min: 0.0, Avg: 2.7, Max: 5.4, Diff: 5.4, Sum: 5.4]
         [Termination Attempts: Min: 1, Avg: 1.0, Max: 1, Diff: 0, Sum: 2]
      [GC Worker Other (ms): Min: 0.0, Avg: 0.0, Max: 0.0, Diff: 0.0, Sum: 0.0]
      [GC Worker Total (ms): Min: 29.0, Avg: 29.1, Max: 29.1, Diff: 0.0, Sum: 58.1]
      [GC Worker End (ms): Min: 45049910.4, Avg: 45049910.4, Max: 45049910.4, Diff: 0.0]
   [Code Root Fixup: 0.0 ms]
   [Code Root Purge: 0.0 ms]
   [Clear CT: 0.1 ms]
   [Other: 0.7 ms]
      [Choose CSet: 0.0 ms]
      [Ref Proc: 0.3 ms]
      [Ref Enq: 0.0 ms]
      [Redirty Cards: 0.1 ms]
      [Humongous Register: 0.0 ms]
      [Humongous Reclaim: 0.0 ms]
      [Free CSet: 0.0 ms]
   [Eden: 45.0M(45.0M)->0.0B(46.0M) Survivors: 6144.0K->5120.0K Heap: 401.5M(1024.0M)->358.5M(1024.0M)]
 [Times: user=0.06 sys=0.00, real=0.03 secs] 
2017-09-20T23:22:25.369+0900: 45154.537: [GC pause (G1 Evacuation Pause) (young), 0.0092867 secs]
   [Parallel Time: 8.5 ms, GC Workers: 2]
      [GC Worker Start (ms): Min: 45154537.0, Avg: 45154537.1, Max: 45154537.1, Diff: 0.0]
      [Ext Root Scanning (ms): Min: 0.5, Avg: 0.5, Max: 0.6, Diff: 0.1, Sum: 1.1]
      [Update RS (ms): Min: 0.8, Avg: 0.9, Max: 0.9, Diff: 0.1, Sum: 1.7]
         [Processed Buffers: Min: 12, Avg: 17.5, Max: 23, Diff: 11, Sum: 35]
      [Scan RS (ms): Min: 0.4, Avg: 0.5, Max: 0.5, Diff: 0.1, Sum: 1.0]
      [Code Root Scanning (ms): Min: 0.0, Avg: 0.0, Max: 0.0, Diff: 0.0, Sum: 0.0]
      [Object Copy (ms): Min: 6.5, Avg: 6.5, Max: 6.5, Diff: 0.0, Sum: 13.0]
      [Termination (ms): Min: 0.0, Avg: 0.0, Max: 0.0, Diff: 0.0, Sum: 0.0]
         [Termination Attempts: Min: 1, Avg: 1.0, Max: 1, Diff: 0, Sum: 2]
      [GC Worker Other (ms): Min: 0.0, Avg: 0.0, Max: 0.0, Diff: 0.0, Sum: 0.0]
      [GC Worker Total (ms): Min: 8.4, Avg: 8.4, Max: 8.4, Diff: 0.0, Sum: 16.8]
      [GC Worker End (ms): Min: 45154545.5, Avg: 45154545.5, Max: 45154545.5, Diff: 0.0]
   [Code Root Fixup: 0.1 ms]
   [Code Root Purge: 0.0 ms]
   [Clear CT: 0.1 ms]
   [Other: 0.7 ms]
      [Choose CSet: 0.0 ms]
      [Ref Proc: 0.3 ms]
      [Ref Enq: 0.0 ms]
      [Redirty Cards: 0.2 ms]
      [Humongous Register: 0.0 ms]
      [Humongous Reclaim: 0.0 ms]
      [Free CSet: 0.0 ms]
   [Eden: 46.0M(46.0M)->0.0B(44.0M) Survivors: 5120.0K->7168.0K Heap: 404.5M(1024.0M)->360.5M(1024.0M)]
 [Times: user=0.02 sys=0.00, real=0.01 secs] 
2017-09-20T23:24:05.997+0900: 45255.165: [GC pause (G1 Evacuation Pause) (young), 0.0061405 secs]
   [Parallel Time: 5.3 ms, GC Workers: 2]
      [GC Worker Start (ms): Min: 45255165.1, Avg: 45255165.1, Max: 45255165.1, Diff: 0.0]
      [Ext Root Scanning (ms): Min: 0.6, Avg: 0.6, Max: 0.6, Diff: 0.1, Sum: 1.2]
      [Update RS (ms): Min: 0.8, Avg: 0.8, Max: 0.8, Diff: 0.0, Sum: 1.6]
         [Processed Buffers: Min: 13, Avg: 17.0, Max: 21, Diff: 8, Sum: 34]
      [Scan RS (ms): Min: 0.4, Avg: 0.5, Max: 0.5, Diff: 0.0, Sum: 0.9]
      [Code Root Scanning (ms): Min: 0.0, Avg: 0.0, Max: 0.0, Diff: 0.0, Sum: 0.0]
      [Object Copy (ms): Min: 3.3, Avg: 3.3, Max: 3.3, Diff: 0.0, Sum: 6.6]
      [Termination (ms): Min: 0.0, Avg: 0.0, Max: 0.0, Diff: 0.0, Sum: 0.0]
         [Termination Attempts: Min: 1, Avg: 1.0, Max: 1, Diff: 0, Sum: 2]
      [GC Worker Other (ms): Min: 0.0, Avg: 0.0, Max: 0.0, Diff: 0.0, Sum: 0.0]
      [GC Worker Total (ms): Min: 5.1, Avg: 5.2, Max: 5.2, Diff: 0.0, Sum: 10.3]
      [GC Worker End (ms): Min: 45255170.2, Avg: 45255170.2, Max: 45255170.2, Diff: 0.0]
   [Code Root Fixup: 0.1 ms]
   [Code Root Purge: 0.0 ms]
   [Clear CT: 0.1 ms]
   [Other: 0.7 ms]
      [Choose CSet: 0.0 ms]
      [Ref Proc: 0.3 ms]
      [Ref Enq: 0.0 ms]
      [Redirty Cards: 0.2 ms]
      [Humongous Register: 0.0 ms]
      [Humongous Reclaim: 0.0 ms]
      [Free CSet: 0.0 ms]
   [Eden: 44.0M(44.0M)->0.0B(96.0M) Survivors: 7168.0K->3072.0K Heap: 404.5M(1024.0M)->357.1M(1024.0M)]
 [Times: user=0.01 sys=0.00, real=0.01 secs] 
2017-09-20T23:27:44.426+0900: 45473.594: [GC pause (G1 Evacuation Pause) (young), 0.0373975 secs]
   [Parallel Time: 36.1 ms, GC Workers: 2]
      [GC Worker Start (ms): Min: 45473594.1, Avg: 45473594.3, Max: 45473594.4, Diff: 0.3]
      [Ext Root Scanning (ms): Min: 2.1, Avg: 2.3, Max: 2.4, Diff: 0.3, Sum: 4.5]
      [Update RS (ms): Min: 4.8, Avg: 5.1, Max: 5.5, Diff: 0.7, Sum: 10.3]
         [Processed Buffers: Min: 13, Avg: 18.0, Max: 23, Diff: 10, Sum: 36]
      [Scan RS (ms): Min: 1.1, Avg: 1.6, Max: 2.1, Diff: 0.9, Sum: 3.2]
      [Code Root Scanning (ms): Min: 0.0, Avg: 0.0, Max: 0.0, Diff: 0.0, Sum: 0.0]
      [Object Copy (ms): Min: 26.8, Avg: 26.9, Max: 27.0, Diff: 0.2, Sum: 53.8]
      [Termination (ms): Min: 0.0, Avg: 0.0, Max: 0.0, Diff: 0.0, Sum: 0.0]
         [Termination Attempts: Min: 1, Avg: 1.0, Max: 1, Diff: 0, Sum: 2]
      [GC Worker Other (ms): Min: 0.0, Avg: 0.0, Max: 0.0, Diff: 0.0, Sum: 0.0]
      [GC Worker Total (ms): Min: 35.7, Avg: 35.9, Max: 36.1, Diff: 0.3, Sum: 71.8]
      [GC Worker End (ms): Min: 45473630.2, Avg: 45473630.2, Max: 45473630.2, Diff: 0.0]
   [Code Root Fixup: 0.1 ms]
   [Code Root Purge: 0.0 ms]
   [Clear CT: 0.1 ms]
   [Other: 1.1 ms]
      [Choose CSet: 0.0 ms]
      [Ref Proc: 0.3 ms]
      [Ref Enq: 0.0 ms]
      [Redirty Cards: 0.4 ms]
      [Humongous Register: 0.1 ms]
      [Humongous Reclaim: 0.0 ms]
      [Free CSet: 0.1 ms]
   [Eden: 96.0M(96.0M)->0.0B(44.0M) Survivors: 3072.0K->7168.0K Heap: 453.1M(1024.0M)->361.1M(1024.0M)]
 [Times: user=0.07 sys=0.00, real=0.04 secs] 
2017-09-20T23:29:25.120+0900: 45574.288: [GC pause (G1 Evacuation Pause) (young), 0.0338712 secs]
   [Parallel Time: 32.6 ms, GC Workers: 2]
      [GC Worker Start (ms): Min: 45574287.9, Avg: 45574288.0, Max: 45574288.1, Diff: 0.2]
      [Ext Root Scanning (ms): Min: 1.7, Avg: 1.8, Max: 1.9, Diff: 0.2, Sum: 3.6]
      [Update RS (ms): Min: 1.9, Avg: 2.0, Max: 2.0, Diff: 0.1, Sum: 3.9]
         [Processed Buffers: Min: 11, Avg: 17.0, Max: 23, Diff: 12, Sum: 34]
      [Scan RS (ms): Min: 2.8, Avg: 2.9, Max: 3.1, Diff: 0.4, Sum: 5.9]
      [Code Root Scanning (ms): Min: 0.0, Avg: 0.0, Max: 0.0, Diff: 0.0, Sum: 0.0]
      [Object Copy (ms): Min: 25.4, Avg: 25.6, Max: 25.8, Diff: 0.3, Sum: 51.2]
      [Termination (ms): Min: 0.0, Avg: 0.1, Max: 0.1, Diff: 0.1, Sum: 0.1]
         [Termination Attempts: Min: 2, Avg: 6.0, Max: 10, Diff: 8, Sum: 12]
      [GC Worker Other (ms): Min: 0.0, Avg: 0.0, Max: 0.0, Diff: 0.0, Sum: 0.0]
      [GC Worker Total (ms): Min: 32.3, Avg: 32.4, Max: 32.5, Diff: 0.2, Sum: 64.8]
      [GC Worker End (ms): Min: 45574320.4, Avg: 45574320.4, Max: 45574320.4, Diff: 0.0]
   [Code Root Fixup: 0.1 ms]
   [Code Root Purge: 0.0 ms]
   [Clear CT: 0.2 ms]
   [Other: 1.0 ms]
      [Choose CSet: 0.0 ms]
      [Ref Proc: 0.3 ms]
      [Ref Enq: 0.0 ms]
      [Redirty Cards: 0.2 ms]
      [Humongous Register: 0.1 ms]
      [Humongous Reclaim: 0.0 ms]
      [Free CSet: 0.0 ms]
   [Eden: 44.0M(44.0M)->0.0B(48.0M) Survivors: 7168.0K->3072.0K Heap: 405.1M(1024.0M)->362.3M(1024.0M)]
 [Times: user=0.06 sys=0.00, real=0.04 secs] 
2017-09-20T23:31:14.018+0900: 45683.186: [GC pause (G1 Evacuation Pause) (young) (initial-mark), 0.0357535 secs]
   [Parallel Time: 33.9 ms, GC Workers: 2]
      [GC Worker Start (ms): Min: 45683186.5, Avg: 45683186.6, Max: 45683186.8, Diff: 0.4]
      [Ext Root Scanning (ms): Min: 2.4, Avg: 2.6, Max: 2.8, Diff: 0.4, Sum: 5.2]
      [Update RS (ms): Min: 4.3, Avg: 4.3, Max: 4.4, Diff: 0.1, Sum: 8.7]
         [Processed Buffers: Min: 15, Avg: 18.0, Max: 21, Diff: 6, Sum: 36]
      [Scan RS (ms): Min: 1.7, Avg: 1.8, Max: 1.9, Diff: 0.2, Sum: 3.5]
      [Code Root Scanning (ms): Min: 0.0, Avg: 0.0, Max: 0.0, Diff: 0.0, Sum: 0.0]
      [Object Copy (ms): Min: 24.5, Avg: 24.5, Max: 24.6, Diff: 0.1, Sum: 49.1]
      [Termination (ms): Min: 0.0, Avg: 0.0, Max: 0.0, Diff: 0.0, Sum: 0.0]
         [Termination Attempts: Min: 1, Avg: 1.0, Max: 1, Diff: 0, Sum: 2]
      [GC Worker Other (ms): Min: 0.0, Avg: 0.0, Max: 0.0, Diff: 0.0, Sum: 0.0]
      [GC Worker Total (ms): Min: 33.1, Avg: 33.3, Max: 33.5, Diff: 0.4, Sum: 66.6]
      [GC Worker End (ms): Min: 45683219.9, Avg: 45683219.9, Max: 45683219.9, Diff: 0.0]
   [Code Root Fixup: 0.1 ms]
   [Code Root Purge: 0.0 ms]
   [Clear CT: 0.2 ms]
   [Other: 1.6 ms]
      [Choose CSet: 0.0 ms]
      [Ref Proc: 0.4 ms]
      [Ref Enq: 0.0 ms]
      [Redirty Cards: 0.4 ms]
      [Humongous Register: 0.0 ms]
      [Humongous Reclaim: 0.0 ms]
      [Free CSet: 0.1 ms]
   [Eden: 48.0M(48.0M)->0.0B(46.0M) Survivors: 3072.0K->5120.0K Heap: 410.3M(1024.0M)->364.3M(1024.0M)]
 [Times: user=0.04 sys=0.00, real=0.04 secs] 
2017-09-20T23:31:14.054+0900: 45683.222: [GC concurrent-root-region-scan-start]
2017-09-20T23:31:14.066+0900: 45683.234: [GC concurrent-root-region-scan-end, 0.0120162 secs]
2017-09-20T23:31:14.066+0900: 45683.234: [GC concurrent-mark-start]
2017-09-20T23:31:14.102+0900: 45683.270: [GC concurrent-mark-end, 0.0360814 secs]
2017-09-20T23:31:14.102+0900: 45683.270: [GC remark 2017-09-20T23:31:14.102+0900: 45683.270: [Finalize Marking, 0.0001634 secs] 2017-09-20T23:31:14.103+0900: 45683.270: [GC ref-proc, 0.0002380 secs] 2017-09-20T23:31:14.103+0900: 45683.270: [Unloading, 0.0058593 secs], 0.0070322 secs]
 [Times: user=0.01 sys=0.00, real=0.00 secs] 
2017-09-20T23:31:14.110+0900: 45683.277: [GC cleanup 364M->238M(1024M), 0.0010877 secs]
 [Times: user=0.00 sys=0.00, real=0.00 secs] 
2017-09-20T23:31:14.111+0900: 45683.278: [GC concurrent-cleanup-start]
2017-09-20T23:31:14.113+0900: 45683.281: [GC concurrent-cleanup-end, 0.0023068 secs]
2017-09-20T23:32:59.023+0900: 45788.190: [GC pause (G1 Evacuation Pause) (young), 0.0212142 secs]
   [Parallel Time: 19.7 ms, GC Workers: 2]
      [GC Worker Start (ms): Min: 45788190.6, Avg: 45788190.7, Max: 45788190.7, Diff: 0.1]
      [Ext Root Scanning (ms): Min: 1.8, Avg: 1.9, Max: 1.9, Diff: 0.2, Sum: 3.7]
      [Update RS (ms): Min: 1.9, Avg: 1.9, Max: 1.9, Diff: 0.0, Sum: 3.9]
         [Processed Buffers: Min: 12, Avg: 16.5, Max: 21, Diff: 9, Sum: 33]
      [Scan RS (ms): Min: 1.9, Avg: 1.9, Max: 2.0, Diff: 0.0, Sum: 3.9]
      [Code Root Scanning (ms): Min: 0.0, Avg: 0.0, Max: 0.0, Diff: 0.0, Sum: 0.0]
      [Object Copy (ms): Min: 13.6, Avg: 13.6, Max: 13.6, Diff: 0.1, Sum: 27.2]
      [Termination (ms): Min: 0.0, Avg: 0.1, Max: 0.1, Diff: 0.1, Sum: 0.1]
         [Termination Attempts: Min: 1, Avg: 1.0, Max: 1, Diff: 0, Sum: 2]
      [GC Worker Other (ms): Min: 0.0, Avg: 0.0, Max: 0.0, Diff: 0.0, Sum: 0.1]
      [GC Worker Total (ms): Min: 19.4, Avg: 19.4, Max: 19.5, Diff: 0.1, Sum: 38.9]
      [GC Worker End (ms): Min: 45788210.1, Avg: 45788210.1, Max: 45788210.1, Diff: 0.0]
   [Code Root Fixup: 0.1 ms]
   [Code Root Purge: 0.0 ms]
   [Clear CT: 0.2 ms]
   [Other: 1.3 ms]
      [Choose CSet: 0.0 ms]
      [Ref Proc: 0.4 ms]
      [Ref Enq: 0.0 ms]
      [Redirty Cards: 0.3 ms]
      [Humongous Register: 0.1 ms]
      [Humongous Reclaim: 0.0 ms]
      [Free CSet: 0.1 ms]
   [Eden: 46.0M(46.0M)->0.0B(48.0M) Survivors: 5120.0K->3072.0K Heap: 284.3M(1024.0M)->236.3M(1024.0M)]
 [Times: user=0.04 sys=0.00, real=0.02 secs] 
2017-09-20T23:34:48.240+0900: 45897.408: [GC pause (G1 Evacuation Pause) (mixed), 0.0305819 secs]
   [Parallel Time: 29.2 ms, GC Workers: 2]
      [GC Worker Start (ms): Min: 45897408.2, Avg: 45897408.4, Max: 45897408.6, Diff: 0.3]
      [Ext Root Scanning (ms): Min: 2.3, Avg: 2.4, Max: 2.6, Diff: 0.2, Sum: 4.9]
      [Update RS (ms): Min: 3.0, Avg: 3.1, Max: 3.2, Diff: 0.2, Sum: 6.2]
         [Processed Buffers: Min: 12, Avg: 17.5, Max: 23, Diff: 11, Sum: 35]
      [Scan RS (ms): Min: 1.6, Avg: 1.6, Max: 1.7, Diff: 0.1, Sum: 3.2]
      [Code Root Scanning (ms): Min: 0.0, Avg: 0.0, Max: 0.0, Diff: 0.0, Sum: 0.0]
      [Object Copy (ms): Min: 21.6, Avg: 21.7, Max: 21.8, Diff: 0.2, Sum: 43.3]
      [Termination (ms): Min: 0.0, Avg: 0.0, Max: 0.0, Diff: 0.0, Sum: 0.0]
         [Termination Attempts: Min: 1, Avg: 1.0, Max: 1, Diff: 0, Sum: 2]
      [GC Worker Other (ms): Min: 0.0, Avg: 0.0, Max: 0.0, Diff: 0.0, Sum: 0.1]
      [GC Worker Total (ms): Min: 28.7, Avg: 28.9, Max: 29.1, Diff: 0.3, Sum: 57.8]
      [GC Worker End (ms): Min: 45897437.3, Avg: 45897437.3, Max: 45897437.3, Diff: 0.0]
   [Code Root Fixup: 0.2 ms]
   [Code Root Purge: 0.0 ms]
   [Clear CT: 0.1 ms]
   [Other: 1.1 ms]
      [Choose CSet: 0.0 ms]
      [Ref Proc: 0.4 ms]
      [Ref Enq: 0.0 ms]
      [Redirty Cards: 0.3 ms]
      [Humongous Register: 0.1 ms]
      [Humongous Reclaim: 0.0 ms]
      [Free CSet: 0.1 ms]
   [Eden: 48.0M(48.0M)->0.0B(46.0M) Survivors: 3072.0K->5120.0K Heap: 284.3M(1024.0M)->225.6M(1024.0M)]
 [Times: user=0.06 sys=0.00, real=0.03 secs] 
2017-09-20T23:36:33.184+0900: 46002.352: [GC pause (G1 Evacuation Pause) (mixed), 0.0338450 secs]
   [Parallel Time: 32.4 ms, GC Workers: 2]
      [GC Worker Start (ms): Min: 46002352.4, Avg: 46002352.4, Max: 46002352.4, Diff: 0.0]
      [Ext Root Scanning (ms): Min: 1.7, Avg: 1.8, Max: 1.8, Diff: 0.1, Sum: 3.5]
      [Update RS (ms): Min: 1.9, Avg: 2.0, Max: 2.0, Diff: 0.1, Sum: 3.9]
         [Processed Buffers: Min: 7, Avg: 17.5, Max: 28, Diff: 21, Sum: 35]
      [Scan RS (ms): Min: 3.5, Avg: 3.5, Max: 3.6, Diff: 0.1, Sum: 7.1]
      [Code Root Scanning (ms): Min: 0.0, Avg: 0.0, Max: 0.0, Diff: 0.0, Sum: 0.0]
      [Object Copy (ms): Min: 24.8, Avg: 24.8, Max: 24.9, Diff: 0.1, Sum: 49.7]
      [Termination (ms): Min: 0.0, Avg: 0.0, Max: 0.0, Diff: 0.0, Sum: 0.1]
         [Termination Attempts: Min: 1, Avg: 1.0, Max: 1, Diff: 0, Sum: 2]
      [GC Worker Other (ms): Min: 0.0, Avg: 0.0, Max: 0.0, Diff: 0.0, Sum: 0.0]
      [GC Worker Total (ms): Min: 32.1, Avg: 32.1, Max: 32.2, Diff: 0.0, Sum: 64.3]
      [GC Worker End (ms): Min: 46002384.6, Avg: 46002384.6, Max: 46002384.6, Diff: 0.0]
   [Code Root Fixup: 0.1 ms]
   [Code Root Purge: 0.0 ms]
   [Clear CT: 0.1 ms]
   [Other: 1.2 ms]
      [Choose CSet: 0.0 ms]
      [Ref Proc: 0.4 ms]
      [Ref Enq: 0.0 ms]
      [Redirty Cards: 0.3 ms]
      [Humongous Register: 0.1 ms]
      [Humongous Reclaim: 0.0 ms]
      [Free CSet: 0.1 ms]
   [Eden: 46.0M(46.0M)->0.0B(45.0M) Survivors: 5120.0K->6144.0K Heap: 271.6M(1024.0M)->214.5M(1024.0M)]
 [Times: user=0.07 sys=0.00, real=0.03 secs] 
2017-09-20T23:38:16.240+0900: 46105.407: [GC pause (G1 Evacuation Pause) (mixed), 0.0533709 secs]
   [Parallel Time: 52.4 ms, GC Workers: 2]
      [GC Worker Start (ms): Min: 46105407.7, Avg: 46105407.7, Max: 46105407.7, Diff: 0.1]
      [Ext Root Scanning (ms): Min: 1.8, Avg: 1.9, Max: 1.9, Diff: 0.1, Sum: 3.7]
      [Update RS (ms): Min: 3.7, Avg: 4.0, Max: 4.2, Diff: 0.5, Sum: 8.0]
         [Processed Buffers: Min: 16, Avg: 17.5, Max: 19, Diff: 3, Sum: 35]
      [Scan RS (ms): Min: 2.9, Avg: 3.2, Max: 3.6, Diff: 0.6, Sum: 6.5]
      [Code Root Scanning (ms): Min: 0.0, Avg: 0.0, Max: 0.0, Diff: 0.0, Sum: 0.0]
      [Object Copy (ms): Min: 43.0, Avg: 43.0, Max: 43.0, Diff: 0.0, Sum: 86.0]
      [Termination (ms): Min: 0.0, Avg: 0.0, Max: 0.1, Diff: 0.1, Sum: 0.1]
         [Termination Attempts: Min: 2, Avg: 5.0, Max: 8, Diff: 6, Sum: 10]
      [GC Worker Other (ms): Min: 0.0, Avg: 0.0, Max: 0.0, Diff: 0.0, Sum: 0.0]
      [GC Worker Total (ms): Min: 52.1, Avg: 52.1, Max: 52.2, Diff: 0.0, Sum: 104.3]
      [GC Worker End (ms): Min: 46105459.8, Avg: 46105459.8, Max: 46105459.8, Diff: 0.0]
   [Code Root Fixup: 0.1 ms]
   [Code Root Purge: 0.0 ms]
   [Clear CT: 0.1 ms]
   [Other: 0.9 ms]
      [Choose CSet: 0.0 ms]
      [Ref Proc: 0.3 ms]
      [Ref Enq: 0.0 ms]
      [Redirty Cards: 0.1 ms]
      [Humongous Register: 0.1 ms]
      [Humongous Reclaim: 0.0 ms]
      [Free CSet: 0.1 ms]
   [Eden: 45.0M(45.0M)->0.0B(46.0M) Survivors: 6144.0K->5120.0K Heap: 259.5M(1024.0M)->203.6M(1024.0M)]
 [Times: user=0.06 sys=0.00, real=0.06 secs] 
2017-09-20T23:40:01.385+0900: 46210.553: [GC pause (G1 Evacuation Pause) (mixed), 0.0324038 secs]
   [Parallel Time: 31.2 ms, GC Workers: 2]
      [GC Worker Start (ms): Min: 46210552.9, Avg: 46210552.9, Max: 46210553.0, Diff: 0.1]
      [Ext Root Scanning (ms): Min: 1.7, Avg: 1.8, Max: 1.9, Diff: 0.1, Sum: 3.6]
      [Update RS (ms): Min: 4.4, Avg: 4.7, Max: 5.1, Diff: 0.6, Sum: 9.5]
         [Processed Buffers: Min: 13, Avg: 17.5, Max: 22, Diff: 9, Sum: 35]
      [Scan RS (ms): Min: 3.2, Avg: 3.6, Max: 3.9, Diff: 0.7, Sum: 7.1]
      [Code Root Scanning (ms): Min: 0.0, Avg: 0.0, Max: 0.0, Diff: 0.0, Sum: 0.0]
      [Object Copy (ms): Min: 20.8, Avg: 20.9, Max: 20.9, Diff: 0.0, Sum: 41.7]
      [Termination (ms): Min: 0.0, Avg: 0.0, Max: 0.0, Diff: 0.0, Sum: 0.0]
         [Termination Attempts: Min: 1, Avg: 1.0, Max: 1, Diff: 0, Sum: 2]
      [GC Worker Other (ms): Min: 0.0, Avg: 0.0, Max: 0.0, Diff: 0.0, Sum: 0.0]
      [GC Worker Total (ms): Min: 31.0, Avg: 31.0, Max: 31.1, Diff: 0.1, Sum: 62.0]
      [GC Worker End (ms): Min: 46210584.0, Avg: 46210584.0, Max: 46210584.0, Diff: 0.0]
   [Code Root Fixup: 0.1 ms]
   [Code Root Purge: 0.0 ms]
   [Clear CT: 0.1 ms]
   [Other: 1.0 ms]
      [Choose CSet: 0.0 ms]
      [Ref Proc: 0.3 ms]
      [Ref Enq: 0.0 ms]
      [Redirty Cards: 0.2 ms]
      [Humongous Register: 0.1 ms]
      [Humongous Reclaim: 0.0 ms]
      [Free CSet: 0.1 ms]
   [Eden: 46.0M(46.0M)->0.0B(44.0M) Survivors: 5120.0K->7168.0K Heap: 249.6M(1024.0M)->203.0M(1024.0M)]
 [Times: user=0.06 sys=0.00, real=0.03 secs] 
2017-09-20T23:41:40.577+0900: 46309.745: [GC pause (G1 Evacuation Pause) (young), 0.0069103 secs]
   [Parallel Time: 6.0 ms, GC Workers: 2]
      [GC Worker Start (ms): Min: 46309744.8, Avg: 46309744.8, Max: 46309744.8, Diff: 0.0]
      [Ext Root Scanning (ms): Min: 0.5, Avg: 0.5, Max: 0.6, Diff: 0.1, Sum: 1.0]
      [Update RS (ms): Min: 0.5, Avg: 0.6, Max: 0.7, Diff: 0.1, Sum: 1.2]
         [Processed Buffers: Min: 12, Avg: 17.5, Max: 23, Diff: 11, Sum: 35]
      [Scan RS (ms): Min: 0.3, Avg: 0.4, Max: 0.5, Diff: 0.2, Sum: 0.8]
      [Code Root Scanning (ms): Min: 0.0, Avg: 0.0, Max: 0.0, Diff: 0.0, Sum: 0.0]
      [Object Copy (ms): Min: 4.3, Avg: 4.3, Max: 4.3, Diff: 0.0, Sum: 8.7]
      [Termination (ms): Min: 0.0, Avg: 0.0, Max: 0.1, Diff: 0.1, Sum: 0.1]
         [Termination Attempts: Min: 1, Avg: 1.0, Max: 1, Diff: 0, Sum: 2]
      [GC Worker Other (ms): Min: 0.0, Avg: 0.0, Max: 0.0, Diff: 0.0, Sum: 0.0]
      [GC Worker Total (ms): Min: 5.9, Avg: 5.9, Max: 5.9, Diff: 0.1, Sum: 11.8]
      [GC Worker End (ms): Min: 46309750.7, Avg: 46309750.7, Max: 46309750.7, Diff: 0.0]
   [Code Root Fixup: 0.0 ms]
   [Code Root Purge: 0.0 ms]
   [Clear CT: 0.1 ms]
   [Other: 0.8 ms]
      [Choose CSet: 0.0 ms]
      [Ref Proc: 0.2 ms]
      [Ref Enq: 0.0 ms]
      [Redirty Cards: 0.1 ms]
      [Humongous Register: 0.0 ms]
      [Humongous Reclaim: 0.0 ms]
      [Free CSet: 0.0 ms]
   [Eden: 44.0M(44.0M)->0.0B(48.0M) Survivors: 7168.0K->3072.0K Heap: 247.0M(1024.0M)->200.3M(1024.0M)]
 [Times: user=0.01 sys=0.00, real=0.01 secs] 
2017-09-20T23:43:30.168+0900: 46419.336: [GC pause (G1 Evacuation Pause) (young), 0.0361551 secs]
   [Parallel Time: 33.8 ms, GC Workers: 2]
      [GC Worker Start (ms): Min: 46419336.3, Avg: 46419336.3, Max: 46419336.3, Diff: 0.0]
      [Ext Root Scanning (ms): Min: 1.9, Avg: 1.9, Max: 1.9, Diff: 0.0, Sum: 3.7]
      [Update RS (ms): Min: 3.5, Avg: 3.5, Max: 3.5, Diff: 0.0, Sum: 7.0]
         [Processed Buffers: Min: 7, Avg: 17.0, Max: 27, Diff: 20, Sum: 34]
      [Scan RS (ms): Min: 2.1, Avg: 2.1, Max: 2.1, Diff: 0.0, Sum: 4.1]
      [Code Root Scanning (ms): Min: 0.0, Avg: 0.0, Max: 0.0, Diff: 0.0, Sum: 0.0]
      [Object Copy (ms): Min: 26.0, Avg: 26.0, Max: 26.0, Diff: 0.0, Sum: 52.0]
      [Termination (ms): Min: 0.0, Avg: 0.1, Max: 0.2, Diff: 0.2, Sum: 0.2]
         [Termination Attempts: Min: 1, Avg: 1.5, Max: 2, Diff: 1, Sum: 3]
      [GC Worker Other (ms): Min: 0.0, Avg: 0.0, Max: 0.0, Diff: 0.0, Sum: 0.0]
      [GC Worker Total (ms): Min: 33.5, Avg: 33.5, Max: 33.6, Diff: 0.1, Sum: 67.1]
      [GC Worker End (ms): Min: 46419369.8, Avg: 46419369.8, Max: 46419369.9, Diff: 0.1]
   [Code Root Fixup: 0.2 ms]
   [Code Root Purge: 0.0 ms]
   [Clear CT: 0.2 ms]
   [Other: 1.9 ms]
      [Choose CSet: 0.0 ms]
      [Ref Proc: 0.6 ms]
      [Ref Enq: 0.0 ms]
      [Redirty Cards: 0.4 ms]
      [Humongous Register: 0.1 ms]
      [Humongous Reclaim: 0.0 ms]
      [Free CSet: 0.1 ms]
   [Eden: 48.0M(48.0M)->0.0B(46.0M) Survivors: 3072.0K->5120.0K Heap: 248.3M(1024.0M)->202.3M(1024.0M)]
 [Times: user=0.07 sys=0.00, real=0.04 secs] 
2017-09-20T23:45:14.961+0900: 46524.128: [GC pause (G1 Evacuation Pause) (young), 0.0166575 secs]
   [Parallel Time: 15.6 ms, GC Workers: 2]
      [GC Worker Start (ms): Min: 46524128.3, Avg: 46524128.3, Max: 46524128.3, Diff: 0.0]
      [Ext Root Scanning (ms): Min: 0.5, Avg: 0.5, Max: 0.5, Diff: 0.1, Sum: 1.0]
      [Update RS (ms): Min: 0.5, Avg: 0.6, Max: 0.6, Diff: 0.1, Sum: 1.1]
         [Processed Buffers: Min: 13, Avg: 16.5, Max: 20, Diff: 7, Sum: 33]
      [Scan RS (ms): Min: 0.4, Avg: 0.5, Max: 0.5, Diff: 0.1, Sum: 1.0]
      [Code Root Scanning (ms): Min: 0.0, Avg: 0.0, Max: 0.0, Diff: 0.0, Sum: 0.0]
      [Object Copy (ms): Min: 14.0, Avg: 14.0, Max: 14.0, Diff: 0.0, Sum: 28.0]
      [Termination (ms): Min: 0.0, Avg: 0.0, Max: 0.0, Diff: 0.0, Sum: 0.0]
         [Termination Attempts: Min: 1, Avg: 1.0, Max: 1, Diff: 0, Sum: 2]
      [GC Worker Other (ms): Min: 0.0, Avg: 0.0, Max: 0.0, Diff: 0.0, Sum: 0.0]
      [GC Worker Total (ms): Min: 15.5, Avg: 15.6, Max: 15.6, Diff: 0.0, Sum: 31.1]
      [GC Worker End (ms): Min: 46524143.9, Avg: 46524143.9, Max: 46524143.9, Diff: 0.0]
   [Code Root Fixup: 0.1 ms]
   [Code Root Purge: 0.0 ms]
   [Clear CT: 0.1 ms]
   [Other: 0.9 ms]
      [Choose CSet: 0.0 ms]
      [Ref Proc: 0.4 ms]
      [Ref Enq: 0.0 ms]
      [Redirty Cards: 0.2 ms]
      [Humongous Register: 0.0 ms]
      [Humongous Reclaim: 0.0 ms]
      [Free CSet: 0.0 ms]
   [Eden: 46.0M(46.0M)->0.0B(45.0M) Survivors: 5120.0K->6144.0K Heap: 248.3M(1024.0M)->204.2M(1024.0M)]
 [Times: user=0.02 sys=0.00, real=0.01 secs] 
2017-09-20T23:46:57.147+0900: 46626.314: [GC pause (G1 Evacuation Pause) (young), 0.0433797 secs]
   [Parallel Time: 41.8 ms, GC Workers: 2]
      [GC Worker Start (ms): Min: 46626314.5, Avg: 46626314.6, Max: 46626314.6, Diff: 0.2]
      [Ext Root Scanning (ms): Min: 1.7, Avg: 1.8, Max: 1.8, Diff: 0.1, Sum: 3.5]
      [Update RS (ms): Min: 4.2, Avg: 4.3, Max: 4.3, Diff: 0.1, Sum: 8.6]
         [Processed Buffers: Min: 7, Avg: 17.0, Max: 27, Diff: 20, Sum: 34]
      [Scan RS (ms): Min: 2.6, Avg: 2.6, Max: 2.7, Diff: 0.1, Sum: 5.3]
      [Code Root Scanning (ms): Min: 0.0, Avg: 0.0, Max: 0.0, Diff: 0.0, Sum: 0.0]
      [Object Copy (ms): Min: 32.9, Avg: 32.9, Max: 32.9, Diff: 0.0, Sum: 65.7]
      [Termination (ms): Min: 0.0, Avg: 0.0, Max: 0.0, Diff: 0.0, Sum: 0.0]
         [Termination Attempts: Min: 1, Avg: 1.0, Max: 1, Diff: 0, Sum: 2]
      [GC Worker Other (ms): Min: 0.0, Avg: 0.0, Max: 0.0, Diff: 0.0, Sum: 0.0]
      [GC Worker Total (ms): Min: 41.5, Avg: 41.6, Max: 41.6, Diff: 0.2, Sum: 83.1]
      [GC Worker End (ms): Min: 46626356.1, Avg: 46626356.1, Max: 46626356.1, Diff: 0.0]
   [Code Root Fixup: 0.1 ms]
   [Code Root Purge: 0.0 ms]
   [Clear CT: 0.1 ms]
   [Other: 1.4 ms]
      [Choose CSet: 0.0 ms]
      [Ref Proc: 0.3 ms]
      [Ref Enq: 0.0 ms]
      [Redirty Cards: 0.1 ms]
      [Humongous Register: 0.1 ms]
      [Humongous Reclaim: 0.0 ms]
      [Free CSet: 0.0 ms]
   [Eden: 45.0M(45.0M)->0.0B(46.0M) Survivors: 6144.0K->5120.0K Heap: 249.2M(1024.0M)->206.4M(1024.0M)]
 [Times: user=0.09 sys=0.00, real=0.04 secs] 
2017-09-20T23:48:41.899+0900: 46731.067: [GC pause (G1 Evacuation Pause) (young), 0.0389966 secs]
   [Parallel Time: 36.5 ms, GC Workers: 2]
      [GC Worker Start (ms): Min: 46731067.4, Avg: 46731067.5, Max: 46731067.5, Diff: 0.0]
      [Ext Root Scanning (ms): Min: 1.7, Avg: 1.8, Max: 1.8, Diff: 0.1, Sum: 3.5]
      [Update RS (ms): Min: 3.1, Avg: 3.1, Max: 3.2, Diff: 0.1, Sum: 6.3]
         [Processed Buffers: Min: 16, Avg: 16.5, Max: 17, Diff: 1, Sum: 33]
      [Scan RS (ms): Min: 1.9, Avg: 1.9, Max: 1.9, Diff: 0.1, Sum: 3.8]
      [Code Root Scanning (ms): Min: 0.0, Avg: 0.0, Max: 0.0, Diff: 0.0, Sum: 0.0]
      [Object Copy (ms): Min: 29.2, Avg: 29.3, Max: 29.4, Diff: 0.2, Sum: 58.6]
      [Termination (ms): Min: 0.0, Avg: 0.0, Max: 0.0, Diff: 0.0, Sum: 0.0]
         [Termination Attempts: Min: 1, Avg: 1.0, Max: 1, Diff: 0, Sum: 2]
      [GC Worker Other (ms): Min: 0.0, Avg: 0.0, Max: 0.0, Diff: 0.0, Sum: 0.0]
      [GC Worker Total (ms): Min: 36.1, Avg: 36.2, Max: 36.2, Diff: 0.0, Sum: 72.3]
      [GC Worker End (ms): Min: 46731103.6, Avg: 46731103.6, Max: 46731103.6, Diff: 0.0]
   [Code Root Fixup: 0.2 ms]
   [Code Root Purge: 0.0 ms]
   [Clear CT: 0.3 ms]
   [Other: 2.0 ms]
      [Choose CSet: 0.0 ms]
      [Ref Proc: 0.9 ms]
      [Ref Enq: 0.0 ms]
      [Redirty Cards: 0.5 ms]
      [Humongous Register: 0.1 ms]
      [Humongous Reclaim: 0.0 ms]
      [Free CSet: 0.1 ms]
   [Eden: 46.0M(46.0M)->0.0B(44.0M) Survivors: 5120.0K->7168.0K Heap: 252.4M(1024.0M)->208.4M(1024.0M)]
 [Times: user=0.07 sys=0.00, real=0.04 secs] 
2017-09-20T23:50:19.604+0900: 46828.771: [GC pause (G1 Evacuation Pause) (young), 0.0252544 secs]
   [Parallel Time: 23.7 ms, GC Workers: 2]
      [GC Worker Start (ms): Min: 46828771.7, Avg: 46828771.8, Max: 46828771.9, Diff: 0.2]
      [Ext Root Scanning (ms): Min: 1.8, Avg: 1.9, Max: 2.0, Diff: 0.2, Sum: 3.9]
      [Update RS (ms): Min: 2.5, Avg: 2.5, Max: 2.5, Diff: 0.0, Sum: 5.0]
         [Processed Buffers: Min: 9, Avg: 17.0, Max: 25, Diff: 16, Sum: 34]
      [Scan RS (ms): Min: 3.1, Avg: 3.2, Max: 3.2, Diff: 0.0, Sum: 6.3]
      [Code Root Scanning (ms): Min: 0.0, Avg: 0.0, Max: 0.0, Diff: 0.0, Sum: 0.0]
      [Object Copy (ms): Min: 15.9, Avg: 15.9, Max: 16.0, Diff: 0.1, Sum: 31.9]
      [Termination (ms): Min: 0.0, Avg: 0.0, Max: 0.0, Diff: 0.0, Sum: 0.0]
         [Termination Attempts: Min: 1, Avg: 1.0, Max: 1, Diff: 0, Sum: 2]
      [GC Worker Other (ms): Min: 0.0, Avg: 0.0, Max: 0.0, Diff: 0.0, Sum: 0.0]
      [GC Worker Total (ms): Min: 23.4, Avg: 23.5, Max: 23.6, Diff: 0.2, Sum: 47.0]
      [GC Worker End (ms): Min: 46828795.3, Avg: 46828795.3, Max: 46828795.3, Diff: 0.0]
   [Code Root Fixup: 0.1 ms]
   [Code Root Purge: 0.0 ms]
   [Clear CT: 0.2 ms]
   [Other: 1.3 ms]
      [Choose CSet: 0.0 ms]
      [Ref Proc: 0.3 ms]
      [Ref Enq: 0.0 ms]
      [Redirty Cards: 0.3 ms]
      [Humongous Register: 0.1 ms]
      [Humongous Reclaim: 0.0 ms]
      [Free CSet: 0.1 ms]
   [Eden: 44.0M(44.0M)->0.0B(46.0M) Survivors: 7168.0K->5120.0K Heap: 252.4M(1024.0M)->207.1M(1024.0M)]
 [Times: user=0.04 sys=0.00, real=0.02 secs] 
2017-09-20T23:52:03.869+0900: 46933.037: [GC pause (G1 Evacuation Pause) (young), 0.0358791 secs]
   [Parallel Time: 34.9 ms, GC Workers: 2]
      [GC Worker Start (ms): Min: 46933036.9, Avg: 46933037.0, Max: 46933037.0, Diff: 0.1]
      [Ext Root Scanning (ms): Min: 1.8, Avg: 1.9, Max: 1.9, Diff: 0.0, Sum: 3.7]
      [Update RS (ms): Min: 1.7, Avg: 1.7, Max: 1.7, Diff: 0.0, Sum: 3.4]
         [Processed Buffers: Min: 12, Avg: 15.5, Max: 19, Diff: 7, Sum: 31]
      [Scan RS (ms): Min: 3.1, Avg: 3.2, Max: 3.2, Diff: 0.1, Sum: 6.4]
      [Code Root Scanning (ms): Min: 0.0, Avg: 0.0, Max: 0.0, Diff: 0.0, Sum: 0.0]
      [Object Copy (ms): Min: 27.9, Avg: 27.9, Max: 28.0, Diff: 0.1, Sum: 55.8]
      [Termination (ms): Min: 0.0, Avg: 0.0, Max: 0.0, Diff: 0.0, Sum: 0.0]
         [Termination Attempts: Min: 1, Avg: 1.0, Max: 1, Diff: 0, Sum: 2]
      [GC Worker Other (ms): Min: 0.0, Avg: 0.0, Max: 0.0, Diff: 0.0, Sum: 0.0]
      [GC Worker Total (ms): Min: 34.7, Avg: 34.7, Max: 34.7, Diff: 0.1, Sum: 69.4]
      [GC Worker End (ms): Min: 46933071.6, Avg: 46933071.6, Max: 46933071.6, Diff: 0.0]
   [Code Root Fixup: 0.1 ms]
   [Code Root Purge: 0.0 ms]
   [Clear CT: 0.2 ms]
   [Other: 0.7 ms]
      [Choose CSet: 0.0 ms]
      [Ref Proc: 0.2 ms]
      [Ref Enq: 0.0 ms]
      [Redirty Cards: 0.1 ms]
      [Humongous Register: 0.1 ms]
      [Humongous Reclaim: 0.0 ms]
      [Free CSet: 0.0 ms]
   [Eden: 46.0M(46.0M)->0.0B(45.0M) Survivors: 5120.0K->6144.0K Heap: 253.1M(1024.0M)->208.1M(1024.0M)]
 [Times: user=0.07 sys=0.00, real=0.04 secs] 
2017-09-20T23:53:46.626+0900: 47035.793: [GC pause (G1 Evacuation Pause) (young), 0.0388906 secs]
   [Parallel Time: 37.4 ms, GC Workers: 2]
      [GC Worker Start (ms): Min: 47035793.6, Avg: 47035793.6, Max: 47035793.7, Diff: 0.1]
      [Ext Root Scanning (ms): Min: 1.8, Avg: 1.9, Max: 2.0, Diff: 0.2, Sum: 3.8]
      [Update RS (ms): Min: 2.3, Avg: 2.4, Max: 2.4, Diff: 0.1, Sum: 4.8]
         [Processed Buffers: Min: 8, Avg: 16.0, Max: 24, Diff: 16, Sum: 32]
      [Scan RS (ms): Min: 2.0, Avg: 2.1, Max: 2.1, Diff: 0.0, Sum: 4.1]
      [Code Root Scanning (ms): Min: 0.0, Avg: 0.0, Max: 0.0, Diff: 0.0, Sum: 0.0]
      [Object Copy (ms): Min: 30.9, Avg: 30.9, Max: 30.9, Diff: 0.0, Sum: 61.8]
      [Termination (ms): Min: 0.0, Avg: 0.0, Max: 0.0, Diff: 0.0, Sum: 0.0]
         [Termination Attempts: Min: 1, Avg: 1.0, Max: 1, Diff: 0, Sum: 2]
      [GC Worker Other (ms): Min: 0.0, Avg: 0.0, Max: 0.0, Diff: 0.0, Sum: 0.0]
      [GC Worker Total (ms): Min: 37.3, Avg: 37.3, Max: 37.3, Diff: 0.1, Sum: 74.6]
      [GC Worker End (ms): Min: 47035830.9, Avg: 47035830.9, Max: 47035830.9, Diff: 0.0]
   [Code Root Fixup: 0.1 ms]
   [Code Root Purge: 0.0 ms]
   [Clear CT: 0.2 ms]
   [Other: 1.3 ms]
      [Choose CSet: 0.0 ms]
      [Ref Proc: 0.3 ms]
      [Ref Enq: 0.0 ms]
      [Redirty Cards: 0.4 ms]
      [Humongous Register: 0.1 ms]
      [Humongous Reclaim: 0.1 ms]
      [Free CSet: 0.0 ms]
   [Eden: 45.0M(45.0M)->0.0B(47.0M) Survivors: 6144.0K->4096.0K Heap: 253.1M(1024.0M)->209.8M(1024.0M)]
 [Times: user=0.07 sys=0.00, real=0.04 secs] 
2017-09-20T23:55:33.866+0900: 47143.034: [GC pause (G1 Evacuation Pause) (young), 0.0152598 secs]
   [Parallel Time: 14.4 ms, GC Workers: 2]
      [GC Worker Start (ms): Min: 47143034.1, Avg: 47143034.1, Max: 47143034.1, Diff: 0.0]
      [Ext Root Scanning (ms): Min: 1.2, Avg: 1.2, Max: 1.3, Diff: 0.1, Sum: 2.4]
      [Update RS (ms): Min: 1.9, Avg: 1.9, Max: 2.0, Diff: 0.1, Sum: 3.8]
         [Processed Buffers: Min: 8, Avg: 16.0, Max: 24, Diff: 16, Sum: 32]
      [Scan RS (ms): Min: 0.6, Avg: 0.6, Max: 0.6, Diff: 0.0, Sum: 1.3]
      [Code Root Scanning (ms): Min: 0.0, Avg: 0.0, Max: 0.0, Diff: 0.0, Sum: 0.0]
      [Object Copy (ms): Min: 10.4, Avg: 10.5, Max: 10.6, Diff: 0.1, Sum: 21.0]
      [Termination (ms): Min: 0.0, Avg: 0.0, Max: 0.0, Diff: 0.0, Sum: 0.0]
         [Termination Attempts: Min: 1, Avg: 1.0, Max: 1, Diff: 0, Sum: 2]
      [GC Worker Other (ms): Min: 0.0, Avg: 0.0, Max: 0.0, Diff: 0.0, Sum: 0.0]
      [GC Worker Total (ms): Min: 14.3, Avg: 14.3, Max: 14.3, Diff: 0.0, Sum: 28.6]
      [GC Worker End (ms): Min: 47143048.4, Avg: 47143048.4, Max: 47143048.4, Diff: 0.0]
   [Code Root Fixup: 0.1 ms]
   [Code Root Purge: 0.0 ms]
   [Clear CT: 0.1 ms]
   [Other: 0.7 ms]
      [Choose CSet: 0.0 ms]
      [Ref Proc: 0.3 ms]
      [Ref Enq: 0.0 ms]
      [Redirty Cards: 0.1 ms]
      [Humongous Register: 0.0 ms]
      [Humongous Reclaim: 0.0 ms]
      [Free CSet: 0.0 ms]
   [Eden: 47.0M(47.0M)->0.0B(45.0M) Survivors: 4096.0K->6144.0K Heap: 256.8M(1024.0M)->211.8M(1024.0M)]
 [Times: user=0.03 sys=0.00, real=0.02 secs] 
2017-09-20T23:57:16.420+0900: 47245.588: [GC pause (G1 Evacuation Pause) (young), 0.0209331 secs]
   [Parallel Time: 19.0 ms, GC Workers: 2]
      [GC Worker Start (ms): Min: 47245588.3, Avg: 47245588.4, Max: 47245588.4, Diff: 0.1]
      [Ext Root Scanning (ms): Min: 1.7, Avg: 1.8, Max: 1.8, Diff: 0.1, Sum: 3.6]
      [Update RS (ms): Min: 1.5, Avg: 1.5, Max: 1.5, Diff: 0.0, Sum: 3.0]
         [Processed Buffers: Min: 8, Avg: 16.5, Max: 25, Diff: 17, Sum: 33]
      [Scan RS (ms): Min: 1.1, Avg: 1.1, Max: 1.2, Diff: 0.0, Sum: 2.3]
      [Code Root Scanning (ms): Min: 0.0, Avg: 0.0, Max: 0.0, Diff: 0.0, Sum: 0.0]
      [Object Copy (ms): Min: 8.5, Avg: 11.1, Max: 13.8, Diff: 5.3, Sum: 22.3]
      [Termination (ms): Min: 0.0, Avg: 2.8, Max: 5.7, Diff: 5.7, Sum: 5.7]
         [Termination Attempts: Min: 1, Avg: 1.0, Max: 1, Diff: 0, Sum: 2]
      [GC Worker Other (ms): Min: 0.0, Avg: 0.0, Max: 0.0, Diff: 0.0, Sum: 0.0]
      [GC Worker Total (ms): Min: 18.1, Avg: 18.4, Max: 18.7, Diff: 0.6, Sum: 36.8]
      [GC Worker End (ms): Min: 47245606.5, Avg: 47245606.8, Max: 47245607.0, Diff: 0.4]
   [Code Root Fixup: 0.1 ms]
   [Code Root Purge: 0.0 ms]
   [Clear CT: 0.2 ms]
   [Other: 1.7 ms]
      [Choose CSet: 0.0 ms]
      [Ref Proc: 0.6 ms]
      [Ref Enq: 0.0 ms]
      [Redirty Cards: 0.4 ms]
      [Humongous Register: 0.1 ms]
      [Humongous Reclaim: 0.0 ms]
      [Free CSet: 0.0 ms]
   [Eden: 45.0M(45.0M)->0.0B(48.0M) Survivors: 6144.0K->3072.0K Heap: 256.8M(1024.0M)->209.1M(1024.0M)]
 [Times: user=0.03 sys=0.00, real=0.03 secs] 
2017-09-20T23:59:06.358+0900: 47355.526: [GC pause (G1 Evacuation Pause) (young), 0.0295724 secs]
   [Parallel Time: 27.2 ms, GC Workers: 2]
      [GC Worker Start (ms): Min: 47355525.9, Avg: 47355526.0, Max: 47355526.1, Diff: 0.2]
      [Ext Root Scanning (ms): Min: 1.8, Avg: 1.8, Max: 1.9, Diff: 0.1, Sum: 3.7]
      [Update RS (ms): Min: 2.0, Avg: 2.1, Max: 2.3, Diff: 0.3, Sum: 4.2]
         [Processed Buffers: Min: 11, Avg: 16.5, Max: 22, Diff: 11, Sum: 33]
      [Scan RS (ms): Min: 1.5, Avg: 1.6, Max: 1.7, Diff: 0.1, Sum: 3.2]
      [Code Root Scanning (ms): Min: 0.0, Avg: 0.0, Max: 0.0, Diff: 0.0, Sum: 0.0]
      [Object Copy (ms): Min: 21.3, Avg: 21.3, Max: 21.4, Diff: 0.1, Sum: 42.7]
      [Termination (ms): Min: 0.0, Avg: 0.0, Max: 0.1, Diff: 0.1, Sum: 0.1]
         [Termination Attempts: Min: 1, Avg: 1.0, Max: 1, Diff: 0, Sum: 2]
      [GC Worker Other (ms): Min: 0.0, Avg: 0.0, Max: 0.0, Diff: 0.0, Sum: 0.0]
      [GC Worker Total (ms): Min: 26.9, Avg: 26.9, Max: 27.0, Diff: 0.2, Sum: 53.9]
      [GC Worker End (ms): Min: 47355552.9, Avg: 47355552.9, Max: 47355552.9, Diff: 0.0]
   [Code Root Fixup: 0.2 ms]
   [Code Root Purge: 0.0 ms]
   [Clear CT: 0.3 ms]
   [Other: 1.8 ms]
      [Choose CSet: 0.0 ms]
      [Ref Proc: 0.7 ms]
      [Ref Enq: 0.0 ms]
      [Redirty Cards: 0.6 ms]
      [Humongous Register: 0.1 ms]
      [Humongous Reclaim: 0.0 ms]
      [Free CSet: 0.1 ms]
   [Eden: 48.0M(48.0M)->0.0B(47.0M) Survivors: 3072.0K->4096.0K Heap: 257.1M(1024.0M)->210.1M(1024.0M)]
 [Times: user=0.05 sys=0.00, real=0.03 secs] 
2017-09-21T00:00:53.628+0900: 47462.795: [GC pause (G1 Evacuation Pause) (young), 0.0277040 secs]
   [Parallel Time: 26.5 ms, GC Workers: 2]
      [GC Worker Start (ms): Min: 47462795.5, Avg: 47462795.5, Max: 47462795.5, Diff: 0.1]
      [Ext Root Scanning (ms): Min: 1.1, Avg: 1.2, Max: 1.3, Diff: 0.2, Sum: 2.4]
      [Update RS (ms): Min: 1.2, Avg: 1.2, Max: 1.2, Diff: 0.0, Sum: 2.4]
         [Processed Buffers: Min: 5, Avg: 16.0, Max: 27, Diff: 22, Sum: 32]
      [Scan RS (ms): Min: 1.0, Avg: 1.0, Max: 1.0, Diff: 0.0, Sum: 2.0]
      [Code Root Scanning (ms): Min: 0.0, Avg: 0.0, Max: 0.0, Diff: 0.0, Sum: 0.0]
      [Object Copy (ms): Min: 21.2, Avg: 22.0, Max: 22.8, Diff: 1.5, Sum: 44.0]
      [Termination (ms): Min: 0.0, Avg: 0.9, Max: 1.8, Diff: 1.8, Sum: 1.8]
         [Termination Attempts: Min: 1, Avg: 1.0, Max: 1, Diff: 0, Sum: 2]
      [GC Worker Other (ms): Min: 0.0, Avg: 0.0, Max: 0.0, Diff: 0.0, Sum: 0.0]
      [GC Worker Total (ms): Min: 26.3, Avg: 26.4, Max: 26.4, Diff: 0.0, Sum: 52.7]
      [GC Worker End (ms): Min: 47462821.8, Avg: 47462821.8, Max: 47462821.9, Diff: 0.1]
   [Code Root Fixup: 0.1 ms]
   [Code Root Purge: 0.0 ms]
   [Clear CT: 0.2 ms]
   [Other: 0.9 ms]
      [Choose CSet: 0.0 ms]
      [Ref Proc: 0.4 ms]
      [Ref Enq: 0.0 ms]
      [Redirty Cards: 0.2 ms]
      [Humongous Register: 0.0 ms]
      [Humongous Reclaim: 0.0 ms]
      [Free CSet: 0.1 ms]
   [Eden: 47.0M(47.0M)->0.0B(45.0M) Survivors: 4096.0K->6144.0K Heap: 257.1M(1024.0M)->212.1M(1024.0M)]
 [Times: user=0.05 sys=0.00, real=0.03 secs] 
2017-09-21T00:02:35.881+0900: 47565.049: [GC pause (G1 Evacuation Pause) (young), 0.0334152 secs]
   [Parallel Time: 32.5 ms, GC Workers: 2]
      [GC Worker Start (ms): Min: 47565048.8, Avg: 47565048.9, Max: 47565048.9, Diff: 0.1]
      [Ext Root Scanning (ms): Min: 1.5, Avg: 1.5, Max: 1.6, Diff: 0.1, Sum: 3.1]
      [Update RS (ms): Min: 1.8, Avg: 1.9, Max: 2.0, Diff: 0.2, Sum: 3.8]
         [Processed Buffers: Min: 13, Avg: 16.5, Max: 20, Diff: 7, Sum: 33]
      [Scan RS (ms): Min: 1.1, Avg: 1.2, Max: 1.4, Diff: 0.3, Sum: 2.5]
      [Code Root Scanning (ms): Min: 0.0, Avg: 0.0, Max: 0.0, Diff: 0.0, Sum: 0.0]
      [Object Copy (ms): Min: 27.6, Avg: 27.7, Max: 27.7, Diff: 0.2, Sum: 55.3]
      [Termination (ms): Min: 0.0, Avg: 0.0, Max: 0.1, Diff: 0.0, Sum: 0.1]
         [Termination Attempts: Min: 5, Avg: 6.0, Max: 7, Diff: 2, Sum: 12]
      [GC Worker Other (ms): Min: 0.0, Avg: 0.0, Max: 0.0, Diff: 0.0, Sum: 0.0]
      [GC Worker Total (ms): Min: 32.4, Avg: 32.4, Max: 32.5, Diff: 0.1, Sum: 64.9]
      [GC Worker End (ms): Min: 47565081.3, Avg: 47565081.3, Max: 47565081.3, Diff: 0.0]
   [Code Root Fixup: 0.1 ms]
   [Code Root Purge: 0.0 ms]
   [Clear CT: 0.1 ms]
   [Other: 0.7 ms]
      [Choose CSet: 0.0 ms]
      [Ref Proc: 0.3 ms]
      [Ref Enq: 0.0 ms]
      [Redirty Cards: 0.1 ms]
      [Humongous Register: 0.0 ms]
      [Humongous Reclaim: 0.0 ms]
      [Free CSet: 0.0 ms]
   [Eden: 45.0M(45.0M)->0.0B(46.0M) Survivors: 6144.0K->5120.0K Heap: 257.1M(1024.0M)->214.0M(1024.0M)]
 [Times: user=0.07 sys=0.00, real=0.03 secs] 
2017-09-21T00:04:21.086+0900: 47670.254: [GC pause (G1 Evacuation Pause) (young), 0.0287357 secs]
   [Parallel Time: 27.2 ms, GC Workers: 2]
      [GC Worker Start (ms): Min: 47670253.9, Avg: 47670254.0, Max: 47670254.1, Diff: 0.2]
      [Ext Root Scanning (ms): Min: 2.2, Avg: 2.3, Max: 2.3, Diff: 0.1, Sum: 4.5]
      [Update RS (ms): Min: 3.4, Avg: 3.7, Max: 4.0, Diff: 0.6, Sum: 7.4]
         [Processed Buffers: Min: 17, Avg: 17.5, Max: 18, Diff: 1, Sum: 35]
      [Scan RS (ms): Min: 1.6, Avg: 1.7, Max: 1.7, Diff: 0.1, Sum: 3.4]
      [Code Root Scanning (ms): Min: 0.0, Avg: 0.0, Max: 0.0, Diff: 0.0, Sum: 0.0]
      [Object Copy (ms): Min: 19.2, Avg: 19.4, Max: 19.6, Diff: 0.4, Sum: 38.8]
      [Termination (ms): Min: 0.0, Avg: 0.0, Max: 0.0, Diff: 0.0, Sum: 0.0]
         [Termination Attempts: Min: 1, Avg: 1.0, Max: 1, Diff: 0, Sum: 2]
      [GC Worker Other (ms): Min: 0.0, Avg: 0.0, Max: 0.0, Diff: 0.0, Sum: 0.0]
      [GC Worker Total (ms): Min: 27.0, Avg: 27.1, Max: 27.1, Diff: 0.2, Sum: 54.1]
      [GC Worker End (ms): Min: 47670281.1, Avg: 47670281.1, Max: 47670281.1, Diff: 0.0]
   [Code Root Fixup: 0.1 ms]
   [Code Root Purge: 0.0 ms]
   [Clear CT: 0.2 ms]
   [Other: 1.2 ms]
      [Choose CSet: 0.0 ms]
      [Ref Proc: 0.4 ms]
      [Ref Enq: 0.0 ms]
      [Redirty Cards: 0.4 ms]
      [Humongous Register: 0.1 ms]
      [Humongous Reclaim: 0.0 ms]
      [Free CSet: 0.1 ms]
   [Eden: 46.0M(46.0M)->0.0B(44.0M) Survivors: 5120.0K->7168.0K Heap: 260.0M(1024.0M)->216.0M(1024.0M)]
 [Times: user=0.05 sys=0.00, real=0.03 secs] 
2017-09-21T00:06:00.397+0900: 47769.565: [GC pause (G1 Evacuation Pause) (young), 0.0232384 secs]
   [Parallel Time: 21.5 ms, GC Workers: 2]
      [GC Worker Start (ms): Min: 47769564.8, Avg: 47769564.8, Max: 47769564.9, Diff: 0.1]
      [Ext Root Scanning (ms): Min: 1.6, Avg: 1.7, Max: 1.8, Diff: 0.2, Sum: 3.4]
      [Update RS (ms): Min: 2.4, Avg: 2.6, Max: 2.8, Diff: 0.4, Sum: 5.2]
         [Processed Buffers: Min: 12, Avg: 17.0, Max: 22, Diff: 10, Sum: 34]
      [Scan RS (ms): Min: 2.6, Avg: 2.8, Max: 3.0, Diff: 0.4, Sum: 5.6]
      [Code Root Scanning (ms): Min: 0.0, Avg: 0.0, Max: 0.0, Diff: 0.0, Sum: 0.0]
      [Object Copy (ms): Min: 14.2, Avg: 14.2, Max: 14.3, Diff: 0.1, Sum: 28.5]
      [Termination (ms): Min: 0.0, Avg: 0.0, Max: 0.0, Diff: 0.0, Sum: 0.0]
         [Termination Attempts: Min: 1, Avg: 1.0, Max: 1, Diff: 0, Sum: 2]
      [GC Worker Other (ms): Min: 0.0, Avg: 0.0, Max: 0.0, Diff: 0.0, Sum: 0.1]
      [GC Worker Total (ms): Min: 21.3, Avg: 21.4, Max: 21.4, Diff: 0.1, Sum: 42.7]
      [GC Worker End (ms): Min: 47769586.2, Avg: 47769586.2, Max: 47769586.2, Diff: 0.0]
   [Code Root Fixup: 0.2 ms]
   [Code Root Purge: 0.0 ms]
   [Clear CT: 0.2 ms]
   [Other: 1.4 ms]
      [Choose CSet: 0.0 ms]
      [Ref Proc: 0.7 ms]
      [Ref Enq: 0.0 ms]
      [Redirty Cards: 0.2 ms]
      [Humongous Register: 0.1 ms]
      [Humongous Reclaim: 0.0 ms]
      [Free CSet: 0.0 ms]
   [Eden: 44.0M(44.0M)->0.0B(48.0M) Survivors: 7168.0K->3072.0K Heap: 260.0M(1024.0M)->212.5M(1024.0M)]
 [Times: user=0.05 sys=0.00, real=0.02 secs] 
2017-09-21T00:07:50.167+0900: 47879.335: [GC pause (G1 Evacuation Pause) (young), 0.0263979 secs]
   [Parallel Time: 25.1 ms, GC Workers: 2]
      [GC Worker Start (ms): Min: 47879335.0, Avg: 47879335.0, Max: 47879335.1, Diff: 0.1]
      [Ext Root Scanning (ms): Min: 1.8, Avg: 1.9, Max: 1.9, Diff: 0.2, Sum: 3.7]
      [Update RS (ms): Min: 2.4, Avg: 2.6, Max: 2.7, Diff: 0.3, Sum: 5.2]
         [Processed Buffers: Min: 11, Avg: 16.0, Max: 21, Diff: 10, Sum: 32]
      [Scan RS (ms): Min: 2.4, Avg: 2.5, Max: 2.7, Diff: 0.3, Sum: 5.1]
      [Code Root Scanning (ms): Min: 0.0, Avg: 0.0, Max: 0.0, Diff: 0.0, Sum: 0.0]
      [Object Copy (ms): Min: 17.7, Avg: 17.7, Max: 17.7, Diff: 0.0, Sum: 35.4]
      [Termination (ms): Min: 0.0, Avg: 0.0, Max: 0.0, Diff: 0.0, Sum: 0.0]
         [Termination Attempts: Min: 1, Avg: 1.0, Max: 1, Diff: 0, Sum: 2]
      [GC Worker Other (ms): Min: 0.0, Avg: 0.0, Max: 0.0, Diff: 0.0, Sum: 0.0]
      [GC Worker Total (ms): Min: 24.6, Avg: 24.7, Max: 24.8, Diff: 0.1, Sum: 49.4]
      [GC Worker End (ms): Min: 47879359.7, Avg: 47879359.7, Max: 47879359.7, Diff: 0.0]
   [Code Root Fixup: 0.1 ms]
   [Code Root Purge: 0.0 ms]
   [Clear CT: 0.2 ms]
   [Other: 1.0 ms]
      [Choose CSet: 0.0 ms]
      [Ref Proc: 0.4 ms]
      [Ref Enq: 0.0 ms]
      [Redirty Cards: 0.2 ms]
      [Humongous Register: 0.1 ms]
      [Humongous Reclaim: 0.0 ms]
      [Free CSet: 0.0 ms]
   [Eden: 48.0M(48.0M)->0.0B(46.0M) Survivors: 3072.0K->5120.0K Heap: 260.5M(1024.0M)->214.5M(1024.0M)]
 [Times: user=0.05 sys=0.00, real=0.03 secs] 
2017-09-21T00:09:35.567+0900: 47984.735: [GC pause (G1 Evacuation Pause) (young), 0.0370251 secs]
   [Parallel Time: 34.3 ms, GC Workers: 2]
      [GC Worker Start (ms): Min: 47984734.9, Avg: 47984735.0, Max: 47984735.1, Diff: 0.2]
      [Ext Root Scanning (ms): Min: 1.8, Avg: 1.9, Max: 2.0, Diff: 0.2, Sum: 3.8]
      [Update RS (ms): Min: 1.5, Avg: 1.7, Max: 1.9, Diff: 0.4, Sum: 3.4]
         [Processed Buffers: Min: 13, Avg: 15.5, Max: 18, Diff: 5, Sum: 31]
      [Scan RS (ms): Min: 2.8, Avg: 3.0, Max: 3.2, Diff: 0.4, Sum: 6.1]
      [Code Root Scanning (ms): Min: 0.0, Avg: 0.0, Max: 0.0, Diff: 0.0, Sum: 0.0]
      [Object Copy (ms): Min: 26.9, Avg: 26.9, Max: 27.0, Diff: 0.1, Sum: 53.9]
      [Termination (ms): Min: 0.0, Avg: 0.2, Max: 0.3, Diff: 0.3, Sum: 0.3]
         [Termination Attempts: Min: 1, Avg: 2.0, Max: 3, Diff: 2, Sum: 4]
      [GC Worker Other (ms): Min: 0.0, Avg: 0.0, Max: 0.0, Diff: 0.0, Sum: 0.1]
      [GC Worker Total (ms): Min: 33.6, Avg: 33.7, Max: 33.9, Diff: 0.4, Sum: 67.5]
      [GC Worker End (ms): Min: 47984768.7, Avg: 47984768.7, Max: 47984768.8, Diff: 0.2]
   [Code Root Fixup: 0.2 ms]
   [Code Root Purge: 0.0 ms]
   [Clear CT: 0.4 ms]
   [Other: 2.2 ms]
      [Choose CSet: 0.0 ms]
      [Ref Proc: 1.1 ms]
      [Ref Enq: 0.0 ms]
      [Redirty Cards: 0.6 ms]
      [Humongous Register: 0.1 ms]
      [Humongous Reclaim: 0.0 ms]
      [Free CSet: 0.1 ms]
   [Eden: 46.0M(46.0M)->0.0B(45.0M) Survivors: 5120.0K->6144.0K Heap: 260.5M(1024.0M)->215.5M(1024.0M)]
 [Times: user=0.07 sys=0.00, real=0.04 secs] 
2017-09-21T00:11:17.771+0900: 48086.939: [GC pause (G1 Evacuation Pause) (young), 0.0244013 secs]
   [Parallel Time: 23.7 ms, GC Workers: 2]
      [GC Worker Start (ms): Min: 48086938.7, Avg: 48086938.8, Max: 48086938.8, Diff: 0.1]
      [Ext Root Scanning (ms): Min: 1.5, Avg: 1.6, Max: 1.7, Diff: 0.1, Sum: 3.2]
      [Update RS (ms): Min: 2.5, Avg: 2.6, Max: 2.7, Diff: 0.2, Sum: 5.1]
         [Processed Buffers: Min: 6, Avg: 17.0, Max: 28, Diff: 22, Sum: 34]
      [Scan RS (ms): Min: 1.0, Avg: 1.1, Max: 1.2, Diff: 0.2, Sum: 2.2]
      [Code Root Scanning (ms): Min: 0.0, Avg: 0.0, Max: 0.0, Diff: 0.0, Sum: 0.0]
      [Object Copy (ms): Min: 18.4, Avg: 18.4, Max: 18.4, Diff: 0.0, Sum: 36.8]
      [Termination (ms): Min: 0.0, Avg: 0.0, Max: 0.0, Diff: 0.0, Sum: 0.0]
         [Termination Attempts: Min: 1, Avg: 1.0, Max: 1, Diff: 0, Sum: 2]
      [GC Worker Other (ms): Min: 0.0, Avg: 0.0, Max: 0.0, Diff: 0.0, Sum: 0.0]
      [GC Worker Total (ms): Min: 23.6, Avg: 23.7, Max: 23.7, Diff: 0.1, Sum: 47.3]
      [GC Worker End (ms): Min: 48086962.4, Avg: 48086962.4, Max: 48086962.4, Diff: 0.0]
   [Code Root Fixup: 0.1 ms]
   [Code Root Purge: 0.0 ms]
   [Clear CT: 0.0 ms]
   [Other: 0.6 ms]
      [Choose CSet: 0.0 ms]
      [Ref Proc: 0.2 ms]
      [Ref Enq: 0.0 ms]
      [Redirty Cards: 0.0 ms]
      [Humongous Register: 0.0 ms]
      [Humongous Reclaim: 0.0 ms]
      [Free CSet: 0.0 ms]
   [Eden: 45.0M(45.0M)->0.0B(46.0M) Survivors: 6144.0K->5120.0K Heap: 260.5M(1024.0M)->217.7M(1024.0M)]
 [Times: user=0.05 sys=0.00, real=0.03 secs] 
2017-09-21T00:13:02.485+0900: 48191.653: [GC pause (G1 Evacuation Pause) (young), 0.0400798 secs]
   [Parallel Time: 38.7 ms, GC Workers: 2]
      [GC Worker Start (ms): Min: 48191652.8, Avg: 48191652.8, Max: 48191652.9, Diff: 0.1]
      [Ext Root Scanning (ms): Min: 1.9, Avg: 2.0, Max: 2.0, Diff: 0.1, Sum: 3.9]
      [Update RS (ms): Min: 3.0, Avg: 3.0, Max: 3.0, Diff: 0.1, Sum: 6.0]
         [Processed Buffers: Min: 12, Avg: 18.0, Max: 24, Diff: 12, Sum: 36]
      [Scan RS (ms): Min: 3.9, Avg: 3.9, Max: 3.9, Diff: 0.0, Sum: 7.9]
      [Code Root Scanning (ms): Min: 0.0, Avg: 0.0, Max: 0.0, Diff: 0.0, Sum: 0.0]
      [Object Copy (ms): Min: 29.7, Avg: 29.7, Max: 29.8, Diff: 0.1, Sum: 59.5]
      [Termination (ms): Min: 0.0, Avg: 0.0, Max: 0.0, Diff: 0.0, Sum: 0.0]
         [Termination Attempts: Min: 1, Avg: 1.0, Max: 1, Diff: 0, Sum: 2]
      [GC Worker Other (ms): Min: 0.0, Avg: 0.0, Max: 0.0, Diff: 0.0, Sum: 0.0]
      [GC Worker Total (ms): Min: 38.6, Avg: 38.7, Max: 38.7, Diff: 0.1, Sum: 77.4]
      [GC Worker End (ms): Min: 48191691.5, Avg: 48191691.5, Max: 48191691.5, Diff: 0.0]
   [Code Root Fixup: 0.1 ms]
   [Code Root Purge: 0.0 ms]
   [Clear CT: 0.1 ms]
   [Other: 1.1 ms]
      [Choose CSet: 0.0 ms]
      [Ref Proc: 0.4 ms]
      [Ref Enq: 0.0 ms]
      [Redirty Cards: 0.2 ms]
      [Humongous Register: 0.1 ms]
      [Humongous Reclaim: 0.0 ms]
      [Free CSet: 0.1 ms]
   [Eden: 46.0M(46.0M)->0.0B(45.0M) Survivors: 5120.0K->6144.0K Heap: 263.7M(1024.0M)->219.2M(1024.0M)]
 [Times: user=0.07 sys=0.00, real=0.04 secs] 
2017-09-21T00:14:44.926+0900: 48294.093: [GC pause (G1 Evacuation Pause) (young), 0.0222493 secs]
   [Parallel Time: 19.8 ms, GC Workers: 2]
      [GC Worker Start (ms): Min: 48294093.7, Avg: 48294093.8, Max: 48294093.8, Diff: 0.1]
      [Ext Root Scanning (ms): Min: 1.5, Avg: 1.6, Max: 1.7, Diff: 0.2, Sum: 3.2]
      [Update RS (ms): Min: 1.9, Avg: 2.3, Max: 2.6, Diff: 0.7, Sum: 4.6]
         [Processed Buffers: Min: 5, Avg: 15.0, Max: 25, Diff: 20, Sum: 30]
      [Scan RS (ms): Min: 2.3, Avg: 2.5, Max: 2.8, Diff: 0.5, Sum: 5.1]
      [Code Root Scanning (ms): Min: 0.0, Avg: 0.0, Max: 0.0, Diff: 0.0, Sum: 0.0]
      [Object Copy (ms): Min: 13.2, Avg: 13.3, Max: 13.3, Diff: 0.0, Sum: 26.5]
      [Termination (ms): Min: 0.0, Avg: 0.0, Max: 0.0, Diff: 0.0, Sum: 0.0]
         [Termination Attempts: Min: 1, Avg: 1.0, Max: 1, Diff: 0, Sum: 2]
      [GC Worker Other (ms): Min: 0.0, Avg: 0.0, Max: 0.0, Diff: 0.0, Sum: 0.0]
      [GC Worker Total (ms): Min: 19.7, Avg: 19.7, Max: 19.8, Diff: 0.1, Sum: 39.5]
      [GC Worker End (ms): Min: 48294113.5, Avg: 48294113.5, Max: 48294113.5, Diff: 0.0]
   [Code Root Fixup: 0.1 ms]
   [Code Root Purge: 0.0 ms]
   [Clear CT: 0.3 ms]
   [Other: 2.0 ms]
      [Choose CSet: 0.0 ms]
      [Ref Proc: 0.8 ms]
      [Ref Enq: 0.0 ms]
      [Redirty Cards: 0.5 ms]
      [Humongous Register: 0.1 ms]
      [Humongous Reclaim: 0.0 ms]
      [Free CSet: 0.1 ms]
   [Eden: 45.0M(45.0M)->0.0B(48.0M) Survivors: 6144.0K->3072.0K Heap: 264.2M(1024.0M)->216.3M(1024.0M)]
 [Times: user=0.04 sys=0.00, real=0.02 secs] 
2017-09-21T00:16:34.328+0900: 48403.496: [GC pause (G1 Evacuation Pause) (young), 0.0271757 secs]
   [Parallel Time: 25.6 ms, GC Workers: 2]
      [GC Worker Start (ms): Min: 48403495.8, Avg: 48403495.9, Max: 48403495.9, Diff: 0.1]
      [Ext Root Scanning (ms): Min: 1.9, Avg: 1.9, Max: 1.9, Diff: 0.0, Sum: 3.8]
      [Update RS (ms): Min: 2.2, Avg: 2.2, Max: 2.2, Diff: 0.0, Sum: 4.4]
         [Processed Buffers: Min: 13, Avg: 16.0, Max: 19, Diff: 6, Sum: 32]
      [Scan RS (ms): Min: 3.9, Avg: 3.9, Max: 4.0, Diff: 0.0, Sum: 7.9]
      [Code Root Scanning (ms): Min: 0.0, Avg: 0.0, Max: 0.0, Diff: 0.0, Sum: 0.0]
      [Object Copy (ms): Min: 17.4, Avg: 17.4, Max: 17.5, Diff: 0.1, Sum: 34.9]
      [Termination (ms): Min: 0.0, Avg: 0.0, Max: 0.0, Diff: 0.0, Sum: 0.0]
         [Termination Attempts: Min: 1, Avg: 2.0, Max: 3, Diff: 2, Sum: 4]
      [GC Worker Other (ms): Min: 0.0, Avg: 0.0, Max: 0.0, Diff: 0.0, Sum: 0.0]
      [GC Worker Total (ms): Min: 25.5, Avg: 25.5, Max: 25.5, Diff: 0.1, Sum: 51.0]
      [GC Worker End (ms): Min: 48403521.4, Avg: 48403521.4, Max: 48403521.4, Diff: 0.0]
   [Code Root Fixup: 0.1 ms]
   [Code Root Purge: 0.0 ms]
   [Clear CT: 0.2 ms]
   [Other: 1.3 ms]
      [Choose CSet: 0.0 ms]
      [Ref Proc: 0.4 ms]
      [Ref Enq: 0.0 ms]
      [Redirty Cards: 0.3 ms]
      [Humongous Register: 0.1 ms]
      [Humongous Reclaim: 0.0 ms]
      [Free CSet: 0.1 ms]
   [Eden: 48.0M(48.0M)->0.0B(46.0M) Survivors: 3072.0K->5120.0K Heap: 264.3M(1024.0M)->218.3M(1024.0M)]
 [Times: user=0.05 sys=0.00, real=0.03 secs] 
2017-09-21T00:18:19.694+0900: 48508.862: [GC pause (G1 Evacuation Pause) (young), 0.0227386 secs]
   [Parallel Time: 21.8 ms, GC Workers: 2]
      [GC Worker Start (ms): Min: 48508861.8, Avg: 48508861.9, Max: 48508861.9, Diff: 0.1]
      [Ext Root Scanning (ms): Min: 1.5, Avg: 1.6, Max: 1.6, Diff: 0.1, Sum: 3.1]
      [Update RS (ms): Min: 2.4, Avg: 2.6, Max: 2.8, Diff: 0.4, Sum: 5.3]
         [Processed Buffers: Min: 8, Avg: 15.5, Max: 23, Diff: 15, Sum: 31]
      [Scan RS (ms): Min: 1.8, Avg: 2.0, Max: 2.2, Diff: 0.4, Sum: 3.9]
      [Code Root Scanning (ms): Min: 0.0, Avg: 0.0, Max: 0.0, Diff: 0.0, Sum: 0.0]
      [Object Copy (ms): Min: 15.4, Avg: 15.4, Max: 15.4, Diff: 0.1, Sum: 30.8]
      [Termination (ms): Min: 0.0, Avg: 0.0, Max: 0.0, Diff: 0.0, Sum: 0.0]
         [Termination Attempts: Min: 1, Avg: 1.0, Max: 1, Diff: 0, Sum: 2]
      [GC Worker Other (ms): Min: 0.0, Avg: 0.0, Max: 0.0, Diff: 0.0, Sum: 0.0]
      [GC Worker Total (ms): Min: 21.6, Avg: 21.6, Max: 21.6, Diff: 0.1, Sum: 43.2]
      [GC Worker End (ms): Min: 48508883.4, Avg: 48508883.4, Max: 48508883.4, Diff: 0.0]
   [Code Root Fixup: 0.1 ms]
   [Code Root Purge: 0.0 ms]
   [Clear CT: 0.1 ms]
   [Other: 0.8 ms]
      [Choose CSet: 0.0 ms]
      [Ref Proc: 0.2 ms]
      [Ref Enq: 0.0 ms]
      [Redirty Cards: 0.2 ms]
      [Humongous Register: 0.1 ms]
      [Humongous Reclaim: 0.0 ms]
      [Free CSet: 0.0 ms]
   [Eden: 46.0M(46.0M)->0.0B(45.0M) Survivors: 5120.0K->6144.0K Heap: 264.3M(1024.0M)->219.8M(1024.0M)]
 [Times: user=0.04 sys=0.00, real=0.02 secs] 
2017-09-21T00:20:02.275+0900: 48611.442: [GC pause (G1 Evacuation Pause) (young), 0.0302368 secs]
   [Parallel Time: 28.9 ms, GC Workers: 2]
      [GC Worker Start (ms): Min: 48611442.7, Avg: 48611442.8, Max: 48611442.8, Diff: 0.2]
      [Ext Root Scanning (ms): Min: 2.1, Avg: 2.2, Max: 2.3, Diff: 0.2, Sum: 4.4]
      [Update RS (ms): Min: 3.3, Avg: 3.3, Max: 3.4, Diff: 0.0, Sum: 6.7]
         [Processed Buffers: Min: 15, Avg: 16.0, Max: 17, Diff: 2, Sum: 32]
      [Scan RS (ms): Min: 0.8, Avg: 0.9, Max: 1.0, Diff: 0.1, Sum: 1.8]
      [Code Root Scanning (ms): Min: 0.0, Avg: 0.0, Max: 0.0, Diff: 0.0, Sum: 0.0]
      [Object Copy (ms): Min: 22.2, Avg: 22.2, Max: 22.2, Diff: 0.1, Sum: 44.4]
      [Termination (ms): Min: 0.0, Avg: 0.0, Max: 0.0, Diff: 0.0, Sum: 0.0]
         [Termination Attempts: Min: 1, Avg: 1.0, Max: 1, Diff: 0, Sum: 2]
      [GC Worker Other (ms): Min: 0.0, Avg: 0.0, Max: 0.0, Diff: 0.0, Sum: 0.0]
      [GC Worker Total (ms): Min: 28.6, Avg: 28.7, Max: 28.7, Diff: 0.2, Sum: 57.3]
      [GC Worker End (ms): Min: 48611471.4, Avg: 48611471.4, Max: 48611471.4, Diff: 0.0]
   [Code Root Fixup: 0.1 ms]
   [Code Root Purge: 0.0 ms]
   [Clear CT: 0.2 ms]
   [Other: 1.0 ms]
      [Choose CSet: 0.0 ms]
      [Ref Proc: 0.4 ms]
      [Ref Enq: 0.0 ms]
      [Redirty Cards: 0.1 ms]
      [Humongous Register: 0.1 ms]
      [Humongous Reclaim: 0.0 ms]
      [Free CSet: 0.0 ms]
   [Eden: 45.0M(45.0M)->0.0B(47.0M) Survivors: 6144.0K->4096.0K Heap: 264.8M(1024.0M)->221.3M(1024.0M)]
 [Times: user=0.06 sys=0.00, real=0.03 secs] 
2017-09-21T00:21:49.036+0900: 48718.204: [GC pause (G1 Evacuation Pause) (young), 0.0156294 secs]
   [Parallel Time: 14.6 ms, GC Workers: 2]
      [GC Worker Start (ms): Min: 48718203.7, Avg: 48718203.8, Max: 48718203.8, Diff: 0.1]
      [Ext Root Scanning (ms): Min: 0.9, Avg: 0.9, Max: 1.0, Diff: 0.1, Sum: 1.8]
      [Update RS (ms): Min: 1.1, Avg: 1.1, Max: 1.1, Diff: 0.0, Sum: 2.2]
         [Processed Buffers: Min: 14, Avg: 17.0, Max: 20, Diff: 6, Sum: 34]
      [Scan RS (ms): Min: 1.3, Avg: 1.3, Max: 1.3, Diff: 0.0, Sum: 2.7]
      [Code Root Scanning (ms): Min: 0.0, Avg: 0.0, Max: 0.0, Diff: 0.0, Sum: 0.0]
      [Object Copy (ms): Min: 11.1, Avg: 11.2, Max: 11.2, Diff: 0.0, Sum: 22.3]
      [Termination (ms): Min: 0.0, Avg: 0.0, Max: 0.0, Diff: 0.0, Sum: 0.0]
         [Termination Attempts: Min: 1, Avg: 1.0, Max: 1, Diff: 0, Sum: 2]
      [GC Worker Other (ms): Min: 0.0, Avg: 0.0, Max: 0.0, Diff: 0.0, Sum: 0.0]
      [GC Worker Total (ms): Min: 14.5, Avg: 14.5, Max: 14.5, Diff: 0.1, Sum: 29.0]
      [GC Worker End (ms): Min: 48718218.3, Avg: 48718218.3, Max: 48718218.3, Diff: 0.0]
   [Code Root Fixup: 0.1 ms]
   [Code Root Purge: 0.0 ms]
   [Clear CT: 0.1 ms]
   [Other: 0.9 ms]
      [Choose CSet: 0.0 ms]
      [Ref Proc: 0.3 ms]
      [Ref Enq: 0.0 ms]
      [Redirty Cards: 0.2 ms]
      [Humongous Register: 0.0 ms]
      [Humongous Reclaim: 0.0 ms]
      [Free CSet: 0.1 ms]
   [Eden: 47.0M(47.0M)->0.0B(44.0M) Survivors: 4096.0K->7168.0K Heap: 268.3M(1024.0M)->223.8M(1024.0M)]
 [Times: user=0.03 sys=0.00, real=0.01 secs] 
2017-09-21T00:23:30.168+0900: 48819.336: [GC pause (G1 Evacuation Pause) (young), 0.0258064 secs]
   [Parallel Time: 23.4 ms, GC Workers: 2]
      [GC Worker Start (ms): Min: 48819335.8, Avg: 48819335.8, Max: 48819335.9, Diff: 0.2]
      [Ext Root Scanning (ms): Min: 1.7, Avg: 1.8, Max: 1.9, Diff: 0.2, Sum: 3.6]
      [Update RS (ms): Min: 2.4, Avg: 2.5, Max: 2.6, Diff: 0.2, Sum: 5.1]
         [Processed Buffers: Min: 9, Avg: 16.5, Max: 24, Diff: 15, Sum: 33]
      [Scan RS (ms): Min: 1.9, Avg: 2.0, Max: 2.0, Diff: 0.2, Sum: 3.9]
      [Code Root Scanning (ms): Min: 0.0, Avg: 0.0, Max: 0.0, Diff: 0.0, Sum: 0.0]
      [Object Copy (ms): Min: 16.9, Avg: 16.9, Max: 16.9, Diff: 0.0, Sum: 33.8]
      [Termination (ms): Min: 0.0, Avg: 0.0, Max: 0.0, Diff: 0.0, Sum: 0.0]
         [Termination Attempts: Min: 1, Avg: 2.0, Max: 3, Diff: 2, Sum: 4]
      [GC Worker Other (ms): Min: 0.0, Avg: 0.0, Max: 0.0, Diff: 0.0, Sum: 0.0]
      [GC Worker Total (ms): Min: 23.2, Avg: 23.3, Max: 23.3, Diff: 0.2, Sum: 46.5]
      [GC Worker End (ms): Min: 48819359.1, Avg: 48819359.1, Max: 48819359.1, Diff: 0.0]
   [Code Root Fixup: 0.2 ms]
   [Code Root Purge: 0.0 ms]
   [Clear CT: 0.4 ms]
   [Other: 1.8 ms]
      [Choose CSet: 0.0 ms]
      [Ref Proc: 0.6 ms]
      [Ref Enq: 0.0 ms]
      [Redirty Cards: 0.6 ms]
      [Humongous Register: 0.1 ms]
      [Humongous Reclaim: 0.0 ms]
      [Free CSet: 0.1 ms]
   [Eden: 44.0M(44.0M)->0.0B(48.0M) Survivors: 7168.0K->3072.0K Heap: 267.8M(1024.0M)->220.9M(1024.0M)]
 [Times: user=0.04 sys=0.00, real=0.03 secs] 
2017-09-21T00:25:20.166+0900: 48929.333: [GC pause (G1 Evacuation Pause) (young), 0.0382051 secs]
   [Parallel Time: 36.0 ms, GC Workers: 2]
      [GC Worker Start (ms): Min: 48929333.5, Avg: 48929333.5, Max: 48929333.5, Diff: 0.1]
      [Ext Root Scanning (ms): Min: 1.8, Avg: 1.8, Max: 1.9, Diff: 0.2, Sum: 3.7]
      [Update RS (ms): Min: 2.9, Avg: 3.4, Max: 3.8, Diff: 0.8, Sum: 6.7]
         [Processed Buffers: Min: 13, Avg: 16.0, Max: 19, Diff: 6, Sum: 32]
      [Scan RS (ms): Min: 3.0, Avg: 3.4, Max: 3.9, Diff: 0.9, Sum: 6.8]
      [Code Root Scanning (ms): Min: 0.0, Avg: 0.0, Max: 0.0, Diff: 0.0, Sum: 0.0]
      [Object Copy (ms): Min: 26.4, Avg: 26.6, Max: 26.8, Diff: 0.4, Sum: 53.2]
      [Termination (ms): Min: 0.0, Avg: 0.3, Max: 0.5, Diff: 0.5, Sum: 0.5]
         [Termination Attempts: Min: 1, Avg: 1.5, Max: 2, Diff: 1, Sum: 3]
      [GC Worker Other (ms): Min: 0.0, Avg: 0.0, Max: 0.0, Diff: 0.0, Sum: 0.1]
      [GC Worker Total (ms): Min: 35.4, Avg: 35.5, Max: 35.7, Diff: 0.3, Sum: 71.0]
      [GC Worker End (ms): Min: 48929368.9, Avg: 48929369.0, Max: 48929369.1, Diff: 0.3]
   [Code Root Fixup: 0.1 ms]
   [Code Root Purge: 0.0 ms]
   [Clear CT: 0.2 ms]
   [Other: 1.9 ms]
      [Choose CSet: 0.0 ms]
      [Ref Proc: 0.9 ms]
      [Ref Enq: 0.0 ms]
      [Redirty Cards: 0.4 ms]
      [Humongous Register: 0.1 ms]
      [Humongous Reclaim: 0.0 ms]
      [Free CSet: 0.1 ms]
   [Eden: 48.0M(48.0M)->0.0B(46.0M) Survivors: 3072.0K->5120.0K Heap: 268.9M(1024.0M)->222.4M(1024.0M)]
 [Times: user=0.07 sys=0.00, real=0.04 secs] 
2017-09-21T00:27:04.003+0900: 49033.171: [GC pause (G1 Evacuation Pause) (young), 0.0341693 secs]
   [Parallel Time: 32.4 ms, GC Workers: 2]
      [GC Worker Start (ms): Min: 49033170.9, Avg: 49033170.9, Max: 49033171.0, Diff: 0.2]
      [Ext Root Scanning (ms): Min: 2.1, Avg: 2.2, Max: 2.3, Diff: 0.2, Sum: 4.4]
      [Update RS (ms): Min: 2.7, Avg: 2.7, Max: 2.7, Diff: 0.0, Sum: 5.4]
         [Processed Buffers: Min: 14, Avg: 16.0, Max: 18, Diff: 4, Sum: 32]
      [Scan RS (ms): Min: 3.1, Avg: 3.1, Max: 3.1, Diff: 0.1, Sum: 6.2]
      [Code Root Scanning (ms): Min: 0.0, Avg: 0.0, Max: 0.1, Diff: 0.1, Sum: 0.1]
      [Object Copy (ms): Min: 23.9, Avg: 23.9, Max: 23.9, Diff: 0.1, Sum: 47.8]
      [Termination (ms): Min: 0.0, Avg: 0.1, Max: 0.1, Diff: 0.0, Sum: 0.1]
         [Termination Attempts: Min: 3, Avg: 4.0, Max: 5, Diff: 2, Sum: 8]
      [GC Worker Other (ms): Min: 0.0, Avg: 0.0, Max: 0.0, Diff: 0.0, Sum: 0.0]
      [GC Worker Total (ms): Min: 31.9, Avg: 32.0, Max: 32.1, Diff: 0.1, Sum: 64.0]
      [GC Worker End (ms): Min: 49033203.0, Avg: 49033203.0, Max: 49033203.0, Diff: 0.0]
   [Code Root Fixup: 0.1 ms]
   [Code Root Purge: 0.0 ms]
   [Clear CT: 0.4 ms]
   [Other: 1.3 ms]
      [Choose CSet: 0.0 ms]
      [Ref Proc: 0.5 ms]
      [Ref Enq: 0.0 ms]
      [Redirty Cards: 0.2 ms]
      [Humongous Register: 0.1 ms]
      [Humongous Reclaim: 0.0 ms]
      [Free CSet: 0.1 ms]
   [Eden: 46.0M(46.0M)->0.0B(45.0M) Survivors: 5120.0K->6144.0K Heap: 268.4M(1024.0M)->224.3M(1024.0M)]
 [Times: user=0.06 sys=0.00, real=0.03 secs] 
2017-09-21T00:28:45.223+0900: 49134.390: [GC pause (G1 Evacuation Pause) (young), 0.0519437 secs]
   [Parallel Time: 50.8 ms, GC Workers: 2]
      [GC Worker Start (ms): Min: 49134390.7, Avg: 49134390.8, Max: 49134390.9, Diff: 0.2]
      [Ext Root Scanning (ms): Min: 2.0, Avg: 2.1, Max: 2.1, Diff: 0.1, Sum: 4.2]
      [Update RS (ms): Min: 3.0, Avg: 3.3, Max: 3.5, Diff: 0.5, Sum: 6.5]
         [Processed Buffers: Min: 15, Avg: 16.0, Max: 17, Diff: 2, Sum: 32]
      [Scan RS (ms): Min: 2.4, Avg: 2.6, Max: 2.8, Diff: 0.4, Sum: 5.1]
      [Code Root Scanning (ms): Min: 0.0, Avg: 0.0, Max: 0.0, Diff: 0.0, Sum: 0.0]
      [Object Copy (ms): Min: 42.6, Avg: 42.6, Max: 42.6, Diff: 0.1, Sum: 85.2]
      [Termination (ms): Min: 0.0, Avg: 0.0, Max: 0.0, Diff: 0.0, Sum: 0.1]
         [Termination Attempts: Min: 5, Avg: 5.0, Max: 5, Diff: 0, Sum: 10]
      [GC Worker Other (ms): Min: 0.0, Avg: 0.0, Max: 0.0, Diff: 0.0, Sum: 0.0]
      [GC Worker Total (ms): Min: 50.5, Avg: 50.6, Max: 50.7, Diff: 0.2, Sum: 101.1]
      [GC Worker End (ms): Min: 49134441.4, Avg: 49134441.4, Max: 49134441.4, Diff: 0.0]
   [Code Root Fixup: 0.1 ms]
   [Code Root Purge: 0.0 ms]
   [Clear CT: 0.2 ms]
   [Other: 0.9 ms]
      [Choose CSet: 0.0 ms]
      [Ref Proc: 0.3 ms]
      [Ref Enq: 0.0 ms]
      [Redirty Cards: 0.2 ms]
      [Humongous Register: 0.1 ms]
      [Humongous Reclaim: 0.0 ms]
      [Free CSet: 0.1 ms]
   [Eden: 45.0M(45.0M)->0.0B(46.0M) Survivors: 6144.0K->5120.0K Heap: 269.3M(1024.0M)->226.8M(1024.0M)]
 [Times: user=0.10 sys=0.00, real=0.05 secs] 
2017-09-21T00:30:30.432+0900: 49239.600: [GC pause (G1 Evacuation Pause) (young), 0.0302805 secs]
   [Parallel Time: 28.7 ms, GC Workers: 2]
      [GC Worker Start (ms): Min: 49239600.2, Avg: 49239600.3, Max: 49239600.4, Diff: 0.2]
      [Ext Root Scanning (ms): Min: 1.8, Avg: 1.8, Max: 1.9, Diff: 0.1, Sum: 3.7]
      [Update RS (ms): Min: 2.8, Avg: 3.0, Max: 3.2, Diff: 0.3, Sum: 6.0]
         [Processed Buffers: Min: 16, Avg: 16.0, Max: 16, Diff: 0, Sum: 32]
      [Scan RS (ms): Min: 3.2, Avg: 3.3, Max: 3.5, Diff: 0.3, Sum: 6.7]
      [Code Root Scanning (ms): Min: 0.0, Avg: 0.0, Max: 0.0, Diff: 0.0, Sum: 0.0]
      [Object Copy (ms): Min: 20.4, Avg: 20.4, Max: 20.4, Diff: 0.0, Sum: 40.8]
      [Termination (ms): Min: 0.0, Avg: 0.0, Max: 0.0, Diff: 0.0, Sum: 0.0]
         [Termination Attempts: Min: 1, Avg: 1.0, Max: 1, Diff: 0, Sum: 2]
      [GC Worker Other (ms): Min: 0.0, Avg: 0.0, Max: 0.0, Diff: 0.0, Sum: 0.0]
      [GC Worker Total (ms): Min: 28.5, Avg: 28.6, Max: 28.7, Diff: 0.2, Sum: 57.2]
      [GC Worker End (ms): Min: 49239628.9, Avg: 49239628.9, Max: 49239628.9, Diff: 0.0]
   [Code Root Fixup: 0.2 ms]
   [Code Root Purge: 0.0 ms]
   [Clear CT: 0.2 ms]
   [Other: 1.2 ms]
      [Choose CSet: 0.0 ms]
      [Ref Proc: 0.4 ms]
      [Ref Enq: 0.0 ms]
      [Redirty Cards: 0.4 ms]
      [Humongous Register: 0.1 ms]
      [Humongous Reclaim: 0.0 ms]
      [Free CSet: 0.1 ms]
   [Eden: 46.0M(46.0M)->0.0B(44.0M) Survivors: 5120.0K->7168.0K Heap: 272.8M(1024.0M)->228.8M(1024.0M)]
 [Times: user=0.06 sys=0.00, real=0.04 secs] 
2017-09-21T00:32:10.468+0900: 49339.636: [GC pause (G1 Evacuation Pause) (young), 0.0137189 secs]
   [Parallel Time: 12.4 ms, GC Workers: 2]
      [GC Worker Start (ms): Min: 49339636.1, Avg: 49339636.2, Max: 49339636.2, Diff: 0.1]
      [Ext Root Scanning (ms): Min: 1.0, Avg: 1.1, Max: 1.1, Diff: 0.1, Sum: 2.1]
      [Update RS (ms): Min: 1.1, Avg: 1.3, Max: 1.5, Diff: 0.3, Sum: 2.6]
         [Processed Buffers: Min: 9, Avg: 15.5, Max: 22, Diff: 13, Sum: 31]
      [Scan RS (ms): Min: 1.1, Avg: 1.3, Max: 1.4, Diff: 0.4, Sum: 2.5]
      [Code Root Scanning (ms): Min: 0.0, Avg: 0.0, Max: 0.0, Diff: 0.0, Sum: 0.0]
      [Object Copy (ms): Min: 8.3, Avg: 8.4, Max: 8.4, Diff: 0.1, Sum: 16.7]
      [Termination (ms): Min: 0.0, Avg: 0.0, Max: 0.0, Diff: 0.0, Sum: 0.0]
         [Termination Attempts: Min: 1, Avg: 1.0, Max: 1, Diff: 0, Sum: 2]
      [GC Worker Other (ms): Min: 0.0, Avg: 0.1, Max: 0.2, Diff: 0.2, Sum: 0.2]
      [GC Worker Total (ms): Min: 12.0, Avg: 12.1, Max: 12.2, Diff: 0.1, Sum: 24.2]
      [GC Worker End (ms): Min: 49339648.3, Avg: 49339648.3, Max: 49339648.3, Diff: 0.0]
   [Code Root Fixup: 0.1 ms]
   [Code Root Purge: 0.0 ms]
   [Clear CT: 0.2 ms]
   [Other: 1.1 ms]
      [Choose CSet: 0.0 ms]
      [Ref Proc: 0.4 ms]
      [Ref Enq: 0.0 ms]
      [Redirty Cards: 0.3 ms]
      [Humongous Register: 0.0 ms]
      [Humongous Reclaim: 0.0 ms]
      [Free CSet: 0.1 ms]
   [Eden: 44.0M(44.0M)->0.0B(47.0M) Survivors: 7168.0K->4096.0K Heap: 272.8M(1024.0M)->226.4M(1024.0M)]
 [Times: user=0.02 sys=0.00, real=0.02 secs] 
2017-09-21T00:33:57.669+0900: 49446.836: [GC pause (G1 Evacuation Pause) (young), 0.0292621 secs]
   [Parallel Time: 28.1 ms, GC Workers: 2]
      [GC Worker Start (ms): Min: 49446836.4, Avg: 49446836.5, Max: 49446836.6, Diff: 0.2]
      [Ext Root Scanning (ms): Min: 1.8, Avg: 1.9, Max: 2.0, Diff: 0.2, Sum: 3.8]
      [Update RS (ms): Min: 3.3, Avg: 3.7, Max: 4.0, Diff: 0.7, Sum: 7.3]
         [Processed Buffers: Min: 9, Avg: 15.5, Max: 22, Diff: 13, Sum: 31]
      [Scan RS (ms): Min: 2.0, Avg: 2.6, Max: 3.2, Diff: 1.2, Sum: 5.3]
      [Code Root Scanning (ms): Min: 0.0, Avg: 0.0, Max: 0.0, Diff: 0.0, Sum: 0.0]
      [Object Copy (ms): Min: 19.5, Avg: 19.8, Max: 20.0, Diff: 0.5, Sum: 39.5]
      [Termination (ms): Min: 0.0, Avg: 0.0, Max: 0.0, Diff: 0.0, Sum: 0.0]
         [Termination Attempts: Min: 1, Avg: 1.0, Max: 1, Diff: 0, Sum: 2]
      [GC Worker Other (ms): Min: 0.0, Avg: 0.0, Max: 0.0, Diff: 0.0, Sum: 0.0]
      [GC Worker Total (ms): Min: 27.9, Avg: 28.0, Max: 28.0, Diff: 0.2, Sum: 55.9]
      [GC Worker End (ms): Min: 49446864.4, Avg: 49446864.4, Max: 49446864.4, Diff: 0.0]
   [Code Root Fixup: 0.1 ms]
   [Code Root Purge: 0.0 ms]
   [Clear CT: 0.1 ms]
   [Other: 1.0 ms]
      [Choose CSet: 0.0 ms]
      [Ref Proc: 0.3 ms]
      [Ref Enq: 0.0 ms]
      [Redirty Cards: 0.1 ms]
      [Humongous Register: 0.1 ms]
      [Humongous Reclaim: 0.0 ms]
      [Free CSet: 0.1 ms]
   [Eden: 47.0M(47.0M)->0.0B(46.0M) Survivors: 4096.0K->5120.0K Heap: 273.4M(1024.0M)->227.9M(1024.0M)]
 [Times: user=0.05 sys=0.00, real=0.03 secs] 
2017-09-21T08:55:52.041+0900: 49539.294: [GC pause (G1 Evacuation Pause) (young), 0.0615325 secs]
   [Parallel Time: 60.1 ms, GC Workers: 2]
      [GC Worker Start (ms): Min: 49539293.9, Avg: 49539295.1, Max: 49539296.2, Diff: 2.3]
      [Ext Root Scanning (ms): Min: 0.5, Avg: 17.4, Max: 34.4, Diff: 33.9, Sum: 34.9]
      [Update RS (ms): Min: 1.7, Avg: 17.2, Max: 32.7, Diff: 30.9, Sum: 34.4]
         [Processed Buffers: Min: 15, Avg: 17.0, Max: 19, Diff: 4, Sum: 34]
      [Scan RS (ms): Min: 1.4, Avg: 1.5, Max: 1.7, Diff: 0.3, Sum: 3.1]
      [Code Root Scanning (ms): Min: 0.0, Avg: 0.0, Max: 0.0, Diff: 0.0, Sum: 0.0]
      [Object Copy (ms): Min: 13.1, Avg: 15.8, Max: 18.6, Diff: 5.5, Sum: 31.6]
      [Termination (ms): Min: 0.0, Avg: 3.4, Max: 6.8, Diff: 6.8, Sum: 6.8]
         [Termination Attempts: Min: 1, Avg: 1.0, Max: 1, Diff: 0, Sum: 2]
      [GC Worker Other (ms): Min: 0.0, Avg: 0.0, Max: 0.0, Diff: 0.0, Sum: 0.0]
      [GC Worker Total (ms): Min: 54.5, Avg: 55.4, Max: 56.4, Diff: 1.9, Sum: 110.9]
      [GC Worker End (ms): Min: 49539350.3, Avg: 49539350.5, Max: 49539350.7, Diff: 0.4]
   [Code Root Fixup: 0.1 ms]
   [Code Root Purge: 0.0 ms]
   [Clear CT: 0.1 ms]
   [Other: 1.3 ms]
      [Choose CSet: 0.0 ms]
      [Ref Proc: 0.7 ms]
      [Ref Enq: 0.0 ms]
      [Redirty Cards: 0.0 ms]
      [Humongous Register: 0.1 ms]
      [Humongous Reclaim: 0.0 ms]
      [Free CSet: 0.1 ms]
   [Eden: 46.0M(46.0M)->0.0B(45.0M) Survivors: 5120.0K->6144.0K Heap: 273.9M(1024.0M)->229.7M(1024.0M)]
 [Times: user=0.06 sys=0.00, real=0.06 secs] 
2017-09-21T08:55:53.194+0900: 49540.447: [GC pause (G1 Evacuation Pause) (young), 0.0643875 secs]
   [Parallel Time: 62.9 ms, GC Workers: 2]
      [GC Worker Start (ms): Min: 49540447.6, Avg: 49540448.0, Max: 49540448.4, Diff: 0.8]
      [Ext Root Scanning (ms): Min: 1.7, Avg: 4.4, Max: 7.1, Diff: 5.4, Sum: 8.7]
      [Update RS (ms): Min: 0.0, Avg: 1.2, Max: 2.4, Diff: 2.4, Sum: 2.4]
         [Processed Buffers: Min: 0, Avg: 13.5, Max: 27, Diff: 27, Sum: 27]
      [Scan RS (ms): Min: 0.0, Avg: 1.0, Max: 1.9, Diff: 1.9, Sum: 1.9]
      [Code Root Scanning (ms): Min: 0.1, Avg: 4.7, Max: 9.3, Diff: 9.3, Sum: 9.4]
      [Object Copy (ms): Min: 48.5, Avg: 51.1, Max: 53.7, Diff: 5.2, Sum: 102.3]
      [Termination (ms): Min: 0.0, Avg: 0.0, Max: 0.0, Diff: 0.0, Sum: 0.0]
         [Termination Attempts: Min: 1, Avg: 1.0, Max: 1, Diff: 0, Sum: 2]
      [GC Worker Other (ms): Min: 0.0, Avg: 0.0, Max: 0.0, Diff: 0.0, Sum: 0.0]
      [GC Worker Total (ms): Min: 62.0, Avg: 62.4, Max: 62.8, Diff: 0.8, Sum: 124.8]
      [GC Worker End (ms): Min: 49540510.4, Avg: 49540510.4, Max: 49540510.4, Diff: 0.0]
   [Code Root Fixup: 0.1 ms]
   [Code Root Purge: 0.0 ms]
   [Clear CT: 0.1 ms]
   [Other: 1.3 ms]
      [Choose CSet: 0.0 ms]
      [Ref Proc: 0.3 ms]
      [Ref Enq: 0.0 ms]
      [Redirty Cards: 0.1 ms]
      [Humongous Register: 0.1 ms]
      [Humongous Reclaim: 0.3 ms]
      [Free CSet: 0.1 ms]
   [Eden: 45.0M(45.0M)->0.0B(46.0M) Survivors: 6144.0K->5120.0K Heap: 354.7M(1024.0M)->235.1M(1024.0M)]
 [Times: user=0.03 sys=0.00, real=0.07 secs] 
2017-09-21T08:55:54.189+0900: 49541.443: [GC pause (G1 Evacuation Pause) (young), 0.0355207 secs]
   [Parallel Time: 32.0 ms, GC Workers: 2]
      [GC Worker Start (ms): Min: 49541442.9, Avg: 49541444.9, Max: 49541447.0, Diff: 4.0]
      [Ext Root Scanning (ms): Min: 1.2, Avg: 3.3, Max: 5.4, Diff: 4.2, Sum: 6.7]
      [Update RS (ms): Min: 2.7, Avg: 2.7, Max: 2.8, Diff: 0.1, Sum: 5.4]
         [Processed Buffers: Min: 34, Avg: 34.0, Max: 34, Diff: 0, Sum: 68]
      [Scan RS (ms): Min: 0.5, Avg: 0.6, Max: 0.6, Diff: 0.1, Sum: 1.1]
      [Code Root Scanning (ms): Min: 0.0, Avg: 0.0, Max: 0.0, Diff: 0.0, Sum: 0.1]
      [Object Copy (ms): Min: 17.3, Avg: 17.6, Max: 17.9, Diff: 0.6, Sum: 35.2]
      [Termination (ms): Min: 0.0, Avg: 2.9, Max: 5.8, Diff: 5.8, Sum: 5.8]
         [Termination Attempts: Min: 1, Avg: 1.0, Max: 1, Diff: 0, Sum: 2]
      [GC Worker Other (ms): Min: 0.0, Avg: 0.0, Max: 0.0, Diff: 0.0, Sum: 0.1]
      [GC Worker Total (ms): Min: 26.7, Avg: 27.2, Max: 27.7, Diff: 1.0, Sum: 54.3]
      [GC Worker End (ms): Min: 49541469.6, Avg: 49541472.1, Max: 49541474.6, Diff: 5.0]
   [Code Root Fixup: 0.1 ms]
   [Code Root Purge: 0.0 ms]
   [Clear CT: 0.1 ms]
   [Other: 3.3 ms]
      [Choose CSet: 0.0 ms]
      [Ref Proc: 1.6 ms]
      [Ref Enq: 0.0 ms]
      [Redirty Cards: 0.4 ms]
      [Humongous Register: 0.2 ms]
      [Humongous Reclaim: 0.2 ms]
      [Free CSet: 0.4 ms]
   [Eden: 46.0M(46.0M)->0.0B(47.0M) Survivors: 5120.0K->4096.0K Heap: 326.1M(1024.0M)->229.6M(1024.0M)]
 [Times: user=0.04 sys=0.00, real=0.03 secs] 
2017-09-21T08:56:16.038+0900: 49563.291: [GC pause (G1 Evacuation Pause) (young), 0.0065464 secs]
   [Parallel Time: 5.9 ms, GC Workers: 2]
      [GC Worker Start (ms): Min: 49563290.8, Avg: 49563290.8, Max: 49563290.8, Diff: 0.0]
      [Ext Root Scanning (ms): Min: 0.8, Avg: 0.8, Max: 0.8, Diff: 0.0, Sum: 1.6]
      [Update RS (ms): Min: 0.6, Avg: 0.7, Max: 0.8, Diff: 0.2, Sum: 1.4]
         [Processed Buffers: Min: 12, Avg: 16.0, Max: 20, Diff: 8, Sum: 32]
      [Scan RS (ms): Min: 0.1, Avg: 0.2, Max: 0.3, Diff: 0.2, Sum: 0.5]
      [Code Root Scanning (ms): Min: 0.0, Avg: 0.0, Max: 0.0, Diff: 0.0, Sum: 0.0]
      [Object Copy (ms): Min: 4.1, Avg: 4.1, Max: 4.1, Diff: 0.0, Sum: 8.2]
      [Termination (ms): Min: 0.0, Avg: 0.0, Max: 0.0, Diff: 0.0, Sum: 0.0]
         [Termination Attempts: Min: 1, Avg: 1.0, Max: 1, Diff: 0, Sum: 2]
      [GC Worker Other (ms): Min: 0.0, Avg: 0.0, Max: 0.0, Diff: 0.0, Sum: 0.0]
      [GC Worker Total (ms): Min: 5.8, Avg: 5.8, Max: 5.8, Diff: 0.0, Sum: 11.6]
      [GC Worker End (ms): Min: 49563296.6, Avg: 49563296.6, Max: 49563296.6, Diff: 0.0]
   [Code Root Fixup: 0.1 ms]
   [Code Root Purge: 0.0 ms]
   [Clear CT: 0.1 ms]
   [Other: 0.5 ms]
      [Choose CSet: 0.0 ms]
      [Ref Proc: 0.2 ms]
      [Ref Enq: 0.0 ms]
      [Redirty Cards: 0.1 ms]
      [Humongous Register: 0.0 ms]
      [Humongous Reclaim: 0.0 ms]
      [Free CSet: 0.0 ms]
   [Eden: 47.0M(47.0M)->0.0B(47.0M) Survivors: 4096.0K->4096.0K Heap: 276.6M(1024.0M)->231.4M(1024.0M)]
 [Times: user=0.01 sys=0.00, real=0.00 secs] 
2017-09-21T08:56:48.586+0900: 49595.839: [GC pause (G1 Evacuation Pause) (young), 0.0072094 secs]
   [Parallel Time: 6.4 ms, GC Workers: 2]
      [GC Worker Start (ms): Min: 49595838.7, Avg: 49595838.7, Max: 49595838.7, Diff: 0.0]
      [Ext Root Scanning (ms): Min: 0.6, Avg: 0.7, Max: 0.7, Diff: 0.1, Sum: 1.4]
      [Update RS (ms): Min: 1.1, Avg: 1.1, Max: 1.1, Diff: 0.0, Sum: 2.2]
         [Processed Buffers: Min: 16, Avg: 16.5, Max: 17, Diff: 1, Sum: 33]
      [Scan RS (ms): Min: 0.3, Avg: 0.3, Max: 0.4, Diff: 0.2, Sum: 0.7]
      [Code Root Scanning (ms): Min: 0.0, Avg: 0.0, Max: 0.0, Diff: 0.0, Sum: 0.0]
      [Object Copy (ms): Min: 4.0, Avg: 4.1, Max: 4.2, Diff: 0.2, Sum: 8.2]
      [Termination (ms): Min: 0.0, Avg: 0.0, Max: 0.0, Diff: 0.0, Sum: 0.0]
         [Termination Attempts: Min: 1, Avg: 1.0, Max: 1, Diff: 0, Sum: 2]
      [GC Worker Other (ms): Min: 0.0, Avg: 0.0, Max: 0.0, Diff: 0.0, Sum: 0.0]
      [GC Worker Total (ms): Min: 6.3, Avg: 6.3, Max: 6.3, Diff: 0.0, Sum: 12.5]
      [GC Worker End (ms): Min: 49595844.9, Avg: 49595844.9, Max: 49595844.9, Diff: 0.0]
   [Code Root Fixup: 0.1 ms]
   [Code Root Purge: 0.0 ms]
   [Clear CT: 0.1 ms]
   [Other: 0.7 ms]
      [Choose CSet: 0.0 ms]
      [Ref Proc: 0.3 ms]
      [Ref Enq: 0.0 ms]
      [Redirty Cards: 0.2 ms]
      [Humongous Register: 0.0 ms]
      [Humongous Reclaim: 0.0 ms]
      [Free CSet: 0.0 ms]
   [Eden: 47.0M(47.0M)->0.0B(47.0M) Survivors: 4096.0K->4096.0K Heap: 278.4M(1024.0M)->231.9M(1024.0M)]
 [Times: user=0.01 sys=0.00, real=0.01 secs] 
2017-09-21T08:58:36.653+0900: 49703.906: [GC pause (G1 Evacuation Pause) (young), 0.0121504 secs]
   [Parallel Time: 11.2 ms, GC Workers: 2]
      [GC Worker Start (ms): Min: 49703906.4, Avg: 49703906.4, Max: 49703906.5, Diff: 0.1]
      [Ext Root Scanning (ms): Min: 0.7, Avg: 0.7, Max: 0.8, Diff: 0.1, Sum: 1.4]
      [Update RS (ms): Min: 1.4, Avg: 1.4, Max: 1.4, Diff: 0.0, Sum: 2.8]
         [Processed Buffers: Min: 2, Avg: 16.5, Max: 31, Diff: 29, Sum: 33]
      [Scan RS (ms): Min: 0.3, Avg: 0.4, Max: 0.4, Diff: 0.1, Sum: 0.8]
      [Code Root Scanning (ms): Min: 0.0, Avg: 0.0, Max: 0.1, Diff: 0.1, Sum: 0.1]
      [Object Copy (ms): Min: 8.5, Avg: 8.6, Max: 8.6, Diff: 0.0, Sum: 17.1]
      [Termination (ms): Min: 0.0, Avg: 0.0, Max: 0.0, Diff: 0.0, Sum: 0.0]
         [Termination Attempts: Min: 1, Avg: 1.0, Max: 1, Diff: 0, Sum: 2]
      [GC Worker Other (ms): Min: 0.0, Avg: 0.0, Max: 0.0, Diff: 0.0, Sum: 0.0]
      [GC Worker Total (ms): Min: 11.1, Avg: 11.1, Max: 11.1, Diff: 0.0, Sum: 22.2]
      [GC Worker End (ms): Min: 49703917.5, Avg: 49703917.5, Max: 49703917.5, Diff: 0.0]
   [Code Root Fixup: 0.1 ms]
   [Code Root Purge: 0.0 ms]
   [Clear CT: 0.1 ms]
   [Other: 0.9 ms]
      [Choose CSet: 0.0 ms]
      [Ref Proc: 0.4 ms]
      [Ref Enq: 0.0 ms]
      [Redirty Cards: 0.2 ms]
      [Humongous Register: 0.0 ms]
      [Humongous Reclaim: 0.0 ms]
      [Free CSet: 0.0 ms]
   [Eden: 47.0M(47.0M)->0.0B(45.0M) Survivors: 4096.0K->6144.0K Heap: 278.9M(1024.0M)->233.9M(1024.0M)]
 [Times: user=0.02 sys=0.00, real=0.01 secs] 
2017-09-21T09:00:19.210+0900: 49806.463: [GC pause (G1 Evacuation Pause) (young), 0.0134904 secs]
   [Parallel Time: 11.7 ms, GC Workers: 2]
      [GC Worker Start (ms): Min: 49806462.9, Avg: 49806463.0, Max: 49806463.0, Diff: 0.0]
      [Ext Root Scanning (ms): Min: 1.0, Avg: 1.0, Max: 1.1, Diff: 0.1, Sum: 2.0]
      [Update RS (ms): Min: 2.2, Avg: 2.3, Max: 2.4, Diff: 0.2, Sum: 4.5]
         [Processed Buffers: Min: 10, Avg: 16.5, Max: 23, Diff: 13, Sum: 33]
      [Scan RS (ms): Min: 0.7, Avg: 0.9, Max: 1.1, Diff: 0.4, Sum: 1.8]
      [Code Root Scanning (ms): Min: 0.0, Avg: 0.1, Max: 0.1, Diff: 0.1, Sum: 0.1]
      [Object Copy (ms): Min: 7.0, Avg: 7.0, Max: 7.0, Diff: 0.0, Sum: 14.0]
      [Termination (ms): Min: 0.0, Avg: 0.1, Max: 0.3, Diff: 0.3, Sum: 0.3]
         [Termination Attempts: Min: 1, Avg: 1.0, Max: 1, Diff: 0, Sum: 2]
      [GC Worker Other (ms): Min: 0.0, Avg: 0.0, Max: 0.0, Diff: 0.0, Sum: 0.0]
      [GC Worker Total (ms): Min: 11.4, Avg: 11.4, Max: 11.4, Diff: 0.0, Sum: 22.8]
      [GC Worker End (ms): Min: 49806474.3, Avg: 49806474.4, Max: 49806474.4, Diff: 0.1]
   [Code Root Fixup: 0.2 ms]
   [Code Root Purge: 0.0 ms]
   [Clear CT: 0.1 ms]
   [Other: 1.5 ms]
      [Choose CSet: 0.0 ms]
      [Ref Proc: 0.7 ms]
      [Ref Enq: 0.0 ms]
      [Redirty Cards: 0.3 ms]
      [Humongous Register: 0.0 ms]
      [Humongous Reclaim: 0.1 ms]
      [Free CSet: 0.1 ms]
   [Eden: 45.0M(45.0M)->0.0B(48.0M) Survivors: 6144.0K->3072.0K Heap: 278.9M(1024.0M)->231.3M(1024.0M)]
 [Times: user=0.02 sys=0.00, real=0.01 secs] 
2017-09-21T09:02:07.083+0900: 49914.336: [GC pause (G1 Evacuation Pause) (young), 0.0253637 secs]
   [Parallel Time: 23.8 ms, GC Workers: 2]
      [GC Worker Start (ms): Min: 49914336.9, Avg: 49914336.9, Max: 49914337.0, Diff: 0.1]
      [Ext Root Scanning (ms): Min: 1.7, Avg: 1.9, Max: 2.0, Diff: 0.3, Sum: 3.7]
      [Update RS (ms): Min: 5.3, Avg: 5.4, Max: 5.4, Diff: 0.1, Sum: 10.8]
         [Processed Buffers: Min: 13, Avg: 18.0, Max: 23, Diff: 10, Sum: 36]
      [Scan RS (ms): Min: 2.6, Avg: 2.7, Max: 2.7, Diff: 0.1, Sum: 5.4]
      [Code Root Scanning (ms): Min: 0.0, Avg: 0.1, Max: 0.2, Diff: 0.2, Sum: 0.2]
      [Object Copy (ms): Min: 13.5, Avg: 13.6, Max: 13.7, Diff: 0.2, Sum: 27.2]
      [Termination (ms): Min: 0.0, Avg: 0.0, Max: 0.0, Diff: 0.0, Sum: 0.0]
         [Termination Attempts: Min: 1, Avg: 1.0, Max: 1, Diff: 0, Sum: 2]
      [GC Worker Other (ms): Min: 0.0, Avg: 0.0, Max: 0.0, Diff: 0.0, Sum: 0.0]
      [GC Worker Total (ms): Min: 23.6, Avg: 23.6, Max: 23.7, Diff: 0.1, Sum: 47.3]
      [GC Worker End (ms): Min: 49914360.6, Avg: 49914360.6, Max: 49914360.6, Diff: 0.0]
   [Code Root Fixup: 0.1 ms]
   [Code Root Purge: 0.0 ms]
   [Clear CT: 0.1 ms]
   [Other: 1.4 ms]
      [Choose CSet: 0.0 ms]
      [Ref Proc: 0.2 ms]
      [Ref Enq: 0.0 ms]
      [Redirty Cards: 0.3 ms]
      [Humongous Register: 0.1 ms]
      [Humongous Reclaim: 0.0 ms]
      [Free CSet: 0.1 ms]
   [Eden: 48.0M(48.0M)->0.0B(45.0M) Survivors: 3072.0K->6144.0K Heap: 279.3M(1024.0M)->233.8M(1024.0M)]
 [Times: user=0.05 sys=0.00, real=0.03 secs] 
2017-09-21T09:03:50.024+0900: 50017.277: [GC pause (G1 Evacuation Pause) (young), 0.0193460 secs]
   [Parallel Time: 17.4 ms, GC Workers: 2]
      [GC Worker Start (ms): Min: 50017277.0, Avg: 50017277.0, Max: 50017277.0, Diff: 0.0]
      [Ext Root Scanning (ms): Min: 0.6, Avg: 0.6, Max: 0.6, Diff: 0.1, Sum: 1.2]
      [Update RS (ms): Min: 0.9, Avg: 1.0, Max: 1.0, Diff: 0.0, Sum: 1.9]
         [Processed Buffers: Min: 10, Avg: 17.5, Max: 25, Diff: 15, Sum: 35]
      [Scan RS (ms): Min: 0.4, Avg: 0.4, Max: 0.5, Diff: 0.1, Sum: 0.9]
      [Code Root Scanning (ms): Min: 0.0, Avg: 0.0, Max: 0.0, Diff: 0.0, Sum: 0.0]
      [Object Copy (ms): Min: 15.2, Avg: 15.2, Max: 15.2, Diff: 0.0, Sum: 30.4]
      [Termination (ms): Min: 0.0, Avg: 0.0, Max: 0.0, Diff: 0.0, Sum: 0.0]
         [Termination Attempts: Min: 1, Avg: 1.0, Max: 1, Diff: 0, Sum: 2]
      [GC Worker Other (ms): Min: 0.0, Avg: 0.0, Max: 0.0, Diff: 0.0, Sum: 0.0]
      [GC Worker Total (ms): Min: 17.2, Avg: 17.2, Max: 17.2, Diff: 0.0, Sum: 34.5]
      [GC Worker End (ms): Min: 50017294.2, Avg: 50017294.2, Max: 50017294.2, Diff: 0.0]
   [Code Root Fixup: 0.2 ms]
   [Code Root Purge: 0.0 ms]
   [Clear CT: 0.3 ms]
   [Other: 1.5 ms]
      [Choose CSet: 0.0 ms]
      [Ref Proc: 0.6 ms]
      [Ref Enq: 0.0 ms]
      [Redirty Cards: 0.5 ms]
      [Humongous Register: 0.0 ms]
      [Humongous Reclaim: 0.0 ms]
      [Free CSet: 0.1 ms]
   [Eden: 45.0M(45.0M)->0.0B(45.0M) Survivors: 6144.0K->6144.0K Heap: 278.8M(1024.0M)->234.6M(1024.0M)]
 [Times: user=0.04 sys=0.00, real=0.02 secs] 
2017-09-21T09:05:32.261+0900: 50119.514: [GC pause (G1 Evacuation Pause) (young), 0.0275781 secs]
   [Parallel Time: 26.3 ms, GC Workers: 2]
      [GC Worker Start (ms): Min: 50119513.9, Avg: 50119513.9, Max: 50119514.0, Diff: 0.1]
      [Ext Root Scanning (ms): Min: 1.9, Avg: 1.9, Max: 1.9, Diff: 0.1, Sum: 3.8]
      [Update RS (ms): Min: 4.4, Avg: 4.5, Max: 4.6, Diff: 0.2, Sum: 9.0]
         [Processed Buffers: Min: 5, Avg: 17.5, Max: 30, Diff: 25, Sum: 35]
      [Scan RS (ms): Min: 1.7, Avg: 1.8, Max: 1.9, Diff: 0.2, Sum: 3.7]
      [Code Root Scanning (ms): Min: 0.0, Avg: 0.0, Max: 0.0, Diff: 0.0, Sum: 0.0]
      [Object Copy (ms): Min: 17.8, Avg: 17.8, Max: 17.8, Diff: 0.1, Sum: 35.6]
      [Termination (ms): Min: 0.0, Avg: 0.0, Max: 0.0, Diff: 0.0, Sum: 0.0]
         [Termination Attempts: Min: 1, Avg: 1.0, Max: 1, Diff: 0, Sum: 2]
      [GC Worker Other (ms): Min: 0.0, Avg: 0.0, Max: 0.0, Diff: 0.0, Sum: 0.0]
      [GC Worker Total (ms): Min: 26.0, Avg: 26.0, Max: 26.1, Diff: 0.1, Sum: 52.1]
      [GC Worker End (ms): Min: 50119540.0, Avg: 50119540.0, Max: 50119540.0, Diff: 0.0]
   [Code Root Fixup: 0.1 ms]
   [Code Root Purge: 0.0 ms]
   [Clear CT: 0.2 ms]
   [Other: 1.0 ms]
      [Choose CSet: 0.0 ms]
      [Ref Proc: 0.3 ms]
      [Ref Enq: 0.0 ms]
      [Redirty Cards: 0.3 ms]
      [Humongous Register: 0.1 ms]
      [Humongous Reclaim: 0.0 ms]
      [Free CSet: 0.1 ms]
   [Eden: 45.0M(45.0M)->0.0B(46.0M) Survivors: 6144.0K->5120.0K Heap: 279.6M(1024.0M)->236.8M(1024.0M)]
 [Times: user=0.05 sys=0.00, real=0.03 secs] 
2017-09-21T09:07:16.811+0900: 50224.064: [GC pause (G1 Evacuation Pause) (young), 0.0414119 secs]
   [Parallel Time: 39.8 ms, GC Workers: 2]
      [GC Worker Start (ms): Min: 50224064.4, Avg: 50224064.4, Max: 50224064.5, Diff: 0.2]
      [Ext Root Scanning (ms): Min: 1.9, Avg: 1.9, Max: 2.0, Diff: 0.1, Sum: 3.9]
      [Update RS (ms): Min: 4.1, Avg: 4.2, Max: 4.2, Diff: 0.1, Sum: 8.3]
         [Processed Buffers: Min: 8, Avg: 18.0, Max: 28, Diff: 20, Sum: 36]
      [Scan RS (ms): Min: 2.2, Avg: 2.2, Max: 2.3, Diff: 0.1, Sum: 4.5]
      [Code Root Scanning (ms): Min: 0.0, Avg: 0.0, Max: 0.0, Diff: 0.0, Sum: 0.0]
      [Object Copy (ms): Min: 31.2, Avg: 31.3, Max: 31.3, Diff: 0.1, Sum: 62.5]
      [Termination (ms): Min: 0.0, Avg: 0.0, Max: 0.1, Diff: 0.1, Sum: 0.1]
         [Termination Attempts: Min: 1, Avg: 4.5, Max: 8, Diff: 7, Sum: 9]
      [GC Worker Other (ms): Min: 0.0, Avg: 0.0, Max: 0.0, Diff: 0.0, Sum: 0.0]
      [GC Worker Total (ms): Min: 39.6, Avg: 39.7, Max: 39.7, Diff: 0.2, Sum: 79.3]
      [GC Worker End (ms): Min: 50224104.1, Avg: 50224104.1, Max: 50224104.1, Diff: 0.0]
   [Code Root Fixup: 0.1 ms]
   [Code Root Purge: 0.0 ms]
   [Clear CT: 0.1 ms]
   [Other: 1.4 ms]
      [Choose CSet: 0.0 ms]
      [Ref Proc: 0.5 ms]
      [Ref Enq: 0.0 ms]
      [Redirty Cards: 0.3 ms]
      [Humongous Register: 0.1 ms]
      [Humongous Reclaim: 0.0 ms]
      [Free CSet: 0.1 ms]
   [Eden: 46.0M(46.0M)->0.0B(45.0M) Survivors: 5120.0K->6144.0K Heap: 282.8M(1024.0M)->238.3M(1024.0M)]
 [Times: user=0.08 sys=0.00, real=0.04 secs] 
2017-09-21T09:08:59.627+0900: 50326.880: [GC pause (G1 Evacuation Pause) (young), 0.0135776 secs]
   [Parallel Time: 12.1 ms, GC Workers: 2]
      [GC Worker Start (ms): Min: 50326880.5, Avg: 50326880.5, Max: 50326880.6, Diff: 0.1]
      [Ext Root Scanning (ms): Min: 1.6, Avg: 1.7, Max: 1.8, Diff: 0.2, Sum: 3.4]
      [Update RS (ms): Min: 0.2, Avg: 0.8, Max: 1.5, Diff: 1.3, Sum: 1.6]
         [Processed Buffers: Min: 1, Avg: 16.0, Max: 31, Diff: 30, Sum: 32]
      [Scan RS (ms): Min: 1.1, Avg: 1.2, Max: 1.2, Diff: 0.1, Sum: 2.3]
      [Code Root Scanning (ms): Min: 0.0, Avg: 0.0, Max: 0.0, Diff: 0.0, Sum: 0.0]
      [Object Copy (ms): Min: 7.5, Avg: 8.2, Max: 8.9, Diff: 1.5, Sum: 16.4]
      [Termination (ms): Min: 0.0, Avg: 0.0, Max: 0.0, Diff: 0.0, Sum: 0.0]
         [Termination Attempts: Min: 1, Avg: 1.0, Max: 1, Diff: 0, Sum: 2]
      [GC Worker Other (ms): Min: 0.0, Avg: 0.0, Max: 0.0, Diff: 0.0, Sum: 0.0]
      [GC Worker Total (ms): Min: 11.9, Avg: 11.9, Max: 12.0, Diff: 0.1, Sum: 23.9]
      [GC Worker End (ms): Min: 50326892.4, Avg: 50326892.4, Max: 50326892.4, Diff: 0.0]
   [Code Root Fixup: 0.1 ms]
   [Code Root Purge: 0.0 ms]
   [Clear CT: 0.2 ms]
   [Other: 1.2 ms]
      [Choose CSet: 0.0 ms]
      [Ref Proc: 0.3 ms]
      [Ref Enq: 0.0 ms]
      [Redirty Cards: 0.3 ms]
      [Humongous Register: 0.1 ms]
      [Humongous Reclaim: 0.0 ms]
      [Free CSet: 0.0 ms]
   [Eden: 45.0M(45.0M)->0.0B(48.0M) Survivors: 6144.0K->3072.0K Heap: 283.3M(1024.0M)->236.0M(1024.0M)]
 [Times: user=0.03 sys=0.00, real=0.02 secs] 
2017-09-21T09:10:44.619+0900: 50431.872: [GC pause (G1 Evacuation Pause) (young), 0.0240014 secs]
   [Parallel Time: 22.7 ms, GC Workers: 2]
      [GC Worker Start (ms): Min: 50431872.5, Avg: 50431872.6, Max: 50431872.6, Diff: 0.1]
      [Ext Root Scanning (ms): Min: 1.8, Avg: 1.9, Max: 1.9, Diff: 0.1, Sum: 3.8]
      [Update RS (ms): Min: 2.8, Avg: 2.8, Max: 2.8, Diff: 0.1, Sum: 5.6]
         [Processed Buffers: Min: 4, Avg: 16.0, Max: 28, Diff: 24, Sum: 32]
      [Scan RS (ms): Min: 3.6, Avg: 3.6, Max: 3.6, Diff: 0.1, Sum: 7.2]
      [Code Root Scanning (ms): Min: 0.0, Avg: 0.0, Max: 0.0, Diff: 0.0, Sum: 0.0]
      [Object Copy (ms): Min: 14.2, Avg: 14.2, Max: 14.2, Diff: 0.0, Sum: 28.4]
      [Termination (ms): Min: 0.0, Avg: 0.0, Max: 0.0, Diff: 0.0, Sum: 0.0]
         [Termination Attempts: Min: 1, Avg: 1.0, Max: 1, Diff: 0, Sum: 2]
      [GC Worker Other (ms): Min: 0.0, Avg: 0.0, Max: 0.0, Diff: 0.0, Sum: 0.0]
      [GC Worker Total (ms): Min: 22.4, Avg: 22.5, Max: 22.6, Diff: 0.1, Sum: 45.0]
      [GC Worker End (ms): Min: 50431895.1, Avg: 50431895.1, Max: 50431895.1, Diff: 0.0]
   [Code Root Fixup: 0.1 ms]
   [Code Root Purge: 0.0 ms]
   [Clear CT: 0.2 ms]
   [Other: 1.1 ms]
      [Choose CSet: 0.0 ms]
      [Ref Proc: 0.3 ms]
      [Ref Enq: 0.0 ms]
      [Redirty Cards: 0.1 ms]
      [Humongous Register: 0.1 ms]
      [Humongous Reclaim: 0.0 ms]
      [Free CSet: 0.1 ms]
   [Eden: 48.0M(48.0M)->0.0B(45.0M) Survivors: 3072.0K->6144.0K Heap: 284.0M(1024.0M)->238.5M(1024.0M)]
 [Times: user=0.04 sys=0.00, real=0.02 secs] 
2017-09-21T09:12:26.455+0900: 50533.708: [GC pause (G1 Evacuation Pause) (young), 0.0082767 secs]
   [Parallel Time: 7.7 ms, GC Workers: 2]
      [GC Worker Start (ms): Min: 50533708.2, Avg: 50533708.2, Max: 50533708.3, Diff: 0.0]
      [Ext Root Scanning (ms): Min: 0.5, Avg: 0.6, Max: 0.6, Diff: 0.1, Sum: 1.1]
      [Update RS (ms): Min: 0.4, Avg: 0.4, Max: 0.4, Diff: 0.0, Sum: 0.8]
         [Processed Buffers: Min: 11, Avg: 16.0, Max: 21, Diff: 10, Sum: 32]
      [Scan RS (ms): Min: 0.4, Avg: 0.4, Max: 0.4, Diff: 0.0, Sum: 0.9]
      [Code Root Scanning (ms): Min: 0.0, Avg: 0.0, Max: 0.0, Diff: 0.0, Sum: 0.0]
      [Object Copy (ms): Min: 6.3, Avg: 6.3, Max: 6.4, Diff: 0.1, Sum: 12.7]
      [Termination (ms): Min: 0.0, Avg: 0.0, Max: 0.0, Diff: 0.0, Sum: 0.0]
         [Termination Attempts: Min: 1, Avg: 1.0, Max: 1, Diff: 0, Sum: 2]
      [GC Worker Other (ms): Min: 0.0, Avg: 0.0, Max: 0.0, Diff: 0.0, Sum: 0.0]
      [GC Worker Total (ms): Min: 7.7, Avg: 7.7, Max: 7.7, Diff: 0.0, Sum: 15.4]
      [GC Worker End (ms): Min: 50533716.0, Avg: 50533716.0, Max: 50533716.0, Diff: 0.0]
   [Code Root Fixup: 0.0 ms]
   [Code Root Purge: 0.0 ms]
   [Clear CT: 0.1 ms]
   [Other: 0.4 ms]
      [Choose CSet: 0.0 ms]
      [Ref Proc: 0.1 ms]
      [Ref Enq: 0.0 ms]
      [Redirty Cards: 0.0 ms]
      [Humongous Register: 0.0 ms]
      [Humongous Reclaim: 0.0 ms]
      [Free CSet: 0.1 ms]
   [Eden: 45.0M(45.0M)->0.0B(45.0M) Survivors: 6144.0K->6144.0K Heap: 283.5M(1024.0M)->240.5M(1024.0M)]
 [Times: user=0.02 sys=0.00, real=0.01 secs] 
2017-09-21T09:14:09.061+0900: 50636.314: [GC pause (G1 Evacuation Pause) (young), 0.0263765 secs]
   [Parallel Time: 19.5 ms, GC Workers: 2]
      [GC Worker Start (ms): Min: 50636313.7, Avg: 50636313.8, Max: 50636313.8, Diff: 0.1]
      [Ext Root Scanning (ms): Min: 0.8, Avg: 0.9, Max: 1.0, Diff: 0.1, Sum: 1.8]
      [Update RS (ms): Min: 1.2, Avg: 1.2, Max: 1.3, Diff: 0.1, Sum: 2.5]
         [Processed Buffers: Min: 10, Avg: 16.0, Max: 22, Diff: 12, Sum: 32]
      [Scan RS (ms): Min: 1.2, Avg: 1.3, Max: 1.3, Diff: 0.1, Sum: 2.6]
      [Code Root Scanning (ms): Min: 0.0, Avg: 0.0, Max: 0.0, Diff: 0.0, Sum: 0.0]
      [Object Copy (ms): Min: 15.8, Avg: 15.8, Max: 15.8, Diff: 0.0, Sum: 31.6]
      [Termination (ms): Min: 0.0, Avg: 0.0, Max: 0.0, Diff: 0.0, Sum: 0.0]
         [Termination Attempts: Min: 1, Avg: 1.0, Max: 1, Diff: 0, Sum: 2]
      [GC Worker Other (ms): Min: 0.0, Avg: 0.0, Max: 0.0, Diff: 0.0, Sum: 0.0]
      [GC Worker Total (ms): Min: 19.2, Avg: 19.3, Max: 19.3, Diff: 0.1, Sum: 38.5]
      [GC Worker End (ms): Min: 50636333.0, Avg: 50636333.0, Max: 50636333.0, Diff: 0.0]
   [Code Root Fixup: 0.0 ms]
   [Code Root Purge: 0.0 ms]
   [Clear CT: 0.0 ms]
   [Other: 6.8 ms]
      [Choose CSet: 0.0 ms]
      [Ref Proc: 6.5 ms]
      [Ref Enq: 0.0 ms]
      [Redirty Cards: 0.0 ms]
      [Humongous Register: 0.0 ms]
      [Humongous Reclaim: 0.0 ms]
      [Free CSet: 0.0 ms]
   [Eden: 45.0M(45.0M)->0.0B(47.0M) Survivors: 6144.0K->4096.0K Heap: 285.5M(1024.0M)->242.5M(1024.0M)]
 [Times: user=0.03 sys=0.00, real=0.02 secs] 
2017-09-21T09:15:56.851+0900: 50744.104: [GC pause (G1 Evacuation Pause) (young), 0.0486931 secs]
   [Parallel Time: 44.3 ms, GC Workers: 2]
      [GC Worker Start (ms): Min: 50744104.3, Avg: 50744106.3, Max: 50744108.2, Diff: 3.8]
      [Ext Root Scanning (ms): Min: 0.0, Avg: 1.6, Max: 3.2, Diff: 3.2, Sum: 3.2]
      [Update RS (ms): Min: 5.1, Avg: 6.9, Max: 8.6, Diff: 3.5, Sum: 13.7]
         [Processed Buffers: Min: 0, Avg: 16.5, Max: 33, Diff: 33, Sum: 33]
      [Scan RS (ms): Min: 0.0, Avg: 0.8, Max: 1.6, Diff: 1.6, Sum: 1.6]
      [Code Root Scanning (ms): Min: 0.0, Avg: 0.0, Max: 0.0, Diff: 0.0, Sum: 0.0]
      [Object Copy (ms): Min: 31.4, Avg: 32.5, Max: 33.5, Diff: 2.1, Sum: 64.9]
      [Termination (ms): Min: 0.0, Avg: 0.5, Max: 1.0, Diff: 1.0, Sum: 1.0]
         [Termination Attempts: Min: 1, Avg: 1.0, Max: 1, Diff: 0, Sum: 2]
      [GC Worker Other (ms): Min: 0.0, Avg: 0.0, Max: 0.0, Diff: 0.0, Sum: 0.0]
      [GC Worker Total (ms): Min: 40.3, Avg: 42.3, Max: 44.3, Diff: 4.0, Sum: 84.5]
      [GC Worker End (ms): Min: 50744148.4, Avg: 50744148.5, Max: 50744148.6, Diff: 0.2]
   [Code Root Fixup: 0.1 ms]
   [Code Root Purge: 0.0 ms]
   [Clear CT: 0.0 ms]
   [Other: 4.2 ms]
      [Choose CSet: 0.0 ms]
      [Ref Proc: 3.9 ms]
      [Ref Enq: 0.0 ms]
      [Redirty Cards: 0.0 ms]
      [Humongous Register: 0.1 ms]
      [Humongous Reclaim: 0.0 ms]
      [Free CSet: 0.0 ms]
   [Eden: 47.0M(47.0M)->0.0B(45.0M) Survivors: 4096.0K->6144.0K Heap: 289.5M(1024.0M)->244.5M(1024.0M)]
 [Times: user=0.05 sys=0.00, real=0.05 secs] 
2017-09-21T09:17:39.494+0900: 50846.747: [GC pause (G1 Evacuation Pause) (young), 0.0209626 secs]
   [Parallel Time: 18.8 ms, GC Workers: 2]
      [GC Worker Start (ms): Min: 50846747.7, Avg: 50846747.7, Max: 50846747.8, Diff: 0.0]
      [Ext Root Scanning (ms): Min: 1.8, Avg: 1.8, Max: 1.8, Diff: 0.1, Sum: 3.6]
      [Update RS (ms): Min: 1.7, Avg: 1.7, Max: 1.7, Diff: 0.0, Sum: 3.4]
         [Processed Buffers: Min: 4, Avg: 17.0, Max: 30, Diff: 26, Sum: 34]
      [Scan RS (ms): Min: 1.1, Avg: 1.1, Max: 1.1, Diff: 0.1, Sum: 2.2]
      [Code Root Scanning (ms): Min: 0.0, Avg: 0.0, Max: 0.0, Diff: 0.0, Sum: 0.0]
      [Object Copy (ms): Min: 13.9, Avg: 13.9, Max: 14.0, Diff: 0.1, Sum: 27.8]
      [Termination (ms): Min: 0.0, Avg: 0.0, Max: 0.0, Diff: 0.0, Sum: 0.0]
         [Termination Attempts: Min: 1, Avg: 1.0, Max: 1, Diff: 0, Sum: 2]
      [GC Worker Other (ms): Min: 0.0, Avg: 0.0, Max: 0.0, Diff: 0.0, Sum: 0.0]
      [GC Worker Total (ms): Min: 18.6, Avg: 18.6, Max: 18.6, Diff: 0.0, Sum: 37.2]
      [GC Worker End (ms): Min: 50846766.3, Avg: 50846766.3, Max: 50846766.3, Diff: 0.0]
   [Code Root Fixup: 0.1 ms]
   [Code Root Purge: 0.0 ms]
   [Clear CT: 0.3 ms]
   [Other: 1.7 ms]
      [Choose CSet: 0.0 ms]
      [Ref Proc: 0.6 ms]
      [Ref Enq: 0.0 ms]
      [Redirty Cards: 0.6 ms]
      [Humongous Register: 0.1 ms]
      [Humongous Reclaim: 0.0 ms]
      [Free CSet: 0.1 ms]
   [Eden: 45.0M(45.0M)->0.0B(48.0M) Survivors: 6144.0K->3072.0K Heap: 289.5M(1024.0M)->242.3M(1024.0M)]
 [Times: user=0.04 sys=0.00, real=0.02 secs] 
2017-09-21T09:19:28.318+0900: 50955.571: [GC pause (G1 Evacuation Pause) (young), 0.0251522 secs]
   [Parallel Time: 23.9 ms, GC Workers: 2]
      [GC Worker Start (ms): Min: 50955570.8, Avg: 50955570.8, Max: 50955570.9, Diff: 0.0]
      [Ext Root Scanning (ms): Min: 1.9, Avg: 1.9, Max: 2.0, Diff: 0.0, Sum: 3.9]
      [Update RS (ms): Min: 1.9, Avg: 2.0, Max: 2.1, Diff: 0.3, Sum: 4.0]
         [Processed Buffers: Min: 14, Avg: 16.0, Max: 18, Diff: 4, Sum: 32]
      [Scan RS (ms): Min: 1.9, Avg: 1.9, Max: 1.9, Diff: 0.0, Sum: 3.8]
      [Code Root Scanning (ms): Min: 0.0, Avg: 0.0, Max: 0.0, Diff: 0.0, Sum: 0.0]
      [Object Copy (ms): Min: 17.8, Avg: 17.9, Max: 18.1, Diff: 0.3, Sum: 35.9]
      [Termination (ms): Min: 0.0, Avg: 0.0, Max: 0.0, Diff: 0.0, Sum: 0.0]
         [Termination Attempts: Min: 1, Avg: 1.0, Max: 1, Diff: 0, Sum: 2]
      [GC Worker Other (ms): Min: 0.0, Avg: 0.0, Max: 0.0, Diff: 0.0, Sum: 0.0]
      [GC Worker Total (ms): Min: 23.8, Avg: 23.8, Max: 23.8, Diff: 0.0, Sum: 47.6]
      [GC Worker End (ms): Min: 50955594.7, Avg: 50955594.7, Max: 50955594.7, Diff: 0.0]
   [Code Root Fixup: 0.1 ms]
   [Code Root Purge: 0.0 ms]
   [Clear CT: 0.2 ms]
   [Other: 1.0 ms]
      [Choose CSet: 0.0 ms]
      [Ref Proc: 0.3 ms]
      [Ref Enq: 0.0 ms]
      [Redirty Cards: 0.3 ms]
      [Humongous Register: 0.1 ms]
      [Humongous Reclaim: 0.0 ms]
      [Free CSet: 0.0 ms]
   [Eden: 48.0M(48.0M)->0.0B(46.0M) Survivors: 3072.0K->5120.0K Heap: 290.3M(1024.0M)->243.8M(1024.0M)]
 [Times: user=0.05 sys=0.00, real=0.02 secs] 
2017-09-21T09:21:13.121+0900: 51060.374: [GC pause (G1 Evacuation Pause) (young), 0.0289939 secs]
   [Parallel Time: 26.3 ms, GC Workers: 2]
      [GC Worker Start (ms): Min: 51060374.1, Avg: 51060374.1, Max: 51060374.1, Diff: 0.0]
      [Ext Root Scanning (ms): Min: 0.8, Avg: 0.8, Max: 0.9, Diff: 0.0, Sum: 1.7]
      [Update RS (ms): Min: 0.8, Avg: 0.8, Max: 0.8, Diff: 0.0, Sum: 1.7]
         [Processed Buffers: Min: 9, Avg: 17.0, Max: 25, Diff: 16, Sum: 34]
      [Scan RS (ms): Min: 0.7, Avg: 0.7, Max: 0.7, Diff: 0.0, Sum: 1.5]
      [Code Root Scanning (ms): Min: 0.0, Avg: 0.0, Max: 0.0, Diff: 0.0, Sum: 0.0]
      [Object Copy (ms): Min: 23.7, Avg: 23.7, Max: 23.8, Diff: 0.0, Sum: 47.5]
      [Termination (ms): Min: 0.0, Avg: 0.0, Max: 0.0, Diff: 0.0, Sum: 0.0]
         [Termination Attempts: Min: 1, Avg: 1.0, Max: 1, Diff: 0, Sum: 2]
      [GC Worker Other (ms): Min: 0.0, Avg: 0.0, Max: 0.0, Diff: 0.0, Sum: 0.0]
      [GC Worker Total (ms): Min: 26.2, Avg: 26.2, Max: 26.2, Diff: 0.0, Sum: 52.4]
      [GC Worker End (ms): Min: 51060400.3, Avg: 51060400.3, Max: 51060400.3, Diff: 0.0]
   [Code Root Fixup: 0.2 ms]
   [Code Root Purge: 0.0 ms]
   [Clear CT: 0.5 ms]
   [Other: 2.1 ms]
      [Choose CSet: 0.0 ms]
      [Ref Proc: 0.9 ms]
      [Ref Enq: 0.0 ms]
      [Redirty Cards: 0.7 ms]
      [Humongous Register: 0.0 ms]
      [Humongous Reclaim: 0.0 ms]
      [Free CSet: 0.1 ms]
   [Eden: 46.0M(46.0M)->0.0B(45.0M) Survivors: 5120.0K->6144.0K Heap: 289.8M(1024.0M)->246.0M(1024.0M)]
 [Times: user=0.05 sys=0.00, real=0.03 secs] 
2017-09-21T09:22:54.452+0900: 51161.705: [GC pause (G1 Evacuation Pause) (young), 0.0216292 secs]
   [Parallel Time: 20.7 ms, GC Workers: 2]
      [GC Worker Start (ms): Min: 51161705.1, Avg: 51161705.1, Max: 51161705.1, Diff: 0.1]
      [Ext Root Scanning (ms): Min: 1.2, Avg: 1.3, Max: 1.3, Diff: 0.1, Sum: 2.5]
      [Update RS (ms): Min: 2.2, Avg: 2.2, Max: 2.2, Diff: 0.1, Sum: 4.4]
         [Processed Buffers: Min: 10, Avg: 18.5, Max: 27, Diff: 17, Sum: 37]
      [Scan RS (ms): Min: 0.7, Avg: 0.7, Max: 0.8, Diff: 0.1, Sum: 1.5]
      [Code Root Scanning (ms): Min: 0.0, Avg: 0.0, Max: 0.0, Diff: 0.0, Sum: 0.0]
      [Object Copy (ms): Min: 16.4, Avg: 16.4, Max: 16.4, Diff: 0.1, Sum: 32.8]
      [Termination (ms): Min: 0.0, Avg: 0.0, Max: 0.0, Diff: 0.0, Sum: 0.0]
         [Termination Attempts: Min: 1, Avg: 1.0, Max: 1, Diff: 0, Sum: 2]
      [GC Worker Other (ms): Min: 0.0, Avg: 0.0, Max: 0.0, Diff: 0.0, Sum: 0.0]
      [GC Worker Total (ms): Min: 20.6, Avg: 20.6, Max: 20.6, Diff: 0.1, Sum: 41.2]
      [GC Worker End (ms): Min: 51161725.7, Avg: 51161725.7, Max: 51161725.7, Diff: 0.0]
   [Code Root Fixup: 0.1 ms]
   [Code Root Purge: 0.0 ms]
   [Clear CT: 0.2 ms]
   [Other: 0.7 ms]
      [Choose CSet: 0.0 ms]
      [Ref Proc: 0.2 ms]
      [Ref Enq: 0.0 ms]
      [Redirty Cards: 0.2 ms]
      [Humongous Register: 0.1 ms]
      [Humongous Reclaim: 0.0 ms]
      [Free CSet: 0.0 ms]
   [Eden: 45.0M(45.0M)->0.0B(47.0M) Survivors: 6144.0K->4096.0K Heap: 291.0M(1024.0M)->248.3M(1024.0M)]
 [Times: user=0.04 sys=0.00, real=0.02 secs] 
2017-09-21T09:24:41.996+0900: 51269.249: [GC pause (G1 Evacuation Pause) (young), 0.0339090 secs]
   [Parallel Time: 32.5 ms, GC Workers: 2]
      [GC Worker Start (ms): Min: 51269249.3, Avg: 51269249.4, Max: 51269249.4, Diff: 0.1]
      [Ext Root Scanning (ms): Min: 2.0, Avg: 2.0, Max: 2.1, Diff: 0.1, Sum: 4.1]
      [Update RS (ms): Min: 3.3, Avg: 4.0, Max: 4.7, Diff: 1.4, Sum: 8.0]
         [Processed Buffers: Min: 2, Avg: 16.5, Max: 31, Diff: 29, Sum: 33]
      [Scan RS (ms): Min: 1.9, Avg: 2.6, Max: 3.2, Diff: 1.3, Sum: 5.1]
      [Code Root Scanning (ms): Min: 0.0, Avg: 0.0, Max: 0.0, Diff: 0.0, Sum: 0.0]
      [Object Copy (ms): Min: 22.5, Avg: 23.1, Max: 23.7, Diff: 1.2, Sum: 46.3]
      [Termination (ms): Min: 0.0, Avg: 0.6, Max: 1.2, Diff: 1.2, Sum: 1.2]
         [Termination Attempts: Min: 1, Avg: 1.0, Max: 1, Diff: 0, Sum: 2]
      [GC Worker Other (ms): Min: 0.0, Avg: 0.0, Max: 0.0, Diff: 0.0, Sum: 0.0]
      [GC Worker Total (ms): Min: 32.4, Avg: 32.4, Max: 32.4, Diff: 0.1, Sum: 64.8]
      [GC Worker End (ms): Min: 51269281.8, Avg: 51269281.8, Max: 51269281.8, Diff: 0.0]
   [Code Root Fixup: 0.1 ms]
   [Code Root Purge: 0.0 ms]
   [Clear CT: 0.1 ms]
   [Other: 1.2 ms]
      [Choose CSet: 0.0 ms]
      [Ref Proc: 0.4 ms]
      [Ref Enq: 0.0 ms]
      [Redirty Cards: 0.3 ms]
      [Humongous Register: 0.1 ms]
      [Humongous Reclaim: 0.0 ms]
      [Free CSet: 0.0 ms]
   [Eden: 47.0M(47.0M)->0.0B(45.0M) Survivors: 4096.0K->6144.0K Heap: 295.3M(1024.0M)->250.3M(1024.0M)]
 [Times: user=0.05 sys=0.01, real=0.03 secs] 
2017-09-21T09:26:24.064+0900: 51371.317: [GC pause (G1 Evacuation Pause) (young), 0.0299191 secs]
   [Parallel Time: 27.9 ms, GC Workers: 2]
      [GC Worker Start (ms): Min: 51371317.2, Avg: 51371317.3, Max: 51371317.4, Diff: 0.1]
      [Ext Root Scanning (ms): Min: 2.0, Avg: 2.1, Max: 2.2, Diff: 0.2, Sum: 4.2]
      [Update RS (ms): Min: 2.3, Avg: 2.6, Max: 2.8, Diff: 0.5, Sum: 5.1]
         [Processed Buffers: Min: 11, Avg: 17.0, Max: 23, Diff: 12, Sum: 34]
      [Scan RS (ms): Min: 2.3, Avg: 2.6, Max: 2.8, Diff: 0.5, Sum: 5.1]
      [Code Root Scanning (ms): Min: 0.0, Avg: 0.0, Max: 0.0, Diff: 0.0, Sum: 0.0]
      [Object Copy (ms): Min: 19.9, Avg: 20.0, Max: 20.1, Diff: 0.1, Sum: 40.0]
      [Termination (ms): Min: 0.0, Avg: 0.1, Max: 0.3, Diff: 0.3, Sum: 0.3]
         [Termination Attempts: Min: 1, Avg: 1.0, Max: 1, Diff: 0, Sum: 2]
      [GC Worker Other (ms): Min: 0.0, Avg: 0.0, Max: 0.0, Diff: 0.0, Sum: 0.0]
      [GC Worker Total (ms): Min: 27.2, Avg: 27.4, Max: 27.5, Diff: 0.3, Sum: 54.7]
      [GC Worker End (ms): Min: 51371344.6, Avg: 51371344.7, Max: 51371344.7, Diff: 0.1]
   [Code Root Fixup: 0.2 ms]
   [Code Root Purge: 0.0 ms]
   [Clear CT: 0.3 ms]
   [Other: 1.5 ms]
      [Choose CSet: 0.0 ms]
      [Ref Proc: 0.5 ms]
      [Ref Enq: 0.0 ms]
      [Redirty Cards: 0.5 ms]
      [Humongous Register: 0.1 ms]
      [Humongous Reclaim: 0.0 ms]
      [Free CSet: 0.1 ms]
   [Eden: 45.0M(45.0M)->0.0B(47.0M) Survivors: 6144.0K->4096.0K Heap: 295.3M(1024.0M)->248.4M(1024.0M)]
 [Times: user=0.06 sys=0.00, real=0.03 secs] 
2017-09-21T09:28:11.415+0900: 51478.668: [GC pause (G1 Evacuation Pause) (young), 0.0343690 secs]
   [Parallel Time: 32.1 ms, GC Workers: 2]
      [GC Worker Start (ms): Min: 51478668.0, Avg: 51478668.2, Max: 51478668.3, Diff: 0.2]
      [Ext Root Scanning (ms): Min: 1.8, Avg: 1.9, Max: 2.0, Diff: 0.2, Sum: 3.8]
      [Update RS (ms): Min: 2.1, Avg: 2.2, Max: 2.3, Diff: 0.2, Sum: 4.5]
         [Processed Buffers: Min: 1, Avg: 16.5, Max: 32, Diff: 31, Sum: 33]
      [Scan RS (ms): Min: 3.0, Avg: 3.0, Max: 3.0, Diff: 0.1, Sum: 6.0]
      [Code Root Scanning (ms): Min: 0.0, Avg: 0.0, Max: 0.0, Diff: 0.0, Sum: 0.0]
      [Object Copy (ms): Min: 24.5, Avg: 24.6, Max: 24.7, Diff: 0.1, Sum: 49.2]
      [Termination (ms): Min: 0.0, Avg: 0.0, Max: 0.0, Diff: 0.0, Sum: 0.0]
         [Termination Attempts: Min: 1, Avg: 1.0, Max: 1, Diff: 0, Sum: 2]
      [GC Worker Other (ms): Min: 0.0, Avg: 0.0, Max: 0.0, Diff: 0.0, Sum: 0.1]
      [GC Worker Total (ms): Min: 31.7, Avg: 31.8, Max: 31.9, Diff: 0.2, Sum: 63.6]
      [GC Worker End (ms): Min: 51478699.9, Avg: 51478699.9, Max: 51478699.9, Diff: 0.0]
   [Code Root Fixup: 0.2 ms]
   [Code Root Purge: 0.0 ms]
   [Clear CT: 0.3 ms]
   [Other: 1.8 ms]
      [Choose CSet: 0.0 ms]
      [Ref Proc: 0.7 ms]
      [Ref Enq: 0.0 ms]
      [Redirty Cards: 0.5 ms]
      [Humongous Register: 0.1 ms]
      [Humongous Reclaim: 0.0 ms]
      [Free CSet: 0.1 ms]
   [Eden: 47.0M(47.0M)->0.0B(45.0M) Survivors: 4096.0K->6144.0K Heap: 295.4M(1024.0M)->250.4M(1024.0M)]
 [Times: user=0.06 sys=0.00, real=0.04 secs] 
2017-09-21T09:29:54.132+0900: 51581.385: [GC pause (G1 Evacuation Pause) (young), 0.0134042 secs]
   [Parallel Time: 12.6 ms, GC Workers: 2]
      [GC Worker Start (ms): Min: 51581384.9, Avg: 51581385.0, Max: 51581385.0, Diff: 0.1]
      [Ext Root Scanning (ms): Min: 0.7, Avg: 0.7, Max: 0.7, Diff: 0.1, Sum: 1.4]
      [Update RS (ms): Min: 0.8, Avg: 0.9, Max: 1.0, Diff: 0.2, Sum: 1.7]
         [Processed Buffers: Min: 7, Avg: 16.0, Max: 25, Diff: 18, Sum: 32]
      [Scan RS (ms): Min: 0.7, Avg: 0.8, Max: 0.9, Diff: 0.1, Sum: 1.6]
      [Code Root Scanning (ms): Min: 0.0, Avg: 0.0, Max: 0.0, Diff: 0.0, Sum: 0.0]
      [Object Copy (ms): Min: 10.0, Avg: 10.1, Max: 10.1, Diff: 0.1, Sum: 20.1]
      [Termination (ms): Min: 0.0, Avg: 0.0, Max: 0.0, Diff: 0.0, Sum: 0.0]
         [Termination Attempts: Min: 1, Avg: 1.0, Max: 1, Diff: 0, Sum: 2]
      [GC Worker Other (ms): Min: 0.0, Avg: 0.0, Max: 0.0, Diff: 0.0, Sum: 0.0]
      [GC Worker Total (ms): Min: 12.4, Avg: 12.5, Max: 12.5, Diff: 0.1, Sum: 24.9]
      [GC Worker End (ms): Min: 51581397.4, Avg: 51581397.4, Max: 51581397.4, Diff: 0.0]
   [Code Root Fixup: 0.1 ms]
   [Code Root Purge: 0.0 ms]
   [Clear CT: 0.1 ms]
   [Other: 0.6 ms]
      [Choose CSet: 0.0 ms]
      [Ref Proc: 0.2 ms]
      [Ref Enq: 0.0 ms]
      [Redirty Cards: 0.1 ms]
      [Humongous Register: 0.0 ms]
      [Humongous Reclaim: 0.0 ms]
      [Free CSet: 0.0 ms]
   [Eden: 45.0M(45.0M)->0.0B(44.0M) Survivors: 6144.0K->7168.0K Heap: 295.4M(1024.0M)->252.2M(1024.0M)]
 [Times: user=0.02 sys=0.00, real=0.01 secs] 
2017-09-21T09:31:33.804+0900: 51681.057: [GC pause (G1 Evacuation Pause) (young), 0.0103651 secs]
   [Parallel Time: 9.7 ms, GC Workers: 2]
      [GC Worker Start (ms): Min: 51681057.0, Avg: 51681057.0, Max: 51681057.0, Diff: 0.1]
      [Ext Root Scanning (ms): Min: 0.5, Avg: 0.5, Max: 0.6, Diff: 0.1, Sum: 1.1]
      [Update RS (ms): Min: 0.8, Avg: 0.8, Max: 0.8, Diff: 0.0, Sum: 1.6]
         [Processed Buffers: Min: 8, Avg: 16.5, Max: 25, Diff: 17, Sum: 33]
      [Scan RS (ms): Min: 0.5, Avg: 0.5, Max: 0.5, Diff: 0.0, Sum: 0.9]
      [Code Root Scanning (ms): Min: 0.0, Avg: 0.0, Max: 0.0, Diff: 0.0, Sum: 0.0]
      [Object Copy (ms): Min: 7.8, Avg: 7.8, Max: 7.8, Diff: 0.0, Sum: 15.6]
      [Termination (ms): Min: 0.0, Avg: 0.0, Max: 0.0, Diff: 0.0, Sum: 0.0]
         [Termination Attempts: Min: 1, Avg: 1.0, Max: 1, Diff: 0, Sum: 2]
      [GC Worker Other (ms): Min: 0.0, Avg: 0.0, Max: 0.0, Diff: 0.0, Sum: 0.0]
      [GC Worker Total (ms): Min: 9.6, Avg: 9.6, Max: 9.6, Diff: 0.1, Sum: 19.2]
      [GC Worker End (ms): Min: 51681066.6, Avg: 51681066.6, Max: 51681066.6, Diff: 0.0]
   [Code Root Fixup: 0.0 ms]
   [Code Root Purge: 0.0 ms]
   [Clear CT: 0.1 ms]
   [Other: 0.5 ms]
      [Choose CSet: 0.0 ms]
      [Ref Proc: 0.2 ms]
      [Ref Enq: 0.0 ms]
      [Redirty Cards: 0.1 ms]
      [Humongous Register: 0.0 ms]
      [Humongous Reclaim: 0.0 ms]
      [Free CSet: 0.0 ms]
   [Eden: 44.0M(44.0M)->0.0B(44.0M) Survivors: 7168.0K->7168.0K Heap: 296.2M(1024.0M)->254.1M(1024.0M)]
 [Times: user=0.02 sys=0.00, real=0.01 secs] 
2017-09-21T09:33:13.913+0900: 51781.166: [GC pause (G1 Evacuation Pause) (young), 0.0051732 secs]
   [Parallel Time: 4.5 ms, GC Workers: 2]
      [GC Worker Start (ms): Min: 51781166.5, Avg: 51781166.5, Max: 51781166.5, Diff: 0.0]
      [Ext Root Scanning (ms): Min: 0.5, Avg: 0.5, Max: 0.5, Diff: 0.0, Sum: 1.0]
      [Update RS (ms): Min: 0.8, Avg: 0.8, Max: 0.8, Diff: 0.0, Sum: 1.6]
         [Processed Buffers: Min: 10, Avg: 16.5, Max: 23, Diff: 13, Sum: 33]
      [Scan RS (ms): Min: 0.5, Avg: 0.6, Max: 0.6, Diff: 0.0, Sum: 1.1]
      [Code Root Scanning (ms): Min: 0.0, Avg: 0.0, Max: 0.0, Diff: 0.0, Sum: 0.0]
      [Object Copy (ms): Min: 2.4, Avg: 2.5, Max: 2.5, Diff: 0.0, Sum: 4.9]
      [Termination (ms): Min: 0.0, Avg: 0.0, Max: 0.1, Diff: 0.1, Sum: 0.1]
         [Termination Attempts: Min: 1, Avg: 1.0, Max: 1, Diff: 0, Sum: 2]
      [GC Worker Other (ms): Min: 0.0, Avg: 0.0, Max: 0.0, Diff: 0.0, Sum: 0.0]
      [GC Worker Total (ms): Min: 4.3, Avg: 4.3, Max: 4.3, Diff: 0.0, Sum: 8.6]
      [GC Worker End (ms): Min: 51781170.8, Avg: 51781170.8, Max: 51781170.8, Diff: 0.0]
   [Code Root Fixup: 0.0 ms]
   [Code Root Purge: 0.0 ms]
   [Clear CT: 0.1 ms]
   [Other: 0.6 ms]
      [Choose CSet: 0.0 ms]
      [Ref Proc: 0.2 ms]
      [Ref Enq: 0.0 ms]
      [Redirty Cards: 0.2 ms]
      [Humongous Register: 0.0 ms]
      [Humongous Reclaim: 0.0 ms]
      [Free CSet: 0.0 ms]
   [Eden: 44.0M(44.0M)->0.0B(83.0M) Survivors: 7168.0K->3072.0K Heap: 298.1M(1024.0M)->251.5M(1024.0M)]
 [Times: user=0.01 sys=0.00, real=0.01 secs] 
2017-09-21T09:36:22.082+0900: 51969.335: [GC pause (G1 Evacuation Pause) (young), 0.0346791 secs]
   [Parallel Time: 33.1 ms, GC Workers: 2]
      [GC Worker Start (ms): Min: 51969335.1, Avg: 51969335.3, Max: 51969335.4, Diff: 0.3]
      [Ext Root Scanning (ms): Min: 2.2, Avg: 2.5, Max: 2.8, Diff: 0.5, Sum: 5.0]
      [Update RS (ms): Min: 4.7, Avg: 5.0, Max: 5.2, Diff: 0.4, Sum: 9.9]
         [Processed Buffers: Min: 10, Avg: 16.5, Max: 23, Diff: 13, Sum: 33]
      [Scan RS (ms): Min: 2.0, Avg: 2.4, Max: 2.8, Diff: 0.8, Sum: 4.8]
      [Code Root Scanning (ms): Min: 0.0, Avg: 0.0, Max: 0.0, Diff: 0.0, Sum: 0.0]
      [Object Copy (ms): Min: 23.0, Avg: 23.1, Max: 23.1, Diff: 0.1, Sum: 46.1]
      [Termination (ms): Min: 0.0, Avg: 0.0, Max: 0.0, Diff: 0.0, Sum: 0.0]
         [Termination Attempts: Min: 1, Avg: 1.0, Max: 1, Diff: 0, Sum: 2]
      [GC Worker Other (ms): Min: 0.0, Avg: 0.0, Max: 0.0, Diff: 0.0, Sum: 0.0]
      [GC Worker Total (ms): Min: 32.8, Avg: 32.9, Max: 33.1, Diff: 0.3, Sum: 65.9]
      [GC Worker End (ms): Min: 51969368.2, Avg: 51969368.2, Max: 51969368.2, Diff: 0.0]
   [Code Root Fixup: 0.1 ms]
   [Code Root Purge: 0.0 ms]
   [Clear CT: 0.2 ms]
   [Other: 1.2 ms]
      [Choose CSet: 0.0 ms]
      [Ref Proc: 0.4 ms]
      [Ref Enq: 0.0 ms]
      [Redirty Cards: 0.3 ms]
      [Humongous Register: 0.1 ms]
      [Humongous Reclaim: 0.0 ms]
      [Free CSet: 0.1 ms]
   [Eden: 83.0M(83.0M)->0.0B(45.0M) Survivors: 3072.0K->6144.0K Heap: 334.5M(1024.0M)->254.5M(1024.0M)]
 [Times: user=0.07 sys=0.00, real=0.04 secs] 
2017-09-21T09:38:04.767+0900: 52072.020: [GC pause (G1 Evacuation Pause) (young), 0.0116140 secs]
   [Parallel Time: 10.9 ms, GC Workers: 2]
      [GC Worker Start (ms): Min: 52072019.9, Avg: 52072020.0, Max: 52072020.0, Diff: 0.0]
      [Ext Root Scanning (ms): Min: 0.9, Avg: 0.9, Max: 1.0, Diff: 0.1, Sum: 1.9]
      [Update RS (ms): Min: 0.7, Avg: 0.8, Max: 0.9, Diff: 0.3, Sum: 1.6]
         [Processed Buffers: Min: 16, Avg: 16.5, Max: 17, Diff: 1, Sum: 33]
      [Scan RS (ms): Min: 0.4, Avg: 0.5, Max: 0.7, Diff: 0.3, Sum: 1.0]
      [Code Root Scanning (ms): Min: 0.0, Avg: 0.0, Max: 0.0, Diff: 0.0, Sum: 0.0]
      [Object Copy (ms): Min: 8.3, Avg: 8.4, Max: 8.4, Diff: 0.1, Sum: 16.7]
      [Termination (ms): Min: 0.0, Avg: 0.0, Max: 0.0, Diff: 0.0, Sum: 0.0]
         [Termination Attempts: Min: 1, Avg: 1.0, Max: 1, Diff: 0, Sum: 2]
      [GC Worker Other (ms): Min: 0.0, Avg: 0.0, Max: 0.0, Diff: 0.0, Sum: 0.0]
      [GC Worker Total (ms): Min: 10.6, Avg: 10.7, Max: 10.7, Diff: 0.0, Sum: 21.3]
      [GC Worker End (ms): Min: 52072030.6, Avg: 52072030.6, Max: 52072030.6, Diff: 0.0]
   [Code Root Fixup: 0.1 ms]
   [Code Root Purge: 0.0 ms]
   [Clear CT: 0.1 ms]
   [Other: 0.6 ms]
      [Choose CSet: 0.0 ms]
      [Ref Proc: 0.2 ms]
      [Ref Enq: 0.0 ms]
      [Redirty Cards: 0.1 ms]
      [Humongous Register: 0.0 ms]
      [Humongous Reclaim: 0.0 ms]
      [Free CSet: 0.0 ms]
   [Eden: 45.0M(45.0M)->0.0B(45.0M) Survivors: 6144.0K->6144.0K Heap: 299.5M(1024.0M)->255.7M(1024.0M)]
 [Times: user=0.02 sys=0.00, real=0.02 secs] 
2017-09-21T09:39:47.782+0900: 52175.035: [GC pause (G1 Evacuation Pause) (young), 0.0423865 secs]
   [Parallel Time: 41.0 ms, GC Workers: 2]
      [GC Worker Start (ms): Min: 52175035.3, Avg: 52175035.3, Max: 52175035.4, Diff: 0.1]
      [Ext Root Scanning (ms): Min: 1.8, Avg: 1.9, Max: 2.0, Diff: 0.2, Sum: 3.8]
      [Update RS (ms): Min: 3.6, Avg: 3.6, Max: 3.6, Diff: 0.0, Sum: 7.2]
         [Processed Buffers: Min: 11, Avg: 17.0, Max: 23, Diff: 12, Sum: 34]
      [Scan RS (ms): Min: 2.4, Avg: 2.6, Max: 2.8, Diff: 0.3, Sum: 5.2]
      [Code Root Scanning (ms): Min: 0.0, Avg: 0.0, Max: 0.0, Diff: 0.0, Sum: 0.0]
      [Object Copy (ms): Min: 32.6, Avg: 32.8, Max: 33.0, Diff: 0.4, Sum: 65.6]
      [Termination (ms): Min: 0.0, Avg: 0.0, Max: 0.0, Diff: 0.0, Sum: 0.0]
         [Termination Attempts: Min: 1, Avg: 1.0, Max: 1, Diff: 0, Sum: 2]
      [GC Worker Other (ms): Min: 0.0, Avg: 0.0, Max: 0.0, Diff: 0.0, Sum: 0.0]
      [GC Worker Total (ms): Min: 40.8, Avg: 40.9, Max: 40.9, Diff: 0.1, Sum: 81.8]
      [GC Worker End (ms): Min: 52175076.2, Avg: 52175076.2, Max: 52175076.2, Diff: 0.0]
   [Code Root Fixup: 0.2 ms]
   [Code Root Purge: 0.0 ms]
   [Clear CT: 0.2 ms]
   [Other: 1.1 ms]
      [Choose CSet: 0.0 ms]
      [Ref Proc: 0.4 ms]
      [Ref Enq: 0.0 ms]
      [Redirty Cards: 0.2 ms]
      [Humongous Register: 0.1 ms]
      [Humongous Reclaim: 0.0 ms]
      [Free CSet: 0.1 ms]
   [Eden: 45.0M(45.0M)->0.0B(46.0M) Survivors: 6144.0K->5120.0K Heap: 300.7M(1024.0M)->258.9M(1024.0M)]
 [Times: user=0.08 sys=0.00, real=0.04 secs] 
2017-09-21T09:41:31.691+0900: 52278.944: [GC pause (G1 Evacuation Pause) (young), 0.0418128 secs]
   [Parallel Time: 40.7 ms, GC Workers: 2]
      [GC Worker Start (ms): Min: 52278944.5, Avg: 52278944.5, Max: 52278944.6, Diff: 0.1]
      [Ext Root Scanning (ms): Min: 1.9, Avg: 2.0, Max: 2.1, Diff: 0.1, Sum: 4.0]
      [Update RS (ms): Min: 3.9, Avg: 3.9, Max: 3.9, Diff: 0.0, Sum: 7.9]
         [Processed Buffers: Min: 10, Avg: 18.0, Max: 26, Diff: 16, Sum: 36]
      [Scan RS (ms): Min: 2.5, Avg: 2.5, Max: 2.6, Diff: 0.1, Sum: 5.0]
      [Code Root Scanning (ms): Min: 0.0, Avg: 0.0, Max: 0.0, Diff: 0.0, Sum: 0.0]
      [Object Copy (ms): Min: 31.7, Avg: 31.8, Max: 31.9, Diff: 0.1, Sum: 63.6]
      [Termination (ms): Min: 0.0, Avg: 0.0, Max: 0.0, Diff: 0.0, Sum: 0.0]
         [Termination Attempts: Min: 1, Avg: 1.0, Max: 1, Diff: 0, Sum: 2]
      [GC Worker Other (ms): Min: 0.0, Avg: 0.0, Max: 0.0, Diff: 0.0, Sum: 0.0]
      [GC Worker Total (ms): Min: 40.2, Avg: 40.2, Max: 40.3, Diff: 0.1, Sum: 80.5]
      [GC Worker End (ms): Min: 52278984.8, Avg: 52278984.8, Max: 52278984.8, Diff: 0.0]
   [Code Root Fixup: 0.1 ms]
   [Code Root Purge: 0.0 ms]
   [Clear CT: 0.2 ms]
   [Other: 0.8 ms]
      [Choose CSet: 0.0 ms]
      [Ref Proc: 0.2 ms]
      [Ref Enq: 0.0 ms]
      [Redirty Cards: 0.2 ms]
      [Humongous Register: 0.1 ms]
      [Humongous Reclaim: 0.0 ms]
      [Free CSet: 0.0 ms]
   [Eden: 46.0M(46.0M)->0.0B(44.0M) Survivors: 5120.0K->7168.0K Heap: 304.9M(1024.0M)->260.9M(1024.0M)]
 [Times: user=0.08 sys=0.00, real=0.04 secs] 
2017-09-21T09:43:11.456+0900: 52378.709: [GC pause (G1 Evacuation Pause) (young), 0.0247331 secs]
   [Parallel Time: 22.9 ms, GC Workers: 2]
      [GC Worker Start (ms): Min: 52378709.1, Avg: 52378709.2, Max: 52378709.3, Diff: 0.1]
      [Ext Root Scanning (ms): Min: 1.8, Avg: 1.9, Max: 2.0, Diff: 0.2, Sum: 3.9]
      [Update RS (ms): Min: 2.2, Avg: 2.4, Max: 2.5, Diff: 0.2, Sum: 4.7]
         [Processed Buffers: Min: 10, Avg: 16.0, Max: 22, Diff: 12, Sum: 32]
      [Scan RS (ms): Min: 2.2, Avg: 2.3, Max: 2.4, Diff: 0.2, Sum: 4.6]
      [Code Root Scanning (ms): Min: 0.0, Avg: 0.0, Max: 0.0, Diff: 0.0, Sum: 0.0]
      [Object Copy (ms): Min: 15.9, Avg: 15.9, Max: 15.9, Diff: 0.0, Sum: 31.8]
      [Termination (ms): Min: 0.0, Avg: 0.0, Max: 0.0, Diff: 0.0, Sum: 0.0]
         [Termination Attempts: Min: 1, Avg: 1.0, Max: 1, Diff: 0, Sum: 2]
      [GC Worker Other (ms): Min: 0.0, Avg: 0.0, Max: 0.0, Diff: 0.0, Sum: 0.0]
      [GC Worker Total (ms): Min: 22.5, Avg: 22.5, Max: 22.6, Diff: 0.1, Sum: 45.1]
      [GC Worker End (ms): Min: 52378731.8, Avg: 52378731.8, Max: 52378731.8, Diff: 0.0]
   [Code Root Fixup: 0.2 ms]
   [Code Root Purge: 0.0 ms]
   [Clear CT: 0.2 ms]
   [Other: 1.5 ms]
      [Choose CSet: 0.0 ms]
      [Ref Proc: 0.6 ms]
      [Ref Enq: 0.0 ms]
      [Redirty Cards: 0.3 ms]
      [Humongous Register: 0.1 ms]
      [Humongous Reclaim: 0.0 ms]
      [Free CSet: 0.0 ms]
   [Eden: 44.0M(44.0M)->0.0B(47.0M) Survivors: 7168.0K->4096.0K Heap: 304.9M(1024.0M)->258.8M(1024.0M)]
 [Times: user=0.04 sys=0.00, real=0.02 secs] 
2017-09-21T09:44:58.231+0900: 52485.484: [GC pause (G1 Evacuation Pause) (young), 0.0347341 secs]
   [Parallel Time: 32.6 ms, GC Workers: 2]
      [GC Worker Start (ms): Min: 52485484.1, Avg: 52485484.2, Max: 52485484.2, Diff: 0.1]
      [Ext Root Scanning (ms): Min: 2.3, Avg: 2.4, Max: 2.4, Diff: 0.1, Sum: 4.7]
      [Update RS (ms): Min: 2.7, Avg: 2.8, Max: 3.0, Diff: 0.3, Sum: 5.7]
         [Processed Buffers: Min: 13, Avg: 15.0, Max: 17, Diff: 4, Sum: 30]
      [Scan RS (ms): Min: 5.7, Avg: 5.7, Max: 5.8, Diff: 0.1, Sum: 11.5]
      [Code Root Scanning (ms): Min: 0.0, Avg: 0.0, Max: 0.0, Diff: 0.0, Sum: 0.0]
      [Object Copy (ms): Min: 20.9, Avg: 21.1, Max: 21.2, Diff: 0.3, Sum: 42.1]
      [Termination (ms): Min: 0.0, Avg: 0.1, Max: 0.1, Diff: 0.1, Sum: 0.1]
         [Termination Attempts: Min: 1, Avg: 1.0, Max: 1, Diff: 0, Sum: 2]
      [GC Worker Other (ms): Min: 0.0, Avg: 0.0, Max: 0.0, Diff: 0.0, Sum: 0.1]
      [GC Worker Total (ms): Min: 32.0, Avg: 32.1, Max: 32.1, Diff: 0.1, Sum: 64.2]
      [GC Worker End (ms): Min: 52485516.2, Avg: 52485516.3, Max: 52485516.3, Diff: 0.1]
   [Code Root Fixup: 0.2 ms]
   [Code Root Purge: 0.0 ms]
   [Clear CT: 0.1 ms]
   [Other: 1.8 ms]
      [Choose CSet: 0.0 ms]
      [Ref Proc: 0.6 ms]
      [Ref Enq: 0.0 ms]
      [Redirty Cards: 0.6 ms]
      [Humongous Register: 0.1 ms]
      [Humongous Reclaim: 0.0 ms]
      [Free CSet: 0.1 ms]
   [Eden: 47.0M(47.0M)->0.0B(46.0M) Survivors: 4096.0K->5120.0K Heap: 305.8M(1024.0M)->260.3M(1024.0M)]
 [Times: user=0.07 sys=0.00, real=0.03 secs] 
2017-09-21T09:46:42.967+0900: 52590.220: [GC pause (G1 Evacuation Pause) (young), 0.0233663 secs]
   [Parallel Time: 22.3 ms, GC Workers: 2]
      [GC Worker Start (ms): Min: 52590220.4, Avg: 52590220.5, Max: 52590220.5, Diff: 0.1]
      [Ext Root Scanning (ms): Min: 1.0, Avg: 1.1, Max: 1.1, Diff: 0.1, Sum: 2.1]
      [Update RS (ms): Min: 1.1, Avg: 1.3, Max: 1.5, Diff: 0.4, Sum: 2.6]
         [Processed Buffers: Min: 12, Avg: 16.0, Max: 20, Diff: 8, Sum: 32]
      [Scan RS (ms): Min: 1.7, Avg: 1.8, Max: 2.0, Diff: 0.3, Sum: 3.7]
      [Code Root Scanning (ms): Min: 0.0, Avg: 0.0, Max: 0.0, Diff: 0.0, Sum: 0.0]
      [Object Copy (ms): Min: 17.9, Avg: 18.0, Max: 18.0, Diff: 0.1, Sum: 35.9]
      [Termination (ms): Min: 0.0, Avg: 0.0, Max: 0.0, Diff: 0.0, Sum: 0.0]
         [Termination Attempts: Min: 1, Avg: 2.0, Max: 3, Diff: 2, Sum: 4]
      [GC Worker Other (ms): Min: 0.0, Avg: 0.0, Max: 0.0, Diff: 0.0, Sum: 0.0]
      [GC Worker Total (ms): Min: 22.2, Avg: 22.2, Max: 22.3, Diff: 0.1, Sum: 44.4]
      [GC Worker End (ms): Min: 52590242.7, Avg: 52590242.7, Max: 52590242.7, Diff: 0.0]
   [Code Root Fixup: 0.1 ms]
   [Code Root Purge: 0.0 ms]
   [Clear CT: 0.1 ms]
   [Other: 0.9 ms]
      [Choose CSet: 0.0 ms]
      [Ref Proc: 0.3 ms]
      [Ref Enq: 0.0 ms]
      [Redirty Cards: 0.2 ms]
      [Humongous Register: 0.0 ms]
      [Humongous Reclaim: 0.0 ms]
      [Free CSet: 0.0 ms]
   [Eden: 46.0M(46.0M)->0.0B(44.0M) Survivors: 5120.0K->7168.0K Heap: 306.3M(1024.0M)->262.6M(1024.0M)]
 [Times: user=0.05 sys=0.00, real=0.03 secs] 
2017-09-21T09:48:23.661+0900: 52690.914: [GC pause (G1 Evacuation Pause) (young), 0.0251121 secs]
   [Parallel Time: 23.7 ms, GC Workers: 2]
      [GC Worker Start (ms): Min: 52690914.7, Avg: 52690914.8, Max: 52690914.8, Diff: 0.1]
      [Ext Root Scanning (ms): Min: 1.0, Avg: 1.1, Max: 1.1, Diff: 0.1, Sum: 2.1]
      [Update RS (ms): Min: 1.9, Avg: 2.0, Max: 2.1, Diff: 0.3, Sum: 4.0]
         [Processed Buffers: Min: 10, Avg: 16.0, Max: 22, Diff: 12, Sum: 32]
      [Scan RS (ms): Min: 0.9, Avg: 1.1, Max: 1.2, Diff: 0.3, Sum: 2.2]
      [Code Root Scanning (ms): Min: 0.0, Avg: 0.0, Max: 0.0, Diff: 0.0, Sum: 0.0]
      [Object Copy (ms): Min: 19.4, Avg: 19.4, Max: 19.5, Diff: 0.1, Sum: 38.9]
      [Termination (ms): Min: 0.0, Avg: 0.0, Max: 0.0, Diff: 0.0, Sum: 0.0]
         [Termination Attempts: Min: 1, Avg: 1.5, Max: 2, Diff: 1, Sum: 3]
      [GC Worker Other (ms): Min: 0.0, Avg: 0.0, Max: 0.0, Diff: 0.0, Sum: 0.0]
      [GC Worker Total (ms): Min: 23.6, Avg: 23.6, Max: 23.7, Diff: 0.1, Sum: 47.2]
      [GC Worker End (ms): Min: 52690938.4, Avg: 52690938.4, Max: 52690938.4, Diff: 0.0]
   [Code Root Fixup: 0.1 ms]
   [Code Root Purge: 0.0 ms]
   [Clear CT: 0.3 ms]
   [Other: 1.0 ms]
      [Choose CSet: 0.0 ms]
      [Ref Proc: 0.4 ms]
      [Ref Enq: 0.0 ms]
      [Redirty Cards: 0.3 ms]
      [Humongous Register: 0.1 ms]
      [Humongous Reclaim: 0.0 ms]
      [Free CSet: 0.0 ms]
   [Eden: 44.0M(44.0M)->0.0B(46.0M) Survivors: 7168.0K->5120.0K Heap: 306.6M(1024.0M)->264.8M(1024.0M)]
 [Times: user=0.05 sys=0.00, real=0.02 secs] 
2017-09-21T09:50:08.669+0900: 52795.922: [GC pause (G1 Evacuation Pause) (young), 0.0048353 secs]
   [Parallel Time: 4.2 ms, GC Workers: 2]
      [GC Worker Start (ms): Min: 52795922.3, Avg: 52795922.3, Max: 52795922.3, Diff: 0.0]
      [Ext Root Scanning (ms): Min: 0.5, Avg: 0.6, Max: 0.6, Diff: 0.1, Sum: 1.1]
      [Update RS (ms): Min: 0.8, Avg: 0.9, Max: 1.0, Diff: 0.2, Sum: 1.8]
         [Processed Buffers: Min: 11, Avg: 15.5, Max: 20, Diff: 9, Sum: 31]
      [Scan RS (ms): Min: 0.7, Avg: 0.8, Max: 0.9, Diff: 0.2, Sum: 1.6]
      [Code Root Scanning (ms): Min: 0.0, Avg: 0.0, Max: 0.0, Diff: 0.0, Sum: 0.0]
      [Object Copy (ms): Min: 1.9, Avg: 1.9, Max: 1.9, Diff: 0.1, Sum: 3.8]
      [Termination (ms): Min: 0.0, Avg: 0.0, Max: 0.0, Diff: 0.0, Sum: 0.0]
         [Termination Attempts: Min: 1, Avg: 1.0, Max: 1, Diff: 0, Sum: 2]
      [GC Worker Other (ms): Min: 0.0, Avg: 0.0, Max: 0.0, Diff: 0.0, Sum: 0.0]
      [GC Worker Total (ms): Min: 4.2, Avg: 4.2, Max: 4.2, Diff: 0.0, Sum: 8.4]
      [GC Worker End (ms): Min: 52795926.5, Avg: 52795926.5, Max: 52795926.5, Diff: 0.0]
   [Code Root Fixup: 0.0 ms]
   [Code Root Purge: 0.0 ms]
   [Clear CT: 0.0 ms]
   [Other: 0.5 ms]
      [Choose CSet: 0.0 ms]
      [Ref Proc: 0.2 ms]
      [Ref Enq: 0.0 ms]
      [Redirty Cards: 0.1 ms]
      [Humongous Register: 0.0 ms]
      [Humongous Reclaim: 0.0 ms]
      [Free CSet: 0.0 ms]
   [Eden: 46.0M(46.0M)->0.0B(53.0M) Survivors: 5120.0K->3072.0K Heap: 310.8M(1024.0M)->262.8M(1024.0M)]
 [Times: user=0.01 sys=0.00, real=0.00 secs] 
2017-09-21T09:52:08.611+0900: 52915.864: [GC pause (G1 Evacuation Pause) (young), 0.0295384 secs]
   [Parallel Time: 28.0 ms, GC Workers: 2]
      [GC Worker Start (ms): Min: 52915864.8, Avg: 52915865.0, Max: 52915865.2, Diff: 0.4]
      [Ext Root Scanning (ms): Min: 1.6, Avg: 1.8, Max: 2.0, Diff: 0.4, Sum: 3.5]
      [Update RS (ms): Min: 3.0, Avg: 3.0, Max: 3.0, Diff: 0.1, Sum: 6.0]
         [Processed Buffers: Min: 10, Avg: 17.0, Max: 24, Diff: 14, Sum: 34]
      [Scan RS (ms): Min: 3.8, Avg: 3.8, Max: 3.8, Diff: 0.1, Sum: 7.6]
      [Code Root Scanning (ms): Min: 0.0, Avg: 0.0, Max: 0.0, Diff: 0.0, Sum: 0.0]
      [Object Copy (ms): Min: 18.8, Avg: 18.8, Max: 18.9, Diff: 0.1, Sum: 37.7]
      [Termination (ms): Min: 0.0, Avg: 0.0, Max: 0.0, Diff: 0.0, Sum: 0.0]
         [Termination Attempts: Min: 1, Avg: 1.0, Max: 1, Diff: 0, Sum: 2]
      [GC Worker Other (ms): Min: 0.0, Avg: 0.0, Max: 0.0, Diff: 0.0, Sum: 0.1]
      [GC Worker Total (ms): Min: 27.2, Avg: 27.4, Max: 27.6, Diff: 0.4, Sum: 54.8]
      [GC Worker End (ms): Min: 52915892.4, Avg: 52915892.4, Max: 52915892.4, Diff: 0.0]
   [Code Root Fixup: 0.2 ms]
   [Code Root Purge: 0.0 ms]
   [Clear CT: 0.2 ms]
   [Other: 1.2 ms]
      [Choose CSet: 0.0 ms]
      [Ref Proc: 0.4 ms]
      [Ref Enq: 0.0 ms]
      [Redirty Cards: 0.3 ms]
      [Humongous Register: 0.1 ms]
      [Humongous Reclaim: 0.0 ms]
      [Free CSet: 0.1 ms]
   [Eden: 53.0M(53.0M)->0.0B(46.0M) Survivors: 3072.0K->5120.0K Heap: 315.8M(1024.0M)->264.8M(1024.0M)]
 [Times: user=0.06 sys=0.00, real=0.03 secs] 
2017-09-21T09:53:53.286+0900: 53020.539: [GC pause (G1 Evacuation Pause) (young), 0.0422716 secs]
   [Parallel Time: 38.3 ms, GC Workers: 2]
      [GC Worker Start (ms): Min: 53020539.2, Avg: 53020539.3, Max: 53020539.3, Diff: 0.1]
      [Ext Root Scanning (ms): Min: 2.0, Avg: 2.1, Max: 2.2, Diff: 0.2, Sum: 4.2]
      [Update RS (ms): Min: 2.8, Avg: 2.9, Max: 3.0, Diff: 0.2, Sum: 5.7]
         [Processed Buffers: Min: 10, Avg: 16.0, Max: 22, Diff: 12, Sum: 32]
      [Scan RS (ms): Min: 2.6, Avg: 2.7, Max: 2.8, Diff: 0.2, Sum: 5.5]
      [Code Root Scanning (ms): Min: 0.0, Avg: 0.0, Max: 0.0, Diff: 0.0, Sum: 0.0]
      [Object Copy (ms): Min: 30.4, Avg: 30.4, Max: 30.5, Diff: 0.1, Sum: 60.9]
      [Termination (ms): Min: 0.0, Avg: 0.0, Max: 0.0, Diff: 0.0, Sum: 0.0]
         [Termination Attempts: Min: 1, Avg: 1.0, Max: 1, Diff: 0, Sum: 2]
      [GC Worker Other (ms): Min: 0.0, Avg: 0.0, Max: 0.0, Diff: 0.0, Sum: 0.0]
      [GC Worker Total (ms): Min: 38.1, Avg: 38.1, Max: 38.2, Diff: 0.1, Sum: 76.3]
      [GC Worker End (ms): Min: 53020577.4, Avg: 53020577.4, Max: 53020577.4, Diff: 0.0]
   [Code Root Fixup: 0.2 ms]
   [Code Root Purge: 0.0 ms]
   [Clear CT: 0.3 ms]
   [Other: 3.4 ms]
      [Choose CSet: 0.0 ms]
      [Ref Proc: 2.2 ms]
      [Ref Enq: 0.0 ms]
      [Redirty Cards: 0.7 ms]
      [Humongous Register: 0.1 ms]
      [Humongous Reclaim: 0.0 ms]
      [Free CSet: 0.1 ms]
   [Eden: 46.0M(46.0M)->0.0B(45.0M) Survivors: 5120.0K->6144.0K Heap: 310.8M(1024.0M)->266.3M(1024.0M)]
 [Times: user=0.08 sys=0.00, real=0.05 secs] 
2017-09-21T09:55:36.082+0900: 53123.335: [GC pause (G1 Evacuation Pause) (young), 0.0363789 secs]
   [Parallel Time: 35.1 ms, GC Workers: 2]
      [GC Worker Start (ms): Min: 53123335.4, Avg: 53123335.4, Max: 53123335.5, Diff: 0.2]
      [Ext Root Scanning (ms): Min: 2.0, Avg: 2.1, Max: 2.2, Diff: 0.3, Sum: 4.2]
      [Update RS (ms): Min: 3.2, Avg: 3.2, Max: 3.3, Diff: 0.1, Sum: 6.4]
         [Processed Buffers: Min: 12, Avg: 15.0, Max: 18, Diff: 6, Sum: 30]
      [Scan RS (ms): Min: 2.1, Avg: 2.2, Max: 2.2, Diff: 0.0, Sum: 4.3]
      [Code Root Scanning (ms): Min: 0.0, Avg: 0.0, Max: 0.0, Diff: 0.0, Sum: 0.0]
      [Object Copy (ms): Min: 27.4, Avg: 27.4, Max: 27.5, Diff: 0.1, Sum: 54.8]
      [Termination (ms): Min: 0.0, Avg: 0.0, Max: 0.1, Diff: 0.1, Sum: 0.1]
         [Termination Attempts: Min: 1, Avg: 1.5, Max: 2, Diff: 1, Sum: 3]
      [GC Worker Other (ms): Min: 0.0, Avg: 0.0, Max: 0.0, Diff: 0.0, Sum: 0.0]
      [GC Worker Total (ms): Min: 34.9, Avg: 34.9, Max: 35.0, Diff: 0.1, Sum: 69.9]
      [GC Worker End (ms): Min: 53123370.4, Avg: 53123370.4, Max: 53123370.4, Diff: 0.0]
   [Code Root Fixup: 0.1 ms]
   [Code Root Purge: 0.0 ms]
   [Clear CT: 0.1 ms]
   [Other: 1.0 ms]
      [Choose CSet: 0.0 ms]
      [Ref Proc: 0.4 ms]
      [Ref Enq: 0.0 ms]
      [Redirty Cards: 0.3 ms]
      [Humongous Register: 0.1 ms]
      [Humongous Reclaim: 0.0 ms]
      [Free CSet: 0.0 ms]
   [Eden: 45.0M(45.0M)->0.0B(46.0M) Survivors: 6144.0K->5120.0K Heap: 311.3M(1024.0M)->268.1M(1024.0M)]
 [Times: user=0.07 sys=0.00, real=0.04 secs] 
2017-09-21T09:57:20.143+0900: 53227.396: [GC pause (G1 Evacuation Pause) (young), 0.0400093 secs]
   [Parallel Time: 38.7 ms, GC Workers: 2]
      [GC Worker Start (ms): Min: 53227396.8, Avg: 53227396.9, Max: 53227396.9, Diff: 0.1]
      [Ext Root Scanning (ms): Min: 1.8, Avg: 1.8, Max: 1.9, Diff: 0.0, Sum: 3.7]
      [Update RS (ms): Min: 4.2, Avg: 4.8, Max: 5.3, Diff: 1.1, Sum: 9.5]
         [Processed Buffers: Min: 11, Avg: 16.0, Max: 21, Diff: 10, Sum: 32]
      [Scan RS (ms): Min: 2.3, Avg: 2.9, Max: 3.6, Diff: 1.3, Sum: 5.9]
      [Code Root Scanning (ms): Min: 0.0, Avg: 0.0, Max: 0.0, Diff: 0.0, Sum: 0.0]
      [Object Copy (ms): Min: 28.8, Avg: 28.9, Max: 29.0, Diff: 0.2, Sum: 57.8]
      [Termination (ms): Min: 0.0, Avg: 0.0, Max: 0.0, Diff: 0.0, Sum: 0.0]
         [Termination Attempts: Min: 1, Avg: 1.0, Max: 1, Diff: 0, Sum: 2]
      [GC Worker Other (ms): Min: 0.0, Avg: 0.0, Max: 0.0, Diff: 0.0, Sum: 0.0]
      [GC Worker Total (ms): Min: 38.4, Avg: 38.5, Max: 38.5, Diff: 0.1, Sum: 77.0]
      [GC Worker End (ms): Min: 53227435.3, Avg: 53227435.3, Max: 53227435.3, Diff: 0.0]
   [Code Root Fixup: 0.1 ms]
   [Code Root Purge: 0.0 ms]
   [Clear CT: 0.1 ms]
   [Other: 1.1 ms]
      [Choose CSet: 0.0 ms]
      [Ref Proc: 0.4 ms]
      [Ref Enq: 0.0 ms]
      [Redirty Cards: 0.3 ms]
      [Humongous Register: 0.1 ms]
      [Humongous Reclaim: 0.0 ms]
      [Free CSet: 0.1 ms]
   [Eden: 46.0M(46.0M)->0.0B(44.0M) Survivors: 5120.0K->7168.0K Heap: 314.1M(1024.0M)->270.1M(1024.0M)]
 [Times: user=0.08 sys=0.00, real=0.04 secs] 
2017-09-21T09:59:00.789+0900: 53328.042: [GC pause (G1 Evacuation Pause) (young), 0.0213024 secs]
   [Parallel Time: 19.0 ms, GC Workers: 2]
      [GC Worker Start (ms): Min: 53328042.7, Avg: 53328042.8, Max: 53328042.8, Diff: 0.1]
      [Ext Root Scanning (ms): Min: 1.8, Avg: 1.9, Max: 1.9, Diff: 0.1, Sum: 3.7]
      [Update RS (ms): Min: 1.6, Avg: 1.8, Max: 2.0, Diff: 0.4, Sum: 3.6]
         [Processed Buffers: Min: 11, Avg: 15.5, Max: 20, Diff: 9, Sum: 31]
      [Scan RS (ms): Min: 2.3, Avg: 2.5, Max: 2.6, Diff: 0.3, Sum: 4.9]
      [Code Root Scanning (ms): Min: 0.0, Avg: 0.0, Max: 0.0, Diff: 0.0, Sum: 0.0]
      [Object Copy (ms): Min: 12.5, Avg: 12.5, Max: 12.6, Diff: 0.2, Sum: 25.1]
      [Termination (ms): Min: 0.0, Avg: 0.0, Max: 0.0, Diff: 0.0, Sum: 0.0]
         [Termination Attempts: Min: 1, Avg: 1.0, Max: 1, Diff: 0, Sum: 2]
      [GC Worker Other (ms): Min: 0.0, Avg: 0.0, Max: 0.0, Diff: 0.0, Sum: 0.1]
      [GC Worker Total (ms): Min: 18.7, Avg: 18.7, Max: 18.7, Diff: 0.1, Sum: 37.4]
      [GC Worker End (ms): Min: 53328061.5, Avg: 53328061.5, Max: 53328061.5, Diff: 0.0]
   [Code Root Fixup: 0.1 ms]
   [Code Root Purge: 0.0 ms]
   [Clear CT: 0.3 ms]
   [Other: 1.9 ms]
      [Choose CSet: 0.0 ms]
      [Ref Proc: 0.6 ms]
      [Ref Enq: 0.0 ms]
      [Redirty Cards: 0.6 ms]
      [Humongous Register: 0.1 ms]
      [Humongous Reclaim: 0.0 ms]
      [Free CSet: 0.1 ms]
   [Eden: 44.0M(44.0M)->0.0B(48.0M) Survivors: 7168.0K->3072.0K Heap: 314.1M(1024.0M)->266.8M(1024.0M)]
 [Times: user=0.04 sys=0.00, real=0.02 secs] 
2017-09-21T10:00:50.612+0900: 53437.865: [GC pause (G1 Evacuation Pause) (young), 0.0263930 secs]
   [Parallel Time: 25.5 ms, GC Workers: 2]
      [GC Worker Start (ms): Min: 53437865.4, Avg: 53437865.5, Max: 53437865.6, Diff: 0.1]
      [Ext Root Scanning (ms): Min: 1.7, Avg: 1.8, Max: 1.9, Diff: 0.1, Sum: 3.6]
      [Update RS (ms): Min: 3.6, Avg: 3.6, Max: 3.6, Diff: 0.0, Sum: 7.2]
         [Processed Buffers: Min: 7, Avg: 16.5, Max: 26, Diff: 19, Sum: 33]
      [Scan RS (ms): Min: 3.6, Avg: 3.6, Max: 3.6, Diff: 0.0, Sum: 7.2]
      [Code Root Scanning (ms): Min: 0.0, Avg: 0.0, Max: 0.0, Diff: 0.0, Sum: 0.0]
      [Object Copy (ms): Min: 16.1, Avg: 16.1, Max: 16.1, Diff: 0.0, Sum: 32.3]
      [Termination (ms): Min: 0.0, Avg: 0.0, Max: 0.0, Diff: 0.0, Sum: 0.0]
         [Termination Attempts: Min: 1, Avg: 3.5, Max: 6, Diff: 5, Sum: 7]
      [GC Worker Other (ms): Min: 0.0, Avg: 0.0, Max: 0.0, Diff: 0.0, Sum: 0.1]
      [GC Worker Total (ms): Min: 25.1, Avg: 25.2, Max: 25.2, Diff: 0.1, Sum: 50.3]
      [GC Worker End (ms): Min: 53437890.7, Avg: 53437890.7, Max: 53437890.7, Diff: 0.0]
   [Code Root Fixup: 0.1 ms]
   [Code Root Purge: 0.0 ms]
   [Clear CT: 0.1 ms]
   [Other: 0.7 ms]
      [Choose CSet: 0.0 ms]
      [Ref Proc: 0.2 ms]
      [Ref Enq: 0.0 ms]
      [Redirty Cards: 0.1 ms]
      [Humongous Register: 0.1 ms]
      [Humongous Reclaim: 0.0 ms]
      [Free CSet: 0.0 ms]
   [Eden: 48.0M(48.0M)->0.0B(46.0M) Survivors: 3072.0K->5120.0K Heap: 314.8M(1024.0M)->268.8M(1024.0M)]
 [Times: user=0.05 sys=0.00, real=0.03 secs] 
2017-09-21T10:02:35.166+0900: 53542.419: [GC pause (G1 Evacuation Pause) (young), 0.0278004 secs]
   [Parallel Time: 26.3 ms, GC Workers: 2]
      [GC Worker Start (ms): Min: 53542419.3, Avg: 53542419.3, Max: 53542419.4, Diff: 0.1]
      [Ext Root Scanning (ms): Min: 1.9, Avg: 1.9, Max: 1.9, Diff: 0.1, Sum: 3.8]
      [Update RS (ms): Min: 1.8, Avg: 2.0, Max: 2.1, Diff: 0.2, Sum: 3.9]
         [Processed Buffers: Min: 14, Avg: 15.5, Max: 17, Diff: 3, Sum: 31]
      [Scan RS (ms): Min: 2.9, Avg: 3.0, Max: 3.1, Diff: 0.2, Sum: 5.9]
      [Code Root Scanning (ms): Min: 0.0, Avg: 0.0, Max: 0.0, Diff: 0.0, Sum: 0.0]
      [Object Copy (ms): Min: 19.1, Avg: 19.1, Max: 19.2, Diff: 0.1, Sum: 38.2]
      [Termination (ms): Min: 0.0, Avg: 0.0, Max: 0.1, Diff: 0.1, Sum: 0.1]
         [Termination Attempts: Min: 1, Avg: 1.0, Max: 1, Diff: 0, Sum: 2]
      [GC Worker Other (ms): Min: 0.0, Avg: 0.0, Max: 0.1, Diff: 0.0, Sum: 0.1]
      [GC Worker Total (ms): Min: 26.0, Avg: 26.0, Max: 26.1, Diff: 0.1, Sum: 52.0]
      [GC Worker End (ms): Min: 53542445.3, Avg: 53542445.4, Max: 53542445.4, Diff: 0.1]
   [Code Root Fixup: 0.1 ms]
   [Code Root Purge: 0.0 ms]
   [Clear CT: 0.2 ms]
   [Other: 1.2 ms]
      [Choose CSet: 0.0 ms]
      [Ref Proc: 0.4 ms]
      [Ref Enq: 0.0 ms]
      [Redirty Cards: 0.3 ms]
      [Humongous Register: 0.1 ms]
      [Humongous Reclaim: 0.0 ms]
      [Free CSet: 0.1 ms]
   [Eden: 46.0M(46.0M)->0.0B(44.0M) Survivors: 5120.0K->7168.0K Heap: 314.8M(1024.0M)->270.8M(1024.0M)]
 [Times: user=0.05 sys=0.00, real=0.03 secs] 
2017-09-24T16:59:33.370+0900: 53585.293: [GC pause (G1 Humongous Allocation) (young) (initial-mark), 0.0507450 secs]
   [Parallel Time: 35.6 ms, GC Workers: 2]
      [GC Worker Start (ms): Min: 53585296.8, Avg: 53585296.9, Max: 53585297.0, Diff: 0.2]
      [Ext Root Scanning (ms): Min: 18.9, Avg: 20.3, Max: 21.7, Diff: 2.8, Sum: 40.6]
      [Update RS (ms): Min: 3.8, Avg: 7.9, Max: 11.9, Diff: 8.1, Sum: 15.7]
         [Processed Buffers: Min: 1, Avg: 16.5, Max: 32, Diff: 31, Sum: 33]
      [Scan RS (ms): Min: 0.0, Avg: 0.4, Max: 0.7, Diff: 0.7, Sum: 0.7]
      [Code Root Scanning (ms): Min: 0.0, Avg: 0.0, Max: 0.0, Diff: 0.0, Sum: 0.0]
      [Object Copy (ms): Min: 3.4, Avg: 3.9, Max: 4.4, Diff: 1.0, Sum: 7.9]
      [Termination (ms): Min: 0.0, Avg: 1.7, Max: 3.4, Diff: 3.4, Sum: 3.4]
         [Termination Attempts: Min: 1, Avg: 1.0, Max: 1, Diff: 0, Sum: 2]
      [GC Worker Other (ms): Min: 0.0, Avg: 0.0, Max: 0.0, Diff: 0.0, Sum: 0.0]
      [GC Worker Total (ms): Min: 34.2, Avg: 34.2, Max: 34.2, Diff: 0.1, Sum: 68.4]
      [GC Worker End (ms): Min: 53585331.1, Avg: 53585331.1, Max: 53585331.1, Diff: 0.1]
   [Code Root Fixup: 0.3 ms]
   [Code Root Purge: 0.0 ms]
   [Clear CT: 0.2 ms]
   [Other: 14.6 ms]
      [Choose CSet: 0.0 ms]
      [Ref Proc: 9.9 ms]
      [Ref Enq: 0.0 ms]
      [Redirty Cards: 0.7 ms]
      [Humongous Register: 3.5 ms]
      [Humongous Reclaim: 0.1 ms]
      [Free CSet: 0.0 ms]
   [Eden: 26.0M(44.0M)->0.0B(49.0M) Survivors: 7168.0K->2048.0K Heap: 370.8M(1024.0M)->267.2M(1024.0M)]
 [Times: user=0.02 sys=0.02, real=0.05 secs] 
2017-09-24T16:59:33.422+0900: 53585.344: [GC concurrent-root-region-scan-start]
2017-09-24T16:59:33.445+0900: 53585.368: [GC concurrent-root-region-scan-end, 0.0232696 secs]
2017-09-24T16:59:33.445+0900: 53585.368: [GC concurrent-mark-start]
2017-09-24T16:59:33.552+0900: 53585.475: [GC concurrent-mark-end, 0.1073033 secs]
2017-09-24T16:59:33.563+0900: 53585.485: [GC remark 2017-09-24T16:59:33.563+0900: 53585.485: [Finalize Marking, 0.0007684 secs] 2017-09-24T16:59:33.564+0900: 53585.486: [GC ref-proc, 0.0002505 secs] 2017-09-24T16:59:33.564+0900: 53585.486: [Unloading, 0.0317544 secs], 0.0336781 secs]
 [Times: user=0.03 sys=0.00, real=0.03 secs] 
2017-09-24T16:59:33.597+0900: 53585.520: [GC cleanup 303M->257M(1024M), 0.0020971 secs]
 [Times: user=0.00 sys=0.00, real=0.01 secs] 
2017-09-24T16:59:33.600+0900: 53585.522: [GC concurrent-cleanup-start]
2017-09-24T16:59:33.600+0900: 53585.522: [GC concurrent-cleanup-end, 0.0000629 secs]
2017-09-24T17:01:21.764+0900: 53693.687: [GC pause (G1 Evacuation Pause) (young), 0.0115304 secs]
   [Parallel Time: 10.1 ms, GC Workers: 2]
      [GC Worker Start (ms): Min: 53693686.9, Avg: 53693686.9, Max: 53693687.0, Diff: 0.1]
      [Ext Root Scanning (ms): Min: 0.9, Avg: 0.9, Max: 1.0, Diff: 0.1, Sum: 1.8]
      [Update RS (ms): Min: 2.9, Avg: 2.9, Max: 2.9, Diff: 0.0, Sum: 5.8]
         [Processed Buffers: Min: 31, Avg: 37.0, Max: 43, Diff: 12, Sum: 74]
      [Scan RS (ms): Min: 0.9, Avg: 0.9, Max: 0.9, Diff: 0.0, Sum: 1.9]
      [Code Root Scanning (ms): Min: 0.0, Avg: 0.0, Max: 0.1, Diff: 0.0, Sum: 0.1]
      [Object Copy (ms): Min: 5.2, Avg: 5.2, Max: 5.2, Diff: 0.0, Sum: 10.5]
      [Termination (ms): Min: 0.0, Avg: 0.0, Max: 0.0, Diff: 0.0, Sum: 0.0]
         [Termination Attempts: Min: 2, Avg: 2.5, Max: 3, Diff: 1, Sum: 5]
      [GC Worker Other (ms): Min: 0.0, Avg: 0.0, Max: 0.0, Diff: 0.0, Sum: 0.0]
      [GC Worker Total (ms): Min: 10.0, Avg: 10.0, Max: 10.1, Diff: 0.1, Sum: 20.1]
      [GC Worker End (ms): Min: 53693697.0, Avg: 53693697.0, Max: 53693697.0, Diff: 0.0]
   [Code Root Fixup: 0.1 ms]
   [Code Root Purge: 0.0 ms]
   [Clear CT: 0.1 ms]
   [Other: 1.2 ms]
      [Choose CSet: 0.0 ms]
      [Ref Proc: 0.4 ms]
      [Ref Enq: 0.0 ms]
      [Redirty Cards: 0.3 ms]
      [Humongous Register: 0.0 ms]
      [Humongous Reclaim: 0.1 ms]
      [Free CSet: 0.1 ms]
   [Eden: 49.0M(49.0M)->0.0B(48.0M) Survivors: 2048.0K->3072.0K Heap: 320.2M(1024.0M)->222.7M(1024.0M)]
 [Times: user=0.02 sys=0.00, real=0.01 secs] 
2017-09-24T17:03:12.411+0900: 53804.333: [GC pause (G1 Evacuation Pause) (mixed), 0.0140592 secs]
   [Parallel Time: 10.2 ms, GC Workers: 2]
      [GC Worker Start (ms): Min: 53804333.8, Avg: 53804333.9, Max: 53804333.9, Diff: 0.1]
      [Ext Root Scanning (ms): Min: 1.9, Avg: 1.9, Max: 2.0, Diff: 0.1, Sum: 3.8]
      [Update RS (ms): Min: 2.2, Avg: 2.3, Max: 2.4, Diff: 0.2, Sum: 4.6]
         [Processed Buffers: Min: 5, Avg: 15.0, Max: 25, Diff: 20, Sum: 30]
      [Scan RS (ms): Min: 2.0, Avg: 2.2, Max: 2.3, Diff: 0.3, Sum: 4.4]
      [Code Root Scanning (ms): Min: 0.0, Avg: 0.1, Max: 0.2, Diff: 0.2, Sum: 0.2]
      [Object Copy (ms): Min: 3.4, Avg: 3.4, Max: 3.5, Diff: 0.1, Sum: 6.9]
      [Termination (ms): Min: 0.0, Avg: 0.0, Max: 0.0, Diff: 0.0, Sum: 0.0]
         [Termination Attempts: Min: 1, Avg: 1.0, Max: 1, Diff: 0, Sum: 2]
      [GC Worker Other (ms): Min: 0.0, Avg: 0.0, Max: 0.0, Diff: 0.0, Sum: 0.1]
      [GC Worker Total (ms): Min: 9.9, Avg: 10.0, Max: 10.0, Diff: 0.1, Sum: 19.9]
      [GC Worker End (ms): Min: 53804343.8, Avg: 53804343.8, Max: 53804343.8, Diff: 0.0]
   [Code Root Fixup: 0.2 ms]
   [Code Root Purge: 0.0 ms]
   [Clear CT: 0.2 ms]
   [Other: 3.4 ms]
      [Choose CSet: 0.1 ms]
      [Ref Proc: 0.7 ms]
      [Ref Enq: 0.0 ms]
      [Redirty Cards: 0.5 ms]
      [Humongous Register: 0.1 ms]
      [Humongous Reclaim: 0.0 ms]
      [Free CSet: 0.2 ms]
   [Eden: 48.0M(48.0M)->0.0B(49.0M) Survivors: 3072.0K->2048.0K Heap: 270.7M(1024.0M)->209.4M(1024.0M)]
 [Times: user=0.02 sys=0.00, real=0.02 secs] 
2017-09-24T17:05:05.223+0900: 53917.146: [GC pause (G1 Evacuation Pause) (mixed), 0.0296621 secs]
   [Parallel Time: 26.9 ms, GC Workers: 2]
      [GC Worker Start (ms): Min: 53917146.0, Avg: 53917146.1, Max: 53917146.1, Diff: 0.1]
      [Ext Root Scanning (ms): Min: 2.1, Avg: 2.2, Max: 2.2, Diff: 0.1, Sum: 4.4]
      [Update RS (ms): Min: 2.2, Avg: 2.2, Max: 2.3, Diff: 0.1, Sum: 4.4]
         [Processed Buffers: Min: 10, Avg: 14.5, Max: 19, Diff: 9, Sum: 29]
      [Scan RS (ms): Min: 2.6, Avg: 2.7, Max: 2.9, Diff: 0.2, Sum: 5.5]
      [Code Root Scanning (ms): Min: 0.1, Avg: 0.2, Max: 0.3, Diff: 0.1, Sum: 0.4]
      [Object Copy (ms): Min: 19.3, Avg: 19.3, Max: 19.4, Diff: 0.0, Sum: 38.7]
      [Termination (ms): Min: 0.0, Avg: 0.0, Max: 0.0, Diff: 0.0, Sum: 0.0]
         [Termination Attempts: Min: 1, Avg: 1.0, Max: 1, Diff: 0, Sum: 2]
      [GC Worker Other (ms): Min: 0.0, Avg: 0.0, Max: 0.0, Diff: 0.0, Sum: 0.1]
      [GC Worker Total (ms): Min: 26.6, Avg: 26.7, Max: 26.8, Diff: 0.1, Sum: 53.4]
      [GC Worker End (ms): Min: 53917172.8, Avg: 53917172.8, Max: 53917172.8, Diff: 0.0]
   [Code Root Fixup: 0.3 ms]
   [Code Root Purge: 0.0 ms]
   [Clear CT: 0.3 ms]
   [Other: 2.2 ms]
      [Choose CSet: 0.1 ms]
      [Ref Proc: 0.9 ms]
      [Ref Enq: 0.0 ms]
      [Redirty Cards: 0.6 ms]
      [Humongous Register: 0.1 ms]
      [Humongous Reclaim: 0.1 ms]
      [Free CSet: 0.2 ms]
   [Eden: 49.0M(49.0M)->0.0B(46.0M) Survivors: 2048.0K->5120.0K Heap: 258.4M(1024.0M)->200.3M(1024.0M)]
 [Times: user=0.05 sys=0.00, real=0.03 secs] 
2017-09-24T17:06:48.470+0900: 54020.393: [GC pause (G1 Evacuation Pause) (mixed), 0.0373694 secs]
   [Parallel Time: 35.1 ms, GC Workers: 2]
      [GC Worker Start (ms): Min: 54020393.4, Avg: 54020393.4, Max: 54020393.5, Diff: 0.1]
      [Ext Root Scanning (ms): Min: 1.8, Avg: 1.8, Max: 1.9, Diff: 0.1, Sum: 3.7]
      [Update RS (ms): Min: 2.9, Avg: 2.9, Max: 3.0, Diff: 0.1, Sum: 5.8]
         [Processed Buffers: Min: 6, Avg: 15.5, Max: 25, Diff: 19, Sum: 31]
      [Scan RS (ms): Min: 4.9, Avg: 5.1, Max: 5.4, Diff: 0.5, Sum: 10.2]
      [Code Root Scanning (ms): Min: 0.2, Avg: 0.2, Max: 0.2, Diff: 0.0, Sum: 0.5]
      [Object Copy (ms): Min: 24.3, Avg: 24.5, Max: 24.8, Diff: 0.5, Sum: 49.1]
      [Termination (ms): Min: 0.0, Avg: 0.0, Max: 0.0, Diff: 0.0, Sum: 0.1]
         [Termination Attempts: Min: 1, Avg: 1.5, Max: 2, Diff: 1, Sum: 3]
      [GC Worker Other (ms): Min: 0.0, Avg: 0.0, Max: 0.0, Diff: 0.0, Sum: 0.1]
      [GC Worker Total (ms): Min: 34.6, Avg: 34.7, Max: 34.8, Diff: 0.1, Sum: 69.4]
      [GC Worker End (ms): Min: 54020428.1, Avg: 54020428.1, Max: 54020428.1, Diff: 0.0]
   [Code Root Fixup: 0.2 ms]
   [Code Root Purge: 0.0 ms]
   [Clear CT: 0.2 ms]
   [Other: 1.8 ms]
      [Choose CSet: 0.0 ms]
      [Ref Proc: 0.9 ms]
      [Ref Enq: 0.0 ms]
      [Redirty Cards: 0.2 ms]
      [Humongous Register: 0.1 ms]
      [Humongous Reclaim: 0.0 ms]
      [Free CSet: 0.1 ms]
   [Eden: 46.0M(46.0M)->0.0B(45.0M) Survivors: 5120.0K->6144.0K Heap: 246.3M(1024.0M)->193.5M(1024.0M)]
 [Times: user=0.06 sys=0.00, real=0.04 secs] 
2017-09-24T17:08:31.884+0900: 54123.806: [GC pause (G1 Evacuation Pause) (young), 0.0458960 secs]
   [Parallel Time: 44.6 ms, GC Workers: 2]
      [GC Worker Start (ms): Min: 54123806.7, Avg: 54123806.7, Max: 54123806.8, Diff: 0.1]
      [Ext Root Scanning (ms): Min: 1.8, Avg: 1.8, Max: 1.9, Diff: 0.1, Sum: 3.7]
      [Update RS (ms): Min: 2.4, Avg: 2.5, Max: 2.5, Diff: 0.1, Sum: 4.9]
         [Processed Buffers: Min: 13, Avg: 15.0, Max: 17, Diff: 4, Sum: 30]
      [Scan RS (ms): Min: 2.9, Avg: 2.9, Max: 2.9, Diff: 0.0, Sum: 5.8]
      [Code Root Scanning (ms): Min: 0.0, Avg: 0.1, Max: 0.2, Diff: 0.2, Sum: 0.2]
      [Object Copy (ms): Min: 37.0, Avg: 37.1, Max: 37.1, Diff: 0.2, Sum: 74.1]
      [Termination (ms): Min: 0.0, Avg: 0.0, Max: 0.0, Diff: 0.0, Sum: 0.0]
         [Termination Attempts: Min: 1, Avg: 1.0, Max: 1, Diff: 0, Sum: 2]
      [GC Worker Other (ms): Min: 0.0, Avg: 0.0, Max: 0.0, Diff: 0.0, Sum: 0.0]
      [GC Worker Total (ms): Min: 44.3, Avg: 44.4, Max: 44.4, Diff: 0.1, Sum: 88.8]
      [GC Worker End (ms): Min: 54123851.1, Avg: 54123851.1, Max: 54123851.1, Diff: 0.0]
   [Code Root Fixup: 0.1 ms]
   [Code Root Purge: 0.0 ms]
   [Clear CT: 0.1 ms]
   [Other: 1.0 ms]
      [Choose CSet: 0.0 ms]
      [Ref Proc: 0.3 ms]
      [Ref Enq: 0.0 ms]
      [Redirty Cards: 0.3 ms]
      [Humongous Register: 0.1 ms]
      [Humongous Reclaim: 0.0 ms]
      [Free CSet: 0.0 ms]
   [Eden: 45.0M(45.0M)->0.0B(45.0M) Survivors: 6144.0K->6144.0K Heap: 238.5M(1024.0M)->194.6M(1024.0M)]
 [Times: user=0.08 sys=0.00, real=0.05 secs] 
2017-09-24T17:10:14.840+0900: 54226.762: [GC pause (G1 Evacuation Pause) (young), 0.0294078 secs]
   [Parallel Time: 28.2 ms, GC Workers: 2]
      [GC Worker Start (ms): Min: 54226762.6, Avg: 54226762.6, Max: 54226762.6, Diff: 0.0]
      [Ext Root Scanning (ms): Min: 1.5, Avg: 1.5, Max: 1.6, Diff: 0.1, Sum: 3.0]
      [Update RS (ms): Min: 2.4, Avg: 2.4, Max: 2.4, Diff: 0.1, Sum: 4.8]
         [Processed Buffers: Min: 10, Avg: 16.5, Max: 23, Diff: 13, Sum: 33]
      [Scan RS (ms): Min: 2.6, Avg: 2.8, Max: 3.1, Diff: 0.5, Sum: 5.6]
      [Code Root Scanning (ms): Min: 0.0, Avg: 0.0, Max: 0.0, Diff: 0.0, Sum: 0.0]
      [Object Copy (ms): Min: 21.0, Avg: 21.2, Max: 21.5, Diff: 0.5, Sum: 42.5]
      [Termination (ms): Min: 0.0, Avg: 0.0, Max: 0.0, Diff: 0.0, Sum: 0.0]
         [Termination Attempts: Min: 1, Avg: 1.0, Max: 1, Diff: 0, Sum: 2]
      [GC Worker Other (ms): Min: 0.0, Avg: 0.0, Max: 0.0, Diff: 0.0, Sum: 0.0]
      [GC Worker Total (ms): Min: 28.0, Avg: 28.0, Max: 28.0, Diff: 0.0, Sum: 56.0]
      [GC Worker End (ms): Min: 54226790.6, Avg: 54226790.6, Max: 54226790.6, Diff: 0.0]
   [Code Root Fixup: 0.1 ms]
   [Code Root Purge: 0.0 ms]
   [Clear CT: 0.2 ms]
   [Other: 0.9 ms]
      [Choose CSet: 0.0 ms]
      [Ref Proc: 0.3 ms]
      [Ref Enq: 0.0 ms]
      [Redirty Cards: 0.2 ms]
      [Humongous Register: 0.1 ms]
      [Humongous Reclaim: 0.0 ms]
      [Free CSet: 0.0 ms]
   [Eden: 45.0M(45.0M)->0.0B(45.0M) Survivors: 6144.0K->6144.0K Heap: 239.6M(1024.0M)->196.6M(1024.0M)]
 [Times: user=0.06 sys=0.00, real=0.03 secs] 
2017-09-24T17:11:58.033+0900: 54329.956: [GC pause (G1 Evacuation Pause) (young), 0.0319427 secs]
   [Parallel Time: 30.8 ms, GC Workers: 2]
      [GC Worker Start (ms): Min: 54329955.9, Avg: 54329956.0, Max: 54329956.0, Diff: 0.2]
      [Ext Root Scanning (ms): Min: 1.8, Avg: 1.9, Max: 2.0, Diff: 0.2, Sum: 3.8]
      [Update RS (ms): Min: 2.0, Avg: 2.7, Max: 3.5, Diff: 1.6, Sum: 5.5]
         [Processed Buffers: Min: 6, Avg: 16.0, Max: 26, Diff: 20, Sum: 32]
      [Scan RS (ms): Min: 1.7, Avg: 1.9, Max: 2.1, Diff: 0.5, Sum: 3.8]
      [Code Root Scanning (ms): Min: 0.0, Avg: 0.0, Max: 0.0, Diff: 0.0, Sum: 0.0]
      [Object Copy (ms): Min: 22.3, Avg: 23.6, Max: 24.8, Diff: 2.5, Sum: 47.2]
      [Termination (ms): Min: 0.0, Avg: 0.3, Max: 0.6, Diff: 0.6, Sum: 0.6]
         [Termination Attempts: Min: 1, Avg: 1.0, Max: 1, Diff: 0, Sum: 2]
      [GC Worker Other (ms): Min: 0.0, Avg: 0.0, Max: 0.0, Diff: 0.0, Sum: 0.0]
      [GC Worker Total (ms): Min: 30.3, Avg: 30.5, Max: 30.7, Diff: 0.3, Sum: 61.0]
      [GC Worker End (ms): Min: 54329986.4, Avg: 54329986.4, Max: 54329986.5, Diff: 0.2]
   [Code Root Fixup: 0.1 ms]
   [Code Root Purge: 0.0 ms]
   [Clear CT: 0.1 ms]
   [Other: 0.9 ms]
      [Choose CSet: 0.0 ms]
      [Ref Proc: 0.3 ms]
      [Ref Enq: 0.0 ms]
      [Redirty Cards: 0.2 ms]
      [Humongous Register: 0.1 ms]
      [Humongous Reclaim: 0.0 ms]
      [Free CSet: 0.0 ms]
   [Eden: 45.0M(45.0M)->0.0B(48.0M) Survivors: 6144.0K->3072.0K Heap: 241.6M(1024.0M)->194.5M(1024.0M)]
 [Times: user=0.04 sys=0.00, real=0.04 secs] 
2017-09-24T17:13:48.245+0900: 54440.168: [GC pause (G1 Evacuation Pause) (young), 0.0343761 secs]
   [Parallel Time: 33.1 ms, GC Workers: 2]
      [GC Worker Start (ms): Min: 54440168.4, Avg: 54440168.4, Max: 54440168.5, Diff: 0.1]
      [Ext Root Scanning (ms): Min: 2.1, Avg: 2.2, Max: 2.2, Diff: 0.1, Sum: 4.4]
      [Update RS (ms): Min: 6.3, Avg: 6.3, Max: 6.3, Diff: 0.1, Sum: 12.6]
         [Processed Buffers: Min: 16, Avg: 16.5, Max: 17, Diff: 1, Sum: 33]
      [Scan RS (ms): Min: 1.1, Avg: 1.2, Max: 1.2, Diff: 0.0, Sum: 2.3]
      [Code Root Scanning (ms): Min: 0.0, Avg: 0.0, Max: 0.0, Diff: 0.0, Sum: 0.0]
      [Object Copy (ms): Min: 23.2, Avg: 23.2, Max: 23.3, Diff: 0.1, Sum: 46.5]
      [Termination (ms): Min: 0.0, Avg: 0.0, Max: 0.0, Diff: 0.0, Sum: 0.0]
         [Termination Attempts: Min: 1, Avg: 1.0, Max: 1, Diff: 0, Sum: 2]
      [GC Worker Other (ms): Min: 0.0, Avg: 0.0, Max: 0.0, Diff: 0.0, Sum: 0.0]
      [GC Worker Total (ms): Min: 32.9, Avg: 32.9, Max: 33.0, Diff: 0.1, Sum: 65.9]
      [GC Worker End (ms): Min: 54440201.4, Avg: 54440201.4, Max: 54440201.4, Diff: 0.0]
   [Code Root Fixup: 0.1 ms]
   [Code Root Purge: 0.0 ms]
   [Clear CT: 0.1 ms]
   [Other: 1.1 ms]
      [Choose CSet: 0.0 ms]
      [Ref Proc: 0.3 ms]
      [Ref Enq: 0.0 ms]
      [Redirty Cards: 0.2 ms]
      [Humongous Register: 0.1 ms]
      [Humongous Reclaim: 0.0 ms]
      [Free CSet: 0.0 ms]
   [Eden: 48.0M(48.0M)->0.0B(47.0M) Survivors: 3072.0K->4096.0K Heap: 242.5M(1024.0M)->196.0M(1024.0M)]
 [Times: user=0.06 sys=0.00, real=0.04 secs] 
2017-09-24T17:15:36.631+0900: 54548.554: [GC pause (G1 Evacuation Pause) (young), 0.0319001 secs]
   [Parallel Time: 29.5 ms, GC Workers: 2]
      [GC Worker Start (ms): Min: 54548554.0, Avg: 54548554.1, Max: 54548554.1, Diff: 0.1]
      [Ext Root Scanning (ms): Min: 1.9, Avg: 2.0, Max: 2.0, Diff: 0.2, Sum: 3.9]
      [Update RS (ms): Min: 1.1, Avg: 1.1, Max: 1.1, Diff: 0.0, Sum: 2.1]
         [Processed Buffers: Min: 14, Avg: 15.5, Max: 17, Diff: 3, Sum: 31]
      [Scan RS (ms): Min: 0.2, Avg: 0.3, Max: 0.3, Diff: 0.2, Sum: 0.5]
      [Code Root Scanning (ms): Min: 0.0, Avg: 0.0, Max: 0.0, Diff: 0.0, Sum: 0.0]
      [Object Copy (ms): Min: 25.7, Avg: 25.8, Max: 26.0, Diff: 0.3, Sum: 51.7]
      [Termination (ms): Min: 0.0, Avg: 0.1, Max: 0.1, Diff: 0.1, Sum: 0.1]
         [Termination Attempts: Min: 2, Avg: 2.0, Max: 2, Diff: 0, Sum: 4]
      [GC Worker Other (ms): Min: 0.0, Avg: 0.0, Max: 0.0, Diff: 0.0, Sum: 0.1]
      [GC Worker Total (ms): Min: 29.1, Avg: 29.2, Max: 29.3, Diff: 0.2, Sum: 58.4]
      [GC Worker End (ms): Min: 54548583.3, Avg: 54548583.3, Max: 54548583.3, Diff: 0.0]
   [Code Root Fixup: 0.2 ms]
   [Code Root Purge: 0.0 ms]
   [Clear CT: 0.3 ms]
   [Other: 1.9 ms]
      [Choose CSet: 0.0 ms]
      [Ref Proc: 0.7 ms]
      [Ref Enq: 0.0 ms]
      [Redirty Cards: 0.6 ms]
      [Humongous Register: 0.1 ms]
      [Humongous Reclaim: 0.0 ms]
      [Free CSet: 0.1 ms]
   [Eden: 47.0M(47.0M)->0.0B(45.0M) Survivors: 4096.0K->6144.0K Heap: 243.0M(1024.0M)->197.5M(1024.0M)]
 [Times: user=0.06 sys=0.00, real=0.03 secs] 
2017-09-24T17:17:19.061+0900: 54650.984: [GC pause (G1 Evacuation Pause) (young), 0.0622637 secs]
   [Parallel Time: 60.8 ms, GC Workers: 2]
      [GC Worker Start (ms): Min: 54650984.0, Avg: 54650984.1, Max: 54650984.1, Diff: 0.0]
      [Ext Root Scanning (ms): Min: 1.8, Avg: 1.8, Max: 1.8, Diff: 0.0, Sum: 3.7]
      [Update RS (ms): Min: 0.8, Avg: 0.9, Max: 0.9, Diff: 0.1, Sum: 1.8]
         [Processed Buffers: Min: 11, Avg: 17.0, Max: 23, Diff: 12, Sum: 34]
      [Scan RS (ms): Min: 0.1, Avg: 0.1, Max: 0.2, Diff: 0.1, Sum: 0.2]
      [Code Root Scanning (ms): Min: 0.0, Avg: 0.0, Max: 0.0, Diff: 0.0, Sum: 0.0]
      [Object Copy (ms): Min: 55.4, Avg: 55.8, Max: 56.2, Diff: 0.8, Sum: 111.6]
      [Termination (ms): Min: 0.0, Avg: 0.4, Max: 0.9, Diff: 0.9, Sum: 0.9]
         [Termination Attempts: Min: 1, Avg: 1.0, Max: 1, Diff: 0, Sum: 2]
      [GC Worker Other (ms): Min: 0.0, Avg: 0.0, Max: 0.0, Diff: 0.0, Sum: 0.0]
      [GC Worker Total (ms): Min: 59.1, Avg: 59.1, Max: 59.1, Diff: 0.1, Sum: 118.2]
      [GC Worker End (ms): Min: 54651043.2, Avg: 54651043.2, Max: 54651043.2, Diff: 0.0]
   [Code Root Fixup: 0.1 ms]
   [Code Root Purge: 0.0 ms]
   [Clear CT: 0.0 ms]
   [Other: 1.4 ms]
      [Choose CSet: 0.0 ms]
      [Ref Proc: 0.8 ms]
      [Ref Enq: 0.0 ms]
      [Redirty Cards: 0.0 ms]
      [Humongous Register: 0.1 ms]
      [Humongous Reclaim: 0.1 ms]
      [Free CSet: 0.0 ms]
   [Eden: 45.0M(45.0M)->0.0B(46.0M) Survivors: 6144.0K->5120.0K Heap: 242.5M(1024.0M)->199.5M(1024.0M)]
 [Times: user=0.06 sys=0.00, real=0.06 secs] 
2017-09-24T17:19:04.733+0900: 54756.656: [GC pause (G1 Evacuation Pause) (young), 0.0078112 secs]
   [Parallel Time: 7.0 ms, GC Workers: 2]
      [GC Worker Start (ms): Min: 54756656.0, Avg: 54756656.2, Max: 54756656.3, Diff: 0.3]
      [Ext Root Scanning (ms): Min: 0.4, Avg: 0.6, Max: 0.7, Diff: 0.3, Sum: 1.1]
      [Update RS (ms): Min: 0.4, Avg: 0.5, Max: 0.6, Diff: 0.2, Sum: 1.0]
         [Processed Buffers: Min: 3, Avg: 17.0, Max: 31, Diff: 28, Sum: 34]
      [Scan RS (ms): Min: 0.2, Avg: 0.3, Max: 0.4, Diff: 0.2, Sum: 0.6]
      [Code Root Scanning (ms): Min: 0.0, Avg: 0.0, Max: 0.0, Diff: 0.0, Sum: 0.0]
      [Object Copy (ms): Min: 5.4, Avg: 5.4, Max: 5.4, Diff: 0.0, Sum: 10.7]
      [Termination (ms): Min: 0.0, Avg: 0.0, Max: 0.1, Diff: 0.1, Sum: 0.1]
         [Termination Attempts: Min: 3, Avg: 3.5, Max: 4, Diff: 1, Sum: 7]
      [GC Worker Other (ms): Min: 0.0, Avg: 0.0, Max: 0.0, Diff: 0.0, Sum: 0.0]
      [GC Worker Total (ms): Min: 6.6, Avg: 6.8, Max: 6.9, Diff: 0.3, Sum: 13.5]
      [GC Worker End (ms): Min: 54756662.9, Avg: 54756662.9, Max: 54756663.0, Diff: 0.0]
   [Code Root Fixup: 0.1 ms]
   [Code Root Purge: 0.0 ms]
   [Clear CT: 0.1 ms]
   [Other: 0.6 ms]
      [Choose CSet: 0.0 ms]
      [Ref Proc: 0.2 ms]
      [Ref Enq: 0.0 ms]
      [Redirty Cards: 0.2 ms]
      [Humongous Register: 0.0 ms]
      [Humongous Reclaim: 0.0 ms]
      [Free CSet: 0.0 ms]
   [Eden: 46.0M(46.0M)->0.0B(44.0M) Survivors: 5120.0K->7168.0K Heap: 245.5M(1024.0M)->201.5M(1024.0M)]
 [Times: user=0.02 sys=0.00, real=0.01 secs] 
2017-09-24T17:20:45.816+0900: 54857.739: [GC pause (G1 Evacuation Pause) (young), 0.0245943 secs]
   [Parallel Time: 20.2 ms, GC Workers: 2]
      [GC Worker Start (ms): Min: 54857739.4, Avg: 54857739.8, Max: 54857740.1, Diff: 0.7]
      [Ext Root Scanning (ms): Min: 0.9, Avg: 1.2, Max: 1.6, Diff: 0.7, Sum: 2.5]
      [Update RS (ms): Min: 0.0, Avg: 1.0, Max: 2.1, Diff: 2.1, Sum: 2.1]
         [Processed Buffers: Min: 0, Avg: 16.5, Max: 33, Diff: 33, Sum: 33]
      [Scan RS (ms): Min: 0.4, Avg: 4.9, Max: 9.5, Diff: 9.2, Sum: 9.9]
      [Code Root Scanning (ms): Min: 0.0, Avg: 0.0, Max: 0.0, Diff: 0.0, Sum: 0.0]
      [Object Copy (ms): Min: 4.7, Avg: 10.9, Max: 17.1, Diff: 12.4, Sum: 21.9]
      [Termination (ms): Min: 0.0, Avg: 0.6, Max: 1.3, Diff: 1.3, Sum: 1.3]
         [Termination Attempts: Min: 1, Avg: 1.0, Max: 1, Diff: 0, Sum: 2]
      [GC Worker Other (ms): Min: 0.0, Avg: 0.0, Max: 0.0, Diff: 0.0, Sum: 0.0]
      [GC Worker Total (ms): Min: 18.4, Avg: 18.8, Max: 19.2, Diff: 0.8, Sum: 37.6]
      [GC Worker End (ms): Min: 54857758.5, Avg: 54857758.6, Max: 54857758.6, Diff: 0.1]
   [Code Root Fixup: 0.1 ms]
   [Code Root Purge: 0.0 ms]
   [Clear CT: 0.0 ms]
   [Other: 4.2 ms]
      [Choose CSet: 0.0 ms]
      [Ref Proc: 3.6 ms]
      [Ref Enq: 0.0 ms]
      [Redirty Cards: 0.0 ms]
      [Humongous Register: 0.1 ms]
      [Humongous Reclaim: 0.0 ms]
      [Free CSet: 0.0 ms]
   [Eden: 44.0M(44.0M)->0.0B(48.0M) Survivors: 7168.0K->3072.0K Heap: 245.5M(1024.0M)->198.6M(1024.0M)]
 [Times: user=0.03 sys=0.00, real=0.03 secs] 
2017-09-24T17:22:36.700+0900: 54968.623: [GC pause (G1 Evacuation Pause) (young), 0.0182255 secs]
   [Parallel Time: 17.0 ms, GC Workers: 2]
      [GC Worker Start (ms): Min: 54968622.7, Avg: 54968623.6, Max: 54968624.5, Diff: 1.8]
      [Ext Root Scanning (ms): Min: 0.2, Avg: 1.0, Max: 1.8, Diff: 1.6, Sum: 2.1]
      [Update RS (ms): Min: 1.9, Avg: 1.9, Max: 2.0, Diff: 0.1, Sum: 3.8]
         [Processed Buffers: Min: 13, Avg: 17.5, Max: 22, Diff: 9, Sum: 35]
      [Scan RS (ms): Min: 0.6, Avg: 0.7, Max: 0.7, Diff: 0.0, Sum: 1.3]
      [Code Root Scanning (ms): Min: 0.0, Avg: 0.0, Max: 0.0, Diff: 0.0, Sum: 0.0]
      [Object Copy (ms): Min: 12.2, Avg: 12.4, Max: 12.5, Diff: 0.2, Sum: 24.7]
      [Termination (ms): Min: 0.0, Avg: 0.0, Max: 0.0, Diff: 0.0, Sum: 0.0]
         [Termination Attempts: Min: 1, Avg: 1.0, Max: 1, Diff: 0, Sum: 2]
      [GC Worker Other (ms): Min: 0.0, Avg: 0.0, Max: 0.0, Diff: 0.0, Sum: 0.0]
      [GC Worker Total (ms): Min: 15.1, Avg: 16.0, Max: 16.9, Diff: 1.8, Sum: 32.0]
      [GC Worker End (ms): Min: 54968639.6, Avg: 54968639.6, Max: 54968639.6, Diff: 0.0]
   [Code Root Fixup: 0.1 ms]
   [Code Root Purge: 0.0 ms]
   [Clear CT: 0.2 ms]
   [Other: 1.0 ms]
      [Choose CSet: 0.0 ms]
      [Ref Proc: 0.4 ms]
      [Ref Enq: 0.0 ms]
      [Redirty Cards: 0.2 ms]
      [Humongous Register: 0.0 ms]
      [Humongous Reclaim: 0.0 ms]
      [Free CSet: 0.1 ms]
   [Eden: 48.0M(48.0M)->0.0B(46.0M) Survivors: 3072.0K->5120.0K Heap: 246.6M(1024.0M)->200.1M(1024.0M)]
 [Times: user=0.04 sys=0.00, real=0.02 secs] 
2017-09-24T17:24:22.529+0900: 55074.451: [GC pause (G1 Evacuation Pause) (young), 0.0241022 secs]
   [Parallel Time: 22.9 ms, GC Workers: 2]
      [GC Worker Start (ms): Min: 55074451.7, Avg: 55074451.8, Max: 55074451.9, Diff: 0.2]
      [Ext Root Scanning (ms): Min: 2.2, Avg: 2.3, Max: 2.4, Diff: 0.2, Sum: 4.6]
      [Update RS (ms): Min: 4.2, Avg: 4.3, Max: 4.4, Diff: 0.2, Sum: 8.6]
         [Processed Buffers: Min: 6, Avg: 19.5, Max: 33, Diff: 27, Sum: 39]
      [Scan RS (ms): Min: 1.1, Avg: 1.2, Max: 1.2, Diff: 0.0, Sum: 2.3]
      [Code Root Scanning (ms): Min: 0.0, Avg: 0.0, Max: 0.0, Diff: 0.0, Sum: 0.0]
      [Object Copy (ms): Min: 14.8, Avg: 14.9, Max: 15.0, Diff: 0.2, Sum: 29.9]
      [Termination (ms): Min: 0.0, Avg: 0.0, Max: 0.0, Diff: 0.0, Sum: 0.0]
         [Termination Attempts: Min: 1, Avg: 1.0, Max: 1, Diff: 0, Sum: 2]
      [GC Worker Other (ms): Min: 0.0, Avg: 0.0, Max: 0.0, Diff: 0.0, Sum: 0.1]
      [GC Worker Total (ms): Min: 22.6, Avg: 22.7, Max: 22.8, Diff: 0.2, Sum: 45.4]
      [GC Worker End (ms): Min: 55074474.5, Avg: 55074474.5, Max: 55074474.5, Diff: 0.0]
   [Code Root Fixup: 0.1 ms]
   [Code Root Purge: 0.0 ms]
   [Clear CT: 0.1 ms]
   [Other: 1.0 ms]
      [Choose CSet: 0.0 ms]
      [Ref Proc: 0.2 ms]
      [Ref Enq: 0.0 ms]
      [Redirty Cards: 0.2 ms]
      [Humongous Register: 0.1 ms]
      [Humongous Reclaim: 0.0 ms]
      [Free CSet: 0.1 ms]
   [Eden: 46.0M(46.0M)->0.0B(45.0M) Survivors: 5120.0K->6144.0K Heap: 246.1M(1024.0M)->202.0M(1024.0M)]
 [Times: user=0.04 sys=0.00, real=0.02 secs] 
2017-09-24T17:26:05.682+0900: 55177.605: [GC pause (G1 Evacuation Pause) (young), 0.0107106 secs]
   [Parallel Time: 10.2 ms, GC Workers: 2]
      [GC Worker Start (ms): Min: 55177605.1, Avg: 55177605.1, Max: 55177605.1, Diff: 0.0]
      [Ext Root Scanning (ms): Min: 0.5, Avg: 0.6, Max: 0.6, Diff: 0.1, Sum: 1.1]
      [Update RS (ms): Min: 0.8, Avg: 0.8, Max: 0.8, Diff: 0.0, Sum: 1.6]
         [Processed Buffers: Min: 4, Avg: 18.5, Max: 33, Diff: 29, Sum: 37]
      [Scan RS (ms): Min: 0.4, Avg: 0.5, Max: 0.7, Diff: 0.3, Sum: 1.1]
      [Code Root Scanning (ms): Min: 0.0, Avg: 0.0, Max: 0.0, Diff: 0.0, Sum: 0.0]
      [Object Copy (ms): Min: 8.1, Avg: 8.3, Max: 8.4, Diff: 0.3, Sum: 16.6]
      [Termination (ms): Min: 0.0, Avg: 0.0, Max: 0.0, Diff: 0.0, Sum: 0.0]
         [Termination Attempts: Min: 1, Avg: 1.0, Max: 1, Diff: 0, Sum: 2]
      [GC Worker Other (ms): Min: 0.0, Avg: 0.0, Max: 0.0, Diff: 0.0, Sum: 0.0]
      [GC Worker Total (ms): Min: 10.2, Avg: 10.2, Max: 10.2, Diff: 0.0, Sum: 20.3]
      [GC Worker End (ms): Min: 55177615.3, Avg: 55177615.3, Max: 55177615.3, Diff: 0.0]
   [Code Root Fixup: 0.1 ms]
   [Code Root Purge: 0.0 ms]
   [Clear CT: 0.0 ms]
   [Other: 0.4 ms]
      [Choose CSet: 0.0 ms]
      [Ref Proc: 0.1 ms]
      [Ref Enq: 0.0 ms]
      [Redirty Cards: 0.1 ms]
      [Humongous Register: 0.0 ms]
      [Humongous Reclaim: 0.0 ms]
      [Free CSet: 0.0 ms]
   [Eden: 45.0M(45.0M)->0.0B(46.0M) Survivors: 6144.0K->5120.0K Heap: 247.0M(1024.0M)->204.4M(1024.0M)]
 [Times: user=0.02 sys=0.00, real=0.01 secs] 
2017-09-24T17:27:51.119+0900: 55283.042: [GC pause (G1 Evacuation Pause) (young), 0.0279184 secs]
   [Parallel Time: 26.2 ms, GC Workers: 2]
      [GC Worker Start (ms): Min: 55283042.3, Avg: 55283042.3, Max: 55283042.4, Diff: 0.1]
      [Ext Root Scanning (ms): Min: 1.2, Avg: 1.3, Max: 1.3, Diff: 0.1, Sum: 2.6]
      [Update RS (ms): Min: 2.6, Avg: 2.9, Max: 3.2, Diff: 0.5, Sum: 5.8]
         [Processed Buffers: Min: 13, Avg: 18.5, Max: 24, Diff: 11, Sum: 37]
      [Scan RS (ms): Min: 1.2, Avg: 1.4, Max: 1.7, Diff: 0.5, Sum: 2.9]
      [Code Root Scanning (ms): Min: 0.0, Avg: 0.0, Max: 0.0, Diff: 0.0, Sum: 0.0]
      [Object Copy (ms): Min: 20.3, Avg: 20.3, Max: 20.4, Diff: 0.1, Sum: 40.7]
      [Termination (ms): Min: 0.0, Avg: 0.0, Max: 0.1, Diff: 0.1, Sum: 0.1]
         [Termination Attempts: Min: 1, Avg: 1.0, Max: 1, Diff: 0, Sum: 2]
      [GC Worker Other (ms): Min: 0.0, Avg: 0.0, Max: 0.1, Diff: 0.1, Sum: 0.1]
      [GC Worker Total (ms): Min: 26.0, Avg: 26.0, Max: 26.1, Diff: 0.1, Sum: 52.1]
      [GC Worker End (ms): Min: 55283068.4, Avg: 55283068.4, Max: 55283068.4, Diff: 0.0]
   [Code Root Fixup: 0.1 ms]
   [Code Root Purge: 0.0 ms]
   [Clear CT: 0.2 ms]
   [Other: 1.4 ms]
      [Choose CSet: 0.0 ms]
      [Ref Proc: 0.4 ms]
      [Ref Enq: 0.0 ms]
      [Redirty Cards: 0.4 ms]
      [Humongous Register: 0.0 ms]
      [Humongous Reclaim: 0.1 ms]
      [Free CSet: 0.1 ms]
   [Eden: 46.0M(46.0M)->0.0B(44.0M) Survivors: 5120.0K->7168.0K Heap: 250.4M(1024.0M)->206.4M(1024.0M)]
 [Times: user=0.05 sys=0.00, real=0.03 secs] 
2017-09-24T17:29:32.415+0900: 55384.338: [GC pause (G1 Evacuation Pause) (young), 0.0294517 secs]
   [Parallel Time: 28.0 ms, GC Workers: 2]
      [GC Worker Start (ms): Min: 55384338.2, Avg: 55384338.2, Max: 55384338.2, Diff: 0.0]
      [Ext Root Scanning (ms): Min: 1.7, Avg: 1.8, Max: 1.8, Diff: 0.1, Sum: 3.5]
      [Update RS (ms): Min: 4.3, Avg: 4.4, Max: 4.5, Diff: 0.2, Sum: 8.8]
         [Processed Buffers: Min: 10, Avg: 18.0, Max: 26, Diff: 16, Sum: 36]
      [Scan RS (ms): Min: 1.2, Avg: 1.2, Max: 1.3, Diff: 0.1, Sum: 2.5]
      [Code Root Scanning (ms): Min: 0.0, Avg: 0.0, Max: 0.0, Diff: 0.0, Sum: 0.0]
      [Object Copy (ms): Min: 16.9, Avg: 18.5, Max: 20.1, Diff: 3.2, Sum: 37.0]
      [Termination (ms): Min: 0.0, Avg: 1.7, Max: 3.4, Diff: 3.4, Sum: 3.4]
         [Termination Attempts: Min: 1, Avg: 1.0, Max: 1, Diff: 0, Sum: 2]
      [GC Worker Other (ms): Min: 0.0, Avg: 0.0, Max: 0.0, Diff: 0.0, Sum: 0.1]
      [GC Worker Total (ms): Min: 27.5, Avg: 27.6, Max: 27.7, Diff: 0.2, Sum: 55.2]
      [GC Worker End (ms): Min: 55384365.7, Avg: 55384365.8, Max: 55384365.9, Diff: 0.1]
   [Code Root Fixup: 0.1 ms]
   [Code Root Purge: 0.0 ms]
   [Clear CT: 0.2 ms]
   [Other: 1.2 ms]
      [Choose CSet: 0.0 ms]
      [Ref Proc: 0.5 ms]
      [Ref Enq: 0.0 ms]
      [Redirty Cards: 0.2 ms]
      [Humongous Register: 0.1 ms]
      [Humongous Reclaim: 0.0 ms]
      [Free CSet: 0.0 ms]
   [Eden: 44.0M(44.0M)->0.0B(48.0M) Survivors: 7168.0K->3072.0K Heap: 250.4M(1024.0M)->203.6M(1024.0M)]
 [Times: user=0.05 sys=0.00, real=0.03 secs] 
2017-09-24T17:31:22.795+0900: 55494.718: [GC pause (G1 Evacuation Pause) (young), 0.0406866 secs]
   [Parallel Time: 37.9 ms, GC Workers: 2]
      [GC Worker Start (ms): Min: 55494718.0, Avg: 55494718.1, Max: 55494718.2, Diff: 0.2]
      [Ext Root Scanning (ms): Min: 1.8, Avg: 1.9, Max: 2.0, Diff: 0.2, Sum: 3.7]
      [Update RS (ms): Min: 3.3, Avg: 3.3, Max: 3.3, Diff: 0.1, Sum: 6.6]
         [Processed Buffers: Min: 12, Avg: 17.5, Max: 23, Diff: 11, Sum: 35]
      [Scan RS (ms): Min: 4.4, Avg: 4.6, Max: 4.7, Diff: 0.3, Sum: 9.2]
      [Code Root Scanning (ms): Min: 0.0, Avg: 0.0, Max: 0.0, Diff: 0.0, Sum: 0.0]
      [Object Copy (ms): Min: 25.8, Avg: 26.1, Max: 26.3, Diff: 0.5, Sum: 52.1]
      [Termination (ms): Min: 0.0, Avg: 0.3, Max: 0.5, Diff: 0.5, Sum: 0.5]
         [Termination Attempts: Min: 1, Avg: 1.0, Max: 1, Diff: 0, Sum: 2]
      [GC Worker Other (ms): Min: 0.0, Avg: 0.0, Max: 0.0, Diff: 0.0, Sum: 0.1]
      [GC Worker Total (ms): Min: 36.1, Avg: 36.1, Max: 36.1, Diff: 0.1, Sum: 72.2]
      [GC Worker End (ms): Min: 55494754.1, Avg: 55494754.2, Max: 55494754.3, Diff: 0.2]
   [Code Root Fixup: 0.1 ms]
   [Code Root Purge: 0.0 ms]
   [Clear CT: 0.4 ms]
   [Other: 2.2 ms]
      [Choose CSet: 0.0 ms]
      [Ref Proc: 1.0 ms]
      [Ref Enq: 0.0 ms]
      [Redirty Cards: 0.6 ms]
      [Humongous Register: 0.1 ms]
      [Humongous Reclaim: 0.0 ms]
      [Free CSet: 0.1 ms]
   [Eden: 48.0M(48.0M)->0.0B(46.0M) Survivors: 3072.0K->5120.0K Heap: 251.6M(1024.0M)->205.6M(1024.0M)]
 [Times: user=0.07 sys=0.00, real=0.04 secs] 
2017-09-24T17:33:08.850+0900: 55600.773: [GC pause (G1 Evacuation Pause) (young), 0.0224912 secs]
   [Parallel Time: 21.8 ms, GC Workers: 2]
      [GC Worker Start (ms): Min: 55600773.2, Avg: 55600773.3, Max: 55600773.3, Diff: 0.0]
      [Ext Root Scanning (ms): Min: 0.7, Avg: 0.7, Max: 0.8, Diff: 0.1, Sum: 1.5]
      [Update RS (ms): Min: 0.8, Avg: 0.9, Max: 0.9, Diff: 0.1, Sum: 1.7]
         [Processed Buffers: Min: 10, Avg: 16.5, Max: 23, Diff: 13, Sum: 33]
      [Scan RS (ms): Min: 0.9, Avg: 0.9, Max: 1.0, Diff: 0.1, Sum: 1.9]
      [Code Root Scanning (ms): Min: 0.0, Avg: 0.0, Max: 0.0, Diff: 0.0, Sum: 0.0]
      [Object Copy (ms): Min: 19.2, Avg: 19.2, Max: 19.2, Diff: 0.0, Sum: 38.4]
      [Termination (ms): Min: 0.0, Avg: 0.0, Max: 0.0, Diff: 0.0, Sum: 0.0]
         [Termination Attempts: Min: 5, Avg: 5.0, Max: 5, Diff: 0, Sum: 10]
      [GC Worker Other (ms): Min: 0.0, Avg: 0.0, Max: 0.0, Diff: 0.0, Sum: 0.0]
      [GC Worker Total (ms): Min: 21.8, Avg: 21.8, Max: 21.8, Diff: 0.0, Sum: 43.6]
      [GC Worker End (ms): Min: 55600795.0, Avg: 55600795.0, Max: 55600795.0, Diff: 0.0]
   [Code Root Fixup: 0.0 ms]
   [Code Root Purge: 0.0 ms]
   [Clear CT: 0.1 ms]
   [Other: 0.5 ms]
      [Choose CSet: 0.0 ms]
      [Ref Proc: 0.2 ms]
      [Ref Enq: 0.0 ms]
      [Redirty Cards: 0.0 ms]
      [Humongous Register: 0.0 ms]
      [Humongous Reclaim: 0.0 ms]
      [Free CSet: 0.0 ms]
   [Eden: 46.0M(46.0M)->0.0B(45.0M) Survivors: 5120.0K->6144.0K Heap: 251.6M(1024.0M)->207.4M(1024.0M)]
 [Times: user=0.03 sys=0.01, real=0.02 secs] 
2017-09-24T17:34:52.396+0900: 55704.319: [GC pause (G1 Evacuation Pause) (young), 0.0351666 secs]
   [Parallel Time: 33.8 ms, GC Workers: 2]
      [GC Worker Start (ms): Min: 55704319.2, Avg: 55704319.2, Max: 55704319.2, Diff: 0.1]
      [Ext Root Scanning (ms): Min: 2.1, Avg: 2.5, Max: 2.8, Diff: 0.7, Sum: 4.9]
      [Update RS (ms): Min: 2.7, Avg: 3.4, Max: 4.0, Diff: 1.2, Sum: 6.7]
         [Processed Buffers: Min: 14, Avg: 17.0, Max: 20, Diff: 6, Sum: 34]
      [Scan RS (ms): Min: 2.5, Avg: 2.8, Max: 3.1, Diff: 0.6, Sum: 5.6]
      [Code Root Scanning (ms): Min: 0.0, Avg: 0.0, Max: 0.0, Diff: 0.0, Sum: 0.0]
      [Object Copy (ms): Min: 25.0, Avg: 25.0, Max: 25.1, Diff: 0.1, Sum: 50.1]
      [Termination (ms): Min: 0.0, Avg: 0.0, Max: 0.0, Diff: 0.0, Sum: 0.0]
         [Termination Attempts: Min: 1, Avg: 2.5, Max: 4, Diff: 3, Sum: 5]
      [GC Worker Other (ms): Min: 0.0, Avg: 0.0, Max: 0.1, Diff: 0.0, Sum: 0.1]
      [GC Worker Total (ms): Min: 33.7, Avg: 33.7, Max: 33.7, Diff: 0.1, Sum: 67.4]
      [GC Worker End (ms): Min: 55704352.9, Avg: 55704352.9, Max: 55704352.9, Diff: 0.0]
   [Code Root Fixup: 0.1 ms]
   [Code Root Purge: 0.0 ms]
   [Clear CT: 0.2 ms]
   [Other: 1.1 ms]
      [Choose CSet: 0.0 ms]
      [Ref Proc: 0.4 ms]
      [Ref Enq: 0.0 ms]
      [Redirty Cards: 0.3 ms]
      [Humongous Register: 0.1 ms]
      [Humongous Reclaim: 0.0 ms]
      [Free CSet: 0.0 ms]
   [Eden: 45.0M(45.0M)->0.0B(46.0M) Survivors: 6144.0K->5120.0K Heap: 252.4M(1024.0M)->209.8M(1024.0M)]
 [Times: user=0.07 sys=0.00, real=0.04 secs] 
2017-09-24T17:36:37.952+0900: 55809.875: [GC pause (G1 Evacuation Pause) (young), 0.0511688 secs]
   [Parallel Time: 49.8 ms, GC Workers: 2]
      [GC Worker Start (ms): Min: 55809884.3, Avg: 55809884.3, Max: 55809884.3, Diff: 0.1]
      [Ext Root Scanning (ms): Min: 1.2, Avg: 1.2, Max: 1.2, Diff: 0.1, Sum: 2.4]
      [Update RS (ms): Min: 1.9, Avg: 1.9, Max: 1.9, Diff: 0.0, Sum: 3.8]
         [Processed Buffers: Min: 13, Avg: 17.0, Max: 21, Diff: 8, Sum: 34]
      [Scan RS (ms): Min: 1.3, Avg: 1.3, Max: 1.3, Diff: 0.0, Sum: 2.6]
      [Code Root Scanning (ms): Min: 0.0, Avg: 0.0, Max: 0.0, Diff: 0.0, Sum: 0.0]
      [Object Copy (ms): Min: 22.4, Avg: 27.9, Max: 33.5, Diff: 11.0, Sum: 55.9]
      [Termination (ms): Min: 0.0, Avg: 5.6, Max: 11.1, Diff: 11.1, Sum: 11.1]
         [Termination Attempts: Min: 1, Avg: 1.0, Max: 1, Diff: 0, Sum: 2]
      [GC Worker Other (ms): Min: 0.0, Avg: 0.0, Max: 0.0, Diff: 0.0, Sum: 0.0]
      [GC Worker Total (ms): Min: 37.8, Avg: 37.9, Max: 37.9, Diff: 0.1, Sum: 75.8]
      [GC Worker End (ms): Min: 55809922.2, Avg: 55809922.2, Max: 55809922.2, Diff: 0.0]
   [Code Root Fixup: 0.0 ms]
   [Code Root Purge: 0.0 ms]
   [Clear CT: 0.1 ms]
   [Other: 1.2 ms]
      [Choose CSet: 0.0 ms]
      [Ref Proc: 0.8 ms]
      [Ref Enq: 0.0 ms]
      [Redirty Cards: 0.1 ms]
      [Humongous Register: 0.1 ms]
      [Humongous Reclaim: 0.0 ms]
      [Free CSet: 0.0 ms]
   [Eden: 46.0M(46.0M)->0.0B(45.0M) Survivors: 5120.0K->6144.0K Heap: 255.8M(1024.0M)->211.3M(1024.0M)]
 [Times: user=0.05 sys=0.00, real=0.05 secs] 
2017-09-24T17:38:21.805+0900: 55913.728: [GC pause (G1 Evacuation Pause) (young), 0.0346572 secs]
   [Parallel Time: 29.0 ms, GC Workers: 2]
      [GC Worker Start (ms): Min: 55913728.1, Avg: 55913730.1, Max: 55913732.2, Diff: 4.0]
      [Ext Root Scanning (ms): Min: 0.0, Avg: 0.7, Max: 1.4, Diff: 1.4, Sum: 1.4]
      [Update RS (ms): Min: 0.0, Avg: 0.9, Max: 1.9, Diff: 1.9, Sum: 1.9]
         [Processed Buffers: Min: 0, Avg: 16.5, Max: 33, Diff: 33, Sum: 33]
      [Scan RS (ms): Min: 0.9, Avg: 3.3, Max: 5.6, Diff: 4.7, Sum: 6.5]
      [Code Root Scanning (ms): Min: 0.0, Avg: 0.0, Max: 0.0, Diff: 0.0, Sum: 0.0]
      [Object Copy (ms): Min: 20.0, Avg: 20.8, Max: 21.6, Diff: 1.6, Sum: 41.6]
      [Termination (ms): Min: 0.0, Avg: 1.2, Max: 2.4, Diff: 2.4, Sum: 2.4]
         [Termination Attempts: Min: 1, Avg: 1.0, Max: 1, Diff: 0, Sum: 2]
      [GC Worker Other (ms): Min: 0.0, Avg: 0.0, Max: 0.0, Diff: 0.0, Sum: 0.0]
      [GC Worker Total (ms): Min: 24.9, Avg: 26.9, Max: 28.9, Diff: 4.0, Sum: 53.8]
      [GC Worker End (ms): Min: 55913757.0, Avg: 55913757.0, Max: 55913757.1, Diff: 0.0]
   [Code Root Fixup: 0.1 ms]
   [Code Root Purge: 0.0 ms]
   [Clear CT: 0.1 ms]
   [Other: 5.4 ms]
      [Choose CSet: 0.0 ms]
      [Ref Proc: 4.9 ms]
      [Ref Enq: 0.0 ms]
      [Redirty Cards: 0.1 ms]
      [Humongous Register: 0.0 ms]
      [Humongous Reclaim: 0.0 ms]
      [Free CSet: 0.1 ms]
   [Eden: 45.0M(45.0M)->0.0B(47.0M) Survivors: 6144.0K->4096.0K Heap: 256.3M(1024.0M)->209.8M(1024.0M)]
 [Times: user=0.04 sys=0.00, real=0.04 secs] 
2017-09-24T17:40:09.116+0900: 56021.038: [GC pause (G1 Evacuation Pause) (young), 0.0235647 secs]
   [Parallel Time: 22.3 ms, GC Workers: 2]
      [GC Worker Start (ms): Min: 56021038.6, Avg: 56021040.3, Max: 56021042.0, Diff: 3.4]
      [Ext Root Scanning (ms): Min: 0.0, Avg: 0.9, Max: 1.9, Diff: 1.9, Sum: 1.9]
      [Update RS (ms): Min: 2.5, Avg: 6.0, Max: 9.5, Diff: 7.0, Sum: 12.0]
         [Processed Buffers: Min: 1, Avg: 18.5, Max: 36, Diff: 35, Sum: 37]
      [Scan RS (ms): Min: 0.0, Avg: 0.5, Max: 1.0, Diff: 1.0, Sum: 1.0]
      [Code Root Scanning (ms): Min: 0.0, Avg: 0.0, Max: 0.0, Diff: 0.0, Sum: 0.0]
      [Object Copy (ms): Min: 9.3, Avg: 12.3, Max: 15.3, Diff: 6.0, Sum: 24.6]
      [Termination (ms): Min: 0.0, Avg: 0.8, Max: 1.6, Diff: 1.6, Sum: 1.6]
         [Termination Attempts: Min: 1, Avg: 1.0, Max: 1, Diff: 0, Sum: 2]
      [GC Worker Other (ms): Min: 0.0, Avg: 0.0, Max: 0.0, Diff: 0.0, Sum: 0.0]
      [GC Worker Total (ms): Min: 18.8, Avg: 20.5, Max: 22.2, Diff: 3.4, Sum: 41.1]
      [GC Worker End (ms): Min: 56021060.8, Avg: 56021060.8, Max: 56021060.8, Diff: 0.0]
   [Code Root Fixup: 0.0 ms]
   [Code Root Purge: 0.0 ms]
   [Clear CT: 0.2 ms]
   [Other: 1.0 ms]
      [Choose CSet: 0.0 ms]
      [Ref Proc: 0.7 ms]
      [Ref Enq: 0.0 ms]
      [Redirty Cards: 0.1 ms]
      [Humongous Register: 0.0 ms]
      [Humongous Reclaim: 0.0 ms]
      [Free CSet: 0.0 ms]
   [Eden: 47.0M(47.0M)->0.0B(46.0M) Survivors: 4096.0K->5120.0K Heap: 256.8M(1024.0M)->211.3M(1024.0M)]
 [Times: user=0.02 sys=0.00, real=0.03 secs] 
2017-09-24T17:41:55.567+0900: 56127.490: [GC pause (G1 Evacuation Pause) (young), 0.0450691 secs]
   [Parallel Time: 24.7 ms, GC Workers: 2]
      [GC Worker Start (ms): Min: 56127489.9, Avg: 56127491.1, Max: 56127492.3, Diff: 2.4]
      [Ext Root Scanning (ms): Min: 0.0, Avg: 0.8, Max: 1.7, Diff: 1.7, Sum: 1.7]
      [Update RS (ms): Min: 1.2, Avg: 4.1, Max: 7.0, Diff: 5.8, Sum: 8.3]
         [Processed Buffers: Min: 1, Avg: 16.0, Max: 31, Diff: 30, Sum: 32]
      [Scan RS (ms): Min: 0.0, Avg: 1.0, Max: 2.0, Diff: 2.0, Sum: 2.0]
      [Code Root Scanning (ms): Min: 0.0, Avg: 0.0, Max: 0.0, Diff: 0.0, Sum: 0.0]
      [Object Copy (ms): Min: 14.5, Avg: 16.1, Max: 17.7, Diff: 3.1, Sum: 32.2]
      [Termination (ms): Min: 0.0, Avg: 0.0, Max: 0.1, Diff: 0.1, Sum: 0.1]
         [Termination Attempts: Min: 1, Avg: 1.0, Max: 1, Diff: 0, Sum: 2]
      [GC Worker Other (ms): Min: 0.0, Avg: 0.0, Max: 0.0, Diff: 0.0, Sum: 0.0]
      [GC Worker Total (ms): Min: 21.0, Avg: 22.2, Max: 23.4, Diff: 2.4, Sum: 44.3]
      [GC Worker End (ms): Min: 56127513.3, Avg: 56127513.3, Max: 56127513.3, Diff: 0.0]
   [Code Root Fixup: 0.1 ms]
   [Code Root Purge: 0.0 ms]
   [Clear CT: 0.1 ms]
   [Other: 20.2 ms]
      [Choose CSet: 0.0 ms]
      [Ref Proc: 19.7 ms]
      [Ref Enq: 0.0 ms]
      [Redirty Cards: 0.1 ms]
      [Humongous Register: 0.0 ms]
      [Humongous Reclaim: 0.0 ms]
      [Free CSet: 0.0 ms]
   [Eden: 46.0M(46.0M)->0.0B(45.0M) Survivors: 5120.0K->6144.0K Heap: 257.3M(1024.0M)->213.1M(1024.0M)]
 [Times: user=0.03 sys=0.00, real=0.04 secs] 
2017-09-24T17:43:39.145+0900: 56231.068: [GC pause (G1 Evacuation Pause) (young), 0.0287035 secs]
   [Parallel Time: 27.0 ms, GC Workers: 2]
      [GC Worker Start (ms): Min: 56231068.1, Avg: 56231068.1, Max: 56231068.1, Diff: 0.0]
      [Ext Root Scanning (ms): Min: 0.9, Avg: 0.9, Max: 1.0, Diff: 0.1, Sum: 1.9]
      [Update RS (ms): Min: 1.9, Avg: 2.3, Max: 2.7, Diff: 0.9, Sum: 4.6]
         [Processed Buffers: Min: 11, Avg: 17.0, Max: 23, Diff: 12, Sum: 34]
      [Scan RS (ms): Min: 1.3, Avg: 1.5, Max: 1.7, Diff: 0.4, Sum: 3.0]
      [Code Root Scanning (ms): Min: 0.0, Avg: 0.0, Max: 0.0, Diff: 0.0, Sum: 0.0]
      [Object Copy (ms): Min: 21.7, Avg: 21.8, Max: 21.8, Diff: 0.1, Sum: 43.6]
      [Termination (ms): Min: 0.0, Avg: 0.2, Max: 0.4, Diff: 0.4, Sum: 0.4]
         [Termination Attempts: Min: 1, Avg: 1.0, Max: 1, Diff: 0, Sum: 2]
      [GC Worker Other (ms): Min: 0.0, Avg: 0.0, Max: 0.0, Diff: 0.0, Sum: 0.0]
      [GC Worker Total (ms): Min: 26.8, Avg: 26.8, Max: 26.8, Diff: 0.0, Sum: 53.6]
      [GC Worker End (ms): Min: 56231094.8, Avg: 56231094.9, Max: 56231094.9, Diff: 0.1]
   [Code Root Fixup: 0.1 ms]
   [Code Root Purge: 0.0 ms]
   [Clear CT: 0.2 ms]
   [Other: 1.5 ms]
      [Choose CSet: 0.0 ms]
      [Ref Proc: 0.4 ms]
      [Ref Enq: 0.0 ms]
      [Redirty Cards: 0.2 ms]
      [Humongous Register: 0.0 ms]
      [Humongous Reclaim: 0.0 ms]
      [Free CSet: 0.0 ms]
   [Eden: 45.0M(45.0M)->0.0B(46.0M) Survivors: 6144.0K->5120.0K Heap: 258.1M(1024.0M)->216.1M(1024.0M)]
 [Times: user=0.04 sys=0.00, real=0.03 secs] 
2017-09-24T17:45:24.935+0900: 56336.857: [GC pause (G1 Evacuation Pause) (young), 0.0113850 secs]
   [Parallel Time: 10.0 ms, GC Workers: 2]
      [GC Worker Start (ms): Min: 56336857.6, Avg: 56336857.6, Max: 56336857.6, Diff: 0.0]
      [Ext Root Scanning (ms): Min: 0.6, Avg: 0.6, Max: 0.6, Diff: 0.1, Sum: 1.2]
      [Update RS (ms): Min: 0.7, Avg: 0.7, Max: 0.7, Diff: 0.0, Sum: 1.4]
         [Processed Buffers: Min: 1, Avg: 15.0, Max: 29, Diff: 28, Sum: 30]
      [Scan RS (ms): Min: 0.6, Avg: 2.7, Max: 4.8, Diff: 4.1, Sum: 5.4]
      [Code Root Scanning (ms): Min: 0.0, Avg: 0.0, Max: 0.0, Diff: 0.0, Sum: 0.0]
      [Object Copy (ms): Min: 3.2, Avg: 5.3, Max: 7.3, Diff: 4.2, Sum: 10.5]
      [Termination (ms): Min: 0.0, Avg: 0.0, Max: 0.0, Diff: 0.0, Sum: 0.0]
         [Termination Attempts: Min: 1, Avg: 1.0, Max: 1, Diff: 0, Sum: 2]
      [GC Worker Other (ms): Min: 0.0, Avg: 0.0, Max: 0.0, Diff: 0.0, Sum: 0.0]
      [GC Worker Total (ms): Min: 9.2, Avg: 9.3, Max: 9.3, Diff: 0.0, Sum: 18.5]
      [GC Worker End (ms): Min: 56336866.8, Avg: 56336866.8, Max: 56336866.8, Diff: 0.0]
   [Code Root Fixup: 0.0 ms]
   [Code Root Purge: 0.0 ms]
   [Clear CT: 0.1 ms]
   [Other: 1.3 ms]
      [Choose CSet: 0.0 ms]
      [Ref Proc: 0.4 ms]
      [Ref Enq: 0.0 ms]
      [Redirty Cards: 0.3 ms]
      [Humongous Register: 0.0 ms]
      [Humongous Reclaim: 0.1 ms]
      [Free CSet: 0.1 ms]
   [Eden: 46.0M(46.0M)->0.0B(49.0M) Survivors: 5120.0K->2048.0K Heap: 262.1M(1024.0M)->213.6M(1024.0M)]
 [Times: user=0.01 sys=0.00, real=0.02 secs] 
2017-09-24T17:47:17.411+0900: 56449.333: [GC pause (G1 Evacuation Pause) (young), 0.0282779 secs]
   [Parallel Time: 26.9 ms, GC Workers: 2]
      [GC Worker Start (ms): Min: 56449333.7, Avg: 56449333.8, Max: 56449333.9, Diff: 0.2]
      [Ext Root Scanning (ms): Min: 1.7, Avg: 1.8, Max: 1.8, Diff: 0.1, Sum: 3.5]
      [Update RS (ms): Min: 2.9, Avg: 2.9, Max: 3.0, Diff: 0.1, Sum: 5.9]
         [Processed Buffers: Min: 11, Avg: 16.5, Max: 22, Diff: 11, Sum: 33]
      [Scan RS (ms): Min: 2.9, Avg: 3.3, Max: 3.7, Diff: 0.8, Sum: 6.6]
      [Code Root Scanning (ms): Min: 0.0, Avg: 0.0, Max: 0.0, Diff: 0.0, Sum: 0.0]
      [Object Copy (ms): Min: 18.4, Avg: 18.7, Max: 19.1, Diff: 0.7, Sum: 37.5]
      [Termination (ms): Min: 0.0, Avg: 0.0, Max: 0.0, Diff: 0.0, Sum: 0.0]
         [Termination Attempts: Min: 1, Avg: 1.0, Max: 1, Diff: 0, Sum: 2]
      [GC Worker Other (ms): Min: 0.0, Avg: 0.0, Max: 0.0, Diff: 0.0, Sum: 0.0]
      [GC Worker Total (ms): Min: 26.7, Avg: 26.8, Max: 26.9, Diff: 0.2, Sum: 53.6]
      [GC Worker End (ms): Min: 56449360.6, Avg: 56449360.6, Max: 56449360.6, Diff: 0.0]
   [Code Root Fixup: 0.1 ms]
   [Code Root Purge: 0.0 ms]
   [Clear CT: 0.1 ms]
   [Other: 1.2 ms]
      [Choose CSet: 0.0 ms]
      [Ref Proc: 0.3 ms]
      [Ref Enq: 0.0 ms]
      [Redirty Cards: 0.3 ms]
      [Humongous Register: 0.1 ms]
      [Humongous Reclaim: 0.0 ms]
      [Free CSet: 0.0 ms]
   [Eden: 49.0M(49.0M)->0.0B(46.0M) Survivors: 2048.0K->5120.0K Heap: 262.6M(1024.0M)->216.1M(1024.0M)]
 [Times: user=0.05 sys=0.00, real=0.03 secs] 
2017-09-24T17:49:02.770+0900: 56554.693: [GC pause (G1 Evacuation Pause) (young), 0.0343515 secs]
   [Parallel Time: 32.5 ms, GC Workers: 2]
      [GC Worker Start (ms): Min: 56554693.1, Avg: 56554693.1, Max: 56554693.1, Diff: 0.1]
      [Ext Root Scanning (ms): Min: 1.8, Avg: 1.8, Max: 1.8, Diff: 0.0, Sum: 3.6]
      [Update RS (ms): Min: 2.7, Avg: 2.8, Max: 3.0, Diff: 0.3, Sum: 5.6]
         [Processed Buffers: Min: 1, Avg: 16.0, Max: 31, Diff: 30, Sum: 32]
      [Scan RS (ms): Min: 4.4, Avg: 5.5, Max: 6.6, Diff: 2.2, Sum: 11.0]
      [Code Root Scanning (ms): Min: 0.0, Avg: 0.0, Max: 0.0, Diff: 0.0, Sum: 0.0]
      [Object Copy (ms): Min: 20.9, Avg: 22.2, Max: 23.4, Diff: 2.6, Sum: 44.3]
      [Termination (ms): Min: 0.0, Avg: 0.0, Max: 0.0, Diff: 0.0, Sum: 0.0]
         [Termination Attempts: Min: 1, Avg: 1.0, Max: 1, Diff: 0, Sum: 2]
      [GC Worker Other (ms): Min: 0.0, Avg: 0.0, Max: 0.0, Diff: 0.0, Sum: 0.0]
      [GC Worker Total (ms): Min: 32.3, Avg: 32.3, Max: 32.4, Diff: 0.1, Sum: 64.6]
      [GC Worker End (ms): Min: 56554725.4, Avg: 56554725.4, Max: 56554725.4, Diff: 0.0]
   [Code Root Fixup: 0.1 ms]
   [Code Root Purge: 0.0 ms]
   [Clear CT: 0.2 ms]
   [Other: 1.6 ms]
      [Choose CSet: 0.0 ms]
      [Ref Proc: 0.8 ms]
      [Ref Enq: 0.0 ms]
      [Redirty Cards: 0.3 ms]
      [Humongous Register: 0.1 ms]
      [Humongous Reclaim: 0.0 ms]
      [Free CSet: 0.0 ms]
   [Eden: 46.0M(46.0M)->0.0B(45.0M) Survivors: 5120.0K->6144.0K Heap: 262.1M(1024.0M)->217.6M(1024.0M)]
 [Times: user=0.06 sys=0.00, real=0.03 secs] 
2017-09-24T17:50:46.389+0900: 56658.312: [GC pause (G1 Evacuation Pause) (young), 0.0328779 secs]
   [Parallel Time: 24.1 ms, GC Workers: 2]
      [GC Worker Start (ms): Min: 56658312.2, Avg: 56658312.2, Max: 56658312.2, Diff: 0.0]
      [Ext Root Scanning (ms): Min: 0.9, Avg: 1.1, Max: 1.2, Diff: 0.2, Sum: 2.1]
      [Update RS (ms): Min: 0.9, Avg: 1.0, Max: 1.1, Diff: 0.2, Sum: 1.9]
         [Processed Buffers: Min: 14, Avg: 15.0, Max: 16, Diff: 2, Sum: 30]
      [Scan RS (ms): Min: 0.5, Avg: 0.5, Max: 0.6, Diff: 0.1, Sum: 1.0]
      [Code Root Scanning (ms): Min: 0.0, Avg: 0.0, Max: 0.0, Diff: 0.0, Sum: 0.0]
      [Object Copy (ms): Min: 18.6, Avg: 18.7, Max: 18.7, Diff: 0.1, Sum: 37.4]
      [Termination (ms): Min: 0.0, Avg: 0.0, Max: 0.0, Diff: 0.0, Sum: 0.0]
         [Termination Attempts: Min: 1, Avg: 1.0, Max: 1, Diff: 0, Sum: 2]
      [GC Worker Other (ms): Min: 0.0, Avg: 0.0, Max: 0.0, Diff: 0.0, Sum: 0.0]
      [GC Worker Total (ms): Min: 21.2, Avg: 21.2, Max: 21.3, Diff: 0.0, Sum: 42.5]
      [GC Worker End (ms): Min: 56658333.5, Avg: 56658333.5, Max: 56658333.5, Diff: 0.0]
   [Code Root Fixup: 0.0 ms]
   [Code Root Purge: 0.0 ms]
   [Clear CT: 5.1 ms]
   [Other: 3.6 ms]
      [Choose CSet: 0.0 ms]
      [Ref Proc: 2.8 ms]
      [Ref Enq: 0.0 ms]
      [Redirty Cards: 0.4 ms]
      [Humongous Register: 0.1 ms]
      [Humongous Reclaim: 0.0 ms]
      [Free CSet: 0.0 ms]
   [Eden: 45.0M(45.0M)->0.0B(46.0M) Survivors: 6144.0K->5120.0K Heap: 262.6M(1024.0M)->219.4M(1024.0M)]
 [Times: user=0.02 sys=0.00, real=0.03 secs] 
2017-09-24T17:52:31.841+0900: 56763.764: [GC pause (G1 Evacuation Pause) (young), 0.0326930 secs]
   [Parallel Time: 31.1 ms, GC Workers: 2]
      [GC Worker Start (ms): Min: 56763764.3, Avg: 56763764.4, Max: 56763764.5, Diff: 0.2]
      [Ext Root Scanning (ms): Min: 1.7, Avg: 1.8, Max: 1.9, Diff: 0.2, Sum: 3.6]
      [Update RS (ms): Min: 3.9, Avg: 3.9, Max: 3.9, Diff: 0.0, Sum: 7.7]
         [Processed Buffers: Min: 8, Avg: 16.5, Max: 25, Diff: 17, Sum: 33]
      [Scan RS (ms): Min: 2.5, Avg: 2.6, Max: 2.6, Diff: 0.1, Sum: 5.1]
      [Code Root Scanning (ms): Min: 0.0, Avg: 0.0, Max: 0.0, Diff: 0.0, Sum: 0.0]
      [Object Copy (ms): Min: 22.3, Avg: 22.4, Max: 22.4, Diff: 0.2, Sum: 44.7]
      [Termination (ms): Min: 0.0, Avg: 0.1, Max: 0.1, Diff: 0.1, Sum: 0.1]
         [Termination Attempts: Min: 1, Avg: 1.0, Max: 1, Diff: 0, Sum: 2]
      [GC Worker Other (ms): Min: 0.0, Avg: 0.0, Max: 0.0, Diff: 0.0, Sum: 0.1]
      [GC Worker Total (ms): Min: 30.6, Avg: 30.7, Max: 30.8, Diff: 0.2, Sum: 61.4]
      [GC Worker End (ms): Min: 56763795.1, Avg: 56763795.1, Max: 56763795.1, Diff: 0.0]
   [Code Root Fixup: 0.1 ms]
   [Code Root Purge: 0.0 ms]
   [Clear CT: 0.2 ms]
   [Other: 1.3 ms]
      [Choose CSet: 0.0 ms]
      [Ref Proc: 0.3 ms]
      [Ref Enq: 0.0 ms]
      [Redirty Cards: 0.4 ms]
      [Humongous Register: 0.1 ms]
      [Humongous Reclaim: 0.0 ms]
      [Free CSet: 0.0 ms]
   [Eden: 46.0M(46.0M)->0.0B(44.0M) Survivors: 5120.0K->7168.0K Heap: 265.4M(1024.0M)->221.4M(1024.0M)]
 [Times: user=0.06 sys=0.00, real=0.03 secs] 
2017-09-24T17:54:12.751+0900: 56864.674: [GC pause (G1 Evacuation Pause) (young), 0.0071911 secs]
   [Parallel Time: 6.5 ms, GC Workers: 2]
      [GC Worker Start (ms): Min: 56864674.1, Avg: 56864674.1, Max: 56864674.1, Diff: 0.0]
      [Ext Root Scanning (ms): Min: 0.5, Avg: 0.5, Max: 0.6, Diff: 0.1, Sum: 1.1]
      [Update RS (ms): Min: 0.3, Avg: 0.4, Max: 0.5, Diff: 0.1, Sum: 0.8]
         [Processed Buffers: Min: 5, Avg: 15.0, Max: 25, Diff: 20, Sum: 30]
      [Scan RS (ms): Min: 0.4, Avg: 0.4, Max: 0.5, Diff: 0.1, Sum: 0.9]
      [Code Root Scanning (ms): Min: 0.0, Avg: 0.0, Max: 0.0, Diff: 0.0, Sum: 0.0]
      [Object Copy (ms): Min: 4.5, Avg: 4.7, Max: 4.8, Diff: 0.3, Sum: 9.3]
      [Termination (ms): Min: 0.0, Avg: 0.2, Max: 0.4, Diff: 0.4, Sum: 0.4]
         [Termination Attempts: Min: 1, Avg: 1.0, Max: 1, Diff: 0, Sum: 2]
      [GC Worker Other (ms): Min: 0.0, Avg: 0.0, Max: 0.0, Diff: 0.0, Sum: 0.0]
      [GC Worker Total (ms): Min: 6.3, Avg: 6.3, Max: 6.3, Diff: 0.0, Sum: 12.6]
      [GC Worker End (ms): Min: 56864680.3, Avg: 56864680.4, Max: 56864680.4, Diff: 0.1]
   [Code Root Fixup: 0.1 ms]
   [Code Root Purge: 0.0 ms]
   [Clear CT: 0.1 ms]
   [Other: 0.6 ms]
      [Choose CSet: 0.0 ms]
      [Ref Proc: 0.3 ms]
      [Ref Enq: 0.0 ms]
      [Redirty Cards: 0.1 ms]
      [Humongous Register: 0.0 ms]
      [Humongous Reclaim: 0.0 ms]
      [Free CSet: 0.0 ms]
   [Eden: 44.0M(44.0M)->0.0B(48.0M) Survivors: 7168.0K->3072.0K Heap: 265.4M(1024.0M)->218.6M(1024.0M)]
 [Times: user=0.01 sys=0.00, real=0.01 secs] 
2017-09-24T17:56:02.594+0900: 56974.517: [GC pause (G1 Evacuation Pause) (young), 0.0058085 secs]
   [Parallel Time: 5.3 ms, GC Workers: 2]
      [GC Worker Start (ms): Min: 56974516.7, Avg: 56974516.7, Max: 56974516.7, Diff: 0.0]
      [Ext Root Scanning (ms): Min: 0.5, Avg: 0.5, Max: 0.6, Diff: 0.0, Sum: 1.1]
      [Update RS (ms): Min: 0.6, Avg: 0.6, Max: 0.6, Diff: 0.0, Sum: 1.2]
         [Processed Buffers: Min: 11, Avg: 16.5, Max: 22, Diff: 11, Sum: 33]
      [Scan RS (ms): Min: 0.4, Avg: 0.4, Max: 0.4, Diff: 0.0, Sum: 0.8]
      [Code Root Scanning (ms): Min: 0.0, Avg: 0.0, Max: 0.0, Diff: 0.0, Sum: 0.0]
      [Object Copy (ms): Min: 3.7, Avg: 3.7, Max: 3.7, Diff: 0.0, Sum: 7.4]
      [Termination (ms): Min: 0.0, Avg: 0.0, Max: 0.0, Diff: 0.0, Sum: 0.0]
         [Termination Attempts: Min: 1, Avg: 1.0, Max: 1, Diff: 0, Sum: 2]
      [GC Worker Other (ms): Min: 0.0, Avg: 0.0, Max: 0.0, Diff: 0.0, Sum: 0.0]
      [GC Worker Total (ms): Min: 5.2, Avg: 5.3, Max: 5.3, Diff: 0.0, Sum: 10.5]
      [GC Worker End (ms): Min: 56974521.9, Avg: 56974521.9, Max: 56974521.9, Diff: 0.0]
   [Code Root Fixup: 0.0 ms]
   [Code Root Purge: 0.0 ms]
   [Clear CT: 0.0 ms]
   [Other: 0.4 ms]
      [Choose CSet: 0.0 ms]
      [Ref Proc: 0.1 ms]
      [Ref Enq: 0.0 ms]
      [Redirty Cards: 0.0 ms]
      [Humongous Register: 0.0 ms]
      [Humongous Reclaim: 0.0 ms]
      [Free CSet: 0.0 ms]
   [Eden: 48.0M(48.0M)->0.0B(46.0M) Survivors: 3072.0K->5120.0K Heap: 266.6M(1024.0M)->220.1M(1024.0M)]
 [Times: user=0.00 sys=0.00, real=0.01 secs] 
2017-09-24T17:57:48.105+0900: 57080.028: [GC pause (G1 Evacuation Pause) (young), 0.0084746 secs]
   [Parallel Time: 7.9 ms, GC Workers: 2]
      [GC Worker Start (ms): Min: 57080027.8, Avg: 57080027.8, Max: 57080027.8, Diff: 0.0]
      [Ext Root Scanning (ms): Min: 0.8, Avg: 0.8, Max: 0.9, Diff: 0.1, Sum: 1.7]
      [Update RS (ms): Min: 0.6, Avg: 0.6, Max: 0.7, Diff: 0.1, Sum: 1.3]
         [Processed Buffers: Min: 11, Avg: 17.0, Max: 23, Diff: 12, Sum: 34]
      [Scan RS (ms): Min: 0.8, Avg: 1.0, Max: 1.3, Diff: 0.4, Sum: 2.1]
      [Code Root Scanning (ms): Min: 0.0, Avg: 0.0, Max: 0.0, Diff: 0.0, Sum: 0.0]
      [Object Copy (ms): Min: 5.0, Avg: 5.3, Max: 5.5, Diff: 0.6, Sum: 10.5]
      [Termination (ms): Min: 0.0, Avg: 0.0, Max: 0.0, Diff: 0.0, Sum: 0.0]
         [Termination Attempts: Min: 1, Avg: 2.0, Max: 3, Diff: 2, Sum: 4]
      [GC Worker Other (ms): Min: 0.0, Avg: 0.0, Max: 0.0, Diff: 0.0, Sum: 0.0]
      [GC Worker Total (ms): Min: 7.8, Avg: 7.8, Max: 7.8, Diff: 0.0, Sum: 15.6]
      [GC Worker End (ms): Min: 57080035.6, Avg: 57080035.6, Max: 57080035.6, Diff: 0.0]
   [Code Root Fixup: 0.0 ms]
   [Code Root Purge: 0.0 ms]
   [Clear CT: 0.0 ms]
   [Other: 0.5 ms]
      [Choose CSet: 0.0 ms]
      [Ref Proc: 0.2 ms]
      [Ref Enq: 0.0 ms]
      [Redirty Cards: 0.0 ms]
      [Humongous Register: 0.1 ms]
      [Humongous Reclaim: 0.0 ms]
      [Free CSet: 0.0 ms]
   [Eden: 46.0M(46.0M)->0.0B(45.0M) Survivors: 5120.0K->6144.0K Heap: 266.1M(1024.0M)->222.1M(1024.0M)]
 [Times: user=0.02 sys=0.00, real=0.01 secs] 
2017-09-24T17:59:31.319+0900: 57183.242: [GC pause (G1 Evacuation Pause) (young), 0.0482537 secs]
   [Parallel Time: 46.8 ms, GC Workers: 2]
      [GC Worker Start (ms): Min: 57183242.4, Avg: 57183242.5, Max: 57183242.6, Diff: 0.1]
      [Ext Root Scanning (ms): Min: 1.8, Avg: 1.9, Max: 2.0, Diff: 0.2, Sum: 3.8]
      [Update RS (ms): Min: 3.7, Avg: 3.7, Max: 3.8, Diff: 0.1, Sum: 7.5]
         [Processed Buffers: Min: 3, Avg: 16.5, Max: 30, Diff: 27, Sum: 33]
      [Scan RS (ms): Min: 2.9, Avg: 2.9, Max: 2.9, Diff: 0.0, Sum: 5.8]
      [Code Root Scanning (ms): Min: 0.0, Avg: 0.0, Max: 0.0, Diff: 0.0, Sum: 0.0]
      [Object Copy (ms): Min: 37.7, Avg: 37.7, Max: 37.8, Diff: 0.1, Sum: 75.4]
      [Termination (ms): Min: 0.0, Avg: 0.1, Max: 0.1, Diff: 0.1, Sum: 0.1]
         [Termination Attempts: Min: 1, Avg: 3.0, Max: 5, Diff: 4, Sum: 6]
      [GC Worker Other (ms): Min: 0.0, Avg: 0.0, Max: 0.0, Diff: 0.0, Sum: 0.0]
      [GC Worker Total (ms): Min: 46.3, Avg: 46.4, Max: 46.5, Diff: 0.2, Sum: 92.7]
      [GC Worker End (ms): Min: 57183288.9, Avg: 57183288.9, Max: 57183288.9, Diff: 0.0]
   [Code Root Fixup: 0.1 ms]
   [Code Root Purge: 0.0 ms]
   [Clear CT: 0.2 ms]
   [Other: 1.2 ms]
      [Choose CSet: 0.0 ms]
      [Ref Proc: 0.4 ms]
      [Ref Enq: 0.0 ms]
      [Redirty Cards: 0.4 ms]
      [Humongous Register: 0.1 ms]
      [Humongous Reclaim: 0.0 ms]
      [Free CSet: 0.1 ms]
   [Eden: 45.0M(45.0M)->0.0B(46.0M) Survivors: 6144.0K->5120.0K Heap: 267.1M(1024.0M)->224.2M(1024.0M)]
 [Times: user=0.08 sys=0.00, real=0.05 secs] 
2017-09-24T18:01:17.332+0900: 57289.255: [GC pause (G1 Evacuation Pause) (young), 0.0208041 secs]
   [Parallel Time: 12.4 ms, GC Workers: 2]
      [GC Worker Start (ms): Min: 57289255.0, Avg: 57289255.0, Max: 57289255.0, Diff: 0.0]
      [Ext Root Scanning (ms): Min: 0.5, Avg: 0.5, Max: 0.6, Diff: 0.1, Sum: 1.1]
      [Update RS (ms): Min: 1.3, Avg: 1.3, Max: 1.3, Diff: 0.0, Sum: 2.6]
         [Processed Buffers: Min: 4, Avg: 16.5, Max: 29, Diff: 25, Sum: 33]
      [Scan RS (ms): Min: 0.8, Avg: 0.8, Max: 0.8, Diff: 0.0, Sum: 1.6]
      [Code Root Scanning (ms): Min: 0.0, Avg: 0.0, Max: 0.0, Diff: 0.0, Sum: 0.0]
      [Object Copy (ms): Min: 9.5, Avg: 9.5, Max: 9.6, Diff: 0.0, Sum: 19.1]
      [Termination (ms): Min: 0.0, Avg: 0.0, Max: 0.0, Diff: 0.0, Sum: 0.0]
         [Termination Attempts: Min: 1, Avg: 1.0, Max: 1, Diff: 0, Sum: 2]
      [GC Worker Other (ms): Min: 0.0, Avg: 0.0, Max: 0.0, Diff: 0.0, Sum: 0.0]
      [GC Worker Total (ms): Min: 12.2, Avg: 12.2, Max: 12.2, Diff: 0.0, Sum: 24.4]
      [GC Worker End (ms): Min: 57289267.2, Avg: 57289267.2, Max: 57289267.2, Diff: 0.0]
   [Code Root Fixup: 0.6 ms]
   [Code Root Purge: 0.0 ms]
   [Clear CT: 3.1 ms]
   [Other: 4.7 ms]
      [Choose CSet: 0.0 ms]
      [Ref Proc: 0.7 ms]
      [Ref Enq: 0.4 ms]
      [Redirty Cards: 0.6 ms]
      [Humongous Register: 0.0 ms]
      [Humongous Reclaim: 0.2 ms]
      [Free CSet: 0.7 ms]
   [Eden: 46.0M(46.0M)->0.0B(45.0M) Survivors: 5120.0K->6144.0K Heap: 270.2M(1024.0M)->225.7M(1024.0M)]
 [Times: user=0.02 sys=0.00, real=0.02 secs] 
2017-09-24T18:03:01.214+0900: 57393.137: [GC pause (G1 Evacuation Pause) (young), 0.0239610 secs]
   [Parallel Time: 22.8 ms, GC Workers: 2]
      [GC Worker Start (ms): Min: 57393137.2, Avg: 57393137.3, Max: 57393137.3, Diff: 0.1]
      [Ext Root Scanning (ms): Min: 1.9, Avg: 1.9, Max: 2.0, Diff: 0.1, Sum: 3.8]
      [Update RS (ms): Min: 3.0, Avg: 3.1, Max: 3.1, Diff: 0.1, Sum: 6.2]
         [Processed Buffers: Min: 6, Avg: 17.0, Max: 28, Diff: 22, Sum: 34]
      [Scan RS (ms): Min: 3.0, Avg: 3.0, Max: 3.0, Diff: 0.0, Sum: 6.0]
      [Code Root Scanning (ms): Min: 0.0, Avg: 0.0, Max: 0.0, Diff: 0.0, Sum: 0.0]
      [Object Copy (ms): Min: 14.6, Avg: 14.6, Max: 14.7, Diff: 0.1, Sum: 29.3]
      [Termination (ms): Min: 0.0, Avg: 0.0, Max: 0.0, Diff: 0.0, Sum: 0.0]
         [Termination Attempts: Min: 1, Avg: 1.0, Max: 1, Diff: 0, Sum: 2]
      [GC Worker Other (ms): Min: 0.0, Avg: 0.0, Max: 0.0, Diff: 0.0, Sum: 0.0]
      [GC Worker Total (ms): Min: 22.6, Avg: 22.7, Max: 22.7, Diff: 0.1, Sum: 45.3]
      [GC Worker End (ms): Min: 57393159.9, Avg: 57393159.9, Max: 57393159.9, Diff: 0.0]
   [Code Root Fixup: 0.1 ms]
   [Code Root Purge: 0.0 ms]
   [Clear CT: 0.2 ms]
   [Other: 0.9 ms]
      [Choose CSet: 0.0 ms]
      [Ref Proc: 0.3 ms]
      [Ref Enq: 0.0 ms]
      [Redirty Cards: 0.1 ms]
      [Humongous Register: 0.1 ms]
      [Humongous Reclaim: 0.0 ms]
      [Free CSet: 0.0 ms]
   [Eden: 45.0M(45.0M)->0.0B(48.0M) Survivors: 6144.0K->3072.0K Heap: 270.7M(1024.0M)->223.6M(1024.0M)]
 [Times: user=0.05 sys=0.00, real=0.03 secs] 
2017-09-24T18:04:51.390+0900: 57503.313: [GC pause (G1 Evacuation Pause) (young), 0.0066467 secs]
   [Parallel Time: 5.8 ms, GC Workers: 2]
      [GC Worker Start (ms): Min: 57503312.8, Avg: 57503312.8, Max: 57503312.8, Diff: 0.0]
      [Ext Root Scanning (ms): Min: 0.5, Avg: 0.5, Max: 0.5, Diff: 0.1, Sum: 1.0]
      [Update RS (ms): Min: 0.6, Avg: 0.6, Max: 0.6, Diff: 0.0, Sum: 1.2]
         [Processed Buffers: Min: 12, Avg: 16.5, Max: 21, Diff: 9, Sum: 33]
      [Scan RS (ms): Min: 0.5, Avg: 0.7, Max: 0.9, Diff: 0.4, Sum: 1.3]
      [Code Root Scanning (ms): Min: 0.0, Avg: 0.0, Max: 0.0, Diff: 0.0, Sum: 0.0]
      [Object Copy (ms): Min: 3.8, Avg: 4.0, Max: 4.2, Diff: 0.4, Sum: 8.0]
      [Termination (ms): Min: 0.0, Avg: 0.0, Max: 0.0, Diff: 0.0, Sum: 0.0]
         [Termination Attempts: Min: 1, Avg: 1.0, Max: 1, Diff: 0, Sum: 2]
      [GC Worker Other (ms): Min: 0.0, Avg: 0.0, Max: 0.0, Diff: 0.0, Sum: 0.0]
      [GC Worker Total (ms): Min: 5.8, Avg: 5.8, Max: 5.8, Diff: 0.0, Sum: 11.6]
      [GC Worker End (ms): Min: 57503318.6, Avg: 57503318.6, Max: 57503318.6, Diff: 0.0]
   [Code Root Fixup: 0.0 ms]
   [Code Root Purge: 0.0 ms]
   [Clear CT: 0.1 ms]
   [Other: 0.7 ms]
      [Choose CSet: 0.0 ms]
      [Ref Proc: 0.2 ms]
      [Ref Enq: 0.0 ms]
      [Redirty Cards: 0.1 ms]
      [Humongous Register: 0.1 ms]
      [Humongous Reclaim: 0.0 ms]
      [Free CSet: 0.0 ms]
   [Eden: 48.0M(48.0M)->0.0B(46.0M) Survivors: 3072.0K->5120.0K Heap: 271.6M(1024.0M)->225.1M(1024.0M)]
 [Times: user=0.01 sys=0.00, real=0.00 secs] 
2017-09-24T18:06:34.514+0900: 57606.436: [GC pause (G1 Evacuation Pause) (young), 0.0253997 secs]
   [Parallel Time: 24.5 ms, GC Workers: 2]
      [GC Worker Start (ms): Min: 57606436.5, Avg: 57606436.5, Max: 57606436.6, Diff: 0.1]
      [Ext Root Scanning (ms): Min: 1.1, Avg: 1.1, Max: 1.2, Diff: 0.1, Sum: 2.3]
      [Update RS (ms): Min: 1.6, Avg: 1.7, Max: 1.9, Diff: 0.4, Sum: 3.5]
         [Processed Buffers: Min: 4, Avg: 17.5, Max: 31, Diff: 27, Sum: 35]
      [Scan RS (ms): Min: 1.5, Avg: 1.7, Max: 1.9, Diff: 0.4, Sum: 3.4]
      [Code Root Scanning (ms): Min: 0.0, Avg: 0.0, Max: 0.0, Diff: 0.0, Sum: 0.0]
      [Object Copy (ms): Min: 19.7, Avg: 19.7, Max: 19.7, Diff: 0.0, Sum: 39.4]
      [Termination (ms): Min: 0.0, Avg: 0.0, Max: 0.0, Diff: 0.0, Sum: 0.0]
         [Termination Attempts: Min: 1, Avg: 1.0, Max: 1, Diff: 0, Sum: 2]
      [GC Worker Other (ms): Min: 0.0, Avg: 0.0, Max: 0.0, Diff: 0.0, Sum: 0.0]
      [GC Worker Total (ms): Min: 24.3, Avg: 24.3, Max: 24.3, Diff: 0.1, Sum: 48.6]
      [GC Worker End (ms): Min: 57606460.8, Avg: 57606460.8, Max: 57606460.8, Diff: 0.0]
   [Code Root Fixup: 0.1 ms]
   [Code Root Purge: 0.0 ms]
   [Clear CT: 0.1 ms]
   [Other: 0.8 ms]
      [Choose CSet: 0.0 ms]
      [Ref Proc: 0.2 ms]
      [Ref Enq: 0.0 ms]
      [Redirty Cards: 0.2 ms]
      [Humongous Register: 0.0 ms]
      [Humongous Reclaim: 0.0 ms]
      [Free CSet: 0.0 ms]
   [Eden: 46.0M(46.0M)->0.0B(44.0M) Survivors: 5120.0K->7168.0K Heap: 271.1M(1024.0M)->227.9M(1024.0M)]
 [Times: user=0.05 sys=0.00, real=0.03 secs] 
2017-09-24T18:08:13.539+0900: 57705.462: [GC pause (G1 Evacuation Pause) (young), 0.0154571 secs]
   [Parallel Time: 14.1 ms, GC Workers: 2]
      [GC Worker Start (ms): Min: 57705461.8, Avg: 57705461.8, Max: 57705461.8, Diff: 0.0]
      [Ext Root Scanning (ms): Min: 0.5, Avg: 0.6, Max: 0.6, Diff: 0.0, Sum: 1.1]
      [Update RS (ms): Min: 0.8, Avg: 0.9, Max: 0.9, Diff: 0.1, Sum: 1.7]
         [Processed Buffers: Min: 16, Avg: 18.0, Max: 20, Diff: 4, Sum: 36]
      [Scan RS (ms): Min: 0.4, Avg: 0.4, Max: 0.5, Diff: 0.1, Sum: 0.8]
      [Code Root Scanning (ms): Min: 0.0, Avg: 0.0, Max: 0.0, Diff: 0.0, Sum: 0.0]
      [Object Copy (ms): Min: 11.0, Avg: 11.0, Max: 11.1, Diff: 0.2, Sum: 22.1]
      [Termination (ms): Min: 0.0, Avg: 0.4, Max: 0.8, Diff: 0.8, Sum: 0.8]
         [Termination Attempts: Min: 1, Avg: 1.0, Max: 1, Diff: 0, Sum: 2]
      [GC Worker Other (ms): Min: 0.0, Avg: 0.0, Max: 0.0, Diff: 0.0, Sum: 0.0]
      [GC Worker Total (ms): Min: 13.0, Avg: 13.3, Max: 13.6, Diff: 0.6, Sum: 26.6]
      [GC Worker End (ms): Min: 57705474.7, Avg: 57705475.1, Max: 57705475.4, Diff: 0.7]
   [Code Root Fixup: 0.0 ms]
   [Code Root Purge: 0.0 ms]
   [Clear CT: 0.2 ms]
   [Other: 1.2 ms]
      [Choose CSet: 0.0 ms]
      [Ref Proc: 0.6 ms]
      [Ref Enq: 0.0 ms]
      [Redirty Cards: 0.3 ms]
      [Humongous Register: 0.0 ms]
      [Humongous Reclaim: 0.1 ms]
      [Free CSet: 0.1 ms]
   [Eden: 44.0M(44.0M)->0.0B(46.0M) Survivors: 7168.0K->5120.0K Heap: 271.9M(1024.0M)->230.3M(1024.0M)]
 [Times: user=0.02 sys=0.00, real=0.01 secs] 
2017-09-24T18:09:59.276+0900: 57811.198: [GC pause (G1 Evacuation Pause) (young), 0.0182204 secs]
   [Parallel Time: 17.7 ms, GC Workers: 2]
      [GC Worker Start (ms): Min: 57811198.6, Avg: 57811198.6, Max: 57811198.6, Diff: 0.0]
      [Ext Root Scanning (ms): Min: 0.6, Avg: 4.4, Max: 8.2, Diff: 7.6, Sum: 8.8]
      [Update RS (ms): Min: 0.5, Avg: 4.4, Max: 8.2, Diff: 7.7, Sum: 8.7]
         [Processed Buffers: Min: 5, Avg: 18.0, Max: 31, Diff: 26, Sum: 36]
      [Scan RS (ms): Min: 0.7, Avg: 0.8, Max: 0.9, Diff: 0.2, Sum: 1.5]
      [Code Root Scanning (ms): Min: 0.0, Avg: 0.0, Max: 0.0, Diff: 0.0, Sum: 0.0]
      [Object Copy (ms): Min: 8.0, Avg: 8.2, Max: 8.3, Diff: 0.2, Sum: 16.3]
      [Termination (ms): Min: 0.0, Avg: 0.0, Max: 0.0, Diff: 0.0, Sum: 0.0]
         [Termination Attempts: Min: 1, Avg: 1.0, Max: 1, Diff: 0, Sum: 2]
      [GC Worker Other (ms): Min: 0.0, Avg: 0.0, Max: 0.0, Diff: 0.0, Sum: 0.0]
      [GC Worker Total (ms): Min: 17.7, Avg: 17.7, Max: 17.7, Diff: 0.0, Sum: 35.4]
      [GC Worker End (ms): Min: 57811216.2, Avg: 57811216.2, Max: 57811216.2, Diff: 0.0]
   [Code Root Fixup: 0.0 ms]
   [Code Root Purge: 0.0 ms]
   [Clear CT: 0.0 ms]
   [Other: 0.4 ms]
      [Choose CSet: 0.0 ms]
      [Ref Proc: 0.2 ms]
      [Ref Enq: 0.0 ms]
      [Redirty Cards: 0.1 ms]
      [Humongous Register: 0.0 ms]
      [Humongous Reclaim: 0.0 ms]
      [Free CSet: 0.0 ms]
   [Eden: 46.0M(46.0M)->0.0B(46.0M) Survivors: 5120.0K->5120.0K Heap: 276.3M(1024.0M)->233.0M(1024.0M)]
 [Times: user=0.03 sys=0.00, real=0.02 secs] 
2017-09-24T18:11:45.088+0900: 57917.011: [GC pause (G1 Evacuation Pause) (young), 0.0108907 secs]
   [Parallel Time: 10.0 ms, GC Workers: 2]
      [GC Worker Start (ms): Min: 57917011.1, Avg: 57917011.1, Max: 57917011.1, Diff: 0.0]
      [Ext Root Scanning (ms): Min: 0.8, Avg: 0.9, Max: 0.9, Diff: 0.1, Sum: 1.7]
      [Update RS (ms): Min: 1.3, Avg: 1.5, Max: 1.6, Diff: 0.3, Sum: 2.9]
         [Processed Buffers: Min: 12, Avg: 17.5, Max: 23, Diff: 11, Sum: 35]
      [Scan RS (ms): Min: 0.4, Avg: 0.5, Max: 0.6, Diff: 0.3, Sum: 1.0]
      [Code Root Scanning (ms): Min: 0.0, Avg: 0.0, Max: 0.0, Diff: 0.0, Sum: 0.0]
      [Object Copy (ms): Min: 7.1, Avg: 7.1, Max: 7.1, Diff: 0.0, Sum: 14.3]
      [Termination (ms): Min: 0.0, Avg: 0.0, Max: 0.0, Diff: 0.0, Sum: 0.0]
         [Termination Attempts: Min: 1, Avg: 1.0, Max: 1, Diff: 0, Sum: 2]
      [GC Worker Other (ms): Min: 0.0, Avg: 0.0, Max: 0.0, Diff: 0.0, Sum: 0.0]
      [GC Worker Total (ms): Min: 9.9, Avg: 10.0, Max: 10.0, Diff: 0.0, Sum: 19.9]
      [GC Worker End (ms): Min: 57917021.0, Avg: 57917021.0, Max: 57917021.0, Diff: 0.0]
   [Code Root Fixup: 0.0 ms]
   [Code Root Purge: 0.0 ms]
   [Clear CT: 0.1 ms]
   [Other: 0.7 ms]
      [Choose CSet: 0.0 ms]
      [Ref Proc: 0.2 ms]
      [Ref Enq: 0.0 ms]
      [Redirty Cards: 0.2 ms]
      [Humongous Register: 0.0 ms]
      [Humongous Reclaim: 0.0 ms]
      [Free CSet: 0.0 ms]
   [Eden: 46.0M(46.0M)->0.0B(54.0M) Survivors: 5120.0K->3072.0K Heap: 279.0M(1024.0M)->232.5M(1024.0M)]
 [Times: user=0.01 sys=0.00, real=0.01 secs] 
2017-09-24T18:13:49.270+0900: 58041.192: [GC pause (G1 Evacuation Pause) (young), 0.0329906 secs]
   [Parallel Time: 31.6 ms, GC Workers: 2]
      [GC Worker Start (ms): Min: 58041192.7, Avg: 58041192.8, Max: 58041192.8, Diff: 0.1]
      [Ext Root Scanning (ms): Min: 1.9, Avg: 1.9, Max: 2.0, Diff: 0.1, Sum: 3.8]
      [Update RS (ms): Min: 4.9, Avg: 9.5, Max: 14.1, Diff: 9.2, Sum: 19.1]
         [Processed Buffers: Min: 15, Avg: 18.5, Max: 22, Diff: 7, Sum: 37]
      [Scan RS (ms): Min: 0.0, Avg: 0.7, Max: 1.5, Diff: 1.5, Sum: 1.5]
      [Code Root Scanning (ms): Min: 0.0, Avg: 0.0, Max: 0.0, Diff: 0.0, Sum: 0.0]
      [Object Copy (ms): Min: 15.4, Avg: 19.3, Max: 23.1, Diff: 7.7, Sum: 38.6]
      [Termination (ms): Min: 0.0, Avg: 0.0, Max: 0.0, Diff: 0.0, Sum: 0.0]
         [Termination Attempts: Min: 1, Avg: 1.0, Max: 1, Diff: 0, Sum: 2]
      [GC Worker Other (ms): Min: 0.0, Avg: 0.0, Max: 0.0, Diff: 0.0, Sum: 0.0]
      [GC Worker Total (ms): Min: 31.5, Avg: 31.5, Max: 31.5, Diff: 0.1, Sum: 63.0]
      [GC Worker End (ms): Min: 58041224.3, Avg: 58041224.3, Max: 58041224.3, Diff: 0.0]
   [Code Root Fixup: 0.1 ms]
   [Code Root Purge: 0.0 ms]
   [Clear CT: 0.2 ms]
   [Other: 1.1 ms]
      [Choose CSet: 0.0 ms]
      [Ref Proc: 0.2 ms]
      [Ref Enq: 0.0 ms]
      [Redirty Cards: 0.3 ms]
      [Humongous Register: 0.1 ms]
      [Humongous Reclaim: 0.0 ms]
      [Free CSet: 0.0 ms]
   [Eden: 54.0M(54.0M)->0.0B(46.0M) Survivors: 3072.0K->5120.0K Heap: 286.5M(1024.0M)->234.0M(1024.0M)]
 [Times: user=0.05 sys=0.00, real=0.03 secs] 
2017-09-24T18:15:35.274+0900: 58147.197: [GC pause (G1 Evacuation Pause) (young), 0.0278375 secs]
   [Parallel Time: 26.4 ms, GC Workers: 2]
      [GC Worker Start (ms): Min: 58147197.0, Avg: 58147197.0, Max: 58147197.0, Diff: 0.0]
      [Ext Root Scanning (ms): Min: 2.0, Avg: 2.0, Max: 2.0, Diff: 0.1, Sum: 4.0]
      [Update RS (ms): Min: 4.1, Avg: 4.2, Max: 4.3, Diff: 0.2, Sum: 8.3]
         [Processed Buffers: Min: 5, Avg: 18.0, Max: 31, Diff: 26, Sum: 36]
      [Scan RS (ms): Min: 0.2, Avg: 0.4, Max: 0.5, Diff: 0.3, Sum: 0.8]
      [Code Root Scanning (ms): Min: 0.0, Avg: 0.0, Max: 0.0, Diff: 0.0, Sum: 0.0]
      [Object Copy (ms): Min: 19.5, Avg: 19.5, Max: 19.6, Diff: 0.1, Sum: 39.1]
      [Termination (ms): Min: 0.0, Avg: 0.0, Max: 0.0, Diff: 0.0, Sum: 0.0]
         [Termination Attempts: Min: 1, Avg: 1.0, Max: 1, Diff: 0, Sum: 2]
      [GC Worker Other (ms): Min: 0.0, Avg: 0.0, Max: 0.0, Diff: 0.0, Sum: 0.0]
      [GC Worker Total (ms): Min: 26.1, Avg: 26.1, Max: 26.1, Diff: 0.0, Sum: 52.2]
      [GC Worker End (ms): Min: 58147223.1, Avg: 58147223.1, Max: 58147223.1, Diff: 0.0]
   [Code Root Fixup: 0.1 ms]
   [Code Root Purge: 0.0 ms]
   [Clear CT: 0.2 ms]
   [Other: 1.2 ms]
      [Choose CSet: 0.0 ms]
      [Ref Proc: 0.3 ms]
      [Ref Enq: 0.0 ms]
      [Redirty Cards: 0.3 ms]
      [Humongous Register: 0.1 ms]
      [Humongous Reclaim: 0.0 ms]
      [Free CSet: 0.0 ms]
   [Eden: 46.0M(46.0M)->0.0B(46.0M) Survivors: 5120.0K->5120.0K Heap: 280.0M(1024.0M)->236.1M(1024.0M)]
 [Times: user=0.05 sys=0.00, real=0.03 secs] 
2017-09-24T18:17:21.017+0900: 58252.940: [GC pause (G1 Evacuation Pause) (young), 0.0082344 secs]
   [Parallel Time: 7.4 ms, GC Workers: 2]
      [GC Worker Start (ms): Min: 58252940.0, Avg: 58252940.0, Max: 58252940.0, Diff: 0.0]
      [Ext Root Scanning (ms): Min: 0.5, Avg: 0.6, Max: 0.6, Diff: 0.1, Sum: 1.1]
      [Update RS (ms): Min: 0.6, Avg: 0.6, Max: 0.6, Diff: 0.0, Sum: 1.1]
         [Processed Buffers: Min: 6, Avg: 17.5, Max: 29, Diff: 23, Sum: 35]
      [Scan RS (ms): Min: 0.3, Avg: 0.3, Max: 0.3, Diff: 0.0, Sum: 0.6]
      [Code Root Scanning (ms): Min: 0.0, Avg: 0.0, Max: 0.0, Diff: 0.0, Sum: 0.0]
      [Object Copy (ms): Min: 5.7, Avg: 5.8, Max: 5.8, Diff: 0.0, Sum: 11.5]
      [Termination (ms): Min: 0.0, Avg: 0.0, Max: 0.0, Diff: 0.0, Sum: 0.0]
         [Termination Attempts: Min: 2, Avg: 5.5, Max: 9, Diff: 7, Sum: 11]
      [GC Worker Other (ms): Min: 0.0, Avg: 0.0, Max: 0.0, Diff: 0.0, Sum: 0.0]
      [GC Worker Total (ms): Min: 7.2, Avg: 7.2, Max: 7.2, Diff: 0.0, Sum: 14.5]
      [GC Worker End (ms): Min: 58252947.2, Avg: 58252947.2, Max: 58252947.2, Diff: 0.0]
   [Code Root Fixup: 0.0 ms]
   [Code Root Purge: 0.0 ms]
   [Clear CT: 0.1 ms]
   [Other: 0.7 ms]
      [Choose CSet: 0.0 ms]
      [Ref Proc: 0.2 ms]
      [Ref Enq: 0.0 ms]
      [Redirty Cards: 0.0 ms]
      [Humongous Register: 0.0 ms]
      [Humongous Reclaim: 0.1 ms]
      [Free CSet: 0.1 ms]
   [Eden: 46.0M(46.0M)->0.0B(46.0M) Survivors: 5120.0K->5120.0K Heap: 282.1M(1024.0M)->239.0M(1024.0M)]
 [Times: user=0.01 sys=0.00, real=0.01 secs] 
2017-09-24T18:19:07.048+0900: 58358.971: [GC pause (G1 Evacuation Pause) (young), 0.0085268 secs]
   [Parallel Time: 7.4 ms, GC Workers: 2]
      [GC Worker Start (ms): Min: 58358970.8, Avg: 58358970.9, Max: 58358970.9, Diff: 0.1]
      [Ext Root Scanning (ms): Min: 0.8, Avg: 0.9, Max: 0.9, Diff: 0.1, Sum: 1.7]
      [Update RS (ms): Min: 1.7, Avg: 1.7, Max: 1.7, Diff: 0.0, Sum: 3.4]
         [Processed Buffers: Min: 13, Avg: 18.0, Max: 23, Diff: 10, Sum: 36]
      [Scan RS (ms): Min: 0.5, Avg: 0.6, Max: 0.6, Diff: 0.1, Sum: 1.1]
      [Code Root Scanning (ms): Min: 0.0, Avg: 0.0, Max: 0.0, Diff: 0.0, Sum: 0.0]
      [Object Copy (ms): Min: 4.0, Avg: 4.0, Max: 4.0, Diff: 0.0, Sum: 8.0]
      [Termination (ms): Min: 0.0, Avg: 0.0, Max: 0.0, Diff: 0.0, Sum: 0.0]
         [Termination Attempts: Min: 1, Avg: 1.5, Max: 2, Diff: 1, Sum: 3]
      [GC Worker Other (ms): Min: 0.0, Avg: 0.0, Max: 0.0, Diff: 0.0, Sum: 0.0]
      [GC Worker Total (ms): Min: 7.1, Avg: 7.2, Max: 7.2, Diff: 0.1, Sum: 14.3]
      [GC Worker End (ms): Min: 58358978.0, Avg: 58358978.0, Max: 58358978.0, Diff: 0.0]
   [Code Root Fixup: 0.1 ms]
   [Code Root Purge: 0.0 ms]
   [Clear CT: 0.2 ms]
   [Other: 0.9 ms]
      [Choose CSet: 0.0 ms]
      [Ref Proc: 0.3 ms]
      [Ref Enq: 0.0 ms]
      [Redirty Cards: 0.3 ms]
      [Humongous Register: 0.0 ms]
      [Humongous Reclaim: 0.0 ms]
      [Free CSet: 0.0 ms]
   [Eden: 46.0M(46.0M)->0.0B(67.0M) Survivors: 5120.0K->3072.0K Heap: 285.0M(1024.0M)->238.0M(1024.0M)]
 [Times: user=0.02 sys=0.00, real=0.00 secs] 
2017-09-24T18:21:40.466+0900: 58512.389: [GC pause (G1 Evacuation Pause) (young), 0.0066927 secs]
   [Parallel Time: 5.7 ms, GC Workers: 2]
      [GC Worker Start (ms): Min: 58512388.6, Avg: 58512388.6, Max: 58512388.6, Diff: 0.0]
      [Ext Root Scanning (ms): Min: 0.5, Avg: 0.5, Max: 0.6, Diff: 0.1, Sum: 1.0]
      [Update RS (ms): Min: 0.8, Avg: 0.8, Max: 0.8, Diff: 0.1, Sum: 1.6]
         [Processed Buffers: Min: 14, Avg: 19.0, Max: 24, Diff: 10, Sum: 38]
      [Scan RS (ms): Min: 0.2, Avg: 0.3, Max: 0.3, Diff: 0.1, Sum: 0.5]
      [Code Root Scanning (ms): Min: 0.0, Avg: 0.0, Max: 0.0, Diff: 0.0, Sum: 0.0]
      [Object Copy (ms): Min: 4.0, Avg: 4.1, Max: 4.1, Diff: 0.1, Sum: 8.2]
      [Termination (ms): Min: 0.0, Avg: 0.0, Max: 0.0, Diff: 0.0, Sum: 0.0]
         [Termination Attempts: Min: 1, Avg: 1.0, Max: 1, Diff: 0, Sum: 2]
      [GC Worker Other (ms): Min: 0.0, Avg: 0.0, Max: 0.0, Diff: 0.0, Sum: 0.0]
      [GC Worker Total (ms): Min: 5.7, Avg: 5.7, Max: 5.7, Diff: 0.0, Sum: 11.4]
      [GC Worker End (ms): Min: 58512394.3, Avg: 58512394.3, Max: 58512394.3, Diff: 0.0]
   [Code Root Fixup: 0.0 ms]
   [Code Root Purge: 0.0 ms]
   [Clear CT: 0.1 ms]
   [Other: 0.8 ms]
      [Choose CSet: 0.0 ms]
      [Ref Proc: 0.5 ms]
      [Ref Enq: 0.0 ms]
      [Redirty Cards: 0.1 ms]
      [Humongous Register: 0.0 ms]
      [Humongous Reclaim: 0.0 ms]
      [Free CSet: 0.0 ms]
   [Eden: 67.0M(67.0M)->0.0B(78.0M) Survivors: 3072.0K->5120.0K Heap: 305.0M(1024.0M)->240.0M(1024.0M)]
 [Times: user=0.02 sys=0.00, real=0.00 secs] 
2017-09-24T18:24:40.014+0900: 58691.937: [GC pause (G1 Evacuation Pause) (young), 0.0483121 secs]
   [Parallel Time: 29.2 ms, GC Workers: 2]
      [GC Worker Start (ms): Min: 58691936.6, Avg: 58691936.7, Max: 58691936.7, Diff: 0.1]
      [Ext Root Scanning (ms): Min: 0.6, Avg: 0.6, Max: 0.7, Diff: 0.1, Sum: 1.3]
      [Update RS (ms): Min: 1.2, Avg: 1.2, Max: 1.2, Diff: 0.0, Sum: 2.4]
         [Processed Buffers: Min: 11, Avg: 19.5, Max: 28, Diff: 17, Sum: 39]
      [Scan RS (ms): Min: 0.3, Avg: 0.5, Max: 0.7, Diff: 0.5, Sum: 1.0]
      [Code Root Scanning (ms): Min: 0.0, Avg: 0.0, Max: 0.0, Diff: 0.0, Sum: 0.0]
      [Object Copy (ms): Min: 23.2, Avg: 25.1, Max: 26.9, Diff: 3.7, Sum: 50.2]
      [Termination (ms): Min: 0.0, Avg: 1.7, Max: 3.4, Diff: 3.4, Sum: 3.4]
         [Termination Attempts: Min: 1, Avg: 1.0, Max: 1, Diff: 0, Sum: 2]
      [GC Worker Other (ms): Min: 0.0, Avg: 0.0, Max: 0.0, Diff: 0.0, Sum: 0.0]
      [GC Worker Total (ms): Min: 29.1, Avg: 29.1, Max: 29.1, Diff: 0.0, Sum: 58.2]
      [GC Worker End (ms): Min: 58691965.7, Avg: 58691965.8, Max: 58691965.8, Diff: 0.0]
   [Code Root Fixup: 0.1 ms]
   [Code Root Purge: 0.0 ms]
   [Clear CT: 0.2 ms]
   [Other: 18.9 ms]
      [Choose CSet: 0.0 ms]
      [Ref Proc: 18.4 ms]
      [Ref Enq: 0.0 ms]
      [Redirty Cards: 0.1 ms]
      [Humongous Register: 0.0 ms]
      [Humongous Reclaim: 0.0 ms]
      [Free CSet: 0.1 ms]
   [Eden: 78.0M(78.0M)->0.0B(43.0M) Survivors: 5120.0K->8192.0K Heap: 318.0M(1024.0M)->243.5M(1024.0M)]
 [Times: user=0.04 sys=0.00, real=0.05 secs] 
2017-09-24T18:26:19.123+0900: 58791.046: [GC pause (G1 Evacuation Pause) (young), 0.0646586 secs]
   [Parallel Time: 54.6 ms, GC Workers: 2]
      [GC Worker Start (ms): Min: 58791046.3, Avg: 58791046.4, Max: 58791046.4, Diff: 0.1]
      [Ext Root Scanning (ms): Min: 1.7, Avg: 1.8, Max: 1.8, Diff: 0.1, Sum: 3.6]
      [Update RS (ms): Min: 4.4, Avg: 12.6, Max: 20.8, Diff: 16.4, Sum: 25.2]
         [Processed Buffers: Min: 16, Avg: 18.5, Max: 21, Diff: 5, Sum: 37]
      [Scan RS (ms): Min: 0.0, Avg: 2.4, Max: 4.7, Diff: 4.7, Sum: 4.8]
      [Code Root Scanning (ms): Min: 0.0, Avg: 0.0, Max: 0.0, Diff: 0.0, Sum: 0.0]
      [Object Copy (ms): Min: 30.0, Avg: 36.7, Max: 43.5, Diff: 13.5, Sum: 73.5]
      [Termination (ms): Min: 0.0, Avg: 0.9, Max: 1.9, Diff: 1.9, Sum: 1.9]
         [Termination Attempts: Min: 1, Avg: 1.0, Max: 1, Diff: 0, Sum: 2]
      [GC Worker Other (ms): Min: 0.0, Avg: 0.0, Max: 0.0, Diff: 0.0, Sum: 0.0]
      [GC Worker Total (ms): Min: 54.4, Avg: 54.5, Max: 54.5, Diff: 0.1, Sum: 108.9]
      [GC Worker End (ms): Min: 58791100.8, Avg: 58791100.8, Max: 58791100.8, Diff: 0.0]
   [Code Root Fixup: 0.0 ms]
   [Code Root Purge: 0.0 ms]
   [Clear CT: 0.1 ms]
   [Other: 9.9 ms]
      [Choose CSet: 0.0 ms]
      [Ref Proc: 9.4 ms]
      [Ref Enq: 0.0 ms]
      [Redirty Cards: 0.1 ms]
      [Humongous Register: 0.1 ms]
      [Humongous Reclaim: 0.0 ms]
      [Free CSet: 0.0 ms]
   [Eden: 43.0M(43.0M)->0.0B(45.0M) Survivors: 8192.0K->6144.0K Heap: 286.5M(1024.0M)->245.3M(1024.0M)]
 [Times: user=0.06 sys=0.00, real=0.07 secs] 
2017-09-24T18:28:02.597+0900: 58894.519: [GC pause (G1 Evacuation Pause) (young), 0.0050546 secs]
   [Parallel Time: 4.4 ms, GC Workers: 2]
      [GC Worker Start (ms): Min: 58894519.5, Avg: 58894519.5, Max: 58894519.5, Diff: 0.0]
      [Ext Root Scanning (ms): Min: 0.5, Avg: 0.5, Max: 0.5, Diff: 0.0, Sum: 1.0]
      [Update RS (ms): Min: 1.1, Avg: 1.1, Max: 1.1, Diff: 0.0, Sum: 2.2]
         [Processed Buffers: Min: 12, Avg: 20.0, Max: 28, Diff: 16, Sum: 40]
      [Scan RS (ms): Min: 0.4, Avg: 0.4, Max: 0.4, Diff: 0.0, Sum: 0.7]
      [Code Root Scanning (ms): Min: 0.0, Avg: 0.0, Max: 0.0, Diff: 0.0, Sum: 0.0]
      [Object Copy (ms): Min: 2.4, Avg: 2.4, Max: 2.4, Diff: 0.0, Sum: 4.8]
      [Termination (ms): Min: 0.0, Avg: 0.0, Max: 0.0, Diff: 0.0, Sum: 0.0]
         [Termination Attempts: Min: 1, Avg: 1.0, Max: 1, Diff: 0, Sum: 2]
      [GC Worker Other (ms): Min: 0.0, Avg: 0.0, Max: 0.0, Diff: 0.0, Sum: 0.0]
      [GC Worker Total (ms): Min: 4.4, Avg: 4.4, Max: 4.4, Diff: 0.0, Sum: 8.8]
      [GC Worker End (ms): Min: 58894523.9, Avg: 58894523.9, Max: 58894523.9, Diff: 0.0]
   [Code Root Fixup: 0.0 ms]
   [Code Root Purge: 0.0 ms]
   [Clear CT: 0.0 ms]
   [Other: 0.5 ms]
      [Choose CSet: 0.0 ms]
      [Ref Proc: 0.3 ms]
      [Ref Enq: 0.0 ms]
      [Redirty Cards: 0.0 ms]
      [Humongous Register: 0.0 ms]
      [Humongous Reclaim: 0.0 ms]
      [Free CSet: 0.0 ms]
   [Eden: 45.0M(45.0M)->0.0B(48.0M) Survivors: 6144.0K->3072.0K Heap: 290.3M(1024.0M)->243.0M(1024.0M)]
 [Times: user=0.01 sys=0.00, real=0.01 secs] 
2017-09-24T18:29:53.369+0900: 59005.292: [GC pause (G1 Evacuation Pause) (young), 0.0158048 secs]
   [Parallel Time: 14.5 ms, GC Workers: 2]
      [GC Worker Start (ms): Min: 59005292.2, Avg: 59005292.2, Max: 59005292.3, Diff: 0.1]
      [Ext Root Scanning (ms): Min: 1.4, Avg: 2.2, Max: 3.0, Diff: 1.6, Sum: 4.3]
      [Update RS (ms): Min: 4.9, Avg: 5.7, Max: 6.6, Diff: 1.7, Sum: 11.5]
         [Processed Buffers: Min: 6, Avg: 19.0, Max: 32, Diff: 26, Sum: 38]
      [Scan RS (ms): Min: 0.2, Avg: 0.2, Max: 0.2, Diff: 0.0, Sum: 0.4]
      [Code Root Scanning (ms): Min: 0.0, Avg: 0.0, Max: 0.0, Diff: 0.0, Sum: 0.0]
      [Object Copy (ms): Min: 6.3, Avg: 6.3, Max: 6.4, Diff: 0.0, Sum: 12.7]
      [Termination (ms): Min: 0.0, Avg: 0.0, Max: 0.0, Diff: 0.0, Sum: 0.0]
         [Termination Attempts: Min: 1, Avg: 1.0, Max: 1, Diff: 0, Sum: 2]
      [GC Worker Other (ms): Min: 0.0, Avg: 0.0, Max: 0.0, Diff: 0.0, Sum: 0.0]
      [GC Worker Total (ms): Min: 14.4, Avg: 14.4, Max: 14.5, Diff: 0.1, Sum: 28.9]
      [GC Worker End (ms): Min: 59005306.7, Avg: 59005306.7, Max: 59005306.7, Diff: 0.0]
   [Code Root Fixup: 0.1 ms]
   [Code Root Purge: 0.0 ms]
   [Clear CT: 0.0 ms]
   [Other: 1.2 ms]
      [Choose CSet: 0.0 ms]
      [Ref Proc: 0.6 ms]
      [Ref Enq: 0.0 ms]
      [Redirty Cards: 0.0 ms]
      [Humongous Register: 0.1 ms]
      [Humongous Reclaim: 0.0 ms]
      [Free CSet: 0.0 ms]
   [Eden: 48.0M(48.0M)->0.0B(46.0M) Survivors: 3072.0K->5120.0K Heap: 291.0M(1024.0M)->245.0M(1024.0M)]
 [Times: user=0.02 sys=0.00, real=0.01 secs] 
2017-09-24T18:31:39.951+0900: 59111.874: [GC pause (G1 Evacuation Pause) (young), 0.0605880 secs]
   [Parallel Time: 36.6 ms, GC Workers: 2]
      [GC Worker Start (ms): Min: 59111897.0, Avg: 59111897.1, Max: 59111897.1, Diff: 0.0]
      [Ext Root Scanning (ms): Min: 1.2, Avg: 1.2, Max: 1.3, Diff: 0.1, Sum: 2.5]
      [Update RS (ms): Min: 2.5, Avg: 2.6, Max: 2.6, Diff: 0.2, Sum: 5.1]
         [Processed Buffers: Min: 14, Avg: 19.0, Max: 24, Diff: 10, Sum: 38]
      [Scan RS (ms): Min: 0.2, Avg: 2.1, Max: 4.1, Diff: 4.0, Sum: 4.3]
      [Code Root Scanning (ms): Min: 0.0, Avg: 0.0, Max: 0.0, Diff: 0.0, Sum: 0.0]
      [Object Copy (ms): Min: 21.3, Avg: 23.5, Max: 25.7, Diff: 4.4, Sum: 47.0]
      [Termination (ms): Min: 0.0, Avg: 0.4, Max: 0.7, Diff: 0.7, Sum: 0.7]
         [Termination Attempts: Min: 1, Avg: 1.0, Max: 1, Diff: 0, Sum: 2]
      [GC Worker Other (ms): Min: 0.0, Avg: 0.0, Max: 0.0, Diff: 0.0, Sum: 0.1]
      [GC Worker Total (ms): Min: 29.8, Avg: 29.8, Max: 29.8, Diff: 0.0, Sum: 59.6]
      [GC Worker End (ms): Min: 59111926.9, Avg: 59111926.9, Max: 59111926.9, Diff: 0.0]
   [Code Root Fixup: 0.0 ms]
   [Code Root Purge: 0.0 ms]
   [Clear CT: 0.1 ms]
   [Other: 23.9 ms]
      [Choose CSet: 0.0 ms]
      [Ref Proc: 0.3 ms]
      [Ref Enq: 0.0 ms]
      [Redirty Cards: 0.2 ms]
      [Humongous Register: 0.1 ms]
      [Humongous Reclaim: 0.0 ms]
      [Free CSet: 0.0 ms]
   [Eden: 46.0M(46.0M)->0.0B(45.0M) Survivors: 5120.0K->6144.0K Heap: 291.0M(1024.0M)->246.5M(1024.0M)]
 [Times: user=0.04 sys=0.00, real=0.06 secs] 
2017-09-24T18:33:23.084+0900: 59215.006: [GC pause (G1 Evacuation Pause) (young), 0.0478943 secs]
   [Parallel Time: 37.0 ms, GC Workers: 2]
      [GC Worker Start (ms): Min: 59215006.7, Avg: 59215012.6, Max: 59215018.4, Diff: 11.7]
      [Ext Root Scanning (ms): Min: 0.0, Avg: 1.1, Max: 2.2, Diff: 2.2, Sum: 2.2]
      [Update RS (ms): Min: 0.0, Avg: 1.3, Max: 2.6, Diff: 2.6, Sum: 2.6]
         [Processed Buffers: Min: 0, Avg: 18.5, Max: 37, Diff: 37, Sum: 37]
      [Scan RS (ms): Min: 0.0, Avg: 0.3, Max: 0.5, Diff: 0.5, Sum: 0.5]
      [Code Root Scanning (ms): Min: 0.0, Avg: 0.0, Max: 0.0, Diff: 0.0, Sum: 0.0]
      [Object Copy (ms): Min: 22.8, Avg: 24.0, Max: 25.1, Diff: 2.3, Sum: 47.9]
      [Termination (ms): Min: 0.0, Avg: 4.4, Max: 8.8, Diff: 8.8, Sum: 8.8]
         [Termination Attempts: Min: 1, Avg: 1.0, Max: 1, Diff: 0, Sum: 2]
      [GC Worker Other (ms): Min: 0.0, Avg: 0.0, Max: 0.0, Diff: 0.0, Sum: 0.0]
      [GC Worker Total (ms): Min: 25.2, Avg: 31.1, Max: 36.9, Diff: 11.8, Sum: 62.1]
      [GC Worker End (ms): Min: 59215043.6, Avg: 59215043.6, Max: 59215043.7, Diff: 0.1]
   [Code Root Fixup: 0.0 ms]
   [Code Root Purge: 0.0 ms]
   [Clear CT: 0.1 ms]
   [Other: 10.8 ms]
      [Choose CSet: 0.0 ms]
      [Ref Proc: 10.1 ms]
      [Ref Enq: 0.0 ms]
      [Redirty Cards: 0.1 ms]
      [Humongous Register: 0.1 ms]
      [Humongous Reclaim: 0.0 ms]
      [Free CSet: 0.1 ms]
   [Eden: 45.0M(45.0M)->0.0B(46.0M) Survivors: 6144.0K->5120.0K Heap: 291.5M(1024.0M)->248.4M(1024.0M)]
 [Times: user=0.04 sys=0.00, real=0.05 secs] 
2017-09-24T18:35:08.823+0900: 59320.746: [GC pause (G1 Evacuation Pause) (young), 0.0342574 secs]
   [Parallel Time: 32.2 ms, GC Workers: 2]
      [GC Worker Start (ms): Min: 59320746.2, Avg: 59320746.2, Max: 59320746.2, Diff: 0.0]
      [Ext Root Scanning (ms): Min: 0.8, Avg: 0.8, Max: 0.9, Diff: 0.1, Sum: 1.7]
      [Update RS (ms): Min: 2.2, Avg: 2.2, Max: 2.2, Diff: 0.0, Sum: 4.4]
         [Processed Buffers: Min: 13, Avg: 19.5, Max: 26, Diff: 13, Sum: 39]
      [Scan RS (ms): Min: 0.6, Avg: 0.6, Max: 0.6, Diff: 0.0, Sum: 1.2]
      [Code Root Scanning (ms): Min: 0.0, Avg: 0.0, Max: 0.0, Diff: 0.0, Sum: 0.0]
      [Object Copy (ms): Min: 28.4, Avg: 28.4, Max: 28.4, Diff: 0.0, Sum: 56.8]
      [Termination (ms): Min: 0.0, Avg: 0.0, Max: 0.0, Diff: 0.0, Sum: 0.0]
         [Termination Attempts: Min: 1, Avg: 1.0, Max: 1, Diff: 0, Sum: 2]
      [GC Worker Other (ms): Min: 0.0, Avg: 0.0, Max: 0.0, Diff: 0.0, Sum: 0.0]
      [GC Worker Total (ms): Min: 32.0, Avg: 32.1, Max: 32.1, Diff: 0.0, Sum: 64.1]
      [GC Worker End (ms): Min: 59320778.2, Avg: 59320778.3, Max: 59320778.3, Diff: 0.0]
   [Code Root Fixup: 0.2 ms]
   [Code Root Purge: 0.0 ms]
   [Clear CT: 0.3 ms]
   [Other: 1.5 ms]
      [Choose CSet: 0.0 ms]
      [Ref Proc: 0.6 ms]
      [Ref Enq: 0.0 ms]
      [Redirty Cards: 0.6 ms]
      [Humongous Register: 0.0 ms]
      [Humongous Reclaim: 0.0 ms]
      [Free CSet: 0.0 ms]
   [Eden: 46.0M(46.0M)->0.0B(44.0M) Survivors: 5120.0K->7168.0K Heap: 294.4M(1024.0M)->250.4M(1024.0M)]
 [Times: user=0.07 sys=0.00, real=0.04 secs] 
2017-09-24T18:36:50.473+0900: 59422.396: [GC pause (G1 Evacuation Pause) (young), 0.0059396 secs]
   [Parallel Time: 4.5 ms, GC Workers: 2]
      [GC Worker Start (ms): Min: 59422396.1, Avg: 59422396.1, Max: 59422396.1, Diff: 0.0]
      [Ext Root Scanning (ms): Min: 0.6, Avg: 0.6, Max: 0.6, Diff: 0.1, Sum: 1.2]
      [Update RS (ms): Min: 0.7, Avg: 0.7, Max: 0.8, Diff: 0.1, Sum: 1.4]
         [Processed Buffers: Min: 14, Avg: 18.5, Max: 23, Diff: 9, Sum: 37]
      [Scan RS (ms): Min: 0.2, Avg: 0.2, Max: 0.3, Diff: 0.1, Sum: 0.5]
      [Code Root Scanning (ms): Min: 0.0, Avg: 0.0, Max: 0.0, Diff: 0.0, Sum: 0.0]
      [Object Copy (ms): Min: 2.9, Avg: 2.9, Max: 2.9, Diff: 0.1, Sum: 5.8]
      [Termination (ms): Min: 0.0, Avg: 0.0, Max: 0.0, Diff: 0.0, Sum: 0.0]
         [Termination Attempts: Min: 1, Avg: 1.0, Max: 1, Diff: 0, Sum: 2]
      [GC Worker Other (ms): Min: 0.0, Avg: 0.0, Max: 0.0, Diff: 0.0, Sum: 0.0]
      [GC Worker Total (ms): Min: 4.5, Avg: 4.5, Max: 4.5, Diff: 0.0, Sum: 9.0]
      [GC Worker End (ms): Min: 59422400.6, Avg: 59422400.6, Max: 59422400.6, Diff: 0.0]
   [Code Root Fixup: 0.0 ms]
   [Code Root Purge: 0.0 ms]
   [Clear CT: 0.1 ms]
   [Other: 1.3 ms]
      [Choose CSet: 0.0 ms]
      [Ref Proc: 1.0 ms]
      [Ref Enq: 0.0 ms]
      [Redirty Cards: 0.0 ms]
      [Humongous Register: 0.0 ms]
      [Humongous Reclaim: 0.0 ms]
      [Free CSet: 0.0 ms]
   [Eden: 44.0M(44.0M)->0.0B(47.0M) Survivors: 7168.0K->4096.0K Heap: 294.4M(1024.0M)->248.1M(1024.0M)]
 [Times: user=0.02 sys=0.00, real=0.01 secs] 
2017-09-24T18:38:38.589+0900: 59530.511: [GC pause (G1 Evacuation Pause) (young), 0.0333439 secs]
   [Parallel Time: 32.2 ms, GC Workers: 2]
      [GC Worker Start (ms): Min: 59530511.7, Avg: 59530511.8, Max: 59530511.8, Diff: 0.1]
      [Ext Root Scanning (ms): Min: 2.2, Avg: 2.2, Max: 2.3, Diff: 0.1, Sum: 4.5]
      [Update RS (ms): Min: 5.5, Avg: 6.0, Max: 6.6, Diff: 1.0, Sum: 12.1]
         [Processed Buffers: Min: 14, Avg: 19.0, Max: 24, Diff: 10, Sum: 38]
      [Scan RS (ms): Min: 2.0, Avg: 2.5, Max: 2.9, Diff: 0.9, Sum: 4.9]
      [Code Root Scanning (ms): Min: 0.0, Avg: 0.0, Max: 0.0, Diff: 0.0, Sum: 0.0]
      [Object Copy (ms): Min: 21.2, Avg: 21.3, Max: 21.4, Diff: 0.2, Sum: 42.6]
      [Termination (ms): Min: 0.0, Avg: 0.0, Max: 0.0, Diff: 0.0, Sum: 0.0]
         [Termination Attempts: Min: 2, Avg: 2.0, Max: 2, Diff: 0, Sum: 4]
      [GC Worker Other (ms): Min: 0.0, Avg: 0.0, Max: 0.0, Diff: 0.0, Sum: 0.0]
      [GC Worker Total (ms): Min: 32.0, Avg: 32.1, Max: 32.1, Diff: 0.1, Sum: 64.1]
      [GC Worker End (ms): Min: 59530543.9, Avg: 59530543.9, Max: 59530543.9, Diff: 0.0]
   [Code Root Fixup: 0.1 ms]
   [Code Root Purge: 0.0 ms]
   [Clear CT: 0.2 ms]
   [Other: 0.9 ms]
      [Choose CSet: 0.0 ms]
      [Ref Proc: 0.3 ms]
      [Ref Enq: 0.0 ms]
      [Redirty Cards: 0.1 ms]
      [Humongous Register: 0.1 ms]
      [Humongous Reclaim: 0.0 ms]
      [Free CSet: 0.0 ms]
   [Eden: 47.0M(47.0M)->0.0B(46.0M) Survivors: 4096.0K->5120.0K Heap: 295.1M(1024.0M)->249.6M(1024.0M)]
 [Times: user=0.06 sys=0.00, real=0.03 secs] 
2017-09-24T18:40:24.392+0900: 59636.314: [GC pause (G1 Evacuation Pause) (young), 0.0392923 secs]
   [Parallel Time: 38.0 ms, GC Workers: 2]
      [GC Worker Start (ms): Min: 59636314.7, Avg: 59636314.8, Max: 59636314.9, Diff: 0.2]
      [Ext Root Scanning (ms): Min: 1.8, Avg: 1.9, Max: 2.1, Diff: 0.2, Sum: 3.9]
      [Update RS (ms): Min: 3.5, Avg: 3.6, Max: 3.6, Diff: 0.1, Sum: 7.2]
         [Processed Buffers: Min: 14, Avg: 19.0, Max: 24, Diff: 10, Sum: 38]
      [Scan RS (ms): Min: 1.9, Avg: 2.2, Max: 2.5, Diff: 0.7, Sum: 4.4]
      [Code Root Scanning (ms): Min: 0.0, Avg: 0.0, Max: 0.0, Diff: 0.0, Sum: 0.0]
      [Object Copy (ms): Min: 29.7, Avg: 30.1, Max: 30.4, Diff: 0.7, Sum: 60.2]
      [Termination (ms): Min: 0.0, Avg: 0.0, Max: 0.0, Diff: 0.0, Sum: 0.0]
         [Termination Attempts: Min: 1, Avg: 1.0, Max: 1, Diff: 0, Sum: 2]
      [GC Worker Other (ms): Min: 0.0, Avg: 0.0, Max: 0.0, Diff: 0.0, Sum: 0.0]
      [GC Worker Total (ms): Min: 37.7, Avg: 37.8, Max: 38.0, Diff: 0.2, Sum: 75.7]
      [GC Worker End (ms): Min: 59636352.7, Avg: 59636352.7, Max: 59636352.7, Diff: 0.0]
   [Code Root Fixup: 0.1 ms]
   [Code Root Purge: 0.0 ms]
   [Clear CT: 0.2 ms]
   [Other: 1.0 ms]
      [Choose CSet: 0.0 ms]
      [Ref Proc: 0.3 ms]
      [Ref Enq: 0.0 ms]
      [Redirty Cards: 0.2 ms]
      [Humongous Register: 0.1 ms]
      [Humongous Reclaim: 0.0 ms]
      [Free CSet: 0.0 ms]
   [Eden: 46.0M(46.0M)->0.0B(45.0M) Survivors: 5120.0K->6144.0K Heap: 295.6M(1024.0M)->251.4M(1024.0M)]
 [Times: user=0.08 sys=0.00, real=0.04 secs] 
2017-09-24T18:42:07.371+0900: 59739.293: [GC pause (G1 Evacuation Pause) (young), 0.0421117 secs]
   [Parallel Time: 39.2 ms, GC Workers: 2]
      [GC Worker Start (ms): Min: 59739293.5, Avg: 59739293.6, Max: 59739293.7, Diff: 0.2]
      [Ext Root Scanning (ms): Min: 1.8, Avg: 1.9, Max: 2.1, Diff: 0.3, Sum: 3.9]
      [Update RS (ms): Min: 4.4, Avg: 4.7, Max: 5.1, Diff: 0.7, Sum: 9.4]
         [Processed Buffers: Min: 14, Avg: 18.5, Max: 23, Diff: 9, Sum: 37]
      [Scan RS (ms): Min: 1.9, Avg: 2.2, Max: 2.6, Diff: 0.7, Sum: 4.5]
      [Code Root Scanning (ms): Min: 0.0, Avg: 0.0, Max: 0.0, Diff: 0.0, Sum: 0.0]
      [Object Copy (ms): Min: 29.2, Avg: 29.3, Max: 29.4, Diff: 0.1, Sum: 58.6]
      [Termination (ms): Min: 0.0, Avg: 0.4, Max: 0.8, Diff: 0.8, Sum: 0.8]
         [Termination Attempts: Min: 1, Avg: 1.0, Max: 1, Diff: 0, Sum: 2]
      [GC Worker Other (ms): Min: 0.0, Avg: 0.0, Max: 0.0, Diff: 0.0, Sum: 0.1]
      [GC Worker Total (ms): Min: 38.5, Avg: 38.7, Max: 38.9, Diff: 0.4, Sum: 77.4]
      [GC Worker End (ms): Min: 59739332.0, Avg: 59739332.2, Max: 59739332.5, Diff: 0.6]
   [Code Root Fixup: 0.1 ms]
   [Code Root Purge: 0.0 ms]
   [Clear CT: 0.3 ms]
   [Other: 2.5 ms]
      [Choose CSet: 0.0 ms]
      [Ref Proc: 1.7 ms]
      [Ref Enq: 0.0 ms]
      [Redirty Cards: 0.3 ms]
      [Humongous Register: 0.1 ms]
      [Humongous Reclaim: 0.0 ms]
      [Free CSet: 0.1 ms]
   [Eden: 45.0M(45.0M)->0.0B(46.0M) Survivors: 6144.0K->5120.0K Heap: 296.4M(1024.0M)->253.8M(1024.0M)]
 [Times: user=0.08 sys=0.00, real=0.04 secs] 
2017-09-24T18:43:53.551+0900: 59845.473: [GC pause (G1 Evacuation Pause) (young), 0.0198393 secs]
   [Parallel Time: 17.6 ms, GC Workers: 2]
      [GC Worker Start (ms): Min: 59845473.6, Avg: 59845475.1, Max: 59845476.7, Diff: 3.0]
      [Ext Root Scanning (ms): Min: 0.5, Avg: 2.1, Max: 3.8, Diff: 3.3, Sum: 4.3]
      [Update RS (ms): Min: 3.2, Avg: 3.4, Max: 3.5, Diff: 0.4, Sum: 6.7]
         [Processed Buffers: Min: 8, Avg: 17.0, Max: 26, Diff: 18, Sum: 34]
      [Scan RS (ms): Min: 2.2, Avg: 2.2, Max: 2.2, Diff: 0.0, Sum: 4.5]
      [Code Root Scanning (ms): Min: 0.0, Avg: 0.0, Max: 0.0, Diff: 0.0, Sum: 0.0]
      [Object Copy (ms): Min: 8.0, Avg: 8.1, Max: 8.1, Diff: 0.1, Sum: 16.1]
      [Termination (ms): Min: 0.0, Avg: 0.0, Max: 0.0, Diff: 0.0, Sum: 0.0]
         [Termination Attempts: Min: 1, Avg: 1.5, Max: 2, Diff: 1, Sum: 3]
      [GC Worker Other (ms): Min: 0.0, Avg: 0.0, Max: 0.0, Diff: 0.0, Sum: 0.1]
      [GC Worker Total (ms): Min: 14.3, Avg: 15.8, Max: 17.4, Diff: 3.0, Sum: 31.7]
      [GC Worker End (ms): Min: 59845491.0, Avg: 59845491.0, Max: 59845491.0, Diff: 0.0]
   [Code Root Fixup: 0.2 ms]
   [Code Root Purge: 0.0 ms]
   [Clear CT: 0.2 ms]
   [Other: 1.9 ms]
      [Choose CSet: 0.0 ms]
      [Ref Proc: 1.2 ms]
      [Ref Enq: 0.0 ms]
      [Redirty Cards: 0.2 ms]
      [Humongous Register: 0.1 ms]
      [Humongous Reclaim: 0.0 ms]
      [Free CSet: 0.1 ms]
   [Eden: 46.0M(46.0M)->0.0B(48.0M) Survivors: 5120.0K->3072.0K Heap: 299.8M(1024.0M)->251.8M(1024.0M)]
 [Times: user=0.03 sys=0.00, real=0.02 secs] 
2017-09-24T18:45:44.190+0900: 59956.113: [GC pause (G1 Evacuation Pause) (young), 0.0348793 secs]
   [Parallel Time: 32.4 ms, GC Workers: 2]
      [GC Worker Start (ms): Min: 59956113.3, Avg: 59956113.4, Max: 59956113.5, Diff: 0.2]
      [Ext Root Scanning (ms): Min: 1.8, Avg: 1.9, Max: 2.0, Diff: 0.2, Sum: 3.9]
      [Update RS (ms): Min: 3.2, Avg: 3.2, Max: 3.3, Diff: 0.1, Sum: 6.4]
         [Processed Buffers: Min: 4, Avg: 16.5, Max: 29, Diff: 25, Sum: 33]
      [Scan RS (ms): Min: 3.4, Avg: 3.4, Max: 3.4, Diff: 0.0, Sum: 6.8]
      [Code Root Scanning (ms): Min: 0.0, Avg: 0.0, Max: 0.0, Diff: 0.0, Sum: 0.0]
      [Object Copy (ms): Min: 23.5, Avg: 23.6, Max: 23.6, Diff: 0.2, Sum: 47.1]
      [Termination (ms): Min: 0.0, Avg: 0.0, Max: 0.0, Diff: 0.0, Sum: 0.0]
         [Termination Attempts: Min: 1, Avg: 1.0, Max: 1, Diff: 0, Sum: 2]
      [GC Worker Other (ms): Min: 0.0, Avg: 0.0, Max: 0.0, Diff: 0.0, Sum: 0.1]
      [GC Worker Total (ms): Min: 32.1, Avg: 32.2, Max: 32.2, Diff: 0.2, Sum: 64.3]
      [GC Worker End (ms): Min: 59956145.6, Avg: 59956145.6, Max: 59956145.6, Diff: 0.0]
   [Code Root Fixup: 0.1 ms]
   [Code Root Purge: 0.0 ms]
   [Clear CT: 0.6 ms]
   [Other: 1.7 ms]
      [Choose CSet: 0.0 ms]
      [Ref Proc: 0.4 ms]
      [Ref Enq: 0.0 ms]
      [Redirty Cards: 0.7 ms]
      [Humongous Register: 0.1 ms]
      [Humongous Reclaim: 0.0 ms]
      [Free CSet: 0.1 ms]
   [Eden: 48.0M(48.0M)->0.0B(47.0M) Survivors: 3072.0K->4096.0K Heap: 299.8M(1024.0M)->253.3M(1024.0M)]
 [Times: user=0.06 sys=0.00, real=0.03 secs] 
2017-09-24T18:47:31.731+0900: 60063.653: [GC pause (G1 Evacuation Pause) (young), 0.0398555 secs]
   [Parallel Time: 36.9 ms, GC Workers: 2]
      [GC Worker Start (ms): Min: 60063653.7, Avg: 60063653.9, Max: 60063654.0, Diff: 0.3]
      [Ext Root Scanning (ms): Min: 1.6, Avg: 1.8, Max: 1.9, Diff: 0.3, Sum: 3.6]
      [Update RS (ms): Min: 2.7, Avg: 2.7, Max: 2.8, Diff: 0.0, Sum: 5.5]
         [Processed Buffers: Min: 5, Avg: 17.0, Max: 29, Diff: 24, Sum: 34]
      [Scan RS (ms): Min: 2.9, Avg: 3.6, Max: 4.2, Diff: 1.3, Sum: 7.1]
      [Code Root Scanning (ms): Min: 0.0, Avg: 0.0, Max: 0.0, Diff: 0.0, Sum: 0.0]
      [Object Copy (ms): Min: 27.9, Avg: 28.5, Max: 29.1, Diff: 1.2, Sum: 57.1]
      [Termination (ms): Min: 0.0, Avg: 0.0, Max: 0.0, Diff: 0.0, Sum: 0.0]
         [Termination Attempts: Min: 1, Avg: 1.0, Max: 1, Diff: 0, Sum: 2]
      [GC Worker Other (ms): Min: 0.0, Avg: 0.0, Max: 0.0, Diff: 0.0, Sum: 0.1]
      [GC Worker Total (ms): Min: 36.6, Avg: 36.7, Max: 36.8, Diff: 0.2, Sum: 73.4]
      [GC Worker End (ms): Min: 60063690.5, Avg: 60063690.5, Max: 60063690.5, Diff: 0.0]
   [Code Root Fixup: 0.1 ms]
   [Code Root Purge: 0.0 ms]
   [Clear CT: 0.7 ms]
   [Other: 2.1 ms]
      [Choose CSet: 0.0 ms]
      [Ref Proc: 0.8 ms]
      [Ref Enq: 0.0 ms]
      [Redirty Cards: 0.7 ms]
      [Humongous Register: 0.1 ms]
      [Humongous Reclaim: 0.0 ms]
      [Free CSet: 0.1 ms]
   [Eden: 47.0M(47.0M)->0.0B(45.0M) Survivors: 4096.0K->6144.0K Heap: 300.3M(1024.0M)->255.3M(1024.0M)]
 [Times: user=0.07 sys=0.00, real=0.04 secs] 
2017-09-24T18:49:15.009+0900: 60166.932: [GC pause (G1 Evacuation Pause) (young), 0.0295355 secs]
   [Parallel Time: 24.4 ms, GC Workers: 2]
      [GC Worker Start (ms): Min: 60166932.2, Avg: 60166932.3, Max: 60166932.3, Diff: 0.0]
      [Ext Root Scanning (ms): Min: 0.6, Avg: 0.7, Max: 0.7, Diff: 0.1, Sum: 1.3]
      [Update RS (ms): Min: 0.8, Avg: 0.9, Max: 0.9, Diff: 0.1, Sum: 1.7]
         [Processed Buffers: Min: 12, Avg: 16.0, Max: 20, Diff: 8, Sum: 32]
      [Scan RS (ms): Min: 0.6, Avg: 1.6, Max: 2.5, Diff: 2.0, Sum: 3.1]
      [Code Root Scanning (ms): Min: 0.0, Avg: 0.0, Max: 0.0, Diff: 0.0, Sum: 0.0]
      [Object Copy (ms): Min: 19.9, Avg: 20.8, Max: 21.8, Diff: 2.0, Sum: 41.7]
      [Termination (ms): Min: 0.1, Avg: 0.1, Max: 0.1, Diff: 0.0, Sum: 0.2]
         [Termination Attempts: Min: 4, Avg: 4.0, Max: 4, Diff: 0, Sum: 8]
      [GC Worker Other (ms): Min: 0.0, Avg: 0.0, Max: 0.0, Diff: 0.0, Sum: 0.0]
      [GC Worker Total (ms): Min: 24.0, Avg: 24.0, Max: 24.1, Diff: 0.0, Sum: 48.1]
      [GC Worker End (ms): Min: 60166956.3, Avg: 60166956.3, Max: 60166956.3, Diff: 0.0]
   [Code Root Fixup: 0.1 ms]
   [Code Root Purge: 0.0 ms]
   [Clear CT: 2.2 ms]
   [Other: 2.9 ms]
      [Choose CSet: 0.0 ms]
      [Ref Proc: 2.3 ms]
      [Ref Enq: 0.0 ms]
      [Redirty Cards: 0.1 ms]
      [Humongous Register: 0.0 ms]
      [Humongous Reclaim: 0.1 ms]
      [Free CSet: 0.1 ms]
   [Eden: 45.0M(45.0M)->0.0B(46.0M) Survivors: 6144.0K->5120.0K Heap: 300.3M(1024.0M)->256.9M(1024.0M)]
 [Times: user=0.03 sys=0.00, real=0.03 secs] 
2017-09-24T18:51:00.844+0900: 60272.766: [GC pause (G1 Evacuation Pause) (young), 0.0398617 secs]
   [Parallel Time: 38.5 ms, GC Workers: 2]
      [GC Worker Start (ms): Min: 60272766.7, Avg: 60272767.9, Max: 60272769.2, Diff: 2.4]
      [Ext Root Scanning (ms): Min: 0.8, Avg: 2.4, Max: 3.9, Diff: 3.1, Sum: 4.7]
      [Update RS (ms): Min: 3.4, Avg: 3.7, Max: 4.1, Diff: 0.7, Sum: 7.5]
         [Processed Buffers: Min: 11, Avg: 16.0, Max: 21, Diff: 10, Sum: 32]
      [Scan RS (ms): Min: 2.6, Avg: 2.7, Max: 2.8, Diff: 0.2, Sum: 5.3]
      [Code Root Scanning (ms): Min: 0.0, Avg: 0.0, Max: 0.0, Diff: 0.0, Sum: 0.0]
      [Object Copy (ms): Min: 28.3, Avg: 28.4, Max: 28.5, Diff: 0.2, Sum: 56.8]
      [Termination (ms): Min: 0.0, Avg: 0.0, Max: 0.0, Diff: 0.0, Sum: 0.0]
         [Termination Attempts: Min: 4, Avg: 4.5, Max: 5, Diff: 1, Sum: 9]
      [GC Worker Other (ms): Min: 0.0, Avg: 0.0, Max: 0.0, Diff: 0.0, Sum: 0.0]
      [GC Worker Total (ms): Min: 36.0, Avg: 37.2, Max: 38.4, Diff: 2.4, Sum: 74.5]
      [GC Worker End (ms): Min: 60272805.2, Avg: 60272805.2, Max: 60272805.2, Diff: 0.0]
   [Code Root Fixup: 0.1 ms]
   [Code Root Purge: 0.0 ms]
   [Clear CT: 0.2 ms]
   [Other: 1.1 ms]
      [Choose CSet: 0.0 ms]
      [Ref Proc: 0.2 ms]
      [Ref Enq: 0.0 ms]
      [Redirty Cards: 0.3 ms]
      [Humongous Register: 0.1 ms]
      [Humongous Reclaim: 0.0 ms]
      [Free CSet: 0.0 ms]
   [Eden: 46.0M(46.0M)->0.0B(46.0M) Survivors: 5120.0K->5120.0K Heap: 302.9M(1024.0M)->259.0M(1024.0M)]
 [Times: user=0.07 sys=0.00, real=0.04 secs] 
2017-09-24T18:52:46.846+0900: 60378.769: [GC pause (G1 Evacuation Pause) (young), 0.0047353 secs]
   [Parallel Time: 4.2 ms, GC Workers: 2]
      [GC Worker Start (ms): Min: 60378768.7, Avg: 60378768.7, Max: 60378768.7, Diff: 0.0]
      [Ext Root Scanning (ms): Min: 0.5, Avg: 0.5, Max: 0.6, Diff: 0.0, Sum: 1.1]
      [Update RS (ms): Min: 0.4, Avg: 0.5, Max: 0.6, Diff: 0.2, Sum: 1.0]
         [Processed Buffers: Min: 15, Avg: 15.5, Max: 16, Diff: 1, Sum: 31]
      [Scan RS (ms): Min: 0.4, Avg: 0.5, Max: 0.6, Diff: 0.2, Sum: 1.0]
      [Code Root Scanning (ms): Min: 0.0, Avg: 0.0, Max: 0.0, Diff: 0.0, Sum: 0.0]
      [Object Copy (ms): Min: 2.6, Avg: 2.6, Max: 2.6, Diff: 0.0, Sum: 5.2]
      [Termination (ms): Min: 0.0, Avg: 0.0, Max: 0.0, Diff: 0.0, Sum: 0.0]
         [Termination Attempts: Min: 1, Avg: 1.0, Max: 1, Diff: 0, Sum: 2]
      [GC Worker Other (ms): Min: 0.0, Avg: 0.0, Max: 0.0, Diff: 0.0, Sum: 0.0]
      [GC Worker Total (ms): Min: 4.1, Avg: 4.1, Max: 4.1, Diff: 0.0, Sum: 8.2]
      [GC Worker End (ms): Min: 60378772.8, Avg: 60378772.8, Max: 60378772.8, Diff: 0.0]
   [Code Root Fixup: 0.1 ms]
   [Code Root Purge: 0.0 ms]
   [Clear CT: 0.0 ms]
   [Other: 0.4 ms]
      [Choose CSet: 0.0 ms]
      [Ref Proc: 0.1 ms]
      [Ref Enq: 0.0 ms]
      [Redirty Cards: 0.0 ms]
      [Humongous Register: 0.0 ms]
      [Humongous Reclaim: 0.0 ms]
      [Free CSet: 0.0 ms]
   [Eden: 46.0M(46.0M)->0.0B(48.0M) Survivors: 5120.0K->3072.0K Heap: 305.0M(1024.0M)->257.0M(1024.0M)]
 [Times: user=0.01 sys=0.00, real=0.00 secs] 
2017-09-24T18:54:37.325+0900: 60489.248: [GC pause (G1 Evacuation Pause) (young), 0.0182055 secs]
   [Parallel Time: 16.6 ms, GC Workers: 2]
      [GC Worker Start (ms): Min: 60489248.1, Avg: 60489248.1, Max: 60489248.2, Diff: 0.1]
      [Ext Root Scanning (ms): Min: 1.1, Avg: 1.1, Max: 1.2, Diff: 0.1, Sum: 2.3]
      [Update RS (ms): Min: 1.4, Avg: 1.5, Max: 1.7, Diff: 0.3, Sum: 3.0]
         [Processed Buffers: Min: 11, Avg: 15.0, Max: 19, Diff: 8, Sum: 30]
      [Scan RS (ms): Min: 0.6, Avg: 0.7, Max: 0.8, Diff: 0.3, Sum: 1.4]
      [Code Root Scanning (ms): Min: 0.0, Avg: 0.0, Max: 0.0, Diff: 0.0, Sum: 0.0]
      [Object Copy (ms): Min: 10.3, Avg: 11.2, Max: 12.2, Diff: 1.9, Sum: 22.4]
      [Termination (ms): Min: 0.0, Avg: 1.4, Max: 2.7, Diff: 2.7, Sum: 2.7]
         [Termination Attempts: Min: 1, Avg: 1.0, Max: 1, Diff: 0, Sum: 2]
      [GC Worker Other (ms): Min: 0.0, Avg: 0.0, Max: 0.0, Diff: 0.0, Sum: 0.0]
      [GC Worker Total (ms): Min: 15.5, Avg: 16.0, Max: 16.5, Diff: 1.0, Sum: 32.0]
      [GC Worker End (ms): Min: 60489263.7, Avg: 60489264.1, Max: 60489264.6, Diff: 0.9]
   [Code Root Fixup: 0.0 ms]
   [Code Root Purge: 0.0 ms]
   [Clear CT: 0.4 ms]
   [Other: 1.1 ms]
      [Choose CSet: 0.0 ms]
      [Ref Proc: 0.4 ms]
      [Ref Enq: 0.0 ms]
      [Redirty Cards: 0.4 ms]
      [Humongous Register: 0.0 ms]
      [Humongous Reclaim: 0.0 ms]
      [Free CSet: 0.1 ms]
   [Eden: 48.0M(48.0M)->0.0B(46.0M) Survivors: 3072.0K->5120.0K Heap: 305.0M(1024.0M)->259.0M(1024.0M)]
 [Times: user=0.03 sys=0.00, real=0.02 secs] 
2017-09-24T18:56:22.411+0900: 60594.334: [GC pause (G1 Evacuation Pause) (young), 0.0742308 secs]
   [Parallel Time: 67.5 ms, GC Workers: 2]
      [GC Worker Start (ms): Min: 60594334.3, Avg: 60594334.3, Max: 60594334.4, Diff: 0.1]
      [Ext Root Scanning (ms): Min: 2.0, Avg: 2.1, Max: 2.1, Diff: 0.1, Sum: 4.1]
      [Update RS (ms): Min: 7.2, Avg: 7.4, Max: 7.6, Diff: 0.4, Sum: 14.9]
         [Processed Buffers: Min: 16, Avg: 16.5, Max: 17, Diff: 1, Sum: 33]
      [Scan RS (ms): Min: 6.9, Avg: 7.7, Max: 8.4, Diff: 1.5, Sum: 15.4]
      [Code Root Scanning (ms): Min: 0.0, Avg: 0.0, Max: 0.0, Diff: 0.0, Sum: 0.0]
      [Object Copy (ms): Min: 49.2, Avg: 50.1, Max: 51.1, Diff: 1.9, Sum: 100.3]
      [Termination (ms): Min: 0.0, Avg: 0.0, Max: 0.0, Diff: 0.0, Sum: 0.0]
         [Termination Attempts: Min: 1, Avg: 1.5, Max: 2, Diff: 1, Sum: 3]
      [GC Worker Other (ms): Min: 0.0, Avg: 0.0, Max: 0.0, Diff: 0.0, Sum: 0.0]
      [GC Worker Total (ms): Min: 67.3, Avg: 67.4, Max: 67.4, Diff: 0.1, Sum: 134.7]
      [GC Worker End (ms): Min: 60594401.7, Avg: 60594401.7, Max: 60594401.7, Diff: 0.0]
   [Code Root Fixup: 0.0 ms]
   [Code Root Purge: 0.0 ms]
   [Clear CT: 0.2 ms]
   [Other: 6.5 ms]
      [Choose CSet: 0.0 ms]
      [Ref Proc: 4.4 ms]
      [Ref Enq: 0.1 ms]
      [Redirty Cards: 0.0 ms]
      [Humongous Register: 0.1 ms]
      [Humongous Reclaim: 0.6 ms]
      [Free CSet: 0.3 ms]
   [Eden: 46.0M(46.0M)->0.0B(45.0M) Survivors: 5120.0K->6144.0K Heap: 305.0M(1024.0M)->260.5M(1024.0M)]
 [Times: user=0.06 sys=0.00, real=0.08 secs] 
2017-09-24T18:58:06.419+0900: 60698.342: [GC pause (G1 Evacuation Pause) (young), 0.0438878 secs]
   [Parallel Time: 42.7 ms, GC Workers: 2]
      [GC Worker Start (ms): Min: 60698342.1, Avg: 60698342.4, Max: 60698342.8, Diff: 0.7]
      [Ext Root Scanning (ms): Min: 1.7, Avg: 2.1, Max: 2.4, Diff: 0.7, Sum: 4.1]
      [Update RS (ms): Min: 2.7, Avg: 2.8, Max: 2.9, Diff: 0.2, Sum: 5.6]
         [Processed Buffers: Min: 14, Avg: 16.0, Max: 18, Diff: 4, Sum: 32]
      [Scan RS (ms): Min: 2.0, Avg: 2.3, Max: 2.5, Diff: 0.5, Sum: 4.5]
      [Code Root Scanning (ms): Min: 0.0, Avg: 0.0, Max: 0.0, Diff: 0.0, Sum: 0.0]
      [Object Copy (ms): Min: 34.6, Avg: 34.9, Max: 35.2, Diff: 0.7, Sum: 69.8]
      [Termination (ms): Min: 0.0, Avg: 0.1, Max: 0.1, Diff: 0.1, Sum: 0.1]
         [Termination Attempts: Min: 1, Avg: 3.0, Max: 5, Diff: 4, Sum: 6]
      [GC Worker Other (ms): Min: 0.0, Avg: 0.0, Max: 0.0, Diff: 0.0, Sum: 0.0]
      [GC Worker Total (ms): Min: 41.7, Avg: 42.1, Max: 42.5, Diff: 0.8, Sum: 84.3]
      [GC Worker End (ms): Min: 60698384.5, Avg: 60698384.6, Max: 60698384.6, Diff: 0.1]
   [Code Root Fixup: 0.1 ms]
   [Code Root Purge: 0.0 ms]
   [Clear CT: 0.1 ms]
   [Other: 1.0 ms]
      [Choose CSet: 0.0 ms]
      [Ref Proc: 0.2 ms]
      [Ref Enq: 0.0 ms]
      [Redirty Cards: 0.1 ms]
      [Humongous Register: 0.1 ms]
      [Humongous Reclaim: 0.0 ms]
      [Free CSet: 0.0 ms]
   [Eden: 45.0M(45.0M)->0.0B(46.0M) Survivors: 6144.0K->5120.0K Heap: 305.5M(1024.0M)->262.4M(1024.0M)]
 [Times: user=0.08 sys=0.00, real=0.04 secs] 
2017-09-24T18:59:52.114+0900: 60804.037: [GC pause (G1 Evacuation Pause) (young), 0.0206395 secs]
   [Parallel Time: 19.1 ms, GC Workers: 2]
      [GC Worker Start (ms): Min: 60804037.2, Avg: 60804037.3, Max: 60804037.3, Diff: 0.1]
      [Ext Root Scanning (ms): Min: 1.7, Avg: 1.8, Max: 1.8, Diff: 0.1, Sum: 3.5]
      [Update RS (ms): Min: 2.5, Avg: 2.7, Max: 3.0, Diff: 0.5, Sum: 5.5]
         [Processed Buffers: Min: 6, Avg: 15.5, Max: 25, Diff: 19, Sum: 31]
      [Scan RS (ms): Min: 1.3, Avg: 1.6, Max: 1.9, Diff: 0.6, Sum: 3.2]
      [Code Root Scanning (ms): Min: 0.0, Avg: 0.0, Max: 0.0, Diff: 0.0, Sum: 0.0]
      [Object Copy (ms): Min: 12.5, Avg: 12.6, Max: 12.8, Diff: 0.3, Sum: 25.3]
      [Termination (ms): Min: 0.0, Avg: 0.2, Max: 0.4, Diff: 0.4, Sum: 0.4]
         [Termination Attempts: Min: 1, Avg: 1.0, Max: 1, Diff: 0, Sum: 2]
      [GC Worker Other (ms): Min: 0.0, Avg: 0.0, Max: 0.1, Diff: 0.0, Sum: 0.1]
      [GC Worker Total (ms): Min: 18.9, Avg: 19.0, Max: 19.0, Diff: 0.1, Sum: 37.9]
      [GC Worker End (ms): Min: 60804056.2, Avg: 60804056.2, Max: 60804056.2, Diff: 0.0]
   [Code Root Fixup: 0.1 ms]
   [Code Root Purge: 0.0 ms]
   [Clear CT: 0.2 ms]
   [Other: 1.2 ms]
      [Choose CSet: 0.0 ms]
      [Ref Proc: 0.5 ms]
      [Ref Enq: 0.0 ms]
      [Redirty Cards: 0.3 ms]
      [Humongous Register: 0.1 ms]
      [Humongous Reclaim: 0.0 ms]
      [Free CSet: 0.1 ms]
   [Eden: 46.0M(46.0M)->0.0B(44.0M) Survivors: 5120.0K->7168.0K Heap: 308.4M(1024.0M)->264.4M(1024.0M)]
 [Times: user=0.04 sys=0.00, real=0.02 secs] 
2017-09-24T19:01:33.333+0900: 60905.256: [GC pause (G1 Evacuation Pause) (young), 0.0051959 secs]
   [Parallel Time: 4.1 ms, GC Workers: 2]
      [GC Worker Start (ms): Min: 60905256.1, Avg: 60905256.1, Max: 60905256.1, Diff: 0.0]
      [Ext Root Scanning (ms): Min: 0.5, Avg: 0.6, Max: 0.6, Diff: 0.1, Sum: 1.1]
      [Update RS (ms): Min: 0.4, Avg: 0.4, Max: 0.5, Diff: 0.1, Sum: 0.9]
         [Processed Buffers: Min: 9, Avg: 15.0, Max: 21, Diff: 12, Sum: 30]
      [Scan RS (ms): Min: 0.5, Avg: 0.5, Max: 0.6, Diff: 0.1, Sum: 1.0]
      [Code Root Scanning (ms): Min: 0.0, Avg: 0.0, Max: 0.0, Diff: 0.0, Sum: 0.0]
      [Object Copy (ms): Min: 2.5, Avg: 2.5, Max: 2.5, Diff: 0.0, Sum: 5.1]
      [Termination (ms): Min: 0.0, Avg: 0.0, Max: 0.0, Diff: 0.0, Sum: 0.0]
         [Termination Attempts: Min: 1, Avg: 1.0, Max: 1, Diff: 0, Sum: 2]
      [GC Worker Other (ms): Min: 0.0, Avg: 0.0, Max: 0.0, Diff: 0.0, Sum: 0.0]
      [GC Worker Total (ms): Min: 4.0, Avg: 4.1, Max: 4.1, Diff: 0.0, Sum: 8.1]
      [GC Worker End (ms): Min: 60905260.2, Avg: 60905260.2, Max: 60905260.2, Diff: 0.0]
   [Code Root Fixup: 0.0 ms]
   [Code Root Purge: 0.0 ms]
   [Clear CT: 0.1 ms]
   [Other: 0.9 ms]
      [Choose CSet: 0.0 ms]
      [Ref Proc: 0.5 ms]
      [Ref Enq: 0.0 ms]
      [Redirty Cards: 0.2 ms]
      [Humongous Register: 0.0 ms]
      [Humongous Reclaim: 0.0 ms]
      [Free CSet: 0.0 ms]
   [Eden: 44.0M(44.0M)->0.0B(48.0M) Survivors: 7168.0K->3072.0K Heap: 308.4M(1024.0M)->261.1M(1024.0M)]
 [Times: user=0.01 sys=0.00, real=0.01 secs] 
2017-09-24T19:03:23.505+0900: 61015.428: [GC pause (G1 Evacuation Pause) (young), 0.0099931 secs]
   [Parallel Time: 9.0 ms, GC Workers: 2]
      [GC Worker Start (ms): Min: 61015427.9, Avg: 61015427.9, Max: 61015427.9, Diff: 0.0]
      [Ext Root Scanning (ms): Min: 0.8, Avg: 0.8, Max: 0.8, Diff: 0.0, Sum: 1.6]
      [Update RS (ms): Min: 0.9, Avg: 0.9, Max: 0.9, Diff: 0.0, Sum: 1.8]
         [Processed Buffers: Min: 9, Avg: 16.5, Max: 24, Diff: 15, Sum: 33]
      [Scan RS (ms): Min: 0.8, Avg: 0.8, Max: 0.8, Diff: 0.0, Sum: 1.6]
      [Code Root Scanning (ms): Min: 0.0, Avg: 0.0, Max: 0.0, Diff: 0.0, Sum: 0.0]
      [Object Copy (ms): Min: 6.4, Avg: 6.4, Max: 6.4, Diff: 0.0, Sum: 12.8]
      [Termination (ms): Min: 0.0, Avg: 0.0, Max: 0.0, Diff: 0.0, Sum: 0.0]
         [Termination Attempts: Min: 1, Avg: 1.5, Max: 2, Diff: 1, Sum: 3]
      [GC Worker Other (ms): Min: 0.0, Avg: 0.0, Max: 0.0, Diff: 0.0, Sum: 0.0]
      [GC Worker Total (ms): Min: 8.8, Avg: 8.9, Max: 8.9, Diff: 0.0, Sum: 17.7]
      [GC Worker End (ms): Min: 61015436.7, Avg: 61015436.7, Max: 61015436.8, Diff: 0.0]
   [Code Root Fixup: 0.1 ms]
   [Code Root Purge: 0.0 ms]
   [Clear CT: 0.1 ms]
   [Other: 0.8 ms]
      [Choose CSet: 0.0 ms]
      [Ref Proc: 0.3 ms]
      [Ref Enq: 0.0 ms]
      [Redirty Cards: 0.2 ms]
      [Humongous Register: 0.1 ms]
      [Humongous Reclaim: 0.0 ms]
      [Free CSet: 0.0 ms]
   [Eden: 48.0M(48.0M)->0.0B(46.0M) Survivors: 3072.0K->5120.0K Heap: 309.1M(1024.0M)->263.1M(1024.0M)]
 [Times: user=0.02 sys=0.00, real=0.01 secs] 
2017-09-24T19:05:09.234+0900: 61121.157: [GC pause (G1 Evacuation Pause) (young), 0.0439218 secs]
   [Parallel Time: 42.1 ms, GC Workers: 2]
      [GC Worker Start (ms): Min: 61121157.5, Avg: 61121157.5, Max: 61121157.6, Diff: 0.1]
      [Ext Root Scanning (ms): Min: 2.0, Avg: 2.1, Max: 2.2, Diff: 0.1, Sum: 4.2]
      [Update RS (ms): Min: 2.4, Avg: 2.5, Max: 2.6, Diff: 0.2, Sum: 5.0]
         [Processed Buffers: Min: 10, Avg: 16.0, Max: 22, Diff: 12, Sum: 32]
      [Scan RS (ms): Min: 3.0, Avg: 5.2, Max: 7.4, Diff: 4.4, Sum: 10.4]
      [Code Root Scanning (ms): Min: 0.0, Avg: 0.0, Max: 0.0, Diff: 0.0, Sum: 0.0]
      [Object Copy (ms): Min: 29.9, Avg: 32.0, Max: 34.1, Diff: 4.2, Sum: 63.9]
      [Termination (ms): Min: 0.1, Avg: 0.1, Max: 0.1, Diff: 0.1, Sum: 0.2]
         [Termination Attempts: Min: 2, Avg: 4.0, Max: 6, Diff: 4, Sum: 8]
      [GC Worker Other (ms): Min: 0.0, Avg: 0.0, Max: 0.0, Diff: 0.0, Sum: 0.1]
      [GC Worker Total (ms): Min: 41.8, Avg: 41.9, Max: 41.9, Diff: 0.1, Sum: 83.8]
      [GC Worker End (ms): Min: 61121199.4, Avg: 61121199.4, Max: 61121199.4, Diff: 0.0]
   [Code Root Fixup: 0.2 ms]
   [Code Root Purge: 0.0 ms]
   [Clear CT: 0.2 ms]
   [Other: 1.5 ms]
      [Choose CSet: 0.0 ms]
      [Ref Proc: 0.8 ms]
      [Ref Enq: 0.0 ms]
      [Redirty Cards: 0.2 ms]
      [Humongous Register: 0.1 ms]
      [Humongous Reclaim: 0.0 ms]
      [Free CSet: 0.0 ms]
   [Eden: 46.0M(46.0M)->0.0B(44.0M) Survivors: 5120.0K->7168.0K Heap: 309.1M(1024.0M)->265.6M(1024.0M)]
 [Times: user=0.08 sys=0.00, real=0.05 secs] 
2017-09-24T19:06:47.412+0900: 61219.335: [GC pause (G1 Evacuation Pause) (young), 0.0406782 secs]
   [Parallel Time: 39.5 ms, GC Workers: 2]
      [GC Worker Start (ms): Min: 61219335.2, Avg: 61219335.3, Max: 61219335.3, Diff: 0.1]
      [Ext Root Scanning (ms): Min: 2.6, Avg: 2.6, Max: 2.6, Diff: 0.0, Sum: 5.1]
      [Update RS (ms): Min: 3.9, Avg: 4.0, Max: 4.0, Diff: 0.1, Sum: 7.9]
         [Processed Buffers: Min: 11, Avg: 16.0, Max: 21, Diff: 10, Sum: 32]
      [Scan RS (ms): Min: 3.1, Avg: 3.2, Max: 3.4, Diff: 0.3, Sum: 6.4]
      [Code Root Scanning (ms): Min: 0.0, Avg: 0.0, Max: 0.0, Diff: 0.0, Sum: 0.0]
      [Object Copy (ms): Min: 29.1, Avg: 29.2, Max: 29.3, Diff: 0.2, Sum: 58.3]
      [Termination (ms): Min: 0.0, Avg: 0.1, Max: 0.1, Diff: 0.1, Sum: 0.1]
         [Termination Attempts: Min: 5, Avg: 5.5, Max: 6, Diff: 1, Sum: 11]
      [GC Worker Other (ms): Min: 0.0, Avg: 0.0, Max: 0.0, Diff: 0.0, Sum: 0.0]
      [GC Worker Total (ms): Min: 39.0, Avg: 39.0, Max: 39.1, Diff: 0.1, Sum: 78.1]
      [GC Worker End (ms): Min: 61219374.3, Avg: 61219374.3, Max: 61219374.3, Diff: 0.0]
   [Code Root Fixup: 0.1 ms]
   [Code Root Purge: 0.0 ms]
   [Clear CT: 0.2 ms]
   [Other: 0.9 ms]
      [Choose CSet: 0.0 ms]
      [Ref Proc: 0.3 ms]
      [Ref Enq: 0.0 ms]
      [Redirty Cards: 0.3 ms]
      [Humongous Register: 0.1 ms]
      [Humongous Reclaim: 0.0 ms]
      [Free CSet: 0.0 ms]
   [Eden: 44.0M(44.0M)->0.0B(45.0M) Survivors: 7168.0K->6144.0K Heap: 309.6M(1024.0M)->268.4M(1024.0M)]
 [Times: user=0.07 sys=0.00, real=0.04 secs] 
2017-09-24T19:08:31.099+0900: 61323.022: [GC pause (G1 Evacuation Pause) (young), 0.0250687 secs]
   [Parallel Time: 24.1 ms, GC Workers: 2]
      [GC Worker Start (ms): Min: 61323022.1, Avg: 61323022.1, Max: 61323022.2, Diff: 0.1]
      [Ext Root Scanning (ms): Min: 1.0, Avg: 1.1, Max: 1.2, Diff: 0.1, Sum: 2.2]
      [Update RS (ms): Min: 2.3, Avg: 2.5, Max: 2.6, Diff: 0.3, Sum: 4.9]
         [Processed Buffers: Min: 14, Avg: 15.5, Max: 17, Diff: 3, Sum: 31]
      [Scan RS (ms): Min: 3.7, Avg: 3.9, Max: 4.2, Diff: 0.5, Sum: 7.8]
      [Code Root Scanning (ms): Min: 0.0, Avg: 0.0, Max: 0.0, Diff: 0.0, Sum: 0.0]
      [Object Copy (ms): Min: 16.4, Avg: 16.5, Max: 16.7, Diff: 0.3, Sum: 33.1]
      [Termination (ms): Min: 0.0, Avg: 0.0, Max: 0.0, Diff: 0.0, Sum: 0.0]
         [Termination Attempts: Min: 1, Avg: 1.0, Max: 1, Diff: 0, Sum: 2]
      [GC Worker Other (ms): Min: 0.0, Avg: 0.0, Max: 0.0, Diff: 0.0, Sum: 0.0]
      [GC Worker Total (ms): Min: 24.0, Avg: 24.0, Max: 24.1, Diff: 0.1, Sum: 48.1]
      [GC Worker End (ms): Min: 61323046.2, Avg: 61323046.2, Max: 61323046.2, Diff: 0.0]
   [Code Root Fixup: 0.1 ms]
   [Code Root Purge: 0.0 ms]
   [Clear CT: 0.1 ms]
   [Other: 0.8 ms]
      [Choose CSet: 0.0 ms]
      [Ref Proc: 0.3 ms]
      [Ref Enq: 0.0 ms]
      [Redirty Cards: 0.1 ms]
      [Humongous Register: 0.0 ms]
      [Humongous Reclaim: 0.0 ms]
      [Free CSet: 0.0 ms]
   [Eden: 45.0M(45.0M)->0.0B(45.0M) Survivors: 6144.0K->6144.0K Heap: 313.4M(1024.0M)->270.5M(1024.0M)]
 [Times: user=0.05 sys=0.00, real=0.02 secs] 
2017-09-24T19:10:14.326+0900: 61426.249: [GC pause (G1 Evacuation Pause) (young), 0.0175732 secs]
   [Parallel Time: 16.4 ms, GC Workers: 2]
      [GC Worker Start (ms): Min: 61426249.2, Avg: 61426249.3, Max: 61426249.3, Diff: 0.0]
      [Ext Root Scanning (ms): Min: 0.9, Avg: 1.0, Max: 1.0, Diff: 0.1, Sum: 1.9]
      [Update RS (ms): Min: 0.5, Avg: 0.5, Max: 0.6, Diff: 0.0, Sum: 1.1]
         [Processed Buffers: Min: 9, Avg: 15.0, Max: 21, Diff: 12, Sum: 30]
      [Scan RS (ms): Min: 0.9, Avg: 0.9, Max: 0.9, Diff: 0.0, Sum: 1.8]
      [Code Root Scanning (ms): Min: 0.0, Avg: 0.0, Max: 0.0, Diff: 0.0, Sum: 0.0]
      [Object Copy (ms): Min: 13.8, Avg: 13.8, Max: 13.9, Diff: 0.1, Sum: 27.7]
      [Termination (ms): Min: 0.0, Avg: 0.0, Max: 0.0, Diff: 0.0, Sum: 0.0]
         [Termination Attempts: Min: 1, Avg: 1.0, Max: 1, Diff: 0, Sum: 2]
      [GC Worker Other (ms): Min: 0.0, Avg: 0.0, Max: 0.0, Diff: 0.0, Sum: 0.0]
      [GC Worker Total (ms): Min: 16.2, Avg: 16.3, Max: 16.3, Diff: 0.0, Sum: 32.5]
      [GC Worker End (ms): Min: 61426265.5, Avg: 61426265.5, Max: 61426265.5, Diff: 0.0]
   [Code Root Fixup: 0.1 ms]
   [Code Root Purge: 0.0 ms]
   [Clear CT: 0.1 ms]
   [Other: 0.9 ms]
      [Choose CSet: 0.0 ms]
      [Ref Proc: 0.3 ms]
      [Ref Enq: 0.0 ms]
      [Redirty Cards: 0.1 ms]
      [Humongous Register: 0.0 ms]
      [Humongous Reclaim: 0.1 ms]
      [Free CSet: 0.1 ms]
   [Eden: 45.0M(45.0M)->0.0B(48.0M) Survivors: 6144.0K->3072.0K Heap: 315.5M(1024.0M)->269.5M(1024.0M)]
 [Times: user=0.03 sys=0.00, real=0.01 secs] 
2017-09-24T19:12:05.310+0900: 61537.232: [GC pause (G1 Evacuation Pause) (young), 0.0196190 secs]
   [Parallel Time: 17.9 ms, GC Workers: 2]
      [GC Worker Start (ms): Min: 61537232.8, Avg: 61537232.9, Max: 61537232.9, Diff: 0.1]
      [Ext Root Scanning (ms): Min: 1.7, Avg: 1.7, Max: 1.8, Diff: 0.1, Sum: 3.4]
      [Update RS (ms): Min: 2.4, Avg: 2.4, Max: 2.4, Diff: 0.0, Sum: 4.8]
         [Processed Buffers: Min: 9, Avg: 16.5, Max: 24, Diff: 15, Sum: 33]
      [Scan RS (ms): Min: 0.7, Avg: 0.7, Max: 0.7, Diff: 0.1, Sum: 1.4]
      [Code Root Scanning (ms): Min: 0.0, Avg: 0.0, Max: 0.0, Diff: 0.0, Sum: 0.0]
      [Object Copy (ms): Min: 12.7, Avg: 12.7, Max: 12.7, Diff: 0.0, Sum: 25.4]
      [Termination (ms): Min: 0.0, Avg: 0.0, Max: 0.0, Diff: 0.0, Sum: 0.0]
         [Termination Attempts: Min: 1, Avg: 1.0, Max: 1, Diff: 0, Sum: 2]
      [GC Worker Other (ms): Min: 0.0, Avg: 0.0, Max: 0.0, Diff: 0.0, Sum: 0.0]
      [GC Worker Total (ms): Min: 17.5, Avg: 17.6, Max: 17.6, Diff: 0.1, Sum: 35.1]
      [GC Worker End (ms): Min: 61537250.4, Avg: 61537250.4, Max: 61537250.4, Diff: 0.0]
   [Code Root Fixup: 0.1 ms]
   [Code Root Purge: 0.0 ms]
   [Clear CT: 0.3 ms]
   [Other: 1.4 ms]
      [Choose CSet: 0.0 ms]
      [Ref Proc: 0.4 ms]
      [Ref Enq: 0.0 ms]
      [Redirty Cards: 0.3 ms]
      [Humongous Register: 0.1 ms]
      [Humongous Reclaim: 0.1 ms]
      [Free CSet: 0.1 ms]
   [Eden: 48.0M(48.0M)->0.0B(46.0M) Survivors: 3072.0K->5120.0K Heap: 317.5M(1024.0M)->271.5M(1024.0M)]
 [Times: user=0.04 sys=0.00, real=0.02 secs] 
2017-09-24T19:13:51.144+0900: 61643.067: [GC pause (G1 Evacuation Pause) (young), 0.0156006 secs]
   [Parallel Time: 7.9 ms, GC Workers: 2]
      [GC Worker Start (ms): Min: 61643066.9, Avg: 61643066.9, Max: 61643066.9, Diff: 0.0]
      [Ext Root Scanning (ms): Min: 1.1, Avg: 1.1, Max: 1.2, Diff: 0.1, Sum: 2.2]
      [Update RS (ms): Min: 0.6, Avg: 0.7, Max: 0.8, Diff: 0.3, Sum: 1.4]
         [Processed Buffers: Min: 12, Avg: 15.5, Max: 19, Diff: 7, Sum: 31]
      [Scan RS (ms): Min: 0.2, Avg: 0.4, Max: 0.5, Diff: 0.3, Sum: 0.7]
      [Code Root Scanning (ms): Min: 0.0, Avg: 0.0, Max: 0.0, Diff: 0.0, Sum: 0.0]
      [Object Copy (ms): Min: 5.7, Avg: 5.7, Max: 5.7, Diff: 0.1, Sum: 11.4]
      [Termination (ms): Min: 0.0, Avg: 0.0, Max: 0.0, Diff: 0.0, Sum: 0.0]
         [Termination Attempts: Min: 1, Avg: 1.0, Max: 1, Diff: 0, Sum: 2]
      [GC Worker Other (ms): Min: 0.0, Avg: 0.0, Max: 0.0, Diff: 0.0, Sum: 0.0]
      [GC Worker Total (ms): Min: 7.9, Avg: 7.9, Max: 7.9, Diff: 0.0, Sum: 15.8]
      [GC Worker End (ms): Min: 61643074.8, Avg: 61643074.8, Max: 61643074.8, Diff: 0.0]
   [Code Root Fixup: 0.0 ms]
   [Code Root Purge: 0.0 ms]
   [Clear CT: 0.1 ms]
   [Other: 7.6 ms]
      [Choose CSet: 0.0 ms]
      [Ref Proc: 7.1 ms]
      [Ref Enq: 0.0 ms]
      [Redirty Cards: 0.0 ms]
      [Humongous Register: 0.1 ms]
      [Humongous Reclaim: 0.0 ms]
      [Free CSet: 0.0 ms]
   [Eden: 46.0M(46.0M)->0.0B(45.0M) Survivors: 5120.0K->6144.0K Heap: 317.5M(1024.0M)->273.0M(1024.0M)]
 [Times: user=0.02 sys=0.00, real=0.02 secs] 
2017-09-24T19:15:34.774+0900: 61746.697: [GC pause (G1 Evacuation Pause) (young), 0.0426450 secs]
   [Parallel Time: 41.4 ms, GC Workers: 2]
      [GC Worker Start (ms): Min: 61746697.1, Avg: 61746697.1, Max: 61746697.2, Diff: 0.1]
      [Ext Root Scanning (ms): Min: 1.8, Avg: 1.9, Max: 1.9, Diff: 0.1, Sum: 3.7]
      [Update RS (ms): Min: 2.0, Avg: 2.1, Max: 2.2, Diff: 0.2, Sum: 4.2]
         [Processed Buffers: Min: 1, Avg: 16.0, Max: 31, Diff: 30, Sum: 32]
      [Scan RS (ms): Min: 1.7, Avg: 1.7, Max: 1.8, Diff: 0.1, Sum: 3.4]
      [Code Root Scanning (ms): Min: 0.0, Avg: 0.0, Max: 0.0, Diff: 0.0, Sum: 0.0]
      [Object Copy (ms): Min: 35.5, Avg: 35.5, Max: 35.6, Diff: 0.1, Sum: 71.1]
      [Termination (ms): Min: 0.0, Avg: 0.0, Max: 0.0, Diff: 0.0, Sum: 0.0]
         [Termination Attempts: Min: 1, Avg: 1.0, Max: 1, Diff: 0, Sum: 2]
      [GC Worker Other (ms): Min: 0.0, Avg: 0.0, Max: 0.1, Diff: 0.0, Sum: 0.1]
      [GC Worker Total (ms): Min: 41.2, Avg: 41.3, Max: 41.4, Diff: 0.1, Sum: 82.6]
      [GC Worker End (ms): Min: 61746738.4, Avg: 61746738.4, Max: 61746738.4, Diff: 0.0]
   [Code Root Fixup: 0.1 ms]
   [Code Root Purge: 0.0 ms]
   [Clear CT: 0.2 ms]
   [Other: 1.0 ms]
      [Choose CSet: 0.0 ms]
      [Ref Proc: 0.3 ms]
      [Ref Enq: 0.0 ms]
      [Redirty Cards: 0.3 ms]
      [Humongous Register: 0.1 ms]
      [Humongous Reclaim: 0.0 ms]
      [Free CSet: 0.0 ms]
   [Eden: 45.0M(45.0M)->0.0B(46.0M) Survivors: 6144.0K->5120.0K Heap: 318.0M(1024.0M)->275.0M(1024.0M)]
 [Times: user=0.06 sys=0.00, real=0.04 secs] 
2017-09-24T19:17:20.920+0900: 61852.843: [GC pause (G1 Evacuation Pause) (young), 0.0325568 secs]
   [Parallel Time: 31.2 ms, GC Workers: 2]
      [GC Worker Start (ms): Min: 61852843.0, Avg: 61852843.1, Max: 61852843.3, Diff: 0.2]
      [Ext Root Scanning (ms): Min: 1.8, Avg: 2.0, Max: 2.1, Diff: 0.2, Sum: 3.9]
      [Update RS (ms): Min: 1.7, Avg: 1.8, Max: 1.8, Diff: 0.1, Sum: 3.5]
         [Processed Buffers: Min: 14, Avg: 16.0, Max: 18, Diff: 4, Sum: 32]
      [Scan RS (ms): Min: 2.6, Avg: 2.7, Max: 2.8, Diff: 0.2, Sum: 5.3]
      [Code Root Scanning (ms): Min: 0.0, Avg: 0.0, Max: 0.0, Diff: 0.0, Sum: 0.0]
      [Object Copy (ms): Min: 24.5, Avg: 24.5, Max: 24.5, Diff: 0.0, Sum: 49.0]
      [Termination (ms): Min: 0.0, Avg: 0.1, Max: 0.1, Diff: 0.1, Sum: 0.1]
         [Termination Attempts: Min: 1, Avg: 1.5, Max: 2, Diff: 1, Sum: 3]
      [GC Worker Other (ms): Min: 0.0, Avg: 0.0, Max: 0.0, Diff: 0.0, Sum: 0.0]
      [GC Worker Total (ms): Min: 30.8, Avg: 31.0, Max: 31.1, Diff: 0.3, Sum: 61.9]
      [GC Worker End (ms): Min: 61852874.1, Avg: 61852874.1, Max: 61852874.1, Diff: 0.1]
   [Code Root Fixup: 0.1 ms]
   [Code Root Purge: 0.0 ms]
   [Clear CT: 0.2 ms]
   [Other: 1.1 ms]
      [Choose CSet: 0.0 ms]
      [Ref Proc: 0.3 ms]
      [Ref Enq: 0.0 ms]
      [Redirty Cards: 0.3 ms]
      [Humongous Register: 0.1 ms]
      [Humongous Reclaim: 0.0 ms]
      [Free CSet: 0.1 ms]
   [Eden: 46.0M(46.0M)->0.0B(44.0M) Survivors: 5120.0K->7168.0K Heap: 321.0M(1024.0M)->277.0M(1024.0M)]
 [Times: user=0.06 sys=0.00, real=0.03 secs] 
2017-09-24T19:19:01.763+0900: 61953.685: [GC pause (G1 Evacuation Pause) (young), 0.0092314 secs]
   [Parallel Time: 7.6 ms, GC Workers: 2]
      [GC Worker Start (ms): Min: 61953685.5, Avg: 61953685.5, Max: 61953685.5, Diff: 0.0]
      [Ext Root Scanning (ms): Min: 1.0, Avg: 1.0, Max: 1.1, Diff: 0.1, Sum: 2.1]
      [Update RS (ms): Min: 1.0, Avg: 1.0, Max: 1.1, Diff: 0.1, Sum: 2.0]
         [Processed Buffers: Min: 8, Avg: 16.0, Max: 24, Diff: 16, Sum: 32]
      [Scan RS (ms): Min: 0.3, Avg: 0.3, Max: 0.4, Diff: 0.0, Sum: 0.7]
      [Code Root Scanning (ms): Min: 0.0, Avg: 0.0, Max: 0.0, Diff: 0.0, Sum: 0.0]
      [Object Copy (ms): Min: 4.4, Avg: 4.5, Max: 4.5, Diff: 0.2, Sum: 8.9]
      [Termination (ms): Min: 0.0, Avg: 0.0, Max: 0.0, Diff: 0.0, Sum: 0.0]
         [Termination Attempts: Min: 1, Avg: 1.5, Max: 2, Diff: 1, Sum: 3]
      [GC Worker Other (ms): Min: 0.0, Avg: 0.3, Max: 0.5, Diff: 0.5, Sum: 0.6]
      [GC Worker Total (ms): Min: 6.9, Avg: 7.1, Max: 7.4, Diff: 0.5, Sum: 14.3]
      [GC Worker End (ms): Min: 61953692.5, Avg: 61953692.7, Max: 61953692.9, Diff: 0.4]
   [Code Root Fixup: 0.2 ms]
   [Code Root Purge: 0.0 ms]
   [Clear CT: 0.0 ms]
   [Other: 1.4 ms]
      [Choose CSet: 0.0 ms]
      [Ref Proc: 0.8 ms]
      [Ref Enq: 0.0 ms]
      [Redirty Cards: 0.2 ms]
      [Humongous Register: 0.1 ms]
      [Humongous Reclaim: 0.0 ms]
      [Free CSet: 0.0 ms]
   [Eden: 44.0M(44.0M)->0.0B(47.0M) Survivors: 7168.0K->4096.0K Heap: 321.0M(1024.0M)->274.8M(1024.0M)]
 [Times: user=0.01 sys=0.00, real=0.01 secs] 
2017-09-24T19:20:49.547+0900: 62061.469: [GC pause (G1 Evacuation Pause) (young), 0.0305129 secs]
   [Parallel Time: 28.3 ms, GC Workers: 2]
      [GC Worker Start (ms): Min: 62061469.7, Avg: 62061469.8, Max: 62061470.0, Diff: 0.3]
      [Ext Root Scanning (ms): Min: 1.5, Avg: 1.7, Max: 1.9, Diff: 0.4, Sum: 3.4]
      [Update RS (ms): Min: 2.4, Avg: 2.7, Max: 2.9, Diff: 0.5, Sum: 5.3]
         [Processed Buffers: Min: 14, Avg: 17.0, Max: 20, Diff: 6, Sum: 34]
      [Scan RS (ms): Min: 0.9, Avg: 1.2, Max: 1.5, Diff: 0.6, Sum: 2.4]
      [Code Root Scanning (ms): Min: 0.0, Avg: 0.0, Max: 0.0, Diff: 0.0, Sum: 0.0]
      [Object Copy (ms): Min: 22.4, Avg: 22.5, Max: 22.5, Diff: 0.0, Sum: 44.9]
      [Termination (ms): Min: 0.0, Avg: 0.1, Max: 0.1, Diff: 0.1, Sum: 0.1]
         [Termination Attempts: Min: 2, Avg: 2.0, Max: 2, Diff: 0, Sum: 4]
      [GC Worker Other (ms): Min: 0.0, Avg: 0.0, Max: 0.0, Diff: 0.0, Sum: 0.0]
      [GC Worker Total (ms): Min: 27.9, Avg: 28.1, Max: 28.2, Diff: 0.3, Sum: 56.1]
      [GC Worker End (ms): Min: 62061497.9, Avg: 62061497.9, Max: 62061497.9, Diff: 0.0]
   [Code Root Fixup: 0.1 ms]
   [Code Root Purge: 0.0 ms]
   [Clear CT: 0.6 ms]
   [Other: 1.5 ms]
      [Choose CSet: 0.0 ms]
      [Ref Proc: 0.2 ms]
      [Ref Enq: 0.0 ms]
      [Redirty Cards: 0.8 ms]
      [Humongous Register: 0.0 ms]
      [Humongous Reclaim: 0.0 ms]
      [Free CSet: 0.0 ms]
   [Eden: 47.0M(47.0M)->0.0B(45.0M) Survivors: 4096.0K->6144.0K Heap: 321.8M(1024.0M)->276.8M(1024.0M)]
 [Times: user=0.04 sys=0.00, real=0.02 secs] 
2017-09-24T19:22:26.018+0900: 62157.940: [GC pause (G1 Evacuation Pause) (young), 0.0163041 secs]
   [Parallel Time: 15.6 ms, GC Workers: 2]
      [GC Worker Start (ms): Min: 62157940.4, Avg: 62157940.4, Max: 62157940.4, Diff: 0.0]
      [Ext Root Scanning (ms): Min: 0.6, Avg: 0.6, Max: 0.7, Diff: 0.1, Sum: 1.2]
      [Update RS (ms): Min: 2.1, Avg: 2.1, Max: 2.1, Diff: 0.0, Sum: 4.2]
         [Processed Buffers: Min: 6, Avg: 16.5, Max: 27, Diff: 21, Sum: 33]
      [Scan RS (ms): Min: 2.3, Avg: 2.3, Max: 2.3, Diff: 0.0, Sum: 4.5]
      [Code Root Scanning (ms): Min: 0.0, Avg: 0.0, Max: 0.0, Diff: 0.0, Sum: 0.0]
      [Object Copy (ms): Min: 10.5, Avg: 10.5, Max: 10.5, Diff: 0.0, Sum: 21.0]
      [Termination (ms): Min: 0.0, Avg: 0.0, Max: 0.0, Diff: 0.0, Sum: 0.0]
         [Termination Attempts: Min: 4, Avg: 4.5, Max: 5, Diff: 1, Sum: 9]
      [GC Worker Other (ms): Min: 0.0, Avg: 0.0, Max: 0.0, Diff: 0.0, Sum: 0.0]
      [GC Worker Total (ms): Min: 15.5, Avg: 15.5, Max: 15.5, Diff: 0.0, Sum: 31.0]
      [GC Worker End (ms): Min: 62157955.9, Avg: 62157955.9, Max: 62157955.9, Diff: 0.0]
   [Code Root Fixup: 0.1 ms]
   [Code Root Purge: 0.0 ms]
   [Clear CT: 0.1 ms]
   [Other: 0.6 ms]
      [Choose CSet: 0.0 ms]
      [Ref Proc: 0.2 ms]
      [Ref Enq: 0.0 ms]
      [Redirty Cards: 0.1 ms]
      [Humongous Register: 0.0 ms]
      [Humongous Reclaim: 0.0 ms]
      [Free CSet: 0.0 ms]
   [Eden: 45.0M(45.0M)->0.0B(44.0M) Survivors: 6144.0K->7168.0K Heap: 321.8M(1024.0M)->278.6M(1024.0M)]
 [Times: user=0.03 sys=0.00, real=0.01 secs] 
2017-09-24T19:23:59.276+0900: 62251.199: [GC pause (G1 Evacuation Pause) (young), 0.0222535 secs]
   [Parallel Time: 20.6 ms, GC Workers: 2]
      [GC Worker Start (ms): Min: 62251199.2, Avg: 62251199.4, Max: 62251199.6, Diff: 0.3]
      [Ext Root Scanning (ms): Min: 1.9, Avg: 2.0, Max: 2.1, Diff: 0.2, Sum: 4.0]
      [Update RS (ms): Min: 3.0, Avg: 3.2, Max: 3.4, Diff: 0.4, Sum: 6.5]
         [Processed Buffers: Min: 8, Avg: 16.0, Max: 24, Diff: 16, Sum: 32]
      [Scan RS (ms): Min: 7.2, Avg: 7.3, Max: 7.4, Diff: 0.2, Sum: 14.6]
      [Code Root Scanning (ms): Min: 0.0, Avg: 0.0, Max: 0.0, Diff: 0.0, Sum: 0.0]
      [Object Copy (ms): Min: 7.2, Avg: 7.6, Max: 7.9, Diff: 0.7, Sum: 15.2]
      [Termination (ms): Min: 0.0, Avg: 0.0, Max: 0.0, Diff: 0.0, Sum: 0.0]
         [Termination Attempts: Min: 1, Avg: 1.0, Max: 1, Diff: 0, Sum: 2]
      [GC Worker Other (ms): Min: 0.0, Avg: 0.0, Max: 0.0, Diff: 0.0, Sum: 0.0]
      [GC Worker Total (ms): Min: 20.0, Avg: 20.2, Max: 20.3, Diff: 0.3, Sum: 40.3]
      [GC Worker End (ms): Min: 62251219.6, Avg: 62251219.6, Max: 62251219.6, Diff: 0.0]
   [Code Root Fixup: 0.1 ms]
   [Code Root Purge: 0.0 ms]
   [Clear CT: 0.2 ms]
   [Other: 1.3 ms]
      [Choose CSet: 0.0 ms]
      [Ref Proc: 0.4 ms]
      [Ref Enq: 0.0 ms]
      [Redirty Cards: 0.3 ms]
      [Humongous Register: 0.2 ms]
      [Humongous Reclaim: 0.0 ms]
      [Free CSet: 0.1 ms]
   [Eden: 44.0M(44.0M)->0.0B(48.0M) Survivors: 7168.0K->3072.0K Heap: 322.6M(1024.0M)->275.5M(1024.0M)]
 [Times: user=0.04 sys=0.00, real=0.03 secs] 
2017-09-24T19:25:41.593+0900: 62353.515: [GC pause (G1 Evacuation Pause) (young), 0.0313128 secs]
   [Parallel Time: 29.9 ms, GC Workers: 2]
      [GC Worker Start (ms): Min: 62353515.7, Avg: 62353515.7, Max: 62353515.7, Diff: 0.0]
      [Ext Root Scanning (ms): Min: 1.9, Avg: 1.9, Max: 1.9, Diff: 0.0, Sum: 3.8]
      [Update RS (ms): Min: 3.3, Avg: 3.7, Max: 4.0, Diff: 0.7, Sum: 7.4]
         [Processed Buffers: Min: 15, Avg: 16.0, Max: 17, Diff: 2, Sum: 32]
      [Scan RS (ms): Min: 6.4, Avg: 6.6, Max: 6.9, Diff: 0.5, Sum: 13.3]
      [Code Root Scanning (ms): Min: 0.0, Avg: 0.0, Max: 0.0, Diff: 0.0, Sum: 0.0]
      [Object Copy (ms): Min: 16.9, Avg: 17.5, Max: 18.1, Diff: 1.2, Sum: 35.0]
      [Termination (ms): Min: 0.0, Avg: 0.0, Max: 0.0, Diff: 0.0, Sum: 0.0]
         [Termination Attempts: Min: 1, Avg: 1.0, Max: 1, Diff: 0, Sum: 2]
      [GC Worker Other (ms): Min: 0.0, Avg: 0.0, Max: 0.0, Diff: 0.0, Sum: 0.0]
      [GC Worker Total (ms): Min: 29.7, Avg: 29.7, Max: 29.8, Diff: 0.0, Sum: 59.5]
      [GC Worker End (ms): Min: 62353545.4, Avg: 62353545.4, Max: 62353545.4, Diff: 0.0]
   [Code Root Fixup: 0.1 ms]
   [Code Root Purge: 0.0 ms]
   [Clear CT: 0.1 ms]
   [Other: 1.2 ms]
      [Choose CSet: 0.0 ms]
      [Ref Proc: 0.4 ms]
      [Ref Enq: 0.0 ms]
      [Redirty Cards: 0.3 ms]
      [Humongous Register: 0.1 ms]
      [Humongous Reclaim: 0.0 ms]
      [Free CSet: 0.1 ms]
   [Eden: 48.0M(48.0M)->0.0B(46.0M) Survivors: 3072.0K->5120.0K Heap: 323.5M(1024.0M)->277.5M(1024.0M)]
 [Times: user=0.06 sys=0.00, real=0.03 secs] 
2017-09-24T19:27:19.776+0900: 62451.699: [GC pause (G1 Evacuation Pause) (young), 0.0346035 secs]
   [Parallel Time: 32.4 ms, GC Workers: 2]
      [GC Worker Start (ms): Min: 62451699.3, Avg: 62451699.3, Max: 62451699.3, Diff: 0.0]
      [Ext Root Scanning (ms): Min: 1.0, Avg: 1.0, Max: 1.1, Diff: 0.1, Sum: 2.0]
      [Update RS (ms): Min: 1.7, Avg: 1.7, Max: 1.7, Diff: 0.0, Sum: 3.4]
         [Processed Buffers: Min: 15, Avg: 16.0, Max: 17, Diff: 2, Sum: 32]
      [Scan RS (ms): Min: 3.4, Avg: 3.5, Max: 3.6, Diff: 0.2, Sum: 7.0]
      [Code Root Scanning (ms): Min: 0.0, Avg: 0.0, Max: 0.1, Diff: 0.1, Sum: 0.1]
      [Object Copy (ms): Min: 25.9, Avg: 25.9, Max: 25.9, Diff: 0.0, Sum: 51.8]
      [Termination (ms): Min: 0.0, Avg: 0.1, Max: 0.2, Diff: 0.2, Sum: 0.3]
         [Termination Attempts: Min: 2, Avg: 2.5, Max: 3, Diff: 1, Sum: 5]
      [GC Worker Other (ms): Min: 0.0, Avg: 0.0, Max: 0.0, Diff: 0.0, Sum: 0.0]
      [GC Worker Total (ms): Min: 32.3, Avg: 32.3, Max: 32.3, Diff: 0.0, Sum: 64.6]
      [GC Worker End (ms): Min: 62451731.6, Avg: 62451731.6, Max: 62451731.6, Diff: 0.0]
   [Code Root Fixup: 0.0 ms]
   [Code Root Purge: 0.0 ms]
   [Clear CT: 0.5 ms]
   [Other: 1.6 ms]
      [Choose CSet: 0.0 ms]
      [Ref Proc: 1.1 ms]
      [Ref Enq: 0.0 ms]
      [Redirty Cards: 0.2 ms]
      [Humongous Register: 0.0 ms]
      [Humongous Reclaim: 0.0 ms]
      [Free CSet: 0.1 ms]
   [Eden: 46.0M(46.0M)->0.0B(45.0M) Survivors: 5120.0K->6144.0K Heap: 323.5M(1024.0M)->279.7M(1024.0M)]
 [Times: user=0.05 sys=0.00, real=0.04 secs] 
2017-09-24T19:28:55.446+0900: 62547.368: [GC pause (G1 Evacuation Pause) (young), 0.0065549 secs]
   [Parallel Time: 5.8 ms, GC Workers: 2]
      [GC Worker Start (ms): Min: 62547368.5, Avg: 62547368.5, Max: 62547368.5, Diff: 0.0]
      [Ext Root Scanning (ms): Min: 0.6, Avg: 0.6, Max: 0.6, Diff: 0.1, Sum: 1.2]
      [Update RS (ms): Min: 1.1, Avg: 1.1, Max: 1.1, Diff: 0.0, Sum: 2.2]
         [Processed Buffers: Min: 4, Avg: 16.0, Max: 28, Diff: 24, Sum: 32]
      [Scan RS (ms): Min: 0.9, Avg: 0.9, Max: 0.9, Diff: 0.0, Sum: 1.8]
      [Code Root Scanning (ms): Min: 0.0, Avg: 0.0, Max: 0.0, Diff: 0.0, Sum: 0.0]
      [Object Copy (ms): Min: 3.1, Avg: 3.1, Max: 3.1, Diff: 0.0, Sum: 6.2]
      [Termination (ms): Min: 0.0, Avg: 0.0, Max: 0.0, Diff: 0.0, Sum: 0.0]
         [Termination Attempts: Min: 1, Avg: 1.0, Max: 1, Diff: 0, Sum: 2]
      [GC Worker Other (ms): Min: 0.0, Avg: 0.0, Max: 0.0, Diff: 0.0, Sum: 0.0]
      [GC Worker Total (ms): Min: 5.7, Avg: 5.7, Max: 5.7, Diff: 0.0, Sum: 11.4]
      [GC Worker End (ms): Min: 62547374.2, Avg: 62547374.2, Max: 62547374.2, Diff: 0.0]
   [Code Root Fixup: 0.0 ms]
   [Code Root Purge: 0.0 ms]
   [Clear CT: 0.1 ms]
   [Other: 0.6 ms]
      [Choose CSet: 0.0 ms]
      [Ref Proc: 0.2 ms]
      [Ref Enq: 0.0 ms]
      [Redirty Cards: 0.2 ms]
      [Humongous Register: 0.0 ms]
      [Humongous Reclaim: 0.0 ms]
      [Free CSet: 0.0 ms]
   [Eden: 45.0M(45.0M)->0.0B(48.0M) Survivors: 6144.0K->3072.0K Heap: 324.7M(1024.0M)->277.8M(1024.0M)]
 [Times: user=0.01 sys=0.00, real=0.00 secs] 
2017-09-24T19:30:37.663+0900: 62649.585: [GC pause (G1 Evacuation Pause) (young), 0.0302260 secs]
   [Parallel Time: 28.9 ms, GC Workers: 2]
      [GC Worker Start (ms): Min: 62649585.6, Avg: 62649585.7, Max: 62649585.8, Diff: 0.2]
      [Ext Root Scanning (ms): Min: 1.7, Avg: 1.8, Max: 1.8, Diff: 0.2, Sum: 3.5]
      [Update RS (ms): Min: 4.5, Avg: 4.5, Max: 4.5, Diff: 0.0, Sum: 8.9]
         [Processed Buffers: Min: 12, Avg: 16.0, Max: 20, Diff: 8, Sum: 32]
      [Scan RS (ms): Min: 3.3, Avg: 3.4, Max: 3.5, Diff: 0.2, Sum: 6.8]
      [Code Root Scanning (ms): Min: 0.0, Avg: 0.0, Max: 0.0, Diff: 0.0, Sum: 0.0]
      [Object Copy (ms): Min: 18.8, Avg: 18.9, Max: 19.1, Diff: 0.3, Sum: 37.9]
      [Termination (ms): Min: 0.0, Avg: 0.0, Max: 0.1, Diff: 0.1, Sum: 0.1]
         [Termination Attempts: Min: 1, Avg: 1.5, Max: 2, Diff: 1, Sum: 3]
      [GC Worker Other (ms): Min: 0.0, Avg: 0.1, Max: 0.1, Diff: 0.1, Sum: 0.1]
      [GC Worker Total (ms): Min: 28.5, Avg: 28.7, Max: 28.8, Diff: 0.3, Sum: 57.3]
      [GC Worker End (ms): Min: 62649614.3, Avg: 62649614.4, Max: 62649614.4, Diff: 0.0]
   [Code Root Fixup: 0.1 ms]
   [Code Root Purge: 0.0 ms]
   [Clear CT: 0.2 ms]
   [Other: 1.1 ms]
      [Choose CSet: 0.0 ms]
      [Ref Proc: 0.3 ms]
      [Ref Enq: 0.0 ms]
      [Redirty Cards: 0.3 ms]
      [Humongous Register: 0.1 ms]
      [Humongous Reclaim: 0.0 ms]
      [Free CSet: 0.0 ms]
   [Eden: 48.0M(48.0M)->0.0B(46.0M) Survivors: 3072.0K->5120.0K Heap: 325.8M(1024.0M)->280.3M(1024.0M)]
 [Times: user=0.06 sys=0.00, real=0.03 secs] 
2017-09-24T19:32:15.764+0900: 62747.687: [GC pause (G1 Evacuation Pause) (young), 0.0044363 secs]
   [Parallel Time: 3.8 ms, GC Workers: 2]
      [GC Worker Start (ms): Min: 62747687.1, Avg: 62747687.1, Max: 62747687.1, Diff: 0.0]
      [Ext Root Scanning (ms): Min: 0.5, Avg: 0.5, Max: 0.5, Diff: 0.0, Sum: 1.0]
      [Update RS (ms): Min: 0.5, Avg: 0.5, Max: 0.5, Diff: 0.0, Sum: 1.1]
         [Processed Buffers: Min: 1, Avg: 15.5, Max: 30, Diff: 29, Sum: 31]
      [Scan RS (ms): Min: 0.5, Avg: 0.5, Max: 0.5, Diff: 0.0, Sum: 1.1]
      [Code Root Scanning (ms): Min: 0.0, Avg: 0.0, Max: 0.0, Diff: 0.0, Sum: 0.0]
      [Object Copy (ms): Min: 2.2, Avg: 2.2, Max: 2.2, Diff: 0.0, Sum: 4.4]
      [Termination (ms): Min: 0.0, Avg: 0.0, Max: 0.0, Diff: 0.0, Sum: 0.0]
         [Termination Attempts: Min: 1, Avg: 1.0, Max: 1, Diff: 0, Sum: 2]
      [GC Worker Other (ms): Min: 0.0, Avg: 0.0, Max: 0.0, Diff: 0.0, Sum: 0.0]
      [GC Worker Total (ms): Min: 3.8, Avg: 3.8, Max: 3.8, Diff: 0.0, Sum: 7.5]
      [GC Worker End (ms): Min: 62747690.8, Avg: 62747690.8, Max: 62747690.8, Diff: 0.0]
   [Code Root Fixup: 0.0 ms]
   [Code Root Purge: 0.0 ms]
   [Clear CT: 0.1 ms]
   [Other: 0.5 ms]
      [Choose CSet: 0.0 ms]
      [Ref Proc: 0.2 ms]
      [Ref Enq: 0.0 ms]
      [Redirty Cards: 0.1 ms]
      [Humongous Register: 0.0 ms]
      [Humongous Reclaim: 0.0 ms]
      [Free CSet: 0.1 ms]
   [Eden: 46.0M(46.0M)->0.0B(48.0M) Survivors: 5120.0K->3072.0K Heap: 326.3M(1024.0M)->278.7M(1024.0M)]
 [Times: user=0.01 sys=0.00, real=0.01 secs] 
2017-09-24T19:33:57.798+0900: 62849.721: [GC pause (G1 Evacuation Pause) (young), 0.0443672 secs]
   [Parallel Time: 39.1 ms, GC Workers: 2]
      [GC Worker Start (ms): Min: 62849721.5, Avg: 62849721.5, Max: 62849721.5, Diff: 0.1]
      [Ext Root Scanning (ms): Min: 1.8, Avg: 1.9, Max: 2.0, Diff: 0.1, Sum: 3.8]
      [Update RS (ms): Min: 3.1, Avg: 3.6, Max: 4.0, Diff: 0.9, Sum: 7.2]
         [Processed Buffers: Min: 15, Avg: 17.5, Max: 20, Diff: 5, Sum: 35]
      [Scan RS (ms): Min: 7.8, Avg: 11.0, Max: 14.2, Diff: 6.3, Sum: 22.0]
      [Code Root Scanning (ms): Min: 0.0, Avg: 0.0, Max: 0.0, Diff: 0.0, Sum: 0.0]
      [Object Copy (ms): Min: 11.8, Avg: 16.9, Max: 22.0, Diff: 10.2, Sum: 33.8]
      [Termination (ms): Min: 0.0, Avg: 2.8, Max: 5.7, Diff: 5.7, Sum: 5.7]
         [Termination Attempts: Min: 1, Avg: 1.0, Max: 1, Diff: 0, Sum: 2]
      [GC Worker Other (ms): Min: 0.0, Avg: 0.0, Max: 0.0, Diff: 0.0, Sum: 0.1]
      [GC Worker Total (ms): Min: 35.9, Avg: 36.3, Max: 36.7, Diff: 0.8, Sum: 72.6]
      [GC Worker End (ms): Min: 62849757.4, Avg: 62849757.8, Max: 62849758.2, Diff: 0.9]
   [Code Root Fixup: 0.1 ms]
   [Code Root Purge: 0.0 ms]
   [Clear CT: 1.9 ms]
   [Other: 3.3 ms]
      [Choose CSet: 0.0 ms]
      [Ref Proc: 2.6 ms]
      [Ref Enq: 0.0 ms]
      [Redirty Cards: 0.1 ms]
      [Humongous Register: 0.1 ms]
      [Humongous Reclaim: 0.0 ms]
      [Free CSet: 0.1 ms]
   [Eden: 48.0M(48.0M)->0.0B(46.0M) Survivors: 3072.0K->5120.0K Heap: 326.7M(1024.0M)->280.7M(1024.0M)]
 [Times: user=0.04 sys=0.00, real=0.04 secs] 
2017-09-24T19:35:35.841+0900: 62947.764: [GC pause (G1 Evacuation Pause) (young), 0.0205779 secs]
   [Parallel Time: 19.4 ms, GC Workers: 2]
      [GC Worker Start (ms): Min: 62947764.0, Avg: 62947765.5, Max: 62947767.0, Diff: 2.9]
      [Ext Root Scanning (ms): Min: 0.0, Avg: 0.5, Max: 0.9, Diff: 0.9, Sum: 0.9]
      [Update RS (ms): Min: 0.0, Avg: 0.5, Max: 1.0, Diff: 1.0, Sum: 1.0]
         [Processed Buffers: Min: 0, Avg: 16.0, Max: 32, Diff: 32, Sum: 32]
      [Scan RS (ms): Min: 0.3, Avg: 3.0, Max: 5.6, Diff: 5.4, Sum: 5.9]
      [Code Root Scanning (ms): Min: 0.0, Avg: 0.0, Max: 0.0, Diff: 0.0, Sum: 0.0]
      [Object Copy (ms): Min: 11.6, Avg: 12.9, Max: 14.2, Diff: 2.6, Sum: 25.8]
      [Termination (ms): Min: 0.0, Avg: 0.9, Max: 1.8, Diff: 1.8, Sum: 1.8]
         [Termination Attempts: Min: 1, Avg: 1.0, Max: 1, Diff: 0, Sum: 2]
      [GC Worker Other (ms): Min: 0.0, Avg: 0.0, Max: 0.0, Diff: 0.0, Sum: 0.0]
      [GC Worker Total (ms): Min: 16.3, Avg: 17.8, Max: 19.2, Diff: 2.9, Sum: 35.5]
      [GC Worker End (ms): Min: 62947783.2, Avg: 62947783.2, Max: 62947783.2, Diff: 0.0]
   [Code Root Fixup: 0.0 ms]
   [Code Root Purge: 0.0 ms]
   [Clear CT: 0.0 ms]
   [Other: 1.2 ms]
      [Choose CSet: 0.0 ms]
      [Ref Proc: 0.5 ms]
      [Ref Enq: 0.0 ms]
      [Redirty Cards: 0.0 ms]
      [Humongous Register: 0.3 ms]
      [Humongous Reclaim: 0.0 ms]
      [Free CSet: 0.0 ms]
   [Eden: 46.0M(46.0M)->0.0B(44.0M) Survivors: 5120.0K->7168.0K Heap: 326.7M(1024.0M)->282.7M(1024.0M)]
 [Times: user=0.02 sys=0.00, real=0.02 secs] 
2017-09-24T19:37:08.825+0900: 63040.747: [GC pause (G1 Evacuation Pause) (young), 0.0118051 secs]
   [Parallel Time: 11.1 ms, GC Workers: 2]
      [GC Worker Start (ms): Min: 63040747.7, Avg: 63040747.8, Max: 63040747.9, Diff: 0.2]
      [Ext Root Scanning (ms): Min: 0.8, Avg: 0.9, Max: 1.1, Diff: 0.3, Sum: 1.9]
      [Update RS (ms): Min: 0.7, Avg: 0.7, Max: 0.8, Diff: 0.1, Sum: 1.5]
         [Processed Buffers: Min: 11, Avg: 17.0, Max: 23, Diff: 12, Sum: 34]
      [Scan RS (ms): Min: 2.3, Avg: 2.3, Max: 2.3, Diff: 0.0, Sum: 4.6]
      [Code Root Scanning (ms): Min: 0.0, Avg: 0.0, Max: 0.0, Diff: 0.0, Sum: 0.0]
      [Object Copy (ms): Min: 5.1, Avg: 6.0, Max: 6.9, Diff: 1.8, Sum: 12.0]
      [Termination (ms): Min: 0.0, Avg: 0.9, Max: 1.9, Diff: 1.9, Sum: 1.9]
         [Termination Attempts: Min: 1, Avg: 1.0, Max: 1, Diff: 0, Sum: 2]
      [GC Worker Other (ms): Min: 0.0, Avg: 0.0, Max: 0.0, Diff: 0.0, Sum: 0.0]
      [GC Worker Total (ms): Min: 10.8, Avg: 10.9, Max: 11.0, Diff: 0.2, Sum: 21.8]
      [GC Worker End (ms): Min: 63040758.7, Avg: 63040758.7, Max: 63040758.7, Diff: 0.0]
   [Code Root Fixup: 0.0 ms]
   [Code Root Purge: 0.0 ms]
   [Clear CT: 0.0 ms]
   [Other: 0.6 ms]
      [Choose CSet: 0.0 ms]
      [Ref Proc: 0.2 ms]
      [Ref Enq: 0.0 ms]
      [Redirty Cards: 0.0 ms]
      [Humongous Register: 0.1 ms]
      [Humongous Reclaim: 0.0 ms]
      [Free CSet: 0.0 ms]
   [Eden: 44.0M(44.0M)->0.0B(48.0M) Survivors: 7168.0K->3072.0K Heap: 326.7M(1024.0M)->280.1M(1024.0M)]
 [Times: user=0.01 sys=0.00, real=0.01 secs] 
2017-09-24T19:38:51.630+0900: 63143.553: [GC pause (G1 Evacuation Pause) (young), 0.0411704 secs]
   [Parallel Time: 39.9 ms, GC Workers: 2]
      [GC Worker Start (ms): Min: 63143553.5, Avg: 63143553.5, Max: 63143553.5, Diff: 0.0]
      [Ext Root Scanning (ms): Min: 2.0, Avg: 2.0, Max: 2.0, Diff: 0.1, Sum: 4.0]
      [Update RS (ms): Min: 7.0, Avg: 7.6, Max: 8.3, Diff: 1.4, Sum: 15.3]
         [Processed Buffers: Min: 15, Avg: 16.5, Max: 18, Diff: 3, Sum: 33]
      [Scan RS (ms): Min: 5.9, Avg: 6.4, Max: 7.0, Diff: 1.1, Sum: 12.8]
      [Code Root Scanning (ms): Min: 0.0, Avg: 0.0, Max: 0.0, Diff: 0.0, Sum: 0.0]
      [Object Copy (ms): Min: 23.5, Avg: 23.6, Max: 23.8, Diff: 0.3, Sum: 47.3]
      [Termination (ms): Min: 0.0, Avg: 0.0, Max: 0.0, Diff: 0.0, Sum: 0.0]
         [Termination Attempts: Min: 1, Avg: 1.0, Max: 1, Diff: 0, Sum: 2]
      [GC Worker Other (ms): Min: 0.0, Avg: 0.0, Max: 0.0, Diff: 0.0, Sum: 0.0]
      [GC Worker Total (ms): Min: 39.7, Avg: 39.7, Max: 39.7, Diff: 0.0, Sum: 79.4]
      [GC Worker End (ms): Min: 63143593.2, Avg: 63143593.2, Max: 63143593.2, Diff: 0.0]
   [Code Root Fixup: 0.1 ms]
   [Code Root Purge: 0.0 ms]
   [Clear CT: 0.1 ms]
   [Other: 1.0 ms]
      [Choose CSet: 0.0 ms]
      [Ref Proc: 0.3 ms]
      [Ref Enq: 0.0 ms]
      [Redirty Cards: 0.3 ms]
      [Humongous Register: 0.1 ms]
      [Humongous Reclaim: 0.0 ms]
      [Free CSet: 0.0 ms]
   [Eden: 48.0M(48.0M)->0.0B(46.0M) Survivors: 3072.0K->5120.0K Heap: 328.1M(1024.0M)->282.6M(1024.0M)]
 [Times: user=0.08 sys=0.00, real=0.04 secs] 
2017-09-24T19:40:29.792+0900: 63241.715: [GC pause (G1 Evacuation Pause) (young), 0.0269642 secs]
   [Parallel Time: 25.9 ms, GC Workers: 2]
      [GC Worker Start (ms): Min: 63241714.9, Avg: 63241714.9, Max: 63241714.9, Diff: 0.1]
      [Ext Root Scanning (ms): Min: 1.8, Avg: 1.8, Max: 1.9, Diff: 0.1, Sum: 3.7]
      [Update RS (ms): Min: 3.4, Avg: 3.4, Max: 3.5, Diff: 0.1, Sum: 6.9]
         [Processed Buffers: Min: 16, Avg: 16.5, Max: 17, Diff: 1, Sum: 33]
      [Scan RS (ms): Min: 8.8, Avg: 9.0, Max: 9.3, Diff: 0.5, Sum: 18.1]
      [Code Root Scanning (ms): Min: 0.0, Avg: 0.0, Max: 0.0, Diff: 0.0, Sum: 0.0]
      [Object Copy (ms): Min: 5.8, Avg: 6.1, Max: 6.4, Diff: 0.6, Sum: 12.1]
      [Termination (ms): Min: 0.0, Avg: 0.0, Max: 0.0, Diff: 0.0, Sum: 0.0]
         [Termination Attempts: Min: 1, Avg: 1.0, Max: 1, Diff: 0, Sum: 2]
      [GC Worker Other (ms): Min: 0.0, Avg: 0.0, Max: 0.0, Diff: 0.0, Sum: 0.0]
      [GC Worker Total (ms): Min: 20.4, Avg: 20.4, Max: 20.4, Diff: 0.1, Sum: 40.8]
      [GC Worker End (ms): Min: 63241735.3, Avg: 63241735.3, Max: 63241735.3, Diff: 0.0]
   [Code Root Fixup: 0.1 ms]
   [Code Root Purge: 0.0 ms]
   [Clear CT: 0.1 ms]
   [Other: 0.9 ms]
      [Choose CSet: 0.0 ms]
      [Ref Proc: 0.3 ms]
      [Ref Enq: 0.0 ms]
      [Redirty Cards: 0.1 ms]
      [Humongous Register: 0.1 ms]
      [Humongous Reclaim: 0.0 ms]
      [Free CSet: 0.0 ms]
   [Eden: 46.0M(46.0M)->0.0B(49.0M) Survivors: 5120.0K->2048.0K Heap: 328.6M(1024.0M)->280.7M(1024.0M)]
 [Times: user=0.03 sys=0.00, real=0.03 secs] 
2017-09-24T19:42:13.879+0900: 63345.802: [GC pause (G1 Evacuation Pause) (young), 0.0281062 secs]
   [Parallel Time: 26.1 ms, GC Workers: 2]
      [GC Worker Start (ms): Min: 63345802.2, Avg: 63345802.3, Max: 63345802.4, Diff: 0.2]
      [Ext Root Scanning (ms): Min: 1.9, Avg: 2.0, Max: 2.0, Diff: 0.1, Sum: 3.9]
      [Update RS (ms): Min: 4.6, Avg: 4.6, Max: 4.6, Diff: 0.0, Sum: 9.3]
         [Processed Buffers: Min: 5, Avg: 16.0, Max: 27, Diff: 22, Sum: 32]
      [Scan RS (ms): Min: 4.6, Avg: 4.8, Max: 5.0, Diff: 0.5, Sum: 9.6]
      [Code Root Scanning (ms): Min: 0.0, Avg: 0.0, Max: 0.0, Diff: 0.0, Sum: 0.0]
      [Object Copy (ms): Min: 14.1, Avg: 14.4, Max: 14.6, Diff: 0.5, Sum: 28.7]
      [Termination (ms): Min: 0.0, Avg: 0.0, Max: 0.0, Diff: 0.0, Sum: 0.0]
         [Termination Attempts: Min: 1, Avg: 1.0, Max: 1, Diff: 0, Sum: 2]
      [GC Worker Other (ms): Min: 0.0, Avg: 0.0, Max: 0.0, Diff: 0.0, Sum: 0.1]
      [GC Worker Total (ms): Min: 25.7, Avg: 25.8, Max: 25.9, Diff: 0.2, Sum: 51.7]
      [GC Worker End (ms): Min: 63345828.1, Avg: 63345828.1, Max: 63345828.2, Diff: 0.0]
   [Code Root Fixup: 0.1 ms]
   [Code Root Purge: 0.0 ms]
   [Clear CT: 0.2 ms]
   [Other: 1.7 ms]
      [Choose CSet: 0.0 ms]
      [Ref Proc: 0.4 ms]
      [Ref Enq: 0.0 ms]
      [Redirty Cards: 0.7 ms]
      [Humongous Register: 0.1 ms]
      [Humongous Reclaim: 0.0 ms]
      [Free CSet: 0.1 ms]
   [Eden: 49.0M(49.0M)->0.0B(46.0M) Survivors: 2048.0K->5120.0K Heap: 329.7M(1024.0M)->283.2M(1024.0M)]
 [Times: user=0.05 sys=0.00, real=0.03 secs] 
2017-09-24T19:43:52.278+0900: 63444.200: [GC pause (G1 Evacuation Pause) (young), 0.0081548 secs]
   [Parallel Time: 7.4 ms, GC Workers: 2]
      [GC Worker Start (ms): Min: 63444200.4, Avg: 63444200.4, Max: 63444200.4, Diff: 0.0]
      [Ext Root Scanning (ms): Min: 0.5, Avg: 0.5, Max: 0.5, Diff: 0.1, Sum: 1.0]
      [Update RS (ms): Min: 0.4, Avg: 0.5, Max: 0.5, Diff: 0.1, Sum: 0.9]
         [Processed Buffers: Min: 12, Avg: 16.0, Max: 20, Diff: 8, Sum: 32]
      [Scan RS (ms): Min: 0.9, Avg: 1.0, Max: 1.1, Diff: 0.2, Sum: 2.0]
      [Code Root Scanning (ms): Min: 0.0, Avg: 0.0, Max: 0.0, Diff: 0.0, Sum: 0.0]
      [Object Copy (ms): Min: 5.2, Avg: 5.3, Max: 5.5, Diff: 0.3, Sum: 10.7]
      [Termination (ms): Min: 0.0, Avg: 0.0, Max: 0.0, Diff: 0.0, Sum: 0.0]
         [Termination Attempts: Min: 2, Avg: 2.5, Max: 3, Diff: 1, Sum: 5]
      [GC Worker Other (ms): Min: 0.0, Avg: 0.0, Max: 0.0, Diff: 0.0, Sum: 0.0]
      [GC Worker Total (ms): Min: 7.3, Avg: 7.3, Max: 7.3, Diff: 0.0, Sum: 14.7]
      [GC Worker End (ms): Min: 63444207.7, Avg: 63444207.7, Max: 63444207.7, Diff: 0.0]
   [Code Root Fixup: 0.1 ms]
   [Code Root Purge: 0.0 ms]
   [Clear CT: 0.1 ms]
   [Other: 0.6 ms]
      [Choose CSet: 0.0 ms]
      [Ref Proc: 0.2 ms]
      [Ref Enq: 0.0 ms]
      [Redirty Cards: 0.2 ms]
      [Humongous Register: 0.0 ms]
      [Humongous Reclaim: 0.0 ms]
      [Free CSet: 0.0 ms]
   [Eden: 46.0M(46.0M)->0.0B(44.0M) Survivors: 5120.0K->7168.0K Heap: 329.2M(1024.0M)->285.2M(1024.0M)]
 [Times: user=0.01 sys=0.00, real=0.01 secs] 
2017-09-24T19:45:25.675+0900: 63537.598: [GC pause (G1 Evacuation Pause) (young), 0.0192963 secs]
   [Parallel Time: 16.5 ms, GC Workers: 2]
      [GC Worker Start (ms): Min: 63537597.7, Avg: 63537602.3, Max: 63537606.9, Diff: 9.2]
      [Ext Root Scanning (ms): Min: 0.2, Avg: 4.8, Max: 9.4, Diff: 9.2, Sum: 9.6]
      [Update RS (ms): Min: 1.0, Avg: 1.0, Max: 1.1, Diff: 0.0, Sum: 2.1]
         [Processed Buffers: Min: 6, Avg: 16.0, Max: 26, Diff: 20, Sum: 32]
      [Scan RS (ms): Min: 0.7, Avg: 0.8, Max: 0.8, Diff: 0.0, Sum: 1.5]
      [Code Root Scanning (ms): Min: 0.0, Avg: 0.0, Max: 0.0, Diff: 0.0, Sum: 0.0]
      [Object Copy (ms): Min: 5.1, Avg: 5.1, Max: 5.1, Diff: 0.0, Sum: 10.3]
      [Termination (ms): Min: 0.0, Avg: 0.0, Max: 0.0, Diff: 0.0, Sum: 0.0]
         [Termination Attempts: Min: 1, Avg: 1.0, Max: 1, Diff: 0, Sum: 2]
      [GC Worker Other (ms): Min: 0.0, Avg: 0.0, Max: 0.0, Diff: 0.0, Sum: 0.0]
      [GC Worker Total (ms): Min: 7.1, Avg: 11.7, Max: 16.4, Diff: 9.2, Sum: 23.5]
      [GC Worker End (ms): Min: 63537614.0, Avg: 63537614.0, Max: 63537614.0, Diff: 0.0]
   [Code Root Fixup: 0.0 ms]
   [Code Root Purge: 0.0 ms]
   [Clear CT: 0.1 ms]
   [Other: 2.6 ms]
      [Choose CSet: 0.0 ms]
      [Ref Proc: 2.0 ms]
      [Ref Enq: 0.0 ms]
      [Redirty Cards: 0.2 ms]
      [Humongous Register: 0.0 ms]
      [Humongous Reclaim: 0.0 ms]
      [Free CSet: 0.0 ms]
   [Eden: 44.0M(44.0M)->0.0B(48.0M) Survivors: 7168.0K->3072.0K Heap: 329.2M(1024.0M)->282.6M(1024.0M)]
 [Times: user=0.02 sys=0.00, real=0.02 secs] 
2017-09-24T19:47:08.270+0900: 63640.192: [GC pause (G1 Evacuation Pause) (young), 0.0376291 secs]
   [Parallel Time: 36.0 ms, GC Workers: 2]
      [GC Worker Start (ms): Min: 63640192.9, Avg: 63640193.0, Max: 63640193.2, Diff: 0.3]
      [Ext Root Scanning (ms): Min: 2.4, Avg: 2.5, Max: 2.6, Diff: 0.2, Sum: 5.0]
      [Update RS (ms): Min: 9.2, Avg: 9.6, Max: 9.9, Diff: 0.7, Sum: 19.1]
         [Processed Buffers: Min: 1, Avg: 16.5, Max: 32, Diff: 31, Sum: 33]
      [Scan RS (ms): Min: 5.8, Avg: 6.1, Max: 6.4, Diff: 0.7, Sum: 12.2]
      [Code Root Scanning (ms): Min: 0.0, Avg: 0.0, Max: 0.0, Diff: 0.0, Sum: 0.0]
      [Object Copy (ms): Min: 17.4, Avg: 17.4, Max: 17.5, Diff: 0.0, Sum: 34.9]
      [Termination (ms): Min: 0.0, Avg: 0.0, Max: 0.0, Diff: 0.0, Sum: 0.0]
         [Termination Attempts: Min: 3, Avg: 3.5, Max: 4, Diff: 1, Sum: 7]
      [GC Worker Other (ms): Min: 0.0, Avg: 0.0, Max: 0.0, Diff: 0.0, Sum: 0.1]
      [GC Worker Total (ms): Min: 35.5, Avg: 35.7, Max: 35.8, Diff: 0.3, Sum: 71.3]
      [GC Worker End (ms): Min: 63640228.7, Avg: 63640228.7, Max: 63640228.7, Diff: 0.0]
   [Code Root Fixup: 0.1 ms]
   [Code Root Purge: 0.0 ms]
   [Clear CT: 0.2 ms]
   [Other: 1.4 ms]
      [Choose CSet: 0.0 ms]
      [Ref Proc: 0.3 ms]
      [Ref Enq: 0.0 ms]
      [Redirty Cards: 0.3 ms]
      [Humongous Register: 0.1 ms]
      [Humongous Reclaim: 0.0 ms]
      [Free CSet: 0.0 ms]
   [Eden: 48.0M(48.0M)->0.0B(46.0M) Survivors: 3072.0K->5120.0K Heap: 330.6M(1024.0M)->284.6M(1024.0M)]
 [Times: user=0.06 sys=0.00, real=0.04 secs] 
2017-09-24T19:48:46.323+0900: 63738.246: [GC pause (G1 Evacuation Pause) (young), 0.0413397 secs]
   [Parallel Time: 38.5 ms, GC Workers: 2]
      [GC Worker Start (ms): Min: 63738245.9, Avg: 63738245.9, Max: 63738246.0, Diff: 0.1]
      [Ext Root Scanning (ms): Min: 1.6, Avg: 1.7, Max: 1.7, Diff: 0.1, Sum: 3.3]
      [Update RS (ms): Min: 3.0, Avg: 3.1, Max: 3.2, Diff: 0.2, Sum: 6.3]
         [Processed Buffers: Min: 1, Avg: 16.0, Max: 31, Diff: 30, Sum: 32]
      [Scan RS (ms): Min: 3.2, Avg: 3.4, Max: 3.5, Diff: 0.3, Sum: 6.8]
      [Code Root Scanning (ms): Min: 0.0, Avg: 0.0, Max: 0.0, Diff: 0.0, Sum: 0.0]
      [Object Copy (ms): Min: 30.1, Avg: 30.1, Max: 30.2, Diff: 0.1, Sum: 60.3]
      [Termination (ms): Min: 0.0, Avg: 0.0, Max: 0.0, Diff: 0.0, Sum: 0.0]
         [Termination Attempts: Min: 2, Avg: 2.5, Max: 3, Diff: 1, Sum: 5]
      [GC Worker Other (ms): Min: 0.0, Avg: 0.0, Max: 0.0, Diff: 0.0, Sum: 0.0]
      [GC Worker Total (ms): Min: 38.3, Avg: 38.3, Max: 38.4, Diff: 0.1, Sum: 76.7]
      [GC Worker End (ms): Min: 63738284.3, Avg: 63738284.3, Max: 63738284.3, Diff: 0.0]
   [Code Root Fixup: 0.2 ms]
   [Code Root Purge: 0.0 ms]
   [Clear CT: 0.2 ms]
   [Other: 2.4 ms]
      [Choose CSet: 0.0 ms]
      [Ref Proc: 0.3 ms]
      [Ref Enq: 0.0 ms]
      [Redirty Cards: 1.7 ms]
      [Humongous Register: 0.1 ms]
      [Humongous Reclaim: 0.0 ms]
      [Free CSet: 0.0 ms]
   [Eden: 46.0M(46.0M)->0.0B(44.0M) Survivors: 5120.0K->7168.0K Heap: 330.6M(1024.0M)->287.3M(1024.0M)]
 [Times: user=0.08 sys=0.00, real=0.04 secs] 
2017-09-24T19:50:19.416+0900: 63831.339: [GC pause (G1 Evacuation Pause) (young), 0.0326608 secs]
   [Parallel Time: 31.0 ms, GC Workers: 2]
      [GC Worker Start (ms): Min: 63831339.1, Avg: 63831339.2, Max: 63831339.3, Diff: 0.2]
      [Ext Root Scanning (ms): Min: 1.8, Avg: 1.9, Max: 2.1, Diff: 0.3, Sum: 3.9]
      [Update RS (ms): Min: 2.8, Avg: 2.9, Max: 2.9, Diff: 0.1, Sum: 5.7]
         [Processed Buffers: Min: 11, Avg: 15.5, Max: 20, Diff: 9, Sum: 31]
      [Scan RS (ms): Min: 4.5, Avg: 4.6, Max: 4.7, Diff: 0.2, Sum: 9.2]
      [Code Root Scanning (ms): Min: 0.0, Avg: 0.0, Max: 0.0, Diff: 0.0, Sum: 0.0]
      [Object Copy (ms): Min: 21.3, Avg: 21.4, Max: 21.4, Diff: 0.0, Sum: 42.7]
      [Termination (ms): Min: 0.0, Avg: 0.0, Max: 0.0, Diff: 0.0, Sum: 0.0]
         [Termination Attempts: Min: 1, Avg: 1.5, Max: 2, Diff: 1, Sum: 3]
      [GC Worker Other (ms): Min: 0.0, Avg: 0.0, Max: 0.0, Diff: 0.0, Sum: 0.1]
      [GC Worker Total (ms): Min: 30.7, Avg: 30.8, Max: 30.9, Diff: 0.2, Sum: 61.6]
      [GC Worker End (ms): Min: 63831370.0, Avg: 63831370.0, Max: 63831370.0, Diff: 0.0]
   [Code Root Fixup: 0.2 ms]
   [Code Root Purge: 0.0 ms]
   [Clear CT: 0.2 ms]
   [Other: 1.3 ms]
      [Choose CSet: 0.0 ms]
      [Ref Proc: 0.5 ms]
      [Ref Enq: 0.0 ms]
      [Redirty Cards: 0.3 ms]
      [Humongous Register: 0.1 ms]
      [Humongous Reclaim: 0.0 ms]
      [Free CSet: 0.1 ms]
   [Eden: 44.0M(44.0M)->0.0B(47.0M) Survivors: 7168.0K->4096.0K Heap: 331.3M(1024.0M)->285.7M(1024.0M)]
 [Times: user=0.06 sys=0.00, real=0.04 secs] 
2017-09-24T19:51:58.995+0900: 63930.918: [GC pause (G1 Evacuation Pause) (young), 0.0192703 secs]
   [Parallel Time: 13.4 ms, GC Workers: 2]
      [GC Worker Start (ms): Min: 63930918.0, Avg: 63930918.0, Max: 63930918.0, Diff: 0.0]
      [Ext Root Scanning (ms): Min: 1.0, Avg: 1.0, Max: 1.1, Diff: 0.1, Sum: 2.1]
      [Update RS (ms): Min: 0.9, Avg: 1.0, Max: 1.0, Diff: 0.1, Sum: 1.9]
         [Processed Buffers: Min: 8, Avg: 16.0, Max: 24, Diff: 16, Sum: 32]
      [Scan RS (ms): Min: 1.0, Avg: 1.0, Max: 1.0, Diff: 0.1, Sum: 2.0]
      [Code Root Scanning (ms): Min: 0.0, Avg: 0.1, Max: 0.1, Diff: 0.1, Sum: 0.1]
      [Object Copy (ms): Min: 10.2, Avg: 10.2, Max: 10.3, Diff: 0.1, Sum: 20.5]
      [Termination (ms): Min: 0.0, Avg: 0.0, Max: 0.0, Diff: 0.0, Sum: 0.0]
         [Termination Attempts: Min: 1, Avg: 1.5, Max: 2, Diff: 1, Sum: 3]
      [GC Worker Other (ms): Min: 0.0, Avg: 0.0, Max: 0.0, Diff: 0.0, Sum: 0.0]
      [GC Worker Total (ms): Min: 13.3, Avg: 13.3, Max: 13.3, Diff: 0.0, Sum: 26.6]
      [GC Worker End (ms): Min: 63930931.3, Avg: 63930931.3, Max: 63930931.3, Diff: 0.0]
   [Code Root Fixup: 5.2 ms]
   [Code Root Purge: 0.0 ms]
   [Clear CT: 0.1 ms]
   [Other: 0.6 ms]
      [Choose CSet: 0.0 ms]
      [Ref Proc: 0.1 ms]
      [Ref Enq: 0.0 ms]
      [Redirty Cards: 0.1 ms]
      [Humongous Register: 0.1 ms]
      [Humongous Reclaim: 0.0 ms]
      [Free CSet: 0.0 ms]
   [Eden: 47.0M(47.0M)->0.0B(45.0M) Survivors: 4096.0K->6144.0K Heap: 332.7M(1024.0M)->287.7M(1024.0M)]
 [Times: user=0.02 sys=0.00, real=0.02 secs] 
2017-09-24T19:53:33.997+0900: 64025.920: [GC pause (G1 Evacuation Pause) (young), 0.0301539 secs]
   [Parallel Time: 29.3 ms, GC Workers: 2]
      [GC Worker Start (ms): Min: 64025920.0, Avg: 64025920.1, Max: 64025920.1, Diff: 0.1]
      [Ext Root Scanning (ms): Min: 0.9, Avg: 1.0, Max: 1.0, Diff: 0.1, Sum: 1.9]
      [Update RS (ms): Min: 0.8, Avg: 0.8, Max: 0.8, Diff: 0.0, Sum: 1.5]
         [Processed Buffers: Min: 1, Avg: 16.5, Max: 32, Diff: 31, Sum: 33]
      [Scan RS (ms): Min: 1.6, Avg: 14.5, Max: 27.3, Diff: 25.8, Sum: 28.9]
      [Code Root Scanning (ms): Min: 0.0, Avg: 0.0, Max: 0.0, Diff: 0.0, Sum: 0.0]
      [Object Copy (ms): Min: 0.1, Avg: 3.3, Max: 6.6, Diff: 6.5, Sum: 6.7]
      [Termination (ms): Min: 0.0, Avg: 9.6, Max: 19.2, Diff: 19.2, Sum: 19.2]
         [Termination Attempts: Min: 1, Avg: 1.5, Max: 2, Diff: 1, Sum: 3]
      [GC Worker Other (ms): Min: 0.0, Avg: 0.0, Max: 0.0, Diff: 0.0, Sum: 0.0]
      [GC Worker Total (ms): Min: 29.1, Avg: 29.2, Max: 29.2, Diff: 0.1, Sum: 58.3]
      [GC Worker End (ms): Min: 64025949.2, Avg: 64025949.2, Max: 64025949.2, Diff: 0.0]
   [Code Root Fixup: 0.1 ms]
   [Code Root Purge: 0.0 ms]
   [Clear CT: 0.1 ms]
   [Other: 0.7 ms]
      [Choose CSet: 0.0 ms]
      [Ref Proc: 0.2 ms]
      [Ref Enq: 0.0 ms]
      [Redirty Cards: 0.1 ms]
      [Humongous Register: 0.0 ms]
      [Humongous Reclaim: 0.0 ms]
      [Free CSet: 0.0 ms]
   [Eden: 45.0M(45.0M)->0.0B(48.0M) Survivors: 6144.0K->3072.0K Heap: 332.7M(1024.0M)->285.9M(1024.0M)]
 [Times: user=0.03 sys=0.00, real=0.04 secs] 
2017-09-24T19:55:16.041+0900: 64127.963: [GC pause (G1 Evacuation Pause) (young), 0.0188759 secs]
   [Parallel Time: 17.9 ms, GC Workers: 2]
      [GC Worker Start (ms): Min: 64127963.5, Avg: 64127963.5, Max: 64127963.5, Diff: 0.0]
      [Ext Root Scanning (ms): Min: 0.5, Avg: 0.5, Max: 0.5, Diff: 0.0, Sum: 1.0]
      [Update RS (ms): Min: 1.0, Avg: 1.7, Max: 2.4, Diff: 1.4, Sum: 3.4]
         [Processed Buffers: Min: 1, Avg: 18.0, Max: 35, Diff: 34, Sum: 36]
      [Scan RS (ms): Min: 0.0, Avg: 0.5, Max: 1.1, Diff: 1.1, Sum: 1.1]
      [Code Root Scanning (ms): Min: 0.0, Avg: 0.0, Max: 0.0, Diff: 0.0, Sum: 0.0]
      [Object Copy (ms): Min: 5.0, Avg: 9.0, Max: 13.0, Diff: 8.0, Sum: 18.0]
      [Termination (ms): Min: 0.0, Avg: 5.1, Max: 10.1, Diff: 10.1, Sum: 10.1]
         [Termination Attempts: Min: 1, Avg: 1.5, Max: 2, Diff: 1, Sum: 3]
      [GC Worker Other (ms): Min: 0.0, Avg: 0.0, Max: 0.0, Diff: 0.0, Sum: 0.0]
      [GC Worker Total (ms): Min: 16.0, Avg: 16.8, Max: 17.7, Diff: 1.7, Sum: 33.6]
      [GC Worker End (ms): Min: 64127979.4, Avg: 64127980.3, Max: 64127981.2, Diff: 1.7]
   [Code Root Fixup: 0.1 ms]
   [Code Root Purge: 0.0 ms]
   [Clear CT: 0.1 ms]
   [Other: 0.8 ms]
      [Choose CSet: 0.0 ms]
      [Ref Proc: 0.3 ms]
      [Ref Enq: 0.0 ms]
      [Redirty Cards: 0.0 ms]
      [Humongous Register: 0.0 ms]
      [Humongous Reclaim: 0.1 ms]
      [Free CSet: 0.1 ms]
   [Eden: 48.0M(48.0M)->0.0B(46.0M) Survivors: 3072.0K->5120.0K Heap: 333.9M(1024.0M)->287.9M(1024.0M)]
 [Times: user=0.03 sys=0.00, real=0.02 secs] 
2017-09-24T19:56:53.626+0900: 64225.549: [GC pause (G1 Evacuation Pause) (young), 0.0307642 secs]
   [Parallel Time: 29.8 ms, GC Workers: 2]
      [GC Worker Start (ms): Min: 64225548.8, Avg: 64225548.9, Max: 64225549.1, Diff: 0.3]
      [Ext Root Scanning (ms): Min: 1.1, Avg: 1.3, Max: 1.5, Diff: 0.3, Sum: 2.6]
      [Update RS (ms): Min: 2.7, Avg: 2.7, Max: 2.8, Diff: 0.1, Sum: 5.5]
         [Processed Buffers: Min: 12, Avg: 18.0, Max: 24, Diff: 12, Sum: 36]
      [Scan RS (ms): Min: 1.8, Avg: 2.9, Max: 4.0, Diff: 2.2, Sum: 5.7]
      [Code Root Scanning (ms): Min: 0.0, Avg: 0.0, Max: 0.0, Diff: 0.0, Sum: 0.0]
      [Object Copy (ms): Min: 21.6, Avg: 22.7, Max: 23.8, Diff: 2.3, Sum: 45.4]
      [Termination (ms): Min: 0.0, Avg: 0.0, Max: 0.0, Diff: 0.0, Sum: 0.0]
         [Termination Attempts: Min: 2, Avg: 2.0, Max: 2, Diff: 0, Sum: 4]
      [GC Worker Other (ms): Min: 0.0, Avg: 0.0, Max: 0.0, Diff: 0.0, Sum: 0.0]
      [GC Worker Total (ms): Min: 29.5, Avg: 29.6, Max: 29.8, Diff: 0.3, Sum: 59.3]
      [GC Worker End (ms): Min: 64225578.6, Avg: 64225578.6, Max: 64225578.6, Diff: 0.0]
   [Code Root Fixup: 0.0 ms]
   [Code Root Purge: 0.0 ms]
   [Clear CT: 0.1 ms]
   [Other: 0.8 ms]
      [Choose CSet: 0.0 ms]
      [Ref Proc: 0.2 ms]
      [Ref Enq: 0.0 ms]
      [Redirty Cards: 0.2 ms]
      [Humongous Register: 0.1 ms]
      [Humongous Reclaim: 0.0 ms]
      [Free CSet: 0.0 ms]
   [Eden: 46.0M(46.0M)->0.0B(45.0M) Survivors: 5120.0K->6144.0K Heap: 333.9M(1024.0M)->289.9M(1024.0M)]
 [Times: user=0.03 sys=0.00, real=0.02 secs] 
2017-09-24T19:58:31.513+0900: 64323.435: [GC pause (G1 Evacuation Pause) (young), 0.0204132 secs]
   [Parallel Time: 18.9 ms, GC Workers: 2]
      [GC Worker Start (ms): Min: 64323435.6, Avg: 64323435.7, Max: 64323435.7, Diff: 0.0]
      [Ext Root Scanning (ms): Min: 1.3, Avg: 1.4, Max: 1.5, Diff: 0.1, Sum: 2.8]
      [Update RS (ms): Min: 3.9, Avg: 4.7, Max: 5.5, Diff: 1.6, Sum: 9.3]
         [Processed Buffers: Min: 4, Avg: 17.0, Max: 30, Diff: 26, Sum: 34]
      [Scan RS (ms): Min: 2.0, Avg: 2.8, Max: 3.7, Diff: 1.6, Sum: 5.7]
      [Code Root Scanning (ms): Min: 0.0, Avg: 0.0, Max: 0.0, Diff: 0.0, Sum: 0.0]
      [Object Copy (ms): Min: 9.8, Avg: 9.8, Max: 9.9, Diff: 0.1, Sum: 19.7]
      [Termination (ms): Min: 0.0, Avg: 0.0, Max: 0.0, Diff: 0.0, Sum: 0.0]
         [Termination Attempts: Min: 1, Avg: 1.0, Max: 1, Diff: 0, Sum: 2]
      [GC Worker Other (ms): Min: 0.0, Avg: 0.0, Max: 0.0, Diff: 0.0, Sum: 0.0]
      [GC Worker Total (ms): Min: 18.7, Avg: 18.8, Max: 18.8, Diff: 0.0, Sum: 37.5]
      [GC Worker End (ms): Min: 64323454.4, Avg: 64323454.4, Max: 64323454.4, Diff: 0.0]
   [Code Root Fixup: 0.1 ms]
   [Code Root Purge: 0.0 ms]
   [Clear CT: 0.2 ms]
   [Other: 1.2 ms]
      [Choose CSet: 0.0 ms]
      [Ref Proc: 0.3 ms]
      [Ref Enq: 0.0 ms]
      [Redirty Cards: 0.4 ms]
      [Humongous Register: 0.0 ms]
      [Humongous Reclaim: 0.0 ms]
      [Free CSet: 0.1 ms]
   [Eden: 45.0M(45.0M)->0.0B(48.0M) Survivors: 6144.0K->3072.0K Heap: 334.9M(1024.0M)->288.0M(1024.0M)]
 [Times: user=0.03 sys=0.00, real=0.02 secs] 
2017-09-24T20:00:13.108+0900: 64425.031: [GC pause (G1 Evacuation Pause) (young), 0.0416953 secs]
   [Parallel Time: 40.1 ms, GC Workers: 2]
      [GC Worker Start (ms): Min: 64425031.3, Avg: 64425031.4, Max: 64425031.4, Diff: 0.1]
      [Ext Root Scanning (ms): Min: 2.1, Avg: 2.2, Max: 2.3, Diff: 0.1, Sum: 4.4]
      [Update RS (ms): Min: 5.8, Avg: 6.0, Max: 6.2, Diff: 0.5, Sum: 12.0]
         [Processed Buffers: Min: 9, Avg: 16.5, Max: 24, Diff: 15, Sum: 33]
      [Scan RS (ms): Min: 4.5, Avg: 4.6, Max: 4.6, Diff: 0.1, Sum: 9.1]
      [Code Root Scanning (ms): Min: 0.0, Avg: 0.0, Max: 0.0, Diff: 0.0, Sum: 0.0]
      [Object Copy (ms): Min: 26.9, Avg: 27.2, Max: 27.5, Diff: 0.6, Sum: 54.4]
      [Termination (ms): Min: 0.0, Avg: 0.0, Max: 0.0, Diff: 0.0, Sum: 0.0]
         [Termination Attempts: Min: 1, Avg: 1.5, Max: 2, Diff: 1, Sum: 3]
      [GC Worker Other (ms): Min: 0.0, Avg: 0.0, Max: 0.0, Diff: 0.0, Sum: 0.0]
      [GC Worker Total (ms): Min: 39.9, Avg: 40.0, Max: 40.0, Diff: 0.1, Sum: 79.9]
      [GC Worker End (ms): Min: 64425071.3, Avg: 64425071.3, Max: 64425071.3, Diff: 0.0]
   [Code Root Fixup: 0.1 ms]
   [Code Root Purge: 0.0 ms]
   [Clear CT: 0.1 ms]
   [Other: 1.4 ms]
      [Choose CSet: 0.0 ms]
      [Ref Proc: 0.8 ms]
      [Ref Enq: 0.0 ms]
      [Redirty Cards: 0.2 ms]
      [Humongous Register: 0.1 ms]
      [Humongous Reclaim: 0.0 ms]
      [Free CSet: 0.0 ms]
   [Eden: 48.0M(48.0M)->0.0B(46.0M) Survivors: 3072.0K->5120.0K Heap: 336.0M(1024.0M)->290.0M(1024.0M)]
 [Times: user=0.04 sys=0.01, real=0.04 secs] 
2017-09-24T20:01:51.181+0900: 64523.103: [GC pause (G1 Evacuation Pause) (young), 0.0053618 secs]
   [Parallel Time: 4.9 ms, GC Workers: 2]
      [GC Worker Start (ms): Min: 64523103.5, Avg: 64523103.5, Max: 64523103.5, Diff: 0.0]
      [Ext Root Scanning (ms): Min: 0.6, Avg: 0.6, Max: 0.6, Diff: 0.1, Sum: 1.2]
      [Update RS (ms): Min: 0.7, Avg: 0.7, Max: 0.7, Diff: 0.0, Sum: 1.4]
         [Processed Buffers: Min: 14, Avg: 16.0, Max: 18, Diff: 4, Sum: 32]
      [Scan RS (ms): Min: 0.8, Avg: 0.8, Max: 0.8, Diff: 0.0, Sum: 1.7]
      [Code Root Scanning (ms): Min: 0.0, Avg: 0.0, Max: 0.0, Diff: 0.0, Sum: 0.0]
      [Object Copy (ms): Min: 2.7, Avg: 2.7, Max: 2.7, Diff: 0.0, Sum: 5.3]
      [Termination (ms): Min: 0.0, Avg: 0.0, Max: 0.0, Diff: 0.0, Sum: 0.0]
         [Termination Attempts: Min: 1, Avg: 1.0, Max: 1, Diff: 0, Sum: 2]
      [GC Worker Other (ms): Min: 0.0, Avg: 0.0, Max: 0.0, Diff: 0.0, Sum: 0.0]
      [GC Worker Total (ms): Min: 4.8, Avg: 4.8, Max: 4.8, Diff: 0.0, Sum: 9.6]
      [GC Worker End (ms): Min: 64523108.3, Avg: 64523108.3, Max: 64523108.3, Diff: 0.0]
   [Code Root Fixup: 0.1 ms]
   [Code Root Purge: 0.0 ms]
   [Clear CT: 0.0 ms]
   [Other: 0.4 ms]
      [Choose CSet: 0.0 ms]
      [Ref Proc: 0.1 ms]
      [Ref Enq: 0.0 ms]
      [Redirty Cards: 0.1 ms]
      [Humongous Register: 0.0 ms]
      [Humongous Reclaim: 0.0 ms]
      [Free CSet: 0.0 ms]
   [Eden: 46.0M(46.0M)->0.0B(48.0M) Survivors: 5120.0K->3072.0K Heap: 336.0M(1024.0M)->288.5M(1024.0M)]
 [Times: user=0.01 sys=0.00, real=0.01 secs] 
2017-09-24T20:03:33.192+0900: 64625.115: [GC pause (G1 Evacuation Pause) (young), 0.0290880 secs]
   [Parallel Time: 27.8 ms, GC Workers: 2]
      [GC Worker Start (ms): Min: 64625114.9, Avg: 64625115.0, Max: 64625115.0, Diff: 0.1]
      [Ext Root Scanning (ms): Min: 1.8, Avg: 1.9, Max: 1.9, Diff: 0.1, Sum: 3.8]
      [Update RS (ms): Min: 4.2, Avg: 4.3, Max: 4.5, Diff: 0.3, Sum: 8.7]
         [Processed Buffers: Min: 3, Avg: 16.5, Max: 30, Diff: 27, Sum: 33]
      [Scan RS (ms): Min: 3.8, Avg: 3.9, Max: 4.1, Diff: 0.3, Sum: 7.9]
      [Code Root Scanning (ms): Min: 0.0, Avg: 0.0, Max: 0.0, Diff: 0.0, Sum: 0.0]
      [Object Copy (ms): Min: 17.3, Avg: 17.3, Max: 17.4, Diff: 0.0, Sum: 34.7]
      [Termination (ms): Min: 0.0, Avg: 0.0, Max: 0.0, Diff: 0.0, Sum: 0.0]
         [Termination Attempts: Min: 1, Avg: 1.0, Max: 1, Diff: 0, Sum: 2]
      [GC Worker Other (ms): Min: 0.0, Avg: 0.0, Max: 0.0, Diff: 0.0, Sum: 0.0]
      [GC Worker Total (ms): Min: 27.5, Avg: 27.5, Max: 27.6, Diff: 0.1, Sum: 55.0]
      [GC Worker End (ms): Min: 64625142.5, Avg: 64625142.5, Max: 64625142.5, Diff: 0.0]
   [Code Root Fixup: 0.1 ms]
   [Code Root Purge: 0.0 ms]
   [Clear CT: 0.2 ms]
   [Other: 1.1 ms]
      [Choose CSet: 0.0 ms]
      [Ref Proc: 0.2 ms]
      [Ref Enq: 0.0 ms]
      [Redirty Cards: 0.3 ms]
      [Humongous Register: 0.1 ms]
      [Humongous Reclaim: 0.0 ms]
      [Free CSet: 0.1 ms]
   [Eden: 48.0M(48.0M)->0.0B(46.0M) Survivors: 3072.0K->5120.0K Heap: 336.5M(1024.0M)->290.5M(1024.0M)]
 [Times: user=0.06 sys=0.00, real=0.03 secs] 
2017-09-24T20:05:11.725+0900: 64723.647: [GC pause (G1 Evacuation Pause) (young), 0.0096673 secs]
   [Parallel Time: 8.9 ms, GC Workers: 2]
      [GC Worker Start (ms): Min: 64723647.4, Avg: 64723647.5, Max: 64723647.5, Diff: 0.0]
      [Ext Root Scanning (ms): Min: 0.5, Avg: 0.6, Max: 0.6, Diff: 0.1, Sum: 1.1]
      [Update RS (ms): Min: 0.7, Avg: 0.7, Max: 0.7, Diff: 0.0, Sum: 1.4]
         [Processed Buffers: Min: 11, Avg: 15.0, Max: 19, Diff: 8, Sum: 30]
      [Scan RS (ms): Min: 0.8, Avg: 0.8, Max: 0.8, Diff: 0.0, Sum: 1.6]
      [Code Root Scanning (ms): Min: 0.0, Avg: 0.0, Max: 0.0, Diff: 0.0, Sum: 0.0]
      [Object Copy (ms): Min: 6.7, Avg: 6.7, Max: 6.7, Diff: 0.0, Sum: 13.4]
      [Termination (ms): Min: 0.0, Avg: 0.0, Max: 0.0, Diff: 0.0, Sum: 0.0]
         [Termination Attempts: Min: 1, Avg: 1.0, Max: 1, Diff: 0, Sum: 2]
      [GC Worker Other (ms): Min: 0.0, Avg: 0.0, Max: 0.0, Diff: 0.0, Sum: 0.0]
      [GC Worker Total (ms): Min: 8.8, Avg: 8.8, Max: 8.8, Diff: 0.0, Sum: 17.6]
      [GC Worker End (ms): Min: 64723656.3, Avg: 64723656.3, Max: 64723656.3, Diff: 0.0]
   [Code Root Fixup: 0.1 ms]
   [Code Root Purge: 0.0 ms]
   [Clear CT: 0.1 ms]
   [Other: 0.6 ms]
      [Choose CSet: 0.0 ms]
      [Ref Proc: 0.2 ms]
      [Ref Enq: 0.0 ms]
      [Redirty Cards: 0.1 ms]
      [Humongous Register: 0.0 ms]
      [Humongous Reclaim: 0.0 ms]
      [Free CSet: 0.0 ms]
   [Eden: 46.0M(46.0M)->0.0B(44.0M) Survivors: 5120.0K->7168.0K Heap: 336.5M(1024.0M)->292.5M(1024.0M)]
 [Times: user=0.02 sys=0.00, real=0.01 secs] 
2017-09-24T20:06:42.161+0900: 64814.084: [GC pause (G1 Evacuation Pause) (young), 0.0495182 secs]
   [Parallel Time: 48.0 ms, GC Workers: 2]
      [GC Worker Start (ms): Min: 64814084.9, Avg: 64814084.9, Max: 64814085.0, Diff: 0.2]
      [Ext Root Scanning (ms): Min: 1.9, Avg: 2.0, Max: 2.0, Diff: 0.1, Sum: 3.9]
      [Update RS (ms): Min: 3.7, Avg: 4.2, Max: 4.7, Diff: 1.0, Sum: 8.5]
         [Processed Buffers: Min: 9, Avg: 17.0, Max: 25, Diff: 16, Sum: 34]
      [Scan RS (ms): Min: 3.1, Avg: 3.7, Max: 4.2, Diff: 1.1, Sum: 7.3]
      [Code Root Scanning (ms): Min: 0.0, Avg: 0.0, Max: 0.0, Diff: 0.0, Sum: 0.0]
      [Object Copy (ms): Min: 33.2, Avg: 33.2, Max: 33.3, Diff: 0.1, Sum: 66.5]
      [Termination (ms): Min: 0.0, Avg: 0.0, Max: 0.0, Diff: 0.0, Sum: 0.0]
         [Termination Attempts: Min: 1, Avg: 1.0, Max: 1, Diff: 0, Sum: 2]
      [GC Worker Other (ms): Min: 0.0, Avg: 0.0, Max: 0.0, Diff: 0.0, Sum: 0.0]
      [GC Worker Total (ms): Min: 43.0, Avg: 43.1, Max: 43.2, Diff: 0.2, Sum: 86.2]
      [GC Worker End (ms): Min: 64814128.0, Avg: 64814128.0, Max: 64814128.0, Diff: 0.0]
   [Code Root Fixup: 0.1 ms]
   [Code Root Purge: 0.0 ms]
   [Clear CT: 0.1 ms]
   [Other: 1.4 ms]
      [Choose CSet: 0.0 ms]
      [Ref Proc: 0.2 ms]
      [Ref Enq: 0.0 ms]
      [Redirty Cards: 0.1 ms]
      [Humongous Register: 0.1 ms]
      [Humongous Reclaim: 0.0 ms]
      [Free CSet: 0.0 ms]
   [Eden: 44.0M(44.0M)->0.0B(47.0M) Survivors: 7168.0K->4096.0K Heap: 336.5M(1024.0M)->291.5M(1024.0M)]
 [Times: user=0.05 sys=0.00, real=0.05 secs] 
2017-09-24T20:08:22.412+0900: 64914.334: [GC pause (G1 Evacuation Pause) (young), 0.0389803 secs]
   [Parallel Time: 30.3 ms, GC Workers: 2]
      [GC Worker Start (ms): Min: 64914334.6, Avg: 64914336.5, Max: 64914338.4, Diff: 3.8]
      [Ext Root Scanning (ms): Min: 0.0, Avg: 1.6, Max: 3.2, Diff: 3.1, Sum: 3.2]
      [Update RS (ms): Min: 3.8, Avg: 5.2, Max: 6.5, Diff: 2.6, Sum: 10.3]
         [Processed Buffers: Min: 0, Avg: 16.5, Max: 33, Diff: 33, Sum: 33]
      [Scan RS (ms): Min: 1.4, Avg: 3.8, Max: 6.1, Diff: 4.7, Sum: 7.6]
      [Code Root Scanning (ms): Min: 0.0, Avg: 0.0, Max: 0.0, Diff: 0.0, Sum: 0.0]
      [Object Copy (ms): Min: 16.4, Avg: 17.8, Max: 19.2, Diff: 2.7, Sum: 35.6]
      [Termination (ms): Min: 0.0, Avg: 0.0, Max: 0.0, Diff: 0.0, Sum: 0.0]
         [Termination Attempts: Min: 1, Avg: 1.5, Max: 2, Diff: 1, Sum: 3]
      [GC Worker Other (ms): Min: 0.0, Avg: 0.0, Max: 0.0, Diff: 0.0, Sum: 0.0]
      [GC Worker Total (ms): Min: 26.4, Avg: 28.3, Max: 30.2, Diff: 3.8, Sum: 56.6]
      [GC Worker End (ms): Min: 64914364.9, Avg: 64914364.9, Max: 64914364.9, Diff: 0.0]
   [Code Root Fixup: 0.1 ms]
   [Code Root Purge: 0.0 ms]
   [Clear CT: 3.8 ms]
   [Other: 4.7 ms]
      [Choose CSet: 0.0 ms]
      [Ref Proc: 4.1 ms]
      [Ref Enq: 0.0 ms]
      [Redirty Cards: 0.1 ms]
      [Humongous Register: 0.1 ms]
      [Humongous Reclaim: 0.0 ms]
      [Free CSet: 0.1 ms]
   [Eden: 47.0M(47.0M)->0.0B(45.0M) Survivors: 4096.0K->6144.0K Heap: 338.5M(1024.0M)->293.0M(1024.0M)]
 [Times: user=0.04 sys=0.00, real=0.04 secs] 
2017-09-24T20:09:56.146+0900: 65008.069: [GC pause (G1 Evacuation Pause) (young), 0.0363855 secs]
   [Parallel Time: 35.1 ms, GC Workers: 2]
      [GC Worker Start (ms): Min: 65008069.2, Avg: 65008069.3, Max: 65008069.3, Diff: 0.2]
      [Ext Root Scanning (ms): Min: 1.7, Avg: 1.8, Max: 1.9, Diff: 0.2, Sum: 3.6]
      [Update RS (ms): Min: 5.1, Avg: 5.1, Max: 5.2, Diff: 0.0, Sum: 10.3]
         [Processed Buffers: Min: 8, Avg: 16.0, Max: 24, Diff: 16, Sum: 32]
      [Scan RS (ms): Min: 3.8, Avg: 3.8, Max: 3.9, Diff: 0.0, Sum: 7.7]
      [Code Root Scanning (ms): Min: 0.0, Avg: 0.0, Max: 0.0, Diff: 0.0, Sum: 0.0]
      [Object Copy (ms): Min: 24.0, Avg: 24.0, Max: 24.0, Diff: 0.0, Sum: 48.0]
      [Termination (ms): Min: 0.0, Avg: 0.0, Max: 0.0, Diff: 0.0, Sum: 0.0]
         [Termination Attempts: Min: 1, Avg: 1.0, Max: 1, Diff: 0, Sum: 2]
      [GC Worker Other (ms): Min: 0.0, Avg: 0.0, Max: 0.0, Diff: 0.0, Sum: 0.1]
      [GC Worker Total (ms): Min: 34.7, Avg: 34.8, Max: 34.9, Diff: 0.2, Sum: 69.6]
      [GC Worker End (ms): Min: 65008104.1, Avg: 65008104.1, Max: 65008104.1, Diff: 0.0]
   [Code Root Fixup: 0.1 ms]
   [Code Root Purge: 0.0 ms]
   [Clear CT: 0.1 ms]
   [Other: 1.1 ms]
      [Choose CSet: 0.0 ms]
      [Ref Proc: 0.5 ms]
      [Ref Enq: 0.0 ms]
      [Redirty Cards: 0.1 ms]
      [Humongous Register: 0.1 ms]
      [Humongous Reclaim: 0.0 ms]
      [Free CSet: 0.1 ms]
   [Eden: 45.0M(45.0M)->0.0B(46.0M) Survivors: 6144.0K->5120.0K Heap: 338.0M(1024.0M)->295.1M(1024.0M)]
 [Times: user=0.07 sys=0.00, real=0.03 secs] 
2017-09-24T20:11:33.790+0900: 65105.713: [GC pause (G1 Evacuation Pause) (young), 0.0098489 secs]
   [Parallel Time: 5.5 ms, GC Workers: 2]
      [GC Worker Start (ms): Min: 65105712.8, Avg: 65105712.8, Max: 65105712.8, Diff: 0.0]
      [Ext Root Scanning (ms): Min: 0.5, Avg: 0.6, Max: 0.6, Diff: 0.1, Sum: 1.2]
      [Update RS (ms): Min: 0.8, Avg: 0.8, Max: 0.9, Diff: 0.1, Sum: 1.6]
         [Processed Buffers: Min: 15, Avg: 16.0, Max: 17, Diff: 2, Sum: 32]
      [Scan RS (ms): Min: 0.6, Avg: 0.7, Max: 0.7, Diff: 0.1, Sum: 1.3]
      [Code Root Scanning (ms): Min: 0.0, Avg: 0.0, Max: 0.0, Diff: 0.0, Sum: 0.0]
      [Object Copy (ms): Min: 3.4, Avg: 3.4, Max: 3.4, Diff: 0.1, Sum: 6.8]
      [Termination (ms): Min: 0.0, Avg: 0.0, Max: 0.0, Diff: 0.0, Sum: 0.0]
         [Termination Attempts: Min: 1, Avg: 1.0, Max: 1, Diff: 0, Sum: 2]
      [GC Worker Other (ms): Min: 0.0, Avg: 0.0, Max: 0.0, Diff: 0.0, Sum: 0.0]
      [GC Worker Total (ms): Min: 5.5, Avg: 5.5, Max: 5.5, Diff: 0.0, Sum: 10.9]
      [GC Worker End (ms): Min: 65105718.3, Avg: 65105718.3, Max: 65105718.3, Diff: 0.0]
   [Code Root Fixup: 0.0 ms]
   [Code Root Purge: 0.0 ms]
   [Clear CT: 0.1 ms]
   [Other: 4.3 ms]
      [Choose CSet: 0.0 ms]
      [Ref Proc: 3.7 ms]
      [Ref Enq: 0.0 ms]
      [Redirty Cards: 0.0 ms]
      [Humongous Register: 0.0 ms]
      [Humongous Reclaim: 0.1 ms]
      [Free CSet: 0.1 ms]
   [Eden: 46.0M(46.0M)->0.0B(47.0M) Survivors: 5120.0K->4096.0K Heap: 341.1M(1024.0M)->295.0M(1024.0M)]
 [Times: user=0.01 sys=0.01, real=0.01 secs] 
2017-09-24T20:13:13.374+0900: 65205.297: [GC pause (G1 Evacuation Pause) (young), 0.0389300 secs]
   [Parallel Time: 37.4 ms, GC Workers: 2]
      [GC Worker Start (ms): Min: 65205297.1, Avg: 65205298.1, Max: 65205299.1, Diff: 2.1]
      [Ext Root Scanning (ms): Min: 1.2, Avg: 2.9, Max: 4.5, Diff: 3.3, Sum: 5.8]
      [Update RS (ms): Min: 5.8, Avg: 7.2, Max: 8.5, Diff: 2.6, Sum: 14.3]
         [Processed Buffers: Min: 10, Avg: 16.5, Max: 23, Diff: 13, Sum: 33]
      [Scan RS (ms): Min: 5.7, Avg: 5.9, Max: 6.1, Diff: 0.4, Sum: 11.8]
      [Code Root Scanning (ms): Min: 0.0, Avg: 0.0, Max: 0.0, Diff: 0.0, Sum: 0.0]
      [Object Copy (ms): Min: 19.3, Avg: 20.2, Max: 21.1, Diff: 1.8, Sum: 40.4]
      [Termination (ms): Min: 0.0, Avg: 0.0, Max: 0.0, Diff: 0.0, Sum: 0.0]
         [Termination Attempts: Min: 1, Avg: 1.0, Max: 1, Diff: 0, Sum: 2]
      [GC Worker Other (ms): Min: 0.0, Avg: 0.0, Max: 0.0, Diff: 0.0, Sum: 0.0]
      [GC Worker Total (ms): Min: 35.1, Avg: 36.1, Max: 37.2, Diff: 2.1, Sum: 72.3]
      [GC Worker End (ms): Min: 65205334.2, Avg: 65205334.2, Max: 65205334.2, Diff: 0.0]
   [Code Root Fixup: 0.1 ms]
   [Code Root Purge: 0.0 ms]
   [Clear CT: 0.2 ms]
   [Other: 1.2 ms]
      [Choose CSet: 0.0 ms]
      [Ref Proc: 0.3 ms]
      [Ref Enq: 0.0 ms]
      [Redirty Cards: 0.4 ms]
      [Humongous Register: 0.1 ms]
      [Humongous Reclaim: 0.0 ms]
      [Free CSet: 0.1 ms]
   [Eden: 47.0M(47.0M)->0.0B(45.0M) Survivors: 4096.0K->6144.0K Heap: 342.0M(1024.0M)->297.0M(1024.0M)]
 [Times: user=0.05 sys=0.00, real=0.04 secs] 
2017-09-24T20:14:49.333+0900: 65301.256: [GC pause (G1 Evacuation Pause) (young), 0.0116469 secs]
   [Parallel Time: 5.9 ms, GC Workers: 2]
      [GC Worker Start (ms): Min: 65301256.0, Avg: 65301256.0, Max: 65301256.0, Diff: 0.0]
      [Ext Root Scanning (ms): Min: 1.0, Avg: 1.0, Max: 1.1, Diff: 0.1, Sum: 2.1]
      [Update RS (ms): Min: 1.1, Avg: 1.2, Max: 1.4, Diff: 0.4, Sum: 2.5]
         [Processed Buffers: Min: 11, Avg: 16.0, Max: 21, Diff: 10, Sum: 32]
      [Scan RS (ms): Min: 0.5, Avg: 0.7, Max: 0.8, Diff: 0.4, Sum: 1.3]
      [Code Root Scanning (ms): Min: 0.0, Avg: 0.0, Max: 0.0, Diff: 0.0, Sum: 0.0]
      [Object Copy (ms): Min: 2.7, Avg: 2.8, Max: 2.8, Diff: 0.1, Sum: 5.6]
      [Termination (ms): Min: 0.0, Avg: 0.0, Max: 0.0, Diff: 0.0, Sum: 0.0]
         [Termination Attempts: Min: 1, Avg: 1.0, Max: 1, Diff: 0, Sum: 2]
      [GC Worker Other (ms): Min: 0.0, Avg: 0.0, Max: 0.0, Diff: 0.0, Sum: 0.0]
      [GC Worker Total (ms): Min: 5.7, Avg: 5.7, Max: 5.7, Diff: 0.0, Sum: 11.5]
      [GC Worker End (ms): Min: 65301261.8, Avg: 65301261.8, Max: 65301261.8, Diff: 0.0]
   [Code Root Fixup: 0.0 ms]
   [Code Root Purge: 0.0 ms]
   [Clear CT: 3.5 ms]
   [Other: 2.2 ms]
      [Choose CSet: 0.0 ms]
      [Ref Proc: 1.8 ms]
      [Ref Enq: 0.0 ms]
      [Redirty Cards: 0.0 ms]
      [Humongous Register: 0.1 ms]
      [Humongous Reclaim: 0.0 ms]
      [Free CSet: 0.0 ms]
   [Eden: 45.0M(45.0M)->0.0B(48.0M) Survivors: 6144.0K->3072.0K Heap: 342.0M(1024.0M)->295.2M(1024.0M)]
 [Times: user=0.01 sys=0.00, real=0.01 secs] 
2017-09-24T20:16:30.995+0900: 65402.917: [GC pause (G1 Evacuation Pause) (young), 0.0105317 secs]
   [Parallel Time: 9.8 ms, GC Workers: 2]
      [GC Worker Start (ms): Min: 65402917.5, Avg: 65402917.5, Max: 65402917.5, Diff: 0.1]
      [Ext Root Scanning (ms): Min: 0.9, Avg: 0.9, Max: 1.0, Diff: 0.1, Sum: 1.9]
      [Update RS (ms): Min: 1.8, Avg: 1.9, Max: 2.1, Diff: 0.3, Sum: 3.9]
         [Processed Buffers: Min: 2, Avg: 17.0, Max: 32, Diff: 30, Sum: 34]
      [Scan RS (ms): Min: 0.9, Avg: 1.1, Max: 1.3, Diff: 0.4, Sum: 2.2]
      [Code Root Scanning (ms): Min: 0.0, Avg: 0.0, Max: 0.0, Diff: 0.0, Sum: 0.0]
      [Object Copy (ms): Min: 5.7, Avg: 5.7, Max: 5.7, Diff: 0.1, Sum: 11.4]
      [Termination (ms): Min: 0.0, Avg: 0.0, Max: 0.0, Diff: 0.0, Sum: 0.0]
         [Termination Attempts: Min: 1, Avg: 2.0, Max: 3, Diff: 2, Sum: 4]
      [GC Worker Other (ms): Min: 0.0, Avg: 0.0, Max: 0.0, Diff: 0.0, Sum: 0.0]
      [GC Worker Total (ms): Min: 9.6, Avg: 9.7, Max: 9.7, Diff: 0.1, Sum: 19.4]
      [GC Worker End (ms): Min: 65402927.2, Avg: 65402927.2, Max: 65402927.2, Diff: 0.0]
   [Code Root Fixup: 0.0 ms]
   [Code Root Purge: 0.0 ms]
   [Clear CT: 0.1 ms]
   [Other: 0.6 ms]
      [Choose CSet: 0.0 ms]
      [Ref Proc: 0.2 ms]
      [Ref Enq: 0.0 ms]
      [Redirty Cards: 0.1 ms]
      [Humongous Register: 0.1 ms]
      [Humongous Reclaim: 0.0 ms]
      [Free CSet: 0.0 ms]
   [Eden: 48.0M(48.0M)->0.0B(46.0M) Survivors: 3072.0K->5120.0K Heap: 343.2M(1024.0M)->297.2M(1024.0M)]
 [Times: user=0.02 sys=0.00, real=0.02 secs] 
2017-09-24T20:18:08.527+0900: 65500.450: [GC pause (G1 Evacuation Pause) (young), 0.0326358 secs]
   [Parallel Time: 31.8 ms, GC Workers: 2]
      [GC Worker Start (ms): Min: 65500450.4, Avg: 65500450.5, Max: 65500450.5, Diff: 0.1]
      [Ext Root Scanning (ms): Min: 1.4, Avg: 1.5, Max: 1.6, Diff: 0.2, Sum: 3.0]
      [Update RS (ms): Min: 2.5, Avg: 2.5, Max: 2.5, Diff: 0.0, Sum: 5.0]
         [Processed Buffers: Min: 12, Avg: 17.0, Max: 22, Diff: 10, Sum: 34]
      [Scan RS (ms): Min: 2.2, Avg: 2.7, Max: 3.2, Diff: 1.0, Sum: 5.4]
      [Code Root Scanning (ms): Min: 0.0, Avg: 0.0, Max: 0.0, Diff: 0.0, Sum: 0.0]
      [Object Copy (ms): Min: 24.4, Avg: 24.9, Max: 25.3, Diff: 0.9, Sum: 49.7]
      [Termination (ms): Min: 0.0, Avg: 0.0, Max: 0.1, Diff: 0.1, Sum: 0.1]
         [Termination Attempts: Min: 5, Avg: 5.0, Max: 5, Diff: 0, Sum: 10]
      [GC Worker Other (ms): Min: 0.0, Avg: 0.0, Max: 0.0, Diff: 0.0, Sum: 0.0]
      [GC Worker Total (ms): Min: 31.6, Avg: 31.7, Max: 31.7, Diff: 0.1, Sum: 63.3]
      [GC Worker End (ms): Min: 65500482.1, Avg: 65500482.1, Max: 65500482.1, Diff: 0.0]
   [Code Root Fixup: 0.1 ms]
   [Code Root Purge: 0.0 ms]
   [Clear CT: 0.1 ms]
   [Other: 0.7 ms]
      [Choose CSet: 0.0 ms]
      [Ref Proc: 0.2 ms]
      [Ref Enq: 0.0 ms]
      [Redirty Cards: 0.1 ms]
      [Humongous Register: 0.1 ms]
      [Humongous Reclaim: 0.0 ms]
      [Free CSet: 0.0 ms]
   [Eden: 46.0M(46.0M)->0.0B(44.0M) Survivors: 5120.0K->7168.0K Heap: 343.2M(1024.0M)->299.2M(1024.0M)]
 [Times: user=0.06 sys=0.00, real=0.03 secs] 
2017-09-24T20:19:41.945+0900: 65593.867: [GC pause (G1 Evacuation Pause) (young), 0.0334861 secs]
   [Parallel Time: 30.2 ms, GC Workers: 2]
      [GC Worker Start (ms): Min: 65593867.7, Avg: 65593867.8, Max: 65593867.9, Diff: 0.2]
      [Ext Root Scanning (ms): Min: 1.9, Avg: 2.0, Max: 2.2, Diff: 0.3, Sum: 4.1]
      [Update RS (ms): Min: 2.4, Avg: 2.5, Max: 2.6, Diff: 0.2, Sum: 5.1]
         [Processed Buffers: Min: 10, Avg: 17.0, Max: 24, Diff: 14, Sum: 34]
      [Scan RS (ms): Min: 10.4, Avg: 10.5, Max: 10.6, Diff: 0.2, Sum: 21.0]
      [Code Root Scanning (ms): Min: 0.0, Avg: 0.0, Max: 0.0, Diff: 0.0, Sum: 0.0]
      [Object Copy (ms): Min: 14.7, Avg: 14.7, Max: 14.8, Diff: 0.1, Sum: 29.5]
      [Termination (ms): Min: 0.0, Avg: 0.0, Max: 0.0, Diff: 0.0, Sum: 0.0]
         [Termination Attempts: Min: 1, Avg: 1.0, Max: 1, Diff: 0, Sum: 2]
      [GC Worker Other (ms): Min: 0.0, Avg: 0.0, Max: 0.0, Diff: 0.0, Sum: 0.0]
      [GC Worker Total (ms): Min: 29.7, Avg: 29.8, Max: 29.9, Diff: 0.2, Sum: 59.6]
      [GC Worker End (ms): Min: 65593897.6, Avg: 65593897.6, Max: 65593897.6, Diff: 0.0]
   [Code Root Fixup: 0.1 ms]
   [Code Root Purge: 0.0 ms]
   [Clear CT: 0.2 ms]
   [Other: 3.0 ms]
      [Choose CSet: 0.0 ms]
      [Ref Proc: 0.5 ms]
      [Ref Enq: 0.0 ms]
      [Redirty Cards: 2.1 ms]
      [Humongous Register: 0.1 ms]
      [Humongous Reclaim: 0.0 ms]
      [Free CSet: 0.0 ms]
   [Eden: 44.0M(44.0M)->0.0B(48.0M) Survivors: 7168.0K->3072.0K Heap: 343.2M(1024.0M)->297.1M(1024.0M)]
 [Times: user=0.05 sys=0.00, real=0.04 secs] 
2017-09-24T20:21:23.678+0900: 65695.601: [GC pause (G1 Evacuation Pause) (young), 0.0096907 secs]
   [Parallel Time: 7.0 ms, GC Workers: 2]
      [GC Worker Start (ms): Min: 65695601.1, Avg: 65695601.1, Max: 65695601.1, Diff: 0.0]
      [Ext Root Scanning (ms): Min: 0.5, Avg: 0.5, Max: 0.5, Diff: 0.0, Sum: 1.0]
      [Update RS (ms): Min: 1.2, Avg: 1.2, Max: 1.3, Diff: 0.1, Sum: 2.4]
         [Processed Buffers: Min: 13, Avg: 17.0, Max: 21, Diff: 8, Sum: 34]
      [Scan RS (ms): Min: 0.7, Avg: 0.8, Max: 0.8, Diff: 0.1, Sum: 1.6]
      [Code Root Scanning (ms): Min: 0.0, Avg: 0.0, Max: 0.0, Diff: 0.0, Sum: 0.0]
      [Object Copy (ms): Min: 4.3, Avg: 4.3, Max: 4.3, Diff: 0.0, Sum: 8.7]
      [Termination (ms): Min: 0.0, Avg: 0.0, Max: 0.0, Diff: 0.0, Sum: 0.0]
         [Termination Attempts: Min: 1, Avg: 1.0, Max: 1, Diff: 0, Sum: 2]
      [GC Worker Other (ms): Min: 0.0, Avg: 0.0, Max: 0.0, Diff: 0.0, Sum: 0.0]
      [GC Worker Total (ms): Min: 6.9, Avg: 6.9, Max: 6.9, Diff: 0.0, Sum: 13.7]
      [GC Worker End (ms): Min: 65695608.0, Avg: 65695608.0, Max: 65695608.0, Diff: 0.0]
   [Code Root Fixup: 0.1 ms]
   [Code Root Purge: 0.0 ms]
   [Clear CT: 0.1 ms]
   [Other: 2.6 ms]
      [Choose CSet: 0.0 ms]
      [Ref Proc: 2.2 ms]
      [Ref Enq: 0.0 ms]
      [Redirty Cards: 0.1 ms]
      [Humongous Register: 0.0 ms]
      [Humongous Reclaim: 0.0 ms]
      [Free CSet: 0.0 ms]
   [Eden: 48.0M(48.0M)->0.0B(45.0M) Survivors: 3072.0K->6144.0K Heap: 345.1M(1024.0M)->299.6M(1024.0M)]
 [Times: user=0.01 sys=0.00, real=0.01 secs] 
2017-09-24T20:22:57.209+0900: 65789.132: [GC pause (G1 Evacuation Pause) (young), 0.0092361 secs]
   [Parallel Time: 8.8 ms, GC Workers: 2]
      [GC Worker Start (ms): Min: 65789131.7, Avg: 65789131.7, Max: 65789131.7, Diff: 0.0]
      [Ext Root Scanning (ms): Min: 0.5, Avg: 0.5, Max: 0.5, Diff: 0.0, Sum: 1.0]
      [Update RS (ms): Min: 0.8, Avg: 0.8, Max: 0.8, Diff: 0.0, Sum: 1.6]
         [Processed Buffers: Min: 9, Avg: 16.0, Max: 23, Diff: 14, Sum: 32]
      [Scan RS (ms): Min: 0.6, Avg: 0.6, Max: 0.6, Diff: 0.0, Sum: 1.2]
      [Code Root Scanning (ms): Min: 0.0, Avg: 0.0, Max: 0.0, Diff: 0.0, Sum: 0.0]
      [Object Copy (ms): Min: 4.6, Avg: 4.6, Max: 4.7, Diff: 0.1, Sum: 9.3]
      [Termination (ms): Min: 0.0, Avg: 0.1, Max: 0.3, Diff: 0.3, Sum: 0.3]
         [Termination Attempts: Min: 1, Avg: 1.0, Max: 1, Diff: 0, Sum: 2]
      [GC Worker Other (ms): Min: 0.0, Avg: 0.0, Max: 0.0, Diff: 0.0, Sum: 0.0]
      [GC Worker Total (ms): Min: 6.6, Avg: 6.7, Max: 6.8, Diff: 0.1, Sum: 13.4]
      [GC Worker End (ms): Min: 65789138.4, Avg: 65789138.4, Max: 65789138.5, Diff: 0.2]
   [Code Root Fixup: 0.0 ms]
   [Code Root Purge: 0.0 ms]
   [Clear CT: 0.0 ms]
   [Other: 0.4 ms]
      [Choose CSet: 0.0 ms]
      [Ref Proc: 0.1 ms]
      [Ref Enq: 0.0 ms]
      [Redirty Cards: 0.0 ms]
      [Humongous Register: 0.0 ms]
      [Humongous Reclaim: 0.0 ms]
      [Free CSet: 0.0 ms]
   [Eden: 45.0M(45.0M)->0.0B(48.0M) Survivors: 6144.0K->3072.0K Heap: 344.6M(1024.0M)->297.8M(1024.0M)]
 [Times: user=0.01 sys=0.00, real=0.01 secs] 
2017-09-24T20:24:39.328+0900: 65891.251: [GC pause (G1 Evacuation Pause) (young), 0.0100023 secs]
   [Parallel Time: 8.3 ms, GC Workers: 2]
      [GC Worker Start (ms): Min: 65891250.7, Avg: 65891250.7, Max: 65891250.8, Diff: 0.0]
      [Ext Root Scanning (ms): Min: 1.1, Avg: 1.2, Max: 1.3, Diff: 0.2, Sum: 2.3]
      [Update RS (ms): Min: 1.7, Avg: 1.7, Max: 1.8, Diff: 0.1, Sum: 3.5]
         [Processed Buffers: Min: 7, Avg: 16.5, Max: 26, Diff: 19, Sum: 33]
      [Scan RS (ms): Min: 0.9, Avg: 1.0, Max: 1.0, Diff: 0.1, Sum: 2.0]
      [Code Root Scanning (ms): Min: 0.0, Avg: 0.0, Max: 0.0, Diff: 0.0, Sum: 0.0]
      [Object Copy (ms): Min: 4.3, Avg: 4.3, Max: 4.3, Diff: 0.0, Sum: 8.6]
      [Termination (ms): Min: 0.0, Avg: 0.0, Max: 0.0, Diff: 0.0, Sum: 0.0]
         [Termination Attempts: Min: 1, Avg: 1.0, Max: 1, Diff: 0, Sum: 2]
      [GC Worker Other (ms): Min: 0.0, Avg: 0.0, Max: 0.0, Diff: 0.0, Sum: 0.0]
      [GC Worker Total (ms): Min: 8.2, Avg: 8.2, Max: 8.2, Diff: 0.0, Sum: 16.4]
      [GC Worker End (ms): Min: 65891258.9, Avg: 65891258.9, Max: 65891258.9, Diff: 0.0]
   [Code Root Fixup: 0.0 ms]
   [Code Root Purge: 0.0 ms]
   [Clear CT: 0.1 ms]
   [Other: 1.5 ms]
      [Choose CSet: 0.0 ms]
      [Ref Proc: 1.0 ms]
      [Ref Enq: 0.0 ms]
      [Redirty Cards: 0.2 ms]
      [Humongous Register: 0.1 ms]
      [Humongous Reclaim: 0.0 ms]
      [Free CSet: 0.0 ms]
   [Eden: 48.0M(48.0M)->0.0B(46.0M) Survivors: 3072.0K->5120.0K Heap: 345.8M(1024.0M)->299.8M(1024.0M)]
 [Times: user=0.02 sys=0.00, real=0.01 secs] 
2017-09-24T20:26:16.652+0900: 65988.575: [GC pause (G1 Evacuation Pause) (young), 0.0562672 secs]
   [Parallel Time: 53.8 ms, GC Workers: 2]
      [GC Worker Start (ms): Min: 65988575.0, Avg: 65988575.1, Max: 65988575.2, Diff: 0.2]
      [Ext Root Scanning (ms): Min: 2.0, Avg: 2.1, Max: 2.2, Diff: 0.2, Sum: 4.2]
      [Update RS (ms): Min: 4.1, Avg: 4.2, Max: 4.3, Diff: 0.2, Sum: 8.3]
         [Processed Buffers: Min: 3, Avg: 17.0, Max: 31, Diff: 28, Sum: 34]
      [Scan RS (ms): Min: 4.0, Avg: 7.6, Max: 11.3, Diff: 7.3, Sum: 15.3]
      [Code Root Scanning (ms): Min: 0.0, Avg: 0.0, Max: 0.0, Diff: 0.0, Sum: 0.0]
      [Object Copy (ms): Min: 36.0, Avg: 36.2, Max: 36.3, Diff: 0.2, Sum: 72.3]
      [Termination (ms): Min: 0.0, Avg: 3.5, Max: 7.0, Diff: 7.0, Sum: 7.0]
         [Termination Attempts: Min: 1, Avg: 1.0, Max: 1, Diff: 0, Sum: 2]
      [GC Worker Other (ms): Min: 0.0, Avg: 0.0, Max: 0.0, Diff: 0.0, Sum: 0.0]
      [GC Worker Total (ms): Min: 53.4, Avg: 53.6, Max: 53.7, Diff: 0.2, Sum: 107.1]
      [GC Worker End (ms): Min: 65988628.6, Avg: 65988628.7, Max: 65988628.7, Diff: 0.1]
   [Code Root Fixup: 0.1 ms]
   [Code Root Purge: 0.0 ms]
   [Clear CT: 1.6 ms]
   [Other: 0.8 ms]
      [Choose CSet: 0.0 ms]
      [Ref Proc: 0.2 ms]
      [Ref Enq: 0.0 ms]
      [Redirty Cards: 0.1 ms]
      [Humongous Register: 0.1 ms]
      [Humongous Reclaim: 0.0 ms]
      [Free CSet: 0.0 ms]
   [Eden: 46.0M(46.0M)->0.0B(45.0M) Survivors: 5120.0K->6144.0K Heap: 345.8M(1024.0M)->301.9M(1024.0M)]
 [Times: user=0.08 sys=0.00, real=0.06 secs] 
2017-09-24T20:27:52.410+0900: 66084.333: [GC pause (G1 Evacuation Pause) (young), 0.0194173 secs]
   [Parallel Time: 18.4 ms, GC Workers: 2]
      [GC Worker Start (ms): Min: 66084333.0, Avg: 66084338.9, Max: 66084344.9, Diff: 11.9]
      [Ext Root Scanning (ms): Min: 0.0, Avg: 0.5, Max: 1.0, Diff: 1.0, Sum: 1.0]
      [Update RS (ms): Min: 0.0, Avg: 0.7, Max: 1.5, Diff: 1.5, Sum: 1.5]
         [Processed Buffers: Min: 0, Avg: 18.0, Max: 36, Diff: 36, Sum: 36]
      [Scan RS (ms): Min: 0.8, Avg: 5.7, Max: 10.7, Diff: 9.9, Sum: 11.4]
      [Code Root Scanning (ms): Min: 0.0, Avg: 0.0, Max: 0.0, Diff: 0.0, Sum: 0.0]
      [Object Copy (ms): Min: 5.1, Avg: 5.4, Max: 5.6, Diff: 0.5, Sum: 10.8]
      [Termination (ms): Min: 0.0, Avg: 0.0, Max: 0.0, Diff: 0.0, Sum: 0.0]
         [Termination Attempts: Min: 1, Avg: 1.0, Max: 1, Diff: 0, Sum: 2]
      [GC Worker Other (ms): Min: 0.0, Avg: 0.0, Max: 0.0, Diff: 0.0, Sum: 0.0]
      [GC Worker Total (ms): Min: 6.4, Avg: 12.4, Max: 18.3, Diff: 11.9, Sum: 24.7]
      [GC Worker End (ms): Min: 66084351.3, Avg: 66084351.3, Max: 66084351.3, Diff: 0.0]
   [Code Root Fixup: 0.1 ms]
   [Code Root Purge: 0.0 ms]
   [Clear CT: 0.2 ms]
   [Other: 0.8 ms]
      [Choose CSet: 0.0 ms]
      [Ref Proc: 0.3 ms]
      [Ref Enq: 0.0 ms]
      [Redirty Cards: 0.2 ms]
      [Humongous Register: 0.0 ms]
      [Humongous Reclaim: 0.0 ms]
      [Free CSet: 0.0 ms]
   [Eden: 45.0M(45.0M)->0.0B(48.0M) Survivors: 6144.0K->3072.0K Heap: 346.9M(1024.0M)->300.5M(1024.0M)]
 [Times: user=0.02 sys=0.00, real=0.02 secs] 
2017-09-24T20:29:33.751+0900: 66185.673: [GC pause (G1 Evacuation Pause) (young), 0.0680505 secs]
   [Parallel Time: 44.0 ms, GC Workers: 2]
      [GC Worker Start (ms): Min: 66185674.1, Avg: 66185674.2, Max: 66185674.4, Diff: 0.2]
      [Ext Root Scanning (ms): Min: 2.3, Avg: 2.5, Max: 2.8, Diff: 0.5, Sum: 5.1]
      [Update RS (ms): Min: 6.0, Avg: 6.3, Max: 6.6, Diff: 0.5, Sum: 12.6]
         [Processed Buffers: Min: 12, Avg: 17.0, Max: 22, Diff: 10, Sum: 34]
      [Scan RS (ms): Min: 12.6, Avg: 13.0, Max: 13.4, Diff: 0.8, Sum: 26.0]
      [Code Root Scanning (ms): Min: 0.0, Avg: 0.0, Max: 0.0, Diff: 0.0, Sum: 0.0]
      [Object Copy (ms): Min: 21.4, Avg: 22.0, Max: 22.6, Diff: 1.1, Sum: 44.0]
      [Termination (ms): Min: 0.0, Avg: 0.0, Max: 0.0, Diff: 0.0, Sum: 0.0]
         [Termination Attempts: Min: 1, Avg: 1.5, Max: 2, Diff: 1, Sum: 3]
      [GC Worker Other (ms): Min: 0.0, Avg: 0.0, Max: 0.0, Diff: 0.0, Sum: 0.1]
      [GC Worker Total (ms): Min: 43.7, Avg: 43.8, Max: 43.9, Diff: 0.2, Sum: 87.7]
      [GC Worker End (ms): Min: 66185718.1, Avg: 66185718.1, Max: 66185718.1, Diff: 0.0]
   [Code Root Fixup: 0.0 ms]
   [Code Root Purge: 0.0 ms]
   [Clear CT: 0.1 ms]
   [Other: 23.9 ms]
      [Choose CSet: 0.0 ms]
      [Ref Proc: 12.1 ms]
      [Ref Enq: 0.0 ms]
      [Redirty Cards: 0.0 ms]
      [Humongous Register: 0.1 ms]
      [Humongous Reclaim: 0.0 ms]
      [Free CSet: 0.0 ms]
   [Eden: 48.0M(48.0M)->0.0B(46.0M) Survivors: 3072.0K->5120.0K Heap: 348.5M(1024.0M)->302.5M(1024.0M)]
 [Times: user=0.06 sys=0.00, real=0.07 secs] 
2017-09-24T20:31:11.665+0900: 66283.588: [GC pause (G1 Evacuation Pause) (young), 0.0160494 secs]
   [Parallel Time: 15.1 ms, GC Workers: 2]
      [GC Worker Start (ms): Min: 66283588.1, Avg: 66283588.1, Max: 66283588.1, Diff: 0.0]
      [Ext Root Scanning (ms): Min: 0.6, Avg: 0.6, Max: 0.6, Diff: 0.0, Sum: 1.2]
      [Update RS (ms): Min: 0.7, Avg: 0.7, Max: 0.7, Diff: 0.0, Sum: 1.4]
         [Processed Buffers: Min: 10, Avg: 16.5, Max: 23, Diff: 13, Sum: 33]
      [Scan RS (ms): Min: 0.5, Avg: 0.5, Max: 0.5, Diff: 0.0, Sum: 1.0]
      [Code Root Scanning (ms): Min: 0.0, Avg: 0.0, Max: 0.0, Diff: 0.0, Sum: 0.0]
      [Object Copy (ms): Min: 2.8, Avg: 7.2, Max: 11.7, Diff: 8.9, Sum: 14.4]
      [Termination (ms): Min: 0.0, Avg: 4.5, Max: 9.1, Diff: 9.1, Sum: 9.1]
         [Termination Attempts: Min: 1, Avg: 1.0, Max: 1, Diff: 0, Sum: 2]
      [GC Worker Other (ms): Min: 0.0, Avg: 0.7, Max: 1.3, Diff: 1.3, Sum: 1.3]
      [GC Worker Total (ms): Min: 13.4, Avg: 14.2, Max: 14.9, Diff: 1.5, Sum: 28.3]
      [GC Worker End (ms): Min: 66283601.5, Avg: 66283602.2, Max: 66283603.0, Diff: 1.5]
   [Code Root Fixup: 0.1 ms]
   [Code Root Purge: 0.0 ms]
   [Clear CT: 0.1 ms]
   [Other: 0.8 ms]
      [Choose CSet: 0.0 ms]
      [Ref Proc: 0.3 ms]
      [Ref Enq: 0.0 ms]
      [Redirty Cards: 0.1 ms]
      [Humongous Register: 0.0 ms]
      [Humongous Reclaim: 0.1 ms]
      [Free CSet: 0.1 ms]
   [Eden: 46.0M(46.0M)->0.0B(48.0M) Survivors: 5120.0K->3072.0K Heap: 348.5M(1024.0M)->300.6M(1024.0M)]
 [Times: user=0.03 sys=0.00, real=0.02 secs] 
2017-09-24T20:32:53.697+0900: 66385.620: [GC pause (G1 Evacuation Pause) (young), 0.0413034 secs]
   [Parallel Time: 39.1 ms, GC Workers: 2]
      [GC Worker Start (ms): Min: 66385619.9, Avg: 66385620.0, Max: 66385620.1, Diff: 0.2]
      [Ext Root Scanning (ms): Min: 1.8, Avg: 1.9, Max: 2.0, Diff: 0.2, Sum: 3.8]
      [Update RS (ms): Min: 3.6, Avg: 3.6, Max: 3.6, Diff: 0.0, Sum: 7.2]
         [Processed Buffers: Min: 8, Avg: 17.5, Max: 27, Diff: 19, Sum: 35]
      [Scan RS (ms): Min: 5.0, Avg: 5.1, Max: 5.1, Diff: 0.1, Sum: 10.1]
      [Code Root Scanning (ms): Min: 0.0, Avg: 0.0, Max: 0.0, Diff: 0.0, Sum: 0.0]
      [Object Copy (ms): Min: 28.1, Avg: 28.2, Max: 28.3, Diff: 0.3, Sum: 56.4]
      [Termination (ms): Min: 0.0, Avg: 0.0, Max: 0.1, Diff: 0.1, Sum: 0.1]
         [Termination Attempts: Min: 1, Avg: 1.0, Max: 1, Diff: 0, Sum: 2]
      [GC Worker Other (ms): Min: 0.0, Avg: 0.0, Max: 0.0, Diff: 0.0, Sum: 0.1]
      [GC Worker Total (ms): Min: 38.7, Avg: 38.8, Max: 38.9, Diff: 0.2, Sum: 77.6]
      [GC Worker End (ms): Min: 66385658.8, Avg: 66385658.8, Max: 66385658.8, Diff: 0.0]
   [Code Root Fixup: 0.2 ms]
   [Code Root Purge: 0.0 ms]
   [Clear CT: 0.3 ms]
   [Other: 1.7 ms]
      [Choose CSet: 0.0 ms]
      [Ref Proc: 0.7 ms]
      [Ref Enq: 0.0 ms]
      [Redirty Cards: 0.5 ms]
      [Humongous Register: 0.1 ms]
      [Humongous Reclaim: 0.0 ms]
      [Free CSet: 0.0 ms]
   [Eden: 48.0M(48.0M)->0.0B(46.0M) Survivors: 3072.0K->5120.0K Heap: 348.6M(1024.0M)->302.6M(1024.0M)]
 [Times: user=0.07 sys=0.00, real=0.05 secs] 
2017-09-24T20:34:31.256+0900: 66483.179: [GC pause (G1 Evacuation Pause) (young), 0.0561403 secs]
   [Parallel Time: 55.1 ms, GC Workers: 2]
      [GC Worker Start (ms): Min: 66483179.4, Avg: 66483179.4, Max: 66483179.4, Diff: 0.1]
      [Ext Root Scanning (ms): Min: 1.6, Avg: 1.9, Max: 2.1, Diff: 0.5, Sum: 3.8]
      [Update RS (ms): Min: 2.3, Avg: 6.4, Max: 10.4, Diff: 8.2, Sum: 12.7]
         [Processed Buffers: Min: 1, Avg: 16.5, Max: 32, Diff: 31, Sum: 33]
      [Scan RS (ms): Min: 2.4, Avg: 6.7, Max: 11.0, Diff: 8.6, Sum: 13.4]
      [Code Root Scanning (ms): Min: 0.0, Avg: 0.0, Max: 0.0, Diff: 0.0, Sum: 0.0]
      [Object Copy (ms): Min: 31.8, Avg: 31.8, Max: 31.9, Diff: 0.1, Sum: 63.7]
      [Termination (ms): Min: 0.0, Avg: 0.0, Max: 0.0, Diff: 0.0, Sum: 0.0]
         [Termination Attempts: Min: 1, Avg: 1.0, Max: 1, Diff: 0, Sum: 2]
      [GC Worker Other (ms): Min: 0.0, Avg: 0.0, Max: 0.0, Diff: 0.0, Sum: 0.0]
      [GC Worker Total (ms): Min: 46.8, Avg: 46.8, Max: 46.9, Diff: 0.1, Sum: 93.6]
      [GC Worker End (ms): Min: 66483226.2, Avg: 66483226.2, Max: 66483226.2, Diff: 0.0]
   [Code Root Fixup: 0.0 ms]
   [Code Root Purge: 0.0 ms]
   [Clear CT: 0.1 ms]
   [Other: 0.8 ms]
      [Choose CSet: 0.0 ms]
      [Ref Proc: 0.3 ms]
      [Ref Enq: 0.0 ms]
      [Redirty Cards: 0.2 ms]
      [Humongous Register: 0.0 ms]
      [Humongous Reclaim: 0.0 ms]
      [Free CSet: 0.0 ms]
   [Eden: 46.0M(46.0M)->0.0B(45.0M) Survivors: 5120.0K->6144.0K Heap: 348.6M(1024.0M)->304.6M(1024.0M)]
 [Times: user=0.05 sys=0.00, real=0.06 secs] 
2017-09-24T20:36:06.746+0900: 66578.669: [GC pause (G1 Evacuation Pause) (young), 0.0680000 secs]
   [Parallel Time: 66.2 ms, GC Workers: 2]
      [GC Worker Start (ms): Min: 66578669.1, Avg: 66578669.8, Max: 66578670.5, Diff: 1.4]
      [Ext Root Scanning (ms): Min: 1.1, Avg: 1.8, Max: 2.5, Diff: 1.4, Sum: 3.7]
      [Update RS (ms): Min: 4.3, Avg: 10.1, Max: 16.0, Diff: 11.6, Sum: 20.3]
         [Processed Buffers: Min: 13, Avg: 16.5, Max: 20, Diff: 7, Sum: 33]
      [Scan RS (ms): Min: 1.2, Avg: 6.9, Max: 12.6, Diff: 11.4, Sum: 13.8]
      [Code Root Scanning (ms): Min: 0.0, Avg: 0.0, Max: 0.0, Diff: 0.0, Sum: 0.0]
      [Object Copy (ms): Min: 35.5, Avg: 36.1, Max: 36.7, Diff: 1.1, Sum: 72.2]
      [Termination (ms): Min: 0.0, Avg: 5.5, Max: 11.0, Diff: 11.0, Sum: 11.0]
         [Termination Attempts: Min: 1, Avg: 1.0, Max: 1, Diff: 0, Sum: 2]
      [GC Worker Other (ms): Min: 0.0, Avg: 0.0, Max: 0.0, Diff: 0.0, Sum: 0.1]
      [GC Worker Total (ms): Min: 56.4, Avg: 60.5, Max: 64.7, Diff: 8.3, Sum: 121.1]
      [GC Worker End (ms): Min: 66578725.5, Avg: 66578730.3, Max: 66578735.2, Diff: 9.7]
   [Code Root Fixup: 0.1 ms]
   [Code Root Purge: 0.0 ms]
   [Clear CT: 0.0 ms]
   [Other: 1.7 ms]
      [Choose CSet: 0.0 ms]
      [Ref Proc: 1.1 ms]
      [Ref Enq: 0.0 ms]
      [Redirty Cards: 0.1 ms]
      [Humongous Register: 0.1 ms]
      [Humongous Reclaim: 0.0 ms]
      [Free CSet: 0.1 ms]
   [Eden: 45.0M(45.0M)->0.0B(48.0M) Survivors: 6144.0K->3072.0K Heap: 349.6M(1024.0M)->303.5M(1024.0M)]
 [Times: user=0.06 sys=0.00, real=0.06 secs] 
2017-09-24T20:37:48.816+0900: 66680.739: [GC pause (G1 Evacuation Pause) (young), 0.0313916 secs]
   [Parallel Time: 29.8 ms, GC Workers: 2]
      [GC Worker Start (ms): Min: 66680739.3, Avg: 66680740.0, Max: 66680740.8, Diff: 1.5]
      [Ext Root Scanning (ms): Min: 0.7, Avg: 5.1, Max: 9.4, Diff: 8.7, Sum: 10.1]
      [Update RS (ms): Min: 0.0, Avg: 4.6, Max: 9.2, Diff: 9.2, Sum: 9.2]
         [Processed Buffers: Min: 3, Avg: 16.5, Max: 30, Diff: 27, Sum: 33]
      [Scan RS (ms): Min: 0.6, Avg: 1.6, Max: 2.6, Diff: 2.0, Sum: 3.2]
      [Code Root Scanning (ms): Min: 0.0, Avg: 0.0, Max: 0.0, Diff: 0.0, Sum: 0.0]
      [Object Copy (ms): Min: 10.1, Avg: 13.8, Max: 17.5, Diff: 7.3, Sum: 27.6]
      [Termination (ms): Min: 0.0, Avg: 3.8, Max: 7.5, Diff: 7.5, Sum: 7.5]
         [Termination Attempts: Min: 1, Avg: 1.0, Max: 1, Diff: 0, Sum: 2]
      [GC Worker Other (ms): Min: 0.0, Avg: 0.0, Max: 0.0, Diff: 0.0, Sum: 0.0]
      [GC Worker Total (ms): Min: 28.1, Avg: 28.8, Max: 29.5, Diff: 1.4, Sum: 57.7]
      [GC Worker End (ms): Min: 66680768.8, Avg: 66680768.9, Max: 66680768.9, Diff: 0.1]
   [Code Root Fixup: 0.1 ms]
   [Code Root Purge: 0.0 ms]
   [Clear CT: 0.2 ms]
   [Other: 1.4 ms]
      [Choose CSet: 0.0 ms]
      [Ref Proc: 0.3 ms]
      [Ref Enq: 0.0 ms]
      [Redirty Cards: 0.7 ms]
      [Humongous Register: 0.1 ms]
      [Humongous Reclaim: 0.0 ms]
      [Free CSet: 0.1 ms]
   [Eden: 48.0M(48.0M)->0.0B(46.0M) Survivors: 3072.0K->5120.0K Heap: 351.5M(1024.0M)->305.5M(1024.0M)]
 [Times: user=0.04 sys=0.00, real=0.04 secs] 
2017-09-24T20:39:26.456+0900: 66778.379: [GC pause (G1 Evacuation Pause) (young), 0.0252560 secs]
   [Parallel Time: 22.8 ms, GC Workers: 2]
      [GC Worker Start (ms): Min: 66778378.9, Avg: 66778379.0, Max: 66778379.1, Diff: 0.1]
      [Ext Root Scanning (ms): Min: 2.0, Avg: 2.1, Max: 2.1, Diff: 0.1, Sum: 4.2]
      [Update RS (ms): Min: 2.3, Avg: 2.4, Max: 2.4, Diff: 0.2, Sum: 4.7]
         [Processed Buffers: Min: 6, Avg: 15.5, Max: 25, Diff: 19, Sum: 31]
      [Scan RS (ms): Min: 4.5, Avg: 4.6, Max: 4.6, Diff: 0.2, Sum: 9.1]
      [Code Root Scanning (ms): Min: 0.0, Avg: 0.0, Max: 0.0, Diff: 0.0, Sum: 0.0]
      [Object Copy (ms): Min: 13.6, Avg: 13.6, Max: 13.6, Diff: 0.0, Sum: 27.2]
      [Termination (ms): Min: 0.0, Avg: 0.0, Max: 0.0, Diff: 0.0, Sum: 0.0]
         [Termination Attempts: Min: 1, Avg: 1.0, Max: 1, Diff: 0, Sum: 2]
      [GC Worker Other (ms): Min: 0.0, Avg: 0.0, Max: 0.0, Diff: 0.0, Sum: 0.1]
      [GC Worker Total (ms): Min: 22.6, Avg: 22.6, Max: 22.7, Diff: 0.1, Sum: 45.2]
      [GC Worker End (ms): Min: 66778401.6, Avg: 66778401.6, Max: 66778401.6, Diff: 0.0]
   [Code Root Fixup: 0.2 ms]
   [Code Root Purge: 0.0 ms]
   [Clear CT: 0.2 ms]
   [Other: 2.0 ms]
      [Choose CSet: 0.0 ms]
      [Ref Proc: 0.8 ms]
      [Ref Enq: 0.0 ms]
      [Redirty Cards: 0.6 ms]
      [Humongous Register: 0.1 ms]
      [Humongous Reclaim: 0.0 ms]
      [Free CSet: 0.1 ms]
   [Eden: 46.0M(46.0M)->0.0B(48.0M) Survivors: 5120.0K->3072.0K Heap: 351.5M(1024.0M)->303.6M(1024.0M)]
 [Times: user=0.05 sys=0.00, real=0.03 secs] 
2017-09-24T20:41:08.591+0900: 66880.514: [GC pause (G1 Evacuation Pause) (young), 0.0303217 secs]
   [Parallel Time: 29.0 ms, GC Workers: 2]
      [GC Worker Start (ms): Min: 66880514.1, Avg: 66880514.2, Max: 66880514.3, Diff: 0.2]
      [Ext Root Scanning (ms): Min: 1.9, Avg: 2.0, Max: 2.2, Diff: 0.3, Sum: 4.0]
      [Update RS (ms): Min: 2.9, Avg: 3.0, Max: 3.1, Diff: 0.2, Sum: 6.0]
         [Processed Buffers: Min: 10, Avg: 16.0, Max: 22, Diff: 12, Sum: 32]
      [Scan RS (ms): Min: 4.7, Avg: 4.9, Max: 5.0, Diff: 0.3, Sum: 9.7]
      [Code Root Scanning (ms): Min: 0.0, Avg: 0.0, Max: 0.0, Diff: 0.0, Sum: 0.0]
      [Object Copy (ms): Min: 19.0, Avg: 19.0, Max: 19.0, Diff: 0.0, Sum: 37.9]
      [Termination (ms): Min: 0.0, Avg: 0.0, Max: 0.0, Diff: 0.0, Sum: 0.0]
         [Termination Attempts: Min: 1, Avg: 1.0, Max: 1, Diff: 0, Sum: 2]
      [GC Worker Other (ms): Min: 0.0, Avg: 0.0, Max: 0.0, Diff: 0.0, Sum: 0.0]
      [GC Worker Total (ms): Min: 28.8, Avg: 28.9, Max: 28.9, Diff: 0.2, Sum: 57.7]
      [GC Worker End (ms): Min: 66880543.0, Avg: 66880543.0, Max: 66880543.0, Diff: 0.0]
   [Code Root Fixup: 0.1 ms]
   [Code Root Purge: 0.0 ms]
   [Clear CT: 0.2 ms]
   [Other: 1.1 ms]
      [Choose CSet: 0.0 ms]
      [Ref Proc: 0.3 ms]
      [Ref Enq: 0.0 ms]
      [Redirty Cards: 0.3 ms]
      [Humongous Register: 0.1 ms]
      [Humongous Reclaim: 0.0 ms]
      [Free CSet: 0.1 ms]
   [Eden: 48.0M(48.0M)->0.0B(46.0M) Survivors: 3072.0K->5120.0K Heap: 351.6M(1024.0M)->305.6M(1024.0M)]
 [Times: user=0.05 sys=0.00, real=0.03 secs] 
2017-09-24T20:42:46.631+0900: 66978.554: [GC pause (G1 Evacuation Pause) (young), 0.0160835 secs]
   [Parallel Time: 15.3 ms, GC Workers: 2]
      [GC Worker Start (ms): Min: 66978554.3, Avg: 66978554.3, Max: 66978554.3, Diff: 0.1]
      [Ext Root Scanning (ms): Min: 0.6, Avg: 0.7, Max: 0.7, Diff: 0.1, Sum: 1.4]
      [Update RS (ms): Min: 1.5, Avg: 1.6, Max: 1.6, Diff: 0.1, Sum: 3.1]
         [Processed Buffers: Min: 14, Avg: 16.0, Max: 18, Diff: 4, Sum: 32]
      [Scan RS (ms): Min: 1.2, Avg: 1.3, Max: 1.3, Diff: 0.1, Sum: 2.5]
      [Code Root Scanning (ms): Min: 0.0, Avg: 0.0, Max: 0.0, Diff: 0.0, Sum: 0.0]
      [Object Copy (ms): Min: 11.7, Avg: 11.7, Max: 11.7, Diff: 0.0, Sum: 23.3]
      [Termination (ms): Min: 0.0, Avg: 0.0, Max: 0.0, Diff: 0.0, Sum: 0.0]
         [Termination Attempts: Min: 2, Avg: 4.0, Max: 6, Diff: 4, Sum: 8]
      [GC Worker Other (ms): Min: 0.0, Avg: 0.0, Max: 0.0, Diff: 0.0, Sum: 0.0]
      [GC Worker Total (ms): Min: 15.2, Avg: 15.2, Max: 15.2, Diff: 0.1, Sum: 30.4]
      [GC Worker End (ms): Min: 66978569.5, Avg: 66978569.5, Max: 66978569.5, Diff: 0.0]
   [Code Root Fixup: 0.1 ms]
   [Code Root Purge: 0.0 ms]
   [Clear CT: 0.1 ms]
   [Other: 0.7 ms]
      [Choose CSet: 0.0 ms]
      [Ref Proc: 0.1 ms]
      [Ref Enq: 0.0 ms]
      [Redirty Cards: 0.2 ms]
      [Humongous Register: 0.1 ms]
      [Humongous Reclaim: 0.0 ms]
      [Free CSet: 0.0 ms]
   [Eden: 46.0M(46.0M)->0.0B(45.0M) Survivors: 5120.0K->6144.0K Heap: 351.6M(1024.0M)->307.6M(1024.0M)]
 [Times: user=0.03 sys=0.00, real=0.02 secs] 
2017-09-24T20:44:22.236+0900: 67074.159: [GC pause (G1 Evacuation Pause) (young), 0.0318891 secs]
   [Parallel Time: 29.4 ms, GC Workers: 2]
      [GC Worker Start (ms): Min: 67074159.3, Avg: 67074159.4, Max: 67074159.5, Diff: 0.2]
      [Ext Root Scanning (ms): Min: 1.6, Avg: 1.7, Max: 1.8, Diff: 0.2, Sum: 3.3]
      [Update RS (ms): Min: 2.4, Avg: 2.4, Max: 2.4, Diff: 0.0, Sum: 4.8]
         [Processed Buffers: Min: 12, Avg: 16.0, Max: 20, Diff: 8, Sum: 32]
      [Scan RS (ms): Min: 3.0, Avg: 3.1, Max: 3.1, Diff: 0.0, Sum: 6.1]
      [Code Root Scanning (ms): Min: 0.0, Avg: 0.0, Max: 0.0, Diff: 0.0, Sum: 0.0]
      [Object Copy (ms): Min: 13.9, Avg: 17.7, Max: 21.6, Diff: 7.8, Sum: 35.5]
      [Termination (ms): Min: 0.0, Avg: 4.1, Max: 8.2, Diff: 8.2, Sum: 8.2]
         [Termination Attempts: Min: 1, Avg: 1.0, Max: 1, Diff: 0, Sum: 2]
      [GC Worker Other (ms): Min: 0.0, Avg: 0.0, Max: 0.0, Diff: 0.0, Sum: 0.0]
      [GC Worker Total (ms): Min: 28.9, Avg: 29.0, Max: 29.1, Diff: 0.2, Sum: 58.0]
      [GC Worker End (ms): Min: 67074188.2, Avg: 67074188.4, Max: 67074188.6, Diff: 0.4]
   [Code Root Fixup: 0.1 ms]
   [Code Root Purge: 0.0 ms]
   [Clear CT: 0.1 ms]
   [Other: 2.2 ms]
      [Choose CSet: 0.0 ms]
      [Ref Proc: 1.6 ms]
      [Ref Enq: 0.0 ms]
      [Redirty Cards: 0.1 ms]
      [Humongous Register: 0.1 ms]
      [Humongous Reclaim: 0.0 ms]
      [Free CSet: 0.1 ms]
   [Eden: 45.0M(45.0M)->0.0B(48.0M) Survivors: 6144.0K->3072.0K Heap: 352.6M(1024.0M)->305.9M(1024.0M)]
 [Times: user=0.04 sys=0.00, real=0.04 secs] 
2017-09-24T20:46:04.244+0900: 67176.167: [GC pause (G1 Evacuation Pause) (young), 0.0519359 secs]
   [Parallel Time: 33.2 ms, GC Workers: 2]
      [GC Worker Start (ms): Min: 67176168.3, Avg: 67176168.9, Max: 67176169.5, Diff: 1.2]
      [Ext Root Scanning (ms): Min: 0.4, Avg: 1.0, Max: 1.6, Diff: 1.2, Sum: 2.0]
      [Update RS (ms): Min: 2.4, Avg: 2.5, Max: 2.5, Diff: 0.0, Sum: 4.9]
         [Processed Buffers: Min: 3, Avg: 16.0, Max: 29, Diff: 26, Sum: 32]
      [Scan RS (ms): Min: 2.3, Avg: 2.4, Max: 2.5, Diff: 0.2, Sum: 4.7]
      [Code Root Scanning (ms): Min: 0.0, Avg: 0.0, Max: 0.0, Diff: 0.0, Sum: 0.0]
      [Object Copy (ms): Min: 22.4, Avg: 22.6, Max: 22.8, Diff: 0.4, Sum: 45.3]
      [Termination (ms): Min: 0.0, Avg: 0.4, Max: 0.8, Diff: 0.8, Sum: 0.8]
         [Termination Attempts: Min: 1, Avg: 1.0, Max: 1, Diff: 0, Sum: 2]
      [GC Worker Other (ms): Min: 0.0, Avg: 0.0, Max: 0.0, Diff: 0.0, Sum: 0.0]
      [GC Worker Total (ms): Min: 28.2, Avg: 28.9, Max: 29.6, Diff: 1.4, Sum: 57.8]
      [GC Worker End (ms): Min: 67176197.7, Avg: 67176197.8, Max: 67176197.9, Diff: 0.1]
   [Code Root Fixup: 0.0 ms]
   [Code Root Purge: 0.0 ms]
   [Clear CT: 0.1 ms]
   [Other: 18.7 ms]
      [Choose CSet: 0.0 ms]
      [Ref Proc: 18.3 ms]
      [Ref Enq: 0.0 ms]
      [Redirty Cards: 0.0 ms]
      [Humongous Register: 0.0 ms]
      [Humongous Reclaim: 0.0 ms]
      [Free CSet: 0.0 ms]
   [Eden: 48.0M(48.0M)->0.0B(46.0M) Survivors: 3072.0K->5120.0K Heap: 353.9M(1024.0M)->308.4M(1024.0M)]
 [Times: user=0.04 sys=0.00, real=0.05 secs] 
2017-09-24T20:47:42.223+0900: 67274.145: [GC pause (G1 Evacuation Pause) (young), 0.0095132 secs]
   [Parallel Time: 8.7 ms, GC Workers: 2]
      [GC Worker Start (ms): Min: 67274145.4, Avg: 67274147.0, Max: 67274148.6, Diff: 3.2]
      [Ext Root Scanning (ms): Min: 0.0, Avg: 0.4, Max: 0.9, Diff: 0.9, Sum: 0.9]
      [Update RS (ms): Min: 0.0, Avg: 0.5, Max: 0.9, Diff: 0.9, Sum: 0.9]
         [Processed Buffers: Min: 0, Avg: 16.5, Max: 33, Diff: 33, Sum: 33]
      [Scan RS (ms): Min: 0.1, Avg: 3.5, Max: 6.8, Diff: 6.7, Sum: 7.0]
      [Code Root Scanning (ms): Min: 0.0, Avg: 0.0, Max: 0.0, Diff: 0.0, Sum: 0.0]
      [Object Copy (ms): Min: 0.1, Avg: 2.4, Max: 4.6, Diff: 4.6, Sum: 4.7]
      [Termination (ms): Min: 0.0, Avg: 0.4, Max: 0.7, Diff: 0.7, Sum: 0.7]
         [Termination Attempts: Min: 1, Avg: 1.0, Max: 1, Diff: 0, Sum: 2]
      [GC Worker Other (ms): Min: 0.0, Avg: 0.0, Max: 0.0, Diff: 0.0, Sum: 0.0]
      [GC Worker Total (ms): Min: 5.5, Avg: 7.1, Max: 8.7, Diff: 3.2, Sum: 14.2]
      [GC Worker End (ms): Min: 67274154.1, Avg: 67274154.1, Max: 67274154.1, Diff: 0.0]
   [Code Root Fixup: 0.0 ms]
   [Code Root Purge: 0.0 ms]
   [Clear CT: 0.0 ms]
   [Other: 0.7 ms]
      [Choose CSet: 0.0 ms]
      [Ref Proc: 0.5 ms]
      [Ref Enq: 0.0 ms]
      [Redirty Cards: 0.0 ms]
      [Humongous Register: 0.0 ms]
      [Humongous Reclaim: 0.0 ms]
      [Free CSet: 0.0 ms]
   [Eden: 46.0M(46.0M)->0.0B(48.0M) Survivors: 5120.0K->3072.0K Heap: 354.4M(1024.0M)->307.1M(1024.0M)]
 [Times: user=0.00 sys=0.00, real=0.01 secs] 
2017-09-24T20:49:23.871+0900: 67375.793: [GC pause (G1 Evacuation Pause) (young), 0.0209783 secs]
   [Parallel Time: 14.1 ms, GC Workers: 2]
      [GC Worker Start (ms): Min: 67375793.4, Avg: 67375795.0, Max: 67375796.6, Diff: 3.1]
      [Ext Root Scanning (ms): Min: 0.0, Avg: 1.0, Max: 2.0, Diff: 2.0, Sum: 2.0]
      [Update RS (ms): Min: 1.0, Avg: 2.1, Max: 3.3, Diff: 2.3, Sum: 4.3]
         [Processed Buffers: Min: 0, Avg: 16.5, Max: 33, Diff: 33, Sum: 33]
      [Scan RS (ms): Min: 2.8, Avg: 3.4, Max: 4.0, Diff: 1.2, Sum: 6.7]
      [Code Root Scanning (ms): Min: 0.0, Avg: 0.0, Max: 0.0, Diff: 0.0, Sum: 0.0]
      [Object Copy (ms): Min: 5.6, Avg: 5.6, Max: 5.6, Diff: 0.0, Sum: 11.2]
      [Termination (ms): Min: 0.0, Avg: 0.0, Max: 0.0, Diff: 0.0, Sum: 0.0]
         [Termination Attempts: Min: 1, Avg: 1.0, Max: 1, Diff: 0, Sum: 2]
      [GC Worker Other (ms): Min: 0.0, Avg: 0.0, Max: 0.0, Diff: 0.0, Sum: 0.0]
      [GC Worker Total (ms): Min: 10.6, Avg: 12.1, Max: 13.7, Diff: 3.1, Sum: 24.3]
      [GC Worker End (ms): Min: 67375807.1, Avg: 67375807.1, Max: 67375807.1, Diff: 0.0]
   [Code Root Fixup: 0.0 ms]
   [Code Root Purge: 0.0 ms]
   [Clear CT: 0.0 ms]
   [Other: 6.8 ms]
      [Choose CSet: 0.0 ms]
      [Ref Proc: 6.4 ms]
      [Ref Enq: 0.0 ms]
      [Redirty Cards: 0.0 ms]
      [Humongous Register: 0.1 ms]
      [Humongous Reclaim: 0.0 ms]
      [Free CSet: 0.1 ms]
   [Eden: 48.0M(48.0M)->0.0B(46.0M) Survivors: 3072.0K->5120.0K Heap: 355.1M(1024.0M)->308.6M(1024.0M)]
 [Times: user=0.02 sys=0.00, real=0.02 secs] 
2017-09-24T20:51:01.907+0900: 67473.829: [GC pause (G1 Evacuation Pause) (young), 0.0153138 secs]
   [Parallel Time: 14.6 ms, GC Workers: 2]
      [GC Worker Start (ms): Min: 67473829.3, Avg: 67473830.8, Max: 67473832.3, Diff: 3.0]
      [Ext Root Scanning (ms): Min: 0.0, Avg: 0.4, Max: 0.9, Diff: 0.9, Sum: 0.9]
      [Update RS (ms): Min: 0.0, Avg: 0.9, Max: 1.7, Diff: 1.7, Sum: 1.7]
         [Processed Buffers: Min: 0, Avg: 16.0, Max: 32, Diff: 32, Sum: 32]
      [Scan RS (ms): Min: 1.9, Avg: 2.1, Max: 2.2, Diff: 0.2, Sum: 4.1]
      [Code Root Scanning (ms): Min: 0.0, Avg: 0.0, Max: 0.0, Diff: 0.0, Sum: 0.0]
      [Object Copy (ms): Min: 9.7, Avg: 9.7, Max: 9.8, Diff: 0.1, Sum: 19.5]
      [Termination (ms): Min: 0.0, Avg: 0.0, Max: 0.0, Diff: 0.0, Sum: 0.0]
         [Termination Attempts: Min: 1, Avg: 1.0, Max: 1, Diff: 0, Sum: 2]
      [GC Worker Other (ms): Min: 0.0, Avg: 0.0, Max: 0.0, Diff: 0.0, Sum: 0.0]
      [GC Worker Total (ms): Min: 11.6, Avg: 13.1, Max: 14.6, Diff: 3.0, Sum: 26.2]
      [GC Worker End (ms): Min: 67473843.9, Avg: 67473843.9, Max: 67473843.9, Diff: 0.0]
   [Code Root Fixup: 0.0 ms]
   [Code Root Purge: 0.0 ms]
   [Clear CT: 0.1 ms]
   [Other: 0.5 ms]
      [Choose CSet: 0.0 ms]
      [Ref Proc: 0.3 ms]
      [Ref Enq: 0.0 ms]
      [Redirty Cards: 0.0 ms]
      [Humongous Register: 0.0 ms]
      [Humongous Reclaim: 0.0 ms]
      [Free CSet: 0.0 ms]
   [Eden: 46.0M(46.0M)->0.0B(44.0M) Survivors: 5120.0K->7168.0K Heap: 354.6M(1024.0M)->310.6M(1024.0M)]
 [Times: user=0.01 sys=0.00, real=0.01 secs] 
2017-09-24T20:52:35.515+0900: 67567.438: [GC pause (G1 Evacuation Pause) (young), 0.0287941 secs]
   [Parallel Time: 26.9 ms, GC Workers: 2]
      [GC Worker Start (ms): Min: 67567437.9, Avg: 67567438.0, Max: 67567438.0, Diff: 0.1]
      [Ext Root Scanning (ms): Min: 2.2, Avg: 2.2, Max: 2.2, Diff: 0.1, Sum: 4.4]
      [Update RS (ms): Min: 4.5, Avg: 4.6, Max: 4.6, Diff: 0.1, Sum: 9.2]
         [Processed Buffers: Min: 7, Avg: 16.0, Max: 25, Diff: 18, Sum: 32]
      [Scan RS (ms): Min: 4.3, Avg: 4.5, Max: 4.7, Diff: 0.4, Sum: 9.0]
      [Code Root Scanning (ms): Min: 0.0, Avg: 0.0, Max: 0.0, Diff: 0.0, Sum: 0.0]
      [Object Copy (ms): Min: 15.2, Avg: 15.3, Max: 15.5, Diff: 0.3, Sum: 30.6]
      [Termination (ms): Min: 0.0, Avg: 0.0, Max: 0.0, Diff: 0.0, Sum: 0.0]
         [Termination Attempts: Min: 1, Avg: 1.0, Max: 1, Diff: 0, Sum: 2]
      [GC Worker Other (ms): Min: 0.0, Avg: 0.0, Max: 0.0, Diff: 0.0, Sum: 0.1]
      [GC Worker Total (ms): Min: 26.6, Avg: 26.6, Max: 26.7, Diff: 0.1, Sum: 53.3]
      [GC Worker End (ms): Min: 67567464.6, Avg: 67567464.6, Max: 67567464.6, Diff: 0.0]
   [Code Root Fixup: 0.1 ms]
   [Code Root Purge: 0.0 ms]
   [Clear CT: 0.3 ms]
   [Other: 1.5 ms]
      [Choose CSet: 0.0 ms]
      [Ref Proc: 0.4 ms]
      [Ref Enq: 0.0 ms]
      [Redirty Cards: 0.5 ms]
      [Humongous Register: 0.1 ms]
      [Humongous Reclaim: 0.0 ms]
      [Free CSet: 0.1 ms]
   [Eden: 44.0M(44.0M)->0.0B(48.0M) Survivors: 7168.0K->3072.0K Heap: 354.6M(1024.0M)->309.1M(1024.0M)]
 [Times: user=0.05 sys=0.00, real=0.03 secs] 
2017-09-24T20:54:17.113+0900: 67669.035: [GC pause (G1 Evacuation Pause) (young), 0.0071085 secs]
   [Parallel Time: 6.5 ms, GC Workers: 2]
      [GC Worker Start (ms): Min: 67669035.4, Avg: 67669035.4, Max: 67669035.4, Diff: 0.0]
      [Ext Root Scanning (ms): Min: 0.6, Avg: 0.6, Max: 0.6, Diff: 0.0, Sum: 1.2]
      [Update RS (ms): Min: 0.8, Avg: 0.8, Max: 0.8, Diff: 0.0, Sum: 1.7]
         [Processed Buffers: Min: 9, Avg: 15.5, Max: 22, Diff: 13, Sum: 31]
      [Scan RS (ms): Min: 0.8, Avg: 1.1, Max: 1.3, Diff: 0.4, Sum: 2.1]
      [Code Root Scanning (ms): Min: 0.0, Avg: 0.0, Max: 0.0, Diff: 0.0, Sum: 0.0]
      [Object Copy (ms): Min: 3.8, Avg: 3.9, Max: 4.1, Diff: 0.4, Sum: 7.9]
      [Termination (ms): Min: 0.0, Avg: 0.0, Max: 0.0, Diff: 0.0, Sum: 0.0]
         [Termination Attempts: Min: 1, Avg: 1.0, Max: 1, Diff: 0, Sum: 2]
      [GC Worker Other (ms): Min: 0.0, Avg: 0.0, Max: 0.0, Diff: 0.0, Sum: 0.0]
      [GC Worker Total (ms): Min: 6.4, Avg: 6.4, Max: 6.4, Diff: 0.0, Sum: 12.9]
      [GC Worker End (ms): Min: 67669041.8, Avg: 67669041.8, Max: 67669041.8, Diff: 0.0]
   [Code Root Fixup: 0.0 ms]
   [Code Root Purge: 0.0 ms]
   [Clear CT: 0.0 ms]
   [Other: 0.5 ms]
      [Choose CSet: 0.0 ms]
      [Ref Proc: 0.2 ms]
      [Ref Enq: 0.0 ms]
      [Redirty Cards: 0.0 ms]
      [Humongous Register: 0.0 ms]
      [Humongous Reclaim: 0.0 ms]
      [Free CSet: 0.0 ms]
   [Eden: 48.0M(48.0M)->0.0B(46.0M) Survivors: 3072.0K->5120.0K Heap: 357.1M(1024.0M)->311.1M(1024.0M)]
 [Times: user=0.01 sys=0.00, real=0.01 secs] 
2017-09-24T20:55:54.157+0900: 67766.080: [GC pause (G1 Evacuation Pause) (young), 0.0090188 secs]
   [Parallel Time: 8.2 ms, GC Workers: 2]
      [GC Worker Start (ms): Min: 67766079.8, Avg: 67766079.8, Max: 67766079.9, Diff: 0.1]
      [Ext Root Scanning (ms): Min: 0.5, Avg: 0.5, Max: 0.6, Diff: 0.1, Sum: 1.1]
      [Update RS (ms): Min: 0.8, Avg: 0.8, Max: 0.8, Diff: 0.0, Sum: 1.6]
         [Processed Buffers: Min: 5, Avg: 16.0, Max: 27, Diff: 22, Sum: 32]
      [Scan RS (ms): Min: 0.6, Avg: 0.9, Max: 1.2, Diff: 0.6, Sum: 1.8]
      [Code Root Scanning (ms): Min: 0.0, Avg: 0.0, Max: 0.0, Diff: 0.0, Sum: 0.0]
      [Object Copy (ms): Min: 5.6, Avg: 5.9, Max: 6.1, Diff: 0.5, Sum: 11.8]
      [Termination (ms): Min: 0.0, Avg: 0.0, Max: 0.0, Diff: 0.0, Sum: 0.0]
         [Termination Attempts: Min: 3, Avg: 4.0, Max: 5, Diff: 2, Sum: 8]
      [GC Worker Other (ms): Min: 0.0, Avg: 0.0, Max: 0.0, Diff: 0.0, Sum: 0.0]
      [GC Worker Total (ms): Min: 8.1, Avg: 8.1, Max: 8.2, Diff: 0.1, Sum: 16.3]
      [GC Worker End (ms): Min: 67766088.0, Avg: 67766088.0, Max: 67766088.0, Diff: 0.0]
   [Code Root Fixup: 0.0 ms]
   [Code Root Purge: 0.0 ms]
   [Clear CT: 0.1 ms]
   [Other: 0.7 ms]
      [Choose CSet: 0.0 ms]
      [Ref Proc: 0.3 ms]
      [Ref Enq: 0.0 ms]
      [Redirty Cards: 0.2 ms]
      [Humongous Register: 0.0 ms]
      [Humongous Reclaim: 0.0 ms]
      [Free CSet: 0.0 ms]
   [Eden: 46.0M(46.0M)->0.0B(45.0M) Survivors: 5120.0K->6144.0K Heap: 357.1M(1024.0M)->312.8M(1024.0M)]
 [Times: user=0.02 sys=0.00, real=0.02 secs] 
2017-09-24T20:57:29.728+0900: 67861.651: [GC pause (G1 Evacuation Pause) (young), 0.0649521 secs]
   [Parallel Time: 63.4 ms, GC Workers: 2]
      [GC Worker Start (ms): Min: 67861651.3, Avg: 67861651.9, Max: 67861652.5, Diff: 1.2]
      [Ext Root Scanning (ms): Min: 1.7, Avg: 2.3, Max: 2.9, Diff: 1.2, Sum: 4.6]
      [Update RS (ms): Min: 3.6, Avg: 3.8, Max: 4.0, Diff: 0.4, Sum: 7.6]
         [Processed Buffers: Min: 8, Avg: 17.0, Max: 26, Diff: 18, Sum: 34]
      [Scan RS (ms): Min: 7.3, Avg: 7.9, Max: 8.4, Diff: 1.1, Sum: 15.7]
      [Code Root Scanning (ms): Min: 0.0, Avg: 0.0, Max: 0.0, Diff: 0.0, Sum: 0.0]
      [Object Copy (ms): Min: 39.4, Avg: 42.5, Max: 45.6, Diff: 6.2, Sum: 85.0]
      [Termination (ms): Min: 0.0, Avg: 4.0, Max: 7.9, Diff: 7.9, Sum: 7.9]
         [Termination Attempts: Min: 1, Avg: 1.0, Max: 1, Diff: 0, Sum: 2]
      [GC Worker Other (ms): Min: 0.0, Avg: 0.0, Max: 0.0, Diff: 0.0, Sum: 0.1]
      [GC Worker Total (ms): Min: 59.8, Avg: 60.4, Max: 61.1, Diff: 1.3, Sum: 120.8]
      [GC Worker End (ms): Min: 67861712.3, Avg: 67861712.3, Max: 67861712.4, Diff: 0.1]
   [Code Root Fixup: 0.1 ms]
   [Code Root Purge: 0.0 ms]
   [Clear CT: 0.1 ms]
   [Other: 1.4 ms]
      [Choose CSet: 0.0 ms]
      [Ref Proc: 0.4 ms]
      [Ref Enq: 0.0 ms]
      [Redirty Cards: 0.3 ms]
      [Humongous Register: 0.3 ms]
      [Humongous Reclaim: 0.0 ms]
      [Free CSet: 0.0 ms]
   [Eden: 45.0M(45.0M)->0.0B(48.0M) Survivors: 6144.0K->3072.0K Heap: 357.8M(1024.0M)->310.9M(1024.0M)]
 [Times: user=0.06 sys=0.00, real=0.06 secs] 
2017-09-24T20:59:11.656+0900: 67963.579: [GC pause (G1 Evacuation Pause) (young), 0.0502565 secs]
   [Parallel Time: 49.2 ms, GC Workers: 2]
      [GC Worker Start (ms): Min: 67963579.6, Avg: 67963579.7, Max: 67963579.7, Diff: 0.1]
      [Ext Root Scanning (ms): Min: 1.4, Avg: 1.5, Max: 1.6, Diff: 0.2, Sum: 3.0]
      [Update RS (ms): Min: 2.7, Avg: 2.9, Max: 3.2, Diff: 0.5, Sum: 5.9]
         [Processed Buffers: Min: 2, Avg: 16.0, Max: 30, Diff: 28, Sum: 32]
      [Scan RS (ms): Min: 2.4, Avg: 2.6, Max: 2.9, Diff: 0.5, Sum: 5.2]
      [Code Root Scanning (ms): Min: 0.0, Avg: 0.0, Max: 0.0, Diff: 0.0, Sum: 0.0]
      [Object Copy (ms): Min: 34.3, Avg: 36.1, Max: 37.8, Diff: 3.5, Sum: 72.1]
      [Termination (ms): Min: 0.0, Avg: 3.7, Max: 7.3, Diff: 7.3, Sum: 7.3]
         [Termination Attempts: Min: 1, Avg: 1.0, Max: 1, Diff: 0, Sum: 2]
      [GC Worker Other (ms): Min: 0.0, Avg: 0.1, Max: 0.1, Diff: 0.1, Sum: 0.2]
      [GC Worker Total (ms): Min: 44.8, Avg: 46.9, Max: 48.9, Diff: 4.1, Sum: 93.8]
      [GC Worker End (ms): Min: 67963624.6, Avg: 67963626.6, Max: 67963628.6, Diff: 4.0]
   [Code Root Fixup: 0.1 ms]
   [Code Root Purge: 0.0 ms]
   [Clear CT: 0.1 ms]
   [Other: 0.9 ms]
      [Choose CSet: 0.0 ms]
      [Ref Proc: 0.2 ms]
      [Ref Enq: 0.0 ms]
      [Redirty Cards: 0.1 ms]
      [Humongous Register: 0.1 ms]
      [Humongous Reclaim: 0.0 ms]
      [Free CSet: 0.1 ms]
   [Eden: 48.0M(48.0M)->0.0B(45.0M) Survivors: 3072.0K->6144.0K Heap: 358.9M(1024.0M)->313.4M(1024.0M)]
 [Times: user=0.05 sys=0.00, real=0.06 secs] 
2017-09-24T21:00:47.166+0900: 68059.088: [GC pause (G1 Evacuation Pause) (young), 0.0081327 secs]
   [Parallel Time: 7.0 ms, GC Workers: 2]
      [GC Worker Start (ms): Min: 68059088.6, Avg: 68059088.6, Max: 68059088.6, Diff: 0.1]
      [Ext Root Scanning (ms): Min: 0.6, Avg: 0.6, Max: 0.7, Diff: 0.1, Sum: 1.3]
      [Update RS (ms): Min: 0.6, Avg: 0.7, Max: 0.7, Diff: 0.0, Sum: 1.3]
         [Processed Buffers: Min: 15, Avg: 16.0, Max: 17, Diff: 2, Sum: 32]
      [Scan RS (ms): Min: 1.3, Avg: 1.3, Max: 1.3, Diff: 0.0, Sum: 2.6]
      [Code Root Scanning (ms): Min: 0.0, Avg: 0.0, Max: 0.0, Diff: 0.0, Sum: 0.0]
      [Object Copy (ms): Min: 4.2, Avg: 4.2, Max: 4.2, Diff: 0.0, Sum: 8.4]
      [Termination (ms): Min: 0.0, Avg: 0.0, Max: 0.0, Diff: 0.0, Sum: 0.0]
         [Termination Attempts: Min: 1, Avg: 1.0, Max: 1, Diff: 0, Sum: 2]
      [GC Worker Other (ms): Min: 0.0, Avg: 0.0, Max: 0.0, Diff: 0.0, Sum: 0.0]
      [GC Worker Total (ms): Min: 6.8, Avg: 6.8, Max: 6.8, Diff: 0.1, Sum: 13.6]
      [GC Worker End (ms): Min: 68059095.4, Avg: 68059095.4, Max: 68059095.4, Diff: 0.0]
   [Code Root Fixup: 0.1 ms]
   [Code Root Purge: 0.0 ms]
   [Clear CT: 0.1 ms]
   [Other: 1.0 ms]
      [Choose CSet: 0.0 ms]
      [Ref Proc: 0.4 ms]
      [Ref Enq: 0.0 ms]
      [Redirty Cards: 0.3 ms]
      [Humongous Register: 0.0 ms]
      [Humongous Reclaim: 0.0 ms]
      [Free CSet: 0.0 ms]
   [Eden: 45.0M(45.0M)->0.0B(48.0M) Survivors: 6144.0K->3072.0K Heap: 358.4M(1024.0M)->311.4M(1024.0M)]
 [Times: user=0.01 sys=0.01, real=0.01 secs] 
2017-09-24T21:02:29.135+0900: 68161.058: [GC pause (G1 Evacuation Pause) (young), 0.0179904 secs]
   [Parallel Time: 8.4 ms, GC Workers: 2]
      [GC Worker Start (ms): Min: 68161057.9, Avg: 68161057.9, Max: 68161058.0, Diff: 0.0]
      [Ext Root Scanning (ms): Min: 0.6, Avg: 0.6, Max: 0.7, Diff: 0.1, Sum: 1.3]
      [Update RS (ms): Min: 1.2, Avg: 1.3, Max: 1.4, Diff: 0.1, Sum: 2.6]
         [Processed Buffers: Min: 10, Avg: 16.0, Max: 22, Diff: 12, Sum: 32]
      [Scan RS (ms): Min: 0.8, Avg: 0.9, Max: 1.0, Diff: 0.1, Sum: 1.8]
      [Code Root Scanning (ms): Min: 0.0, Avg: 0.0, Max: 0.0, Diff: 0.0, Sum: 0.0]
      [Object Copy (ms): Min: 5.4, Avg: 5.5, Max: 5.5, Diff: 0.0, Sum: 10.9]
      [Termination (ms): Min: 0.0, Avg: 0.0, Max: 0.0, Diff: 0.0, Sum: 0.0]
         [Termination Attempts: Min: 1, Avg: 1.5, Max: 2, Diff: 1, Sum: 3]
      [GC Worker Other (ms): Min: 0.0, Avg: 0.0, Max: 0.0, Diff: 0.0, Sum: 0.0]
      [GC Worker Total (ms): Min: 8.3, Avg: 8.3, Max: 8.3, Diff: 0.0, Sum: 16.6]
      [GC Worker End (ms): Min: 68161066.3, Avg: 68161066.3, Max: 68161066.3, Diff: 0.0]
   [Code Root Fixup: 0.0 ms]
   [Code Root Purge: 0.0 ms]
   [Clear CT: 0.1 ms]
   [Other: 9.4 ms]
      [Choose CSet: 0.0 ms]
      [Ref Proc: 9.1 ms]
      [Ref Enq: 0.0 ms]
      [Redirty Cards: 0.1 ms]
      [Humongous Register: 0.0 ms]
      [Humongous Reclaim: 0.0 ms]
      [Free CSet: 0.0 ms]
   [Eden: 48.0M(48.0M)->0.0B(46.0M) Survivors: 3072.0K->5120.0K Heap: 359.4M(1024.0M)->313.4M(1024.0M)]
 [Times: user=0.01 sys=0.00, real=0.02 secs] 
2017-09-24T21:04:07.100+0900: 68259.022: [GC pause (G1 Evacuation Pause) (young), 0.0404020 secs]
   [Parallel Time: 37.7 ms, GC Workers: 2]
      [GC Worker Start (ms): Min: 68259022.6, Avg: 68259022.9, Max: 68259023.1, Diff: 0.4]
      [Ext Root Scanning (ms): Min: 1.0, Avg: 1.2, Max: 1.4, Diff: 0.4, Sum: 2.3]
      [Update RS (ms): Min: 1.4, Avg: 2.4, Max: 3.5, Diff: 2.1, Sum: 4.9]
         [Processed Buffers: Min: 6, Avg: 16.5, Max: 27, Diff: 21, Sum: 33]
      [Scan RS (ms): Min: 6.7, Avg: 8.5, Max: 10.4, Diff: 3.8, Sum: 17.1]
      [Code Root Scanning (ms): Min: 0.0, Avg: 0.0, Max: 0.0, Diff: 0.0, Sum: 0.0]
      [Object Copy (ms): Min: 14.7, Avg: 17.7, Max: 20.6, Diff: 5.9, Sum: 35.3]
      [Termination (ms): Min: 0.0, Avg: 5.7, Max: 11.4, Diff: 11.4, Sum: 11.4]
         [Termination Attempts: Min: 1, Avg: 1.0, Max: 1, Diff: 0, Sum: 2]
      [GC Worker Other (ms): Min: 0.0, Avg: 0.0, Max: 0.0, Diff: 0.0, Sum: 0.0]
      [GC Worker Total (ms): Min: 33.4, Avg: 35.5, Max: 37.6, Diff: 4.2, Sum: 71.0]
      [GC Worker End (ms): Min: 68259056.5, Avg: 68259058.4, Max: 68259060.2, Diff: 3.7]
   [Code Root Fixup: 0.0 ms]
   [Code Root Purge: 0.0 ms]
   [Clear CT: 1.5 ms]
   [Other: 1.1 ms]
      [Choose CSet: 0.0 ms]
      [Ref Proc: 0.7 ms]
      [Ref Enq: 0.0 ms]
      [Redirty Cards: 0.0 ms]
      [Humongous Register: 0.0 ms]
      [Humongous Reclaim: 0.0 ms]
      [Free CSet: 0.0 ms]
   [Eden: 46.0M(46.0M)->0.0B(45.0M) Survivors: 5120.0K->6144.0K Heap: 359.4M(1024.0M)->315.6M(1024.0M)]
 [Times: user=0.03 sys=0.00, real=0.04 secs] 
2017-09-24T21:05:42.591+0900: 68354.514: [GC pause (G1 Evacuation Pause) (young), 0.0270980 secs]
   [Parallel Time: 26.2 ms, GC Workers: 2]
      [GC Worker Start (ms): Min: 68354514.3, Avg: 68354516.9, Max: 68354519.6, Diff: 5.3]
      [Ext Root Scanning (ms): Min: 0.0, Avg: 0.8, Max: 1.5, Diff: 1.5, Sum: 1.5]
      [Update RS (ms): Min: 0.0, Avg: 1.0, Max: 2.0, Diff: 2.0, Sum: 2.0]
         [Processed Buffers: Min: 0, Avg: 16.0, Max: 32, Diff: 32, Sum: 32]
      [Scan RS (ms): Min: 0.9, Avg: 1.8, Max: 2.6, Diff: 1.7, Sum: 3.5]
      [Code Root Scanning (ms): Min: 0.0, Avg: 0.0, Max: 0.0, Diff: 0.0, Sum: 0.0]
      [Object Copy (ms): Min: 19.9, Avg: 20.0, Max: 20.0, Diff: 0.1, Sum: 39.9]
      [Termination (ms): Min: 0.0, Avg: 0.0, Max: 0.0, Diff: 0.0, Sum: 0.0]
         [Termination Attempts: Min: 1, Avg: 2.0, Max: 3, Diff: 2, Sum: 4]
      [GC Worker Other (ms): Min: 0.0, Avg: 0.0, Max: 0.0, Diff: 0.0, Sum: 0.0]
      [GC Worker Total (ms): Min: 20.9, Avg: 23.5, Max: 26.2, Diff: 5.3, Sum: 47.1]
      [GC Worker End (ms): Min: 68354540.4, Avg: 68354540.4, Max: 68354540.4, Diff: 0.0]
   [Code Root Fixup: 0.1 ms]
   [Code Root Purge: 0.0 ms]
   [Clear CT: 0.1 ms]
   [Other: 0.7 ms]
      [Choose CSet: 0.0 ms]
      [Ref Proc: 0.4 ms]
      [Ref Enq: 0.0 ms]
      [Redirty Cards: 0.1 ms]
      [Humongous Register: 0.0 ms]
      [Humongous Reclaim: 0.0 ms]
      [Free CSet: 0.1 ms]
   [Eden: 45.0M(45.0M)->0.0B(47.0M) Survivors: 6144.0K->4096.0K Heap: 360.6M(1024.0M)->314.3M(1024.0M)]
 [Times: user=0.04 sys=0.00, real=0.03 secs] 
2017-09-24T21:07:19.121+0900: 68451.044: [GC pause (G1 Evacuation Pause) (young), 0.0285688 secs]
   [Parallel Time: 26.0 ms, GC Workers: 2]
      [GC Worker Start (ms): Min: 68451044.4, Avg: 68451044.5, Max: 68451044.5, Diff: 0.1]
      [Ext Root Scanning (ms): Min: 1.3, Avg: 1.4, Max: 1.5, Diff: 0.2, Sum: 2.8]
      [Update RS (ms): Min: 3.2, Avg: 3.3, Max: 3.4, Diff: 0.2, Sum: 6.6]
         [Processed Buffers: Min: 16, Avg: 18.0, Max: 20, Diff: 4, Sum: 36]
      [Scan RS (ms): Min: 2.4, Avg: 2.6, Max: 2.7, Diff: 0.3, Sum: 5.2]
      [Code Root Scanning (ms): Min: 0.0, Avg: 0.0, Max: 0.0, Diff: 0.0, Sum: 0.0]
      [Object Copy (ms): Min: 18.4, Avg: 18.4, Max: 18.4, Diff: 0.0, Sum: 36.9]
      [Termination (ms): Min: 0.0, Avg: 0.0, Max: 0.0, Diff: 0.0, Sum: 0.0]
         [Termination Attempts: Min: 1, Avg: 1.0, Max: 1, Diff: 0, Sum: 2]
      [GC Worker Other (ms): Min: 0.0, Avg: 0.0, Max: 0.0, Diff: 0.0, Sum: 0.0]
      [GC Worker Total (ms): Min: 25.7, Avg: 25.7, Max: 25.8, Diff: 0.1, Sum: 51.4]
      [GC Worker End (ms): Min: 68451070.2, Avg: 68451070.2, Max: 68451070.2, Diff: 0.0]
   [Code Root Fixup: 0.1 ms]
   [Code Root Purge: 0.0 ms]
   [Clear CT: 0.2 ms]
   [Other: 2.3 ms]
      [Choose CSet: 0.0 ms]
      [Ref Proc: 1.9 ms]
      [Ref Enq: 0.0 ms]
      [Redirty Cards: 0.1 ms]
      [Humongous Register: 0.0 ms]
      [Humongous Reclaim: 0.0 ms]
      [Free CSet: 0.1 ms]
   [Eden: 47.0M(47.0M)->0.0B(45.0M) Survivors: 4096.0K->6144.0K Heap: 361.3M(1024.0M)->316.8M(1024.0M)]
 [Times: user=0.05 sys=0.00, real=0.03 secs] 
2017-09-24T21:08:55.088+0900: 68547.010: [GC pause (G1 Evacuation Pause) (young), 0.0076982 secs]
   [Parallel Time: 7.1 ms, GC Workers: 2]
      [GC Worker Start (ms): Min: 68547010.5, Avg: 68547010.5, Max: 68547010.5, Diff: 0.0]
      [Ext Root Scanning (ms): Min: 0.5, Avg: 0.5, Max: 0.5, Diff: 0.1, Sum: 1.0]
      [Update RS (ms): Min: 0.6, Avg: 0.6, Max: 0.7, Diff: 0.0, Sum: 1.3]
         [Processed Buffers: Min: 1, Avg: 16.0, Max: 31, Diff: 30, Sum: 32]
      [Scan RS (ms): Min: 0.7, Avg: 0.7, Max: 0.7, Diff: 0.0, Sum: 1.5]
      [Code Root Scanning (ms): Min: 0.0, Avg: 0.0, Max: 0.0, Diff: 0.0, Sum: 0.0]
      [Object Copy (ms): Min: 3.5, Avg: 3.5, Max: 3.5, Diff: 0.0, Sum: 7.0]
      [Termination (ms): Min: 0.0, Avg: 0.0, Max: 0.0, Diff: 0.0, Sum: 0.0]
         [Termination Attempts: Min: 1, Avg: 1.0, Max: 1, Diff: 0, Sum: 2]
      [GC Worker Other (ms): Min: 0.0, Avg: 0.0, Max: 0.0, Diff: 0.0, Sum: 0.0]
      [GC Worker Total (ms): Min: 5.4, Avg: 5.4, Max: 5.4, Diff: 0.0, Sum: 10.8]
      [GC Worker End (ms): Min: 68547015.9, Avg: 68547015.9, Max: 68547015.9, Diff: 0.0]
   [Code Root Fixup: 0.0 ms]
   [Code Root Purge: 0.0 ms]
   [Clear CT: 0.0 ms]
   [Other: 0.6 ms]
      [Choose CSet: 0.0 ms]
      [Ref Proc: 0.1 ms]
      [Ref Enq: 0.0 ms]
      [Redirty Cards: 0.1 ms]
      [Humongous Register: 0.0 ms]
      [Humongous Reclaim: 0.0 ms]
      [Free CSet: 0.1 ms]
   [Eden: 45.0M(45.0M)->0.0B(48.0M) Survivors: 6144.0K->3072.0K Heap: 361.8M(1024.0M)->314.9M(1024.0M)]
 [Times: user=0.00 sys=0.00, real=0.00 secs] 
2017-09-24T21:10:37.072+0900: 68648.994: [GC pause (G1 Evacuation Pause) (young), 0.0082846 secs]
   [Parallel Time: 7.5 ms, GC Workers: 2]
      [GC Worker Start (ms): Min: 68648994.5, Avg: 68648994.6, Max: 68648994.6, Diff: 0.0]
      [Ext Root Scanning (ms): Min: 0.6, Avg: 0.6, Max: 0.6, Diff: 0.1, Sum: 1.2]
      [Update RS (ms): Min: 0.8, Avg: 0.8, Max: 0.8, Diff: 0.0, Sum: 1.6]
         [Processed Buffers: Min: 11, Avg: 16.5, Max: 22, Diff: 11, Sum: 33]
      [Scan RS (ms): Min: 0.8, Avg: 0.8, Max: 0.8, Diff: 0.0, Sum: 1.6]
      [Code Root Scanning (ms): Min: 0.0, Avg: 0.0, Max: 0.0, Diff: 0.0, Sum: 0.0]
      [Object Copy (ms): Min: 5.3, Avg: 5.3, Max: 5.3, Diff: 0.0, Sum: 10.6]
      [Termination (ms): Min: 0.0, Avg: 0.0, Max: 0.0, Diff: 0.0, Sum: 0.0]
         [Termination Attempts: Min: 1, Avg: 1.0, Max: 1, Diff: 0, Sum: 2]
      [GC Worker Other (ms): Min: 0.0, Avg: 0.0, Max: 0.0, Diff: 0.0, Sum: 0.0]
      [GC Worker Total (ms): Min: 7.5, Avg: 7.5, Max: 7.5, Diff: 0.0, Sum: 15.0]
      [GC Worker End (ms): Min: 68649002.1, Avg: 68649002.1, Max: 68649002.1, Diff: 0.0]
   [Code Root Fixup: 0.0 ms]
   [Code Root Purge: 0.0 ms]
   [Clear CT: 0.1 ms]
   [Other: 0.6 ms]
      [Choose CSet: 0.0 ms]
      [Ref Proc: 0.2 ms]
      [Ref Enq: 0.0 ms]
      [Redirty Cards: 0.1 ms]
      [Humongous Register: 0.0 ms]
      [Humongous Reclaim: 0.0 ms]
      [Free CSet: 0.1 ms]
   [Eden: 48.0M(48.0M)->0.0B(46.0M) Survivors: 3072.0K->5120.0K Heap: 362.9M(1024.0M)->316.4M(1024.0M)]
 [Times: user=0.02 sys=0.00, real=0.01 secs] 
2017-09-24T21:12:14.222+0900: 68746.145: [GC pause (G1 Evacuation Pause) (young), 0.0182359 secs]
   [Parallel Time: 17.1 ms, GC Workers: 2]
      [GC Worker Start (ms): Min: 68746144.9, Avg: 68746144.9, Max: 68746144.9, Diff: 0.0]
      [Ext Root Scanning (ms): Min: 0.6, Avg: 0.6, Max: 0.7, Diff: 0.1, Sum: 1.3]
      [Update RS (ms): Min: 0.6, Avg: 0.6, Max: 0.7, Diff: 0.0, Sum: 1.3]
         [Processed Buffers: Min: 5, Avg: 17.0, Max: 29, Diff: 24, Sum: 34]
      [Scan RS (ms): Min: 0.6, Avg: 0.6, Max: 0.6, Diff: 0.0, Sum: 1.2]
      [Code Root Scanning (ms): Min: 0.0, Avg: 0.0, Max: 0.0, Diff: 0.0, Sum: 0.0]
      [Object Copy (ms): Min: 6.4, Avg: 6.4, Max: 6.4, Diff: 0.0, Sum: 12.8]
      [Termination (ms): Min: 0.0, Avg: 0.0, Max: 0.0, Diff: 0.0, Sum: 0.0]
         [Termination Attempts: Min: 1, Avg: 1.0, Max: 1, Diff: 0, Sum: 2]
      [GC Worker Other (ms): Min: 0.0, Avg: 0.0, Max: 0.0, Diff: 0.0, Sum: 0.0]
      [GC Worker Total (ms): Min: 8.3, Avg: 8.3, Max: 8.3, Diff: 0.0, Sum: 16.5]
      [GC Worker End (ms): Min: 68746153.2, Avg: 68746153.2, Max: 68746153.2, Diff: 0.0]
   [Code Root Fixup: 0.1 ms]
   [Code Root Purge: 0.0 ms]
   [Clear CT: 0.1 ms]
   [Other: 1.0 ms]
      [Choose CSet: 0.0 ms]
      [Ref Proc: 0.5 ms]
      [Ref Enq: 0.0 ms]
      [Redirty Cards: 0.0 ms]
      [Humongous Register: 0.1 ms]
      [Humongous Reclaim: 0.0 ms]
      [Free CSet: 0.1 ms]
   [Eden: 46.0M(46.0M)->0.0B(46.0M) Survivors: 5120.0K->5120.0K Heap: 362.4M(1024.0M)->317.9M(1024.0M)]
 [Times: user=0.02 sys=0.00, real=0.02 secs] 
2017-09-24T21:13:52.245+0900: 68844.167: [GC pause (G1 Evacuation Pause) (young), 0.0139530 secs]
   [Parallel Time: 7.8 ms, GC Workers: 2]
      [GC Worker Start (ms): Min: 68844167.6, Avg: 68844168.3, Max: 68844169.0, Diff: 1.4]
      [Ext Root Scanning (ms): Min: 0.0, Avg: 0.5, Max: 0.9, Diff: 0.9, Sum: 0.9]
      [Update RS (ms): Min: 1.2, Avg: 1.4, Max: 1.5, Diff: 0.3, Sum: 2.7]
         [Processed Buffers: Min: 11, Avg: 18.5, Max: 26, Diff: 15, Sum: 37]
      [Scan RS (ms): Min: 0.3, Avg: 0.4, Max: 0.4, Diff: 0.1, Sum: 0.7]
      [Code Root Scanning (ms): Min: 0.0, Avg: 0.0, Max: 0.0, Diff: 0.0, Sum: 0.0]
      [Object Copy (ms): Min: 4.8, Avg: 4.8, Max: 4.8, Diff: 0.1, Sum: 9.6]
      [Termination (ms): Min: 0.0, Avg: 0.0, Max: 0.0, Diff: 0.0, Sum: 0.0]
         [Termination Attempts: Min: 1, Avg: 1.0, Max: 1, Diff: 0, Sum: 2]
      [GC Worker Other (ms): Min: 0.0, Avg: 0.0, Max: 0.0, Diff: 0.0, Sum: 0.0]
      [GC Worker Total (ms): Min: 6.3, Avg: 7.0, Max: 7.7, Diff: 1.4, Sum: 14.0]
      [GC Worker End (ms): Min: 68844175.3, Avg: 68844175.3, Max: 68844175.3, Diff: 0.0]
   [Code Root Fixup: 0.1 ms]
   [Code Root Purge: 0.0 ms]
   [Clear CT: 0.0 ms]
   [Other: 6.1 ms]
      [Choose CSet: 0.0 ms]
      [Ref Proc: 5.8 ms]
      [Ref Enq: 0.0 ms]
      [Redirty Cards: 0.0 ms]
      [Humongous Register: 0.0 ms]
      [Humongous Reclaim: 0.0 ms]
      [Free CSet: 0.0 ms]
   [Eden: 46.0M(46.0M)->0.0B(48.0M) Survivors: 5120.0K->3072.0K Heap: 363.9M(1024.0M)->317.3M(1024.0M)]
 [Times: user=0.01 sys=0.00, real=0.02 secs] 
2017-09-24T21:15:34.177+0900: 68946.100: [GC pause (G1 Evacuation Pause) (young), 0.0304850 secs]
   [Parallel Time: 29.5 ms, GC Workers: 2]
      [GC Worker Start (ms): Min: 68946099.7, Avg: 68946108.9, Max: 68946118.0, Diff: 18.2]
      [Ext Root Scanning (ms): Min: 0.0, Avg: 0.6, Max: 1.1, Diff: 1.1, Sum: 1.1]
      [Update RS (ms): Min: 0.0, Avg: 1.0, Max: 1.9, Diff: 1.9, Sum: 1.9]
         [Processed Buffers: Min: 0, Avg: 19.0, Max: 38, Diff: 38, Sum: 38]
      [Scan RS (ms): Min: 0.0, Avg: 0.5, Max: 1.0, Diff: 1.0, Sum: 1.0]
      [Code Root Scanning (ms): Min: 0.0, Avg: 0.0, Max: 0.0, Diff: 0.0, Sum: 0.0]
      [Object Copy (ms): Min: 10.6, Avg: 17.9, Max: 25.3, Diff: 14.7, Sum: 35.8]
      [Termination (ms): Min: 0.0, Avg: 0.3, Max: 0.6, Diff: 0.6, Sum: 0.6]
         [Termination Attempts: Min: 1, Avg: 1.0, Max: 1, Diff: 0, Sum: 2]
      [GC Worker Other (ms): Min: 0.0, Avg: 0.0, Max: 0.0, Diff: 0.0, Sum: 0.0]
      [GC Worker Total (ms): Min: 11.2, Avg: 20.3, Max: 29.3, Diff: 18.2, Sum: 40.5]
      [GC Worker End (ms): Min: 68946129.1, Avg: 68946129.1, Max: 68946129.1, Diff: 0.1]
   [Code Root Fixup: 0.0 ms]
   [Code Root Purge: 0.0 ms]
   [Clear CT: 0.2 ms]
   [Other: 0.8 ms]
      [Choose CSet: 0.0 ms]
      [Ref Proc: 0.4 ms]
      [Ref Enq: 0.0 ms]
      [Redirty Cards: 0.1 ms]
      [Humongous Register: 0.0 ms]
      [Humongous Reclaim: 0.0 ms]
      [Free CSet: 0.1 ms]
   [Eden: 48.0M(48.0M)->0.0B(46.0M) Survivors: 3072.0K->5120.0K Heap: 365.3M(1024.0M)->319.3M(1024.0M)]
 [Times: user=0.03 sys=0.00, real=0.04 secs] 
2017-09-24T21:17:11.738+0900: 69043.660: [GC pause (G1 Evacuation Pause) (young), 0.0136638 secs]
   [Parallel Time: 8.9 ms, GC Workers: 2]
      [GC Worker Start (ms): Min: 69043660.6, Avg: 69043660.6, Max: 69043660.7, Diff: 0.0]
      [Ext Root Scanning (ms): Min: 0.8, Avg: 0.8, Max: 0.9, Diff: 0.1, Sum: 1.7]
      [Update RS (ms): Min: 2.2, Avg: 2.5, Max: 2.7, Diff: 0.4, Sum: 4.9]
         [Processed Buffers: Min: 1, Avg: 19.0, Max: 37, Diff: 36, Sum: 38]
      [Scan RS (ms): Min: 0.7, Avg: 0.7, Max: 0.8, Diff: 0.1, Sum: 1.5]
      [Code Root Scanning (ms): Min: 0.0, Avg: 0.0, Max: 0.0, Diff: 0.0, Sum: 0.0]
      [Object Copy (ms): Min: 4.6, Avg: 4.7, Max: 4.9, Diff: 0.3, Sum: 9.5]
      [Termination (ms): Min: 0.0, Avg: 0.0, Max: 0.0, Diff: 0.0, Sum: 0.0]
         [Termination Attempts: Min: 1, Avg: 1.0, Max: 1, Diff: 0, Sum: 2]
      [GC Worker Other (ms): Min: 0.0, Avg: 0.0, Max: 0.0, Diff: 0.0, Sum: 0.0]
      [GC Worker Total (ms): Min: 8.8, Avg: 8.8, Max: 8.8, Diff: 0.0, Sum: 17.6]
      [GC Worker End (ms): Min: 69043669.4, Avg: 69043669.4, Max: 69043669.4, Diff: 0.0]
   [Code Root Fixup: 0.0 ms]
   [Code Root Purge: 0.0 ms]
   [Clear CT: 0.1 ms]
   [Other: 4.6 ms]
      [Choose CSet: 0.0 ms]
      [Ref Proc: 4.0 ms]
      [Ref Enq: 0.0 ms]
      [Redirty Cards: 0.1 ms]
      [Humongous Register: 0.0 ms]
      [Humongous Reclaim: 0.0 ms]
      [Free CSet: 0.0 ms]
   [Eden: 46.0M(46.0M)->0.0B(48.0M) Survivors: 5120.0K->3072.0K Heap: 365.3M(1024.0M)->317.9M(1024.0M)]
 [Times: user=0.02 sys=0.00, real=0.02 secs] 
2017-09-24T21:18:53.826+0900: 69145.749: [GC pause (G1 Evacuation Pause) (young), 0.0196739 secs]
   [Parallel Time: 18.6 ms, GC Workers: 2]
      [GC Worker Start (ms): Min: 69145748.7, Avg: 69145748.7, Max: 69145748.7, Diff: 0.0]
      [Ext Root Scanning (ms): Min: 0.5, Avg: 0.5, Max: 0.6, Diff: 0.1, Sum: 1.1]
      [Update RS (ms): Min: 1.1, Avg: 1.1, Max: 1.1, Diff: 0.0, Sum: 2.2]
         [Processed Buffers: Min: 16, Avg: 19.0, Max: 22, Diff: 6, Sum: 38]
      [Scan RS (ms): Min: 0.6, Avg: 6.5, Max: 12.4, Diff: 11.7, Sum: 13.0]
      [Code Root Scanning (ms): Min: 0.0, Avg: 0.0, Max: 0.0, Diff: 0.0, Sum: 0.0]
      [Object Copy (ms): Min: 4.5, Avg: 10.4, Max: 16.3, Diff: 11.7, Sum: 20.8]
      [Termination (ms): Min: 0.0, Avg: 0.0, Max: 0.0, Diff: 0.0, Sum: 0.0]
         [Termination Attempts: Min: 1, Avg: 1.0, Max: 1, Diff: 0, Sum: 2]
      [GC Worker Other (ms): Min: 0.0, Avg: 0.0, Max: 0.0, Diff: 0.0, Sum: 0.0]
      [GC Worker Total (ms): Min: 18.5, Avg: 18.5, Max: 18.6, Diff: 0.0, Sum: 37.1]
      [GC Worker End (ms): Min: 69145767.2, Avg: 69145767.2, Max: 69145767.2, Diff: 0.0]
   [Code Root Fixup: 0.1 ms]
   [Code Root Purge: 0.0 ms]
   [Clear CT: 0.1 ms]
   [Other: 0.9 ms]
      [Choose CSet: 0.0 ms]
      [Ref Proc: 0.4 ms]
      [Ref Enq: 0.0 ms]
      [Redirty Cards: 0.1 ms]
      [Humongous Register: 0.0 ms]
      [Humongous Reclaim: 0.0 ms]
      [Free CSet: 0.1 ms]
   [Eden: 48.0M(48.0M)->0.0B(47.0M) Survivors: 3072.0K->4096.0K Heap: 365.9M(1024.0M)->319.4M(1024.0M)]
 [Times: user=0.03 sys=0.00, real=0.02 secs] 
2017-09-24T21:20:33.838+0900: 69245.761: [GC pause (G1 Evacuation Pause) (young), 0.0120241 secs]
   [Parallel Time: 10.7 ms, GC Workers: 2]
      [GC Worker Start (ms): Min: 69245760.9, Avg: 69245760.9, Max: 69245760.9, Diff: 0.0]
      [Ext Root Scanning (ms): Min: 0.9, Avg: 1.0, Max: 1.1, Diff: 0.1, Sum: 2.0]
      [Update RS (ms): Min: 1.3, Avg: 1.4, Max: 1.6, Diff: 0.3, Sum: 2.8]
         [Processed Buffers: Min: 14, Avg: 19.5, Max: 25, Diff: 11, Sum: 39]
      [Scan RS (ms): Min: 0.3, Avg: 0.5, Max: 0.6, Diff: 0.3, Sum: 1.0]
      [Code Root Scanning (ms): Min: 0.0, Avg: 0.0, Max: 0.0, Diff: 0.0, Sum: 0.0]
      [Object Copy (ms): Min: 5.9, Avg: 6.8, Max: 7.7, Diff: 1.8, Sum: 13.6]
      [Termination (ms): Min: 0.0, Avg: 0.8, Max: 1.7, Diff: 1.7, Sum: 1.7]
         [Termination Attempts: Min: 1, Avg: 1.0, Max: 1, Diff: 0, Sum: 2]
      [GC Worker Other (ms): Min: 0.0, Avg: 0.0, Max: 0.0, Diff: 0.0, Sum: 0.0]
      [GC Worker Total (ms): Min: 10.6, Avg: 10.6, Max: 10.6, Diff: 0.0, Sum: 21.1]
      [GC Worker End (ms): Min: 69245771.4, Avg: 69245771.4, Max: 69245771.4, Diff: 0.0]
   [Code Root Fixup: 0.0 ms]
   [Code Root Purge: 0.0 ms]
   [Clear CT: 0.2 ms]
   [Other: 1.1 ms]
      [Choose CSet: 0.0 ms]
      [Ref Proc: 0.3 ms]
      [Ref Enq: 0.0 ms]
      [Redirty Cards: 0.3 ms]
      [Humongous Register: 0.1 ms]
      [Humongous Reclaim: 0.0 ms]
      [Free CSet: 0.0 ms]
   [Eden: 47.0M(47.0M)->0.0B(44.0M) Survivors: 4096.0K->7168.0K Heap: 366.4M(1024.0M)->321.9M(1024.0M)]
 [Times: user=0.02 sys=0.00, real=0.01 secs] 
2017-09-24T21:22:03.841+0900: 69335.764: [GC pause (G1 Evacuation Pause) (young), 0.0127836 secs]
   [Parallel Time: 11.9 ms, GC Workers: 2]
      [GC Worker Start (ms): Min: 69335764.4, Avg: 69335764.4, Max: 69335764.4, Diff: 0.0]
      [Ext Root Scanning (ms): Min: 1.0, Avg: 1.1, Max: 1.1, Diff: 0.1, Sum: 2.1]
      [Update RS (ms): Min: 2.8, Avg: 2.8, Max: 2.9, Diff: 0.1, Sum: 5.7]
         [Processed Buffers: Min: 15, Avg: 19.0, Max: 23, Diff: 8, Sum: 38]
      [Scan RS (ms): Min: 2.8, Avg: 3.0, Max: 3.1, Diff: 0.4, Sum: 5.9]
      [Code Root Scanning (ms): Min: 0.0, Avg: 0.0, Max: 0.0, Diff: 0.0, Sum: 0.0]
      [Object Copy (ms): Min: 4.9, Avg: 5.0, Max: 5.0, Diff: 0.1, Sum: 9.9]
      [Termination (ms): Min: 0.0, Avg: 0.0, Max: 0.0, Diff: 0.0, Sum: 0.0]
         [Termination Attempts: Min: 1, Avg: 1.0, Max: 1, Diff: 0, Sum: 2]
      [GC Worker Other (ms): Min: 0.0, Avg: 0.0, Max: 0.0, Diff: 0.0, Sum: 0.0]
      [GC Worker Total (ms): Min: 11.8, Avg: 11.8, Max: 11.8, Diff: 0.0, Sum: 23.7]
      [GC Worker End (ms): Min: 69335776.2, Avg: 69335776.2, Max: 69335776.2, Diff: 0.0]
   [Code Root Fixup: 0.1 ms]
   [Code Root Purge: 0.0 ms]
   [Clear CT: 0.1 ms]
   [Other: 0.7 ms]
      [Choose CSet: 0.0 ms]
      [Ref Proc: 0.1 ms]
      [Ref Enq: 0.0 ms]
      [Redirty Cards: 0.2 ms]
      [Humongous Register: 0.1 ms]
      [Humongous Reclaim: 0.0 ms]
      [Free CSet: 0.0 ms]
   [Eden: 44.0M(44.0M)->0.0B(47.0M) Survivors: 7168.0K->4096.0K Heap: 365.9M(1024.0M)->320.9M(1024.0M)]
 [Times: user=0.02 sys=0.00, real=0.01 secs] 
2017-09-24T21:23:43.847+0900: 69435.769: [GC pause (G1 Evacuation Pause) (young), 0.0139344 secs]
   [Parallel Time: 13.0 ms, GC Workers: 2]
      [GC Worker Start (ms): Min: 69435769.5, Avg: 69435769.5, Max: 69435769.5, Diff: 0.0]
      [Ext Root Scanning (ms): Min: 1.3, Avg: 1.4, Max: 1.5, Diff: 0.1, Sum: 2.8]
      [Update RS (ms): Min: 2.6, Avg: 2.7, Max: 2.8, Diff: 0.2, Sum: 5.3]
         [Processed Buffers: Min: 13, Avg: 19.5, Max: 26, Diff: 13, Sum: 39]
      [Scan RS (ms): Min: 1.5, Avg: 2.4, Max: 3.2, Diff: 1.7, Sum: 4.7]
      [Code Root Scanning (ms): Min: 0.0, Avg: 0.0, Max: 0.0, Diff: 0.0, Sum: 0.0]
      [Object Copy (ms): Min: 5.5, Avg: 6.4, Max: 7.3, Diff: 1.8, Sum: 12.8]
      [Termination (ms): Min: 0.0, Avg: 0.0, Max: 0.0, Diff: 0.0, Sum: 0.0]
         [Termination Attempts: Min: 1, Avg: 1.0, Max: 1, Diff: 0, Sum: 2]
      [GC Worker Other (ms): Min: 0.0, Avg: 0.0, Max: 0.0, Diff: 0.0, Sum: 0.0]
      [GC Worker Total (ms): Min: 12.8, Avg: 12.9, Max: 12.9, Diff: 0.0, Sum: 25.7]
      [GC Worker End (ms): Min: 69435782.4, Avg: 69435782.4, Max: 69435782.4, Diff: 0.0]
   [Code Root Fixup: 0.0 ms]
   [Code Root Purge: 0.0 ms]
   [Clear CT: 0.1 ms]
   [Other: 0.8 ms]
      [Choose CSet: 0.0 ms]
      [Ref Proc: 0.2 ms]
      [Ref Enq: 0.0 ms]
      [Redirty Cards: 0.2 ms]
      [Humongous Register: 0.1 ms]
      [Humongous Reclaim: 0.0 ms]
      [Free CSet: 0.0 ms]
   [Eden: 47.0M(47.0M)->0.0B(49.0M) Survivors: 4096.0K->6144.0K Heap: 367.9M(1024.0M)->322.4M(1024.0M)]
 [Times: user=0.02 sys=0.00, real=0.01 secs] 
2017-09-24T21:25:28.425+0900: 69540.348: [GC pause (G1 Evacuation Pause) (young), 0.0184561 secs]
   [Parallel Time: 17.3 ms, GC Workers: 2]
      [GC Worker Start (ms): Min: 69540348.0, Avg: 69540348.0, Max: 69540348.0, Diff: 0.1]
      [Ext Root Scanning (ms): Min: 1.3, Avg: 1.3, Max: 1.4, Diff: 0.1, Sum: 2.7]
      [Update RS (ms): Min: 2.2, Avg: 2.5, Max: 2.8, Diff: 0.6, Sum: 5.0]
         [Processed Buffers: Min: 7, Avg: 18.0, Max: 29, Diff: 22, Sum: 36]
      [Scan RS (ms): Min: 2.2, Avg: 3.4, Max: 4.5, Diff: 2.4, Sum: 6.7]
      [Code Root Scanning (ms): Min: 0.0, Avg: 0.0, Max: 0.0, Diff: 0.0, Sum: 0.0]
      [Object Copy (ms): Min: 9.0, Avg: 9.9, Max: 10.8, Diff: 1.8, Sum: 19.8]
      [Termination (ms): Min: 0.0, Avg: 0.0, Max: 0.0, Diff: 0.0, Sum: 0.0]
         [Termination Attempts: Min: 1, Avg: 1.0, Max: 1, Diff: 0, Sum: 2]
      [GC Worker Other (ms): Min: 0.0, Avg: 0.0, Max: 0.0, Diff: 0.0, Sum: 0.0]
      [GC Worker Total (ms): Min: 17.1, Avg: 17.1, Max: 17.1, Diff: 0.1, Sum: 34.2]
      [GC Worker End (ms): Min: 69540365.1, Avg: 69540365.1, Max: 69540365.1, Diff: 0.0]
   [Code Root Fixup: 0.1 ms]
   [Code Root Purge: 0.0 ms]
   [Clear CT: 0.2 ms]
   [Other: 0.9 ms]
      [Choose CSet: 0.0 ms]
      [Ref Proc: 0.3 ms]
      [Ref Enq: 0.0 ms]
      [Redirty Cards: 0.2 ms]
      [Humongous Register: 0.0 ms]
      [Humongous Reclaim: 0.0 ms]
      [Free CSet: 0.1 ms]
   [Eden: 49.0M(49.0M)->0.0B(69.0M) Survivors: 6144.0K->3072.0K Heap: 371.4M(1024.0M)->321.5M(1024.0M)]
 [Times: user=0.03 sys=0.00, real=0.02 secs] 
2017-09-24T21:27:55.161+0900: 69687.083: [GC pause (G1 Evacuation Pause) (young), 0.0360661 secs]
   [Parallel Time: 34.5 ms, GC Workers: 2]
      [GC Worker Start (ms): Min: 69687084.1, Avg: 69687084.2, Max: 69687084.3, Diff: 0.1]
      [Ext Root Scanning (ms): Min: 2.3, Avg: 2.4, Max: 2.4, Diff: 0.2, Sum: 4.7]
      [Update RS (ms): Min: 6.5, Avg: 6.7, Max: 6.8, Diff: 0.2, Sum: 13.3]
         [Processed Buffers: Min: 3, Avg: 18.0, Max: 33, Diff: 30, Sum: 36]
      [Scan RS (ms): Min: 4.8, Avg: 5.1, Max: 5.3, Diff: 0.5, Sum: 10.1]
      [Code Root Scanning (ms): Min: 0.0, Avg: 0.0, Max: 0.0, Diff: 0.0, Sum: 0.0]
      [Object Copy (ms): Min: 19.9, Avg: 20.1, Max: 20.2, Diff: 0.3, Sum: 40.2]
      [Termination (ms): Min: 0.0, Avg: 0.0, Max: 0.0, Diff: 0.0, Sum: 0.1]
         [Termination Attempts: Min: 1, Avg: 1.5, Max: 2, Diff: 1, Sum: 3]
      [GC Worker Other (ms): Min: 0.0, Avg: 0.0, Max: 0.0, Diff: 0.0, Sum: 0.1]
      [GC Worker Total (ms): Min: 34.1, Avg: 34.2, Max: 34.3, Diff: 0.1, Sum: 68.4]
      [GC Worker End (ms): Min: 69687118.4, Avg: 69687118.4, Max: 69687118.4, Diff: 0.0]
   [Code Root Fixup: 0.1 ms]
   [Code Root Purge: 0.0 ms]
   [Clear CT: 0.2 ms]
   [Other: 1.3 ms]
      [Choose CSet: 0.0 ms]
      [Ref Proc: 0.5 ms]
      [Ref Enq: 0.0 ms]
      [Redirty Cards: 0.1 ms]
      [Humongous Register: 0.1 ms]
      [Humongous Reclaim: 0.0 ms]
      [Free CSet: 0.1 ms]
   [Eden: 69.0M(69.0M)->0.0B(46.0M) Survivors: 3072.0K->5120.0K Heap: 390.5M(1024.0M)->324.0M(1024.0M)]
 [Times: user=0.07 sys=0.00, real=0.03 secs] 
2017-09-24T21:29:33.154+0900: 69785.077: [GC pause (G1 Evacuation Pause) (young), 0.0173713 secs]
   [Parallel Time: 16.1 ms, GC Workers: 2]
      [GC Worker Start (ms): Min: 69785077.1, Avg: 69785077.1, Max: 69785077.2, Diff: 0.1]
      [Ext Root Scanning (ms): Min: 2.0, Avg: 2.1, Max: 2.2, Diff: 0.2, Sum: 4.2]
      [Update RS (ms): Min: 2.8, Avg: 2.9, Max: 3.0, Diff: 0.2, Sum: 5.8]
         [Processed Buffers: Min: 7, Avg: 17.0, Max: 27, Diff: 20, Sum: 34]
      [Scan RS (ms): Min: 3.0, Avg: 3.2, Max: 3.3, Diff: 0.3, Sum: 6.4]
      [Code Root Scanning (ms): Min: 0.0, Avg: 0.0, Max: 0.0, Diff: 0.0, Sum: 0.0]
      [Object Copy (ms): Min: 7.7, Avg: 7.8, Max: 7.8, Diff: 0.1, Sum: 15.5]
      [Termination (ms): Min: 0.0, Avg: 0.0, Max: 0.0, Diff: 0.0, Sum: 0.0]
         [Termination Attempts: Min: 1, Avg: 1.0, Max: 1, Diff: 0, Sum: 2]
      [GC Worker Other (ms): Min: 0.0, Avg: 0.0, Max: 0.0, Diff: 0.0, Sum: 0.0]
      [GC Worker Total (ms): Min: 15.9, Avg: 16.0, Max: 16.0, Diff: 0.1, Sum: 31.9]
      [GC Worker End (ms): Min: 69785093.1, Avg: 69785093.1, Max: 69785093.1, Diff: 0.0]
   [Code Root Fixup: 0.1 ms]
   [Code Root Purge: 0.0 ms]
   [Clear CT: 0.1 ms]
   [Other: 1.0 ms]
      [Choose CSet: 0.0 ms]
      [Ref Proc: 0.2 ms]
      [Ref Enq: 0.0 ms]
      [Redirty Cards: 0.3 ms]
      [Humongous Register: 0.1 ms]
      [Humongous Reclaim: 0.0 ms]
      [Free CSet: 0.1 ms]
   [Eden: 46.0M(46.0M)->0.0B(48.0M) Survivors: 5120.0K->3072.0K Heap: 370.0M(1024.0M)->322.7M(1024.0M)]
 [Times: user=0.03 sys=0.00, real=0.02 secs] 
2017-09-24T21:31:15.308+0900: 69887.231: [GC pause (G1 Evacuation Pause) (young), 0.0085758 secs]
   [Parallel Time: 7.9 ms, GC Workers: 2]
      [GC Worker Start (ms): Min: 69887231.0, Avg: 69887231.1, Max: 69887231.1, Diff: 0.1]
      [Ext Root Scanning (ms): Min: 0.5, Avg: 0.5, Max: 0.6, Diff: 0.1, Sum: 1.1]
      [Update RS (ms): Min: 2.1, Avg: 2.1, Max: 2.2, Diff: 0.1, Sum: 4.3]
         [Processed Buffers: Min: 15, Avg: 16.5, Max: 18, Diff: 3, Sum: 33]
      [Scan RS (ms): Min: 1.0, Avg: 1.0, Max: 1.0, Diff: 0.1, Sum: 2.0]
      [Code Root Scanning (ms): Min: 0.0, Avg: 0.0, Max: 0.0, Diff: 0.0, Sum: 0.0]
      [Object Copy (ms): Min: 4.2, Avg: 4.2, Max: 4.2, Diff: 0.0, Sum: 8.4]
      [Termination (ms): Min: 0.0, Avg: 0.0, Max: 0.0, Diff: 0.0, Sum: 0.0]
         [Termination Attempts: Min: 1, Avg: 2.5, Max: 4, Diff: 3, Sum: 5]
      [GC Worker Other (ms): Min: 0.0, Avg: 0.0, Max: 0.0, Diff: 0.0, Sum: 0.0]
      [GC Worker Total (ms): Min: 7.9, Avg: 7.9, Max: 7.9, Diff: 0.1, Sum: 15.8]
      [GC Worker End (ms): Min: 69887239.0, Avg: 69887239.0, Max: 69887239.0, Diff: 0.0]
   [Code Root Fixup: 0.0 ms]
   [Code Root Purge: 0.0 ms]
   [Clear CT: 0.1 ms]
   [Other: 0.5 ms]
      [Choose CSet: 0.0 ms]
      [Ref Proc: 0.1 ms]
      [Ref Enq: 0.0 ms]
      [Redirty Cards: 0.2 ms]
      [Humongous Register: 0.0 ms]
      [Humongous Reclaim: 0.0 ms]
      [Free CSet: 0.0 ms]
   [Eden: 48.0M(48.0M)->0.0B(46.0M) Survivors: 3072.0K->5120.0K Heap: 370.7M(1024.0M)->324.7M(1024.0M)]
 [Times: user=0.01 sys=0.00, real=0.00 secs] 
2017-09-24T21:32:53.175+0900: 69985.097: [GC pause (G1 Evacuation Pause) (young), 0.0191709 secs]
   [Parallel Time: 18.1 ms, GC Workers: 2]
      [GC Worker Start (ms): Min: 69985097.4, Avg: 69985097.5, Max: 69985097.5, Diff: 0.1]
      [Ext Root Scanning (ms): Min: 1.0, Avg: 1.1, Max: 1.2, Diff: 0.1, Sum: 2.2]
      [Update RS (ms): Min: 1.1, Avg: 1.1, Max: 1.1, Diff: 0.0, Sum: 2.3]
         [Processed Buffers: Min: 1, Avg: 15.5, Max: 30, Diff: 29, Sum: 31]
      [Scan RS (ms): Min: 2.0, Avg: 2.1, Max: 2.1, Diff: 0.0, Sum: 4.1]
      [Code Root Scanning (ms): Min: 0.0, Avg: 0.0, Max: 0.0, Diff: 0.0, Sum: 0.0]
      [Object Copy (ms): Min: 13.6, Avg: 13.6, Max: 13.7, Diff: 0.0, Sum: 27.3]
      [Termination (ms): Min: 0.0, Avg: 0.0, Max: 0.0, Diff: 0.0, Sum: 0.0]
         [Termination Attempts: Min: 1, Avg: 3.5, Max: 6, Diff: 5, Sum: 7]
      [GC Worker Other (ms): Min: 0.0, Avg: 0.0, Max: 0.0, Diff: 0.0, Sum: 0.0]
      [GC Worker Total (ms): Min: 17.9, Avg: 18.0, Max: 18.0, Diff: 0.1, Sum: 35.9]
      [GC Worker End (ms): Min: 69985115.4, Avg: 69985115.4, Max: 69985115.4, Diff: 0.0]
   [Code Root Fixup: 0.1 ms]
   [Code Root Purge: 0.0 ms]
   [Clear CT: 0.2 ms]
   [Other: 0.8 ms]
      [Choose CSet: 0.0 ms]
      [Ref Proc: 0.4 ms]
      [Ref Enq: 0.0 ms]
      [Redirty Cards: 0.1 ms]
      [Humongous Register: 0.0 ms]
      [Humongous Reclaim: 0.0 ms]
      [Free CSet: 0.1 ms]
   [Eden: 46.0M(46.0M)->0.0B(44.0M) Survivors: 5120.0K->7168.0K Heap: 370.7M(1024.0M)->326.7M(1024.0M)]
 [Times: user=0.04 sys=0.00, real=0.02 secs] 
2017-09-24T21:34:26.150+0900: 70078.072: [GC pause (G1 Evacuation Pause) (young), 0.0340403 secs]
   [Parallel Time: 19.9 ms, GC Workers: 2]
      [GC Worker Start (ms): Min: 70078072.5, Avg: 70078072.6, Max: 70078072.6, Diff: 0.0]
      [Ext Root Scanning (ms): Min: 0.9, Avg: 1.0, Max: 1.0, Diff: 0.1, Sum: 1.9]
      [Update RS (ms): Min: 1.6, Avg: 1.6, Max: 1.6, Diff: 0.0, Sum: 3.2]
         [Processed Buffers: Min: 2, Avg: 16.5, Max: 31, Diff: 29, Sum: 33]
      [Scan RS (ms): Min: 2.7, Avg: 3.8, Max: 5.0, Diff: 2.4, Sum: 7.7]
      [Code Root Scanning (ms): Min: 0.0, Avg: 0.0, Max: 0.0, Diff: 0.0, Sum: 0.0]
      [Object Copy (ms): Min: 12.1, Avg: 13.2, Max: 14.4, Diff: 2.3, Sum: 26.5]
      [Termination (ms): Min: 0.0, Avg: 0.0, Max: 0.0, Diff: 0.0, Sum: 0.0]
         [Termination Attempts: Min: 1, Avg: 1.0, Max: 1, Diff: 0, Sum: 2]
      [GC Worker Other (ms): Min: 0.0, Avg: 0.0, Max: 0.0, Diff: 0.0, Sum: 0.0]
      [GC Worker Total (ms): Min: 19.6, Avg: 19.7, Max: 19.7, Diff: 0.0, Sum: 39.3]
      [GC Worker End (ms): Min: 70078092.2, Avg: 70078092.2, Max: 70078092.2, Diff: 0.0]
   [Code Root Fixup: 0.0 ms]
   [Code Root Purge: 0.0 ms]
   [Clear CT: 0.1 ms]
   [Other: 13.9 ms]
      [Choose CSet: 0.0 ms]
      [Ref Proc: 13.5 ms]
      [Ref Enq: 0.0 ms]
      [Redirty Cards: 0.1 ms]
      [Humongous Register: 0.0 ms]
      [Humongous Reclaim: 0.0 ms]
      [Free CSet: 0.0 ms]
   [Eden: 44.0M(44.0M)->0.0B(48.0M) Survivors: 7168.0K->3072.0K Heap: 370.7M(1024.0M)->324.4M(1024.0M)]
 [Times: user=0.02 sys=0.01, real=0.03 secs] 
2017-09-24T21:36:07.889+0900: 70179.811: [GC pause (G1 Evacuation Pause) (young), 0.0153974 secs]
   [Parallel Time: 14.4 ms, GC Workers: 2]
      [GC Worker Start (ms): Min: 70179811.6, Avg: 70179811.8, Max: 70179812.0, Diff: 0.4]
      [Ext Root Scanning (ms): Min: 0.9, Avg: 1.1, Max: 1.2, Diff: 0.4, Sum: 2.1]
      [Update RS (ms): Min: 2.2, Avg: 2.2, Max: 2.3, Diff: 0.1, Sum: 4.5]
         [Processed Buffers: Min: 16, Avg: 17.5, Max: 19, Diff: 3, Sum: 35]
      [Scan RS (ms): Min: 1.7, Avg: 1.8, Max: 1.9, Diff: 0.1, Sum: 3.6]
      [Code Root Scanning (ms): Min: 0.0, Avg: 0.0, Max: 0.0, Diff: 0.0, Sum: 0.0]
      [Object Copy (ms): Min: 9.0, Avg: 9.0, Max: 9.0, Diff: 0.0, Sum: 18.1]
      [Termination (ms): Min: 0.0, Avg: 0.0, Max: 0.0, Diff: 0.0, Sum: 0.0]
         [Termination Attempts: Min: 1, Avg: 1.5, Max: 2, Diff: 1, Sum: 3]
      [GC Worker Other (ms): Min: 0.0, Avg: 0.0, Max: 0.0, Diff: 0.0, Sum: 0.0]
      [GC Worker Total (ms): Min: 14.0, Avg: 14.1, Max: 14.3, Diff: 0.4, Sum: 28.3]
      [GC Worker End (ms): Min: 70179825.9, Avg: 70179825.9, Max: 70179825.9, Diff: 0.0]
   [Code Root Fixup: 0.0 ms]
   [Code Root Purge: 0.0 ms]
   [Clear CT: 0.1 ms]
   [Other: 0.8 ms]
      [Choose CSet: 0.0 ms]
      [Ref Proc: 0.2 ms]
      [Ref Enq: 0.0 ms]
      [Redirty Cards: 0.2 ms]
      [Humongous Register: 0.0 ms]
      [Humongous Reclaim: 0.0 ms]
      [Free CSet: 0.0 ms]
   [Eden: 48.0M(48.0M)->0.0B(46.0M) Survivors: 3072.0K->5120.0K Heap: 372.4M(1024.0M)->326.4M(1024.0M)]
 [Times: user=0.03 sys=0.00, real=0.01 secs] 
2017-09-24T21:37:45.426+0900: 70277.349: [GC pause (G1 Evacuation Pause) (young), 0.0057465 secs]
   [Parallel Time: 5.1 ms, GC Workers: 2]
      [GC Worker Start (ms): Min: 70277348.8, Avg: 70277348.8, Max: 70277348.8, Diff: 0.0]
      [Ext Root Scanning (ms): Min: 1.2, Avg: 1.3, Max: 1.4, Diff: 0.1, Sum: 2.6]
      [Update RS (ms): Min: 0.7, Avg: 0.8, Max: 0.8, Diff: 0.1, Sum: 1.5]
         [Processed Buffers: Min: 11, Avg: 17.0, Max: 23, Diff: 12, Sum: 34]
      [Scan RS (ms): Min: 0.5, Avg: 0.6, Max: 0.7, Diff: 0.2, Sum: 1.2]
      [Code Root Scanning (ms): Min: 0.0, Avg: 0.0, Max: 0.0, Diff: 0.0, Sum: 0.0]
      [Object Copy (ms): Min: 2.3, Avg: 2.4, Max: 2.4, Diff: 0.1, Sum: 4.7]
      [Termination (ms): Min: 0.0, Avg: 0.0, Max: 0.0, Diff: 0.0, Sum: 0.0]
         [Termination Attempts: Min: 1, Avg: 1.0, Max: 1, Diff: 0, Sum: 2]
      [GC Worker Other (ms): Min: 0.0, Avg: 0.0, Max: 0.0, Diff: 0.0, Sum: 0.0]
      [GC Worker Total (ms): Min: 5.0, Avg: 5.0, Max: 5.0, Diff: 0.0, Sum: 10.0]
      [GC Worker End (ms): Min: 70277353.8, Avg: 70277353.8, Max: 70277353.8, Diff: 0.0]
   [Code Root Fixup: 0.0 ms]
   [Code Root Purge: 0.0 ms]
   [Clear CT: 0.1 ms]
   [Other: 0.6 ms]
      [Choose CSet: 0.0 ms]
      [Ref Proc: 0.2 ms]
      [Ref Enq: 0.0 ms]
      [Redirty Cards: 0.1 ms]
      [Humongous Register: 0.0 ms]
      [Humongous Reclaim: 0.0 ms]
      [Free CSet: 0.0 ms]
   [Eden: 46.0M(46.0M)->0.0B(57.0M) Survivors: 5120.0K->3072.0K Heap: 372.4M(1024.0M)->325.1M(1024.0M)]
 [Times: user=0.02 sys=0.00, real=0.00 secs] 
2017-09-24T21:39:46.893+0900: 70398.815: [GC pause (G1 Evacuation Pause) (young), 0.0154375 secs]
   [Parallel Time: 14.5 ms, GC Workers: 2]
      [GC Worker Start (ms): Min: 70398815.4, Avg: 70398815.4, Max: 70398815.4, Diff: 0.0]
      [Ext Root Scanning (ms): Min: 0.9, Avg: 0.9, Max: 1.0, Diff: 0.1, Sum: 1.9]
      [Update RS (ms): Min: 1.9, Avg: 2.0, Max: 2.0, Diff: 0.1, Sum: 3.9]
         [Processed Buffers: Min: 10, Avg: 16.5, Max: 23, Diff: 13, Sum: 33]
      [Scan RS (ms): Min: 1.4, Avg: 1.5, Max: 1.5, Diff: 0.1, Sum: 3.0]
      [Code Root Scanning (ms): Min: 0.0, Avg: 0.0, Max: 0.0, Diff: 0.0, Sum: 0.0]
      [Object Copy (ms): Min: 10.0, Avg: 10.0, Max: 10.1, Diff: 0.0, Sum: 20.1]
      [Termination (ms): Min: 0.0, Avg: 0.0, Max: 0.0, Diff: 0.0, Sum: 0.0]
         [Termination Attempts: Min: 1, Avg: 1.0, Max: 1, Diff: 0, Sum: 2]
      [GC Worker Other (ms): Min: 0.0, Avg: 0.0, Max: 0.0, Diff: 0.0, Sum: 0.0]
      [GC Worker Total (ms): Min: 14.4, Avg: 14.4, Max: 14.5, Diff: 0.0, Sum: 28.9]
      [GC Worker End (ms): Min: 70398829.9, Avg: 70398829.9, Max: 70398829.9, Diff: 0.0]
   [Code Root Fixup: 0.1 ms]
   [Code Root Purge: 0.0 ms]
   [Clear CT: 0.1 ms]
   [Other: 0.8 ms]
      [Choose CSet: 0.0 ms]
      [Ref Proc: 0.2 ms]
      [Ref Enq: 0.0 ms]
      [Redirty Cards: 0.2 ms]
      [Humongous Register: 0.0 ms]
      [Humongous Reclaim: 0.0 ms]
      [Free CSet: 0.1 ms]
   [Eden: 57.0M(57.0M)->0.0B(60.0M) Survivors: 3072.0K->5120.0K Heap: 382.1M(1024.0M)->327.1M(1024.0M)]
 [Times: user=0.02 sys=0.00, real=0.02 secs] 
2017-09-24T21:41:23.855+0900: 70495.778: [GC pause (G1 Evacuation Pause) (young), 0.0144471 secs]
   [Parallel Time: 13.5 ms, GC Workers: 2]
      [GC Worker Start (ms): Min: 70495778.2, Avg: 70495778.2, Max: 70495778.2, Diff: 0.0]
      [Ext Root Scanning (ms): Min: 0.5, Avg: 0.5, Max: 0.6, Diff: 0.0, Sum: 1.1]
      [Update RS (ms): Min: 0.8, Avg: 0.8, Max: 0.9, Diff: 0.1, Sum: 1.6]
         [Processed Buffers: Min: 15, Avg: 17.5, Max: 20, Diff: 5, Sum: 35]
      [Scan RS (ms): Min: 0.7, Avg: 1.0, Max: 1.4, Diff: 0.7, Sum: 2.0]
      [Code Root Scanning (ms): Min: 0.0, Avg: 0.0, Max: 0.0, Diff: 0.0, Sum: 0.0]
      [Object Copy (ms): Min: 10.7, Avg: 11.0, Max: 11.4, Diff: 0.7, Sum: 22.1]
      [Termination (ms): Min: 0.0, Avg: 0.0, Max: 0.0, Diff: 0.0, Sum: 0.0]
         [Termination Attempts: Min: 1, Avg: 1.0, Max: 1, Diff: 0, Sum: 2]
      [GC Worker Other (ms): Min: 0.0, Avg: 0.0, Max: 0.0, Diff: 0.0, Sum: 0.0]
      [GC Worker Total (ms): Min: 13.4, Avg: 13.4, Max: 13.4, Diff: 0.0, Sum: 26.8]
      [GC Worker End (ms): Min: 70495791.7, Avg: 70495791.7, Max: 70495791.7, Diff: 0.0]
   [Code Root Fixup: 0.1 ms]
   [Code Root Purge: 0.0 ms]
   [Clear CT: 0.1 ms]
   [Other: 0.7 ms]
      [Choose CSet: 0.0 ms]
      [Ref Proc: 0.2 ms]
      [Ref Enq: 0.0 ms]
      [Redirty Cards: 0.2 ms]
      [Humongous Register: 0.0 ms]
      [Humongous Reclaim: 0.0 ms]
      [Free CSet: 0.0 ms]
   [Eden: 46.0M(46.0M)->0.0B(58.0M) Survivors: 5120.0K->6144.0K Heap: 373.1M(1024.0M)->329.2M(1024.0M)]
 [Times: user=0.02 sys=0.00, real=0.02 secs] 
2017-09-24T21:43:26.946+0900: 70618.869: [GC pause (G1 Evacuation Pause) (young), 0.0526889 secs]
   [Parallel Time: 49.8 ms, GC Workers: 2]
      [GC Worker Start (ms): Min: 70618869.4, Avg: 70618884.5, Max: 70618899.6, Diff: 30.1]
      [Ext Root Scanning (ms): Min: 0.1, Avg: 1.4, Max: 2.6, Diff: 2.5, Sum: 2.8]
      [Update RS (ms): Min: 0.0, Avg: 9.0, Max: 18.0, Diff: 17.9, Sum: 18.0]
         [Processed Buffers: Min: 0, Avg: 18.0, Max: 36, Diff: 36, Sum: 36]
      [Scan RS (ms): Min: 0.0, Avg: 2.6, Max: 5.3, Diff: 5.3, Sum: 5.3]
      [Code Root Scanning (ms): Min: 0.0, Avg: 0.0, Max: 0.0, Diff: 0.0, Sum: 0.0]
      [Object Copy (ms): Min: 19.3, Avg: 20.0, Max: 20.7, Diff: 1.4, Sum: 40.0]
      [Termination (ms): Min: 0.0, Avg: 1.5, Max: 3.1, Diff: 3.1, Sum: 3.1]
         [Termination Attempts: Min: 3, Avg: 3.5, Max: 4, Diff: 1, Sum: 7]
      [GC Worker Other (ms): Min: 0.0, Avg: 0.0, Max: 0.0, Diff: 0.0, Sum: 0.1]
      [GC Worker Total (ms): Min: 19.5, Avg: 34.6, Max: 49.7, Diff: 30.1, Sum: 69.2]
      [GC Worker End (ms): Min: 70618919.1, Avg: 70618919.1, Max: 70618919.1, Diff: 0.0]
   [Code Root Fixup: 0.1 ms]
   [Code Root Purge: 0.0 ms]
   [Clear CT: 0.1 ms]
   [Other: 2.8 ms]
      [Choose CSet: 0.0 ms]
      [Ref Proc: 2.1 ms]
      [Ref Enq: 0.0 ms]
      [Redirty Cards: 0.3 ms]
      [Humongous Register: 0.0 ms]
      [Humongous Reclaim: 0.0 ms]
      [Free CSet: 0.1 ms]
   [Eden: 58.0M(58.0M)->0.0B(47.0M) Survivors: 6144.0K->4096.0K Heap: 387.2M(1024.0M)->328.7M(1024.0M)]
 [Times: user=0.04 sys=0.00, real=0.05 secs] 
2017-09-24T21:45:06.736+0900: 70718.659: [GC pause (G1 Evacuation Pause) (young), 0.0318153 secs]
   [Parallel Time: 31.2 ms, GC Workers: 2]
      [GC Worker Start (ms): Min: 70718659.4, Avg: 70718659.4, Max: 70718659.4, Diff: 0.0]
      [Ext Root Scanning (ms): Min: 0.9, Avg: 0.9, Max: 0.9, Diff: 0.1, Sum: 1.8]
      [Update RS (ms): Min: 2.2, Avg: 2.2, Max: 2.2, Diff: 0.1, Sum: 4.4]
         [Processed Buffers: Min: 6, Avg: 18.0, Max: 30, Diff: 24, Sum: 36]
      [Scan RS (ms): Min: 1.7, Avg: 1.8, Max: 1.8, Diff: 0.1, Sum: 3.6]
      [Code Root Scanning (ms): Min: 0.0, Avg: 0.0, Max: 0.0, Diff: 0.0, Sum: 0.0]
      [Object Copy (ms): Min: 22.0, Avg: 22.0, Max: 22.1, Diff: 0.1, Sum: 44.0]
      [Termination (ms): Min: 0.0, Avg: 0.0, Max: 0.0, Diff: 0.0, Sum: 0.0]
         [Termination Attempts: Min: 1, Avg: 1.0, Max: 1, Diff: 0, Sum: 2]
      [GC Worker Other (ms): Min: 0.0, Avg: 0.0, Max: 0.0, Diff: 0.0, Sum: 0.0]
      [GC Worker Total (ms): Min: 26.9, Avg: 26.9, Max: 27.0, Diff: 0.0, Sum: 53.9]
      [GC Worker End (ms): Min: 70718686.3, Avg: 70718686.3, Max: 70718686.3, Diff: 0.0]
   [Code Root Fixup: 0.1 ms]
   [Code Root Purge: 0.0 ms]
   [Clear CT: 0.1 ms]
   [Other: 0.5 ms]
      [Choose CSet: 0.0 ms]
      [Ref Proc: 0.2 ms]
      [Ref Enq: 0.0 ms]
      [Redirty Cards: 0.0 ms]
      [Humongous Register: 0.0 ms]
      [Humongous Reclaim: 0.0 ms]
      [Free CSet: 0.0 ms]
   [Eden: 47.0M(47.0M)->0.0B(46.0M) Survivors: 4096.0K->5120.0K Heap: 375.7M(1024.0M)->330.2M(1024.0M)]
 [Times: user=0.03 sys=0.00, real=0.04 secs] 
2017-09-24T21:46:44.558+0900: 70816.481: [GC pause (G1 Evacuation Pause) (young), 0.0090344 secs]
   [Parallel Time: 6.5 ms, GC Workers: 2]
      [GC Worker Start (ms): Min: 70816481.0, Avg: 70816481.0, Max: 70816481.0, Diff: 0.1]
      [Ext Root Scanning (ms): Min: 0.6, Avg: 0.6, Max: 0.7, Diff: 0.1, Sum: 1.2]
      [Update RS (ms): Min: 0.7, Avg: 0.7, Max: 0.8, Diff: 0.0, Sum: 1.5]
         [Processed Buffers: Min: 8, Avg: 17.5, Max: 27, Diff: 19, Sum: 35]
      [Scan RS (ms): Min: 0.7, Avg: 0.7, Max: 0.7, Diff: 0.0, Sum: 1.4]
      [Code Root Scanning (ms): Min: 0.0, Avg: 0.0, Max: 0.0, Diff: 0.0, Sum: 0.0]
      [Object Copy (ms): Min: 2.9, Avg: 2.9, Max: 3.0, Diff: 0.0, Sum: 5.9]
      [Termination (ms): Min: 0.0, Avg: 0.0, Max: 0.0, Diff: 0.0, Sum: 0.0]
         [Termination Attempts: Min: 1, Avg: 1.0, Max: 1, Diff: 0, Sum: 2]
      [GC Worker Other (ms): Min: 0.0, Avg: 0.0, Max: 0.0, Diff: 0.0, Sum: 0.0]
      [GC Worker Total (ms): Min: 5.0, Avg: 5.0, Max: 5.1, Diff: 0.1, Sum: 10.1]
      [GC Worker End (ms): Min: 70816486.0, Avg: 70816486.0, Max: 70816486.0, Diff: 0.0]
   [Code Root Fixup: 0.0 ms]
   [Code Root Purge: 0.0 ms]
   [Clear CT: 0.1 ms]
   [Other: 2.4 ms]
      [Choose CSet: 0.0 ms]
      [Ref Proc: 0.1 ms]
      [Ref Enq: 0.0 ms]
      [Redirty Cards: 2.0 ms]
      [Humongous Register: 0.0 ms]
      [Humongous Reclaim: 0.0 ms]
      [Free CSet: 0.0 ms]
   [Eden: 46.0M(46.0M)->0.0B(48.0M) Survivors: 5120.0K->3072.0K Heap: 376.2M(1024.0M)->329.0M(1024.0M)]
 [Times: user=0.01 sys=0.00, real=0.01 secs] 
2017-09-24T21:48:27.049+0900: 70918.972: [GC pause (G1 Evacuation Pause) (young), 0.0077076 secs]
   [Parallel Time: 7.1 ms, GC Workers: 2]
      [GC Worker Start (ms): Min: 70918971.8, Avg: 70918971.8, Max: 70918971.8, Diff: 0.1]
      [Ext Root Scanning (ms): Min: 0.6, Avg: 0.7, Max: 0.7, Diff: 0.1, Sum: 1.3]
      [Update RS (ms): Min: 0.9, Avg: 0.9, Max: 1.0, Diff: 0.1, Sum: 1.9]
         [Processed Buffers: Min: 11, Avg: 18.0, Max: 25, Diff: 14, Sum: 36]
      [Scan RS (ms): Min: 0.8, Avg: 0.9, Max: 0.9, Diff: 0.0, Sum: 1.7]
      [Code Root Scanning (ms): Min: 0.0, Avg: 0.0, Max: 0.0, Diff: 0.0, Sum: 0.0]
      [Object Copy (ms): Min: 4.6, Avg: 4.6, Max: 4.6, Diff: 0.0, Sum: 9.1]
      [Termination (ms): Min: 0.0, Avg: 0.0, Max: 0.0, Diff: 0.0, Sum: 0.0]
         [Termination Attempts: Min: 1, Avg: 2.0, Max: 3, Diff: 2, Sum: 4]
      [GC Worker Other (ms): Min: 0.0, Avg: 0.0, Max: 0.0, Diff: 0.0, Sum: 0.0]
      [GC Worker Total (ms): Min: 7.0, Avg: 7.1, Max: 7.1, Diff: 0.0, Sum: 14.1]
      [GC Worker End (ms): Min: 70918978.9, Avg: 70918978.9, Max: 70918978.9, Diff: 0.0]
   [Code Root Fixup: 0.0 ms]
   [Code Root Purge: 0.0 ms]
   [Clear CT: 0.1 ms]
   [Other: 0.4 ms]
      [Choose CSet: 0.0 ms]
      [Ref Proc: 0.1 ms]
      [Ref Enq: 0.0 ms]
      [Redirty Cards: 0.1 ms]
      [Humongous Register: 0.0 ms]
      [Humongous Reclaim: 0.0 ms]
      [Free CSet: 0.0 ms]
   [Eden: 48.0M(48.0M)->0.0B(46.0M) Survivors: 3072.0K->5120.0K Heap: 377.0M(1024.0M)->331.0M(1024.0M)]
 [Times: user=0.01 sys=0.00, real=0.00 secs] 
2017-09-24T21:50:04.591+0900: 71016.514: [GC pause (G1 Evacuation Pause) (young), 0.0127543 secs]
   [Parallel Time: 12.2 ms, GC Workers: 2]
      [GC Worker Start (ms): Min: 71016514.2, Avg: 71016514.2, Max: 71016514.2, Diff: 0.0]
      [Ext Root Scanning (ms): Min: 1.1, Avg: 1.2, Max: 1.3, Diff: 0.1, Sum: 2.4]
      [Update RS (ms): Min: 1.2, Avg: 1.4, Max: 1.5, Diff: 0.3, Sum: 2.7]
         [Processed Buffers: Min: 8, Avg: 18.0, Max: 28, Diff: 20, Sum: 36]
      [Scan RS (ms): Min: 0.8, Avg: 0.9, Max: 1.1, Diff: 0.3, Sum: 1.9]
      [Code Root Scanning (ms): Min: 0.0, Avg: 0.0, Max: 0.0, Diff: 0.0, Sum: 0.0]
      [Object Copy (ms): Min: 8.6, Avg: 8.6, Max: 8.7, Diff: 0.1, Sum: 17.3]
      [Termination (ms): Min: 0.0, Avg: 0.0, Max: 0.0, Diff: 0.0, Sum: 0.0]
         [Termination Attempts: Min: 1, Avg: 1.0, Max: 1, Diff: 0, Sum: 2]
      [GC Worker Other (ms): Min: 0.0, Avg: 0.0, Max: 0.0, Diff: 0.0, Sum: 0.0]
      [GC Worker Total (ms): Min: 12.1, Avg: 12.1, Max: 12.1, Diff: 0.0, Sum: 24.3]
      [GC Worker End (ms): Min: 71016526.3, Avg: 71016526.3, Max: 71016526.3, Diff: 0.0]
   [Code Root Fixup: 0.0 ms]
   [Code Root Purge: 0.0 ms]
   [Clear CT: 0.1 ms]
   [Other: 0.4 ms]
      [Choose CSet: 0.0 ms]
      [Ref Proc: 0.1 ms]
      [Ref Enq: 0.0 ms]
      [Redirty Cards: 0.0 ms]
      [Humongous Register: 0.0 ms]
      [Humongous Reclaim: 0.0 ms]
      [Free CSet: 0.0 ms]
   [Eden: 46.0M(46.0M)->0.0B(45.0M) Survivors: 5120.0K->6144.0K Heap: 377.0M(1024.0M)->333.1M(1024.0M)]
 [Times: user=0.02 sys=0.00, real=0.01 secs] 
2017-09-24T21:51:39.734+0900: 71111.657: [GC pause (G1 Evacuation Pause) (young), 0.0370942 secs]
   [Parallel Time: 28.9 ms, GC Workers: 2]
      [GC Worker Start (ms): Min: 71111657.0, Avg: 71111657.8, Max: 71111658.5, Diff: 1.5]
      [Ext Root Scanning (ms): Min: 0.4, Avg: 1.1, Max: 1.8, Diff: 1.4, Sum: 2.3]
      [Update RS (ms): Min: 3.0, Avg: 3.0, Max: 3.0, Diff: 0.0, Sum: 6.1]
         [Processed Buffers: Min: 17, Avg: 19.5, Max: 22, Diff: 5, Sum: 39]
      [Scan RS (ms): Min: 2.5, Avg: 2.6, Max: 2.7, Diff: 0.2, Sum: 5.2]
      [Code Root Scanning (ms): Min: 0.0, Avg: 0.0, Max: 0.0, Diff: 0.0, Sum: 0.0]
      [Object Copy (ms): Min: 14.4, Avg: 17.2, Max: 20.0, Diff: 5.6, Sum: 34.5]
      [Termination (ms): Min: 0.0, Avg: 2.7, Max: 5.4, Diff: 5.4, Sum: 5.4]
         [Termination Attempts: Min: 1, Avg: 1.0, Max: 1, Diff: 0, Sum: 2]
      [GC Worker Other (ms): Min: 0.0, Avg: 0.0, Max: 0.0, Diff: 0.0, Sum: 0.0]
      [GC Worker Total (ms): Min: 26.0, Avg: 26.7, Max: 27.4, Diff: 1.4, Sum: 53.5]
      [GC Worker End (ms): Min: 71111684.5, Avg: 71111684.5, Max: 71111684.5, Diff: 0.0]
   [Code Root Fixup: 0.0 ms]
   [Code Root Purge: 0.0 ms]
   [Clear CT: 0.0 ms]
   [Other: 8.1 ms]
      [Choose CSet: 0.0 ms]
      [Ref Proc: 7.7 ms]
      [Ref Enq: 0.0 ms]
      [Redirty Cards: 0.0 ms]
      [Humongous Register: 0.1 ms]
      [Humongous Reclaim: 0.0 ms]
      [Free CSet: 0.0 ms]
   [Eden: 45.0M(45.0M)->0.0B(48.0M) Survivors: 6144.0K->3072.0K Heap: 378.1M(1024.0M)->331.4M(1024.0M)]
 [Times: user=0.04 sys=0.00, real=0.04 secs] 
2017-09-24T21:53:21.759+0900: 71213.682: [GC pause (G1 Evacuation Pause) (young), 0.0435533 secs]
   [Parallel Time: 34.8 ms, GC Workers: 2]
      [GC Worker Start (ms): Min: 71213681.9, Avg: 71213682.0, Max: 71213682.0, Diff: 0.0]
      [Ext Root Scanning (ms): Min: 1.0, Avg: 1.0, Max: 1.0, Diff: 0.1, Sum: 2.0]
      [Update RS (ms): Min: 3.2, Avg: 3.4, Max: 3.6, Diff: 0.4, Sum: 6.8]
         [Processed Buffers: Min: 8, Avg: 17.5, Max: 27, Diff: 19, Sum: 35]
      [Scan RS (ms): Min: 2.5, Avg: 2.7, Max: 2.9, Diff: 0.4, Sum: 5.4]
      [Code Root Scanning (ms): Min: 0.0, Avg: 0.0, Max: 0.0, Diff: 0.0, Sum: 0.0]
      [Object Copy (ms): Min: 20.6, Avg: 24.0, Max: 27.4, Diff: 6.7, Sum: 48.0]
      [Termination (ms): Min: 0.0, Avg: 3.4, Max: 6.9, Diff: 6.9, Sum: 6.9]
         [Termination Attempts: Min: 1, Avg: 1.0, Max: 1, Diff: 0, Sum: 2]
      [GC Worker Other (ms): Min: 0.0, Avg: 0.0, Max: 0.0, Diff: 0.0, Sum: 0.1]
      [GC Worker Total (ms): Min: 34.6, Avg: 34.6, Max: 34.6, Diff: 0.0, Sum: 69.1]
      [GC Worker End (ms): Min: 71213716.5, Avg: 71213716.5, Max: 71213716.5, Diff: 0.0]
   [Code Root Fixup: 0.0 ms]
   [Code Root Purge: 0.0 ms]
   [Clear CT: 0.1 ms]
   [Other: 8.6 ms]
      [Choose CSet: 0.0 ms]
      [Ref Proc: 0.2 ms]
      [Ref Enq: 0.0 ms]
      [Redirty Cards: 0.1 ms]
      [Humongous Register: 0.1 ms]
      [Humongous Reclaim: 0.0 ms]
      [Free CSet: 7.7 ms]
   [Eden: 48.0M(48.0M)->0.0B(46.0M) Survivors: 3072.0K->5120.0K Heap: 379.4M(1024.0M)->333.4M(1024.0M)]
 [Times: user=0.04 sys=0.00, real=0.04 secs] 
2017-09-24T21:54:59.230+0900: 71311.153: [GC pause (G1 Evacuation Pause) (young), 0.0075493 secs]
   [Parallel Time: 6.1 ms, GC Workers: 2]
      [GC Worker Start (ms): Min: 71311152.8, Avg: 71311152.8, Max: 71311152.8, Diff: 0.0]
      [Ext Root Scanning (ms): Min: 0.6, Avg: 0.6, Max: 0.7, Diff: 0.1, Sum: 1.3]
      [Update RS (ms): Min: 1.7, Avg: 1.7, Max: 1.8, Diff: 0.0, Sum: 3.5]
         [Processed Buffers: Min: 13, Avg: 18.5, Max: 24, Diff: 11, Sum: 37]
      [Scan RS (ms): Min: 0.6, Avg: 0.6, Max: 0.6, Diff: 0.0, Sum: 1.3]
      [Code Root Scanning (ms): Min: 0.0, Avg: 0.0, Max: 0.0, Diff: 0.0, Sum: 0.0]
      [Object Copy (ms): Min: 3.0, Avg: 3.0, Max: 3.1, Diff: 0.0, Sum: 6.1]
      [Termination (ms): Min: 0.0, Avg: 0.0, Max: 0.0, Diff: 0.0, Sum: 0.0]
         [Termination Attempts: Min: 1, Avg: 1.0, Max: 1, Diff: 0, Sum: 2]
      [GC Worker Other (ms): Min: 0.0, Avg: 0.0, Max: 0.0, Diff: 0.0, Sum: 0.0]
      [GC Worker Total (ms): Min: 6.1, Avg: 6.1, Max: 6.1, Diff: 0.0, Sum: 12.1]
      [GC Worker End (ms): Min: 71311158.9, Avg: 71311158.9, Max: 71311158.9, Diff: 0.0]
   [Code Root Fixup: 0.0 ms]
   [Code Root Purge: 0.0 ms]
   [Clear CT: 0.0 ms]
   [Other: 1.4 ms]
      [Choose CSet: 0.0 ms]
      [Ref Proc: 1.1 ms]
      [Ref Enq: 0.0 ms]
      [Redirty Cards: 0.0 ms]
      [Humongous Register: 0.0 ms]
      [Humongous Reclaim: 0.0 ms]
      [Free CSet: 0.0 ms]
   [Eden: 46.0M(46.0M)->0.0B(48.0M) Survivors: 5120.0K->3072.0K Heap: 379.4M(1024.0M)->332.0M(1024.0M)]
 [Times: user=0.01 sys=0.00, real=0.00 secs] 
2017-09-24T21:56:41.642+0900: 71413.565: [GC pause (G1 Evacuation Pause) (young), 0.0276453 secs]
   [Parallel Time: 25.3 ms, GC Workers: 2]
      [GC Worker Start (ms): Min: 71413564.9, Avg: 71413566.2, Max: 71413567.5, Diff: 2.6]
      [Ext Root Scanning (ms): Min: 0.0, Avg: 1.0, Max: 1.9, Diff: 1.9, Sum: 1.9]
      [Update RS (ms): Min: 3.7, Avg: 4.0, Max: 4.3, Diff: 0.6, Sum: 8.0]
         [Processed Buffers: Min: 17, Avg: 19.0, Max: 21, Diff: 4, Sum: 38]
      [Scan RS (ms): Min: 3.2, Avg: 3.2, Max: 3.3, Diff: 0.1, Sum: 6.5]
      [Code Root Scanning (ms): Min: 0.0, Avg: 0.0, Max: 0.0, Diff: 0.0, Sum: 0.0]
      [Object Copy (ms): Min: 15.4, Avg: 15.5, Max: 15.6, Diff: 0.2, Sum: 31.0]
      [Termination (ms): Min: 0.0, Avg: 0.0, Max: 0.0, Diff: 0.0, Sum: 0.0]
         [Termination Attempts: Min: 1, Avg: 1.0, Max: 1, Diff: 0, Sum: 2]
      [GC Worker Other (ms): Min: 0.0, Avg: 0.0, Max: 0.0, Diff: 0.0, Sum: 0.0]
      [GC Worker Total (ms): Min: 22.4, Avg: 23.7, Max: 25.1, Diff: 2.6, Sum: 47.5]
      [GC Worker End (ms): Min: 71413590.0, Avg: 71413590.0, Max: 71413590.0, Diff: 0.0]
   [Code Root Fixup: 0.1 ms]
   [Code Root Purge: 0.0 ms]
   [Clear CT: 0.3 ms]
   [Other: 1.9 ms]
      [Choose CSet: 0.0 ms]
      [Ref Proc: 1.2 ms]
      [Ref Enq: 0.0 ms]
      [Redirty Cards: 0.2 ms]
      [Humongous Register: 0.0 ms]
      [Humongous Reclaim: 0.0 ms]
      [Free CSet: 0.1 ms]
   [Eden: 48.0M(48.0M)->0.0B(46.0M) Survivors: 3072.0K->5120.0K Heap: 380.0M(1024.0M)->334.0M(1024.0M)]
 [Times: user=0.04 sys=0.00, real=0.03 secs] 
2017-09-24T21:58:19.188+0900: 71511.110: [GC pause (G1 Evacuation Pause) (young), 0.0208951 secs]
   [Parallel Time: 19.7 ms, GC Workers: 2]
      [GC Worker Start (ms): Min: 71511110.6, Avg: 71511110.6, Max: 71511110.7, Diff: 0.1]
      [Ext Root Scanning (ms): Min: 1.0, Avg: 1.0, Max: 1.1, Diff: 0.1, Sum: 2.1]
      [Update RS (ms): Min: 1.6, Avg: 1.6, Max: 1.6, Diff: 0.1, Sum: 3.2]
         [Processed Buffers: Min: 13, Avg: 17.5, Max: 22, Diff: 9, Sum: 35]
      [Scan RS (ms): Min: 1.8, Avg: 1.8, Max: 1.8, Diff: 0.1, Sum: 3.6]
      [Code Root Scanning (ms): Min: 0.0, Avg: 0.0, Max: 0.0, Diff: 0.0, Sum: 0.0]
      [Object Copy (ms): Min: 15.0, Avg: 15.0, Max: 15.0, Diff: 0.0, Sum: 30.0]
      [Termination (ms): Min: 0.0, Avg: 0.0, Max: 0.0, Diff: 0.0, Sum: 0.0]
         [Termination Attempts: Min: 1, Avg: 1.0, Max: 1, Diff: 0, Sum: 2]
      [GC Worker Other (ms): Min: 0.0, Avg: 0.0, Max: 0.0, Diff: 0.0, Sum: 0.0]
      [GC Worker Total (ms): Min: 19.4, Avg: 19.4, Max: 19.5, Diff: 0.1, Sum: 38.8]
      [GC Worker End (ms): Min: 71511130.1, Avg: 71511130.1, Max: 71511130.1, Diff: 0.0]
   [Code Root Fixup: 0.1 ms]
   [Code Root Purge: 0.0 ms]
   [Clear CT: 0.2 ms]
   [Other: 0.9 ms]
      [Choose CSet: 0.0 ms]
      [Ref Proc: 0.2 ms]
      [Ref Enq: 0.0 ms]
      [Redirty Cards: 0.3 ms]
      [Humongous Register: 0.0 ms]
      [Humongous Reclaim: 0.0 ms]
      [Free CSet: 0.1 ms]
   [Eden: 46.0M(46.0M)->0.0B(44.0M) Survivors: 5120.0K->7168.0K Heap: 380.0M(1024.0M)->336.0M(1024.0M)]
 [Times: user=0.04 sys=0.00, real=0.02 secs] 
2017-09-24T21:59:52.705+0900: 71604.627: [GC pause (G1 Evacuation Pause) (young), 0.0209120 secs]
   [Parallel Time: 19.8 ms, GC Workers: 2]
      [GC Worker Start (ms): Min: 71604627.6, Avg: 71604627.6, Max: 71604627.7, Diff: 0.0]
      [Ext Root Scanning (ms): Min: 1.2, Avg: 1.3, Max: 1.3, Diff: 0.1, Sum: 2.6]
      [Update RS (ms): Min: 3.4, Avg: 3.5, Max: 3.5, Diff: 0.1, Sum: 6.9]
         [Processed Buffers: Min: 16, Avg: 18.0, Max: 20, Diff: 4, Sum: 36]
      [Scan RS (ms): Min: 3.0, Avg: 3.1, Max: 3.1, Diff: 0.1, Sum: 6.1]
      [Code Root Scanning (ms): Min: 0.0, Avg: 0.0, Max: 0.0, Diff: 0.0, Sum: 0.0]
      [Object Copy (ms): Min: 11.8, Avg: 11.8, Max: 11.9, Diff: 0.0, Sum: 23.7]
      [Termination (ms): Min: 0.0, Avg: 0.0, Max: 0.0, Diff: 0.0, Sum: 0.0]
         [Termination Attempts: Min: 1, Avg: 1.0, Max: 1, Diff: 0, Sum: 2]
      [GC Worker Other (ms): Min: 0.0, Avg: 0.0, Max: 0.0, Diff: 0.0, Sum: 0.0]
      [GC Worker Total (ms): Min: 19.6, Avg: 19.7, Max: 19.7, Diff: 0.0, Sum: 39.3]
      [GC Worker End (ms): Min: 71604647.3, Avg: 71604647.3, Max: 71604647.3, Diff: 0.0]
   [Code Root Fixup: 0.1 ms]
   [Code Root Purge: 0.0 ms]
   [Clear CT: 0.1 ms]
   [Other: 0.9 ms]
      [Choose CSet: 0.0 ms]
      [Ref Proc: 0.3 ms]
      [Ref Enq: 0.0 ms]
      [Redirty Cards: 0.2 ms]
      [Humongous Register: 0.1 ms]
      [Humongous Reclaim: 0.0 ms]
      [Free CSet: 0.0 ms]
   [Eden: 44.0M(44.0M)->0.0B(48.0M) Survivors: 7168.0K->3072.0K Heap: 380.0M(1024.0M)->334.0M(1024.0M)]
 [Times: user=0.03 sys=0.00, real=0.02 secs] 
2017-09-24T22:01:34.185+0900: 71706.107: [GC pause (G1 Evacuation Pause) (young), 0.0225847 secs]
   [Parallel Time: 21.8 ms, GC Workers: 2]
      [GC Worker Start (ms): Min: 71706107.4, Avg: 71706112.5, Max: 71706117.6, Diff: 10.2]
      [Ext Root Scanning (ms): Min: 0.0, Avg: 0.5, Max: 0.9, Diff: 0.9, Sum: 1.0]
      [Update RS (ms): Min: 0.0, Avg: 1.7, Max: 3.3, Diff: 3.3, Sum: 3.3]
         [Processed Buffers: Min: 0, Avg: 17.5, Max: 35, Diff: 35, Sum: 35]
      [Scan RS (ms): Min: 0.0, Avg: 1.7, Max: 3.4, Diff: 3.4, Sum: 3.4]
      [Code Root Scanning (ms): Min: 0.0, Avg: 0.0, Max: 0.0, Diff: 0.0, Sum: 0.0]
      [Object Copy (ms): Min: 8.9, Avg: 10.2, Max: 11.5, Diff: 2.6, Sum: 20.4]
      [Termination (ms): Min: 0.0, Avg: 2.6, Max: 5.2, Diff: 5.2, Sum: 5.2]
         [Termination Attempts: Min: 1, Avg: 1.0, Max: 1, Diff: 0, Sum: 2]
      [GC Worker Other (ms): Min: 0.0, Avg: 0.0, Max: 0.0, Diff: 0.0, Sum: 0.0]
      [GC Worker Total (ms): Min: 11.5, Avg: 16.7, Max: 21.8, Diff: 10.3, Sum: 33.3]
      [GC Worker End (ms): Min: 71706129.2, Avg: 71706129.2, Max: 71706129.2, Diff: 0.0]
   [Code Root Fixup: 0.0 ms]
   [Code Root Purge: 0.0 ms]
   [Clear CT: 0.1 ms]
   [Other: 0.7 ms]
      [Choose CSet: 0.0 ms]
      [Ref Proc: 0.3 ms]
      [Ref Enq: 0.0 ms]
      [Redirty Cards: 0.1 ms]
      [Humongous Register: 0.0 ms]
      [Humongous Reclaim: 0.0 ms]
      [Free CSet: 0.0 ms]
   [Eden: 48.0M(48.0M)->0.0B(46.0M) Survivors: 3072.0K->5120.0K Heap: 382.0M(1024.0M)->336.0M(1024.0M)]
 [Times: user=0.03 sys=0.00, real=0.03 secs] 
2017-09-24T22:03:11.526+0900: 71803.449: [GC pause (G1 Evacuation Pause) (young), 0.0137981 secs]
   [Parallel Time: 12.4 ms, GC Workers: 2]
      [GC Worker Start (ms): Min: 71803449.1, Avg: 71803449.2, Max: 71803449.3, Diff: 0.2]
      [Ext Root Scanning (ms): Min: 1.6, Avg: 1.7, Max: 1.9, Diff: 0.3, Sum: 3.5]
      [Update RS (ms): Min: 2.6, Avg: 2.6, Max: 2.6, Diff: 0.0, Sum: 5.1]
         [Processed Buffers: Min: 6, Avg: 19.0, Max: 32, Diff: 26, Sum: 38]
      [Scan RS (ms): Min: 1.0, Avg: 1.0, Max: 1.0, Diff: 0.0, Sum: 1.9]
      [Code Root Scanning (ms): Min: 0.0, Avg: 0.0, Max: 0.0, Diff: 0.0, Sum: 0.0]
      [Object Copy (ms): Min: 6.9, Avg: 6.9, Max: 7.0, Diff: 0.1, Sum: 13.8]
      [Termination (ms): Min: 0.0, Avg: 0.0, Max: 0.0, Diff: 0.0, Sum: 0.0]
         [Termination Attempts: Min: 1, Avg: 1.0, Max: 1, Diff: 0, Sum: 2]
      [GC Worker Other (ms): Min: 0.0, Avg: 0.0, Max: 0.0, Diff: 0.0, Sum: 0.0]
      [GC Worker Total (ms): Min: 12.1, Avg: 12.2, Max: 12.3, Diff: 0.2, Sum: 24.4]
      [GC Worker End (ms): Min: 71803461.4, Avg: 71803461.4, Max: 71803461.4, Diff: 0.0]
   [Code Root Fixup: 0.1 ms]
   [Code Root Purge: 0.0 ms]
   [Clear CT: 0.2 ms]
   [Other: 1.1 ms]
      [Choose CSet: 0.0 ms]
      [Ref Proc: 0.4 ms]
      [Ref Enq: 0.0 ms]
      [Redirty Cards: 0.1 ms]
      [Humongous Register: 0.1 ms]
      [Humongous Reclaim: 0.0 ms]
      [Free CSet: 0.1 ms]
   [Eden: 46.0M(46.0M)->0.0B(48.0M) Survivors: 5120.0K->3072.0K Heap: 382.0M(1024.0M)->334.5M(1024.0M)]
 [Times: user=0.03 sys=0.00, real=0.01 secs] 
2017-09-24T22:04:53.597+0900: 71905.520: [GC pause (G1 Evacuation Pause) (young), 0.0313832 secs]
   [Parallel Time: 29.9 ms, GC Workers: 2]
      [GC Worker Start (ms): Min: 71905520.6, Avg: 71905520.7, Max: 71905520.7, Diff: 0.1]
      [Ext Root Scanning (ms): Min: 2.0, Avg: 2.0, Max: 2.1, Diff: 0.1, Sum: 4.0]
      [Update RS (ms): Min: 4.9, Avg: 5.1, Max: 5.2, Diff: 0.4, Sum: 10.1]
         [Processed Buffers: Min: 15, Avg: 17.5, Max: 20, Diff: 5, Sum: 35]
      [Scan RS (ms): Min: 5.0, Avg: 5.4, Max: 5.8, Diff: 0.8, Sum: 10.7]
      [Code Root Scanning (ms): Min: 0.0, Avg: 0.0, Max: 0.0, Diff: 0.0, Sum: 0.0]
      [Object Copy (ms): Min: 16.8, Avg: 17.1, Max: 17.3, Diff: 0.5, Sum: 34.1]
      [Termination (ms): Min: 0.0, Avg: 0.1, Max: 0.1, Diff: 0.1, Sum: 0.1]
         [Termination Attempts: Min: 1, Avg: 1.0, Max: 1, Diff: 0, Sum: 2]
      [GC Worker Other (ms): Min: 0.0, Avg: 0.0, Max: 0.0, Diff: 0.0, Sum: 0.1]
      [GC Worker Total (ms): Min: 29.5, Avg: 29.6, Max: 29.7, Diff: 0.2, Sum: 59.2]
      [GC Worker End (ms): Min: 71905550.2, Avg: 71905550.2, Max: 71905550.3, Diff: 0.1]
   [Code Root Fixup: 0.1 ms]
   [Code Root Purge: 0.0 ms]
   [Clear CT: 0.1 ms]
   [Other: 1.2 ms]
      [Choose CSet: 0.0 ms]
      [Ref Proc: 0.4 ms]
      [Ref Enq: 0.0 ms]
      [Redirty Cards: 0.3 ms]
      [Humongous Register: 0.1 ms]
      [Humongous Reclaim: 0.1 ms]
      [Free CSet: 0.1 ms]
   [Eden: 48.0M(48.0M)->0.0B(46.0M) Survivors: 3072.0K->5120.0K Heap: 382.5M(1024.0M)->336.5M(1024.0M)]
 [Times: user=0.06 sys=0.00, real=0.04 secs] 
2017-09-24T22:06:31.749+0900: 72003.671: [GC pause (G1 Evacuation Pause) (young), 0.0374926 secs]
   [Parallel Time: 36.7 ms, GC Workers: 2]
      [GC Worker Start (ms): Min: 72003671.6, Avg: 72003671.7, Max: 72003671.8, Diff: 0.2]
      [Ext Root Scanning (ms): Min: 1.1, Avg: 1.2, Max: 1.3, Diff: 0.2, Sum: 2.4]
      [Update RS (ms): Min: 1.6, Avg: 2.0, Max: 2.3, Diff: 0.7, Sum: 3.9]
         [Processed Buffers: Min: 12, Avg: 17.5, Max: 23, Diff: 11, Sum: 35]
      [Scan RS (ms): Min: 6.9, Avg: 7.7, Max: 8.5, Diff: 1.6, Sum: 15.4]
      [Code Root Scanning (ms): Min: 0.0, Avg: 0.0, Max: 0.0, Diff: 0.0, Sum: 0.0]
      [Object Copy (ms): Min: 24.4, Avg: 25.3, Max: 26.1, Diff: 1.7, Sum: 50.5]
      [Termination (ms): Min: 0.0, Avg: 0.4, Max: 0.7, Diff: 0.7, Sum: 0.7]
         [Termination Attempts: Min: 1, Avg: 1.0, Max: 1, Diff: 0, Sum: 2]
      [GC Worker Other (ms): Min: 0.0, Avg: 0.0, Max: 0.0, Diff: 0.0, Sum: 0.0]
      [GC Worker Total (ms): Min: 36.5, Avg: 36.6, Max: 36.6, Diff: 0.2, Sum: 73.1]
      [GC Worker End (ms): Min: 72003708.2, Avg: 72003708.2, Max: 72003708.2, Diff: 0.0]
   [Code Root Fixup: 0.0 ms]
   [Code Root Purge: 0.0 ms]
   [Clear CT: 0.1 ms]
   [Other: 0.6 ms]
      [Choose CSet: 0.0 ms]
      [Ref Proc: 0.2 ms]
      [Ref Enq: 0.0 ms]
      [Redirty Cards: 0.1 ms]
      [Humongous Register: 0.0 ms]
      [Humongous Reclaim: 0.0 ms]
      [Free CSet: 0.1 ms]
   [Eden: 46.0M(46.0M)->0.0B(45.0M) Survivors: 5120.0K->6144.0K Heap: 382.5M(1024.0M)->338.0M(1024.0M)]
 [Times: user=0.04 sys=0.00, real=0.04 secs] 
2017-09-24T22:08:04.057+0900: 72095.979: [GC pause (G1 Evacuation Pause) (young), 0.0148978 secs]
   [Parallel Time: 13.9 ms, GC Workers: 2]
      [GC Worker Start (ms): Min: 72095979.6, Avg: 72095979.6, Max: 72095979.6, Diff: 0.0]
      [Ext Root Scanning (ms): Min: 1.2, Avg: 1.2, Max: 1.2, Diff: 0.0, Sum: 2.4]
      [Update RS (ms): Min: 1.7, Avg: 1.7, Max: 1.7, Diff: 0.0, Sum: 3.4]
         [Processed Buffers: Min: 8, Avg: 17.5, Max: 27, Diff: 19, Sum: 35]
      [Scan RS (ms): Min: 1.5, Avg: 2.2, Max: 2.8, Diff: 1.4, Sum: 4.3]
      [Code Root Scanning (ms): Min: 0.0, Avg: 0.0, Max: 0.0, Diff: 0.0, Sum: 0.0]
      [Object Copy (ms): Min: 7.9, Avg: 8.6, Max: 9.3, Diff: 1.4, Sum: 17.1]
      [Termination (ms): Min: 0.0, Avg: 0.0, Max: 0.0, Diff: 0.0, Sum: 0.0]
         [Termination Attempts: Min: 1, Avg: 1.0, Max: 1, Diff: 0, Sum: 2]
      [GC Worker Other (ms): Min: 0.0, Avg: 0.0, Max: 0.0, Diff: 0.0, Sum: 0.0]
      [GC Worker Total (ms): Min: 13.7, Avg: 13.7, Max: 13.7, Diff: 0.0, Sum: 27.4]
      [GC Worker End (ms): Min: 72095993.3, Avg: 72095993.3, Max: 72095993.3, Diff: 0.0]
   [Code Root Fixup: 0.1 ms]
   [Code Root Purge: 0.0 ms]
   [Clear CT: 0.1 ms]
   [Other: 0.8 ms]
      [Choose CSet: 0.0 ms]
      [Ref Proc: 0.4 ms]
      [Ref Enq: 0.0 ms]
      [Redirty Cards: 0.1 ms]
      [Humongous Register: 0.0 ms]
      [Humongous Reclaim: 0.0 ms]
      [Free CSet: 0.1 ms]
   [Eden: 45.0M(45.0M)->0.0B(47.0M) Survivors: 6144.0K->4096.0K Heap: 383.0M(1024.0M)->337.5M(1024.0M)]
 [Times: user=0.03 sys=0.00, real=0.02 secs] 
2017-09-24T22:09:44.126+0900: 72196.048: [GC pause (G1 Evacuation Pause) (young), 0.0388102 secs]
   [Parallel Time: 37.2 ms, GC Workers: 2]
      [GC Worker Start (ms): Min: 72196048.8, Avg: 72196048.8, Max: 72196048.8, Diff: 0.1]
      [Ext Root Scanning (ms): Min: 2.0, Avg: 2.0, Max: 2.1, Diff: 0.0, Sum: 4.1]
      [Update RS (ms): Min: 11.1, Avg: 11.2, Max: 11.2, Diff: 0.1, Sum: 22.3]
         [Processed Buffers: Min: 5, Avg: 18.5, Max: 32, Diff: 27, Sum: 37]
      [Scan RS (ms): Min: 4.5, Avg: 6.0, Max: 7.5, Diff: 3.1, Sum: 12.0]
      [Code Root Scanning (ms): Min: 0.0, Avg: 0.0, Max: 0.0, Diff: 0.0, Sum: 0.0]
      [Object Copy (ms): Min: 16.2, Avg: 17.8, Max: 19.4, Diff: 3.1, Sum: 35.6]
      [Termination (ms): Min: 0.0, Avg: 0.0, Max: 0.0, Diff: 0.0, Sum: 0.0]
         [Termination Attempts: Min: 1, Avg: 1.0, Max: 1, Diff: 0, Sum: 2]
      [GC Worker Other (ms): Min: 0.0, Avg: 0.0, Max: 0.0, Diff: 0.0, Sum: 0.1]
      [GC Worker Total (ms): Min: 37.0, Avg: 37.0, Max: 37.1, Diff: 0.1, Sum: 74.0]
      [GC Worker End (ms): Min: 72196085.8, Avg: 72196085.8, Max: 72196085.8, Diff: 0.0]
   [Code Root Fixup: 0.1 ms]
   [Code Root Purge: 0.0 ms]
   [Clear CT: 0.1 ms]
   [Other: 1.4 ms]
      [Choose CSet: 0.0 ms]
      [Ref Proc: 0.6 ms]
      [Ref Enq: 0.0 ms]
      [Redirty Cards: 0.2 ms]
      [Humongous Register: 0.1 ms]
      [Humongous Reclaim: 0.0 ms]
      [Free CSet: 0.1 ms]
   [Eden: 47.0M(47.0M)->0.0B(46.0M) Survivors: 4096.0K->5120.0K Heap: 384.5M(1024.0M)->338.5M(1024.0M)]
 [Times: user=0.05 sys=0.00, real=0.04 secs] 
2017-09-24T22:11:21.707+0900: 72293.630: [GC pause (G1 Evacuation Pause) (young), 0.0355381 secs]
   [Parallel Time: 28.5 ms, GC Workers: 2]
      [GC Worker Start (ms): Min: 72293630.1, Avg: 72293630.2, Max: 72293630.2, Diff: 0.1]
      [Ext Root Scanning (ms): Min: 1.7, Avg: 1.8, Max: 1.9, Diff: 0.2, Sum: 3.6]
      [Update RS (ms): Min: 4.3, Avg: 4.4, Max: 4.5, Diff: 0.1, Sum: 8.8]
         [Processed Buffers: Min: 6, Avg: 18.0, Max: 30, Diff: 24, Sum: 36]
      [Scan RS (ms): Min: 5.6, Avg: 5.7, Max: 5.8, Diff: 0.3, Sum: 11.4]
      [Code Root Scanning (ms): Min: 0.0, Avg: 0.0, Max: 0.0, Diff: 0.0, Sum: 0.0]
      [Object Copy (ms): Min: 16.3, Avg: 16.5, Max: 16.6, Diff: 0.3, Sum: 32.9]
      [Termination (ms): Min: 0.0, Avg: 0.0, Max: 0.0, Diff: 0.0, Sum: 0.0]
         [Termination Attempts: Min: 1, Avg: 1.0, Max: 1, Diff: 0, Sum: 2]
      [GC Worker Other (ms): Min: 0.0, Avg: 0.0, Max: 0.0, Diff: 0.0, Sum: 0.1]
      [GC Worker Total (ms): Min: 28.3, Avg: 28.4, Max: 28.4, Diff: 0.1, Sum: 56.8]
      [GC Worker End (ms): Min: 72293658.5, Avg: 72293658.5, Max: 72293658.5, Diff: 0.0]
   [Code Root Fixup: 0.1 ms]
   [Code Root Purge: 0.0 ms]
   [Clear CT: 0.0 ms]
   [Other: 6.9 ms]
      [Choose CSet: 0.0 ms]
      [Ref Proc: 6.3 ms]
      [Ref Enq: 0.0 ms]
      [Redirty Cards: 0.1 ms]
      [Humongous Register: 0.1 ms]
      [Humongous Reclaim: 0.0 ms]
      [Free CSet: 0.0 ms]
   [Eden: 46.0M(46.0M)->0.0B(49.0M) Survivors: 5120.0K->2048.0K Heap: 384.5M(1024.0M)->337.0M(1024.0M)]
 [Times: user=0.05 sys=0.00, real=0.03 secs] 
2017-09-24T22:13:05.742+0900: 72397.665: [GC pause (G1 Evacuation Pause) (young), 0.0345823 secs]
   [Parallel Time: 33.3 ms, GC Workers: 2]
      [GC Worker Start (ms): Min: 72397665.0, Avg: 72397668.7, Max: 72397672.5, Diff: 7.5]
      [Ext Root Scanning (ms): Min: 0.0, Avg: 1.0, Max: 1.9, Diff: 1.9, Sum: 1.9]
      [Update RS (ms): Min: 1.1, Avg: 7.5, Max: 13.9, Diff: 12.9, Sum: 15.0]
         [Processed Buffers: Min: 13, Avg: 17.0, Max: 21, Diff: 8, Sum: 34]
      [Scan RS (ms): Min: 0.0, Avg: 0.8, Max: 1.6, Diff: 1.6, Sum: 1.6]
      [Code Root Scanning (ms): Min: 0.0, Avg: 0.0, Max: 0.0, Diff: 0.0, Sum: 0.0]
      [Object Copy (ms): Min: 17.4, Avg: 20.0, Max: 22.6, Diff: 5.3, Sum: 40.0]
      [Termination (ms): Min: 0.0, Avg: 0.2, Max: 0.4, Diff: 0.4, Sum: 0.4]
         [Termination Attempts: Min: 1, Avg: 1.0, Max: 1, Diff: 0, Sum: 2]
      [GC Worker Other (ms): Min: 0.0, Avg: 0.0, Max: 0.0, Diff: 0.0, Sum: 0.0]
      [GC Worker Total (ms): Min: 25.8, Avg: 29.5, Max: 33.2, Diff: 7.5, Sum: 59.0]
      [GC Worker End (ms): Min: 72397698.2, Avg: 72397698.2, Max: 72397698.2, Diff: 0.0]
   [Code Root Fixup: 0.0 ms]
   [Code Root Purge: 0.0 ms]
   [Clear CT: 0.1 ms]
   [Other: 1.1 ms]
      [Choose CSet: 0.0 ms]
      [Ref Proc: 0.5 ms]
      [Ref Enq: 0.0 ms]
      [Redirty Cards: 0.0 ms]
      [Humongous Register: 0.1 ms]
      [Humongous Reclaim: 0.0 ms]
      [Free CSet: 0.0 ms]
   [Eden: 49.0M(49.0M)->0.0B(47.0M) Survivors: 2048.0K->4096.0K Heap: 386.0M(1024.0M)->339.0M(1024.0M)]
 [Times: user=0.02 sys=0.01, real=0.03 secs] 
2017-09-24T22:14:45.733+0900: 72497.656: [GC pause (G1 Evacuation Pause) (young), 0.0447593 secs]
   [Parallel Time: 38.4 ms, GC Workers: 2]
      [GC Worker Start (ms): Min: 72497656.4, Avg: 72497658.4, Max: 72497660.4, Diff: 4.0]
      [Ext Root Scanning (ms): Min: 0.0, Avg: 1.7, Max: 3.4, Diff: 3.4, Sum: 3.5]
      [Update RS (ms): Min: 11.7, Avg: 14.3, Max: 16.9, Diff: 5.2, Sum: 28.6]
         [Processed Buffers: Min: 7, Avg: 17.0, Max: 27, Diff: 20, Sum: 34]
      [Scan RS (ms): Min: 0.1, Avg: 2.6, Max: 5.1, Diff: 4.9, Sum: 5.2]
      [Code Root Scanning (ms): Min: 0.0, Avg: 0.0, Max: 0.0, Diff: 0.0, Sum: 0.0]
      [Object Copy (ms): Min: 17.6, Avg: 17.7, Max: 17.8, Diff: 0.2, Sum: 35.4]
      [Termination (ms): Min: 0.0, Avg: 0.0, Max: 0.0, Diff: 0.0, Sum: 0.0]
         [Termination Attempts: Min: 1, Avg: 1.0, Max: 1, Diff: 0, Sum: 2]
      [GC Worker Other (ms): Min: 0.0, Avg: 0.0, Max: 0.0, Diff: 0.0, Sum: 0.0]
      [GC Worker Total (ms): Min: 34.4, Avg: 36.4, Max: 38.4, Diff: 4.0, Sum: 72.7]
      [GC Worker End (ms): Min: 72497694.8, Avg: 72497694.8, Max: 72497694.8, Diff: 0.0]
   [Code Root Fixup: 0.1 ms]
   [Code Root Purge: 0.0 ms]
   [Clear CT: 0.1 ms]
   [Other: 6.2 ms]
      [Choose CSet: 0.0 ms]
      [Ref Proc: 5.6 ms]
      [Ref Enq: 0.0 ms]
      [Redirty Cards: 0.1 ms]
      [Humongous Register: 0.1 ms]
      [Humongous Reclaim: 0.0 ms]
      [Free CSet: 0.0 ms]
   [Eden: 47.0M(47.0M)->0.0B(45.0M) Survivors: 4096.0K->6144.0K Heap: 386.0M(1024.0M)->341.0M(1024.0M)]
 [Times: user=0.05 sys=0.00, real=0.05 secs] 
2017-09-24T22:16:21.259+0900: 72593.182: [GC pause (G1 Evacuation Pause) (young), 0.0111672 secs]
   [Parallel Time: 7.6 ms, GC Workers: 2]
      [GC Worker Start (ms): Min: 72593181.9, Avg: 72593181.9, Max: 72593181.9, Diff: 0.0]
      [Ext Root Scanning (ms): Min: 0.6, Avg: 0.6, Max: 0.7, Diff: 0.0, Sum: 1.3]
      [Update RS (ms): Min: 0.8, Avg: 0.8, Max: 0.8, Diff: 0.0, Sum: 1.6]
         [Processed Buffers: Min: 2, Avg: 16.0, Max: 30, Diff: 28, Sum: 32]
      [Scan RS (ms): Min: 0.6, Avg: 0.6, Max: 0.6, Diff: 0.0, Sum: 1.2]
      [Code Root Scanning (ms): Min: 0.0, Avg: 0.0, Max: 0.0, Diff: 0.0, Sum: 0.0]
      [Object Copy (ms): Min: 5.5, Avg: 5.5, Max: 5.5, Diff: 0.0, Sum: 10.9]
      [Termination (ms): Min: 0.0, Avg: 0.0, Max: 0.0, Diff: 0.0, Sum: 0.0]
         [Termination Attempts: Min: 1, Avg: 2.0, Max: 3, Diff: 2, Sum: 4]
      [GC Worker Other (ms): Min: 0.0, Avg: 0.0, Max: 0.0, Diff: 0.0, Sum: 0.0]
      [GC Worker Total (ms): Min: 7.5, Avg: 7.5, Max: 7.5, Diff: 0.0, Sum: 15.1]
      [GC Worker End (ms): Min: 72593189.4, Avg: 72593189.4, Max: 72593189.4, Diff: 0.0]
   [Code Root Fixup: 0.1 ms]
   [Code Root Purge: 0.0 ms]
   [Clear CT: 0.3 ms]
   [Other: 3.3 ms]
      [Choose CSet: 0.0 ms]
      [Ref Proc: 1.9 ms]
      [Ref Enq: 0.0 ms]
      [Redirty Cards: 0.0 ms]
      [Humongous Register: 0.0 ms]
      [Humongous Reclaim: 0.1 ms]
      [Free CSet: 0.0 ms]
   [Eden: 45.0M(45.0M)->0.0B(48.0M) Survivors: 6144.0K->3072.0K Heap: 386.0M(1024.0M)->339.4M(1024.0M)]
 [Times: user=0.01 sys=0.00, real=0.01 secs] 
2017-09-24T22:18:03.245+0900: 72695.168: [GC pause (G1 Evacuation Pause) (young), 0.0096166 secs]
   [Parallel Time: 8.3 ms, GC Workers: 2]
      [GC Worker Start (ms): Min: 72695168.2, Avg: 72695168.2, Max: 72695168.2, Diff: 0.0]
      [Ext Root Scanning (ms): Min: 0.9, Avg: 0.9, Max: 0.9, Diff: 0.0, Sum: 1.8]
      [Update RS (ms): Min: 1.8, Avg: 1.9, Max: 2.0, Diff: 0.2, Sum: 3.8]
         [Processed Buffers: Min: 12, Avg: 18.0, Max: 24, Diff: 12, Sum: 36]
      [Scan RS (ms): Min: 0.9, Avg: 1.0, Max: 1.1, Diff: 0.2, Sum: 2.0]
      [Code Root Scanning (ms): Min: 0.0, Avg: 0.0, Max: 0.0, Diff: 0.0, Sum: 0.0]
      [Object Copy (ms): Min: 4.3, Avg: 4.3, Max: 4.3, Diff: 0.0, Sum: 8.6]
      [Termination (ms): Min: 0.0, Avg: 0.0, Max: 0.0, Diff: 0.0, Sum: 0.0]
         [Termination Attempts: Min: 2, Avg: 2.5, Max: 3, Diff: 1, Sum: 5]
      [GC Worker Other (ms): Min: 0.0, Avg: 0.0, Max: 0.0, Diff: 0.0, Sum: 0.0]
      [GC Worker Total (ms): Min: 8.1, Avg: 8.1, Max: 8.1, Diff: 0.0, Sum: 16.3]
      [GC Worker End (ms): Min: 72695176.3, Avg: 72695176.3, Max: 72695176.3, Diff: 0.0]
   [Code Root Fixup: 0.1 ms]
   [Code Root Purge: 0.0 ms]
   [Clear CT: 0.5 ms]
   [Other: 0.7 ms]
      [Choose CSet: 0.0 ms]
      [Ref Proc: 0.2 ms]
      [Ref Enq: 0.0 ms]
      [Redirty Cards: 0.3 ms]
      [Humongous Register: 0.0 ms]
      [Humongous Reclaim: 0.0 ms]
      [Free CSet: 0.0 ms]
   [Eden: 48.0M(48.0M)->0.0B(46.0M) Survivors: 3072.0K->5120.0K Heap: 387.4M(1024.0M)->340.9M(1024.0M)]
 [Times: user=0.01 sys=0.01, real=0.01 secs] 
2017-09-24T22:19:41.252+0900: 72793.175: [GC pause (G1 Evacuation Pause) (young), 0.0226152 secs]
   [Parallel Time: 21.6 ms, GC Workers: 2]
      [GC Worker Start (ms): Min: 72793175.0, Avg: 72793175.0, Max: 72793175.0, Diff: 0.0]
      [Ext Root Scanning (ms): Min: 1.0, Avg: 1.0, Max: 1.0, Diff: 0.0, Sum: 2.0]
      [Update RS (ms): Min: 1.5, Avg: 1.6, Max: 1.8, Diff: 0.3, Sum: 3.3]
         [Processed Buffers: Min: 13, Avg: 17.5, Max: 22, Diff: 9, Sum: 35]
      [Scan RS (ms): Min: 1.3, Avg: 1.4, Max: 1.6, Diff: 0.3, Sum: 2.8]
      [Code Root Scanning (ms): Min: 0.0, Avg: 0.0, Max: 0.0, Diff: 0.0, Sum: 0.0]
      [Object Copy (ms): Min: 8.5, Avg: 10.1, Max: 11.8, Diff: 3.3, Sum: 20.2]
      [Termination (ms): Min: 0.0, Avg: 3.9, Max: 7.7, Diff: 7.7, Sum: 7.7]
         [Termination Attempts: Min: 1, Avg: 1.0, Max: 1, Diff: 0, Sum: 2]
      [GC Worker Other (ms): Min: 0.0, Avg: 0.0, Max: 0.0, Diff: 0.0, Sum: 0.0]
      [GC Worker Total (ms): Min: 15.9, Avg: 18.1, Max: 20.2, Diff: 4.4, Sum: 36.1]
      [GC Worker End (ms): Min: 72793190.9, Avg: 72793193.1, Max: 72793195.3, Diff: 4.4]
   [Code Root Fixup: 0.1 ms]
   [Code Root Purge: 0.0 ms]
   [Clear CT: 0.1 ms]
   [Other: 0.8 ms]
      [Choose CSet: 0.0 ms]
      [Ref Proc: 0.3 ms]
      [Ref Enq: 0.0 ms]
      [Redirty Cards: 0.1 ms]
      [Humongous Register: 0.0 ms]
      [Humongous Reclaim: 0.0 ms]
      [Free CSet: 0.1 ms]
   [Eden: 46.0M(46.0M)->0.0B(48.0M) Survivors: 5120.0K->3072.0K Heap: 386.9M(1024.0M)->339.5M(1024.0M)]
 [Times: user=0.02 sys=0.00, real=0.02 secs] 
2017-09-24T22:21:23.537+0900: 72895.459: [GC pause (G1 Evacuation Pause) (young), 0.0076524 secs]
   [Parallel Time: 6.8 ms, GC Workers: 2]
      [GC Worker Start (ms): Min: 72895459.3, Avg: 72895459.4, Max: 72895459.4, Diff: 0.0]
      [Ext Root Scanning (ms): Min: 0.5, Avg: 0.5, Max: 0.6, Diff: 0.1, Sum: 1.1]
      [Update RS (ms): Min: 0.9, Avg: 0.9, Max: 0.9, Diff: 0.0, Sum: 1.8]
         [Processed Buffers: Min: 5, Avg: 18.0, Max: 31, Diff: 26, Sum: 36]
      [Scan RS (ms): Min: 0.6, Avg: 0.7, Max: 0.7, Diff: 0.1, Sum: 1.4]
      [Code Root Scanning (ms): Min: 0.0, Avg: 0.0, Max: 0.0, Diff: 0.0, Sum: 0.0]
      [Object Copy (ms): Min: 4.6, Avg: 4.7, Max: 4.7, Diff: 0.1, Sum: 9.4]
      [Termination (ms): Min: 0.0, Avg: 0.0, Max: 0.0, Diff: 0.0, Sum: 0.0]
         [Termination Attempts: Min: 1, Avg: 1.0, Max: 1, Diff: 0, Sum: 2]
      [GC Worker Other (ms): Min: 0.0, Avg: 0.0, Max: 0.0, Diff: 0.0, Sum: 0.0]
      [GC Worker Total (ms): Min: 6.8, Avg: 6.8, Max: 6.8, Diff: 0.0, Sum: 13.6]
      [GC Worker End (ms): Min: 72895466.2, Avg: 72895466.2, Max: 72895466.2, Diff: 0.0]
   [Code Root Fixup: 0.0 ms]
   [Code Root Purge: 0.0 ms]
   [Clear CT: 0.1 ms]
   [Other: 0.7 ms]
      [Choose CSet: 0.0 ms]
      [Ref Proc: 0.3 ms]
      [Ref Enq: 0.0 ms]
      [Redirty Cards: 0.1 ms]
      [Humongous Register: 0.0 ms]
      [Humongous Reclaim: 0.0 ms]
      [Free CSet: 0.0 ms]
   [Eden: 48.0M(48.0M)->0.0B(46.0M) Survivors: 3072.0K->5120.0K Heap: 387.5M(1024.0M)->341.5M(1024.0M)]
 [Times: user=0.01 sys=0.00, real=0.01 secs] 
2017-09-24T22:22:58.153+0900: 72990.075: [GC pause (G1 Evacuation Pause) (young), 0.0323968 secs]
   [Parallel Time: 31.6 ms, GC Workers: 2]
      [GC Worker Start (ms): Min: 72990075.4, Avg: 72990075.4, Max: 72990075.4, Diff: 0.0]
      [Ext Root Scanning (ms): Min: 1.0, Avg: 1.1, Max: 1.1, Diff: 0.1, Sum: 2.1]
      [Update RS (ms): Min: 2.2, Avg: 2.3, Max: 2.4, Diff: 0.2, Sum: 4.6]
         [Processed Buffers: Min: 16, Avg: 19.0, Max: 22, Diff: 6, Sum: 38]
      [Scan RS (ms): Min: 2.0, Avg: 2.3, Max: 2.7, Diff: 0.7, Sum: 4.6]
      [Code Root Scanning (ms): Min: 0.0, Avg: 0.0, Max: 0.0, Diff: 0.0, Sum: 0.0]
      [Object Copy (ms): Min: 23.0, Avg: 23.3, Max: 23.5, Diff: 0.5, Sum: 46.6]
      [Termination (ms): Min: 0.0, Avg: 0.0, Max: 0.0, Diff: 0.0, Sum: 0.0]
         [Termination Attempts: Min: 1, Avg: 1.0, Max: 1, Diff: 0, Sum: 2]
      [GC Worker Other (ms): Min: 0.0, Avg: 0.0, Max: 0.0, Diff: 0.0, Sum: 0.0]
      [GC Worker Total (ms): Min: 29.0, Avg: 29.0, Max: 29.0, Diff: 0.0, Sum: 58.0]
      [GC Worker End (ms): Min: 72990104.4, Avg: 72990104.4, Max: 72990104.4, Diff: 0.0]
   [Code Root Fixup: 0.1 ms]
   [Code Root Purge: 0.0 ms]
   [Clear CT: 0.1 ms]
   [Other: 0.6 ms]
      [Choose CSet: 0.0 ms]
      [Ref Proc: 0.3 ms]
      [Ref Enq: 0.0 ms]
      [Redirty Cards: 0.0 ms]
      [Humongous Register: 0.0 ms]
      [Humongous Reclaim: 0.0 ms]
      [Free CSet: 0.0 ms]
   [Eden: 46.0M(46.0M)->0.0B(44.0M) Survivors: 5120.0K->7168.0K Heap: 387.5M(1024.0M)->344.5M(1024.0M)]
 [Times: user=0.05 sys=0.00, real=0.03 secs] 
2017-09-24T22:24:31.736+0900: 73083.659: [GC pause (G1 Evacuation Pause) (young), 0.0328203 secs]
   [Parallel Time: 27.7 ms, GC Workers: 2]
      [GC Worker Start (ms): Min: 73083659.0, Avg: 73083659.0, Max: 73083659.0, Diff: 0.1]
      [Ext Root Scanning (ms): Min: 1.4, Avg: 1.5, Max: 1.6, Diff: 0.2, Sum: 3.0]
      [Update RS (ms): Min: 3.0, Avg: 3.3, Max: 3.5, Diff: 0.5, Sum: 6.5]
         [Processed Buffers: Min: 18, Avg: 18.0, Max: 18, Diff: 0, Sum: 36]
      [Scan RS (ms): Min: 3.9, Avg: 5.2, Max: 6.4, Diff: 2.5, Sum: 10.3]
      [Code Root Scanning (ms): Min: 0.0, Avg: 0.0, Max: 0.0, Diff: 0.0, Sum: 0.0]
      [Object Copy (ms): Min: 16.6, Avg: 17.6, Max: 18.5, Diff: 1.9, Sum: 35.1]
      [Termination (ms): Min: 0.0, Avg: 0.0, Max: 0.0, Diff: 0.0, Sum: 0.0]
         [Termination Attempts: Min: 1, Avg: 1.0, Max: 1, Diff: 0, Sum: 2]
      [GC Worker Other (ms): Min: 0.0, Avg: 0.0, Max: 0.0, Diff: 0.0, Sum: 0.0]
      [GC Worker Total (ms): Min: 27.5, Avg: 27.5, Max: 27.5, Diff: 0.1, Sum: 55.0]
      [GC Worker End (ms): Min: 73083686.5, Avg: 73083686.5, Max: 73083686.5, Diff: 0.0]
   [Code Root Fixup: 0.0 ms]
   [Code Root Purge: 0.0 ms]
   [Clear CT: 0.1 ms]
   [Other: 5.0 ms]
      [Choose CSet: 0.0 ms]
      [Ref Proc: 4.6 ms]
      [Ref Enq: 0.0 ms]
      [Redirty Cards: 0.1 ms]
      [Humongous Register: 0.0 ms]
      [Humongous Reclaim: 0.0 ms]
      [Free CSet: 0.1 ms]
   [Eden: 44.0M(44.0M)->0.0B(47.0M) Survivors: 7168.0K->4096.0K Heap: 388.5M(1024.0M)->342.9M(1024.0M)]
 [Times: user=0.04 sys=0.00, real=0.04 secs] 
2017-09-24T22:26:11.651+0900: 73183.574: [GC pause (G1 Evacuation Pause) (young), 0.0253853 secs]
   [Parallel Time: 24.0 ms, GC Workers: 2]
      [GC Worker Start (ms): Min: 73183574.1, Avg: 73183574.1, Max: 73183574.1, Diff: 0.0]
      [Ext Root Scanning (ms): Min: 1.2, Avg: 1.3, Max: 1.3, Diff: 0.1, Sum: 2.5]
      [Update RS (ms): Min: 2.7, Avg: 2.7, Max: 2.8, Diff: 0.1, Sum: 5.5]
         [Processed Buffers: Min: 9, Avg: 18.0, Max: 27, Diff: 18, Sum: 36]
      [Scan RS (ms): Min: 3.9, Avg: 3.9, Max: 3.9, Diff: 0.0, Sum: 7.9]
      [Code Root Scanning (ms): Min: 0.0, Avg: 0.0, Max: 0.0, Diff: 0.0, Sum: 0.0]
      [Object Copy (ms): Min: 16.0, Avg: 16.0, Max: 16.0, Diff: 0.0, Sum: 31.9]
      [Termination (ms): Min: 0.0, Avg: 0.0, Max: 0.0, Diff: 0.0, Sum: 0.0]
         [Termination Attempts: Min: 1, Avg: 1.0, Max: 1, Diff: 0, Sum: 2]
      [GC Worker Other (ms): Min: 0.0, Avg: 0.0, Max: 0.0, Diff: 0.0, Sum: 0.0]
      [GC Worker Total (ms): Min: 23.9, Avg: 23.9, Max: 23.9, Diff: 0.0, Sum: 47.8]
      [GC Worker End (ms): Min: 73183598.0, Avg: 73183598.0, Max: 73183598.0, Diff: 0.0]
   [Code Root Fixup: 0.1 ms]
   [Code Root Purge: 0.0 ms]
   [Clear CT: 0.2 ms]
   [Other: 1.1 ms]
      [Choose CSet: 0.0 ms]
      [Ref Proc: 0.4 ms]
      [Ref Enq: 0.0 ms]
      [Redirty Cards: 0.4 ms]
      [Humongous Register: 0.0 ms]
      [Humongous Reclaim: 0.0 ms]
      [Free CSet: 0.1 ms]
   [Eden: 47.0M(47.0M)->0.0B(46.0M) Survivors: 4096.0K->5120.0K Heap: 389.9M(1024.0M)->344.4M(1024.0M)]
 [Times: user=0.04 sys=0.00, real=0.02 secs] 
2017-09-24T22:27:49.194+0900: 73281.117: [GC pause (G1 Evacuation Pause) (young), 0.0098391 secs]
   [Parallel Time: 9.2 ms, GC Workers: 2]
      [GC Worker Start (ms): Min: 73281116.6, Avg: 73281116.6, Max: 73281116.6, Diff: 0.0]
      [Ext Root Scanning (ms): Min: 0.5, Avg: 0.5, Max: 0.5, Diff: 0.0, Sum: 1.0]
      [Update RS (ms): Min: 0.7, Avg: 0.7, Max: 0.7, Diff: 0.0, Sum: 1.5]
         [Processed Buffers: Min: 16, Avg: 18.0, Max: 20, Diff: 4, Sum: 36]
      [Scan RS (ms): Min: 0.8, Avg: 0.8, Max: 0.8, Diff: 0.0, Sum: 1.6]
      [Code Root Scanning (ms): Min: 0.0, Avg: 0.0, Max: 0.0, Diff: 0.0, Sum: 0.0]
      [Object Copy (ms): Min: 7.1, Avg: 7.1, Max: 7.1, Diff: 0.0, Sum: 14.2]
      [Termination (ms): Min: 0.0, Avg: 0.0, Max: 0.0, Diff: 0.0, Sum: 0.0]
         [Termination Attempts: Min: 1, Avg: 1.0, Max: 1, Diff: 0, Sum: 2]
      [GC Worker Other (ms): Min: 0.0, Avg: 0.0, Max: 0.0, Diff: 0.0, Sum: 0.0]
      [GC Worker Total (ms): Min: 9.2, Avg: 9.2, Max: 9.2, Diff: 0.0, Sum: 18.3]
      [GC Worker End (ms): Min: 73281125.8, Avg: 73281125.8, Max: 73281125.8, Diff: 0.0]
   [Code Root Fixup: 0.0 ms]
   [Code Root Purge: 0.0 ms]
   [Clear CT: 0.1 ms]
   [Other: 0.5 ms]
      [Choose CSet: 0.0 ms]
      [Ref Proc: 0.2 ms]
      [Ref Enq: 0.0 ms]
      [Redirty Cards: 0.1 ms]
      [Humongous Register: 0.0 ms]
      [Humongous Reclaim: 0.0 ms]
      [Free CSet: 0.0 ms]
   [Eden: 46.0M(46.0M)->0.0B(45.0M) Survivors: 5120.0K->6144.0K Heap: 390.4M(1024.0M)->346.7M(1024.0M)]
 [Times: user=0.01 sys=0.01, real=0.01 secs] 
2017-09-24T22:29:24.807+0900: 73376.729: [GC pause (G1 Evacuation Pause) (young), 0.0176418 secs]
   [Parallel Time: 16.8 ms, GC Workers: 2]
      [GC Worker Start (ms): Min: 73376729.6, Avg: 73376729.6, Max: 73376729.6, Diff: 0.0]
      [Ext Root Scanning (ms): Min: 0.6, Avg: 0.6, Max: 0.6, Diff: 0.0, Sum: 1.1]
      [Update RS (ms): Min: 0.1, Avg: 4.4, Max: 8.6, Diff: 8.5, Sum: 8.7]
         [Processed Buffers: Min: 10, Avg: 17.5, Max: 25, Diff: 15, Sum: 35]
      [Scan RS (ms): Min: 0.6, Avg: 0.9, Max: 1.1, Diff: 0.5, Sum: 1.7]
      [Code Root Scanning (ms): Min: 0.0, Avg: 0.0, Max: 0.0, Diff: 0.0, Sum: 0.0]
      [Object Copy (ms): Min: 6.0, Avg: 10.0, Max: 14.1, Diff: 8.1, Sum: 20.0]
      [Termination (ms): Min: 0.0, Avg: 0.0, Max: 0.0, Diff: 0.0, Sum: 0.0]
         [Termination Attempts: Min: 1, Avg: 1.0, Max: 1, Diff: 0, Sum: 2]
      [GC Worker Other (ms): Min: 0.0, Avg: 0.0, Max: 0.0, Diff: 0.0, Sum: 0.0]
      [GC Worker Total (ms): Min: 15.8, Avg: 15.8, Max: 15.9, Diff: 0.0, Sum: 31.7]
      [GC Worker End (ms): Min: 73376745.4, Avg: 73376745.4, Max: 73376745.4, Diff: 0.0]
   [Code Root Fixup: 0.0 ms]
   [Code Root Purge: 0.0 ms]
   [Clear CT: 0.1 ms]
   [Other: 0.7 ms]
      [Choose CSet: 0.0 ms]
      [Ref Proc: 0.3 ms]
      [Ref Enq: 0.0 ms]
      [Redirty Cards: 0.2 ms]
      [Humongous Register: 0.0 ms]
      [Humongous Reclaim: 0.0 ms]
      [Free CSet: 0.0 ms]
   [Eden: 45.0M(45.0M)->0.0B(48.0M) Survivors: 6144.0K->3072.0K Heap: 391.7M(1024.0M)->345.5M(1024.0M)]
 [Times: user=0.03 sys=0.00, real=0.01 secs] 
2017-09-24T22:31:07.340+0900: 73479.263: [GC pause (G1 Evacuation Pause) (young), 0.0159158 secs]
   [Parallel Time: 7.2 ms, GC Workers: 2]
      [GC Worker Start (ms): Min: 73479263.2, Avg: 73479263.2, Max: 73479263.2, Diff: 0.0]
      [Ext Root Scanning (ms): Min: 0.6, Avg: 0.6, Max: 0.6, Diff: 0.0, Sum: 1.2]
      [Update RS (ms): Min: 0.9, Avg: 0.9, Max: 0.9, Diff: 0.0, Sum: 1.9]
         [Processed Buffers: Min: 10, Avg: 17.5, Max: 25, Diff: 15, Sum: 35]
      [Scan RS (ms): Min: 0.6, Avg: 0.6, Max: 0.7, Diff: 0.1, Sum: 1.3]
      [Code Root Scanning (ms): Min: 0.0, Avg: 0.0, Max: 0.0, Diff: 0.0, Sum: 0.0]
      [Object Copy (ms): Min: 4.7, Avg: 4.7, Max: 4.8, Diff: 0.1, Sum: 9.5]
      [Termination (ms): Min: 0.0, Avg: 0.0, Max: 0.0, Diff: 0.0, Sum: 0.0]
         [Termination Attempts: Min: 1, Avg: 1.0, Max: 1, Diff: 0, Sum: 2]
      [GC Worker Other (ms): Min: 0.0, Avg: 0.0, Max: 0.0, Diff: 0.0, Sum: 0.0]
      [GC Worker Total (ms): Min: 6.9, Avg: 6.9, Max: 7.0, Diff: 0.0, Sum: 13.9]
      [GC Worker End (ms): Min: 73479270.1, Avg: 73479270.1, Max: 73479270.1, Diff: 0.0]
   [Code Root Fixup: 0.0 ms]
   [Code Root Purge: 0.0 ms]
   [Clear CT: 0.1 ms]
   [Other: 8.6 ms]
      [Choose CSet: 0.0 ms]
      [Ref Proc: 8.2 ms]
      [Ref Enq: 0.0 ms]
      [Redirty Cards: 0.1 ms]
      [Humongous Register: 0.0 ms]
      [Humongous Reclaim: 0.0 ms]
      [Free CSet: 0.1 ms]
   [Eden: 48.0M(48.0M)->0.0B(45.0M) Survivors: 3072.0K->6144.0K Heap: 393.5M(1024.0M)->348.0M(1024.0M)]
 [Times: user=0.02 sys=0.00, real=0.01 secs] 
2017-09-24T22:32:42.751+0900: 73574.674: [GC pause (G1 Evacuation Pause) (young), 0.0117027 secs]
   [Parallel Time: 11.0 ms, GC Workers: 2]
      [GC Worker Start (ms): Min: 73574674.1, Avg: 73574674.1, Max: 73574674.1, Diff: 0.0]
      [Ext Root Scanning (ms): Min: 0.9, Avg: 0.9, Max: 0.9, Diff: 0.1, Sum: 1.8]
      [Update RS (ms): Min: 1.2, Avg: 1.2, Max: 1.2, Diff: 0.0, Sum: 2.4]
         [Processed Buffers: Min: 7, Avg: 17.0, Max: 27, Diff: 20, Sum: 34]
      [Scan RS (ms): Min: 1.3, Avg: 1.3, Max: 1.3, Diff: 0.0, Sum: 2.6]
      [Code Root Scanning (ms): Min: 0.0, Avg: 0.0, Max: 0.0, Diff: 0.0, Sum: 0.0]
      [Object Copy (ms): Min: 7.2, Avg: 7.3, Max: 7.4, Diff: 0.2, Sum: 14.6]
      [Termination (ms): Min: 0.0, Avg: 0.1, Max: 0.2, Diff: 0.2, Sum: 0.2]
         [Termination Attempts: Min: 1, Avg: 1.0, Max: 1, Diff: 0, Sum: 2]
      [GC Worker Other (ms): Min: 0.0, Avg: 0.0, Max: 0.0, Diff: 0.0, Sum: 0.0]
      [GC Worker Total (ms): Min: 10.8, Avg: 10.9, Max: 10.9, Diff: 0.2, Sum: 21.7]
      [GC Worker End (ms): Min: 73574684.9, Avg: 73574685.0, Max: 73574685.1, Diff: 0.1]
   [Code Root Fixup: 0.0 ms]
   [Code Root Purge: 0.0 ms]
   [Clear CT: 0.1 ms]
   [Other: 0.6 ms]
      [Choose CSet: 0.0 ms]
      [Ref Proc: 0.2 ms]
      [Ref Enq: 0.0 ms]
      [Redirty Cards: 0.1 ms]
      [Humongous Register: 0.1 ms]
      [Humongous Reclaim: 0.0 ms]
      [Free CSet: 0.0 ms]
   [Eden: 45.0M(45.0M)->0.0B(62.0M) Survivors: 6144.0K->3072.0K Heap: 393.0M(1024.0M)->346.1M(1024.0M)]
 [Times: user=0.01 sys=0.01, real=0.01 secs] 
2017-09-24T22:34:54.624+0900: 73706.547: [GC pause (G1 Evacuation Pause) (young), 0.0222318 secs]
   [Parallel Time: 20.6 ms, GC Workers: 2]
      [GC Worker Start (ms): Min: 73706546.8, Avg: 73706546.9, Max: 73706547.0, Diff: 0.2]
      [Ext Root Scanning (ms): Min: 1.2, Avg: 1.3, Max: 1.4, Diff: 0.2, Sum: 2.6]
      [Update RS (ms): Min: 2.5, Avg: 2.5, Max: 2.5, Diff: 0.0, Sum: 5.1]
         [Processed Buffers: Min: 18, Avg: 18.5, Max: 19, Diff: 1, Sum: 37]
      [Scan RS (ms): Min: 1.9, Avg: 1.9, Max: 2.0, Diff: 0.1, Sum: 3.9]
      [Code Root Scanning (ms): Min: 0.0, Avg: 0.0, Max: 0.0, Diff: 0.0, Sum: 0.0]
      [Object Copy (ms): Min: 14.4, Avg: 14.5, Max: 14.5, Diff: 0.1, Sum: 28.9]
      [Termination (ms): Min: 0.0, Avg: 0.1, Max: 0.1, Diff: 0.1, Sum: 0.1]
         [Termination Attempts: Min: 1, Avg: 1.0, Max: 1, Diff: 0, Sum: 2]
      [GC Worker Other (ms): Min: 0.0, Avg: 0.0, Max: 0.0, Diff: 0.0, Sum: 0.0]
      [GC Worker Total (ms): Min: 20.2, Avg: 20.3, Max: 20.4, Diff: 0.2, Sum: 40.6]
      [GC Worker End (ms): Min: 73706567.2, Avg: 73706567.2, Max: 73706567.3, Diff: 0.1]
   [Code Root Fixup: 0.1 ms]
   [Code Root Purge: 0.0 ms]
   [Clear CT: 0.2 ms]
   [Other: 1.3 ms]
      [Choose CSet: 0.0 ms]
      [Ref Proc: 0.4 ms]
      [Ref Enq: 0.0 ms]
      [Redirty Cards: 0.5 ms]
      [Humongous Register: 0.0 ms]
      [Humongous Reclaim: 0.0 ms]
      [Free CSet: 0.1 ms]
   [Eden: 62.0M(62.0M)->0.0B(46.0M) Survivors: 3072.0K->5120.0K Heap: 408.1M(1024.0M)->348.6M(1024.0M)]
 [Times: user=0.04 sys=0.00, real=0.03 secs] 
2017-09-24T22:36:32.250+0900: 73804.172: [GC pause (G1 Evacuation Pause) (young), 0.0217398 secs]
   [Parallel Time: 18.9 ms, GC Workers: 2]
      [GC Worker Start (ms): Min: 73804172.9, Avg: 73804173.1, Max: 73804173.3, Diff: 0.5]
      [Ext Root Scanning (ms): Min: 1.9, Avg: 2.1, Max: 2.3, Diff: 0.4, Sum: 4.2]
      [Update RS (ms): Min: 3.8, Avg: 4.0, Max: 4.2, Diff: 0.4, Sum: 8.0]
         [Processed Buffers: Min: 1, Avg: 18.0, Max: 35, Diff: 34, Sum: 36]
      [Scan RS (ms): Min: 2.9, Avg: 3.2, Max: 3.4, Diff: 0.5, Sum: 6.4]
      [Code Root Scanning (ms): Min: 0.0, Avg: 0.0, Max: 0.0, Diff: 0.0, Sum: 0.0]
      [Object Copy (ms): Min: 8.1, Avg: 8.2, Max: 8.3, Diff: 0.2, Sum: 16.5]
      [Termination (ms): Min: 0.0, Avg: 0.1, Max: 0.2, Diff: 0.2, Sum: 0.2]
         [Termination Attempts: Min: 1, Avg: 1.0, Max: 1, Diff: 0, Sum: 2]
      [GC Worker Other (ms): Min: 0.0, Avg: 0.0, Max: 0.0, Diff: 0.0, Sum: 0.0]
      [GC Worker Total (ms): Min: 17.4, Avg: 17.7, Max: 17.9, Diff: 0.5, Sum: 35.4]
      [GC Worker End (ms): Min: 73804190.7, Avg: 73804190.8, Max: 73804190.8, Diff: 0.1]
   [Code Root Fixup: 0.1 ms]
   [Code Root Purge: 0.0 ms]
   [Clear CT: 0.1 ms]
   [Other: 2.6 ms]
      [Choose CSet: 0.0 ms]
      [Ref Proc: 1.8 ms]
      [Ref Enq: 0.0 ms]
      [Redirty Cards: 0.1 ms]
      [Humongous Register: 0.2 ms]
      [Humongous Reclaim: 0.1 ms]
      [Free CSet: 0.1 ms]
   [Eden: 46.0M(46.0M)->0.0B(48.0M) Survivors: 5120.0K->3072.0K Heap: 394.6M(1024.0M)->347.2M(1024.0M)]
 [Times: user=0.03 sys=0.00, real=0.02 secs] 
2017-09-24T22:38:14.057+0900: 73905.980: [GC pause (G1 Evacuation Pause) (young), 0.0245364 secs]
   [Parallel Time: 23.5 ms, GC Workers: 2]
      [GC Worker Start (ms): Min: 73905980.2, Avg: 73905981.5, Max: 73905982.7, Diff: 2.5]
      [Ext Root Scanning (ms): Min: 0.0, Avg: 0.9, Max: 1.8, Diff: 1.8, Sum: 1.9]
      [Update RS (ms): Min: 3.8, Avg: 3.9, Max: 4.0, Diff: 0.1, Sum: 7.8]
         [Processed Buffers: Min: 4, Avg: 17.5, Max: 31, Diff: 27, Sum: 35]
      [Scan RS (ms): Min: 3.7, Avg: 3.8, Max: 3.9, Diff: 0.2, Sum: 7.6]
      [Code Root Scanning (ms): Min: 0.0, Avg: 0.0, Max: 0.0, Diff: 0.0, Sum: 0.0]
      [Object Copy (ms): Min: 13.1, Avg: 13.5, Max: 13.8, Diff: 0.7, Sum: 26.9]
      [Termination (ms): Min: 0.0, Avg: 0.0, Max: 0.0, Diff: 0.0, Sum: 0.0]
         [Termination Attempts: Min: 1, Avg: 1.5, Max: 2, Diff: 1, Sum: 3]
      [GC Worker Other (ms): Min: 0.0, Avg: 0.0, Max: 0.0, Diff: 0.0, Sum: 0.0]
      [GC Worker Total (ms): Min: 20.9, Avg: 22.1, Max: 23.3, Diff: 2.5, Sum: 44.2]
      [GC Worker End (ms): Min: 73906003.6, Avg: 73906003.6, Max: 73906003.6, Diff: 0.0]
   [Code Root Fixup: 0.0 ms]
   [Code Root Purge: 0.0 ms]
   [Clear CT: 0.2 ms]
   [Other: 0.8 ms]
      [Choose CSet: 0.0 ms]
      [Ref Proc: 0.3 ms]
      [Ref Enq: 0.0 ms]
      [Redirty Cards: 0.2 ms]
      [Humongous Register: 0.0 ms]
      [Humongous Reclaim: 0.0 ms]
      [Free CSet: 0.0 ms]
   [Eden: 48.0M(48.0M)->0.0B(46.0M) Survivors: 3072.0K->5120.0K Heap: 395.2M(1024.0M)->349.2M(1024.0M)]
 [Times: user=0.05 sys=0.00, real=0.03 secs] 
2017-09-24T22:39:52.198+0900: 74004.120: [GC pause (G1 Evacuation Pause) (young), 0.0476410 secs]
   [Parallel Time: 46.4 ms, GC Workers: 2]
      [GC Worker Start (ms): Min: 74004120.5, Avg: 74004120.6, Max: 74004120.7, Diff: 0.2]
      [Ext Root Scanning (ms): Min: 1.7, Avg: 1.8, Max: 1.9, Diff: 0.2, Sum: 3.6]
      [Update RS (ms): Min: 2.9, Avg: 2.9, Max: 3.0, Diff: 0.1, Sum: 5.9]
         [Processed Buffers: Min: 11, Avg: 16.5, Max: 22, Diff: 11, Sum: 33]
      [Scan RS (ms): Min: 4.4, Avg: 4.4, Max: 4.4, Diff: 0.1, Sum: 8.8]
      [Code Root Scanning (ms): Min: 0.0, Avg: 0.0, Max: 0.0, Diff: 0.0, Sum: 0.0]
      [Object Copy (ms): Min: 37.0, Avg: 37.1, Max: 37.1, Diff: 0.1, Sum: 74.2]
      [Termination (ms): Min: 0.0, Avg: 0.0, Max: 0.0, Diff: 0.0, Sum: 0.0]
         [Termination Attempts: Min: 4, Avg: 5.5, Max: 7, Diff: 3, Sum: 11]
      [GC Worker Other (ms): Min: 0.0, Avg: 0.0, Max: 0.0, Diff: 0.0, Sum: 0.0]
      [GC Worker Total (ms): Min: 46.2, Avg: 46.3, Max: 46.4, Diff: 0.2, Sum: 92.6]
      [GC Worker End (ms): Min: 74004166.9, Avg: 74004166.9, Max: 74004166.9, Diff: 0.0]
   [Code Root Fixup: 0.1 ms]
   [Code Root Purge: 0.0 ms]
   [Clear CT: 0.1 ms]
   [Other: 1.0 ms]
      [Choose CSet: 0.0 ms]
      [Ref Proc: 0.3 ms]
      [Ref Enq: 0.0 ms]
      [Redirty Cards: 0.2 ms]
      [Humongous Register: 0.1 ms]
      [Humongous Reclaim: 0.0 ms]
      [Free CSet: 0.1 ms]
   [Eden: 46.0M(46.0M)->0.0B(45.0M) Survivors: 5120.0K->6144.0K Heap: 395.2M(1024.0M)->350.7M(1024.0M)]
 [Times: user=0.07 sys=0.00, real=0.05 secs] 
2017-09-24T22:41:29.275+0900: 74101.198: [GC pause (G1 Evacuation Pause) (young), 0.0370387 secs]
   [Parallel Time: 34.4 ms, GC Workers: 2]
      [GC Worker Start (ms): Min: 74101198.4, Avg: 74101198.5, Max: 74101198.5, Diff: 0.1]
      [Ext Root Scanning (ms): Min: 1.9, Avg: 2.0, Max: 2.0, Diff: 0.1, Sum: 3.9]
      [Update RS (ms): Min: 3.8, Avg: 3.8, Max: 3.9, Diff: 0.1, Sum: 7.7]
         [Processed Buffers: Min: 8, Avg: 16.0, Max: 24, Diff: 16, Sum: 32]
      [Scan RS (ms): Min: 3.6, Avg: 3.6, Max: 3.6, Diff: 0.0, Sum: 7.2]
      [Code Root Scanning (ms): Min: 0.0, Avg: 0.0, Max: 0.0, Diff: 0.0, Sum: 0.0]
      [Object Copy (ms): Min: 24.6, Avg: 24.6, Max: 24.7, Diff: 0.1, Sum: 49.3]
      [Termination (ms): Min: 0.0, Avg: 0.0, Max: 0.0, Diff: 0.0, Sum: 0.0]
         [Termination Attempts: Min: 1, Avg: 1.5, Max: 2, Diff: 1, Sum: 3]
      [GC Worker Other (ms): Min: 0.0, Avg: 0.0, Max: 0.0, Diff: 0.0, Sum: 0.1]
      [GC Worker Total (ms): Min: 34.0, Avg: 34.1, Max: 34.1, Diff: 0.1, Sum: 68.2]
      [GC Worker End (ms): Min: 74101232.6, Avg: 74101232.6, Max: 74101232.6, Diff: 0.0]
   [Code Root Fixup: 0.3 ms]
   [Code Root Purge: 0.0 ms]
   [Clear CT: 0.4 ms]
   [Other: 2.0 ms]
      [Choose CSet: 0.0 ms]
      [Ref Proc: 0.8 ms]
      [Ref Enq: 0.0 ms]
      [Redirty Cards: 0.4 ms]
      [Humongous Register: 0.1 ms]
      [Humongous Reclaim: 0.0 ms]
      [Free CSet: 0.2 ms]
   [Eden: 45.0M(45.0M)->0.0B(48.0M) Survivors: 6144.0K->3072.0K Heap: 395.7M(1024.0M)->348.9M(1024.0M)]
 [Times: user=0.07 sys=0.00, real=0.04 secs] 
2017-09-24T22:43:18.927+0900: 74210.849: [GC pause (G1 Evacuation Pause) (young), 0.0336892 secs]
   [Parallel Time: 31.3 ms, GC Workers: 2]
      [GC Worker Start (ms): Min: 74210849.8, Avg: 74210849.9, Max: 74210849.9, Diff: 0.1]
      [Ext Root Scanning (ms): Min: 1.9, Avg: 1.9, Max: 2.0, Diff: 0.2, Sum: 3.9]
      [Update RS (ms): Min: 3.4, Avg: 3.4, Max: 3.4, Diff: 0.0, Sum: 6.8]
         [Processed Buffers: Min: 18, Avg: 18.0, Max: 18, Diff: 0, Sum: 36]
      [Scan RS (ms): Min: 4.5, Avg: 4.6, Max: 4.6, Diff: 0.1, Sum: 9.2]
      [Code Root Scanning (ms): Min: 0.0, Avg: 0.0, Max: 0.0, Diff: 0.0, Sum: 0.0]
      [Object Copy (ms): Min: 21.2, Avg: 21.2, Max: 21.3, Diff: 0.0, Sum: 42.5]
      [Termination (ms): Min: 0.0, Avg: 0.0, Max: 0.0, Diff: 0.0, Sum: 0.0]
         [Termination Attempts: Min: 1, Avg: 1.0, Max: 1, Diff: 0, Sum: 2]
      [GC Worker Other (ms): Min: 0.0, Avg: 0.0, Max: 0.0, Diff: 0.0, Sum: 0.1]
      [GC Worker Total (ms): Min: 31.2, Avg: 31.2, Max: 31.3, Diff: 0.1, Sum: 62.4]
      [GC Worker End (ms): Min: 74210881.1, Avg: 74210881.1, Max: 74210881.1, Diff: 0.0]
   [Code Root Fixup: 0.2 ms]
   [Code Root Purge: 0.0 ms]
   [Clear CT: 0.3 ms]
   [Other: 1.9 ms]
      [Choose CSet: 0.0 ms]
      [Ref Proc: 0.6 ms]
      [Ref Enq: 0.0 ms]
      [Redirty Cards: 0.6 ms]
      [Humongous Register: 0.1 ms]
      [Humongous Reclaim: 0.0 ms]
      [Free CSet: 0.1 ms]
   [Eden: 48.0M(48.0M)->0.0B(46.0M) Survivors: 3072.0K->5120.0K Heap: 396.9M(1024.0M)->350.9M(1024.0M)]
 [Times: user=0.06 sys=0.00, real=0.03 secs] 
2017-09-24T22:45:04.084+0900: 74316.006: [GC pause (G1 Evacuation Pause) (young), 0.0373926 secs]
   [Parallel Time: 36.4 ms, GC Workers: 2]
      [GC Worker Start (ms): Min: 74316006.8, Avg: 74316006.8, Max: 74316006.9, Diff: 0.1]
      [Ext Root Scanning (ms): Min: 1.8, Avg: 1.8, Max: 1.9, Diff: 0.1, Sum: 3.7]
      [Update RS (ms): Min: 2.2, Avg: 2.2, Max: 2.3, Diff: 0.1, Sum: 4.5]
         [Processed Buffers: Min: 9, Avg: 16.0, Max: 23, Diff: 14, Sum: 32]
      [Scan RS (ms): Min: 3.0, Avg: 3.0, Max: 3.0, Diff: 0.0, Sum: 6.0]
      [Code Root Scanning (ms): Min: 0.0, Avg: 0.0, Max: 0.0, Diff: 0.0, Sum: 0.0]
      [Object Copy (ms): Min: 27.5, Avg: 28.2, Max: 28.9, Diff: 1.4, Sum: 56.4]
      [Termination (ms): Min: 0.0, Avg: 0.8, Max: 1.7, Diff: 1.7, Sum: 1.7]
         [Termination Attempts: Min: 1, Avg: 1.0, Max: 1, Diff: 0, Sum: 2]
      [GC Worker Other (ms): Min: 0.0, Avg: 0.0, Max: 0.0, Diff: 0.0, Sum: 0.0]
      [GC Worker Total (ms): Min: 36.1, Avg: 36.1, Max: 36.2, Diff: 0.1, Sum: 72.3]
      [GC Worker End (ms): Min: 74316042.8, Avg: 74316042.9, Max: 74316043.1, Diff: 0.2]
   [Code Root Fixup: 0.1 ms]
   [Code Root Purge: 0.0 ms]
   [Clear CT: 0.1 ms]
   [Other: 0.8 ms]
      [Choose CSet: 0.0 ms]
      [Ref Proc: 0.2 ms]
      [Ref Enq: 0.0 ms]
      [Redirty Cards: 0.1 ms]
      [Humongous Register: 0.1 ms]
      [Humongous Reclaim: 0.0 ms]
      [Free CSet: 0.0 ms]
   [Eden: 46.0M(46.0M)->0.0B(45.0M) Survivors: 5120.0K->6144.0K Heap: 396.9M(1024.0M)->352.5M(1024.0M)]
 [Times: user=0.07 sys=0.00, real=0.04 secs] 
2017-09-24T22:46:47.006+0900: 74418.929: [GC pause (G1 Evacuation Pause) (young), 0.0245122 secs]
   [Parallel Time: 23.4 ms, GC Workers: 2]
      [GC Worker Start (ms): Min: 74418928.9, Avg: 74418929.0, Max: 74418929.0, Diff: 0.1]
      [Ext Root Scanning (ms): Min: 1.0, Avg: 1.1, Max: 1.2, Diff: 0.2, Sum: 2.2]
      [Update RS (ms): Min: 2.1, Avg: 2.2, Max: 2.2, Diff: 0.1, Sum: 4.4]
         [Processed Buffers: Min: 12, Avg: 17.5, Max: 23, Diff: 11, Sum: 35]
      [Scan RS (ms): Min: 1.5, Avg: 1.5, Max: 1.6, Diff: 0.1, Sum: 3.0]
      [Code Root Scanning (ms): Min: 0.0, Avg: 0.0, Max: 0.0, Diff: 0.0, Sum: 0.0]
      [Object Copy (ms): Min: 18.4, Avg: 18.4, Max: 18.5, Diff: 0.1, Sum: 36.9]
      [Termination (ms): Min: 0.0, Avg: 0.0, Max: 0.0, Diff: 0.0, Sum: 0.0]
         [Termination Attempts: Min: 1, Avg: 2.0, Max: 3, Diff: 2, Sum: 4]
      [GC Worker Other (ms): Min: 0.0, Avg: 0.0, Max: 0.0, Diff: 0.0, Sum: 0.0]
      [GC Worker Total (ms): Min: 23.2, Avg: 23.3, Max: 23.3, Diff: 0.1, Sum: 46.5]
      [GC Worker End (ms): Min: 74418952.2, Avg: 74418952.2, Max: 74418952.2, Diff: 0.0]
   [Code Root Fixup: 0.2 ms]
   [Code Root Purge: 0.0 ms]
   [Clear CT: 0.1 ms]
   [Other: 0.9 ms]
      [Choose CSet: 0.0 ms]
      [Ref Proc: 0.3 ms]
      [Ref Enq: 0.0 ms]
      [Redirty Cards: 0.1 ms]
      [Humongous Register: 0.0 ms]
      [Humongous Reclaim: 0.0 ms]
      [Free CSet: 0.1 ms]
   [Eden: 45.0M(45.0M)->0.0B(46.0M) Survivors: 6144.0K->5120.0K Heap: 397.5M(1024.0M)->355.4M(1024.0M)]
 [Times: user=0.04 sys=0.00, real=0.02 secs] 
2017-09-24T22:48:32.317+0900: 74524.240: [GC pause (G1 Evacuation Pause) (young), 0.0233099 secs]
   [Parallel Time: 21.4 ms, GC Workers: 2]
      [GC Worker Start (ms): Min: 74524240.7, Avg: 74524243.3, Max: 74524245.8, Diff: 5.1]
      [Ext Root Scanning (ms): Min: 0.0, Avg: 1.5, Max: 3.1, Diff: 3.1, Sum: 3.1]
      [Update RS (ms): Min: 2.5, Avg: 3.7, Max: 5.0, Diff: 2.4, Sum: 7.5]
         [Processed Buffers: Min: 15, Avg: 16.0, Max: 17, Diff: 2, Sum: 32]
      [Scan RS (ms): Min: 2.8, Avg: 3.1, Max: 3.5, Diff: 0.7, Sum: 6.3]
      [Code Root Scanning (ms): Min: 0.0, Avg: 0.0, Max: 0.0, Diff: 0.0, Sum: 0.0]
      [Object Copy (ms): Min: 10.0, Avg: 10.1, Max: 10.3, Diff: 0.3, Sum: 20.3]
      [Termination (ms): Min: 0.0, Avg: 0.0, Max: 0.0, Diff: 0.0, Sum: 0.0]
         [Termination Attempts: Min: 1, Avg: 1.0, Max: 1, Diff: 0, Sum: 2]
      [GC Worker Other (ms): Min: 0.0, Avg: 0.0, Max: 0.0, Diff: 0.0, Sum: 0.1]
      [GC Worker Total (ms): Min: 16.0, Avg: 18.6, Max: 21.2, Diff: 5.1, Sum: 37.2]
      [GC Worker End (ms): Min: 74524261.9, Avg: 74524261.9, Max: 74524261.9, Diff: 0.0]
   [Code Root Fixup: 0.1 ms]
   [Code Root Purge: 0.0 ms]
   [Clear CT: 0.2 ms]
   [Other: 1.6 ms]
      [Choose CSet: 0.0 ms]
      [Ref Proc: 0.5 ms]
      [Ref Enq: 0.0 ms]
      [Redirty Cards: 0.2 ms]
      [Humongous Register: 0.1 ms]
      [Humongous Reclaim: 0.0 ms]
      [Free CSet: 0.1 ms]
   [Eden: 46.0M(46.0M)->0.0B(48.0M) Survivors: 5120.0K->3072.0K Heap: 401.4M(1024.0M)->353.4M(1024.0M)]
 [Times: user=0.04 sys=0.00, real=0.03 secs] 
2017-09-24T22:50:21.940+0900: 74633.862: [GC pause (G1 Evacuation Pause) (young), 0.0325229 secs]
   [Parallel Time: 31.2 ms, GC Workers: 2]
      [GC Worker Start (ms): Min: 74633862.7, Avg: 74633862.8, Max: 74633862.8, Diff: 0.1]
      [Ext Root Scanning (ms): Min: 1.8, Avg: 1.9, Max: 1.9, Diff: 0.1, Sum: 3.7]
      [Update RS (ms): Min: 2.6, Avg: 2.6, Max: 2.7, Diff: 0.2, Sum: 5.3]
         [Processed Buffers: Min: 12, Avg: 17.0, Max: 22, Diff: 10, Sum: 34]
      [Scan RS (ms): Min: 3.6, Avg: 3.7, Max: 3.8, Diff: 0.2, Sum: 7.4]
      [Code Root Scanning (ms): Min: 0.0, Avg: 0.0, Max: 0.0, Diff: 0.0, Sum: 0.0]
      [Object Copy (ms): Min: 22.7, Avg: 22.7, Max: 22.8, Diff: 0.1, Sum: 45.4]
      [Termination (ms): Min: 0.0, Avg: 0.0, Max: 0.0, Diff: 0.0, Sum: 0.0]
         [Termination Attempts: Min: 1, Avg: 1.0, Max: 1, Diff: 0, Sum: 2]
      [GC Worker Other (ms): Min: 0.0, Avg: 0.0, Max: 0.0, Diff: 0.0, Sum: 0.1]
      [GC Worker Total (ms): Min: 30.9, Avg: 31.0, Max: 31.0, Diff: 0.1, Sum: 61.9]
      [GC Worker End (ms): Min: 74633893.7, Avg: 74633893.7, Max: 74633893.7, Diff: 0.0]
   [Code Root Fixup: 0.1 ms]
   [Code Root Purge: 0.0 ms]
   [Clear CT: 0.2 ms]
   [Other: 1.0 ms]
      [Choose CSet: 0.0 ms]
      [Ref Proc: 0.3 ms]
      [Ref Enq: 0.0 ms]
      [Redirty Cards: 0.3 ms]
      [Humongous Register: 0.1 ms]
      [Humongous Reclaim: 0.0 ms]
      [Free CSet: 0.1 ms]
   [Eden: 48.0M(48.0M)->0.0B(47.0M) Survivors: 3072.0K->4096.0K Heap: 401.4M(1024.0M)->354.9M(1024.0M)]
 [Times: user=0.06 sys=0.00, real=0.03 secs] 
2017-09-24T22:52:02.513+0900: 74734.436: [GC pause (G1 Evacuation Pause) (young), 0.0211017 secs]
   [Parallel Time: 20.2 ms, GC Workers: 2]
      [GC Worker Start (ms): Min: 74734436.4, Avg: 74734436.4, Max: 74734436.5, Diff: 0.1]
      [Ext Root Scanning (ms): Min: 1.1, Avg: 1.2, Max: 1.3, Diff: 0.1, Sum: 2.4]
      [Update RS (ms): Min: 1.9, Avg: 1.9, Max: 2.0, Diff: 0.1, Sum: 3.9]
         [Processed Buffers: Min: 16, Avg: 17.0, Max: 18, Diff: 2, Sum: 34]
      [Scan RS (ms): Min: 1.8, Avg: 1.8, Max: 1.8, Diff: 0.1, Sum: 3.6]
      [Code Root Scanning (ms): Min: 0.0, Avg: 0.0, Max: 0.0, Diff: 0.0, Sum: 0.0]
      [Object Copy (ms): Min: 15.1, Avg: 15.1, Max: 15.1, Diff: 0.0, Sum: 30.2]
      [Termination (ms): Min: 0.0, Avg: 0.0, Max: 0.0, Diff: 0.0, Sum: 0.0]
         [Termination Attempts: Min: 1, Avg: 1.0, Max: 1, Diff: 0, Sum: 2]
      [GC Worker Other (ms): Min: 0.0, Avg: 0.0, Max: 0.0, Diff: 0.0, Sum: 0.0]
      [GC Worker Total (ms): Min: 20.0, Avg: 20.0, Max: 20.1, Diff: 0.1, Sum: 40.1]
      [GC Worker End (ms): Min: 74734456.5, Avg: 74734456.5, Max: 74734456.5, Diff: 0.0]
   [Code Root Fixup: 0.1 ms]
   [Code Root Purge: 0.0 ms]
   [Clear CT: 0.1 ms]
   [Other: 0.7 ms]
      [Choose CSet: 0.0 ms]
      [Ref Proc: 0.2 ms]
      [Ref Enq: 0.0 ms]
      [Redirty Cards: 0.1 ms]
      [Humongous Register: 0.0 ms]
      [Humongous Reclaim: 0.0 ms]
      [Free CSet: 0.1 ms]
   [Eden: 47.0M(47.0M)->0.0B(45.0M) Survivors: 4096.0K->6144.0K Heap: 401.9M(1024.0M)->356.9M(1024.0M)]
 [Times: user=0.04 sys=0.00, real=0.02 secs] 
2017-09-24T22:53:38.550+0900: 74830.472: [GC pause (G1 Evacuation Pause) (young), 0.0442379 secs]
   [Parallel Time: 42.9 ms, GC Workers: 2]
      [GC Worker Start (ms): Min: 74830472.6, Avg: 74830472.7, Max: 74830472.7, Diff: 0.1]
      [Ext Root Scanning (ms): Min: 1.6, Avg: 1.7, Max: 1.8, Diff: 0.2, Sum: 3.4]
      [Update RS (ms): Min: 3.7, Avg: 3.8, Max: 4.0, Diff: 0.3, Sum: 7.6]
         [Processed Buffers: Min: 2, Avg: 18.0, Max: 34, Diff: 32, Sum: 36]
      [Scan RS (ms): Min: 2.6, Avg: 2.7, Max: 2.9, Diff: 0.3, Sum: 5.4]
      [Code Root Scanning (ms): Min: 0.0, Avg: 0.0, Max: 0.0, Diff: 0.0, Sum: 0.0]
      [Object Copy (ms): Min: 34.4, Avg: 34.4, Max: 34.5, Diff: 0.1, Sum: 68.9]
      [Termination (ms): Min: 0.0, Avg: 0.0, Max: 0.0, Diff: 0.0, Sum: 0.0]
         [Termination Attempts: Min: 1, Avg: 1.0, Max: 1, Diff: 0, Sum: 2]
      [GC Worker Other (ms): Min: 0.0, Avg: 0.0, Max: 0.1, Diff: 0.0, Sum: 0.1]
      [GC Worker Total (ms): Min: 42.7, Avg: 42.7, Max: 42.8, Diff: 0.1, Sum: 85.5]
      [GC Worker End (ms): Min: 74830515.4, Avg: 74830515.4, Max: 74830515.4, Diff: 0.0]
   [Code Root Fixup: 0.1 ms]
   [Code Root Purge: 0.0 ms]
   [Clear CT: 0.2 ms]
   [Other: 1.0 ms]
      [Choose CSet: 0.0 ms]
      [Ref Proc: 0.2 ms]
      [Ref Enq: 0.0 ms]
      [Redirty Cards: 0.2 ms]
      [Humongous Register: 0.1 ms]
      [Humongous Reclaim: 0.0 ms]
      [Free CSet: 0.1 ms]
   [Eden: 45.0M(45.0M)->0.0B(46.0M) Survivors: 6144.0K->5120.0K Heap: 401.9M(1024.0M)->358.5M(1024.0M)]
 [Times: user=0.09 sys=0.00, real=0.04 secs] 
2017-09-24T22:55:16.019+0900: 74927.942: [GC pause (G1 Evacuation Pause) (young), 0.0066265 secs]
   [Parallel Time: 5.8 ms, GC Workers: 2]
      [GC Worker Start (ms): Min: 74927942.0, Avg: 74927942.0, Max: 74927942.0, Diff: 0.0]
      [Ext Root Scanning (ms): Min: 0.5, Avg: 0.5, Max: 0.5, Diff: 0.0, Sum: 1.0]
      [Update RS (ms): Min: 1.1, Avg: 1.1, Max: 1.1, Diff: 0.0, Sum: 2.2]
         [Processed Buffers: Min: 14, Avg: 18.0, Max: 22, Diff: 8, Sum: 36]
      [Scan RS (ms): Min: 0.8, Avg: 0.8, Max: 0.8, Diff: 0.0, Sum: 1.6]
      [Code Root Scanning (ms): Min: 0.0, Avg: 0.0, Max: 0.0, Diff: 0.0, Sum: 0.0]
      [Object Copy (ms): Min: 3.3, Avg: 3.3, Max: 3.3, Diff: 0.0, Sum: 6.6]
      [Termination (ms): Min: 0.0, Avg: 0.0, Max: 0.0, Diff: 0.0, Sum: 0.0]
         [Termination Attempts: Min: 1, Avg: 1.0, Max: 1, Diff: 0, Sum: 2]
      [GC Worker Other (ms): Min: 0.0, Avg: 0.0, Max: 0.0, Diff: 0.0, Sum: 0.0]
      [GC Worker Total (ms): Min: 5.8, Avg: 5.8, Max: 5.8, Diff: 0.0, Sum: 11.5]
      [GC Worker End (ms): Min: 74927947.7, Avg: 74927947.7, Max: 74927947.7, Diff: 0.0]
   [Code Root Fixup: 0.0 ms]
   [Code Root Purge: 0.0 ms]
   [Clear CT: 0.1 ms]
   [Other: 0.7 ms]
      [Choose CSet: 0.0 ms]
      [Ref Proc: 0.3 ms]
      [Ref Enq: 0.0 ms]
      [Redirty Cards: 0.1 ms]
      [Humongous Register: 0.0 ms]
      [Humongous Reclaim: 0.0 ms]
      [Free CSet: 0.1 ms]
   [Eden: 46.0M(46.0M)->0.0B(47.0M) Survivors: 5120.0K->4096.0K Heap: 404.5M(1024.0M)->358.5M(1024.0M)]
 [Times: user=0.01 sys=0.00, real=0.01 secs] 
2017-09-24T22:56:56.553+0900: 75028.476: [GC pause (G1 Evacuation Pause) (young), 0.0387376 secs]
   [Parallel Time: 37.3 ms, GC Workers: 2]
      [GC Worker Start (ms): Min: 75028476.0, Avg: 75028476.2, Max: 75028476.3, Diff: 0.2]
      [Ext Root Scanning (ms): Min: 1.8, Avg: 1.9, Max: 2.1, Diff: 0.2, Sum: 3.9]
      [Update RS (ms): Min: 3.8, Avg: 4.0, Max: 4.1, Diff: 0.3, Sum: 8.0]
         [Processed Buffers: Min: 12, Avg: 16.5, Max: 21, Diff: 9, Sum: 33]
      [Scan RS (ms): Min: 5.0, Avg: 5.5, Max: 5.9, Diff: 0.9, Sum: 10.9]
      [Code Root Scanning (ms): Min: 0.0, Avg: 0.0, Max: 0.0, Diff: 0.0, Sum: 0.0]
      [Object Copy (ms): Min: 25.1, Avg: 25.7, Max: 26.3, Diff: 1.2, Sum: 51.5]
      [Termination (ms): Min: 0.0, Avg: 0.0, Max: 0.0, Diff: 0.0, Sum: 0.0]
         [Termination Attempts: Min: 1, Avg: 1.0, Max: 1, Diff: 0, Sum: 2]
      [GC Worker Other (ms): Min: 0.0, Avg: 0.0, Max: 0.0, Diff: 0.0, Sum: 0.0]
      [GC Worker Total (ms): Min: 37.0, Avg: 37.1, Max: 37.3, Diff: 0.2, Sum: 74.3]
      [GC Worker End (ms): Min: 75028513.3, Avg: 75028513.3, Max: 75028513.3, Diff: 0.0]
   [Code Root Fixup: 0.1 ms]
   [Code Root Purge: 0.0 ms]
   [Clear CT: 0.1 ms]
   [Other: 1.2 ms]
      [Choose CSet: 0.0 ms]
      [Ref Proc: 0.3 ms]
      [Ref Enq: 0.0 ms]
      [Redirty Cards: 0.2 ms]
      [Humongous Register: 0.1 ms]
      [Humongous Reclaim: 0.0 ms]
      [Free CSet: 0.1 ms]
   [Eden: 47.0M(47.0M)->0.0B(45.0M) Survivors: 4096.0K->6144.0K Heap: 405.5M(1024.0M)->360.5M(1024.0M)]
 [Times: user=0.07 sys=0.00, real=0.04 secs] 
2017-09-24T22:58:32.633+0900: 75124.556: [GC pause (G1 Evacuation Pause) (young), 0.0125734 secs]
   [Parallel Time: 11.7 ms, GC Workers: 2]
      [GC Worker Start (ms): Min: 75124555.8, Avg: 75124555.8, Max: 75124555.9, Diff: 0.1]
      [Ext Root Scanning (ms): Min: 0.9, Avg: 0.9, Max: 0.9, Diff: 0.0, Sum: 1.8]
      [Update RS (ms): Min: 0.9, Avg: 0.9, Max: 1.0, Diff: 0.0, Sum: 1.9]
         [Processed Buffers: Min: 14, Avg: 16.0, Max: 18, Diff: 4, Sum: 32]
      [Scan RS (ms): Min: 1.8, Avg: 1.9, Max: 2.0, Diff: 0.2, Sum: 3.8]
      [Code Root Scanning (ms): Min: 0.0, Avg: 0.0, Max: 0.0, Diff: 0.0, Sum: 0.0]
      [Object Copy (ms): Min: 7.6, Avg: 7.8, Max: 7.9, Diff: 0.3, Sum: 15.6]
      [Termination (ms): Min: 0.0, Avg: 0.0, Max: 0.0, Diff: 0.0, Sum: 0.0]
         [Termination Attempts: Min: 1, Avg: 1.0, Max: 1, Diff: 0, Sum: 2]
      [GC Worker Other (ms): Min: 0.0, Avg: 0.0, Max: 0.0, Diff: 0.0, Sum: 0.0]
      [GC Worker Total (ms): Min: 11.5, Avg: 11.5, Max: 11.6, Diff: 0.1, Sum: 23.1]
      [GC Worker End (ms): Min: 75124567.4, Avg: 75124567.4, Max: 75124567.4, Diff: 0.0]
   [Code Root Fixup: 0.1 ms]
   [Code Root Purge: 0.0 ms]
   [Clear CT: 0.1 ms]
   [Other: 0.7 ms]
      [Choose CSet: 0.0 ms]
      [Ref Proc: 0.3 ms]
      [Ref Enq: 0.0 ms]
      [Redirty Cards: 0.1 ms]
      [Humongous Register: 0.0 ms]
      [Humongous Reclaim: 0.0 ms]
      [Free CSet: 0.1 ms]
   [Eden: 45.0M(45.0M)->0.0B(48.0M) Survivors: 6144.0K->3072.0K Heap: 405.5M(1024.0M)->358.6M(1024.0M)]
 [Times: user=0.02 sys=0.00, real=0.01 secs] 
2017-09-24T23:00:15.582+0900: 75227.505: [GC pause (G1 Evacuation Pause) (young), 0.0273899 secs]
   [Parallel Time: 26.1 ms, GC Workers: 2]
      [GC Worker Start (ms): Min: 75227504.8, Avg: 75227506.4, Max: 75227508.1, Diff: 3.3]
      [Ext Root Scanning (ms): Min: 0.0, Avg: 1.1, Max: 2.2, Diff: 2.2, Sum: 2.2]
      [Update RS (ms): Min: 2.7, Avg: 3.9, Max: 5.2, Diff: 2.5, Sum: 7.9]
         [Processed Buffers: Min: 0, Avg: 15.5, Max: 31, Diff: 31, Sum: 31]
      [Scan RS (ms): Min: 1.5, Avg: 2.4, Max: 3.2, Diff: 1.6, Sum: 4.7]
      [Code Root Scanning (ms): Min: 0.0, Avg: 0.0, Max: 0.0, Diff: 0.0, Sum: 0.0]
      [Object Copy (ms): Min: 16.1, Avg: 16.4, Max: 16.7, Diff: 0.6, Sum: 32.8]
      [Termination (ms): Min: 0.0, Avg: 0.5, Max: 0.9, Diff: 0.9, Sum: 0.9]
         [Termination Attempts: Min: 1, Avg: 1.0, Max: 1, Diff: 0, Sum: 2]
      [GC Worker Other (ms): Min: 0.0, Avg: 0.0, Max: 0.0, Diff: 0.0, Sum: 0.0]
      [GC Worker Total (ms): Min: 22.6, Avg: 24.2, Max: 25.9, Diff: 3.4, Sum: 48.5]
      [GC Worker End (ms): Min: 75227530.7, Avg: 75227530.7, Max: 75227530.7, Diff: 0.0]
   [Code Root Fixup: 0.1 ms]
   [Code Root Purge: 0.0 ms]
   [Clear CT: 0.1 ms]
   [Other: 1.1 ms]
      [Choose CSet: 0.0 ms]
      [Ref Proc: 0.7 ms]
      [Ref Enq: 0.0 ms]
      [Redirty Cards: 0.1 ms]
      [Humongous Register: 0.1 ms]
      [Humongous Reclaim: 0.0 ms]
      [Free CSet: 0.0 ms]
   [Eden: 48.0M(48.0M)->0.0B(46.0M) Survivors: 3072.0K->5120.0K Heap: 406.6M(1024.0M)->361.1M(1024.0M)]
 [Times: user=0.03 sys=0.00, real=0.03 secs] 
2017-09-24T23:01:54.179+0900: 75326.102: [GC pause (G1 Evacuation Pause) (young), 0.0169433 secs]
   [Parallel Time: 16.0 ms, GC Workers: 2]
      [GC Worker Start (ms): Min: 75326101.7, Avg: 75326103.4, Max: 75326105.1, Diff: 3.3]
      [Ext Root Scanning (ms): Min: 0.0, Avg: 0.6, Max: 1.2, Diff: 1.2, Sum: 1.2]
      [Update RS (ms): Min: 0.0, Avg: 0.6, Max: 1.1, Diff: 1.1, Sum: 1.1]
         [Processed Buffers: Min: 0, Avg: 16.0, Max: 32, Diff: 32, Sum: 32]
      [Scan RS (ms): Min: 0.3, Avg: 2.5, Max: 4.7, Diff: 4.4, Sum: 5.0]
      [Code Root Scanning (ms): Min: 0.0, Avg: 0.0, Max: 0.0, Diff: 0.0, Sum: 0.0]
      [Object Copy (ms): Min: 8.9, Avg: 10.4, Max: 11.9, Diff: 2.9, Sum: 20.8]
      [Termination (ms): Min: 0.0, Avg: 0.2, Max: 0.4, Diff: 0.4, Sum: 0.4]
         [Termination Attempts: Min: 1, Avg: 1.0, Max: 1, Diff: 0, Sum: 2]
      [GC Worker Other (ms): Min: 0.0, Avg: 0.0, Max: 0.0, Diff: 0.0, Sum: 0.0]
      [GC Worker Total (ms): Min: 12.6, Avg: 14.3, Max: 15.9, Diff: 3.3, Sum: 28.5]
      [GC Worker End (ms): Min: 75326117.7, Avg: 75326117.7, Max: 75326117.7, Diff: 0.0]
   [Code Root Fixup: 0.0 ms]
   [Code Root Purge: 0.0 ms]
   [Clear CT: 0.0 ms]
   [Other: 0.9 ms]
      [Choose CSet: 0.0 ms]
      [Ref Proc: 0.5 ms]
      [Ref Enq: 0.0 ms]
      [Redirty Cards: 0.0 ms]
      [Humongous Register: 0.1 ms]
      [Humongous Reclaim: 0.0 ms]
      [Free CSet: 0.0 ms]
   [Eden: 46.0M(46.0M)->0.0B(44.0M) Survivors: 5120.0K->7168.0K Heap: 407.1M(1024.0M)->363.2M(1024.0M)]
 [Times: user=0.02 sys=0.00, real=0.01 secs] 
2017-09-24T23:03:27.786+0900: 75419.709: [GC pause (G1 Evacuation Pause) (young), 0.0349552 secs]
   [Parallel Time: 33.7 ms, GC Workers: 2]
      [GC Worker Start (ms): Min: 75419709.2, Avg: 75419709.9, Max: 75419710.5, Diff: 1.3]
      [Ext Root Scanning (ms): Min: 1.2, Avg: 1.8, Max: 2.5, Diff: 1.2, Sum: 3.7]
      [Update RS (ms): Min: 5.1, Avg: 5.2, Max: 5.2, Diff: 0.0, Sum: 10.3]
         [Processed Buffers: Min: 11, Avg: 16.5, Max: 22, Diff: 11, Sum: 33]
      [Scan RS (ms): Min: 5.9, Avg: 6.0, Max: 6.1, Diff: 0.1, Sum: 12.0]
      [Code Root Scanning (ms): Min: 0.0, Avg: 0.0, Max: 0.0, Diff: 0.0, Sum: 0.0]
      [Object Copy (ms): Min: 19.8, Avg: 19.8, Max: 19.9, Diff: 0.1, Sum: 39.6]
      [Termination (ms): Min: 0.0, Avg: 0.0, Max: 0.0, Diff: 0.0, Sum: 0.0]
         [Termination Attempts: Min: 1, Avg: 1.0, Max: 1, Diff: 0, Sum: 2]
      [GC Worker Other (ms): Min: 0.0, Avg: 0.0, Max: 0.1, Diff: 0.1, Sum: 0.1]
      [GC Worker Total (ms): Min: 32.2, Avg: 32.9, Max: 33.5, Diff: 1.3, Sum: 65.7]
      [GC Worker End (ms): Min: 75419742.8, Avg: 75419742.8, Max: 75419742.8, Diff: 0.0]
   [Code Root Fixup: 0.1 ms]
   [Code Root Purge: 0.0 ms]
   [Clear CT: 0.2 ms]
   [Other: 1.0 ms]
      [Choose CSet: 0.0 ms]
      [Ref Proc: 0.3 ms]
      [Ref Enq: 0.0 ms]
      [Redirty Cards: 0.3 ms]
      [Humongous Register: 0.1 ms]
      [Humongous Reclaim: 0.0 ms]
      [Free CSet: 0.1 ms]
   [Eden: 44.0M(44.0M)->0.0B(48.0M) Survivors: 7168.0K->3072.0K Heap: 407.2M(1024.0M)->361.2M(1024.0M)]
 [Times: user=0.06 sys=0.00, real=0.03 secs] 
2017-09-24T23:05:09.391+0900: 75521.313: [GC pause (G1 Evacuation Pause) (young) (initial-mark), 0.0186852 secs]
   [Parallel Time: 17.8 ms, GC Workers: 2]
      [GC Worker Start (ms): Min: 75521313.6, Avg: 75521313.7, Max: 75521313.7, Diff: 0.2]
      [Ext Root Scanning (ms): Min: 4.5, Avg: 4.7, Max: 4.9, Diff: 0.4, Sum: 9.4]
      [Update RS (ms): Min: 2.6, Avg: 3.2, Max: 3.8, Diff: 1.2, Sum: 6.3]
         [Processed Buffers: Min: 0, Avg: 16.0, Max: 32, Diff: 32, Sum: 32]
      [Scan RS (ms): Min: 0.2, Avg: 2.9, Max: 5.6, Diff: 5.4, Sum: 5.8]
      [Code Root Scanning (ms): Min: 0.0, Avg: 0.0, Max: 0.0, Diff: 0.0, Sum: 0.0]
      [Object Copy (ms): Min: 4.9, Avg: 6.8, Max: 8.6, Diff: 3.7, Sum: 13.5]
      [Termination (ms): Min: 0.0, Avg: 0.0, Max: 0.0, Diff: 0.0, Sum: 0.0]
         [Termination Attempts: Min: 1, Avg: 2.0, Max: 3, Diff: 2, Sum: 4]
      [GC Worker Other (ms): Min: 0.0, Avg: 0.0, Max: 0.0, Diff: 0.0, Sum: 0.0]
      [GC Worker Total (ms): Min: 17.5, Avg: 17.6, Max: 17.6, Diff: 0.2, Sum: 35.1]
      [GC Worker End (ms): Min: 75521331.2, Avg: 75521331.2, Max: 75521331.2, Diff: 0.0]
   [Code Root Fixup: 0.0 ms]
   [Code Root Purge: 0.0 ms]
   [Clear CT: 0.1 ms]
   [Other: 0.7 ms]
      [Choose CSet: 0.0 ms]
      [Ref Proc: 0.2 ms]
      [Ref Enq: 0.0 ms]
      [Redirty Cards: 0.2 ms]
      [Humongous Register: 0.0 ms]
      [Humongous Reclaim: 0.0 ms]
      [Free CSet: 0.0 ms]
   [Eden: 48.0M(48.0M)->0.0B(46.0M) Survivors: 3072.0K->5120.0K Heap: 409.2M(1024.0M)->363.2M(1024.0M)]
 [Times: user=0.02 sys=0.00, real=0.02 secs] 
2017-09-24T23:05:09.409+0900: 75521.332: [GC concurrent-root-region-scan-start]
2017-09-24T23:05:09.417+0900: 75521.340: [GC concurrent-root-region-scan-end, 0.0078106 secs]
2017-09-24T23:05:09.417+0900: 75521.340: [GC concurrent-mark-start]
2017-09-24T23:05:09.538+0900: 75521.461: [GC concurrent-mark-end, 0.1206842 secs]
2017-09-24T23:05:09.547+0900: 75521.470: [GC remark 2017-09-24T23:05:09.547+0900: 75521.470: [Finalize Marking, 0.0088560 secs] 2017-09-24T23:05:09.556+0900: 75521.479: [GC ref-proc, 0.0002532 secs] 2017-09-24T23:05:09.556+0900: 75521.479: [Unloading, 0.1040681 secs], 0.1146083 secs]
 [Times: user=0.02 sys=0.01, real=0.11 secs] 
2017-09-24T23:05:09.662+0900: 75521.585: [GC cleanup 364M->260M(1024M), 0.0036955 secs]
 [Times: user=0.01 sys=0.00, real=0.01 secs] 
2017-09-24T23:05:09.666+0900: 75521.589: [GC concurrent-cleanup-start]
2017-09-24T23:05:09.667+0900: 75521.590: [GC concurrent-cleanup-end, 0.0015401 secs]
2017-09-24T23:06:44.392+0900: 75616.315: [GC pause (G1 Evacuation Pause) (young), 0.0566263 secs]
   [Parallel Time: 48.3 ms, GC Workers: 2]
      [GC Worker Start (ms): Min: 75616314.9, Avg: 75616314.9, Max: 75616314.9, Diff: 0.0]
      [Ext Root Scanning (ms): Min: 1.8, Avg: 1.9, Max: 1.9, Diff: 0.1, Sum: 3.8]
      [Update RS (ms): Min: 3.2, Avg: 3.2, Max: 3.3, Diff: 0.1, Sum: 6.5]
         [Processed Buffers: Min: 11, Avg: 16.5, Max: 22, Diff: 11, Sum: 33]
      [Scan RS (ms): Min: 7.1, Avg: 7.1, Max: 7.2, Diff: 0.0, Sum: 14.3]
      [Code Root Scanning (ms): Min: 0.0, Avg: 0.0, Max: 0.0, Diff: 0.0, Sum: 0.0]
      [Object Copy (ms): Min: 33.9, Avg: 34.0, Max: 34.1, Diff: 0.2, Sum: 68.0]
      [Termination (ms): Min: 0.0, Avg: 0.0, Max: 0.0, Diff: 0.0, Sum: 0.0]
         [Termination Attempts: Min: 1, Avg: 1.0, Max: 1, Diff: 0, Sum: 2]
      [GC Worker Other (ms): Min: 0.0, Avg: 0.0, Max: 0.0, Diff: 0.0, Sum: 0.1]
      [GC Worker Total (ms): Min: 46.3, Avg: 46.3, Max: 46.3, Diff: 0.0, Sum: 92.6]
      [GC Worker End (ms): Min: 75616361.3, Avg: 75616361.3, Max: 75616361.3, Diff: 0.0]
   [Code Root Fixup: 0.0 ms]
   [Code Root Purge: 0.0 ms]
   [Clear CT: 0.1 ms]
   [Other: 8.2 ms]
      [Choose CSet: 0.0 ms]
      [Ref Proc: 7.6 ms]
      [Ref Enq: 0.0 ms]
      [Redirty Cards: 0.0 ms]
      [Humongous Register: 0.1 ms]
      [Humongous Reclaim: 0.0 ms]
      [Free CSet: 0.0 ms]
   [Eden: 46.0M(46.0M)->0.0B(47.0M) Survivors: 5120.0K->4096.0K Heap: 305.2M(1024.0M)->258.8M(1024.0M)]
 [Times: user=0.05 sys=0.00, real=0.06 secs] 
2017-09-24T23:08:23.822+0900: 75715.744: [GC pause (G1 Evacuation Pause) (mixed), 0.0100962 secs]
   [Parallel Time: 7.7 ms, GC Workers: 2]
      [GC Worker Start (ms): Min: 75715744.4, Avg: 75715744.5, Max: 75715744.5, Diff: 0.0]
      [Ext Root Scanning (ms): Min: 0.6, Avg: 0.6, Max: 0.6, Diff: 0.1, Sum: 1.2]
      [Update RS (ms): Min: 0.7, Avg: 0.7, Max: 0.7, Diff: 0.0, Sum: 1.3]
         [Processed Buffers: Min: 12, Avg: 15.5, Max: 19, Diff: 7, Sum: 31]
      [Scan RS (ms): Min: 1.1, Avg: 1.1, Max: 1.1, Diff: 0.0, Sum: 2.3]
      [Code Root Scanning (ms): Min: 0.0, Avg: 0.0, Max: 0.0, Diff: 0.0, Sum: 0.0]
      [Object Copy (ms): Min: 5.2, Avg: 5.2, Max: 5.2, Diff: 0.0, Sum: 10.4]
      [Termination (ms): Min: 0.0, Avg: 0.0, Max: 0.0, Diff: 0.0, Sum: 0.0]
         [Termination Attempts: Min: 1, Avg: 1.0, Max: 1, Diff: 0, Sum: 2]
      [GC Worker Other (ms): Min: 0.0, Avg: 0.0, Max: 0.0, Diff: 0.0, Sum: 0.1]
      [GC Worker Total (ms): Min: 7.6, Avg: 7.6, Max: 7.6, Diff: 0.0, Sum: 15.3]
      [GC Worker End (ms): Min: 75715752.1, Avg: 75715752.1, Max: 75715752.1, Diff: 0.0]
   [Code Root Fixup: 0.1 ms]
   [Code Root Purge: 0.0 ms]
   [Clear CT: 0.2 ms]
   [Other: 2.1 ms]
      [Choose CSet: 0.0 ms]
      [Ref Proc: 1.4 ms]
      [Ref Enq: 0.0 ms]
      [Redirty Cards: 0.0 ms]
      [Humongous Register: 0.0 ms]
      [Humongous Reclaim: 0.1 ms]
      [Free CSet: 0.2 ms]
   [Eden: 47.0M(47.0M)->0.0B(46.0M) Survivors: 4096.0K->5120.0K Heap: 305.8M(1024.0M)->245.4M(1024.0M)]
 [Times: user=0.02 sys=0.00, real=0.01 secs] 
2017-09-24T23:10:01.085+0900: 75813.008: [GC pause (G1 Evacuation Pause) (mixed), 0.0137512 secs]
   [Parallel Time: 12.1 ms, GC Workers: 2]
      [GC Worker Start (ms): Min: 75813008.3, Avg: 75813008.3, Max: 75813008.3, Diff: 0.0]
      [Ext Root Scanning (ms): Min: 1.1, Avg: 1.2, Max: 1.3, Diff: 0.2, Sum: 2.4]
      [Update RS (ms): Min: 1.2, Avg: 1.2, Max: 1.3, Diff: 0.2, Sum: 2.5]
         [Processed Buffers: Min: 1, Avg: 16.0, Max: 31, Diff: 30, Sum: 32]
      [Scan RS (ms): Min: 1.0, Avg: 1.0, Max: 1.0, Diff: 0.1, Sum: 2.0]
      [Code Root Scanning (ms): Min: 0.0, Avg: 0.0, Max: 0.0, Diff: 0.0, Sum: 0.0]
      [Object Copy (ms): Min: 8.0, Avg: 8.1, Max: 8.1, Diff: 0.1, Sum: 16.1]
      [Termination (ms): Min: 0.0, Avg: 0.0, Max: 0.0, Diff: 0.0, Sum: 0.0]
         [Termination Attempts: Min: 1, Avg: 1.0, Max: 1, Diff: 0, Sum: 2]
      [GC Worker Other (ms): Min: 0.0, Avg: 0.0, Max: 0.0, Diff: 0.0, Sum: 0.0]
      [GC Worker Total (ms): Min: 11.5, Avg: 11.5, Max: 11.5, Diff: 0.0, Sum: 23.0]
      [GC Worker End (ms): Min: 75813019.8, Avg: 75813019.8, Max: 75813019.8, Diff: 0.0]
   [Code Root Fixup: 0.0 ms]
   [Code Root Purge: 0.0 ms]
   [Clear CT: 0.1 ms]
   [Other: 1.6 ms]
      [Choose CSet: 0.1 ms]
      [Ref Proc: 1.0 ms]
      [Ref Enq: 0.0 ms]
      [Redirty Cards: 0.0 ms]
      [Humongous Register: 0.1 ms]
      [Humongous Reclaim: 0.0 ms]
      [Free CSet: 0.1 ms]
   [Eden: 46.0M(46.0M)->0.0B(46.0M) Survivors: 5120.0K->5120.0K Heap: 291.4M(1024.0M)->231.1M(1024.0M)]
 [Times: user=0.01 sys=0.00, real=0.02 secs] 
2017-09-24T23:11:38.051+0900: 75909.973: [GC pause (G1 Evacuation Pause) (mixed), 0.0319572 secs]
   [Parallel Time: 28.9 ms, GC Workers: 2]
      [GC Worker Start (ms): Min: 75909973.6, Avg: 75909974.1, Max: 75909974.6, Diff: 0.9]
      [Ext Root Scanning (ms): Min: 0.7, Avg: 1.8, Max: 3.0, Diff: 2.2, Sum: 3.7]
      [Update RS (ms): Min: 3.5, Avg: 3.6, Max: 3.8, Diff: 0.3, Sum: 7.3]
         [Processed Buffers: Min: 2, Avg: 17.0, Max: 32, Diff: 30, Sum: 34]
      [Scan RS (ms): Min: 0.2, Avg: 1.9, Max: 3.6, Diff: 3.4, Sum: 3.8]
      [Code Root Scanning (ms): Min: 0.0, Avg: 0.0, Max: 0.0, Diff: 0.0, Sum: 0.0]
      [Object Copy (ms): Min: 20.0, Avg: 20.7, Max: 21.3, Diff: 1.4, Sum: 41.3]
      [Termination (ms): Min: 0.0, Avg: 0.2, Max: 0.5, Diff: 0.5, Sum: 0.5]
         [Termination Attempts: Min: 1, Avg: 1.0, Max: 1, Diff: 0, Sum: 2]
      [GC Worker Other (ms): Min: 0.0, Avg: 0.0, Max: 0.0, Diff: 0.0, Sum: 0.0]
      [GC Worker Total (ms): Min: 27.8, Avg: 28.3, Max: 28.8, Diff: 1.0, Sum: 56.6]
      [GC Worker End (ms): Min: 75910002.3, Avg: 75910002.4, Max: 75910002.4, Diff: 0.1]
   [Code Root Fixup: 0.0 ms]
   [Code Root Purge: 0.0 ms]
   [Clear CT: 0.2 ms]
   [Other: 2.9 ms]
      [Choose CSet: 0.0 ms]
      [Ref Proc: 2.3 ms]
      [Ref Enq: 0.0 ms]
      [Redirty Cards: 0.2 ms]
      [Humongous Register: 0.0 ms]
      [Humongous Reclaim: 0.0 ms]
      [Free CSet: 0.1 ms]
   [Eden: 46.0M(46.0M)->0.0B(48.0M) Survivors: 5120.0K->3072.0K Heap: 277.1M(1024.0M)->215.0M(1024.0M)]
 [Times: user=0.02 sys=0.01, real=0.03 secs] 
2017-09-24T23:13:20.179+0900: 76012.102: [GC pause (G1 Evacuation Pause) (mixed), 0.0349559 secs]
   [Parallel Time: 23.2 ms, GC Workers: 2]
      [GC Worker Start (ms): Min: 76012102.2, Avg: 76012102.2, Max: 76012102.2, Diff: 0.0]
      [Ext Root Scanning (ms): Min: 0.7, Avg: 0.9, Max: 1.1, Diff: 0.4, Sum: 1.7]
      [Update RS (ms): Min: 1.3, Avg: 1.6, Max: 1.8, Diff: 0.5, Sum: 3.1]
         [Processed Buffers: Min: 13, Avg: 17.5, Max: 22, Diff: 9, Sum: 35]
      [Scan RS (ms): Min: 6.7, Avg: 11.6, Max: 16.5, Diff: 9.8, Sum: 23.2]
      [Code Root Scanning (ms): Min: 0.0, Avg: 0.0, Max: 0.0, Diff: 0.0, Sum: 0.0]
      [Object Copy (ms): Min: 3.8, Avg: 9.1, Max: 14.4, Diff: 10.7, Sum: 18.2]
      [Termination (ms): Min: 0.0, Avg: 0.0, Max: 0.0, Diff: 0.0, Sum: 0.0]
         [Termination Attempts: Min: 1, Avg: 1.0, Max: 1, Diff: 0, Sum: 2]
      [GC Worker Other (ms): Min: 0.0, Avg: 0.0, Max: 0.0, Diff: 0.0, Sum: 0.0]
      [GC Worker Total (ms): Min: 23.1, Avg: 23.1, Max: 23.1, Diff: 0.0, Sum: 46.3]
      [GC Worker End (ms): Min: 76012125.3, Avg: 76012125.3, Max: 76012125.3, Diff: 0.0]
   [Code Root Fixup: 0.0 ms]
   [Code Root Purge: 0.0 ms]
   [Clear CT: 5.9 ms]
   [Other: 5.8 ms]
      [Choose CSet: 0.1 ms]
      [Ref Proc: 2.9 ms]
      [Ref Enq: 0.0 ms]
      [Redirty Cards: 0.1 ms]
      [Humongous Register: 0.0 ms]
      [Humongous Reclaim: 0.0 ms]
      [Free CSet: 0.1 ms]
   [Eden: 48.0M(48.0M)->0.0B(46.0M) Survivors: 3072.0K->5120.0K Heap: 263.0M(1024.0M)->201.9M(1024.0M)]
 [Times: user=0.03 sys=0.00, real=0.03 secs] 
2017-09-24T23:14:57.411+0900: 76109.334: [GC pause (G1 Evacuation Pause) (mixed), 0.0516733 secs]
   [Parallel Time: 50.0 ms, GC Workers: 2]
      [GC Worker Start (ms): Min: 76109334.4, Avg: 76109338.5, Max: 76109342.5, Diff: 8.1]
      [Ext Root Scanning (ms): Min: 0.0, Avg: 1.9, Max: 3.8, Diff: 3.8, Sum: 3.8]
      [Update RS (ms): Min: 4.0, Avg: 9.7, Max: 15.4, Diff: 11.4, Sum: 19.4]
         [Processed Buffers: Min: 1, Avg: 17.5, Max: 34, Diff: 33, Sum: 35]
      [Scan RS (ms): Min: 0.2, Avg: 4.6, Max: 9.1, Diff: 8.9, Sum: 9.3]
      [Code Root Scanning (ms): Min: 0.0, Avg: 0.0, Max: 0.0, Diff: 0.0, Sum: 0.0]
      [Object Copy (ms): Min: 27.8, Avg: 29.2, Max: 30.6, Diff: 2.8, Sum: 58.4]
      [Termination (ms): Min: 0.0, Avg: 0.4, Max: 0.9, Diff: 0.9, Sum: 0.9]
         [Termination Attempts: Min: 1, Avg: 1.0, Max: 1, Diff: 0, Sum: 2]
      [GC Worker Other (ms): Min: 0.0, Avg: 0.0, Max: 0.0, Diff: 0.0, Sum: 0.0]
      [GC Worker Total (ms): Min: 41.9, Avg: 45.9, Max: 49.9, Diff: 8.1, Sum: 91.8]
      [GC Worker End (ms): Min: 76109384.4, Avg: 76109384.4, Max: 76109384.4, Diff: 0.0]
   [Code Root Fixup: 0.1 ms]
   [Code Root Purge: 0.0 ms]
   [Clear CT: 0.1 ms]
   [Other: 1.6 ms]
      [Choose CSet: 0.0 ms]
      [Ref Proc: 0.9 ms]
      [Ref Enq: 0.0 ms]
      [Redirty Cards: 0.0 ms]
      [Humongous Register: 0.1 ms]
      [Humongous Reclaim: 0.0 ms]
      [Free CSet: 0.0 ms]
   [Eden: 46.0M(46.0M)->0.0B(48.0M) Survivors: 5120.0K->3072.0K Heap: 247.9M(1024.0M)->197.0M(1024.0M)]
 [Times: user=0.05 sys=0.01, real=0.05 secs] 
2017-09-24T23:16:39.313+0900: 76211.235: [GC pause (G1 Evacuation Pause) (young), 0.0321747 secs]
   [Parallel Time: 30.9 ms, GC Workers: 2]
      [GC Worker Start (ms): Min: 76211235.6, Avg: 76211236.0, Max: 76211236.5, Diff: 0.9]
      [Ext Root Scanning (ms): Min: 1.4, Avg: 1.9, Max: 2.3, Diff: 1.0, Sum: 3.7]
      [Update RS (ms): Min: 3.5, Avg: 3.5, Max: 3.5, Diff: 0.0, Sum: 7.0]
         [Processed Buffers: Min: 8, Avg: 16.5, Max: 25, Diff: 17, Sum: 33]
      [Scan RS (ms): Min: 4.7, Avg: 4.7, Max: 4.7, Diff: 0.0, Sum: 9.4]
      [Code Root Scanning (ms): Min: 0.0, Avg: 0.0, Max: 0.0, Diff: 0.0, Sum: 0.0]
      [Object Copy (ms): Min: 20.2, Avg: 20.2, Max: 20.2, Diff: 0.0, Sum: 40.4]
      [Termination (ms): Min: 0.0, Avg: 0.0, Max: 0.0, Diff: 0.0, Sum: 0.0]
         [Termination Attempts: Min: 1, Avg: 1.0, Max: 1, Diff: 0, Sum: 2]
      [GC Worker Other (ms): Min: 0.0, Avg: 0.0, Max: 0.0, Diff: 0.0, Sum: 0.0]
      [GC Worker Total (ms): Min: 29.8, Avg: 30.3, Max: 30.8, Diff: 0.9, Sum: 60.6]
      [GC Worker End (ms): Min: 76211266.3, Avg: 76211266.3, Max: 76211266.3, Diff: 0.0]
   [Code Root Fixup: 0.1 ms]
   [Code Root Purge: 0.0 ms]
   [Clear CT: 0.2 ms]
   [Other: 1.1 ms]
      [Choose CSet: 0.0 ms]
      [Ref Proc: 0.3 ms]
      [Ref Enq: 0.0 ms]
      [Redirty Cards: 0.3 ms]
      [Humongous Register: 0.1 ms]
      [Humongous Reclaim: 0.0 ms]
      [Free CSet: 0.1 ms]
   [Eden: 48.0M(48.0M)->0.0B(46.0M) Survivors: 3072.0K->5120.0K Heap: 245.0M(1024.0M)->199.0M(1024.0M)]
 [Times: user=0.05 sys=0.00, real=0.03 secs] 
2017-09-24T23:18:16.863+0900: 76308.786: [GC pause (G1 Evacuation Pause) (young), 0.0593745 secs]
   [Parallel Time: 57.7 ms, GC Workers: 2]
      [GC Worker Start (ms): Min: 76308786.2, Avg: 76308786.2, Max: 76308786.3, Diff: 0.1]
      [Ext Root Scanning (ms): Min: 1.8, Avg: 1.9, Max: 1.9, Diff: 0.1, Sum: 3.7]
      [Update RS (ms): Min: 4.3, Avg: 4.4, Max: 4.4, Diff: 0.1, Sum: 8.7]
         [Processed Buffers: Min: 10, Avg: 17.0, Max: 24, Diff: 14, Sum: 34]
      [Scan RS (ms): Min: 7.7, Avg: 8.0, Max: 8.2, Diff: 0.5, Sum: 15.9]
      [Code Root Scanning (ms): Min: 0.0, Avg: 0.0, Max: 0.0, Diff: 0.0, Sum: 0.0]
      [Object Copy (ms): Min: 42.4, Avg: 42.8, Max: 43.3, Diff: 0.9, Sum: 85.7]
      [Termination (ms): Min: 0.0, Avg: 0.3, Max: 0.6, Diff: 0.6, Sum: 0.6]
         [Termination Attempts: Min: 1, Avg: 1.0, Max: 1, Diff: 0, Sum: 2]
      [GC Worker Other (ms): Min: 0.0, Avg: 0.0, Max: 0.0, Diff: 0.0, Sum: 0.1]
      [GC Worker Total (ms): Min: 57.3, Avg: 57.4, Max: 57.4, Diff: 0.1, Sum: 114.7]
      [GC Worker End (ms): Min: 76308843.6, Avg: 76308843.6, Max: 76308843.6, Diff: 0.0]
   [Code Root Fixup: 0.1 ms]
   [Code Root Purge: 0.0 ms]
   [Clear CT: 0.2 ms]
   [Other: 1.5 ms]
      [Choose CSet: 0.0 ms]
      [Ref Proc: 0.5 ms]
      [Ref Enq: 0.0 ms]
      [Redirty Cards: 0.2 ms]
      [Humongous Register: 0.1 ms]
      [Humongous Reclaim: 0.0 ms]
      [Free CSet: 0.1 ms]
   [Eden: 46.0M(46.0M)->0.0B(45.0M) Survivors: 5120.0K->6144.0K Heap: 245.0M(1024.0M)->201.1M(1024.0M)]
 [Times: user=0.09 sys=0.00, real=0.06 secs] 
2017-09-24T23:19:52.412+0900: 76404.334: [GC pause (G1 Evacuation Pause) (young), 0.0929072 secs]
   [Parallel Time: 91.4 ms, GC Workers: 2]
      [GC Worker Start (ms): Min: 76404334.9, Avg: 76404334.9, Max: 76404334.9, Diff: 0.0]
      [Ext Root Scanning (ms): Min: 2.0, Avg: 2.0, Max: 2.0, Diff: 0.1, Sum: 4.0]
      [Update RS (ms): Min: 3.3, Avg: 3.5, Max: 3.7, Diff: 0.4, Sum: 7.0]
         [Processed Buffers: Min: 10, Avg: 16.0, Max: 22, Diff: 12, Sum: 32]
      [Scan RS (ms): Min: 5.2, Avg: 5.4, Max: 5.5, Diff: 0.4, Sum: 10.7]
      [Code Root Scanning (ms): Min: 0.0, Avg: 0.0, Max: 0.0, Diff: 0.0, Sum: 0.0]
      [Object Copy (ms): Min: 80.0, Avg: 80.2, Max: 80.3, Diff: 0.2, Sum: 160.3]
      [Termination (ms): Min: 0.0, Avg: 0.1, Max: 0.2, Diff: 0.2, Sum: 0.2]
         [Termination Attempts: Min: 1, Avg: 1.0, Max: 1, Diff: 0, Sum: 2]
      [GC Worker Other (ms): Min: 0.0, Avg: 0.0, Max: 0.0, Diff: 0.0, Sum: 0.0]
      [GC Worker Total (ms): Min: 91.1, Avg: 91.2, Max: 91.2, Diff: 0.1, Sum: 182.3]
      [GC Worker End (ms): Min: 76404426.0, Avg: 76404426.0, Max: 76404426.1, Diff: 0.1]
   [Code Root Fixup: 0.1 ms]
   [Code Root Purge: 0.0 ms]
   [Clear CT: 0.2 ms]
   [Other: 1.3 ms]
      [Choose CSet: 0.0 ms]
      [Ref Proc: 0.5 ms]
      [Ref Enq: 0.0 ms]
      [Redirty Cards: 0.2 ms]
      [Humongous Register: 0.1 ms]
      [Humongous Reclaim: 0.0 ms]
      [Free CSet: 0.1 ms]
   [Eden: 45.0M(45.0M)->0.0B(48.0M) Survivors: 6144.0K->3072.0K Heap: 246.1M(1024.0M)->200.0M(1024.0M)]
 [Times: user=0.06 sys=0.02, real=0.09 secs] 
2017-09-24T23:21:33.487+0900: 76505.410: [GC pause (G1 Evacuation Pause) (young), 0.0118365 secs]
   [Parallel Time: 10.6 ms, GC Workers: 2]
      [GC Worker Start (ms): Min: 76505410.3, Avg: 76505410.3, Max: 76505410.4, Diff: 0.1]
      [Ext Root Scanning (ms): Min: 0.5, Avg: 0.5, Max: 0.6, Diff: 0.1, Sum: 1.0]
      [Update RS (ms): Min: 0.8, Avg: 0.8, Max: 0.8, Diff: 0.0, Sum: 1.6]
         [Processed Buffers: Min: 8, Avg: 16.0, Max: 24, Diff: 16, Sum: 32]
      [Scan RS (ms): Min: 1.0, Avg: 1.3, Max: 1.6, Diff: 0.6, Sum: 2.6]
      [Code Root Scanning (ms): Min: 0.0, Avg: 0.0, Max: 0.0, Diff: 0.0, Sum: 0.0]
      [Object Copy (ms): Min: 7.2, Avg: 7.4, Max: 7.7, Diff: 0.6, Sum: 14.9]
      [Termination (ms): Min: 0.0, Avg: 0.0, Max: 0.0, Diff: 0.0, Sum: 0.0]
         [Termination Attempts: Min: 1, Avg: 1.0, Max: 1, Diff: 0, Sum: 2]
      [GC Worker Other (ms): Min: 0.0, Avg: 0.0, Max: 0.0, Diff: 0.0, Sum: 0.0]
      [GC Worker Total (ms): Min: 10.0, Avg: 10.0, Max: 10.1, Diff: 0.1, Sum: 20.1]
      [GC Worker End (ms): Min: 76505420.4, Avg: 76505420.4, Max: 76505420.4, Diff: 0.0]
   [Code Root Fixup: 0.0 ms]
   [Code Root Purge: 0.0 ms]
   [Clear CT: 0.0 ms]
   [Other: 1.2 ms]
      [Choose CSet: 0.0 ms]
      [Ref Proc: 0.9 ms]
      [Ref Enq: 0.0 ms]
      [Redirty Cards: 0.0 ms]
      [Humongous Register: 0.0 ms]
      [Humongous Reclaim: 0.0 ms]
      [Free CSet: 0.1 ms]
   [Eden: 48.0M(48.0M)->0.0B(46.0M) Survivors: 3072.0K->5120.0K Heap: 248.0M(1024.0M)->202.0M(1024.0M)]
 [Times: user=0.02 sys=0.00, real=0.01 secs] 
2017-09-24T23:23:08.541+0900: 76600.463: [GC pause (G1 Evacuation Pause) (young), 0.0231036 secs]
   [Parallel Time: 22.1 ms, GC Workers: 2]
      [GC Worker Start (ms): Min: 76600463.6, Avg: 76600465.4, Max: 76600467.2, Diff: 3.6]
      [Ext Root Scanning (ms): Min: 0.0, Avg: 0.5, Max: 0.9, Diff: 0.9, Sum: 1.0]
      [Update RS (ms): Min: 0.0, Avg: 0.9, Max: 1.8, Diff: 1.8, Sum: 1.8]
         [Processed Buffers: Min: 0, Avg: 16.0, Max: 32, Diff: 32, Sum: 32]
      [Scan RS (ms): Min: 1.0, Avg: 4.6, Max: 8.2, Diff: 7.2, Sum: 9.3]
      [Code Root Scanning (ms): Min: 0.0, Avg: 0.0, Max: 0.0, Diff: 0.0, Sum: 0.0]
      [Object Copy (ms): Min: 11.0, Avg: 14.2, Max: 17.4, Diff: 6.4, Sum: 28.4]
      [Termination (ms): Min: 0.0, Avg: 0.0, Max: 0.0, Diff: 0.0, Sum: 0.0]
         [Termination Attempts: Min: 1, Avg: 1.0, Max: 1, Diff: 0, Sum: 2]
      [GC Worker Other (ms): Min: 0.0, Avg: 0.0, Max: 0.0, Diff: 0.0, Sum: 0.0]
      [GC Worker Total (ms): Min: 18.5, Avg: 20.3, Max: 22.0, Diff: 3.6, Sum: 40.5]
      [GC Worker End (ms): Min: 76600485.7, Avg: 76600485.7, Max: 76600485.7, Diff: 0.0]
   [Code Root Fixup: 0.1 ms]
   [Code Root Purge: 0.0 ms]
   [Clear CT: 0.1 ms]
   [Other: 0.9 ms]
      [Choose CSet: 0.0 ms]
      [Ref Proc: 0.3 ms]
      [Ref Enq: 0.0 ms]
      [Redirty Cards: 0.0 ms]
      [Humongous Register: 0.0 ms]
      [Humongous Reclaim: 0.0 ms]
      [Free CSet: 0.1 ms]
   [Eden: 46.0M(46.0M)->0.0B(47.0M) Survivors: 5120.0K->4096.0K Heap: 248.0M(1024.0M)->201.1M(1024.0M)]
 [Times: user=0.02 sys=0.00, real=0.02 secs] 
2017-09-24T23:24:48.013+0900: 76699.936: [GC pause (G1 Evacuation Pause) (young), 0.0314169 secs]
   [Parallel Time: 19.3 ms, GC Workers: 2]
      [GC Worker Start (ms): Min: 76699937.3, Avg: 76699938.3, Max: 76699939.3, Diff: 2.1]
      [Ext Root Scanning (ms): Min: 0.0, Avg: 0.8, Max: 1.5, Diff: 1.5, Sum: 1.5]
      [Update RS (ms): Min: 1.5, Avg: 1.7, Max: 1.9, Diff: 0.5, Sum: 3.4]
         [Processed Buffers: Min: 9, Avg: 16.0, Max: 23, Diff: 14, Sum: 32]
      [Scan RS (ms): Min: 2.8, Avg: 2.8, Max: 2.8, Diff: 0.0, Sum: 5.6]
      [Code Root Scanning (ms): Min: 0.0, Avg: 0.0, Max: 0.0, Diff: 0.0, Sum: 0.0]
      [Object Copy (ms): Min: 11.9, Avg: 12.0, Max: 12.0, Diff: 0.1, Sum: 24.0]
      [Termination (ms): Min: 0.0, Avg: 0.0, Max: 0.0, Diff: 0.0, Sum: 0.0]
         [Termination Attempts: Min: 1, Avg: 1.0, Max: 1, Diff: 0, Sum: 2]
      [GC Worker Other (ms): Min: 0.0, Avg: 0.0, Max: 0.0, Diff: 0.0, Sum: 0.0]
      [GC Worker Total (ms): Min: 16.3, Avg: 17.3, Max: 18.3, Diff: 2.1, Sum: 34.6]
      [GC Worker End (ms): Min: 76699955.6, Avg: 76699955.6, Max: 76699955.6, Diff: 0.0]
   [Code Root Fixup: 0.1 ms]
   [Code Root Purge: 0.0 ms]
   [Clear CT: 2.4 ms]
   [Other: 9.7 ms]
      [Choose CSet: 0.0 ms]
      [Ref Proc: 9.2 ms]
      [Ref Enq: 0.0 ms]
      [Redirty Cards: 0.1 ms]
      [Humongous Register: 0.0 ms]
      [Humongous Reclaim: 0.0 ms]
      [Free CSet: 0.1 ms]
   [Eden: 47.0M(47.0M)->0.0B(45.0M) Survivors: 4096.0K->6144.0K Heap: 248.1M(1024.0M)->203.1M(1024.0M)]
 [Times: user=0.04 sys=0.00, real=0.03 secs] 
2017-09-24T23:26:23.314+0900: 76795.236: [GC pause (G1 Evacuation Pause) (young), 0.0430068 secs]
   [Parallel Time: 41.6 ms, GC Workers: 2]
      [GC Worker Start (ms): Min: 76795236.8, Avg: 76795236.8, Max: 76795236.9, Diff: 0.2]
      [Ext Root Scanning (ms): Min: 1.7, Avg: 1.8, Max: 1.9, Diff: 0.2, Sum: 3.6]
      [Update RS (ms): Min: 4.1, Avg: 4.3, Max: 4.6, Diff: 0.6, Sum: 8.7]
         [Processed Buffers: Min: 13, Avg: 17.0, Max: 21, Diff: 8, Sum: 34]
      [Scan RS (ms): Min: 5.2, Avg: 5.4, Max: 5.6, Diff: 0.5, Sum: 10.8]
      [Code Root Scanning (ms): Min: 0.0, Avg: 0.0, Max: 0.0, Diff: 0.0, Sum: 0.0]
      [Object Copy (ms): Min: 29.7, Avg: 29.7, Max: 29.7, Diff: 0.0, Sum: 59.4]
      [Termination (ms): Min: 0.0, Avg: 0.0, Max: 0.0, Diff: 0.0, Sum: 0.0]
         [Termination Attempts: Min: 1, Avg: 1.0, Max: 1, Diff: 0, Sum: 2]
      [GC Worker Other (ms): Min: 0.0, Avg: 0.0, Max: 0.0, Diff: 0.0, Sum: 0.0]
      [GC Worker Total (ms): Min: 41.2, Avg: 41.3, Max: 41.4, Diff: 0.2, Sum: 82.5]
      [GC Worker End (ms): Min: 76795278.1, Avg: 76795278.1, Max: 76795278.1, Diff: 0.0]
   [Code Root Fixup: 0.1 ms]
   [Code Root Purge: 0.0 ms]
   [Clear CT: 0.2 ms]
   [Other: 1.1 ms]
      [Choose CSet: 0.0 ms]
      [Ref Proc: 0.3 ms]
      [Ref Enq: 0.0 ms]
      [Redirty Cards: 0.3 ms]
      [Humongous Register: 0.1 ms]
      [Humongous Reclaim: 0.0 ms]
      [Free CSet: 0.0 ms]
   [Eden: 45.0M(45.0M)->0.0B(45.0M) Survivors: 6144.0K->6144.0K Heap: 248.1M(1024.0M)->204.8M(1024.0M)]
 [Times: user=0.08 sys=0.00, real=0.04 secs] 
2017-09-24T23:27:58.577+0900: 76890.499: [GC pause (G1 Evacuation Pause) (young), 0.0260538 secs]
   [Parallel Time: 24.5 ms, GC Workers: 2]
      [GC Worker Start (ms): Min: 76890499.7, Avg: 76890499.7, Max: 76890499.8, Diff: 0.0]
      [Ext Root Scanning (ms): Min: 1.1, Avg: 1.1, Max: 1.2, Diff: 0.2, Sum: 2.3]
      [Update RS (ms): Min: 1.5, Avg: 1.5, Max: 1.5, Diff: 0.1, Sum: 3.0]
         [Processed Buffers: Min: 11, Avg: 19.0, Max: 27, Diff: 16, Sum: 38]
      [Scan RS (ms): Min: 1.1, Avg: 1.1, Max: 1.1, Diff: 0.0, Sum: 2.2]
      [Code Root Scanning (ms): Min: 0.0, Avg: 0.0, Max: 0.0, Diff: 0.0, Sum: 0.0]
      [Object Copy (ms): Min: 20.5, Avg: 20.6, Max: 20.7, Diff: 0.2, Sum: 41.2]
      [Termination (ms): Min: 0.0, Avg: 0.1, Max: 0.1, Diff: 0.1, Sum: 0.1]
         [Termination Attempts: Min: 1, Avg: 1.0, Max: 1, Diff: 0, Sum: 2]
      [GC Worker Other (ms): Min: 0.0, Avg: 0.0, Max: 0.0, Diff: 0.0, Sum: 0.0]
      [GC Worker Total (ms): Min: 24.4, Avg: 24.4, Max: 24.4, Diff: 0.1, Sum: 48.8]
      [GC Worker End (ms): Min: 76890524.1, Avg: 76890524.1, Max: 76890524.2, Diff: 0.1]
   [Code Root Fixup: 0.1 ms]
   [Code Root Purge: 0.0 ms]
   [Clear CT: 0.1 ms]
   [Other: 1.4 ms]
      [Choose CSet: 0.0 ms]
      [Ref Proc: 0.6 ms]
      [Ref Enq: 0.0 ms]
      [Redirty Cards: 0.1 ms]
      [Humongous Register: 0.1 ms]
      [Humongous Reclaim: 0.0 ms]
      [Free CSet: 0.0 ms]
   [Eden: 45.0M(45.0M)->0.0B(48.0M) Survivors: 6144.0K->3072.0K Heap: 249.8M(1024.0M)->204.4M(1024.0M)]
 [Times: user=0.02 sys=0.00, real=0.03 secs] 
2017-09-24T23:29:40.634+0900: 76992.556: [GC pause (G1 Evacuation Pause) (young), 0.0078552 secs]
   [Parallel Time: 6.8 ms, GC Workers: 2]
      [GC Worker Start (ms): Min: 76992556.6, Avg: 76992556.6, Max: 76992556.7, Diff: 0.1]
      [Ext Root Scanning (ms): Min: 0.6, Avg: 0.6, Max: 0.7, Diff: 0.1, Sum: 1.2]
      [Update RS (ms): Min: 1.1, Avg: 1.1, Max: 1.1, Diff: 0.0, Sum: 2.3]
         [Processed Buffers: Min: 16, Avg: 16.5, Max: 17, Diff: 1, Sum: 33]
      [Scan RS (ms): Min: 0.6, Avg: 0.6, Max: 0.6, Diff: 0.0, Sum: 1.2]
      [Code Root Scanning (ms): Min: 0.0, Avg: 0.0, Max: 0.0, Diff: 0.0, Sum: 0.0]
      [Object Copy (ms): Min: 4.2, Avg: 4.2, Max: 4.2, Diff: 0.0, Sum: 8.4]
      [Termination (ms): Min: 0.0, Avg: 0.0, Max: 0.0, Diff: 0.0, Sum: 0.0]
         [Termination Attempts: Min: 1, Avg: 1.0, Max: 1, Diff: 0, Sum: 2]
      [GC Worker Other (ms): Min: 0.0, Avg: 0.0, Max: 0.0, Diff: 0.0, Sum: 0.0]
      [GC Worker Total (ms): Min: 6.5, Avg: 6.6, Max: 6.6, Diff: 0.0, Sum: 13.1]
      [GC Worker End (ms): Min: 76992563.2, Avg: 76992563.2, Max: 76992563.2, Diff: 0.0]
   [Code Root Fixup: 0.1 ms]
   [Code Root Purge: 0.0 ms]
   [Clear CT: 0.1 ms]
   [Other: 0.9 ms]
      [Choose CSet: 0.0 ms]
      [Ref Proc: 0.5 ms]
      [Ref Enq: 0.0 ms]
      [Redirty Cards: 0.2 ms]
      [Humongous Register: 0.0 ms]
      [Humongous Reclaim: 0.0 ms]
      [Free CSet: 0.0 ms]
   [Eden: 48.0M(48.0M)->0.0B(46.0M) Survivors: 3072.0K->5120.0K Heap: 252.4M(1024.0M)->205.9M(1024.0M)]
 [Times: user=0.01 sys=0.00, real=0.01 secs] 
2017-09-24T23:31:18.660+0900: 77090.583: [GC pause (G1 Evacuation Pause) (young), 0.0119433 secs]
   [Parallel Time: 10.5 ms, GC Workers: 2]
      [GC Worker Start (ms): Min: 77090583.3, Avg: 77090583.3, Max: 77090583.3, Diff: 0.1]
      [Ext Root Scanning (ms): Min: 0.7, Avg: 0.7, Max: 0.8, Diff: 0.1, Sum: 1.4]
      [Update RS (ms): Min: 0.9, Avg: 0.9, Max: 0.9, Diff: 0.0, Sum: 1.8]
         [Processed Buffers: Min: 14, Avg: 17.0, Max: 20, Diff: 6, Sum: 34]
      [Scan RS (ms): Min: 0.4, Avg: 0.4, Max: 0.4, Diff: 0.0, Sum: 0.8]
      [Code Root Scanning (ms): Min: 0.0, Avg: 0.0, Max: 0.0, Diff: 0.0, Sum: 0.0]
      [Object Copy (ms): Min: 8.1, Avg: 8.1, Max: 8.2, Diff: 0.2, Sum: 16.3]
      [Termination (ms): Min: 0.0, Avg: 0.2, Max: 0.3, Diff: 0.3, Sum: 0.3]
         [Termination Attempts: Min: 1, Avg: 1.0, Max: 1, Diff: 0, Sum: 2]
      [GC Worker Other (ms): Min: 0.0, Avg: 0.0, Max: 0.0, Diff: 0.0, Sum: 0.0]
      [GC Worker Total (ms): Min: 10.2, Avg: 10.3, Max: 10.3, Diff: 0.1, Sum: 20.6]
      [GC Worker End (ms): Min: 77090593.5, Avg: 77090593.6, Max: 77090593.6, Diff: 0.1]
   [Code Root Fixup: 0.0 ms]
   [Code Root Purge: 0.0 ms]
   [Clear CT: 0.1 ms]
   [Other: 1.3 ms]
      [Choose CSet: 0.0 ms]
      [Ref Proc: 0.8 ms]
      [Ref Enq: 0.0 ms]
      [Redirty Cards: 0.3 ms]
      [Humongous Register: 0.0 ms]
      [Humongous Reclaim: 0.0 ms]
      [Free CSet: 0.0 ms]
   [Eden: 46.0M(46.0M)->0.0B(45.0M) Survivors: 5120.0K->6144.0K Heap: 251.9M(1024.0M)->208.2M(1024.0M)]
 [Times: user=0.02 sys=0.00, real=0.01 secs] 
2017-09-24T23:32:54.152+0900: 77186.074: [GC pause (G1 Evacuation Pause) (young), 0.0455792 secs]
   [Parallel Time: 44.3 ms, GC Workers: 2]
      [GC Worker Start (ms): Min: 77186074.8, Avg: 77186074.9, Max: 77186074.9, Diff: 0.1]
      [Ext Root Scanning (ms): Min: 2.0, Avg: 2.0, Max: 2.1, Diff: 0.1, Sum: 4.0]
      [Update RS (ms): Min: 3.6, Avg: 3.9, Max: 4.3, Diff: 0.7, Sum: 7.8]
         [Processed Buffers: Min: 13, Avg: 18.5, Max: 24, Diff: 11, Sum: 37]
      [Scan RS (ms): Min: 3.8, Avg: 4.2, Max: 4.6, Diff: 0.8, Sum: 8.4]
      [Code Root Scanning (ms): Min: 0.0, Avg: 0.0, Max: 0.0, Diff: 0.0, Sum: 0.0]
      [Object Copy (ms): Min: 33.6, Avg: 33.7, Max: 33.9, Diff: 0.3, Sum: 67.5]
      [Termination (ms): Min: 0.0, Avg: 0.1, Max: 0.3, Diff: 0.3, Sum: 0.3]
         [Termination Attempts: Min: 1, Avg: 1.0, Max: 1, Diff: 0, Sum: 2]
      [GC Worker Other (ms): Min: 0.0, Avg: 0.0, Max: 0.0, Diff: 0.0, Sum: 0.0]
      [GC Worker Total (ms): Min: 43.9, Avg: 44.0, Max: 44.1, Diff: 0.2, Sum: 88.1]
      [GC Worker End (ms): Min: 77186118.9, Avg: 77186118.9, Max: 77186119.0, Diff: 0.1]
   [Code Root Fixup: 0.1 ms]
   [Code Root Purge: 0.0 ms]
   [Clear CT: 0.1 ms]
   [Other: 1.1 ms]
      [Choose CSet: 0.0 ms]
      [Ref Proc: 0.4 ms]
      [Ref Enq: 0.0 ms]
      [Redirty Cards: 0.2 ms]
      [Humongous Register: 0.1 ms]
      [Humongous Reclaim: 0.0 ms]
      [Free CSet: 0.0 ms]
   [Eden: 45.0M(45.0M)->0.0B(47.0M) Survivors: 6144.0K->4096.0K Heap: 253.2M(1024.0M)->206.9M(1024.0M)]
 [Times: user=0.07 sys=0.00, real=0.04 secs] 
2017-09-24T23:34:34.154+0900: 77286.077: [GC pause (G1 Evacuation Pause) (young), 0.0148154 secs]
   [Parallel Time: 11.4 ms, GC Workers: 2]
      [GC Worker Start (ms): Min: 77286077.3, Avg: 77286077.3, Max: 77286077.4, Diff: 0.0]
      [Ext Root Scanning (ms): Min: 0.9, Avg: 1.0, Max: 1.1, Diff: 0.2, Sum: 2.0]
      [Update RS (ms): Min: 1.7, Avg: 1.7, Max: 1.7, Diff: 0.1, Sum: 3.4]
         [Processed Buffers: Min: 16, Avg: 18.0, Max: 20, Diff: 4, Sum: 36]
      [Scan RS (ms): Min: 1.1, Avg: 1.1, Max: 1.2, Diff: 0.0, Sum: 2.3]
      [Code Root Scanning (ms): Min: 0.0, Avg: 0.0, Max: 0.0, Diff: 0.0, Sum: 0.0]
      [Object Copy (ms): Min: 4.8, Avg: 4.9, Max: 4.9, Diff: 0.1, Sum: 9.7]
      [Termination (ms): Min: 0.0, Avg: 0.0, Max: 0.0, Diff: 0.0, Sum: 0.0]
         [Termination Attempts: Min: 2, Avg: 2.5, Max: 3, Diff: 1, Sum: 5]
      [GC Worker Other (ms): Min: 0.0, Avg: 0.0, Max: 0.0, Diff: 0.0, Sum: 0.0]
      [GC Worker Total (ms): Min: 8.7, Avg: 8.7, Max: 8.8, Diff: 0.0, Sum: 17.5]
      [GC Worker End (ms): Min: 77286086.1, Avg: 77286086.1, Max: 77286086.1, Diff: 0.0]
   [Code Root Fixup: 0.0 ms]
   [Code Root Purge: 0.0 ms]
   [Clear CT: 0.0 ms]
   [Other: 3.3 ms]
      [Choose CSet: 0.0 ms]
      [Ref Proc: 2.9 ms]
      [Ref Enq: 0.0 ms]
      [Redirty Cards: 0.0 ms]
      [Humongous Register: 0.1 ms]
      [Humongous Reclaim: 0.0 ms]
      [Free CSet: 0.0 ms]
   [Eden: 47.0M(47.0M)->0.0B(46.0M) Survivors: 4096.0K->5120.0K Heap: 253.9M(1024.0M)->208.4M(1024.0M)]
 [Times: user=0.02 sys=0.00, real=0.02 secs] 
2017-09-24T23:36:11.590+0900: 77383.513: [GC pause (G1 Evacuation Pause) (young), 0.0435792 secs]
   [Parallel Time: 41.3 ms, GC Workers: 2]
      [GC Worker Start (ms): Min: 77383513.4, Avg: 77383513.4, Max: 77383513.4, Diff: 0.0]
      [Ext Root Scanning (ms): Min: 1.1, Avg: 1.1, Max: 1.1, Diff: 0.1, Sum: 2.2]
      [Update RS (ms): Min: 2.3, Avg: 2.4, Max: 2.5, Diff: 0.2, Sum: 4.9]
         [Processed Buffers: Min: 12, Avg: 19.0, Max: 26, Diff: 14, Sum: 38]
      [Scan RS (ms): Min: 1.3, Avg: 1.4, Max: 1.6, Diff: 0.2, Sum: 2.9]
      [Code Root Scanning (ms): Min: 0.0, Avg: 0.0, Max: 0.0, Diff: 0.0, Sum: 0.0]
      [Object Copy (ms): Min: 36.2, Avg: 36.2, Max: 36.2, Diff: 0.0, Sum: 72.4]
      [Termination (ms): Min: 0.0, Avg: 0.0, Max: 0.0, Diff: 0.0, Sum: 0.0]
         [Termination Attempts: Min: 1, Avg: 1.0, Max: 1, Diff: 0, Sum: 2]
      [GC Worker Other (ms): Min: 0.0, Avg: 0.0, Max: 0.0, Diff: 0.0, Sum: 0.0]
      [GC Worker Total (ms): Min: 41.2, Avg: 41.2, Max: 41.2, Diff: 0.0, Sum: 82.4]
      [GC Worker End (ms): Min: 77383554.6, Avg: 77383554.6, Max: 77383554.6, Diff: 0.0]
   [Code Root Fixup: 0.1 ms]
   [Code Root Purge: 0.0 ms]
   [Clear CT: 0.2 ms]
   [Other: 2.1 ms]
      [Choose CSet: 0.0 ms]
      [Ref Proc: 1.5 ms]
      [Ref Enq: 0.0 ms]
      [Redirty Cards: 0.1 ms]
      [Humongous Register: 0.0 ms]
      [Humongous Reclaim: 0.0 ms]
      [Free CSet: 0.0 ms]
   [Eden: 46.0M(46.0M)->0.0B(48.0M) Survivors: 5120.0K->3072.0K Heap: 254.4M(1024.0M)->207.0M(1024.0M)]
 [Times: user=0.02 sys=0.01, real=0.04 secs] 
2017-09-24T23:37:53.703+0900: 77485.625: [GC pause (G1 Evacuation Pause) (young), 0.0278048 secs]
   [Parallel Time: 25.2 ms, GC Workers: 2]
      [GC Worker Start (ms): Min: 77485625.7, Avg: 77485625.7, Max: 77485625.8, Diff: 0.1]
      [Ext Root Scanning (ms): Min: 1.3, Avg: 1.3, Max: 1.4, Diff: 0.1, Sum: 2.7]
      [Update RS (ms): Min: 3.3, Avg: 3.3, Max: 3.3, Diff: 0.1, Sum: 6.6]
         [Processed Buffers: Min: 16, Avg: 18.5, Max: 21, Diff: 5, Sum: 37]
      [Scan RS (ms): Min: 3.1, Avg: 3.5, Max: 4.0, Diff: 0.9, Sum: 7.1]
      [Code Root Scanning (ms): Min: 0.0, Avg: 0.0, Max: 0.0, Diff: 0.0, Sum: 0.0]
      [Object Copy (ms): Min: 16.3, Avg: 16.7, Max: 17.1, Diff: 0.8, Sum: 33.4]
      [Termination (ms): Min: 0.0, Avg: 0.0, Max: 0.0, Diff: 0.0, Sum: 0.0]
         [Termination Attempts: Min: 1, Avg: 1.0, Max: 1, Diff: 0, Sum: 2]
      [GC Worker Other (ms): Min: 0.0, Avg: 0.0, Max: 0.0, Diff: 0.0, Sum: 0.0]
      [GC Worker Total (ms): Min: 24.9, Avg: 24.9, Max: 25.0, Diff: 0.1, Sum: 49.8]
      [GC Worker End (ms): Min: 77485650.6, Avg: 77485650.6, Max: 77485650.6, Diff: 0.0]
   [Code Root Fixup: 0.2 ms]
   [Code Root Purge: 0.0 ms]
   [Clear CT: 0.9 ms]
   [Other: 1.5 ms]
      [Choose CSet: 0.0 ms]
      [Ref Proc: 0.5 ms]
      [Ref Enq: 0.0 ms]
      [Redirty Cards: 0.3 ms]
      [Humongous Register: 0.1 ms]
      [Humongous Reclaim: 0.0 ms]
      [Free CSet: 0.1 ms]
   [Eden: 48.0M(48.0M)->0.0B(46.0M) Survivors: 3072.0K->5120.0K Heap: 255.0M(1024.0M)->209.0M(1024.0M)]
 [Times: user=0.05 sys=0.00, real=0.03 secs] 
2017-09-24T23:39:31.251+0900: 77583.174: [GC pause (G1 Evacuation Pause) (young), 0.0140439 secs]
   [Parallel Time: 9.2 ms, GC Workers: 2]
      [GC Worker Start (ms): Min: 77583174.1, Avg: 77583174.1, Max: 77583174.2, Diff: 0.0]
      [Ext Root Scanning (ms): Min: 0.6, Avg: 0.6, Max: 0.6, Diff: 0.1, Sum: 1.2]
      [Update RS (ms): Min: 0.8, Avg: 0.8, Max: 0.8, Diff: 0.0, Sum: 1.6]
         [Processed Buffers: Min: 5, Avg: 17.5, Max: 30, Diff: 25, Sum: 35]
      [Scan RS (ms): Min: 0.6, Avg: 0.7, Max: 0.7, Diff: 0.0, Sum: 1.3]
      [Code Root Scanning (ms): Min: 0.0, Avg: 0.0, Max: 0.0, Diff: 0.0, Sum: 0.0]
      [Object Copy (ms): Min: 7.1, Avg: 7.2, Max: 7.2, Diff: 0.1, Sum: 14.3]
      [Termination (ms): Min: 0.0, Avg: 0.0, Max: 0.0, Diff: 0.0, Sum: 0.0]
         [Termination Attempts: Min: 1, Avg: 1.0, Max: 1, Diff: 0, Sum: 2]
      [GC Worker Other (ms): Min: 0.0, Avg: 0.0, Max: 0.0, Diff: 0.0, Sum: 0.0]
      [GC Worker Total (ms): Min: 9.2, Avg: 9.2, Max: 9.2, Diff: 0.0, Sum: 18.4]
      [GC Worker End (ms): Min: 77583183.3, Avg: 77583183.3, Max: 77583183.3, Diff: 0.0]
   [Code Root Fixup: 0.0 ms]
   [Code Root Purge: 0.0 ms]
   [Clear CT: 0.1 ms]
   [Other: 4.7 ms]
      [Choose CSet: 0.0 ms]
      [Ref Proc: 4.4 ms]
      [Ref Enq: 0.0 ms]
      [Redirty Cards: 0.0 ms]
      [Humongous Register: 0.0 ms]
      [Humongous Reclaim: 0.0 ms]
      [Free CSet: 0.0 ms]
   [Eden: 46.0M(46.0M)->0.0B(45.0M) Survivors: 5120.0K->6144.0K Heap: 255.0M(1024.0M)->211.1M(1024.0M)]
 [Times: user=0.02 sys=0.00, real=0.01 secs] 
2017-09-24T23:41:06.412+0900: 77678.335: [GC pause (G1 Evacuation Pause) (young), 0.0315170 secs]
   [Parallel Time: 30.0 ms, GC Workers: 2]
      [GC Worker Start (ms): Min: 77678335.3, Avg: 77678335.3, Max: 77678335.4, Diff: 0.1]
      [Ext Root Scanning (ms): Min: 1.8, Avg: 1.9, Max: 2.0, Diff: 0.2, Sum: 3.8]
      [Update RS (ms): Min: 5.0, Avg: 5.0, Max: 5.0, Diff: 0.0, Sum: 10.0]
         [Processed Buffers: Min: 7, Avg: 18.0, Max: 29, Diff: 22, Sum: 36]
      [Scan RS (ms): Min: 4.0, Avg: 4.0, Max: 4.0, Diff: 0.0, Sum: 8.0]
      [Code Root Scanning (ms): Min: 0.0, Avg: 0.0, Max: 0.0, Diff: 0.0, Sum: 0.0]
      [Object Copy (ms): Min: 18.7, Avg: 18.8, Max: 18.8, Diff: 0.1, Sum: 37.5]
      [Termination (ms): Min: 0.0, Avg: 0.0, Max: 0.0, Diff: 0.0, Sum: 0.0]
         [Termination Attempts: Min: 1, Avg: 1.0, Max: 1, Diff: 0, Sum: 2]
      [GC Worker Other (ms): Min: 0.0, Avg: 0.0, Max: 0.0, Diff: 0.0, Sum: 0.1]
      [GC Worker Total (ms): Min: 29.6, Avg: 29.7, Max: 29.7, Diff: 0.1, Sum: 59.4]
      [GC Worker End (ms): Min: 77678365.0, Avg: 77678365.0, Max: 77678365.0, Diff: 0.0]
   [Code Root Fixup: 0.1 ms]
   [Code Root Purge: 0.0 ms]
   [Clear CT: 0.3 ms]
   [Other: 1.2 ms]
      [Choose CSet: 0.0 ms]
      [Ref Proc: 0.5 ms]
      [Ref Enq: 0.0 ms]
      [Redirty Cards: 0.2 ms]
      [Humongous Register: 0.1 ms]
      [Humongous Reclaim: 0.0 ms]
      [Free CSet: 0.1 ms]
   [Eden: 45.0M(45.0M)->0.0B(47.0M) Survivors: 6144.0K->4096.0K Heap: 256.1M(1024.0M)->209.7M(1024.0M)]
 [Times: user=0.05 sys=0.00, real=0.03 secs] 
2017-09-24T23:42:46.017+0900: 77777.940: [GC pause (G1 Evacuation Pause) (young), 0.0164015 secs]
   [Parallel Time: 15.3 ms, GC Workers: 2]
      [GC Worker Start (ms): Min: 77777939.7, Avg: 77777939.8, Max: 77777939.8, Diff: 0.1]
      [Ext Root Scanning (ms): Min: 0.5, Avg: 0.6, Max: 0.6, Diff: 0.1, Sum: 1.2]
      [Update RS (ms): Min: 1.3, Avg: 1.4, Max: 1.4, Diff: 0.1, Sum: 2.7]
         [Processed Buffers: Min: 4, Avg: 17.0, Max: 30, Diff: 26, Sum: 34]
      [Scan RS (ms): Min: 0.7, Avg: 0.7, Max: 0.8, Diff: 0.1, Sum: 1.5]
      [Code Root Scanning (ms): Min: 0.0, Avg: 0.0, Max: 0.0, Diff: 0.0, Sum: 0.0]
      [Object Copy (ms): Min: 9.9, Avg: 9.9, Max: 9.9, Diff: 0.0, Sum: 19.9]
      [Termination (ms): Min: 0.0, Avg: 0.0, Max: 0.0, Diff: 0.0, Sum: 0.0]
         [Termination Attempts: Min: 1, Avg: 1.0, Max: 1, Diff: 0, Sum: 2]
      [GC Worker Other (ms): Min: 0.0, Avg: 0.0, Max: 0.0, Diff: 0.0, Sum: 0.0]
      [GC Worker Total (ms): Min: 12.6, Avg: 12.6, Max: 12.6, Diff: 0.1, Sum: 25.2]
      [GC Worker End (ms): Min: 77777952.4, Avg: 77777952.4, Max: 77777952.4, Diff: 0.0]
   [Code Root Fixup: 0.1 ms]
   [Code Root Purge: 0.0 ms]
   [Clear CT: 0.1 ms]
   [Other: 0.9 ms]
      [Choose CSet: 0.0 ms]
      [Ref Proc: 0.6 ms]
      [Ref Enq: 0.0 ms]
      [Redirty Cards: 0.0 ms]
      [Humongous Register: 0.0 ms]
      [Humongous Reclaim: 0.0 ms]
      [Free CSet: 0.1 ms]
   [Eden: 47.0M(47.0M)->0.0B(46.0M) Survivors: 4096.0K->5120.0K Heap: 256.7M(1024.0M)->211.2M(1024.0M)]
 [Times: user=0.02 sys=0.00, real=0.02 secs] 
2017-09-24T23:44:24.006+0900: 77875.929: [GC pause (G1 Evacuation Pause) (young), 0.0258599 secs]
   [Parallel Time: 22.5 ms, GC Workers: 2]
      [GC Worker Start (ms): Min: 77875928.9, Avg: 77875930.7, Max: 77875932.5, Diff: 3.6]
      [Ext Root Scanning (ms): Min: 0.1, Avg: 1.5, Max: 2.9, Diff: 2.8, Sum: 3.0]
      [Update RS (ms): Min: 0.0, Avg: 1.3, Max: 2.5, Diff: 2.5, Sum: 2.5]
         [Processed Buffers: Min: 0, Avg: 18.0, Max: 36, Diff: 36, Sum: 36]
      [Scan RS (ms): Min: 1.8, Avg: 4.6, Max: 7.5, Diff: 5.7, Sum: 9.2]
      [Code Root Scanning (ms): Min: 0.0, Avg: 0.0, Max: 0.0, Diff: 0.0, Sum: 0.0]
      [Object Copy (ms): Min: 8.2, Avg: 12.8, Max: 17.4, Diff: 9.1, Sum: 25.6]
      [Termination (ms): Min: 0.0, Avg: 0.0, Max: 0.0, Diff: 0.0, Sum: 0.0]
         [Termination Attempts: Min: 1, Avg: 1.0, Max: 1, Diff: 0, Sum: 2]
      [GC Worker Other (ms): Min: 0.0, Avg: 0.0, Max: 0.0, Diff: 0.0, Sum: 0.1]
      [GC Worker Total (ms): Min: 18.4, Avg: 20.2, Max: 22.0, Diff: 3.6, Sum: 40.4]
      [GC Worker End (ms): Min: 77875950.9, Avg: 77875950.9, Max: 77875950.9, Diff: 0.0]
   [Code Root Fixup: 0.1 ms]
   [Code Root Purge: 0.0 ms]
   [Clear CT: 0.1 ms]
   [Other: 3.2 ms]
      [Choose CSet: 0.0 ms]
      [Ref Proc: 1.1 ms]
      [Ref Enq: 0.0 ms]
      [Redirty Cards: 0.2 ms]
      [Humongous Register: 0.1 ms]
      [Humongous Reclaim: 0.2 ms]
      [Free CSet: 0.2 ms]
   [Eden: 46.0M(46.0M)->0.0B(48.0M) Survivors: 5120.0K->3072.0K Heap: 257.2M(1024.0M)->209.8M(1024.0M)]
 [Times: user=0.02 sys=0.00, real=0.03 secs] 
2017-09-24T23:46:05.565+0900: 77977.488: [GC pause (G1 Evacuation Pause) (young), 0.0227555 secs]
   [Parallel Time: 21.5 ms, GC Workers: 2]
      [GC Worker Start (ms): Min: 77977488.0, Avg: 77977490.2, Max: 77977492.4, Diff: 4.4]
      [Ext Root Scanning (ms): Min: 0.0, Avg: 0.5, Max: 1.0, Diff: 1.0, Sum: 1.0]
      [Update RS (ms): Min: 0.0, Avg: 0.9, Max: 1.8, Diff: 1.8, Sum: 1.8]
         [Processed Buffers: Min: 0, Avg: 18.0, Max: 36, Diff: 36, Sum: 36]
      [Scan RS (ms): Min: 0.3, Avg: 8.7, Max: 17.2, Diff: 16.8, Sum: 17.5]
      [Code Root Scanning (ms): Min: 0.0, Avg: 0.0, Max: 0.0, Diff: 0.0, Sum: 0.0]
      [Object Copy (ms): Min: 1.0, Avg: 8.8, Max: 16.7, Diff: 15.7, Sum: 17.6]
      [Termination (ms): Min: 0.0, Avg: 0.2, Max: 0.4, Diff: 0.4, Sum: 0.4]
         [Termination Attempts: Min: 1, Avg: 1.0, Max: 1, Diff: 0, Sum: 2]
      [GC Worker Other (ms): Min: 0.0, Avg: 0.0, Max: 0.0, Diff: 0.0, Sum: 0.0]
      [GC Worker Total (ms): Min: 17.0, Avg: 19.2, Max: 21.4, Diff: 4.4, Sum: 38.4]
      [GC Worker End (ms): Min: 77977509.4, Avg: 77977509.4, Max: 77977509.4, Diff: 0.0]
   [Code Root Fixup: 0.0 ms]
   [Code Root Purge: 0.0 ms]
   [Clear CT: 0.1 ms]
   [Other: 1.2 ms]
      [Choose CSet: 0.0 ms]
      [Ref Proc: 0.5 ms]
      [Ref Enq: 0.0 ms]
      [Redirty Cards: 0.3 ms]
      [Humongous Register: 0.0 ms]
      [Humongous Reclaim: 0.0 ms]
      [Free CSet: 0.0 ms]
   [Eden: 48.0M(48.0M)->0.0B(46.0M) Survivors: 3072.0K->5120.0K Heap: 257.8M(1024.0M)->211.8M(1024.0M)]
 [Times: user=0.01 sys=0.00, real=0.03 secs] 
2017-09-24T23:47:44.180+0900: 78076.102: [GC pause (G1 Evacuation Pause) (young), 0.0321255 secs]
   [Parallel Time: 30.6 ms, GC Workers: 2]
      [GC Worker Start (ms): Min: 78076102.5, Avg: 78076102.9, Max: 78076103.4, Diff: 0.9]
      [Ext Root Scanning (ms): Min: 1.5, Avg: 2.0, Max: 2.4, Diff: 0.9, Sum: 4.0]
      [Update RS (ms): Min: 5.6, Avg: 5.7, Max: 5.9, Diff: 0.2, Sum: 11.5]
         [Processed Buffers: Min: 12, Avg: 19.5, Max: 27, Diff: 15, Sum: 39]
      [Scan RS (ms): Min: 1.5, Avg: 1.7, Max: 1.9, Diff: 0.3, Sum: 3.4]
      [Code Root Scanning (ms): Min: 0.0, Avg: 0.0, Max: 0.0, Diff: 0.0, Sum: 0.0]
      [Object Copy (ms): Min: 20.4, Avg: 20.4, Max: 20.4, Diff: 0.1, Sum: 40.8]
      [Termination (ms): Min: 0.0, Avg: 0.1, Max: 0.1, Diff: 0.1, Sum: 0.1]
         [Termination Attempts: Min: 2, Avg: 3.0, Max: 4, Diff: 2, Sum: 6]
      [GC Worker Other (ms): Min: 0.0, Avg: 0.0, Max: 0.0, Diff: 0.0, Sum: 0.0]
      [GC Worker Total (ms): Min: 29.4, Avg: 29.9, Max: 30.4, Diff: 1.0, Sum: 59.9]
      [GC Worker End (ms): Min: 78076132.8, Avg: 78076132.9, Max: 78076132.9, Diff: 0.1]
   [Code Root Fixup: 0.1 ms]
   [Code Root Purge: 0.0 ms]
   [Clear CT: 0.2 ms]
   [Other: 1.3 ms]
      [Choose CSet: 0.0 ms]
      [Ref Proc: 0.4 ms]
      [Ref Enq: 0.0 ms]
      [Redirty Cards: 0.4 ms]
      [Humongous Register: 0.1 ms]
      [Humongous Reclaim: 0.0 ms]
      [Free CSet: 0.1 ms]
   [Eden: 46.0M(46.0M)->0.0B(44.0M) Survivors: 5120.0K->7168.0K Heap: 257.8M(1024.0M)->213.8M(1024.0M)]
 [Times: user=0.06 sys=0.00, real=0.03 secs] 
2017-09-24T23:49:25.480+0900: 78177.403: [GC pause (G1 Evacuation Pause) (young), 0.0291421 secs]
   [Parallel Time: 27.3 ms, GC Workers: 2]
      [GC Worker Start (ms): Min: 78177403.2, Avg: 78177403.3, Max: 78177403.4, Diff: 0.2]
      [Ext Root Scanning (ms): Min: 1.8, Avg: 1.9, Max: 2.1, Diff: 0.3, Sum: 3.8]
      [Update RS (ms): Min: 3.2, Avg: 3.6, Max: 4.0, Diff: 0.8, Sum: 7.2]
         [Processed Buffers: Min: 16, Avg: 17.5, Max: 19, Diff: 3, Sum: 35]
      [Scan RS (ms): Min: 2.9, Avg: 3.3, Max: 3.6, Diff: 0.7, Sum: 6.6]
      [Code Root Scanning (ms): Min: 0.0, Avg: 0.0, Max: 0.0, Diff: 0.0, Sum: 0.0]
      [Object Copy (ms): Min: 18.1, Avg: 18.2, Max: 18.3, Diff: 0.2, Sum: 36.4]
      [Termination (ms): Min: 0.0, Avg: 0.0, Max: 0.0, Diff: 0.0, Sum: 0.1]
         [Termination Attempts: Min: 1, Avg: 1.0, Max: 1, Diff: 0, Sum: 2]
      [GC Worker Other (ms): Min: 0.0, Avg: 0.0, Max: 0.0, Diff: 0.0, Sum: 0.1]
      [GC Worker Total (ms): Min: 27.0, Avg: 27.1, Max: 27.2, Diff: 0.2, Sum: 54.1]
      [GC Worker End (ms): Min: 78177430.3, Avg: 78177430.3, Max: 78177430.3, Diff: 0.0]
   [Code Root Fixup: 0.1 ms]
   [Code Root Purge: 0.0 ms]
   [Clear CT: 0.1 ms]
   [Other: 1.5 ms]
      [Choose CSet: 0.0 ms]
      [Ref Proc: 0.9 ms]
      [Ref Enq: 0.0 ms]
      [Redirty Cards: 0.3 ms]
      [Humongous Register: 0.1 ms]
      [Humongous Reclaim: 0.0 ms]
      [Free CSet: 0.0 ms]
   [Eden: 44.0M(44.0M)->0.0B(48.0M) Survivors: 7168.0K->3072.0K Heap: 257.8M(1024.0M)->211.3M(1024.0M)]
 [Times: user=0.06 sys=0.00, real=0.03 secs] 
2017-09-25T08:55:27.514+0900: 78279.572: [GC pause (G1 Evacuation Pause) (young), 0.0126055 secs]
   [Parallel Time: 5.5 ms, GC Workers: 2]
      [GC Worker Start (ms): Min: 78279572.4, Avg: 78279572.4, Max: 78279572.4, Diff: 0.0]
      [Ext Root Scanning (ms): Min: 0.4, Avg: 0.5, Max: 0.5, Diff: 0.1, Sum: 0.9]
      [Update RS (ms): Min: 1.2, Avg: 1.2, Max: 1.2, Diff: 0.0, Sum: 2.4]
         [Processed Buffers: Min: 9, Avg: 18.5, Max: 28, Diff: 19, Sum: 37]
      [Scan RS (ms): Min: 0.5, Avg: 0.5, Max: 0.5, Diff: 0.0, Sum: 1.1]
      [Code Root Scanning (ms): Min: 0.0, Avg: 0.0, Max: 0.0, Diff: 0.0, Sum: 0.0]
      [Object Copy (ms): Min: 3.2, Avg: 3.2, Max: 3.2, Diff: 0.0, Sum: 6.4]
      [Termination (ms): Min: 0.0, Avg: 0.0, Max: 0.0, Diff: 0.0, Sum: 0.0]
         [Termination Attempts: Min: 2, Avg: 2.5, Max: 3, Diff: 1, Sum: 5]
      [GC Worker Other (ms): Min: 0.0, Avg: 0.0, Max: 0.0, Diff: 0.0, Sum: 0.0]
      [GC Worker Total (ms): Min: 5.4, Avg: 5.4, Max: 5.5, Diff: 0.0, Sum: 10.9]
      [GC Worker End (ms): Min: 78279577.9, Avg: 78279577.9, Max: 78279577.9, Diff: 0.0]
   [Code Root Fixup: 0.0 ms]
   [Code Root Purge: 0.0 ms]
   [Clear CT: 0.1 ms]
   [Other: 7.0 ms]
      [Choose CSet: 0.0 ms]
      [Ref Proc: 6.7 ms]
      [Ref Enq: 0.0 ms]
      [Redirty Cards: 0.0 ms]
      [Humongous Register: 0.0 ms]
      [Humongous Reclaim: 0.0 ms]
      [Free CSet: 0.0 ms]
   [Eden: 48.0M(48.0M)->0.0B(46.0M) Survivors: 3072.0K->5120.0K Heap: 259.3M(1024.0M)->213.3M(1024.0M)]
 [Times: user=0.01 sys=0.00, real=0.01 secs] 
2017-09-25T08:57:12.782+0900: 78384.841: [GC pause (G1 Evacuation Pause) (young), 0.0400101 secs]
   [Parallel Time: 38.7 ms, GC Workers: 2]
      [GC Worker Start (ms): Min: 78384841.3, Avg: 78384841.3, Max: 78384841.4, Diff: 0.1]
      [Ext Root Scanning (ms): Min: 1.9, Avg: 2.0, Max: 2.1, Diff: 0.2, Sum: 3.9]
      [Update RS (ms): Min: 3.9, Avg: 4.0, Max: 4.1, Diff: 0.2, Sum: 8.0]
         [Processed Buffers: Min: 4, Avg: 18.0, Max: 32, Diff: 28, Sum: 36]
      [Scan RS (ms): Min: 2.1, Avg: 2.2, Max: 2.3, Diff: 0.2, Sum: 4.3]
      [Code Root Scanning (ms): Min: 0.0, Avg: 0.0, Max: 0.0, Diff: 0.0, Sum: 0.0]
      [Object Copy (ms): Min: 30.2, Avg: 30.2, Max: 30.3, Diff: 0.1, Sum: 60.5]
      [Termination (ms): Min: 0.0, Avg: 0.0, Max: 0.0, Diff: 0.0, Sum: 0.1]
         [Termination Attempts: Min: 2, Avg: 4.0, Max: 6, Diff: 4, Sum: 8]
      [GC Worker Other (ms): Min: 0.0, Avg: 0.0, Max: 0.0, Diff: 0.0, Sum: 0.0]
      [GC Worker Total (ms): Min: 38.3, Avg: 38.4, Max: 38.5, Diff: 0.1, Sum: 76.8]
      [GC Worker End (ms): Min: 78384879.8, Avg: 78384879.8, Max: 78384879.8, Diff: 0.0]
   [Code Root Fixup: 0.1 ms]
   [Code Root Purge: 0.0 ms]
   [Clear CT: 0.2 ms]
   [Other: 1.0 ms]
      [Choose CSet: 0.0 ms]
      [Ref Proc: 0.3 ms]
      [Ref Enq: 0.0 ms]
      [Redirty Cards: 0.3 ms]
      [Humongous Register: 0.1 ms]
      [Humongous Reclaim: 0.0 ms]
      [Free CSet: 0.0 ms]
   [Eden: 46.0M(46.0M)->0.0B(45.0M) Survivors: 5120.0K->6144.0K Heap: 259.3M(1024.0M)->214.3M(1024.0M)]
 [Times: user=0.08 sys=0.00, real=0.04 secs] 
2017-09-25T08:58:55.884+0900: 78487.943: [GC pause (G1 Evacuation Pause) (young), 0.0531156 secs]
   [Parallel Time: 52.5 ms, GC Workers: 2]
      [GC Worker Start (ms): Min: 78487943.1, Avg: 78487943.1, Max: 78487943.2, Diff: 0.1]
      [Ext Root Scanning (ms): Min: 1.2, Avg: 1.3, Max: 1.4, Diff: 0.2, Sum: 2.6]
      [Update RS (ms): Min: 2.2, Avg: 2.5, Max: 2.9, Diff: 0.7, Sum: 5.0]
         [Processed Buffers: Min: 14, Avg: 17.0, Max: 20, Diff: 6, Sum: 34]
      [Scan RS (ms): Min: 2.5, Avg: 2.8, Max: 3.1, Diff: 0.6, Sum: 5.6]
      [Code Root Scanning (ms): Min: 0.0, Avg: 0.0, Max: 0.0, Diff: 0.0, Sum: 0.0]
      [Object Copy (ms): Min: 45.3, Avg: 45.5, Max: 45.7, Diff: 0.4, Sum: 91.0]
      [Termination (ms): Min: 0.0, Avg: 0.2, Max: 0.3, Diff: 0.3, Sum: 0.3]
         [Termination Attempts: Min: 1, Avg: 1.0, Max: 1, Diff: 0, Sum: 2]
      [GC Worker Other (ms): Min: 0.0, Avg: 0.1, Max: 0.1, Diff: 0.1, Sum: 0.1]
      [GC Worker Total (ms): Min: 52.3, Avg: 52.4, Max: 52.4, Diff: 0.1, Sum: 104.7]
      [GC Worker End (ms): Min: 78487995.5, Avg: 78487995.5, Max: 78487995.5, Diff: 0.0]
   [Code Root Fixup: 0.0 ms]
   [Code Root Purge: 0.0 ms]
   [Clear CT: 0.0 ms]
   [Other: 0.5 ms]
      [Choose CSet: 0.0 ms]
      [Ref Proc: 0.1 ms]
      [Ref Enq: 0.0 ms]
      [Redirty Cards: 0.0 ms]
      [Humongous Register: 0.1 ms]
      [Humongous Reclaim: 0.0 ms]
      [Free CSet: 0.0 ms]
   [Eden: 45.0M(45.0M)->0.0B(46.0M) Survivors: 6144.0K->5120.0K Heap: 259.3M(1024.0M)->216.6M(1024.0M)]
 [Times: user=0.04 sys=0.01, real=0.06 secs] 
2017-09-25T09:00:41.985+0900: 78594.044: [GC pause (G1 Evacuation Pause) (young), 0.0177872 secs]
   [Parallel Time: 6.8 ms, GC Workers: 2]
      [GC Worker Start (ms): Min: 78594043.7, Avg: 78594043.7, Max: 78594043.7, Diff: 0.0]
      [Ext Root Scanning (ms): Min: 0.5, Avg: 0.5, Max: 0.5, Diff: 0.0, Sum: 1.0]
      [Update RS (ms): Min: 0.8, Avg: 0.8, Max: 0.9, Diff: 0.0, Sum: 1.7]
         [Processed Buffers: Min: 10, Avg: 17.5, Max: 25, Diff: 15, Sum: 35]
      [Scan RS (ms): Min: 0.3, Avg: 0.3, Max: 0.3, Diff: 0.1, Sum: 0.6]
      [Code Root Scanning (ms): Min: 0.0, Avg: 0.0, Max: 0.0, Diff: 0.0, Sum: 0.0]
      [Object Copy (ms): Min: 5.1, Avg: 5.1, Max: 5.1, Diff: 0.0, Sum: 10.3]
      [Termination (ms): Min: 0.0, Avg: 0.0, Max: 0.0, Diff: 0.0, Sum: 0.0]
         [Termination Attempts: Min: 2, Avg: 2.5, Max: 3, Diff: 1, Sum: 5]
      [GC Worker Other (ms): Min: 0.0, Avg: 0.0, Max: 0.0, Diff: 0.0, Sum: 0.0]
      [GC Worker Total (ms): Min: 6.8, Avg: 6.8, Max: 6.8, Diff: 0.0, Sum: 13.6]
      [GC Worker End (ms): Min: 78594050.5, Avg: 78594050.5, Max: 78594050.5, Diff: 0.0]
   [Code Root Fixup: 0.0 ms]
   [Code Root Purge: 0.0 ms]
   [Clear CT: 0.1 ms]
   [Other: 10.8 ms]
      [Choose CSet: 0.0 ms]
      [Ref Proc: 10.2 ms]
      [Ref Enq: 0.0 ms]
      [Redirty Cards: 0.1 ms]
      [Humongous Register: 0.0 ms]
      [Humongous Reclaim: 0.0 ms]
      [Free CSet: 0.1 ms]
   [Eden: 46.0M(46.0M)->0.0B(44.0M) Survivors: 5120.0K->7168.0K Heap: 262.6M(1024.0M)->218.6M(1024.0M)]
 [Times: user=0.02 sys=0.00, real=0.02 secs] 
2017-09-25T09:02:23.030+0900: 78695.089: [GC pause (G1 Evacuation Pause) (young), 0.0540074 secs]
   [Parallel Time: 44.1 ms, GC Workers: 2]
      [GC Worker Start (ms): Min: 78695089.0, Avg: 78695089.1, Max: 78695089.1, Diff: 0.1]
      [Ext Root Scanning (ms): Min: 1.8, Avg: 1.9, Max: 2.0, Diff: 0.2, Sum: 3.8]
      [Update RS (ms): Min: 3.4, Avg: 3.6, Max: 3.8, Diff: 0.4, Sum: 7.2]
         [Processed Buffers: Min: 11, Avg: 18.0, Max: 25, Diff: 14, Sum: 36]
      [Scan RS (ms): Min: 0.5, Avg: 0.7, Max: 0.9, Diff: 0.4, Sum: 1.3]
      [Code Root Scanning (ms): Min: 0.0, Avg: 0.0, Max: 0.0, Diff: 0.0, Sum: 0.0]
      [Object Copy (ms): Min: 37.5, Avg: 37.5, Max: 37.5, Diff: 0.0, Sum: 75.0]
      [Termination (ms): Min: 0.0, Avg: 0.1, Max: 0.2, Diff: 0.2, Sum: 0.2]
         [Termination Attempts: Min: 1, Avg: 2.0, Max: 3, Diff: 2, Sum: 4]
      [GC Worker Other (ms): Min: 0.0, Avg: 0.0, Max: 0.0, Diff: 0.0, Sum: 0.1]
      [GC Worker Total (ms): Min: 43.8, Avg: 43.9, Max: 43.9, Diff: 0.1, Sum: 87.7]
      [GC Worker End (ms): Min: 78695132.9, Avg: 78695132.9, Max: 78695133.0, Diff: 0.1]
   [Code Root Fixup: 0.2 ms]
   [Code Root Purge: 0.0 ms]
   [Clear CT: 0.3 ms]
   [Other: 9.4 ms]
      [Choose CSet: 0.0 ms]
      [Ref Proc: 0.8 ms]
      [Ref Enq: 0.0 ms]
      [Redirty Cards: 0.6 ms]
      [Humongous Register: 0.1 ms]
      [Humongous Reclaim: 0.0 ms]
      [Free CSet: 0.1 ms]
   [Eden: 44.0M(44.0M)->0.0B(48.0M) Survivors: 7168.0K->3072.0K Heap: 262.6M(1024.0M)->215.7M(1024.0M)]
 [Times: user=0.05 sys=0.00, real=0.05 secs] 
2017-09-25T09:04:12.277+0900: 78804.336: [GC pause (G1 Evacuation Pause) (young), 0.0317019 secs]
   [Parallel Time: 29.6 ms, GC Workers: 2]
      [GC Worker Start (ms): Min: 78804336.4, Avg: 78804336.5, Max: 78804336.6, Diff: 0.1]
      [Ext Root Scanning (ms): Min: 1.7, Avg: 1.8, Max: 1.9, Diff: 0.2, Sum: 3.6]
      [Update RS (ms): Min: 3.3, Avg: 3.6, Max: 3.9, Diff: 0.6, Sum: 7.2]
         [Processed Buffers: Min: 10, Avg: 16.5, Max: 23, Diff: 13, Sum: 33]
      [Scan RS (ms): Min: 2.0, Avg: 2.0, Max: 2.0, Diff: 0.0, Sum: 4.0]
      [Code Root Scanning (ms): Min: 0.0, Avg: 0.0, Max: 0.0, Diff: 0.0, Sum: 0.0]
      [Object Copy (ms): Min: 21.5, Avg: 21.8, Max: 22.1, Diff: 0.6, Sum: 43.6]
      [Termination (ms): Min: 0.0, Avg: 0.1, Max: 0.2, Diff: 0.2, Sum: 0.2]
         [Termination Attempts: Min: 1, Avg: 1.5, Max: 2, Diff: 1, Sum: 3]
      [GC Worker Other (ms): Min: 0.0, Avg: 0.0, Max: 0.0, Diff: 0.0, Sum: 0.1]
      [GC Worker Total (ms): Min: 29.3, Avg: 29.3, Max: 29.3, Diff: 0.0, Sum: 58.6]
      [GC Worker End (ms): Min: 78804365.7, Avg: 78804365.8, Max: 78804365.8, Diff: 0.1]
   [Code Root Fixup: 0.2 ms]
   [Code Root Purge: 0.0 ms]
   [Clear CT: 0.3 ms]
   [Other: 1.6 ms]
      [Choose CSet: 0.0 ms]
      [Ref Proc: 0.6 ms]
      [Ref Enq: 0.0 ms]
      [Redirty Cards: 0.1 ms]
      [Humongous Register: 0.2 ms]
      [Humongous Reclaim: 0.0 ms]
      [Free CSet: 0.1 ms]
   [Eden: 48.0M(48.0M)->0.0B(46.0M) Survivors: 3072.0K->5120.0K Heap: 263.7M(1024.0M)->217.2M(1024.0M)]
 [Times: user=0.06 sys=0.00, real=0.03 secs] 
2017-09-25T09:05:57.773+0900: 78909.832: [GC pause (G1 Evacuation Pause) (young), 0.0661185 secs]
   [Parallel Time: 64.5 ms, GC Workers: 2]
      [GC Worker Start (ms): Min: 78909832.0, Avg: 78909832.1, Max: 78909832.1, Diff: 0.1]
      [Ext Root Scanning (ms): Min: 2.4, Avg: 2.4, Max: 2.5, Diff: 0.1, Sum: 4.9]
      [Update RS (ms): Min: 3.1, Avg: 3.2, Max: 3.4, Diff: 0.2, Sum: 6.5]
         [Processed Buffers: Min: 4, Avg: 16.0, Max: 28, Diff: 24, Sum: 32]
      [Scan RS (ms): Min: 2.6, Avg: 3.2, Max: 3.8, Diff: 1.2, Sum: 6.4]
      [Code Root Scanning (ms): Min: 0.0, Avg: 0.0, Max: 0.0, Diff: 0.0, Sum: 0.0]
      [Object Copy (ms): Min: 55.0, Avg: 55.4, Max: 55.9, Diff: 0.9, Sum: 110.9]
      [Termination (ms): Min: 0.0, Avg: 0.0, Max: 0.0, Diff: 0.0, Sum: 0.0]
         [Termination Attempts: Min: 1, Avg: 2.0, Max: 3, Diff: 2, Sum: 4]
      [GC Worker Other (ms): Min: 0.0, Avg: 0.0, Max: 0.0, Diff: 0.0, Sum: 0.1]
      [GC Worker Total (ms): Min: 64.3, Avg: 64.4, Max: 64.4, Diff: 0.1, Sum: 128.7]
      [GC Worker End (ms): Min: 78909896.4, Avg: 78909896.4, Max: 78909896.4, Diff: 0.0]
   [Code Root Fixup: 0.1 ms]
   [Code Root Purge: 0.0 ms]
   [Clear CT: 0.2 ms]
   [Other: 1.3 ms]
      [Choose CSet: 0.0 ms]
      [Ref Proc: 0.3 ms]
      [Ref Enq: 0.0 ms]
      [Redirty Cards: 0.2 ms]
      [Humongous Register: 0.1 ms]
      [Humongous Reclaim: 0.0 ms]
      [Free CSet: 0.0 ms]
   [Eden: 46.0M(46.0M)->0.0B(45.0M) Survivors: 5120.0K->6144.0K Heap: 263.2M(1024.0M)->219.1M(1024.0M)]
 [Times: user=0.05 sys=0.00, real=0.06 secs] 
2017-09-25T09:07:41.435+0900: 79013.494: [GC pause (G1 Evacuation Pause) (young), 0.0723186 secs]
   [Parallel Time: 70.7 ms, GC Workers: 2]
      [GC Worker Start (ms): Min: 79013494.4, Avg: 79013494.5, Max: 79013494.6, Diff: 0.2]
      [Ext Root Scanning (ms): Min: 2.1, Avg: 2.2, Max: 2.2, Diff: 0.1, Sum: 4.4]
      [Update RS (ms): Min: 2.6, Avg: 2.7, Max: 2.8, Diff: 0.2, Sum: 5.4]
         [Processed Buffers: Min: 3, Avg: 16.0, Max: 29, Diff: 26, Sum: 32]
      [Scan RS (ms): Min: 2.2, Avg: 2.3, Max: 2.4, Diff: 0.2, Sum: 4.5]
      [Code Root Scanning (ms): Min: 0.0, Avg: 0.0, Max: 0.0, Diff: 0.0, Sum: 0.0]
      [Object Copy (ms): Min: 54.2, Avg: 58.7, Max: 63.1, Diff: 8.9, Sum: 117.3]
      [Termination (ms): Min: 0.0, Avg: 4.4, Max: 8.9, Diff: 8.9, Sum: 8.9]
         [Termination Attempts: Min: 1, Avg: 1.0, Max: 1, Diff: 0, Sum: 2]
      [GC Worker Other (ms): Min: 0.0, Avg: 0.0, Max: 0.0, Diff: 0.0, Sum: 0.0]
      [GC Worker Total (ms): Min: 70.2, Avg: 70.3, Max: 70.3, Diff: 0.1, Sum: 140.5]
      [GC Worker End (ms): Min: 79013564.7, Avg: 79013564.8, Max: 79013564.9, Diff: 0.2]
   [Code Root Fixup: 0.2 ms]
   [Code Root Purge: 0.0 ms]
   [Clear CT: 0.1 ms]
   [Other: 1.4 ms]
      [Choose CSet: 0.0 ms]
      [Ref Proc: 0.4 ms]
      [Ref Enq: 0.0 ms]
      [Redirty Cards: 0.2 ms]
      [Humongous Register: 0.1 ms]
      [Humongous Reclaim: 0.0 ms]
      [Free CSet: 0.1 ms]
   [Eden: 45.0M(45.0M)->0.0B(46.0M) Survivors: 6144.0K->5120.0K Heap: 264.1M(1024.0M)->221.6M(1024.0M)]
 [Times: user=0.05 sys=0.00, real=0.07 secs] 
2017-09-25T09:09:27.275+0900: 79119.334: [GC pause (G1 Evacuation Pause) (young), 0.0077560 secs]
   [Parallel Time: 7.0 ms, GC Workers: 2]
      [GC Worker Start (ms): Min: 79119333.8, Avg: 79119333.8, Max: 79119333.9, Diff: 0.0]
      [Ext Root Scanning (ms): Min: 0.5, Avg: 0.5, Max: 0.6, Diff: 0.0, Sum: 1.1]
      [Update RS (ms): Min: 0.5, Avg: 0.6, Max: 0.6, Diff: 0.1, Sum: 1.2]
         [Processed Buffers: Min: 15, Avg: 16.0, Max: 17, Diff: 2, Sum: 32]
      [Scan RS (ms): Min: 0.4, Avg: 0.5, Max: 0.6, Diff: 0.1, Sum: 1.0]
      [Code Root Scanning (ms): Min: 0.0, Avg: 0.0, Max: 0.0, Diff: 0.0, Sum: 0.0]
      [Object Copy (ms): Min: 5.4, Avg: 5.4, Max: 5.4, Diff: 0.0, Sum: 10.8]
      [Termination (ms): Min: 0.0, Avg: 0.0, Max: 0.0, Diff: 0.0, Sum: 0.0]
         [Termination Attempts: Min: 1, Avg: 1.0, Max: 1, Diff: 0, Sum: 2]
      [GC Worker Other (ms): Min: 0.0, Avg: 0.0, Max: 0.0, Diff: 0.0, Sum: 0.0]
      [GC Worker Total (ms): Min: 7.0, Avg: 7.0, Max: 7.0, Diff: 0.0, Sum: 14.0]
      [GC Worker End (ms): Min: 79119340.9, Avg: 79119340.9, Max: 79119340.9, Diff: 0.0]
   [Code Root Fixup: 0.0 ms]
   [Code Root Purge: 0.0 ms]
   [Clear CT: 0.1 ms]
   [Other: 0.6 ms]
      [Choose CSet: 0.0 ms]
      [Ref Proc: 0.1 ms]
      [Ref Enq: 0.0 ms]
      [Redirty Cards: 0.2 ms]
      [Humongous Register: 0.0 ms]
      [Humongous Reclaim: 0.0 ms]
      [Free CSet: 0.0 ms]
   [Eden: 46.0M(46.0M)->0.0B(44.0M) Survivors: 5120.0K->7168.0K Heap: 267.6M(1024.0M)->223.6M(1024.0M)]
 [Times: user=0.01 sys=0.00, real=0.01 secs] 
2017-09-25T09:11:05.188+0900: 79217.247: [GC pause (G1 Evacuation Pause) (young), 0.0145933 secs]
   [Parallel Time: 14.1 ms, GC Workers: 2]
      [GC Worker Start (ms): Min: 79217246.8, Avg: 79217246.8, Max: 79217246.8, Diff: 0.0]
      [Ext Root Scanning (ms): Min: 0.8, Avg: 0.9, Max: 0.9, Diff: 0.1, Sum: 1.7]
      [Update RS (ms): Min: 0.8, Avg: 0.8, Max: 0.8, Diff: 0.0, Sum: 1.6]
         [Processed Buffers: Min: 5, Avg: 16.0, Max: 27, Diff: 22, Sum: 32]
      [Scan RS (ms): Min: 0.8, Avg: 0.8, Max: 0.8, Diff: 0.0, Sum: 1.6]
      [Code Root Scanning (ms): Min: 0.0, Avg: 0.0, Max: 0.0, Diff: 0.0, Sum: 0.0]
      [Object Copy (ms): Min: 11.5, Avg: 11.5, Max: 11.5, Diff: 0.0, Sum: 23.0]
      [Termination (ms): Min: 0.0, Avg: 0.0, Max: 0.1, Diff: 0.1, Sum: 0.1]
         [Termination Attempts: Min: 1, Avg: 1.0, Max: 1, Diff: 0, Sum: 2]
      [GC Worker Other (ms): Min: 0.0, Avg: 0.0, Max: 0.0, Diff: 0.0, Sum: 0.0]
      [GC Worker Total (ms): Min: 14.1, Avg: 14.1, Max: 14.1, Diff: 0.0, Sum: 28.1]
      [GC Worker End (ms): Min: 79217260.8, Avg: 79217260.8, Max: 79217260.8, Diff: 0.0]
   [Code Root Fixup: 0.0 ms]
   [Code Root Purge: 0.0 ms]
   [Clear CT: 0.0 ms]
   [Other: 0.4 ms]
      [Choose CSet: 0.0 ms]
      [Ref Proc: 0.1 ms]
      [Ref Enq: 0.0 ms]
      [Redirty Cards: 0.0 ms]
      [Humongous Register: 0.0 ms]
      [Humongous Reclaim: 0.0 ms]
      [Free CSet: 0.0 ms]
   [Eden: 44.0M(44.0M)->0.0B(47.0M) Survivors: 7168.0K->4096.0K Heap: 267.6M(1024.0M)->221.8M(1024.0M)]
 [Times: user=0.02 sys=0.00, real=0.02 secs] 
2017-09-25T09:12:53.360+0900: 79325.419: [GC pause (G1 Evacuation Pause) (young), 0.0297018 secs]
   [Parallel Time: 23.2 ms, GC Workers: 2]
      [GC Worker Start (ms): Min: 79325419.3, Avg: 79325419.3, Max: 79325419.3, Diff: 0.0]
      [Ext Root Scanning (ms): Min: 1.2, Avg: 1.3, Max: 1.4, Diff: 0.1, Sum: 2.6]
      [Update RS (ms): Min: 1.5, Avg: 1.5, Max: 1.5, Diff: 0.0, Sum: 3.1]
         [Processed Buffers: Min: 10, Avg: 17.0, Max: 24, Diff: 14, Sum: 34]
      [Scan RS (ms): Min: 2.0, Avg: 2.3, Max: 2.6, Diff: 0.6, Sum: 4.6]
      [Code Root Scanning (ms): Min: 0.0, Avg: 0.0, Max: 0.0, Diff: 0.0, Sum: 0.0]
      [Object Copy (ms): Min: 17.4, Avg: 17.8, Max: 18.1, Diff: 0.7, Sum: 35.5]
      [Termination (ms): Min: 0.0, Avg: 0.0, Max: 0.0, Diff: 0.0, Sum: 0.0]
         [Termination Attempts: Min: 1, Avg: 1.0, Max: 1, Diff: 0, Sum: 2]
      [GC Worker Other (ms): Min: 0.0, Avg: 0.0, Max: 0.0, Diff: 0.0, Sum: 0.0]
      [GC Worker Total (ms): Min: 22.9, Avg: 22.9, Max: 23.0, Diff: 0.0, Sum: 45.9]
      [GC Worker End (ms): Min: 79325442.3, Avg: 79325442.3, Max: 79325442.3, Diff: 0.0]
   [Code Root Fixup: 0.0 ms]
   [Code Root Purge: 0.0 ms]
   [Clear CT: 3.9 ms]
   [Other: 2.5 ms]
      [Choose CSet: 0.0 ms]
      [Ref Proc: 1.9 ms]
      [Ref Enq: 0.0 ms]
      [Redirty Cards: 0.1 ms]
      [Humongous Register: 0.1 ms]
      [Humongous Reclaim: 0.0 ms]
      [Free CSet: 0.1 ms]
   [Eden: 47.0M(47.0M)->0.0B(45.0M) Survivors: 4096.0K->6144.0K Heap: 268.8M(1024.0M)->223.8M(1024.0M)]
 [Times: user=0.04 sys=0.00, real=0.04 secs] 
2017-09-25T09:14:36.927+0900: 79428.985: [GC pause (G1 Evacuation Pause) (young), 0.0850198 secs]
   [Parallel Time: 76.5 ms, GC Workers: 2]
      [GC Worker Start (ms): Min: 79428985.7, Avg: 79428985.8, Max: 79428985.9, Diff: 0.2]
      [Ext Root Scanning (ms): Min: 2.1, Avg: 2.2, Max: 2.3, Diff: 0.1, Sum: 4.4]
      [Update RS (ms): Min: 4.8, Avg: 8.0, Max: 11.3, Diff: 6.5, Sum: 16.1]
         [Processed Buffers: Min: 1, Avg: 16.5, Max: 32, Diff: 31, Sum: 33]
      [Scan RS (ms): Min: 0.0, Avg: 2.6, Max: 5.1, Diff: 5.1, Sum: 5.1]
      [Code Root Scanning (ms): Min: 0.0, Avg: 0.0, Max: 0.0, Diff: 0.0, Sum: 0.0]
      [Object Copy (ms): Min: 62.8, Avg: 63.5, Max: 64.2, Diff: 1.4, Sum: 127.0]
      [Termination (ms): Min: 0.0, Avg: 0.0, Max: 0.0, Diff: 0.0, Sum: 0.0]
         [Termination Attempts: Min: 1, Avg: 1.0, Max: 1, Diff: 0, Sum: 2]
      [GC Worker Other (ms): Min: 0.0, Avg: 0.0, Max: 0.0, Diff: 0.0, Sum: 0.0]
      [GC Worker Total (ms): Min: 76.2, Avg: 76.3, Max: 76.4, Diff: 0.2, Sum: 152.6]
      [GC Worker End (ms): Min: 79429062.1, Avg: 79429062.1, Max: 79429062.1, Diff: 0.0]
   [Code Root Fixup: 0.0 ms]
   [Code Root Purge: 0.0 ms]
   [Clear CT: 0.1 ms]
   [Other: 8.5 ms]
      [Choose CSet: 0.0 ms]
      [Ref Proc: 7.9 ms]
      [Ref Enq: 0.0 ms]
      [Redirty Cards: 0.0 ms]
      [Humongous Register: 0.1 ms]
      [Humongous Reclaim: 0.0 ms]
      [Free CSet: 0.0 ms]
   [Eden: 45.0M(45.0M)->0.0B(46.0M) Survivors: 6144.0K->5120.0K Heap: 268.8M(1024.0M)->225.3M(1024.0M)]
 [Times: user=0.04 sys=0.02, real=0.09 secs] 
2017-09-25T09:16:22.278+0900: 79534.337: [GC pause (G1 Evacuation Pause) (young), 0.0118087 secs]
   [Parallel Time: 10.6 ms, GC Workers: 2]
      [GC Worker Start (ms): Min: 79534336.9, Avg: 79534336.9, Max: 79534336.9, Diff: 0.0]
      [Ext Root Scanning (ms): Min: 0.6, Avg: 0.7, Max: 0.7, Diff: 0.1, Sum: 1.4]
      [Update RS (ms): Min: 1.1, Avg: 1.2, Max: 1.2, Diff: 0.0, Sum: 2.3]
         [Processed Buffers: Min: 6, Avg: 16.0, Max: 26, Diff: 20, Sum: 32]
      [Scan RS (ms): Min: 0.2, Avg: 0.2, Max: 0.2, Diff: 0.1, Sum: 0.4]
      [Code Root Scanning (ms): Min: 0.0, Avg: 0.0, Max: 0.0, Diff: 0.0, Sum: 0.0]
      [Object Copy (ms): Min: 8.5, Avg: 8.5, Max: 8.5, Diff: 0.0, Sum: 17.0]
      [Termination (ms): Min: 0.0, Avg: 0.0, Max: 0.0, Diff: 0.0, Sum: 0.0]
         [Termination Attempts: Min: 1, Avg: 1.0, Max: 1, Diff: 0, Sum: 2]
      [GC Worker Other (ms): Min: 0.0, Avg: 0.0, Max: 0.0, Diff: 0.0, Sum: 0.0]
      [GC Worker Total (ms): Min: 10.5, Avg: 10.5, Max: 10.5, Diff: 0.0, Sum: 21.1]
      [GC Worker End (ms): Min: 79534347.5, Avg: 79534347.5, Max: 79534347.5, Diff: 0.0]
   [Code Root Fixup: 0.1 ms]
   [Code Root Purge: 0.0 ms]
   [Clear CT: 0.1 ms]
   [Other: 1.0 ms]
      [Choose CSet: 0.0 ms]
      [Ref Proc: 0.5 ms]
      [Ref Enq: 0.0 ms]
      [Redirty Cards: 0.1 ms]
      [Humongous Register: 0.0 ms]
      [Humongous Reclaim: 0.1 ms]
      [Free CSet: 0.1 ms]
   [Eden: 46.0M(46.0M)->0.0B(44.0M) Survivors: 5120.0K->7168.0K Heap: 271.3M(1024.0M)->227.3M(1024.0M)]
 [Times: user=0.02 sys=0.00, real=0.02 secs] 
2017-09-25T09:18:03.183+0900: 79635.242: [GC pause (G1 Evacuation Pause) (young), 0.0085728 secs]
   [Parallel Time: 7.9 ms, GC Workers: 2]
      [GC Worker Start (ms): Min: 79635242.1, Avg: 79635242.1, Max: 79635242.2, Diff: 0.1]
      [Ext Root Scanning (ms): Min: 0.5, Avg: 0.5, Max: 0.6, Diff: 0.1, Sum: 1.0]
      [Update RS (ms): Min: 0.4, Avg: 0.5, Max: 0.5, Diff: 0.1, Sum: 1.0]
         [Processed Buffers: Min: 3, Avg: 17.0, Max: 31, Diff: 28, Sum: 34]
      [Scan RS (ms): Min: 0.1, Avg: 0.2, Max: 0.2, Diff: 0.1, Sum: 0.3]
      [Code Root Scanning (ms): Min: 0.0, Avg: 0.0, Max: 0.0, Diff: 0.0, Sum: 0.0]
      [Object Copy (ms): Min: 6.6, Avg: 6.6, Max: 6.6, Diff: 0.0, Sum: 13.2]
      [Termination (ms): Min: 0.0, Avg: 0.0, Max: 0.0, Diff: 0.0, Sum: 0.0]
         [Termination Attempts: Min: 3, Avg: 5.5, Max: 8, Diff: 5, Sum: 11]
      [GC Worker Other (ms): Min: 0.0, Avg: 0.0, Max: 0.0, Diff: 0.0, Sum: 0.0]
      [GC Worker Total (ms): Min: 7.8, Avg: 7.8, Max: 7.8, Diff: 0.1, Sum: 15.6]
      [GC Worker End (ms): Min: 79635249.9, Avg: 79635249.9, Max: 79635249.9, Diff: 0.0]
   [Code Root Fixup: 0.0 ms]
   [Code Root Purge: 0.0 ms]
   [Clear CT: 0.1 ms]
   [Other: 0.6 ms]
      [Choose CSet: 0.0 ms]
      [Ref Proc: 0.2 ms]
      [Ref Enq: 0.0 ms]
      [Redirty Cards: 0.2 ms]
      [Humongous Register: 0.0 ms]
      [Humongous Reclaim: 0.0 ms]
      [Free CSet: 0.0 ms]
   [Eden: 44.0M(44.0M)->0.0B(45.0M) Survivors: 7168.0K->6144.0K Heap: 271.3M(1024.0M)->229.6M(1024.0M)]
 [Times: user=0.02 sys=0.00, real=0.01 secs] 
2017-09-25T09:19:46.734+0900: 79738.792: [GC pause (G1 Evacuation Pause) (young), 0.0112513 secs]
   [Parallel Time: 10.6 ms, GC Workers: 2]
      [GC Worker Start (ms): Min: 79738792.4, Avg: 79738792.4, Max: 79738792.5, Diff: 0.1]
      [Ext Root Scanning (ms): Min: 0.5, Avg: 0.5, Max: 0.6, Diff: 0.1, Sum: 1.1]
      [Update RS (ms): Min: 0.7, Avg: 0.7, Max: 0.7, Diff: 0.0, Sum: 1.3]
         [Processed Buffers: Min: 11, Avg: 18.0, Max: 25, Diff: 14, Sum: 36]
      [Scan RS (ms): Min: 0.2, Avg: 0.2, Max: 0.3, Diff: 0.0, Sum: 0.5]
      [Code Root Scanning (ms): Min: 0.0, Avg: 0.0, Max: 0.0, Diff: 0.0, Sum: 0.0]
      [Object Copy (ms): Min: 9.1, Avg: 9.1, Max: 9.1, Diff: 0.0, Sum: 18.2]
      [Termination (ms): Min: 0.0, Avg: 0.0, Max: 0.0, Diff: 0.0, Sum: 0.0]
         [Termination Attempts: Min: 1, Avg: 1.0, Max: 1, Diff: 0, Sum: 2]
      [GC Worker Other (ms): Min: 0.0, Avg: 0.0, Max: 0.0, Diff: 0.0, Sum: 0.0]
      [GC Worker Total (ms): Min: 10.5, Avg: 10.6, Max: 10.6, Diff: 0.1, Sum: 21.1]
      [GC Worker End (ms): Min: 79738803.0, Avg: 79738803.0, Max: 79738803.0, Diff: 0.0]
   [Code Root Fixup: 0.0 ms]
   [Code Root Purge: 0.0 ms]
   [Clear CT: 0.1 ms]
   [Other: 0.5 ms]
      [Choose CSet: 0.0 ms]
      [Ref Proc: 0.1 ms]
      [Ref Enq: 0.0 ms]
      [Redirty Cards: 0.0 ms]
      [Humongous Register: 0.0 ms]
      [Humongous Reclaim: 0.0 ms]
      [Free CSet: 0.0 ms]
   [Eden: 45.0M(45.0M)->0.0B(47.0M) Survivors: 6144.0K->4096.0K Heap: 274.6M(1024.0M)->228.5M(1024.0M)]
 [Times: user=0.01 sys=0.00, real=0.01 secs] 
2017-09-25T09:21:34.521+0900: 79846.580: [GC pause (G1 Evacuation Pause) (young), 0.0470342 secs]
   [Parallel Time: 32.9 ms, GC Workers: 2]
      [GC Worker Start (ms): Min: 79846580.3, Avg: 79846580.3, Max: 79846580.4, Diff: 0.1]
      [Ext Root Scanning (ms): Min: 2.0, Avg: 2.0, Max: 2.1, Diff: 0.1, Sum: 4.0]
      [Update RS (ms): Min: 5.7, Avg: 6.2, Max: 6.7, Diff: 1.0, Sum: 12.4]
         [Processed Buffers: Min: 2, Avg: 18.5, Max: 35, Diff: 33, Sum: 37]
      [Scan RS (ms): Min: 0.8, Avg: 1.3, Max: 1.9, Diff: 1.0, Sum: 2.7]
      [Code Root Scanning (ms): Min: 0.0, Avg: 0.0, Max: 0.0, Diff: 0.0, Sum: 0.0]
      [Object Copy (ms): Min: 21.6, Avg: 22.0, Max: 22.4, Diff: 0.8, Sum: 44.0]
      [Termination (ms): Min: 0.0, Avg: 0.6, Max: 1.3, Diff: 1.3, Sum: 1.3]
         [Termination Attempts: Min: 1, Avg: 1.0, Max: 1, Diff: 0, Sum: 2]
      [GC Worker Other (ms): Min: 0.0, Avg: 0.0, Max: 0.0, Diff: 0.0, Sum: 0.1]
      [GC Worker Total (ms): Min: 31.9, Avg: 32.2, Max: 32.5, Diff: 0.6, Sum: 64.5]
      [GC Worker End (ms): Min: 79846612.3, Avg: 79846612.6, Max: 79846612.8, Diff: 0.5]
   [Code Root Fixup: 0.4 ms]
   [Code Root Purge: 0.0 ms]
   [Clear CT: 8.7 ms]
   [Other: 5.1 ms]
      [Choose CSet: 0.0 ms]
      [Ref Proc: 2.0 ms]
      [Ref Enq: 0.0 ms]
      [Redirty Cards: 2.5 ms]
      [Humongous Register: 0.1 ms]
      [Humongous Reclaim: 0.0 ms]
      [Free CSet: 0.1 ms]
   [Eden: 47.0M(47.0M)->0.0B(46.0M) Survivors: 4096.0K->5120.0K Heap: 275.5M(1024.0M)->230.0M(1024.0M)]
 [Times: user=0.05 sys=0.00, real=0.05 secs] 
2017-09-25T09:23:19.623+0900: 79951.682: [GC pause (G1 Evacuation Pause) (young), 0.0684154 secs]
   [Parallel Time: 67.1 ms, GC Workers: 2]
      [GC Worker Start (ms): Min: 79951681.9, Avg: 79951682.2, Max: 79951682.4, Diff: 0.5]
      [Ext Root Scanning (ms): Min: 1.6, Avg: 1.8, Max: 2.1, Diff: 0.5, Sum: 3.7]
      [Update RS (ms): Min: 3.5, Avg: 4.0, Max: 4.4, Diff: 0.9, Sum: 7.9]
         [Processed Buffers: Min: 3, Avg: 18.0, Max: 33, Diff: 30, Sum: 36]
      [Scan RS (ms): Min: 1.5, Avg: 1.9, Max: 2.4, Diff: 0.9, Sum: 3.8]
      [Code Root Scanning (ms): Min: 0.0, Avg: 0.0, Max: 0.0, Diff: 0.0, Sum: 0.0]
      [Object Copy (ms): Min: 58.9, Avg: 58.9, Max: 58.9, Diff: 0.0, Sum: 117.7]
      [Termination (ms): Min: 0.0, Avg: 0.0, Max: 0.0, Diff: 0.0, Sum: 0.0]
         [Termination Attempts: Min: 1, Avg: 1.0, Max: 1, Diff: 0, Sum: 2]
      [GC Worker Other (ms): Min: 0.0, Avg: 0.0, Max: 0.0, Diff: 0.0, Sum: 0.0]
      [GC Worker Total (ms): Min: 66.3, Avg: 66.6, Max: 66.8, Diff: 0.5, Sum: 133.2]
      [GC Worker End (ms): Min: 79951748.8, Avg: 79951748.8, Max: 79951748.8, Diff: 0.0]
   [Code Root Fixup: 0.0 ms]
   [Code Root Purge: 0.0 ms]
   [Clear CT: 0.1 ms]
   [Other: 1.2 ms]
      [Choose CSet: 0.0 ms]
      [Ref Proc: 0.3 ms]
      [Ref Enq: 0.0 ms]
      [Redirty Cards: 0.2 ms]
      [Humongous Register: 0.1 ms]
      [Humongous Reclaim: 0.0 ms]
      [Free CSet: 0.0 ms]
   [Eden: 46.0M(46.0M)->0.0B(44.0M) Survivors: 5120.0K->7168.0K Heap: 276.0M(1024.0M)->232.3M(1024.0M)]
 [Times: user=0.08 sys=0.01, real=0.07 secs] 
2017-09-25T09:25:01.258+0900: 80053.317: [GC pause (G1 Evacuation Pause) (young), 0.0386716 secs]
   [Parallel Time: 27.7 ms, GC Workers: 2]
      [GC Worker Start (ms): Min: 80053317.0, Avg: 80053317.1, Max: 80053317.1, Diff: 0.1]
      [Ext Root Scanning (ms): Min: 1.0, Avg: 1.1, Max: 1.2, Diff: 0.1, Sum: 2.2]
      [Update RS (ms): Min: 1.6, Avg: 1.8, Max: 2.0, Diff: 0.4, Sum: 3.5]
         [Processed Buffers: Min: 4, Avg: 17.0, Max: 30, Diff: 26, Sum: 34]
      [Scan RS (ms): Min: 1.0, Avg: 1.2, Max: 1.5, Diff: 0.5, Sum: 2.5]
      [Code Root Scanning (ms): Min: 0.0, Avg: 0.0, Max: 0.0, Diff: 0.0, Sum: 0.0]
      [Object Copy (ms): Min: 22.8, Avg: 22.9, Max: 23.1, Diff: 0.3, Sum: 45.9]
      [Termination (ms): Min: 0.0, Avg: 0.3, Max: 0.5, Diff: 0.5, Sum: 0.5]
         [Termination Attempts: Min: 1, Avg: 1.0, Max: 1, Diff: 0, Sum: 2]
      [GC Worker Other (ms): Min: 0.0, Avg: 0.0, Max: 0.0, Diff: 0.0, Sum: 0.0]
      [GC Worker Total (ms): Min: 27.2, Avg: 27.3, Max: 27.5, Diff: 0.3, Sum: 54.6]
      [GC Worker End (ms): Min: 80053344.3, Avg: 80053344.4, Max: 80053344.5, Diff: 0.2]
   [Code Root Fixup: 0.1 ms]
   [Code Root Purge: 0.0 ms]
   [Clear CT: 0.2 ms]
   [Other: 10.7 ms]
      [Choose CSet: 0.0 ms]
      [Ref Proc: 0.4 ms]
      [Ref Enq: 0.0 ms]
      [Redirty Cards: 0.2 ms]
      [Humongous Register: 0.0 ms]
      [Humongous Reclaim: 0.0 ms]
      [Free CSet: 0.1 ms]
   [Eden: 44.0M(44.0M)->0.0B(46.0M) Survivors: 7168.0K->5120.0K Heap: 276.3M(1024.0M)->234.8M(1024.0M)]
 [Times: user=0.05 sys=0.00, real=0.04 secs] 
2017-09-25T09:26:46.392+0900: 80158.450: [GC pause (G1 Evacuation Pause) (young), 0.0063392 secs]
   [Parallel Time: 4.8 ms, GC Workers: 2]
      [GC Worker Start (ms): Min: 80158450.3, Avg: 80158450.3, Max: 80158450.4, Diff: 0.1]
      [Ext Root Scanning (ms): Min: 1.1, Avg: 1.2, Max: 1.3, Diff: 0.2, Sum: 2.3]
      [Update RS (ms): Min: 1.4, Avg: 1.5, Max: 1.5, Diff: 0.1, Sum: 2.9]
         [Processed Buffers: Min: 10, Avg: 18.0, Max: 26, Diff: 16, Sum: 36]
      [Scan RS (ms): Min: 0.3, Avg: 0.4, Max: 0.5, Diff: 0.2, Sum: 0.9]
      [Code Root Scanning (ms): Min: 0.0, Avg: 0.0, Max: 0.0, Diff: 0.0, Sum: 0.0]
      [Object Copy (ms): Min: 1.6, Avg: 1.6, Max: 1.6, Diff: 0.1, Sum: 3.2]
      [Termination (ms): Min: 0.0, Avg: 0.0, Max: 0.0, Diff: 0.0, Sum: 0.0]
         [Termination Attempts: Min: 1, Avg: 1.0, Max: 1, Diff: 0, Sum: 2]
      [GC Worker Other (ms): Min: 0.0, Avg: 0.0, Max: 0.0, Diff: 0.0, Sum: 0.0]
      [GC Worker Total (ms): Min: 4.7, Avg: 4.7, Max: 4.7, Diff: 0.1, Sum: 9.4]
      [GC Worker End (ms): Min: 80158455.0, Avg: 80158455.0, Max: 80158455.0, Diff: 0.0]
   [Code Root Fixup: 0.0 ms]
   [Code Root Purge: 0.0 ms]
   [Clear CT: 0.1 ms]
   [Other: 1.4 ms]
      [Choose CSet: 0.0 ms]
      [Ref Proc: 0.8 ms]
      [Ref Enq: 0.0 ms]
      [Redirty Cards: 0.3 ms]
      [Humongous Register: 0.1 ms]
      [Humongous Reclaim: 0.0 ms]
      [Free CSet: 0.0 ms]
   [Eden: 46.0M(46.0M)->0.0B(48.0M) Survivors: 5120.0K->3072.0K Heap: 280.8M(1024.0M)->232.8M(1024.0M)]
 [Times: user=0.01 sys=0.00, real=0.00 secs] 
2017-09-25T09:28:36.838+0900: 80268.896: [GC pause (G1 Evacuation Pause) (young), 0.0170861 secs]
   [Parallel Time: 15.6 ms, GC Workers: 2]
      [GC Worker Start (ms): Min: 80268896.7, Avg: 80268896.7, Max: 80268896.7, Diff: 0.0]
      [Ext Root Scanning (ms): Min: 1.3, Avg: 1.3, Max: 1.3, Diff: 0.0, Sum: 2.5]
      [Update RS (ms): Min: 2.3, Avg: 2.5, Max: 2.7, Diff: 0.4, Sum: 5.0]
         [Processed Buffers: Min: 8, Avg: 17.5, Max: 27, Diff: 19, Sum: 35]
      [Scan RS (ms): Min: 0.9, Avg: 0.9, Max: 1.0, Diff: 0.2, Sum: 1.9]
      [Code Root Scanning (ms): Min: 0.0, Avg: 0.0, Max: 0.0, Diff: 0.0, Sum: 0.0]
      [Object Copy (ms): Min: 10.4, Avg: 10.7, Max: 10.9, Diff: 0.5, Sum: 21.4]
      [Termination (ms): Min: 0.0, Avg: 0.0, Max: 0.0, Diff: 0.0, Sum: 0.0]
         [Termination Attempts: Min: 1, Avg: 1.0, Max: 1, Diff: 0, Sum: 2]
      [GC Worker Other (ms): Min: 0.0, Avg: 0.0, Max: 0.0, Diff: 0.0, Sum: 0.0]
      [GC Worker Total (ms): Min: 15.4, Avg: 15.4, Max: 15.4, Diff: 0.0, Sum: 30.8]
      [GC Worker End (ms): Min: 80268912.1, Avg: 80268912.1, Max: 80268912.1, Diff: 0.0]
   [Code Root Fixup: 0.1 ms]
   [Code Root Purge: 0.0 ms]
   [Clear CT: 0.2 ms]
   [Other: 1.2 ms]
      [Choose CSet: 0.0 ms]
      [Ref Proc: 0.4 ms]
      [Ref Enq: 0.0 ms]
      [Redirty Cards: 0.3 ms]
      [Humongous Register: 0.0 ms]
      [Humongous Reclaim: 0.0 ms]
      [Free CSet: 0.1 ms]
   [Eden: 48.0M(48.0M)->0.0B(46.0M) Survivors: 3072.0K->5120.0K Heap: 280.8M(1024.0M)->234.8M(1024.0M)]
 [Times: user=0.03 sys=0.00, real=0.02 secs] 
2017-09-25T09:30:22.277+0900: 80374.336: [GC pause (G1 Evacuation Pause) (young), 0.0116813 secs]
   [Parallel Time: 7.4 ms, GC Workers: 2]
      [GC Worker Start (ms): Min: 80374336.1, Avg: 80374336.1, Max: 80374336.1, Diff: 0.1]
      [Ext Root Scanning (ms): Min: 1.0, Avg: 1.1, Max: 1.1, Diff: 0.1, Sum: 2.1]
      [Update RS (ms): Min: 0.9, Avg: 1.0, Max: 1.0, Diff: 0.1, Sum: 1.9]
         [Processed Buffers: Min: 12, Avg: 17.5, Max: 23, Diff: 11, Sum: 35]
      [Scan RS (ms): Min: 0.2, Avg: 0.3, Max: 0.4, Diff: 0.2, Sum: 0.6]
      [Code Root Scanning (ms): Min: 0.0, Avg: 0.0, Max: 0.0, Diff: 0.0, Sum: 0.0]
      [Object Copy (ms): Min: 4.8, Avg: 4.9, Max: 4.9, Diff: 0.1, Sum: 9.7]
      [Termination (ms): Min: 0.0, Avg: 0.0, Max: 0.0, Diff: 0.0, Sum: 0.0]
         [Termination Attempts: Min: 1, Avg: 2.0, Max: 3, Diff: 2, Sum: 4]
      [GC Worker Other (ms): Min: 0.0, Avg: 0.0, Max: 0.0, Diff: 0.0, Sum: 0.0]
      [GC Worker Total (ms): Min: 7.1, Avg: 7.2, Max: 7.2, Diff: 0.1, Sum: 14.3]
      [GC Worker End (ms): Min: 80374343.3, Avg: 80374343.3, Max: 80374343.3, Diff: 0.0]
   [Code Root Fixup: 0.0 ms]
   [Code Root Purge: 0.0 ms]
   [Clear CT: 0.0 ms]
   [Other: 4.2 ms]
      [Choose CSet: 0.0 ms]
      [Ref Proc: 3.8 ms]
      [Ref Enq: 0.0 ms]
      [Redirty Cards: 0.0 ms]
      [Humongous Register: 0.1 ms]
      [Humongous Reclaim: 0.0 ms]
      [Free CSet: 0.0 ms]
   [Eden: 46.0M(46.0M)->0.0B(45.0M) Survivors: 5120.0K->6144.0K Heap: 280.8M(1024.0M)->235.8M(1024.0M)]
 [Times: user=0.02 sys=0.00, real=0.02 secs] 
2017-09-25T09:32:06.166+0900: 80478.224: [GC pause (G1 Evacuation Pause) (young), 0.0256569 secs]
   [Parallel Time: 22.5 ms, GC Workers: 2]
      [GC Worker Start (ms): Min: 80478224.5, Avg: 80478224.5, Max: 80478224.5, Diff: 0.0]
      [Ext Root Scanning (ms): Min: 0.6, Avg: 0.6, Max: 0.6, Diff: 0.1, Sum: 1.2]
      [Update RS (ms): Min: 1.1, Avg: 1.1, Max: 1.1, Diff: 0.0, Sum: 2.2]
         [Processed Buffers: Min: 12, Avg: 17.5, Max: 23, Diff: 11, Sum: 35]
      [Scan RS (ms): Min: 0.3, Avg: 0.6, Max: 0.8, Diff: 0.5, Sum: 1.2]
      [Code Root Scanning (ms): Min: 0.0, Avg: 0.0, Max: 0.0, Diff: 0.0, Sum: 0.0]
      [Object Copy (ms): Min: 19.8, Avg: 20.1, Max: 20.3, Diff: 0.5, Sum: 40.1]
      [Termination (ms): Min: 0.0, Avg: 0.0, Max: 0.0, Diff: 0.0, Sum: 0.0]
         [Termination Attempts: Min: 1, Avg: 1.0, Max: 1, Diff: 0, Sum: 2]
      [GC Worker Other (ms): Min: 0.0, Avg: 0.0, Max: 0.0, Diff: 0.0, Sum: 0.0]
      [GC Worker Total (ms): Min: 22.4, Avg: 22.4, Max: 22.4, Diff: 0.0, Sum: 44.8]
      [GC Worker End (ms): Min: 80478246.9, Avg: 80478246.9, Max: 80478246.9, Diff: 0.0]
   [Code Root Fixup: 0.0 ms]
   [Code Root Purge: 0.0 ms]
   [Clear CT: 2.2 ms]
   [Other: 0.9 ms]
      [Choose CSet: 0.0 ms]
      [Ref Proc: 0.6 ms]
      [Ref Enq: 0.0 ms]
      [Redirty Cards: 0.0 ms]
      [Humongous Register: 0.0 ms]
      [Humongous Reclaim: 0.0 ms]
      [Free CSet: 0.0 ms]
   [Eden: 45.0M(45.0M)->0.0B(46.0M) Survivors: 6144.0K->5120.0K Heap: 280.8M(1024.0M)->237.9M(1024.0M)]
 [Times: user=0.02 sys=0.00, real=0.03 secs] 
2017-09-25T09:33:51.963+0900: 80584.022: [GC pause (G1 Evacuation Pause) (young), 0.0147866 secs]
   [Parallel Time: 14.2 ms, GC Workers: 2]
      [GC Worker Start (ms): Min: 80584022.1, Avg: 80584022.2, Max: 80584022.2, Diff: 0.0]
      [Ext Root Scanning (ms): Min: 1.0, Avg: 1.1, Max: 1.2, Diff: 0.2, Sum: 2.1]
      [Update RS (ms): Min: 2.0, Avg: 2.2, Max: 2.4, Diff: 0.3, Sum: 4.4]
         [Processed Buffers: Min: 12, Avg: 19.5, Max: 27, Diff: 15, Sum: 39]
      [Scan RS (ms): Min: 0.4, Avg: 0.8, Max: 1.2, Diff: 0.8, Sum: 1.5]
      [Code Root Scanning (ms): Min: 0.0, Avg: 0.0, Max: 0.0, Diff: 0.0, Sum: 0.0]
      [Object Copy (ms): Min: 8.9, Avg: 9.7, Max: 10.4, Diff: 1.5, Sum: 19.4]
      [Termination (ms): Min: 0.0, Avg: 0.4, Max: 0.9, Diff: 0.9, Sum: 0.9]
         [Termination Attempts: Min: 1, Avg: 1.5, Max: 2, Diff: 1, Sum: 3]
      [GC Worker Other (ms): Min: 0.0, Avg: 0.0, Max: 0.0, Diff: 0.0, Sum: 0.0]
      [GC Worker Total (ms): Min: 14.2, Avg: 14.2, Max: 14.2, Diff: 0.0, Sum: 28.3]
      [GC Worker End (ms): Min: 80584036.3, Avg: 80584036.3, Max: 80584036.3, Diff: 0.0]
   [Code Root Fixup: 0.0 ms]
   [Code Root Purge: 0.0 ms]
   [Clear CT: 0.0 ms]
   [Other: 0.5 ms]
      [Choose CSet: 0.0 ms]
      [Ref Proc: 0.1 ms]
      [Ref Enq: 0.0 ms]
      [Redirty Cards: 0.0 ms]
      [Humongous Register: 0.1 ms]
      [Humongous Reclaim: 0.0 ms]
      [Free CSet: 0.0 ms]
   [Eden: 46.0M(46.0M)->0.0B(45.0M) Survivors: 5120.0K->6144.0K Heap: 283.9M(1024.0M)->239.4M(1024.0M)]
 [Times: user=0.02 sys=0.00, real=0.01 secs] 
2017-09-25T09:35:35.374+0900: 80687.432: [GC pause (G1 Evacuation Pause) (young), 0.0149571 secs]
   [Parallel Time: 14.0 ms, GC Workers: 2]
      [GC Worker Start (ms): Min: 80687432.5, Avg: 80687432.5, Max: 80687432.5, Diff: 0.0]
      [Ext Root Scanning (ms): Min: 0.6, Avg: 0.6, Max: 0.6, Diff: 0.0, Sum: 1.2]
      [Update RS (ms): Min: 0.8, Avg: 0.8, Max: 0.9, Diff: 0.0, Sum: 1.7]
         [Processed Buffers: Min: 9, Avg: 19.5, Max: 30, Diff: 21, Sum: 39]
      [Scan RS (ms): Min: 0.2, Avg: 0.2, Max: 0.2, Diff: 0.0, Sum: 0.4]
      [Code Root Scanning (ms): Min: 0.0, Avg: 0.0, Max: 0.0, Diff: 0.0, Sum: 0.0]
      [Object Copy (ms): Min: 11.8, Avg: 12.0, Max: 12.1, Diff: 0.3, Sum: 23.9]
      [Termination (ms): Min: 0.0, Avg: 0.2, Max: 0.4, Diff: 0.4, Sum: 0.5]
         [Termination Attempts: Min: 1, Avg: 1.0, Max: 1, Diff: 0, Sum: 2]
      [GC Worker Other (ms): Min: 0.0, Avg: 0.0, Max: 0.0, Diff: 0.0, Sum: 0.0]
      [GC Worker Total (ms): Min: 13.7, Avg: 13.8, Max: 13.9, Diff: 0.2, Sum: 27.6]
      [GC Worker End (ms): Min: 80687446.3, Avg: 80687446.3, Max: 80687446.4, Diff: 0.2]
   [Code Root Fixup: 0.1 ms]
   [Code Root Purge: 0.0 ms]
   [Clear CT: 0.1 ms]
   [Other: 0.8 ms]
      [Choose CSet: 0.0 ms]
      [Ref Proc: 0.3 ms]
      [Ref Enq: 0.0 ms]
      [Redirty Cards: 0.1 ms]
      [Humongous Register: 0.0 ms]
      [Humongous Reclaim: 0.0 ms]
      [Free CSet: 0.1 ms]
   [Eden: 45.0M(45.0M)->0.0B(49.0M) Survivors: 6144.0K->3072.0K Heap: 284.4M(1024.0M)->236.8M(1024.0M)]
 [Times: user=0.02 sys=0.01, real=0.01 secs] 
2017-09-25T09:37:28.050+0900: 80800.109: [GC pause (G1 Evacuation Pause) (young), 0.0395337 secs]
   [Parallel Time: 37.2 ms, GC Workers: 2]
      [GC Worker Start (ms): Min: 80800109.3, Avg: 80800109.3, Max: 80800109.4, Diff: 0.1]
      [Ext Root Scanning (ms): Min: 2.0, Avg: 2.1, Max: 2.1, Diff: 0.1, Sum: 4.1]
      [Update RS (ms): Min: 5.3, Avg: 5.4, Max: 5.5, Diff: 0.2, Sum: 10.8]
         [Processed Buffers: Min: 15, Avg: 18.0, Max: 21, Diff: 6, Sum: 36]
      [Scan RS (ms): Min: 1.3, Avg: 2.5, Max: 3.7, Diff: 2.5, Sum: 5.0]
      [Code Root Scanning (ms): Min: 0.0, Avg: 0.0, Max: 0.0, Diff: 0.0, Sum: 0.0]
      [Object Copy (ms): Min: 25.7, Avg: 25.8, Max: 25.9, Diff: 0.2, Sum: 51.5]
      [Termination (ms): Min: 0.0, Avg: 1.2, Max: 2.4, Diff: 2.4, Sum: 2.4]
         [Termination Attempts: Min: 1, Avg: 1.0, Max: 1, Diff: 0, Sum: 2]
      [GC Worker Other (ms): Min: 0.0, Avg: 0.0, Max: 0.0, Diff: 0.0, Sum: 0.1]
      [GC Worker Total (ms): Min: 37.0, Avg: 37.0, Max: 37.0, Diff: 0.1, Sum: 74.0]
      [GC Worker End (ms): Min: 80800146.3, Avg: 80800146.3, Max: 80800146.3, Diff: 0.0]
   [Code Root Fixup: 0.1 ms]
   [Code Root Purge: 0.0 ms]
   [Clear CT: 0.2 ms]
   [Other: 2.0 ms]
      [Choose CSet: 0.0 ms]
      [Ref Proc: 1.1 ms]
      [Ref Enq: 0.0 ms]
      [Redirty Cards: 0.2 ms]
      [Humongous Register: 0.1 ms]
      [Humongous Reclaim: 0.0 ms]
      [Free CSet: 0.1 ms]
   [Eden: 49.0M(49.0M)->0.0B(46.0M) Survivors: 3072.0K->5120.0K Heap: 285.8M(1024.0M)->238.8M(1024.0M)]
 [Times: user=0.05 sys=0.00, real=0.04 secs] 
2017-09-25T09:39:14.179+0900: 80906.237: [GC pause (G1 Evacuation Pause) (young), 0.0520655 secs]
   [Parallel Time: 50.1 ms, GC Workers: 2]
      [GC Worker Start (ms): Min: 80906237.5, Avg: 80906237.6, Max: 80906237.6, Diff: 0.1]
      [Ext Root Scanning (ms): Min: 1.8, Avg: 1.9, Max: 1.9, Diff: 0.1, Sum: 3.7]
      [Update RS (ms): Min: 3.3, Avg: 5.6, Max: 8.0, Diff: 4.7, Sum: 11.2]
         [Processed Buffers: Min: 12, Avg: 17.5, Max: 23, Diff: 11, Sum: 35]
      [Scan RS (ms): Min: 1.2, Avg: 7.5, Max: 13.9, Diff: 12.7, Sum: 15.1]
      [Code Root Scanning (ms): Min: 0.0, Avg: 0.0, Max: 0.0, Diff: 0.0, Sum: 0.0]
      [Object Copy (ms): Min: 30.8, Avg: 34.8, Max: 38.8, Diff: 8.0, Sum: 69.6]
      [Termination (ms): Min: 0.0, Avg: 0.0, Max: 0.0, Diff: 0.0, Sum: 0.0]
         [Termination Attempts: Min: 1, Avg: 1.5, Max: 2, Diff: 1, Sum: 3]
      [GC Worker Other (ms): Min: 0.0, Avg: 0.0, Max: 0.0, Diff: 0.0, Sum: 0.1]
      [GC Worker Total (ms): Min: 49.8, Avg: 49.9, Max: 49.9, Diff: 0.1, Sum: 99.7]
      [GC Worker End (ms): Min: 80906287.4, Avg: 80906287.4, Max: 80906287.4, Diff: 0.0]
   [Code Root Fixup: 0.2 ms]
   [Code Root Purge: 0.0 ms]
   [Clear CT: 0.2 ms]
   [Other: 1.7 ms]
      [Choose CSet: 0.0 ms]
      [Ref Proc: 0.9 ms]
      [Ref Enq: 0.0 ms]
      [Redirty Cards: 0.3 ms]
      [Humongous Register: 0.1 ms]
      [Humongous Reclaim: 0.0 ms]
      [Free CSet: 0.0 ms]
   [Eden: 46.0M(46.0M)->0.0B(45.0M) Survivors: 5120.0K->6144.0K Heap: 284.8M(1024.0M)->240.7M(1024.0M)]
 [Times: user=0.08 sys=0.00, real=0.06 secs] 
2017-09-25T09:40:57.403+0900: 81009.461: [GC pause (G1 Evacuation Pause) (young), 0.0090988 secs]
   [Parallel Time: 8.4 ms, GC Workers: 2]
      [GC Worker Start (ms): Min: 81009461.3, Avg: 81009461.3, Max: 81009461.3, Diff: 0.0]
      [Ext Root Scanning (ms): Min: 0.5, Avg: 0.5, Max: 0.5, Diff: 0.0, Sum: 1.0]
      [Update RS (ms): Min: 0.7, Avg: 0.7, Max: 0.7, Diff: 0.0, Sum: 1.5]
         [Processed Buffers: Min: 3, Avg: 18.0, Max: 33, Diff: 30, Sum: 36]
      [Scan RS (ms): Min: 0.6, Avg: 0.6, Max: 0.7, Diff: 0.1, Sum: 1.3]
      [Code Root Scanning (ms): Min: 0.0, Avg: 0.0, Max: 0.0, Diff: 0.0, Sum: 0.0]
      [Object Copy (ms): Min: 6.5, Avg: 6.5, Max: 6.5, Diff: 0.0, Sum: 13.1]
      [Termination (ms): Min: 0.0, Avg: 0.0, Max: 0.0, Diff: 0.0, Sum: 0.0]
         [Termination Attempts: Min: 1, Avg: 2.0, Max: 3, Diff: 2, Sum: 4]
      [GC Worker Other (ms): Min: 0.0, Avg: 0.0, Max: 0.0, Diff: 0.0, Sum: 0.0]
      [GC Worker Total (ms): Min: 8.4, Avg: 8.4, Max: 8.4, Diff: 0.0, Sum: 16.8]
      [GC Worker End (ms): Min: 81009469.7, Avg: 81009469.7, Max: 81009469.7, Diff: 0.0]
   [Code Root Fixup: 0.0 ms]
   [Code Root Purge: 0.0 ms]
   [Clear CT: 0.0 ms]
   [Other: 0.6 ms]
      [Choose CSet: 0.0 ms]
      [Ref Proc: 0.3 ms]
      [Ref Enq: 0.0 ms]
      [Redirty Cards: 0.1 ms]
      [Humongous Register: 0.0 ms]
      [Humongous Reclaim: 0.0 ms]
      [Free CSet: 0.0 ms]
   [Eden: 45.0M(45.0M)->0.0B(46.0M) Survivors: 6144.0K->5120.0K Heap: 285.7M(1024.0M)->242.9M(1024.0M)]
 [Times: user=0.02 sys=0.00, real=0.01 secs] 
2017-09-25T09:42:43.529+0900: 81115.587: [GC pause (G1 Evacuation Pause) (young), 0.0424052 secs]
   [Parallel Time: 40.6 ms, GC Workers: 2]
      [GC Worker Start (ms): Min: 81115587.5, Avg: 81115587.5, Max: 81115587.6, Diff: 0.1]
      [Ext Root Scanning (ms): Min: 2.4, Avg: 2.6, Max: 2.8, Diff: 0.3, Sum: 5.2]
      [Update RS (ms): Min: 5.5, Avg: 5.6, Max: 5.7, Diff: 0.2, Sum: 11.3]
         [Processed Buffers: Min: 14, Avg: 18.0, Max: 22, Diff: 8, Sum: 36]
      [Scan RS (ms): Min: 2.1, Avg: 2.1, Max: 2.1, Diff: 0.0, Sum: 4.1]
      [Code Root Scanning (ms): Min: 0.0, Avg: 0.0, Max: 0.0, Diff: 0.0, Sum: 0.0]
      [Object Copy (ms): Min: 29.7, Avg: 29.9, Max: 30.1, Diff: 0.4, Sum: 59.8]
      [Termination (ms): Min: 0.1, Avg: 0.1, Max: 0.1, Diff: 0.1, Sum: 0.2]
         [Termination Attempts: Min: 2, Avg: 3.0, Max: 4, Diff: 2, Sum: 6]
      [GC Worker Other (ms): Min: 0.0, Avg: 0.0, Max: 0.0, Diff: 0.0, Sum: 0.1]
      [GC Worker Total (ms): Min: 40.3, Avg: 40.3, Max: 40.4, Diff: 0.1, Sum: 80.7]
      [GC Worker End (ms): Min: 81115627.8, Avg: 81115627.9, Max: 81115627.9, Diff: 0.1]
   [Code Root Fixup: 0.2 ms]
   [Code Root Purge: 0.0 ms]
   [Clear CT: 0.1 ms]
   [Other: 1.5 ms]
      [Choose CSet: 0.0 ms]
      [Ref Proc: 0.6 ms]
      [Ref Enq: 0.0 ms]
      [Redirty Cards: 0.3 ms]
      [Humongous Register: 0.1 ms]
      [Humongous Reclaim: 0.0 ms]
      [Free CSet: 0.0 ms]
   [Eden: 46.0M(46.0M)->0.0B(44.0M) Survivors: 5120.0K->7168.0K Heap: 288.9M(1024.0M)->244.9M(1024.0M)]
 [Times: user=0.08 sys=0.00, real=0.05 secs] 
2017-09-25T09:44:24.661+0900: 81216.720: [GC pause (G1 Evacuation Pause) (young), 0.0203940 secs]
   [Parallel Time: 18.5 ms, GC Workers: 2]
      [GC Worker Start (ms): Min: 81216720.3, Avg: 81216720.4, Max: 81216720.4, Diff: 0.1]
      [Ext Root Scanning (ms): Min: 1.7, Avg: 1.8, Max: 1.9, Diff: 0.2, Sum: 3.6]
      [Update RS (ms): Min: 3.2, Avg: 3.3, Max: 3.3, Diff: 0.1, Sum: 6.6]
         [Processed Buffers: Min: 10, Avg: 17.5, Max: 25, Diff: 15, Sum: 35]
      [Scan RS (ms): Min: 1.5, Avg: 1.6, Max: 1.7, Diff: 0.2, Sum: 3.2]
      [Code Root Scanning (ms): Min: 0.0, Avg: 0.0, Max: 0.0, Diff: 0.0, Sum: 0.0]
      [Object Copy (ms): Min: 11.2, Avg: 11.2, Max: 11.2, Diff: 0.1, Sum: 22.4]
      [Termination (ms): Min: 0.0, Avg: 0.0, Max: 0.0, Diff: 0.0, Sum: 0.0]
         [Termination Attempts: Min: 1, Avg: 1.0, Max: 1, Diff: 0, Sum: 2]
      [GC Worker Other (ms): Min: 0.0, Avg: 0.0, Max: 0.0, Diff: 0.0, Sum: 0.1]
      [GC Worker Total (ms): Min: 17.9, Avg: 17.9, Max: 18.0, Diff: 0.1, Sum: 35.9]
      [GC Worker End (ms): Min: 81216738.3, Avg: 81216738.3, Max: 81216738.3, Diff: 0.0]
   [Code Root Fixup: 0.1 ms]
   [Code Root Purge: 0.0 ms]
   [Clear CT: 0.1 ms]
   [Other: 1.7 ms]
      [Choose CSet: 0.0 ms]
      [Ref Proc: 0.8 ms]
      [Ref Enq: 0.0 ms]
      [Redirty Cards: 0.3 ms]
      [Humongous Register: 0.1 ms]
      [Humongous Reclaim: 0.0 ms]
      [Free CSet: 0.1 ms]
   [Eden: 44.0M(44.0M)->0.0B(48.0M) Survivors: 7168.0K->3072.0K Heap: 288.9M(1024.0M)->242.3M(1024.0M)]
 [Times: user=0.03 sys=0.00, real=0.03 secs] 
2017-09-25T09:46:12.864+0900: 81324.923: [GC pause (G1 Evacuation Pause) (young), 0.0406441 secs]
   [Parallel Time: 37.8 ms, GC Workers: 2]
      [GC Worker Start (ms): Min: 81324923.1, Avg: 81324923.2, Max: 81324923.2, Diff: 0.1]
      [Ext Root Scanning (ms): Min: 1.9, Avg: 2.0, Max: 2.1, Diff: 0.2, Sum: 4.0]
      [Update RS (ms): Min: 4.1, Avg: 4.3, Max: 4.5, Diff: 0.4, Sum: 8.7]
         [Processed Buffers: Min: 12, Avg: 18.0, Max: 24, Diff: 12, Sum: 36]
      [Scan RS (ms): Min: 5.0, Avg: 5.5, Max: 5.9, Diff: 0.9, Sum: 11.0]
      [Code Root Scanning (ms): Min: 0.0, Avg: 0.0, Max: 0.0, Diff: 0.0, Sum: 0.0]
      [Object Copy (ms): Min: 25.6, Avg: 25.9, Max: 26.2, Diff: 0.6, Sum: 51.7]
      [Termination (ms): Min: 0.0, Avg: 0.0, Max: 0.0, Diff: 0.0, Sum: 0.0]
         [Termination Attempts: Min: 1, Avg: 1.0, Max: 1, Diff: 0, Sum: 2]
      [GC Worker Other (ms): Min: 0.0, Avg: 0.0, Max: 0.0, Diff: 0.0, Sum: 0.1]
      [GC Worker Total (ms): Min: 37.7, Avg: 37.7, Max: 37.8, Diff: 0.1, Sum: 75.5]
      [GC Worker End (ms): Min: 81324960.9, Avg: 81324960.9, Max: 81324960.9, Diff: 0.0]
   [Code Root Fixup: 0.2 ms]
   [Code Root Purge: 0.0 ms]
   [Clear CT: 0.4 ms]
   [Other: 2.3 ms]
      [Choose CSet: 0.0 ms]
      [Ref Proc: 0.7 ms]
      [Ref Enq: 0.0 ms]
      [Redirty Cards: 0.7 ms]
      [Humongous Register: 0.1 ms]
      [Humongous Reclaim: 0.0 ms]
      [Free CSet: 0.2 ms]
   [Eden: 48.0M(48.0M)->0.0B(45.0M) Survivors: 3072.0K->6144.0K Heap: 290.3M(1024.0M)->244.8M(1024.0M)]
 [Times: user=0.08 sys=0.00, real=0.04 secs] 
2017-09-25T09:47:51.283+0900: 81423.341: [GC pause (G1 Evacuation Pause) (young), 0.0503294 secs]
   [Parallel Time: 49.5 ms, GC Workers: 2]
      [GC Worker Start (ms): Min: 81423341.5, Avg: 81423341.6, Max: 81423341.6, Diff: 0.0]
      [Ext Root Scanning (ms): Min: 1.4, Avg: 1.5, Max: 1.5, Diff: 0.0, Sum: 2.9]
      [Update RS (ms): Min: 2.7, Avg: 4.6, Max: 6.5, Diff: 3.8, Sum: 9.2]
         [Processed Buffers: Min: 6, Avg: 17.5, Max: 29, Diff: 23, Sum: 35]
      [Scan RS (ms): Min: 16.8, Avg: 24.6, Max: 32.4, Diff: 15.7, Sum: 49.2]
      [Code Root Scanning (ms): Min: 0.0, Avg: 0.0, Max: 0.0, Diff: 0.0, Sum: 0.0]
      [Object Copy (ms): Min: 12.7, Avg: 15.1, Max: 17.4, Diff: 4.7, Sum: 30.1]
      [Termination (ms): Min: 0.0, Avg: 3.6, Max: 7.3, Diff: 7.3, Sum: 7.3]
         [Termination Attempts: Min: 1, Avg: 1.0, Max: 1, Diff: 0, Sum: 2]
      [GC Worker Other (ms): Min: 0.0, Avg: 0.0, Max: 0.0, Diff: 0.0, Sum: 0.0]
      [GC Worker Total (ms): Min: 49.3, Avg: 49.4, Max: 49.4, Diff: 0.1, Sum: 98.8]
      [GC Worker End (ms): Min: 81423390.9, Avg: 81423390.9, Max: 81423391.0, Diff: 0.1]
   [Code Root Fixup: 0.1 ms]
   [Code Root Purge: 0.0 ms]
   [Clear CT: 0.1 ms]
   [Other: 0.7 ms]
      [Choose CSet: 0.0 ms]
      [Ref Proc: 0.1 ms]
      [Ref Enq: 0.0 ms]
      [Redirty Cards: 0.1 ms]
      [Humongous Register: 0.1 ms]
      [Humongous Reclaim: 0.0 ms]
      [Free CSet: 0.1 ms]
   [Eden: 45.0M(45.0M)->0.0B(45.0M) Survivors: 6144.0K->6144.0K Heap: 289.8M(1024.0M)->246.9M(1024.0M)]
 [Times: user=0.04 sys=0.00, real=0.05 secs] 
2017-09-25T09:49:26.843+0900: 81518.902: [GC pause (G1 Evacuation Pause) (young), 0.0120059 secs]
   [Parallel Time: 11.2 ms, GC Workers: 2]
      [GC Worker Start (ms): Min: 81518902.2, Avg: 81518902.2, Max: 81518902.2, Diff: 0.0]
      [Ext Root Scanning (ms): Min: 1.0, Avg: 1.1, Max: 1.2, Diff: 0.1, Sum: 2.2]
      [Update RS (ms): Min: 1.0, Avg: 1.1, Max: 1.2, Diff: 0.3, Sum: 2.2]
         [Processed Buffers: Min: 3, Avg: 16.5, Max: 30, Diff: 27, Sum: 33]
      [Scan RS (ms): Min: 2.0, Avg: 2.0, Max: 2.0, Diff: 0.0, Sum: 4.0]
      [Code Root Scanning (ms): Min: 0.0, Avg: 0.0, Max: 0.0, Diff: 0.0, Sum: 0.0]
      [Object Copy (ms): Min: 6.8, Avg: 6.9, Max: 7.0, Diff: 0.2, Sum: 13.8]
      [Termination (ms): Min: 0.0, Avg: 0.0, Max: 0.0, Diff: 0.0, Sum: 0.0]
         [Termination Attempts: Min: 1, Avg: 1.0, Max: 1, Diff: 0, Sum: 2]
      [GC Worker Other (ms): Min: 0.0, Avg: 0.0, Max: 0.0, Diff: 0.0, Sum: 0.0]
      [GC Worker Total (ms): Min: 11.1, Avg: 11.1, Max: 11.1, Diff: 0.0, Sum: 22.2]
      [GC Worker End (ms): Min: 81518913.3, Avg: 81518913.3, Max: 81518913.3, Diff: 0.0]
   [Code Root Fixup: 0.0 ms]
   [Code Root Purge: 0.0 ms]
   [Clear CT: 0.1 ms]
   [Other: 0.7 ms]
      [Choose CSet: 0.0 ms]
      [Ref Proc: 0.2 ms]
      [Ref Enq: 0.0 ms]
      [Redirty Cards: 0.2 ms]
      [Humongous Register: 0.1 ms]
      [Humongous Reclaim: 0.0 ms]
      [Free CSet: 0.0 ms]
   [Eden: 45.0M(45.0M)->0.0B(46.0M) Survivors: 6144.0K->5120.0K Heap: 291.9M(1024.0M)->249.5M(1024.0M)]
 [Times: user=0.02 sys=0.00, real=0.01 secs] 
2017-09-25T09:51:04.753+0900: 81616.812: [GC pause (G1 Evacuation Pause) (young), 0.0378853 secs]
   [Parallel Time: 36.9 ms, GC Workers: 2]
      [GC Worker Start (ms): Min: 81616811.9, Avg: 81616812.3, Max: 81616812.8, Diff: 0.9]
      [Ext Root Scanning (ms): Min: 1.0, Avg: 1.5, Max: 2.0, Diff: 0.9, Sum: 3.0]
      [Update RS (ms): Min: 3.0, Avg: 3.1, Max: 3.2, Diff: 0.1, Sum: 6.2]
         [Processed Buffers: Min: 9, Avg: 17.0, Max: 25, Diff: 16, Sum: 34]
      [Scan RS (ms): Min: 2.5, Avg: 2.6, Max: 2.6, Diff: 0.1, Sum: 5.1]
      [Code Root Scanning (ms): Min: 0.0, Avg: 0.0, Max: 0.0, Diff: 0.0, Sum: 0.0]
      [Object Copy (ms): Min: 23.7, Avg: 26.4, Max: 29.1, Diff: 5.4, Sum: 52.8]
      [Termination (ms): Min: 0.0, Avg: 2.8, Max: 5.5, Diff: 5.5, Sum: 5.5]
         [Termination Attempts: Min: 1, Avg: 1.0, Max: 1, Diff: 0, Sum: 2]
      [GC Worker Other (ms): Min: 0.0, Avg: 0.0, Max: 0.0, Diff: 0.0, Sum: 0.0]
      [GC Worker Total (ms): Min: 35.8, Avg: 36.3, Max: 36.8, Diff: 1.0, Sum: 72.7]
      [GC Worker End (ms): Min: 81616848.6, Avg: 81616848.7, Max: 81616848.7, Diff: 0.1]
   [Code Root Fixup: 0.0 ms]
   [Code Root Purge: 0.0 ms]
   [Clear CT: 0.3 ms]
   [Other: 0.7 ms]
      [Choose CSet: 0.0 ms]
      [Ref Proc: 0.2 ms]
      [Ref Enq: 0.0 ms]
      [Redirty Cards: 0.1 ms]
      [Humongous Register: 0.0 ms]
      [Humongous Reclaim: 0.0 ms]
      [Free CSet: 0.0 ms]
   [Eden: 46.0M(46.0M)->0.0B(47.0M) Survivors: 5120.0K->4096.0K Heap: 295.5M(1024.0M)->249.0M(1024.0M)]
 [Times: user=0.04 sys=0.00, real=0.04 secs] 
2017-09-25T09:52:44.780+0900: 81716.839: [GC pause (G1 Evacuation Pause) (young), 0.0324818 secs]
   [Parallel Time: 30.9 ms, GC Workers: 2]
      [GC Worker Start (ms): Min: 81716839.3, Avg: 81716839.4, Max: 81716839.5, Diff: 0.2]
      [Ext Root Scanning (ms): Min: 1.9, Avg: 2.0, Max: 2.1, Diff: 0.2, Sum: 4.0]
      [Update RS (ms): Min: 3.9, Avg: 4.4, Max: 4.8, Diff: 0.9, Sum: 8.7]
         [Processed Buffers: Min: 10, Avg: 16.0, Max: 22, Diff: 12, Sum: 32]
      [Scan RS (ms): Min: 6.0, Avg: 6.5, Max: 6.9, Diff: 0.9, Sum: 12.9]
      [Code Root Scanning (ms): Min: 0.0, Avg: 0.0, Max: 0.0, Diff: 0.0, Sum: 0.0]
      [Object Copy (ms): Min: 16.9, Avg: 17.8, Max: 18.7, Diff: 1.8, Sum: 35.6]
      [Termination (ms): Min: 0.0, Avg: 0.0, Max: 0.0, Diff: 0.0, Sum: 0.0]
         [Termination Attempts: Min: 2, Avg: 2.5, Max: 3, Diff: 1, Sum: 5]
      [GC Worker Other (ms): Min: 0.0, Avg: 0.0, Max: 0.1, Diff: 0.0, Sum: 0.1]
      [GC Worker Total (ms): Min: 30.6, Avg: 30.7, Max: 30.8, Diff: 0.2, Sum: 61.4]
      [GC Worker End (ms): Min: 81716870.1, Avg: 81716870.1, Max: 81716870.1, Diff: 0.0]
   [Code Root Fixup: 0.1 ms]
   [Code Root Purge: 0.0 ms]
   [Clear CT: 0.2 ms]
   [Other: 1.3 ms]
      [Choose CSet: 0.0 ms]
      [Ref Proc: 0.4 ms]
      [Ref Enq: 0.0 ms]
      [Redirty Cards: 0.3 ms]
      [Humongous Register: 0.1 ms]
      [Humongous Reclaim: 0.0 ms]
      [Free CSet: 0.1 ms]
   [Eden: 47.0M(47.0M)->0.0B(45.0M) Survivors: 4096.0K->6144.0K Heap: 296.0M(1024.0M)->251.0M(1024.0M)]
 [Times: user=0.06 sys=0.00, real=0.04 secs] 
2017-09-25T09:54:19.671+0900: 81811.729: [GC pause (G1 Evacuation Pause) (young), 0.0576224 secs]
   [Parallel Time: 52.6 ms, GC Workers: 2]
      [GC Worker Start (ms): Min: 81811729.3, Avg: 81811729.3, Max: 81811729.4, Diff: 0.1]
      [Ext Root Scanning (ms): Min: 1.4, Avg: 1.5, Max: 1.6, Diff: 0.2, Sum: 3.0]
      [Update RS (ms): Min: 1.8, Avg: 1.8, Max: 1.8, Diff: 0.0, Sum: 3.6]
         [Processed Buffers: Min: 14, Avg: 15.0, Max: 16, Diff: 2, Sum: 30]
      [Scan RS (ms): Min: 2.6, Avg: 2.6, Max: 2.6, Diff: 0.0, Sum: 5.2]
      [Code Root Scanning (ms): Min: 0.0, Avg: 0.0, Max: 0.0, Diff: 0.0, Sum: 0.0]
      [Object Copy (ms): Min: 43.7, Avg: 45.0, Max: 46.3, Diff: 2.6, Sum: 90.1]
      [Termination (ms): Min: 0.0, Avg: 1.4, Max: 2.7, Diff: 2.7, Sum: 2.7]
         [Termination Attempts: Min: 1, Avg: 1.0, Max: 1, Diff: 0, Sum: 2]
      [GC Worker Other (ms): Min: 0.0, Avg: 0.0, Max: 0.0, Diff: 0.0, Sum: 0.0]
      [GC Worker Total (ms): Min: 52.2, Avg: 52.3, Max: 52.5, Diff: 0.3, Sum: 104.7]
      [GC Worker End (ms): Min: 81811781.6, Avg: 81811781.7, Max: 81811781.8, Diff: 0.2]
   [Code Root Fixup: 0.1 ms]
   [Code Root Purge: 0.0 ms]
   [Clear CT: 0.2 ms]
   [Other: 4.6 ms]
      [Choose CSet: 0.0 ms]
      [Ref Proc: 3.7 ms]
      [Ref Enq: 0.0 ms]
      [Redirty Cards: 0.4 ms]
      [Humongous Register: 0.1 ms]
      [Humongous Reclaim: 0.0 ms]
      [Free CSet: 0.1 ms]
   [Eden: 45.0M(45.0M)->0.0B(48.0M) Survivors: 6144.0K->3072.0K Heap: 296.0M(1024.0M)->249.2M(1024.0M)]
 [Times: user=0.05 sys=0.01, real=0.05 secs] 
2017-09-25T09:56:01.804+0900: 81913.862: [GC pause (G1 Evacuation Pause) (young), 0.0421502 secs]
   [Parallel Time: 39.7 ms, GC Workers: 2]
      [GC Worker Start (ms): Min: 81913862.7, Avg: 81913862.7, Max: 81913862.8, Diff: 0.2]
      [Ext Root Scanning (ms): Min: 1.8, Avg: 1.9, Max: 2.0, Diff: 0.3, Sum: 3.8]
      [Update RS (ms): Min: 3.7, Avg: 3.9, Max: 4.2, Diff: 0.5, Sum: 7.9]
         [Processed Buffers: Min: 9, Avg: 16.0, Max: 23, Diff: 14, Sum: 32]
      [Scan RS (ms): Min: 6.1, Avg: 6.5, Max: 6.8, Diff: 0.6, Sum: 12.9]
      [Code Root Scanning (ms): Min: 0.0, Avg: 0.0, Max: 0.0, Diff: 0.0, Sum: 0.0]
      [Object Copy (ms): Min: 26.9, Avg: 26.9, Max: 27.0, Diff: 0.1, Sum: 53.9]
      [Termination (ms): Min: 0.0, Avg: 0.1, Max: 0.3, Diff: 0.3, Sum: 0.3]
         [Termination Attempts: Min: 1, Avg: 1.0, Max: 1, Diff: 0, Sum: 2]
      [GC Worker Other (ms): Min: 0.0, Avg: 0.0, Max: 0.1, Diff: 0.0, Sum: 0.1]
      [GC Worker Total (ms): Min: 39.2, Avg: 39.4, Max: 39.6, Diff: 0.3, Sum: 78.8]
      [GC Worker End (ms): Min: 81913902.1, Avg: 81913902.1, Max: 81913902.2, Diff: 0.2]
   [Code Root Fixup: 0.1 ms]
   [Code Root Purge: 0.0 ms]
   [Clear CT: 0.1 ms]
   [Other: 2.2 ms]
      [Choose CSet: 0.0 ms]
      [Ref Proc: 1.1 ms]
      [Ref Enq: 0.0 ms]
      [Redirty Cards: 0.3 ms]
      [Humongous Register: 0.1 ms]
      [Humongous Reclaim: 0.0 ms]
      [Free CSet: 0.1 ms]
   [Eden: 48.0M(48.0M)->0.0B(46.0M) Survivors: 3072.0K->5120.0K Heap: 297.2M(1024.0M)->251.2M(1024.0M)]
 [Times: user=0.05 sys=0.00, real=0.04 secs] 
2017-09-25T09:57:38.936+0900: 82010.995: [GC pause (G1 Evacuation Pause) (young), 0.0415803 secs]
   [Parallel Time: 38.6 ms, GC Workers: 2]
      [GC Worker Start (ms): Min: 82010995.0, Avg: 82010995.9, Max: 82010996.7, Diff: 1.8]
      [Ext Root Scanning (ms): Min: 0.6, Avg: 1.4, Max: 2.3, Diff: 1.7, Sum: 2.8]
      [Update RS (ms): Min: 1.9, Avg: 2.0, Max: 2.0, Diff: 0.1, Sum: 4.0]
         [Processed Buffers: Min: 6, Avg: 16.0, Max: 26, Diff: 20, Sum: 32]
      [Scan RS (ms): Min: 5.2, Avg: 5.2, Max: 5.3, Diff: 0.1, Sum: 10.5]
      [Code Root Scanning (ms): Min: 0.0, Avg: 0.0, Max: 0.0, Diff: 0.0, Sum: 0.0]
      [Object Copy (ms): Min: 29.0, Avg: 29.0, Max: 29.0, Diff: 0.0, Sum: 58.0]
      [Termination (ms): Min: 0.0, Avg: 0.0, Max: 0.0, Diff: 0.0, Sum: 0.0]
         [Termination Attempts: Min: 1, Avg: 1.0, Max: 1, Diff: 0, Sum: 2]
      [GC Worker Other (ms): Min: 0.0, Avg: 0.0, Max: 0.0, Diff: 0.0, Sum: 0.0]
      [GC Worker Total (ms): Min: 36.8, Avg: 37.7, Max: 38.5, Diff: 1.8, Sum: 75.3]
      [GC Worker End (ms): Min: 82011033.5, Avg: 82011033.5, Max: 82011033.5, Diff: 0.0]
   [Code Root Fixup: 0.1 ms]
   [Code Root Purge: 0.0 ms]
   [Clear CT: 0.1 ms]
   [Other: 2.8 ms]
      [Choose CSet: 0.0 ms]
      [Ref Proc: 0.5 ms]
      [Ref Enq: 0.0 ms]
      [Redirty Cards: 0.5 ms]
      [Humongous Register: 0.0 ms]
      [Humongous Reclaim: 0.0 ms]
      [Free CSet: 0.5 ms]
   [Eden: 46.0M(46.0M)->0.0B(44.0M) Survivors: 5120.0K->7168.0K Heap: 297.2M(1024.0M)->253.2M(1024.0M)]
 [Times: user=0.04 sys=0.00, real=0.04 secs] 
2017-09-25T09:59:12.035+0900: 82104.094: [GC pause (G1 Evacuation Pause) (young), 0.0758678 secs]
   [Parallel Time: 65.1 ms, GC Workers: 2]
      [GC Worker Start (ms): Min: 82104094.1, Avg: 82104094.2, Max: 82104094.2, Diff: 0.1]
      [Ext Root Scanning (ms): Min: 2.2, Avg: 2.3, Max: 2.3, Diff: 0.2, Sum: 4.5]
      [Update RS (ms): Min: 3.6, Avg: 4.8, Max: 6.0, Diff: 2.4, Sum: 9.6]
         [Processed Buffers: Min: 11, Avg: 16.0, Max: 21, Diff: 10, Sum: 32]
      [Scan RS (ms): Min: 4.3, Avg: 5.1, Max: 6.0, Diff: 1.7, Sum: 10.2]
      [Code Root Scanning (ms): Min: 0.0, Avg: 0.0, Max: 0.0, Diff: 0.0, Sum: 0.0]
      [Object Copy (ms): Min: 44.6, Avg: 48.8, Max: 52.9, Diff: 8.3, Sum: 97.6]
      [Termination (ms): Min: 0.0, Avg: 4.0, Max: 7.9, Diff: 7.9, Sum: 7.9]
         [Termination Attempts: Min: 1, Avg: 1.0, Max: 1, Diff: 0, Sum: 2]
      [GC Worker Other (ms): Min: 0.0, Avg: 0.0, Max: 0.0, Diff: 0.0, Sum: 0.0]
      [GC Worker Total (ms): Min: 64.9, Avg: 64.9, Max: 65.0, Diff: 0.1, Sum: 129.9]
      [GC Worker End (ms): Min: 82104159.0, Avg: 82104159.1, Max: 82104159.2, Diff: 0.2]
   [Code Root Fixup: 0.0 ms]
   [Code Root Purge: 0.0 ms]
   [Clear CT: 0.0 ms]
   [Other: 10.7 ms]
      [Choose CSet: 0.0 ms]
      [Ref Proc: 10.1 ms]
      [Ref Enq: 0.0 ms]
      [Redirty Cards: 0.0 ms]
      [Humongous Register: 0.1 ms]
      [Humongous Reclaim: 0.0 ms]
      [Free CSet: 0.0 ms]
   [Eden: 44.0M(44.0M)->0.0B(48.0M) Survivors: 7168.0K->3072.0K Heap: 297.2M(1024.0M)->251.2M(1024.0M)]
 [Times: user=0.05 sys=0.01, real=0.08 secs] 
2017-09-25T10:00:53.813+0900: 82205.872: [GC pause (G1 Evacuation Pause) (young), 0.0174209 secs]
   [Parallel Time: 16.2 ms, GC Workers: 2]
      [GC Worker Start (ms): Min: 82205871.9, Avg: 82205873.8, Max: 82205875.7, Diff: 3.8]
      [Ext Root Scanning (ms): Min: 0.0, Avg: 0.6, Max: 1.1, Diff: 1.1, Sum: 1.1]
      [Update RS (ms): Min: 0.0, Avg: 0.8, Max: 1.7, Diff: 1.7, Sum: 1.7]
         [Processed Buffers: Min: 0, Avg: 18.0, Max: 36, Diff: 36, Sum: 36]
      [Scan RS (ms): Min: 0.7, Avg: 3.4, Max: 6.1, Diff: 5.3, Sum: 6.8]
      [Code Root Scanning (ms): Min: 0.0, Avg: 0.0, Max: 0.0, Diff: 0.0, Sum: 0.0]
      [Object Copy (ms): Min: 7.2, Avg: 9.2, Max: 11.1, Diff: 3.8, Sum: 18.3]
      [Termination (ms): Min: 0.0, Avg: 0.2, Max: 0.4, Diff: 0.4, Sum: 0.4]
         [Termination Attempts: Min: 1, Avg: 1.0, Max: 1, Diff: 0, Sum: 2]
      [GC Worker Other (ms): Min: 0.0, Avg: 0.0, Max: 0.0, Diff: 0.0, Sum: 0.0]
      [GC Worker Total (ms): Min: 12.3, Avg: 14.2, Max: 16.1, Diff: 3.8, Sum: 28.4]
      [GC Worker End (ms): Min: 82205888.0, Avg: 82205888.0, Max: 82205888.0, Diff: 0.0]
   [Code Root Fixup: 0.1 ms]
   [Code Root Purge: 0.0 ms]
   [Clear CT: 0.3 ms]
   [Other: 0.9 ms]
      [Choose CSet: 0.0 ms]
      [Ref Proc: 0.6 ms]
      [Ref Enq: 0.0 ms]
      [Redirty Cards: 0.1 ms]
      [Humongous Register: 0.0 ms]
      [Humongous Reclaim: 0.0 ms]
      [Free CSet: 0.0 ms]
   [Eden: 48.0M(48.0M)->0.0B(46.0M) Survivors: 3072.0K->5120.0K Heap: 299.2M(1024.0M)->253.2M(1024.0M)]
 [Times: user=0.01 sys=0.00, real=0.02 secs] 
2017-09-25T10:02:31.593+0900: 82303.652: [GC pause (G1 Evacuation Pause) (young), 0.0871668 secs]
   [Parallel Time: 85.5 ms, GC Workers: 2]
      [GC Worker Start (ms): Min: 82303652.0, Avg: 82303661.0, Max: 82303670.1, Diff: 18.1]
      [Ext Root Scanning (ms): Min: 1.4, Avg: 14.2, Max: 27.0, Diff: 25.6, Sum: 28.4]
      [Update RS (ms): Min: 15.7, Avg: 16.1, Max: 16.6, Diff: 0.9, Sum: 32.3]
         [Processed Buffers: Min: 0, Avg: 16.5, Max: 33, Diff: 33, Sum: 33]
      [Scan RS (ms): Min: 2.0, Avg: 6.1, Max: 10.3, Diff: 8.3, Sum: 12.3]
      [Code Root Scanning (ms): Min: 0.0, Avg: 0.0, Max: 0.0, Diff: 0.0, Sum: 0.0]
      [Object Copy (ms): Min: 39.1, Avg: 39.4, Max: 39.7, Diff: 0.6, Sum: 78.7]
      [Termination (ms): Min: 0.0, Avg: 0.3, Max: 0.6, Diff: 0.6, Sum: 0.6]
         [Termination Attempts: Min: 1, Avg: 1.0, Max: 1, Diff: 0, Sum: 2]
      [GC Worker Other (ms): Min: 0.0, Avg: 0.0, Max: 0.0, Diff: 0.0, Sum: 0.0]
      [GC Worker Total (ms): Min: 67.1, Avg: 76.2, Max: 85.3, Diff: 18.1, Sum: 152.4]
      [GC Worker End (ms): Min: 82303737.2, Avg: 82303737.2, Max: 82303737.2, Diff: 0.1]
   [Code Root Fixup: 0.0 ms]
   [Code Root Purge: 0.0 ms]
   [Clear CT: 0.1 ms]
   [Other: 1.5 ms]
      [Choose CSet: 0.0 ms]
      [Ref Proc: 0.3 ms]
      [Ref Enq: 0.0 ms]
      [Redirty Cards: 0.4 ms]
      [Humongous Register: 0.1 ms]
      [Humongous Reclaim: 0.0 ms]
      [Free CSet: 0.0 ms]
   [Eden: 46.0M(46.0M)->0.0B(48.0M) Survivors: 5120.0K->3072.0K Heap: 299.2M(1024.0M)->251.9M(1024.0M)]
 [Times: user=0.02 sys=0.01, real=0.08 secs] 
2017-09-25T10:04:13.100+0900: 82405.159: [GC pause (G1 Evacuation Pause) (young), 0.0475175 secs]
   [Parallel Time: 46.5 ms, GC Workers: 2]
      [GC Worker Start (ms): Min: 82405159.2, Avg: 82405159.2, Max: 82405159.3, Diff: 0.1]
      [Ext Root Scanning (ms): Min: 1.9, Avg: 2.0, Max: 2.1, Diff: 0.1, Sum: 4.0]
      [Update RS (ms): Min: 4.5, Avg: 4.9, Max: 5.4, Diff: 0.9, Sum: 9.9]
         [Processed Buffers: Min: 6, Avg: 16.0, Max: 26, Diff: 20, Sum: 32]
      [Scan RS (ms): Min: 4.9, Avg: 5.4, Max: 5.9, Diff: 1.0, Sum: 10.7]
      [Code Root Scanning (ms): Min: 0.0, Avg: 0.0, Max: 0.0, Diff: 0.0, Sum: 0.0]
      [Object Copy (ms): Min: 26.8, Avg: 26.8, Max: 26.9, Diff: 0.1, Sum: 53.7]
      [Termination (ms): Min: 0.0, Avg: 0.0, Max: 0.0, Diff: 0.0, Sum: 0.0]
         [Termination Attempts: Min: 1, Avg: 1.0, Max: 1, Diff: 0, Sum: 2]
      [GC Worker Other (ms): Min: 0.0, Avg: 0.0, Max: 0.0, Diff: 0.0, Sum: 0.1]
      [GC Worker Total (ms): Min: 39.1, Avg: 39.2, Max: 39.3, Diff: 0.1, Sum: 78.4]
      [GC Worker End (ms): Min: 82405198.4, Avg: 82405198.4, Max: 82405198.4, Diff: 0.0]
   [Code Root Fixup: 0.1 ms]
   [Code Root Purge: 0.0 ms]
   [Clear CT: 0.1 ms]
   [Other: 0.9 ms]
      [Choose CSet: 0.0 ms]
      [Ref Proc: 0.2 ms]
      [Ref Enq: 0.0 ms]
      [Redirty Cards: 0.1 ms]
      [Humongous Register: 0.1 ms]
      [Humongous Reclaim: 0.0 ms]
      [Free CSet: 0.1 ms]
   [Eden: 48.0M(48.0M)->0.0B(47.0M) Survivors: 3072.0K->4096.0K Heap: 299.9M(1024.0M)->253.4M(1024.0M)]
 [Times: user=0.04 sys=0.00, real=0.05 secs] 
2017-09-25T10:05:52.274+0900: 82504.333: [GC pause (G1 Evacuation Pause) (young), 0.0113553 secs]
   [Parallel Time: 10.8 ms, GC Workers: 2]
      [GC Worker Start (ms): Min: 82504333.1, Avg: 82504333.1, Max: 82504333.1, Diff: 0.0]
      [Ext Root Scanning (ms): Min: 0.5, Avg: 0.6, Max: 0.6, Diff: 0.0, Sum: 1.1]
      [Update RS (ms): Min: 0.6, Avg: 0.6, Max: 0.6, Diff: 0.0, Sum: 1.2]
         [Processed Buffers: Min: 12, Avg: 16.5, Max: 21, Diff: 9, Sum: 33]
      [Scan RS (ms): Min: 1.5, Avg: 1.5, Max: 1.6, Diff: 0.1, Sum: 3.1]
      [Code Root Scanning (ms): Min: 0.0, Avg: 0.0, Max: 0.0, Diff: 0.0, Sum: 0.0]
      [Object Copy (ms): Min: 8.0, Avg: 8.0, Max: 8.1, Diff: 0.1, Sum: 16.1]
      [Termination (ms): Min: 0.0, Avg: 0.0, Max: 0.0, Diff: 0.0, Sum: 0.0]
         [Termination Attempts: Min: 1, Avg: 1.0, Max: 1, Diff: 0, Sum: 2]
      [GC Worker Other (ms): Min: 0.0, Avg: 0.0, Max: 0.0, Diff: 0.0, Sum: 0.0]
      [GC Worker Total (ms): Min: 10.7, Avg: 10.7, Max: 10.7, Diff: 0.0, Sum: 21.4]
      [GC Worker End (ms): Min: 82504343.8, Avg: 82504343.8, Max: 82504343.8, Diff: 0.0]
   [Code Root Fixup: 0.0 ms]
   [Code Root Purge: 0.0 ms]
   [Clear CT: 0.0 ms]
   [Other: 0.5 ms]
      [Choose CSet: 0.0 ms]
      [Ref Proc: 0.1 ms]
      [Ref Enq: 0.0 ms]
      [Redirty Cards: 0.0 ms]
      [Humongous Register: 0.0 ms]
      [Humongous Reclaim: 0.1 ms]
      [Free CSet: 0.0 ms]
   [Eden: 47.0M(47.0M)->0.0B(45.0M) Survivors: 4096.0K->6144.0K Heap: 300.4M(1024.0M)->255.4M(1024.0M)]
 [Times: user=0.02 sys=0.00, real=0.01 secs] 
2017-09-25T10:07:27.386+0900: 82599.444: [GC pause (G1 Evacuation Pause) (young), 0.0353553 secs]
   [Parallel Time: 34.9 ms, GC Workers: 2]
      [GC Worker Start (ms): Min: 82599444.2, Avg: 82599444.2, Max: 82599444.2, Diff: 0.0]
      [Ext Root Scanning (ms): Min: 0.6, Avg: 0.6, Max: 0.6, Diff: 0.0, Sum: 1.2]
      [Update RS (ms): Min: 1.0, Avg: 1.0, Max: 1.0, Diff: 0.1, Sum: 2.0]
         [Processed Buffers: Min: 13, Avg: 17.0, Max: 21, Diff: 8, Sum: 34]
      [Scan RS (ms): Min: 0.8, Avg: 0.9, Max: 0.9, Diff: 0.1, Sum: 1.7]
      [Code Root Scanning (ms): Min: 0.0, Avg: 0.0, Max: 0.0, Diff: 0.0, Sum: 0.0]
      [Object Copy (ms): Min: 29.4, Avg: 30.9, Max: 32.4, Diff: 3.0, Sum: 61.7]
      [Termination (ms): Min: 0.0, Avg: 1.5, Max: 3.0, Diff: 3.0, Sum: 3.0]
         [Termination Attempts: Min: 1, Avg: 1.0, Max: 1, Diff: 0, Sum: 2]
      [GC Worker Other (ms): Min: 0.0, Avg: 0.0, Max: 0.0, Diff: 0.0, Sum: 0.0]
      [GC Worker Total (ms): Min: 34.8, Avg: 34.8, Max: 34.8, Diff: 0.0, Sum: 69.6]
      [GC Worker End (ms): Min: 82599479.0, Avg: 82599479.0, Max: 82599479.0, Diff: 0.0]
   [Code Root Fixup: 0.0 ms]
   [Code Root Purge: 0.0 ms]
   [Clear CT: 0.0 ms]
   [Other: 0.4 ms]
      [Choose CSet: 0.0 ms]
      [Ref Proc: 0.1 ms]
      [Ref Enq: 0.0 ms]
      [Redirty Cards: 0.0 ms]
      [Humongous Register: 0.0 ms]
      [Humongous Reclaim: 0.0 ms]
      [Free CSet: 0.0 ms]
   [Eden: 45.0M(45.0M)->0.0B(48.0M) Survivors: 6144.0K->3072.0K Heap: 300.4M(1024.0M)->253.9M(1024.0M)]
 [Times: user=0.02 sys=0.00, real=0.03 secs] 
2017-09-25T10:09:09.491+0900: 82701.550: [GC pause (G1 Evacuation Pause) (young), 0.0202787 secs]
   [Parallel Time: 6.7 ms, GC Workers: 2]
      [GC Worker Start (ms): Min: 82701549.6, Avg: 82701549.6, Max: 82701549.6, Diff: 0.0]
      [Ext Root Scanning (ms): Min: 0.6, Avg: 0.7, Max: 0.7, Diff: 0.1, Sum: 1.3]
      [Update RS (ms): Min: 1.1, Avg: 1.1, Max: 1.1, Diff: 0.0, Sum: 2.2]
         [Processed Buffers: Min: 14, Avg: 18.5, Max: 23, Diff: 9, Sum: 37]
      [Scan RS (ms): Min: 0.6, Avg: 0.7, Max: 0.7, Diff: 0.0, Sum: 1.3]
      [Code Root Scanning (ms): Min: 0.0, Avg: 0.0, Max: 0.0, Diff: 0.0, Sum: 0.0]
      [Object Copy (ms): Min: 4.2, Avg: 4.2, Max: 4.3, Diff: 0.0, Sum: 8.5]
      [Termination (ms): Min: 0.0, Avg: 0.0, Max: 0.0, Diff: 0.0, Sum: 0.0]
         [Termination Attempts: Min: 1, Avg: 1.0, Max: 1, Diff: 0, Sum: 2]
      [GC Worker Other (ms): Min: 0.0, Avg: 0.0, Max: 0.0, Diff: 0.0, Sum: 0.0]
      [GC Worker Total (ms): Min: 6.6, Avg: 6.6, Max: 6.6, Diff: 0.0, Sum: 13.3]
      [GC Worker End (ms): Min: 82701556.3, Avg: 82701556.3, Max: 82701556.3, Diff: 0.0]
   [Code Root Fixup: 0.1 ms]
   [Code Root Purge: 0.0 ms]
   [Clear CT: 0.1 ms]
   [Other: 13.5 ms]
      [Choose CSet: 0.0 ms]
      [Ref Proc: 13.0 ms]
      [Ref Enq: 0.0 ms]
      [Redirty Cards: 0.1 ms]
      [Humongous Register: 0.0 ms]
      [Humongous Reclaim: 0.0 ms]
      [Free CSet: 0.1 ms]
   [Eden: 48.0M(48.0M)->0.0B(45.0M) Survivors: 3072.0K->6144.0K Heap: 301.9M(1024.0M)->256.4M(1024.0M)]
 [Times: user=0.02 sys=0.00, real=0.02 secs] 
2017-09-25T10:10:45.013+0900: 82797.072: [GC pause (G1 Evacuation Pause) (young), 0.0269564 secs]
   [Parallel Time: 25.0 ms, GC Workers: 2]
      [GC Worker Start (ms): Min: 82797071.9, Avg: 82797071.9, Max: 82797071.9, Diff: 0.0]
      [Ext Root Scanning (ms): Min: 0.9, Avg: 0.9, Max: 1.0, Diff: 0.0, Sum: 1.9]
      [Update RS (ms): Min: 1.9, Avg: 1.9, Max: 1.9, Diff: 0.0, Sum: 3.7]
         [Processed Buffers: Min: 14, Avg: 18.0, Max: 22, Diff: 8, Sum: 36]
      [Scan RS (ms): Min: 1.1, Avg: 1.1, Max: 1.1, Diff: 0.0, Sum: 2.2]
      [Code Root Scanning (ms): Min: 0.0, Avg: 0.0, Max: 0.0, Diff: 0.0, Sum: 0.0]
      [Object Copy (ms): Min: 19.8, Avg: 20.4, Max: 20.9, Diff: 1.1, Sum: 40.7]
      [Termination (ms): Min: 0.0, Avg: 0.5, Max: 1.1, Diff: 1.1, Sum: 1.1]
         [Termination Attempts: Min: 1, Avg: 1.0, Max: 1, Diff: 0, Sum: 2]
      [GC Worker Other (ms): Min: 0.0, Avg: 0.0, Max: 0.0, Diff: 0.0, Sum: 0.0]
      [GC Worker Total (ms): Min: 24.8, Avg: 24.8, Max: 24.8, Diff: 0.0, Sum: 49.7]
      [GC Worker End (ms): Min: 82797096.7, Avg: 82797096.7, Max: 82797096.7, Diff: 0.0]
   [Code Root Fixup: 0.1 ms]
   [Code Root Purge: 0.0 ms]
   [Clear CT: 0.2 ms]
   [Other: 1.8 ms]
      [Choose CSet: 0.0 ms]
      [Ref Proc: 1.3 ms]
      [Ref Enq: 0.0 ms]
      [Redirty Cards: 0.1 ms]
      [Humongous Register: 0.0 ms]
      [Humongous Reclaim: 0.0 ms]
      [Free CSet: 0.0 ms]
   [Eden: 45.0M(45.0M)->0.0B(48.0M) Survivors: 6144.0K->3072.0K Heap: 301.4M(1024.0M)->254.6M(1024.0M)]
 [Times: user=0.02 sys=0.01, real=0.02 secs] 
2017-09-25T10:12:24.219+0900: 82896.278: [GC pause (G1 Evacuation Pause) (young), 0.0497012 secs]
   [Parallel Time: 48.3 ms, GC Workers: 2]
      [GC Worker Start (ms): Min: 82896278.0, Avg: 82896280.1, Max: 82896282.2, Diff: 4.2]
      [Ext Root Scanning (ms): Min: 0.0, Avg: 0.5, Max: 0.9, Diff: 0.9, Sum: 0.9]
      [Update RS (ms): Min: 6.2, Avg: 10.5, Max: 14.8, Diff: 8.6, Sum: 20.9]
         [Processed Buffers: Min: 9, Avg: 19.5, Max: 30, Diff: 21, Sum: 39]
      [Scan RS (ms): Min: 13.2, Avg: 16.1, Max: 19.0, Diff: 5.8, Sum: 32.2]
      [Code Root Scanning (ms): Min: 0.0, Avg: 0.0, Max: 0.0, Diff: 0.0, Sum: 0.0]
      [Object Copy (ms): Min: 18.1, Avg: 18.7, Max: 19.4, Diff: 1.3, Sum: 37.5]
      [Termination (ms): Min: 0.0, Avg: 0.4, Max: 0.9, Diff: 0.9, Sum: 0.9]
         [Termination Attempts: Min: 1, Avg: 1.0, Max: 1, Diff: 0, Sum: 2]
      [GC Worker Other (ms): Min: 0.0, Avg: 0.0, Max: 0.0, Diff: 0.0, Sum: 0.0]
      [GC Worker Total (ms): Min: 44.1, Avg: 46.2, Max: 48.3, Diff: 4.2, Sum: 92.4]
      [GC Worker End (ms): Min: 82896326.3, Avg: 82896326.3, Max: 82896326.3, Diff: 0.0]
   [Code Root Fixup: 0.1 ms]
   [Code Root Purge: 0.0 ms]
   [Clear CT: 0.0 ms]
   [Other: 1.3 ms]
      [Choose CSet: 0.0 ms]
      [Ref Proc: 1.0 ms]
      [Ref Enq: 0.0 ms]
      [Redirty Cards: 0.0 ms]
      [Humongous Register: 0.0 ms]
      [Humongous Reclaim: 0.0 ms]
      [Free CSet: 0.0 ms]
   [Eden: 48.0M(48.0M)->0.0B(45.0M) Survivors: 3072.0K->6144.0K Heap: 302.6M(1024.0M)->257.6M(1024.0M)]
 [Times: user=0.04 sys=0.00, real=0.05 secs] 
2017-09-25T10:13:59.774+0900: 82991.833: [GC pause (G1 Evacuation Pause) (young), 0.0353660 secs]
   [Parallel Time: 34.2 ms, GC Workers: 2]
      [GC Worker Start (ms): Min: 82991833.3, Avg: 82991836.1, Max: 82991838.9, Diff: 5.5]
      [Ext Root Scanning (ms): Min: 0.0, Avg: 1.5, Max: 3.0, Diff: 2.9, Sum: 3.0]
      [Update RS (ms): Min: 2.2, Avg: 3.9, Max: 5.6, Diff: 3.4, Sum: 7.7]
         [Processed Buffers: Min: 3, Avg: 17.5, Max: 32, Diff: 29, Sum: 35]
      [Scan RS (ms): Min: 3.4, Avg: 3.9, Max: 4.4, Diff: 1.0, Sum: 7.8]
      [Code Root Scanning (ms): Min: 0.0, Avg: 0.0, Max: 0.0, Diff: 0.0, Sum: 0.0]
      [Object Copy (ms): Min: 21.6, Avg: 21.8, Max: 21.9, Diff: 0.2, Sum: 43.5]
      [Termination (ms): Min: 0.0, Avg: 0.0, Max: 0.1, Diff: 0.1, Sum: 0.1]
         [Termination Attempts: Min: 2, Avg: 2.5, Max: 3, Diff: 1, Sum: 5]
      [GC Worker Other (ms): Min: 0.0, Avg: 0.0, Max: 0.0, Diff: 0.0, Sum: 0.0]
      [GC Worker Total (ms): Min: 28.3, Avg: 31.1, Max: 33.9, Diff: 5.5, Sum: 62.2]
      [GC Worker End (ms): Min: 82991867.2, Avg: 82991867.2, Max: 82991867.2, Diff: 0.0]
   [Code Root Fixup: 0.1 ms]
   [Code Root Purge: 0.0 ms]
   [Clear CT: 0.1 ms]
   [Other: 1.0 ms]
      [Choose CSet: 0.0 ms]
      [Ref Proc: 0.3 ms]
      [Ref Enq: 0.0 ms]
      [Redirty Cards: 0.2 ms]
      [Humongous Register: 0.1 ms]
      [Humongous Reclaim: 0.0 ms]
      [Free CSet: 0.0 ms]
   [Eden: 45.0M(45.0M)->0.0B(46.0M) Survivors: 6144.0K->5120.0K Heap: 302.6M(1024.0M)->258.6M(1024.0M)]
 [Times: user=0.06 sys=0.00, real=0.03 secs] 
2017-09-25T10:15:37.263+0900: 83089.321: [GC pause (G1 Evacuation Pause) (young), 0.0287232 secs]
   [Parallel Time: 27.8 ms, GC Workers: 2]
      [GC Worker Start (ms): Min: 83089321.4, Avg: 83089321.4, Max: 83089321.4, Diff: 0.0]
      [Ext Root Scanning (ms): Min: 0.5, Avg: 0.6, Max: 0.6, Diff: 0.1, Sum: 1.1]
      [Update RS (ms): Min: 0.8, Avg: 0.8, Max: 0.8, Diff: 0.0, Sum: 1.6]
         [Processed Buffers: Min: 16, Avg: 17.5, Max: 19, Diff: 3, Sum: 35]
      [Scan RS (ms): Min: 0.8, Avg: 0.8, Max: 0.8, Diff: 0.0, Sum: 1.5]
      [Code Root Scanning (ms): Min: 0.0, Avg: 0.0, Max: 0.0, Diff: 0.0, Sum: 0.0]
      [Object Copy (ms): Min: 18.2, Avg: 21.9, Max: 25.6, Diff: 7.4, Sum: 43.8]
      [Termination (ms): Min: 0.0, Avg: 3.7, Max: 7.3, Diff: 7.3, Sum: 7.3]
         [Termination Attempts: Min: 1, Avg: 1.0, Max: 1, Diff: 0, Sum: 2]
      [GC Worker Other (ms): Min: 0.0, Avg: 0.0, Max: 0.0, Diff: 0.0, Sum: 0.0]
      [GC Worker Total (ms): Min: 27.7, Avg: 27.7, Max: 27.7, Diff: 0.1, Sum: 55.4]
      [GC Worker End (ms): Min: 83089349.0, Avg: 83089349.1, Max: 83089349.1, Diff: 0.0]
   [Code Root Fixup: 0.0 ms]
   [Code Root Purge: 0.0 ms]
   [Clear CT: 0.1 ms]
   [Other: 0.9 ms]
      [Choose CSet: 0.0 ms]
      [Ref Proc: 0.1 ms]
      [Ref Enq: 0.0 ms]
      [Redirty Cards: 0.0 ms]
      [Humongous Register: 0.0 ms]
      [Humongous Reclaim: 0.0 ms]
      [Free CSet: 0.0 ms]
   [Eden: 46.0M(46.0M)->0.0B(48.0M) Survivors: 5120.0K->3072.0K Heap: 304.6M(1024.0M)->258.5M(1024.0M)]
 [Times: user=0.02 sys=0.01, real=0.03 secs] 
2017-09-25T10:17:19.140+0900: 83191.199: [GC pause (G1 Evacuation Pause) (young), 0.0065444 secs]
   [Parallel Time: 5.8 ms, GC Workers: 2]
      [GC Worker Start (ms): Min: 83191199.0, Avg: 83191199.0, Max: 83191199.1, Diff: 0.0]
      [Ext Root Scanning (ms): Min: 0.5, Avg: 0.5, Max: 0.6, Diff: 0.1, Sum: 1.0]
      [Update RS (ms): Min: 0.9, Avg: 0.9, Max: 1.0, Diff: 0.0, Sum: 1.9]
         [Processed Buffers: Min: 11, Avg: 17.0, Max: 23, Diff: 12, Sum: 34]
      [Scan RS (ms): Min: 0.3, Avg: 0.3, Max: 0.3, Diff: 0.0, Sum: 0.6]
      [Code Root Scanning (ms): Min: 0.0, Avg: 0.0, Max: 0.0, Diff: 0.0, Sum: 0.0]
      [Object Copy (ms): Min: 3.9, Avg: 3.9, Max: 3.9, Diff: 0.1, Sum: 7.8]
      [Termination (ms): Min: 0.0, Avg: 0.0, Max: 0.1, Diff: 0.1, Sum: 0.1]
         [Termination Attempts: Min: 1, Avg: 1.0, Max: 1, Diff: 0, Sum: 2]
      [GC Worker Other (ms): Min: 0.0, Avg: 0.0, Max: 0.0, Diff: 0.0, Sum: 0.0]
      [GC Worker Total (ms): Min: 5.7, Avg: 5.7, Max: 5.7, Diff: 0.0, Sum: 11.5]
      [GC Worker End (ms): Min: 83191204.8, Avg: 83191204.8, Max: 83191204.8, Diff: 0.0]
   [Code Root Fixup: 0.0 ms]
   [Code Root Purge: 0.0 ms]
   [Clear CT: 0.1 ms]
   [Other: 0.6 ms]
      [Choose CSet: 0.0 ms]
      [Ref Proc: 0.2 ms]
      [Ref Enq: 0.0 ms]
      [Redirty Cards: 0.2 ms]
      [Humongous Register: 0.0 ms]
      [Humongous Reclaim: 0.0 ms]
      [Free CSet: 0.0 ms]
   [Eden: 48.0M(48.0M)->0.0B(46.0M) Survivors: 3072.0K->5120.0K Heap: 306.5M(1024.0M)->260.0M(1024.0M)]
 [Times: user=0.01 sys=0.00, real=0.01 secs] 
2017-09-25T10:18:56.400+0900: 83288.459: [GC pause (G1 Evacuation Pause) (young), 0.0213205 secs]
   [Parallel Time: 20.0 ms, GC Workers: 2]
      [GC Worker Start (ms): Min: 83288459.0, Avg: 83288459.0, Max: 83288459.0, Diff: 0.0]
      [Ext Root Scanning (ms): Min: 0.5, Avg: 0.5, Max: 0.5, Diff: 0.0, Sum: 1.0]
      [Update RS (ms): Min: 0.8, Avg: 1.8, Max: 2.8, Diff: 1.9, Sum: 3.6]
         [Processed Buffers: Min: 17, Avg: 17.5, Max: 18, Diff: 1, Sum: 35]
      [Scan RS (ms): Min: 0.0, Avg: 0.2, Max: 0.4, Diff: 0.4, Sum: 0.4]
      [Code Root Scanning (ms): Min: 0.0, Avg: 0.0, Max: 0.0, Diff: 0.0, Sum: 0.0]
      [Object Copy (ms): Min: 16.5, Avg: 16.9, Max: 17.3, Diff: 0.8, Sum: 33.8]
      [Termination (ms): Min: 0.0, Avg: 0.4, Max: 0.8, Diff: 0.8, Sum: 0.8]
         [Termination Attempts: Min: 1, Avg: 1.0, Max: 1, Diff: 0, Sum: 2]
      [GC Worker Other (ms): Min: 0.0, Avg: 0.0, Max: 0.0, Diff: 0.0, Sum: 0.0]
      [GC Worker Total (ms): Min: 19.8, Avg: 19.9, Max: 19.9, Diff: 0.1, Sum: 39.8]
      [GC Worker End (ms): Min: 83288478.8, Avg: 83288478.9, Max: 83288478.9, Diff: 0.1]
   [Code Root Fixup: 0.0 ms]
   [Code Root Purge: 0.0 ms]
   [Clear CT: 0.1 ms]
   [Other: 1.2 ms]
      [Choose CSet: 0.0 ms]
      [Ref Proc: 0.6 ms]
      [Ref Enq: 0.0 ms]
      [Redirty Cards: 0.1 ms]
      [Humongous Register: 0.0 ms]
      [Humongous Reclaim: 0.0 ms]
      [Free CSet: 0.0 ms]
   [Eden: 46.0M(46.0M)->0.0B(48.0M) Survivors: 5120.0K->3072.0K Heap: 306.0M(1024.0M)->258.6M(1024.0M)]
 [Times: user=0.01 sys=0.00, real=0.03 secs] 
2017-09-25T10:20:38.346+0900: 83390.405: [GC pause (G1 Evacuation Pause) (young), 0.0360515 secs]
   [Parallel Time: 35.2 ms, GC Workers: 2]
      [GC Worker Start (ms): Min: 83390405.1, Avg: 83390408.2, Max: 83390411.3, Diff: 6.2]
      [Ext Root Scanning (ms): Min: 0.0, Avg: 0.7, Max: 1.5, Diff: 1.5, Sum: 1.5]
      [Update RS (ms): Min: 0.0, Avg: 2.0, Max: 4.0, Diff: 4.0, Sum: 4.0]
         [Processed Buffers: Min: 0, Avg: 19.0, Max: 38, Diff: 38, Sum: 38]
      [Scan RS (ms): Min: 0.9, Avg: 2.3, Max: 3.8, Diff: 2.9, Sum: 4.7]
      [Code Root Scanning (ms): Min: 0.0, Avg: 0.0, Max: 0.0, Diff: 0.0, Sum: 0.0]
      [Object Copy (ms): Min: 17.7, Avg: 18.4, Max: 19.1, Diff: 1.4, Sum: 36.9]
      [Termination (ms): Min: 0.0, Avg: 0.6, Max: 1.1, Diff: 1.1, Sum: 1.1]
         [Termination Attempts: Min: 1, Avg: 1.0, Max: 1, Diff: 0, Sum: 2]
      [GC Worker Other (ms): Min: 0.0, Avg: 0.0, Max: 0.0, Diff: 0.0, Sum: 0.0]
      [GC Worker Total (ms): Min: 21.2, Avg: 24.1, Max: 27.0, Diff: 5.8, Sum: 48.2]
      [GC Worker End (ms): Min: 83390432.1, Avg: 83390432.3, Max: 83390432.5, Diff: 0.4]
   [Code Root Fixup: 0.1 ms]
   [Code Root Purge: 0.0 ms]
   [Clear CT: 0.1 ms]
   [Other: 0.7 ms]
      [Choose CSet: 0.0 ms]
      [Ref Proc: 0.2 ms]
      [Ref Enq: 0.0 ms]
      [Redirty Cards: 0.1 ms]
      [Humongous Register: 0.0 ms]
      [Humongous Reclaim: 0.0 ms]
      [Free CSet: 0.1 ms]
   [Eden: 48.0M(48.0M)->0.0B(46.0M) Survivors: 3072.0K->5120.0K Heap: 306.6M(1024.0M)->260.6M(1024.0M)]
 [Times: user=0.03 sys=0.00, real=0.04 secs] 
2017-09-25T10:22:15.832+0900: 83487.891: [GC pause (G1 Evacuation Pause) (young), 0.0226324 secs]
   [Parallel Time: 14.7 ms, GC Workers: 2]
      [GC Worker Start (ms): Min: 83487890.7, Avg: 83487890.7, Max: 83487890.7, Diff: 0.0]
      [Ext Root Scanning (ms): Min: 0.5, Avg: 0.5, Max: 0.5, Diff: 0.0, Sum: 1.1]
      [Update RS (ms): Min: 0.9, Avg: 0.9, Max: 0.9, Diff: 0.0, Sum: 1.7]
         [Processed Buffers: Min: 18, Avg: 19.0, Max: 20, Diff: 2, Sum: 38]
      [Scan RS (ms): Min: 0.7, Avg: 0.9, Max: 1.0, Diff: 0.2, Sum: 1.7]
      [Code Root Scanning (ms): Min: 0.0, Avg: 0.0, Max: 0.0, Diff: 0.0, Sum: 0.0]
      [Object Copy (ms): Min: 12.1, Avg: 12.3, Max: 12.4, Diff: 0.3, Sum: 24.5]
      [Termination (ms): Min: 0.0, Avg: 0.0, Max: 0.1, Diff: 0.1, Sum: 0.1]
         [Termination Attempts: Min: 1, Avg: 1.0, Max: 1, Diff: 0, Sum: 2]
      [GC Worker Other (ms): Min: 0.0, Avg: 0.0, Max: 0.0, Diff: 0.0, Sum: 0.0]
      [GC Worker Total (ms): Min: 14.6, Avg: 14.6, Max: 14.6, Diff: 0.0, Sum: 29.1]
      [GC Worker End (ms): Min: 83487905.2, Avg: 83487905.2, Max: 83487905.2, Diff: 0.0]
   [Code Root Fixup: 0.0 ms]
   [Code Root Purge: 0.0 ms]
   [Clear CT: 0.0 ms]
   [Other: 7.8 ms]
      [Choose CSet: 0.0 ms]
      [Ref Proc: 7.2 ms]
      [Ref Enq: 0.0 ms]
      [Redirty Cards: 0.0 ms]
      [Humongous Register: 0.0 ms]
      [Humongous Reclaim: 0.0 ms]
      [Free CSet: 0.0 ms]
   [Eden: 46.0M(46.0M)->0.0B(45.0M) Survivors: 5120.0K->6144.0K Heap: 306.6M(1024.0M)->262.6M(1024.0M)]
 [Times: user=0.02 sys=0.00, real=0.02 secs] 
2017-09-25T10:23:50.828+0900: 83582.886: [GC pause (G1 Evacuation Pause) (young), 0.0416540 secs]
   [Parallel Time: 41.0 ms, GC Workers: 2]
      [GC Worker Start (ms): Min: 83582886.7, Avg: 83582886.9, Max: 83582887.1, Diff: 0.4]
      [Ext Root Scanning (ms): Min: 0.7, Avg: 0.9, Max: 1.1, Diff: 0.4, Sum: 1.9]
      [Update RS (ms): Min: 1.8, Avg: 1.8, Max: 1.8, Diff: 0.0, Sum: 3.7]
         [Processed Buffers: Min: 13, Avg: 19.0, Max: 25, Diff: 12, Sum: 38]
      [Scan RS (ms): Min: 1.0, Avg: 1.1, Max: 1.3, Diff: 0.3, Sum: 2.2]
      [Code Root Scanning (ms): Min: 0.0, Avg: 0.0, Max: 0.0, Diff: 0.0, Sum: 0.0]
      [Object Copy (ms): Min: 36.7, Avg: 36.8, Max: 37.0, Diff: 0.3, Sum: 73.7]
      [Termination (ms): Min: 0.0, Avg: 0.0, Max: 0.0, Diff: 0.0, Sum: 0.0]
         [Termination Attempts: Min: 1, Avg: 1.0, Max: 1, Diff: 0, Sum: 2]
      [GC Worker Other (ms): Min: 0.0, Avg: 0.0, Max: 0.0, Diff: 0.0, Sum: 0.0]
      [GC Worker Total (ms): Min: 40.5, Avg: 40.7, Max: 40.9, Diff: 0.4, Sum: 81.5]
      [GC Worker End (ms): Min: 83582927.6, Avg: 83582927.6, Max: 83582927.6, Diff: 0.0]
   [Code Root Fixup: 0.0 ms]
   [Code Root Purge: 0.0 ms]
   [Clear CT: 0.1 ms]
   [Other: 0.6 ms]
      [Choose CSet: 0.0 ms]
      [Ref Proc: 0.2 ms]
      [Ref Enq: 0.0 ms]
      [Redirty Cards: 0.1 ms]
      [Humongous Register: 0.0 ms]
      [Humongous Reclaim: 0.0 ms]
      [Free CSet: 0.0 ms]
   [Eden: 45.0M(45.0M)->0.0B(48.0M) Survivors: 6144.0K->3072.0K Heap: 307.6M(1024.0M)->261.5M(1024.0M)]
 [Times: user=0.01 sys=0.00, real=0.04 secs] 
2017-09-25T10:25:32.467+0900: 83684.525: [GC pause (G1 Evacuation Pause) (young), 0.0101666 secs]
   [Parallel Time: 9.2 ms, GC Workers: 2]
      [GC Worker Start (ms): Min: 83684525.3, Avg: 83684525.3, Max: 83684525.4, Diff: 0.0]
      [Ext Root Scanning (ms): Min: 0.5, Avg: 0.5, Max: 0.5, Diff: 0.0, Sum: 1.0]
      [Update RS (ms): Min: 1.6, Avg: 1.6, Max: 1.6, Diff: 0.0, Sum: 3.2]
         [Processed Buffers: Min: 15, Avg: 20.0, Max: 25, Diff: 10, Sum: 40]
      [Scan RS (ms): Min: 0.5, Avg: 0.5, Max: 0.5, Diff: 0.0, Sum: 1.1]
      [Code Root Scanning (ms): Min: 0.0, Avg: 0.0, Max: 0.0, Diff: 0.0, Sum: 0.0]
      [Object Copy (ms): Min: 4.6, Avg: 5.5, Max: 6.4, Diff: 1.8, Sum: 11.1]
      [Termination (ms): Min: 0.0, Avg: 0.9, Max: 1.8, Diff: 1.8, Sum: 1.8]
         [Termination Attempts: Min: 1, Avg: 1.0, Max: 1, Diff: 0, Sum: 2]
      [GC Worker Other (ms): Min: 0.0, Avg: 0.0, Max: 0.0, Diff: 0.0, Sum: 0.0]
      [GC Worker Total (ms): Min: 9.1, Avg: 9.1, Max: 9.1, Diff: 0.0, Sum: 18.1]
      [GC Worker End (ms): Min: 83684534.4, Avg: 83684534.4, Max: 83684534.4, Diff: 0.0]
   [Code Root Fixup: 0.0 ms]
   [Code Root Purge: 0.0 ms]
   [Clear CT: 0.2 ms]
   [Other: 0.8 ms]
      [Choose CSet: 0.0 ms]
      [Ref Proc: 0.3 ms]
      [Ref Enq: 0.0 ms]
      [Redirty Cards: 0.2 ms]
      [Humongous Register: 0.0 ms]
      [Humongous Reclaim: 0.0 ms]
      [Free CSet: 0.0 ms]
   [Eden: 48.0M(48.0M)->0.0B(46.0M) Survivors: 3072.0K->5120.0K Heap: 309.5M(1024.0M)->263.0M(1024.0M)]
 [Times: user=0.02 sys=0.00, real=0.01 secs] 
2017-09-25T10:27:10.224+0900: 83782.283: [GC pause (G1 Evacuation Pause) (young), 0.0119750 secs]
   [Parallel Time: 11.2 ms, GC Workers: 2]
      [GC Worker Start (ms): Min: 83782283.0, Avg: 83782283.0, Max: 83782283.1, Diff: 0.0]
      [Ext Root Scanning (ms): Min: 0.5, Avg: 0.5, Max: 0.6, Diff: 0.1, Sum: 1.1]
      [Update RS (ms): Min: 1.2, Avg: 1.2, Max: 1.2, Diff: 0.0, Sum: 2.4]
         [Processed Buffers: Min: 9, Avg: 20.5, Max: 32, Diff: 23, Sum: 41]
      [Scan RS (ms): Min: 0.2, Avg: 0.2, Max: 0.2, Diff: 0.0, Sum: 0.5]
      [Code Root Scanning (ms): Min: 0.0, Avg: 0.0, Max: 0.0, Diff: 0.0, Sum: 0.0]
      [Object Copy (ms): Min: 8.7, Avg: 8.9, Max: 9.2, Diff: 0.5, Sum: 17.9]
      [Termination (ms): Min: 0.0, Avg: 0.2, Max: 0.4, Diff: 0.4, Sum: 0.4]
         [Termination Attempts: Min: 1, Avg: 1.0, Max: 1, Diff: 0, Sum: 2]
      [GC Worker Other (ms): Min: 0.0, Avg: 0.0, Max: 0.0, Diff: 0.0, Sum: 0.0]
      [GC Worker Total (ms): Min: 11.1, Avg: 11.1, Max: 11.1, Diff: 0.0, Sum: 22.2]
      [GC Worker End (ms): Min: 83782294.2, Avg: 83782294.2, Max: 83782294.2, Diff: 0.0]
   [Code Root Fixup: 0.0 ms]
   [Code Root Purge: 0.0 ms]
   [Clear CT: 0.1 ms]
   [Other: 0.7 ms]
      [Choose CSet: 0.0 ms]
      [Ref Proc: 0.1 ms]
      [Ref Enq: 0.0 ms]
      [Redirty Cards: 0.1 ms]
      [Humongous Register: 0.0 ms]
      [Humongous Reclaim: 0.0 ms]
      [Free CSet: 0.0 ms]
   [Eden: 46.0M(46.0M)->0.0B(48.0M) Survivors: 5120.0K->3072.0K Heap: 309.0M(1024.0M)->261.8M(1024.0M)]
 [Times: user=0.01 sys=0.01, real=0.01 secs] 
2017-09-25T10:28:52.258+0900: 83884.317: [GC pause (G1 Evacuation Pause) (young), 0.0186212 secs]
   [Parallel Time: 13.5 ms, GC Workers: 2]
      [GC Worker Start (ms): Min: 83884317.2, Avg: 83884317.2, Max: 83884317.2, Diff: 0.0]
      [Ext Root Scanning (ms): Min: 0.9, Avg: 0.9, Max: 1.0, Diff: 0.1, Sum: 1.9]
      [Update RS (ms): Min: 2.9, Avg: 3.0, Max: 3.0, Diff: 0.1, Sum: 6.0]
         [Processed Buffers: Min: 14, Avg: 20.5, Max: 27, Diff: 13, Sum: 41]
      [Scan RS (ms): Min: 1.0, Avg: 1.3, Max: 1.6, Diff: 0.5, Sum: 2.6]
      [Code Root Scanning (ms): Min: 0.0, Avg: 0.0, Max: 0.0, Diff: 0.0, Sum: 0.0]
      [Object Copy (ms): Min: 7.7, Avg: 7.9, Max: 8.2, Diff: 0.5, Sum: 15.8]
      [Termination (ms): Min: 0.0, Avg: 0.0, Max: 0.0, Diff: 0.0, Sum: 0.0]
         [Termination Attempts: Min: 1, Avg: 2.5, Max: 4, Diff: 3, Sum: 5]
      [GC Worker Other (ms): Min: 0.0, Avg: 0.0, Max: 0.0, Diff: 0.0, Sum: 0.0]
      [GC Worker Total (ms): Min: 13.1, Avg: 13.2, Max: 13.2, Diff: 0.0, Sum: 26.3]
      [GC Worker End (ms): Min: 83884330.3, Avg: 83884330.3, Max: 83884330.3, Diff: 0.0]
   [Code Root Fixup: 0.3 ms]
   [Code Root Purge: 0.0 ms]
   [Clear CT: 0.3 ms]
   [Other: 4.6 ms]
      [Choose CSet: 0.0 ms]
      [Ref Proc: 0.7 ms]
      [Ref Enq: 0.0 ms]
      [Redirty Cards: 2.3 ms]
      [Humongous Register: 0.1 ms]
      [Humongous Reclaim: 0.0 ms]
      [Free CSet: 0.4 ms]
   [Eden: 48.0M(48.0M)->0.0B(46.0M) Survivors: 3072.0K->5120.0K Heap: 309.8M(1024.0M)->263.8M(1024.0M)]
 [Times: user=0.03 sys=0.00, real=0.02 secs] 
2017-09-25T10:30:29.845+0900: 83981.904: [GC pause (G1 Evacuation Pause) (young), 0.0698527 secs]
   [Parallel Time: 64.7 ms, GC Workers: 2]
      [GC Worker Start (ms): Min: 83981904.3, Avg: 83981904.3, Max: 83981904.4, Diff: 0.1]
      [Ext Root Scanning (ms): Min: 2.1, Avg: 2.2, Max: 2.3, Diff: 0.2, Sum: 4.4]
      [Update RS (ms): Min: 9.1, Avg: 9.1, Max: 9.2, Diff: 0.1, Sum: 18.3]
         [Processed Buffers: Min: 13, Avg: 20.5, Max: 28, Diff: 15, Sum: 41]
      [Scan RS (ms): Min: 1.6, Avg: 1.7, Max: 1.8, Diff: 0.2, Sum: 3.3]
      [Code Root Scanning (ms): Min: 0.0, Avg: 0.0, Max: 0.0, Diff: 0.0, Sum: 0.0]
      [Object Copy (ms): Min: 50.7, Avg: 50.9, Max: 51.2, Diff: 0.5, Sum: 101.9]
      [Termination (ms): Min: 0.0, Avg: 0.5, Max: 1.0, Diff: 1.0, Sum: 1.0]
         [Termination Attempts: Min: 1, Avg: 1.0, Max: 1, Diff: 0, Sum: 2]
      [GC Worker Other (ms): Min: 0.0, Avg: 0.0, Max: 0.0, Diff: 0.0, Sum: 0.1]
      [GC Worker Total (ms): Min: 64.4, Avg: 64.4, Max: 64.5, Diff: 0.2, Sum: 128.9]
      [GC Worker End (ms): Min: 83981968.6, Avg: 83981968.8, Max: 83981968.9, Diff: 0.3]
   [Code Root Fixup: 0.1 ms]
   [Code Root Purge: 0.0 ms]
   [Clear CT: 1.9 ms]
   [Other: 3.1 ms]
      [Choose CSet: 0.0 ms]
      [Ref Proc: 2.1 ms]
      [Ref Enq: 0.0 ms]
      [Redirty Cards: 0.1 ms]
      [Humongous Register: 0.1 ms]
      [Humongous Reclaim: 0.0 ms]
      [Free CSet: 0.1 ms]
   [Eden: 46.0M(46.0M)->0.0B(45.0M) Survivors: 5120.0K->6144.0K Heap: 309.8M(1024.0M)->265.8M(1024.0M)]
 [Times: user=0.07 sys=0.00, real=0.07 secs] 
2017-09-25T10:32:05.333+0900: 84077.392: [GC pause (G1 Evacuation Pause) (young), 0.0802791 secs]
   [Parallel Time: 78.4 ms, GC Workers: 2]
      [GC Worker Start (ms): Min: 84077392.2, Avg: 84077394.5, Max: 84077396.8, Diff: 4.6]
      [Ext Root Scanning (ms): Min: 0.3, Avg: 8.7, Max: 17.1, Diff: 16.8, Sum: 17.4]
      [Update RS (ms): Min: 7.5, Avg: 14.5, Max: 21.6, Diff: 14.1, Sum: 29.1]
         [Processed Buffers: Min: 4, Avg: 20.0, Max: 36, Diff: 32, Sum: 40]
      [Scan RS (ms): Min: 4.0, Avg: 4.7, Max: 5.4, Diff: 1.4, Sum: 9.4]
      [Code Root Scanning (ms): Min: 0.0, Avg: 0.0, Max: 0.0, Diff: 0.0, Sum: 0.0]
      [Object Copy (ms): Min: 43.4, Avg: 43.5, Max: 43.6, Diff: 0.1, Sum: 87.0]
      [Termination (ms): Min: 0.0, Avg: 0.2, Max: 0.5, Diff: 0.5, Sum: 0.5]
         [Termination Attempts: Min: 1, Avg: 1.0, Max: 1, Diff: 0, Sum: 2]
      [GC Worker Other (ms): Min: 0.0, Avg: 0.0, Max: 0.0, Diff: 0.0, Sum: 0.0]
      [GC Worker Total (ms): Min: 69.3, Avg: 71.7, Max: 74.1, Diff: 4.8, Sum: 143.5]
      [GC Worker End (ms): Min: 84077466.1, Avg: 84077466.2, Max: 84077466.3, Diff: 0.1]
   [Code Root Fixup: 0.0 ms]
   [Code Root Purge: 0.0 ms]
   [Clear CT: 0.1 ms]
   [Other: 1.7 ms]
      [Choose CSet: 0.0 ms]
      [Ref Proc: 0.6 ms]
      [Ref Enq: 0.0 ms]
      [Redirty Cards: 0.1 ms]
      [Humongous Register: 0.1 ms]
      [Humongous Reclaim: 0.0 ms]
      [Free CSet: 0.0 ms]
   [Eden: 45.0M(45.0M)->0.0B(48.0M) Survivors: 6144.0K->3072.0K Heap: 310.8M(1024.0M)->264.5M(1024.0M)]
 [Times: user=0.04 sys=0.00, real=0.08 secs] 
2017-09-25T10:33:47.276+0900: 84179.335: [GC pause (G1 Evacuation Pause) (young), 0.0398444 secs]
   [Parallel Time: 36.8 ms, GC Workers: 2]
      [GC Worker Start (ms): Min: 84179335.2, Avg: 84179336.5, Max: 84179337.9, Diff: 2.7]
      [Ext Root Scanning (ms): Min: 0.5, Avg: 1.8, Max: 3.1, Diff: 2.6, Sum: 3.6]
      [Update RS (ms): Min: 6.9, Avg: 6.9, Max: 7.0, Diff: 0.0, Sum: 13.9]
         [Processed Buffers: Min: 12, Avg: 20.5, Max: 29, Diff: 17, Sum: 41]
      [Scan RS (ms): Min: 3.9, Avg: 4.1, Max: 4.4, Diff: 0.5, Sum: 8.3]
      [Code Root Scanning (ms): Min: 0.0, Avg: 0.0, Max: 0.0, Diff: 0.0, Sum: 0.0]
      [Object Copy (ms): Min: 21.8, Avg: 22.2, Max: 22.6, Diff: 0.7, Sum: 44.4]
      [Termination (ms): Min: 0.0, Avg: 0.1, Max: 0.1, Diff: 0.1, Sum: 0.1]
         [Termination Attempts: Min: 1, Avg: 1.5, Max: 2, Diff: 1, Sum: 3]
      [GC Worker Other (ms): Min: 0.0, Avg: 0.0, Max: 0.0, Diff: 0.0, Sum: 0.1]
      [GC Worker Total (ms): Min: 33.8, Avg: 35.1, Max: 36.5, Diff: 2.7, Sum: 70.3]
      [GC Worker End (ms): Min: 84179371.7, Avg: 84179371.7, Max: 84179371.7, Diff: 0.0]
   [Code Root Fixup: 0.5 ms]
   [Code Root Purge: 0.0 ms]
   [Clear CT: 0.4 ms]
   [Other: 2.1 ms]
      [Choose CSet: 0.0 ms]
      [Ref Proc: 0.7 ms]
      [Ref Enq: 0.0 ms]
      [Redirty Cards: 0.7 ms]
      [Humongous Register: 0.1 ms]
      [Humongous Reclaim: 0.0 ms]
      [Free CSet: 0.1 ms]
   [Eden: 48.0M(48.0M)->0.0B(46.0M) Survivors: 3072.0K->5120.0K Heap: 312.5M(1024.0M)->266.0M(1024.0M)]
 [Times: user=0.07 sys=0.00, real=0.04 secs] 
2017-09-25T10:35:25.145+0900: 84277.204: [GC pause (G1 Evacuation Pause) (young), 0.0100169 secs]
   [Parallel Time: 9.0 ms, GC Workers: 2]
      [GC Worker Start (ms): Min: 84277204.1, Avg: 84277204.1, Max: 84277204.1, Diff: 0.0]
      [Ext Root Scanning (ms): Min: 0.6, Avg: 0.6, Max: 0.6, Diff: 0.0, Sum: 1.1]
      [Update RS (ms): Min: 0.9, Avg: 1.0, Max: 1.0, Diff: 0.0, Sum: 1.9]
         [Processed Buffers: Min: 14, Avg: 18.5, Max: 23, Diff: 9, Sum: 37]
      [Scan RS (ms): Min: 0.4, Avg: 0.4, Max: 0.4, Diff: 0.0, Sum: 0.8]
      [Code Root Scanning (ms): Min: 0.0, Avg: 0.0, Max: 0.0, Diff: 0.0, Sum: 0.0]
      [Object Copy (ms): Min: 6.6, Avg: 6.7, Max: 6.8, Diff: 0.2, Sum: 13.5]
      [Termination (ms): Min: 0.0, Avg: 0.2, Max: 0.3, Diff: 0.3, Sum: 0.3]
         [Termination Attempts: Min: 1, Avg: 1.0, Max: 1, Diff: 0, Sum: 2]
      [GC Worker Other (ms): Min: 0.0, Avg: 0.0, Max: 0.0, Diff: 0.0, Sum: 0.0]
      [GC Worker Total (ms): Min: 8.8, Avg: 8.9, Max: 8.9, Diff: 0.1, Sum: 17.7]
      [GC Worker End (ms): Min: 84277212.9, Avg: 84277213.0, Max: 84277213.0, Diff: 0.1]
   [Code Root Fixup: 0.1 ms]
   [Code Root Purge: 0.0 ms]
   [Clear CT: 0.1 ms]
   [Other: 0.9 ms]
      [Choose CSet: 0.0 ms]
      [Ref Proc: 0.2 ms]
      [Ref Enq: 0.0 ms]
      [Redirty Cards: 0.1 ms]
      [Humongous Register: 0.0 ms]
      [Humongous Reclaim: 0.0 ms]
      [Free CSet: 0.0 ms]
   [Eden: 46.0M(46.0M)->0.0B(48.0M) Survivors: 5120.0K->3072.0K Heap: 312.0M(1024.0M)->264.6M(1024.0M)]
 [Times: user=0.01 sys=0.00, real=0.01 secs] 
2017-09-25T10:37:00.793+0900: 84372.851: [GC pause (G1 Evacuation Pause) (young), 0.0324566 secs]
   [Parallel Time: 31.3 ms, GC Workers: 2]
      [GC Worker Start (ms): Min: 84372852.0, Avg: 84372852.1, Max: 84372852.1, Diff: 0.0]
      [Ext Root Scanning (ms): Min: 2.6, Avg: 2.6, Max: 2.6, Diff: 0.0, Sum: 5.2]
      [Update RS (ms): Min: 9.7, Avg: 9.8, Max: 9.8, Diff: 0.1, Sum: 19.6]
         [Processed Buffers: Min: 18, Avg: 20.0, Max: 22, Diff: 4, Sum: 40]
      [Scan RS (ms): Min: 3.3, Avg: 3.3, Max: 3.3, Diff: 0.0, Sum: 6.6]
      [Code Root Scanning (ms): Min: 0.0, Avg: 0.0, Max: 0.0, Diff: 0.0, Sum: 0.0]
      [Object Copy (ms): Min: 15.1, Avg: 15.2, Max: 15.3, Diff: 0.1, Sum: 30.4]
      [Termination (ms): Min: 0.0, Avg: 0.0, Max: 0.0, Diff: 0.0, Sum: 0.0]
         [Termination Attempts: Min: 1, Avg: 1.0, Max: 1, Diff: 0, Sum: 2]
      [GC Worker Other (ms): Min: 0.0, Avg: 0.0, Max: 0.0, Diff: 0.0, Sum: 0.0]
      [GC Worker Total (ms): Min: 30.9, Avg: 30.9, Max: 31.0, Diff: 0.1, Sum: 61.9]
      [GC Worker End (ms): Min: 84372883.0, Avg: 84372883.0, Max: 84372883.0, Diff: 0.0]
   [Code Root Fixup: 0.1 ms]
   [Code Root Purge: 0.0 ms]
   [Clear CT: 0.2 ms]
   [Other: 0.9 ms]
      [Choose CSet: 0.0 ms]
      [Ref Proc: 0.3 ms]
      [Ref Enq: 0.0 ms]
      [Redirty Cards: 0.1 ms]
      [Humongous Register: 0.1 ms]
      [Humongous Reclaim: 0.0 ms]
      [Free CSet: 0.1 ms]
   [Eden: 48.0M(48.0M)->0.0B(46.0M) Survivors: 3072.0K->5120.0K Heap: 312.6M(1024.0M)->266.6M(1024.0M)]
 [Times: user=0.06 sys=0.00, real=0.03 secs] 
2017-09-25T10:38:38.284+0900: 84470.343: [GC pause (G1 Evacuation Pause) (young), 0.0653292 secs]
   [Parallel Time: 52.4 ms, GC Workers: 2]
      [GC Worker Start (ms): Min: 84470342.9, Avg: 84470342.9, Max: 84470342.9, Diff: 0.0]
      [Ext Root Scanning (ms): Min: 0.5, Avg: 0.5, Max: 0.5, Diff: 0.0, Sum: 1.0]
      [Update RS (ms): Min: 1.1, Avg: 1.1, Max: 1.1, Diff: 0.0, Sum: 2.2]
         [Processed Buffers: Min: 11, Avg: 19.0, Max: 27, Diff: 16, Sum: 38]
      [Scan RS (ms): Min: 1.1, Avg: 1.1, Max: 1.1, Diff: 0.0, Sum: 2.2]
      [Code Root Scanning (ms): Min: 0.0, Avg: 0.0, Max: 0.0, Diff: 0.0, Sum: 0.0]
      [Object Copy (ms): Min: 41.5, Avg: 45.6, Max: 49.6, Diff: 8.1, Sum: 91.2]
      [Termination (ms): Min: 0.0, Avg: 4.1, Max: 8.1, Diff: 8.1, Sum: 8.1]
         [Termination Attempts: Min: 1, Avg: 1.0, Max: 1, Diff: 0, Sum: 2]
      [GC Worker Other (ms): Min: 0.0, Avg: 0.0, Max: 0.0, Diff: 0.0, Sum: 0.0]
      [GC Worker Total (ms): Min: 52.4, Avg: 52.4, Max: 52.4, Diff: 0.0, Sum: 104.7]
      [GC Worker End (ms): Min: 84470395.2, Avg: 84470395.2, Max: 84470395.3, Diff: 0.0]
   [Code Root Fixup: 0.0 ms]
   [Code Root Purge: 0.0 ms]
   [Clear CT: 0.1 ms]
   [Other: 12.8 ms]
      [Choose CSet: 0.0 ms]
      [Ref Proc: 0.1 ms]
      [Ref Enq: 0.0 ms]
      [Redirty Cards: 0.0 ms]
      [Humongous Register: 0.0 ms]
      [Humongous Reclaim: 0.1 ms]
      [Free CSet: 0.1 ms]
   [Eden: 46.0M(46.0M)->0.0B(44.0M) Survivors: 5120.0K->7168.0K Heap: 312.6M(1024.0M)->269.2M(1024.0M)]
 [Times: user=0.02 sys=0.01, real=0.06 secs] 
2017-09-25T10:40:12.263+0900: 84564.322: [GC pause (G1 Evacuation Pause) (young), 0.0433416 secs]
   [Parallel Time: 37.7 ms, GC Workers: 2]
      [GC Worker Start (ms): Min: 84564326.8, Avg: 84564326.8, Max: 84564326.8, Diff: 0.0]
      [Ext Root Scanning (ms): Min: 1.3, Avg: 1.4, Max: 1.5, Diff: 0.1, Sum: 2.8]
      [Update RS (ms): Min: 2.2, Avg: 2.6, Max: 3.0, Diff: 0.8, Sum: 5.2]
         [Processed Buffers: Min: 9, Avg: 19.0, Max: 29, Diff: 20, Sum: 38]
      [Scan RS (ms): Min: 1.1, Avg: 17.1, Max: 33.2, Diff: 32.1, Sum: 34.3]
      [Code Root Scanning (ms): Min: 0.0, Avg: 0.0, Max: 0.0, Diff: 0.0, Sum: 0.0]
      [Object Copy (ms): Min: 0.2, Avg: 13.1, Max: 26.1, Diff: 25.9, Sum: 26.3]
      [Termination (ms): Min: 0.0, Avg: 3.4, Max: 6.8, Diff: 6.8, Sum: 6.8]
         [Termination Attempts: Min: 1, Avg: 2.0, Max: 3, Diff: 2, Sum: 4]
      [GC Worker Other (ms): Min: 0.0, Avg: 0.0, Max: 0.0, Diff: 0.0, Sum: 0.0]
      [GC Worker Total (ms): Min: 37.7, Avg: 37.7, Max: 37.7, Diff: 0.0, Sum: 75.4]
      [GC Worker End (ms): Min: 84564364.5, Avg: 84564364.5, Max: 84564364.5, Diff: 0.0]
   [Code Root Fixup: 0.0 ms]
   [Code Root Purge: 0.0 ms]
   [Clear CT: 0.1 ms]
   [Other: 5.5 ms]
      [Choose CSet: 0.0 ms]
      [Ref Proc: 0.2 ms]
      [Ref Enq: 0.0 ms]
      [Redirty Cards: 0.2 ms]
      [Humongous Register: 0.0 ms]
      [Humongous Reclaim: 0.0 ms]
      [Free CSet: 0.0 ms]
   [Eden: 44.0M(44.0M)->0.0B(48.0M) Survivors: 7168.0K->3072.0K Heap: 313.2M(1024.0M)->267.6M(1024.0M)]
 [Times: user=0.02 sys=0.01, real=0.04 secs] 
2017-09-25T10:41:53.890+0900: 84665.949: [GC pause (G1 Evacuation Pause) (young), 0.0352851 secs]
   [Parallel Time: 34.4 ms, GC Workers: 2]
      [GC Worker Start (ms): Min: 84665949.1, Avg: 84665949.2, Max: 84665949.2, Diff: 0.1]
      [Ext Root Scanning (ms): Min: 1.2, Avg: 1.2, Max: 1.3, Diff: 0.1, Sum: 2.4]
      [Update RS (ms): Min: 6.5, Avg: 6.8, Max: 7.0, Diff: 0.4, Sum: 13.5]
         [Processed Buffers: Min: 3, Avg: 21.0, Max: 39, Diff: 36, Sum: 42]
      [Scan RS (ms): Min: 5.7, Avg: 10.7, Max: 15.7, Diff: 10.0, Sum: 21.4]
      [Code Root Scanning (ms): Min: 0.0, Avg: 0.0, Max: 0.0, Diff: 0.0, Sum: 0.0]
      [Object Copy (ms): Min: 10.7, Avg: 15.5, Max: 20.3, Diff: 9.6, Sum: 31.1]
      [Termination (ms): Min: 0.0, Avg: 0.0, Max: 0.0, Diff: 0.0, Sum: 0.0]
         [Termination Attempts: Min: 1, Avg: 1.0, Max: 1, Diff: 0, Sum: 2]
      [GC Worker Other (ms): Min: 0.0, Avg: 0.0, Max: 0.0, Diff: 0.0, Sum: 0.0]
      [GC Worker Total (ms): Min: 34.2, Avg: 34.2, Max: 34.2, Diff: 0.1, Sum: 68.4]
      [GC Worker End (ms): Min: 84665983.4, Avg: 84665983.4, Max: 84665983.4, Diff: 0.0]
   [Code Root Fixup: 0.1 ms]
   [Code Root Purge: 0.0 ms]
   [Clear CT: 0.1 ms]
   [Other: 0.7 ms]
      [Choose CSet: 0.0 ms]
      [Ref Proc: 0.2 ms]
      [Ref Enq: 0.0 ms]
      [Redirty Cards: 0.2 ms]
      [Humongous Register: 0.0 ms]
      [Humongous Reclaim: 0.0 ms]
      [Free CSet: 0.0 ms]
   [Eden: 48.0M(48.0M)->0.0B(46.0M) Survivors: 3072.0K->5120.0K Heap: 315.6M(1024.0M)->269.6M(1024.0M)]
 [Times: user=0.05 sys=0.00, real=0.03 secs] 
2017-09-25T10:43:31.744+0900: 84763.803: [GC pause (G1 Evacuation Pause) (young), 0.0136794 secs]
   [Parallel Time: 12.9 ms, GC Workers: 2]
      [GC Worker Start (ms): Min: 84763802.9, Avg: 84763802.9, Max: 84763802.9, Diff: 0.0]
      [Ext Root Scanning (ms): Min: 0.5, Avg: 0.5, Max: 0.5, Diff: 0.1, Sum: 1.0]
      [Update RS (ms): Min: 0.8, Avg: 0.9, Max: 1.0, Diff: 0.2, Sum: 1.8]
         [Processed Buffers: Min: 12, Avg: 18.5, Max: 25, Diff: 13, Sum: 37]
      [Scan RS (ms): Min: 0.4, Avg: 0.5, Max: 0.6, Diff: 0.2, Sum: 1.0]
      [Code Root Scanning (ms): Min: 0.0, Avg: 0.0, Max: 0.0, Diff: 0.0, Sum: 0.0]
      [Object Copy (ms): Min: 8.8, Avg: 9.9, Max: 10.9, Diff: 2.2, Sum: 19.7]
      [Termination (ms): Min: 0.0, Avg: 1.1, Max: 2.2, Diff: 2.2, Sum: 2.2]
         [Termination Attempts: Min: 1, Avg: 1.0, Max: 1, Diff: 0, Sum: 2]
      [GC Worker Other (ms): Min: 0.0, Avg: 0.0, Max: 0.0, Diff: 0.0, Sum: 0.0]
      [GC Worker Total (ms): Min: 12.8, Avg: 12.8, Max: 12.9, Diff: 0.0, Sum: 25.7]
      [GC Worker End (ms): Min: 84763815.7, Avg: 84763815.7, Max: 84763815.8, Diff: 0.0]
   [Code Root Fixup: 0.0 ms]
   [Code Root Purge: 0.0 ms]
   [Clear CT: 0.1 ms]
   [Other: 0.7 ms]
      [Choose CSet: 0.0 ms]
      [Ref Proc: 0.1 ms]
      [Ref Enq: 0.0 ms]
      [Redirty Cards: 0.0 ms]
      [Humongous Register: 0.0 ms]
      [Humongous Reclaim: 0.0 ms]
      [Free CSet: 0.0 ms]
   [Eden: 46.0M(46.0M)->0.0B(44.0M) Survivors: 5120.0K->7168.0K Heap: 315.6M(1024.0M)->271.9M(1024.0M)]
 [Times: user=0.02 sys=0.00, real=0.01 secs] 
2017-09-25T10:45:05.218+0900: 84857.277: [GC pause (G1 Evacuation Pause) (young), 0.0391177 secs]
   [Parallel Time: 38.1 ms, GC Workers: 2]
      [GC Worker Start (ms): Min: 84857277.1, Avg: 84857277.1, Max: 84857277.1, Diff: 0.0]
      [Ext Root Scanning (ms): Min: 0.5, Avg: 0.5, Max: 0.6, Diff: 0.0, Sum: 1.1]
      [Update RS (ms): Min: 1.0, Avg: 1.1, Max: 1.1, Diff: 0.2, Sum: 2.1]
         [Processed Buffers: Min: 16, Avg: 19.5, Max: 23, Diff: 7, Sum: 39]
      [Scan RS (ms): Min: 0.7, Avg: 0.9, Max: 1.2, Diff: 0.5, Sum: 1.9]
      [Code Root Scanning (ms): Min: 0.0, Avg: 0.0, Max: 0.0, Diff: 0.0, Sum: 0.0]
      [Object Copy (ms): Min: 26.7, Avg: 31.1, Max: 35.5, Diff: 8.7, Sum: 62.2]
      [Termination (ms): Min: 0.0, Avg: 4.3, Max: 8.6, Diff: 8.6, Sum: 8.6]
         [Termination Attempts: Min: 1, Avg: 1.0, Max: 1, Diff: 0, Sum: 2]
      [GC Worker Other (ms): Min: 0.0, Avg: 0.0, Max: 0.0, Diff: 0.0, Sum: 0.0]
      [GC Worker Total (ms): Min: 37.9, Avg: 37.9, Max: 38.0, Diff: 0.1, Sum: 75.8]
      [GC Worker End (ms): Min: 84857315.0, Avg: 84857315.0, Max: 84857315.1, Diff: 0.1]
   [Code Root Fixup: 0.0 ms]
   [Code Root Purge: 0.0 ms]
   [Clear CT: 0.2 ms]
   [Other: 0.8 ms]
      [Choose CSet: 0.0 ms]
      [Ref Proc: 0.2 ms]
      [Ref Enq: 0.0 ms]
      [Redirty Cards: 0.1 ms]
      [Humongous Register: 0.0 ms]
      [Humongous Reclaim: 0.0 ms]
      [Free CSet: 0.0 ms]
   [Eden: 44.0M(44.0M)->0.0B(47.0M) Survivors: 7168.0K->4096.0K Heap: 315.9M(1024.0M)->270.3M(1024.0M)]
 [Times: user=0.02 sys=0.00, real=0.04 secs] 
2017-09-25T10:46:43.720+0900: 84955.778: [GC pause (G1 Evacuation Pause) (young), 0.0229400 secs]
   [Parallel Time: 22.0 ms, GC Workers: 2]
      [GC Worker Start (ms): Min: 84955778.2, Avg: 84955778.2, Max: 84955778.3, Diff: 0.0]
      [Ext Root Scanning (ms): Min: 0.7, Avg: 0.7, Max: 0.7, Diff: 0.1, Sum: 1.4]
      [Update RS (ms): Min: 8.7, Avg: 13.0, Max: 17.3, Diff: 8.6, Sum: 26.0]
         [Processed Buffers: Min: 4, Avg: 19.0, Max: 34, Diff: 30, Sum: 38]
      [Scan RS (ms): Min: 0.0, Avg: 1.0, Max: 2.1, Diff: 2.1, Sum: 2.1]
      [Code Root Scanning (ms): Min: 0.0, Avg: 0.0, Max: 0.0, Diff: 0.0, Sum: 0.0]
      [Object Copy (ms): Min: 3.9, Avg: 7.1, Max: 10.3, Diff: 6.4, Sum: 14.2]
      [Termination (ms): Min: 0.0, Avg: 0.0, Max: 0.0, Diff: 0.0, Sum: 0.0]
         [Termination Attempts: Min: 2, Avg: 2.0, Max: 2, Diff: 0, Sum: 4]
      [GC Worker Other (ms): Min: 0.0, Avg: 0.0, Max: 0.0, Diff: 0.0, Sum: 0.0]
      [GC Worker Total (ms): Min: 21.9, Avg: 21.9, Max: 21.9, Diff: 0.0, Sum: 43.8]
      [GC Worker End (ms): Min: 84955800.1, Avg: 84955800.1, Max: 84955800.1, Diff: 0.0]
   [Code Root Fixup: 0.0 ms]
   [Code Root Purge: 0.0 ms]
   [Clear CT: 0.1 ms]
   [Other: 0.8 ms]
      [Choose CSet: 0.0 ms]
      [Ref Proc: 0.3 ms]
      [Ref Enq: 0.0 ms]
      [Redirty Cards: 0.2 ms]
      [Humongous Register: 0.0 ms]
      [Humongous Reclaim: 0.0 ms]
      [Free CSet: 0.0 ms]
   [Eden: 47.0M(47.0M)->0.0B(45.0M) Survivors: 4096.0K->6144.0K Heap: 317.3M(1024.0M)->272.8M(1024.0M)]
 [Times: user=0.03 sys=0.00, real=0.03 secs] 
2017-09-25T10:48:18.169+0900: 85050.228: [GC pause (G1 Evacuation Pause) (young), 0.0234526 secs]
   [Parallel Time: 22.5 ms, GC Workers: 2]
      [GC Worker Start (ms): Min: 85050228.0, Avg: 85050228.0, Max: 85050228.1, Diff: 0.1]
      [Ext Root Scanning (ms): Min: 1.1, Avg: 1.1, Max: 1.2, Diff: 0.1, Sum: 2.3]
      [Update RS (ms): Min: 2.1, Avg: 2.3, Max: 2.4, Diff: 0.3, Sum: 4.5]
         [Processed Buffers: Min: 16, Avg: 20.0, Max: 24, Diff: 8, Sum: 40]
      [Scan RS (ms): Min: 1.5, Avg: 1.8, Max: 2.1, Diff: 0.6, Sum: 3.6]
      [Code Root Scanning (ms): Min: 0.0, Avg: 0.0, Max: 0.0, Diff: 0.0, Sum: 0.0]
      [Object Copy (ms): Min: 17.1, Avg: 17.2, Max: 17.3, Diff: 0.2, Sum: 34.4]
      [Termination (ms): Min: 0.0, Avg: 0.0, Max: 0.0, Diff: 0.0, Sum: 0.0]
         [Termination Attempts: Min: 1, Avg: 1.0, Max: 1, Diff: 0, Sum: 2]
      [GC Worker Other (ms): Min: 0.0, Avg: 0.0, Max: 0.0, Diff: 0.0, Sum: 0.0]
      [GC Worker Total (ms): Min: 22.3, Avg: 22.4, Max: 22.4, Diff: 0.1, Sum: 44.8]
      [GC Worker End (ms): Min: 85050250.4, Avg: 85050250.4, Max: 85050250.4, Diff: 0.0]
   [Code Root Fixup: 0.0 ms]
   [Code Root Purge: 0.0 ms]
   [Clear CT: 0.1 ms]
   [Other: 0.9 ms]
      [Choose CSet: 0.0 ms]
      [Ref Proc: 0.1 ms]
      [Ref Enq: 0.0 ms]
      [Redirty Cards: 0.1 ms]
      [Humongous Register: 0.1 ms]
      [Humongous Reclaim: 0.0 ms]
      [Free CSet: 0.0 ms]
   [Eden: 45.0M(45.0M)->0.0B(47.0M) Survivors: 6144.0K->4096.0K Heap: 317.8M(1024.0M)->271.4M(1024.0M)]
 [Times: user=0.02 sys=0.00, real=0.03 secs] 
2017-09-25T10:49:58.201+0900: 85150.260: [GC pause (G1 Evacuation Pause) (young), 0.0565055 secs]
   [Parallel Time: 55.1 ms, GC Workers: 2]
      [GC Worker Start (ms): Min: 85150259.9, Avg: 85150259.9, Max: 85150260.0, Diff: 0.2]
      [Ext Root Scanning (ms): Min: 1.4, Avg: 1.5, Max: 1.7, Diff: 0.3, Sum: 3.1]
      [Update RS (ms): Min: 4.5, Avg: 4.5, Max: 4.5, Diff: 0.0, Sum: 9.0]
         [Processed Buffers: Min: 12, Avg: 19.0, Max: 26, Diff: 14, Sum: 38]
      [Scan RS (ms): Min: 10.1, Avg: 10.4, Max: 10.7, Diff: 0.6, Sum: 20.9]
      [Code Root Scanning (ms): Min: 0.0, Avg: 0.0, Max: 0.0, Diff: 0.0, Sum: 0.0]
      [Object Copy (ms): Min: 34.8, Avg: 36.3, Max: 37.9, Diff: 3.2, Sum: 72.7]
      [Termination (ms): Min: 0.0, Avg: 2.0, Max: 3.9, Diff: 3.9, Sum: 3.9]
         [Termination Attempts: Min: 1, Avg: 1.0, Max: 1, Diff: 0, Sum: 2]
      [GC Worker Other (ms): Min: 0.0, Avg: 0.0, Max: 0.0, Diff: 0.0, Sum: 0.0]
      [GC Worker Total (ms): Min: 54.6, Avg: 54.8, Max: 55.0, Diff: 0.4, Sum: 109.6]
      [GC Worker End (ms): Min: 85150314.6, Avg: 85150314.7, Max: 85150314.9, Diff: 0.3]
   [Code Root Fixup: 0.1 ms]
   [Code Root Purge: 0.0 ms]
   [Clear CT: 0.3 ms]
   [Other: 1.0 ms]
      [Choose CSet: 0.0 ms]
      [Ref Proc: 0.3 ms]
      [Ref Enq: 0.0 ms]
      [Redirty Cards: 0.2 ms]
      [Humongous Register: 0.0 ms]
      [Humongous Reclaim: 0.0 ms]
      [Free CSet: 0.1 ms]
   [Eden: 47.0M(47.0M)->0.0B(45.0M) Survivors: 4096.0K->6144.0K Heap: 318.4M(1024.0M)->273.4M(1024.0M)]
 [Times: user=0.06 sys=0.00, real=0.06 secs] 
2017-09-25T10:51:33.839+0900: 85245.897: [GC pause (G1 Evacuation Pause) (young), 0.1007518 secs]
   [Parallel Time: 89.7 ms, GC Workers: 2]
      [GC Worker Start (ms): Min: 85245897.6, Avg: 85245897.6, Max: 85245897.7, Diff: 0.1]
      [Ext Root Scanning (ms): Min: 1.7, Avg: 1.8, Max: 1.8, Diff: 0.1, Sum: 3.6]
      [Update RS (ms): Min: 4.3, Avg: 4.6, Max: 4.9, Diff: 0.6, Sum: 9.1]
         [Processed Buffers: Min: 13, Avg: 19.0, Max: 25, Diff: 12, Sum: 38]
      [Scan RS (ms): Min: 5.7, Avg: 7.8, Max: 9.9, Diff: 4.2, Sum: 15.6]
      [Code Root Scanning (ms): Min: 0.0, Avg: 0.0, Max: 0.0, Diff: 0.0, Sum: 0.0]
      [Object Copy (ms): Min: 68.2, Avg: 70.9, Max: 73.5, Diff: 5.3, Sum: 141.7]
      [Termination (ms): Min: 0.0, Avg: 4.5, Max: 9.0, Diff: 9.0, Sum: 9.0]
         [Termination Attempts: Min: 1, Avg: 1.0, Max: 1, Diff: 0, Sum: 2]
      [GC Worker Other (ms): Min: 0.0, Avg: 0.0, Max: 0.0, Diff: 0.0, Sum: 0.1]
      [GC Worker Total (ms): Min: 89.5, Avg: 89.6, Max: 89.6, Diff: 0.2, Sum: 179.1]
      [GC Worker End (ms): Min: 85245987.2, Avg: 85245987.2, Max: 85245987.2, Diff: 0.0]
   [Code Root Fixup: 0.1 ms]
   [Code Root Purge: 0.0 ms]
   [Clear CT: 0.2 ms]
   [Other: 10.8 ms]
      [Choose CSet: 0.0 ms]
      [Ref Proc: 4.6 ms]
      [Ref Enq: 0.0 ms]
      [Redirty Cards: 0.2 ms]
      [Humongous Register: 0.1 ms]
      [Humongous Reclaim: 0.0 ms]
      [Free CSet: 0.0 ms]
   [Eden: 45.0M(45.0M)->0.0B(44.0M) Survivors: 6144.0K->7168.0K Heap: 318.4M(1024.0M)->275.7M(1024.0M)]
 [Times: user=0.07 sys=0.00, real=0.10 secs] 
2017-09-25T10:53:08.401+0900: 85340.460: [GC pause (G1 Evacuation Pause) (young), 0.0854502 secs]
   [Parallel Time: 73.7 ms, GC Workers: 2]
      [GC Worker Start (ms): Min: 85340459.8, Avg: 85340459.9, Max: 85340460.0, Diff: 0.2]
      [Ext Root Scanning (ms): Min: 1.9, Avg: 2.0, Max: 2.1, Diff: 0.2, Sum: 4.0]
      [Update RS (ms): Min: 4.5, Avg: 4.5, Max: 4.5, Diff: 0.0, Sum: 9.0]
         [Processed Buffers: Min: 6, Avg: 17.5, Max: 29, Diff: 23, Sum: 35]
      [Scan RS (ms): Min: 4.4, Avg: 4.5, Max: 4.5, Diff: 0.0, Sum: 8.9]
      [Code Root Scanning (ms): Min: 0.0, Avg: 0.0, Max: 0.0, Diff: 0.0, Sum: 0.0]
      [Object Copy (ms): Min: 62.1, Avg: 62.2, Max: 62.4, Diff: 0.4, Sum: 124.5]
      [Termination (ms): Min: 0.0, Avg: 0.2, Max: 0.5, Diff: 0.5, Sum: 0.5]
         [Termination Attempts: Min: 1, Avg: 1.0, Max: 1, Diff: 0, Sum: 2]
      [GC Worker Other (ms): Min: 0.0, Avg: 0.0, Max: 0.0, Diff: 0.0, Sum: 0.0]
      [GC Worker Total (ms): Min: 73.4, Avg: 73.5, Max: 73.6, Diff: 0.2, Sum: 147.0]
      [GC Worker End (ms): Min: 85340533.4, Avg: 85340533.4, Max: 85340533.4, Diff: 0.0]
   [Code Root Fixup: 0.0 ms]
   [Code Root Purge: 0.0 ms]
   [Clear CT: 3.2 ms]
   [Other: 8.6 ms]
      [Choose CSet: 0.0 ms]
      [Ref Proc: 0.5 ms]
      [Ref Enq: 0.0 ms]
      [Redirty Cards: 0.0 ms]
      [Humongous Register: 0.1 ms]
      [Humongous Reclaim: 0.0 ms]
      [Free CSet: 0.0 ms]
   [Eden: 44.0M(44.0M)->0.0B(48.0M) Survivors: 7168.0K->3072.0K Heap: 319.7M(1024.0M)->273.8M(1024.0M)]
 [Times: user=0.04 sys=0.01, real=0.09 secs] 
2017-09-25T10:54:50.576+0900: 85442.634: [GC pause (G1 Evacuation Pause) (young), 0.0203508 secs]
   [Parallel Time: 19.7 ms, GC Workers: 2]
      [GC Worker Start (ms): Min: 85442634.3, Avg: 85442639.8, Max: 85442645.4, Diff: 11.1]
      [Ext Root Scanning (ms): Min: 0.0, Avg: 0.5, Max: 0.9, Diff: 0.9, Sum: 1.0]
      [Update RS (ms): Min: 1.2, Avg: 6.5, Max: 11.8, Diff: 10.7, Sum: 13.0]
         [Processed Buffers: Min: 2, Avg: 17.0, Max: 32, Diff: 30, Sum: 34]
      [Scan RS (ms): Min: 0.5, Avg: 0.8, Max: 1.0, Diff: 0.5, Sum: 1.5]
      [Code Root Scanning (ms): Min: 0.0, Avg: 0.0, Max: 0.0, Diff: 0.0, Sum: 0.0]
      [Object Copy (ms): Min: 6.3, Avg: 6.3, Max: 6.3, Diff: 0.0, Sum: 12.6]
      [Termination (ms): Min: 0.0, Avg: 0.0, Max: 0.0, Diff: 0.0, Sum: 0.0]
         [Termination Attempts: Min: 1, Avg: 1.0, Max: 1, Diff: 0, Sum: 2]
      [GC Worker Other (ms): Min: 0.0, Avg: 0.0, Max: 0.0, Diff: 0.0, Sum: 0.0]
      [GC Worker Total (ms): Min: 8.5, Avg: 14.1, Max: 19.6, Diff: 11.1, Sum: 28.1]
      [GC Worker End (ms): Min: 85442653.9, Avg: 85442653.9, Max: 85442653.9, Diff: 0.0]
   [Code Root Fixup: 0.0 ms]
   [Code Root Purge: 0.0 ms]
   [Clear CT: 0.1 ms]
   [Other: 0.5 ms]
      [Choose CSet: 0.0 ms]
      [Ref Proc: 0.2 ms]
      [Ref Enq: 0.0 ms]
      [Redirty Cards: 0.1 ms]
      [Humongous Register: 0.0 ms]
      [Humongous Reclaim: 0.0 ms]
      [Free CSet: 0.0 ms]
   [Eden: 48.0M(48.0M)->0.0B(46.0M) Survivors: 3072.0K->5120.0K Heap: 321.8M(1024.0M)->275.8M(1024.0M)]
 [Times: user=0.03 sys=0.00, real=0.02 secs] 
2017-09-25T10:56:28.574+0900: 85540.633: [GC pause (G1 Evacuation Pause) (young), 0.0166369 secs]
   [Parallel Time: 15.4 ms, GC Workers: 2]
      [GC Worker Start (ms): Min: 85540632.8, Avg: 85540632.8, Max: 85540632.9, Diff: 0.1]
      [Ext Root Scanning (ms): Min: 0.6, Avg: 0.6, Max: 0.6, Diff: 0.1, Sum: 1.2]
      [Update RS (ms): Min: 0.8, Avg: 0.8, Max: 0.9, Diff: 0.1, Sum: 1.7]
         [Processed Buffers: Min: 11, Avg: 16.5, Max: 22, Diff: 11, Sum: 33]
      [Scan RS (ms): Min: 0.7, Avg: 0.7, Max: 0.8, Diff: 0.1, Sum: 1.4]
      [Code Root Scanning (ms): Min: 0.0, Avg: 0.0, Max: 0.0, Diff: 0.0, Sum: 0.0]
      [Object Copy (ms): Min: 5.7, Avg: 9.3, Max: 12.9, Diff: 7.2, Sum: 18.7]
      [Termination (ms): Min: 0.0, Avg: 3.7, Max: 7.3, Diff: 7.3, Sum: 7.3]
         [Termination Attempts: Min: 1, Avg: 1.0, Max: 1, Diff: 0, Sum: 2]
      [GC Worker Other (ms): Min: 0.0, Avg: 0.0, Max: 0.0, Diff: 0.0, Sum: 0.0]
      [GC Worker Total (ms): Min: 15.1, Avg: 15.2, Max: 15.3, Diff: 0.2, Sum: 30.4]
      [GC Worker End (ms): Min: 85540647.9, Avg: 85540648.0, Max: 85540648.1, Diff: 0.2]
   [Code Root Fixup: 0.1 ms]
   [Code Root Purge: 0.0 ms]
   [Clear CT: 0.1 ms]
   [Other: 1.0 ms]
      [Choose CSet: 0.0 ms]
      [Ref Proc: 0.4 ms]
      [Ref Enq: 0.0 ms]
      [Redirty Cards: 0.2 ms]
      [Humongous Register: 0.0 ms]
      [Humongous Reclaim: 0.0 ms]
      [Free CSet: 0.1 ms]
   [Eden: 46.0M(46.0M)->0.0B(49.0M) Survivors: 5120.0K->2048.0K Heap: 321.8M(1024.0M)->273.8M(1024.0M)]
 [Times: user=0.02 sys=0.00, real=0.02 secs] 
2017-09-25T10:58:13.013+0900: 85645.071: [GC pause (G1 Evacuation Pause) (young), 0.0119713 secs]
   [Parallel Time: 11.2 ms, GC Workers: 2]
      [GC Worker Start (ms): Min: 85645071.1, Avg: 85645071.2, Max: 85645071.2, Diff: 0.1]
      [Ext Root Scanning (ms): Min: 0.6, Avg: 0.7, Max: 0.7, Diff: 0.1, Sum: 1.3]
      [Update RS (ms): Min: 2.2, Avg: 2.2, Max: 2.2, Diff: 0.0, Sum: 4.4]
         [Processed Buffers: Min: 15, Avg: 17.0, Max: 19, Diff: 4, Sum: 34]
      [Scan RS (ms): Min: 1.6, Avg: 1.6, Max: 1.6, Diff: 0.0, Sum: 3.2]
      [Code Root Scanning (ms): Min: 0.0, Avg: 0.0, Max: 0.0, Diff: 0.0, Sum: 0.0]
      [Object Copy (ms): Min: 6.7, Avg: 6.7, Max: 6.7, Diff: 0.0, Sum: 13.4]
      [Termination (ms): Min: 0.0, Avg: 0.0, Max: 0.0, Diff: 0.0, Sum: 0.0]
         [Termination Attempts: Min: 1, Avg: 1.0, Max: 1, Diff: 0, Sum: 2]
      [GC Worker Other (ms): Min: 0.0, Avg: 0.0, Max: 0.0, Diff: 0.0, Sum: 0.0]
      [GC Worker Total (ms): Min: 11.1, Avg: 11.1, Max: 11.2, Diff: 0.1, Sum: 22.3]
      [GC Worker End (ms): Min: 85645082.3, Avg: 85645082.3, Max: 85645082.3, Diff: 0.0]
   [Code Root Fixup: 0.1 ms]
   [Code Root Purge: 0.0 ms]
   [Clear CT: 0.1 ms]
   [Other: 0.6 ms]
      [Choose CSet: 0.0 ms]
      [Ref Proc: 0.2 ms]
      [Ref Enq: 0.0 ms]
      [Redirty Cards: 0.1 ms]
      [Humongous Register: 0.0 ms]
      [Humongous Reclaim: 0.0 ms]
      [Free CSet: 0.0 ms]
   [Eden: 49.0M(49.0M)->0.0B(47.0M) Survivors: 2048.0K->4096.0K Heap: 322.8M(1024.0M)->275.8M(1024.0M)]
 [Times: user=0.02 sys=0.00, real=0.01 secs] 
2017-09-25T10:59:53.021+0900: 85745.080: [GC pause (G1 Evacuation Pause) (young), 0.0217606 secs]
   [Parallel Time: 20.8 ms, GC Workers: 2]
      [GC Worker Start (ms): Min: 85745080.1, Avg: 85745080.1, Max: 85745080.1, Diff: 0.0]
      [Ext Root Scanning (ms): Min: 1.0, Avg: 1.0, Max: 1.1, Diff: 0.1, Sum: 2.1]
      [Update RS (ms): Min: 1.8, Avg: 1.9, Max: 2.0, Diff: 0.2, Sum: 3.7]
         [Processed Buffers: Min: 1, Avg: 16.0, Max: 31, Diff: 30, Sum: 32]
      [Scan RS (ms): Min: 2.0, Avg: 2.1, Max: 2.1, Diff: 0.1, Sum: 4.1]
      [Code Root Scanning (ms): Min: 0.0, Avg: 0.0, Max: 0.0, Diff: 0.0, Sum: 0.0]
      [Object Copy (ms): Min: 15.5, Avg: 15.5, Max: 15.5, Diff: 0.1, Sum: 31.0]
      [Termination (ms): Min: 0.0, Avg: 0.2, Max: 0.3, Diff: 0.3, Sum: 0.3]
         [Termination Attempts: Min: 1, Avg: 1.0, Max: 1, Diff: 0, Sum: 2]
      [GC Worker Other (ms): Min: 0.0, Avg: 0.0, Max: 0.0, Diff: 0.0, Sum: 0.0]
      [GC Worker Total (ms): Min: 20.6, Avg: 20.6, Max: 20.7, Diff: 0.1, Sum: 41.3]
      [GC Worker End (ms): Min: 85745100.7, Avg: 85745100.8, Max: 85745100.8, Diff: 0.1]
   [Code Root Fixup: 0.1 ms]
   [Code Root Purge: 0.0 ms]
   [Clear CT: 0.1 ms]
   [Other: 0.7 ms]
      [Choose CSet: 0.0 ms]
      [Ref Proc: 0.2 ms]
      [Ref Enq: 0.0 ms]
      [Redirty Cards: 0.1 ms]
      [Humongous Register: 0.1 ms]
      [Humongous Reclaim: 0.0 ms]
      [Free CSet: 0.1 ms]
   [Eden: 47.0M(47.0M)->0.0B(44.0M) Survivors: 4096.0K->7168.0K Heap: 322.8M(1024.0M)->278.3M(1024.0M)]
 [Times: user=0.04 sys=0.00, real=0.03 secs] 
2017-09-25T11:01:26.561+0900: 85838.620: [GC pause (G1 Evacuation Pause) (young), 0.0280148 secs]
   [Parallel Time: 27.2 ms, GC Workers: 2]
      [GC Worker Start (ms): Min: 85838619.9, Avg: 85838619.9, Max: 85838619.9, Diff: 0.1]
      [Ext Root Scanning (ms): Min: 0.8, Avg: 0.9, Max: 0.9, Diff: 0.1, Sum: 1.8]
      [Update RS (ms): Min: 1.7, Avg: 1.7, Max: 1.7, Diff: 0.0, Sum: 3.5]
         [Processed Buffers: Min: 5, Avg: 16.5, Max: 28, Diff: 23, Sum: 33]
      [Scan RS (ms): Min: 1.7, Avg: 1.7, Max: 1.7, Diff: 0.0, Sum: 3.4]
      [Code Root Scanning (ms): Min: 0.0, Avg: 0.0, Max: 0.0, Diff: 0.0, Sum: 0.0]
      [Object Copy (ms): Min: 14.1, Avg: 17.2, Max: 20.4, Diff: 6.3, Sum: 34.4]
      [Termination (ms): Min: 0.0, Avg: 3.2, Max: 6.4, Diff: 6.4, Sum: 6.4]
         [Termination Attempts: Min: 1, Avg: 1.0, Max: 1, Diff: 0, Sum: 2]
      [GC Worker Other (ms): Min: 0.0, Avg: 0.0, Max: 0.0, Diff: 0.0, Sum: 0.0]
      [GC Worker Total (ms): Min: 24.7, Avg: 24.7, Max: 24.7, Diff: 0.0, Sum: 49.4]
      [GC Worker End (ms): Min: 85838644.6, Avg: 85838644.6, Max: 85838644.6, Diff: 0.0]
   [Code Root Fixup: 0.1 ms]
   [Code Root Purge: 0.0 ms]
   [Clear CT: 0.1 ms]
   [Other: 0.7 ms]
      [Choose CSet: 0.0 ms]
      [Ref Proc: 0.2 ms]
      [Ref Enq: 0.0 ms]
      [Redirty Cards: 0.1 ms]
      [Humongous Register: 0.0 ms]
      [Humongous Reclaim: 0.0 ms]
      [Free CSet: 0.0 ms]
   [Eden: 44.0M(44.0M)->0.0B(48.0M) Survivors: 7168.0K->3072.0K Heap: 322.3M(1024.0M)->276.3M(1024.0M)]
 [Times: user=0.02 sys=0.00, real=0.03 secs] 
2017-09-25T11:03:08.737+0900: 85940.795: [GC pause (G1 Evacuation Pause) (young), 0.0352558 secs]
   [Parallel Time: 34.2 ms, GC Workers: 2]
      [GC Worker Start (ms): Min: 85940795.2, Avg: 85940795.2, Max: 85940795.3, Diff: 0.0]
      [Ext Root Scanning (ms): Min: 0.9, Avg: 0.9, Max: 1.0, Diff: 0.1, Sum: 1.9]
      [Update RS (ms): Min: 2.2, Avg: 2.2, Max: 2.3, Diff: 0.1, Sum: 4.4]
         [Processed Buffers: Min: 12, Avg: 18.0, Max: 24, Diff: 12, Sum: 36]
      [Scan RS (ms): Min: 2.9, Avg: 3.1, Max: 3.2, Diff: 0.3, Sum: 6.1]
      [Code Root Scanning (ms): Min: 0.0, Avg: 0.0, Max: 0.0, Diff: 0.0, Sum: 0.0]
      [Object Copy (ms): Min: 27.8, Avg: 27.9, Max: 28.1, Diff: 0.3, Sum: 55.9]
      [Termination (ms): Min: 0.0, Avg: 0.0, Max: 0.0, Diff: 0.0, Sum: 0.0]
         [Termination Attempts: Min: 1, Avg: 1.0, Max: 1, Diff: 0, Sum: 2]
      [GC Worker Other (ms): Min: 0.0, Avg: 0.0, Max: 0.0, Diff: 0.0, Sum: 0.0]
      [GC Worker Total (ms): Min: 34.2, Avg: 34.2, Max: 34.2, Diff: 0.0, Sum: 68.4]
      [GC Worker End (ms): Min: 85940829.4, Avg: 85940829.4, Max: 85940829.4, Diff: 0.0]
   [Code Root Fixup: 0.1 ms]
   [Code Root Purge: 0.0 ms]
   [Clear CT: 0.1 ms]
   [Other: 0.9 ms]
      [Choose CSet: 0.0 ms]
      [Ref Proc: 0.3 ms]
      [Ref Enq: 0.0 ms]
      [Redirty Cards: 0.1 ms]
      [Humongous Register: 0.0 ms]
      [Humongous Reclaim: 0.0 ms]
      [Free CSet: 0.1 ms]
   [Eden: 48.0M(48.0M)->0.0B(46.0M) Survivors: 3072.0K->5120.0K Heap: 324.3M(1024.0M)->278.3M(1024.0M)]
 [Times: user=0.05 sys=0.00, real=0.04 secs] 
2017-09-25T11:04:46.901+0900: 86038.959: [GC pause (G1 Evacuation Pause) (young), 0.0358626 secs]
   [Parallel Time: 33.3 ms, GC Workers: 2]
      [GC Worker Start (ms): Min: 86038959.5, Avg: 86038959.5, Max: 86038959.6, Diff: 0.0]
      [Ext Root Scanning (ms): Min: 2.0, Avg: 2.0, Max: 2.0, Diff: 0.1, Sum: 4.0]
      [Update RS (ms): Min: 3.5, Avg: 3.5, Max: 3.5, Diff: 0.0, Sum: 7.0]
         [Processed Buffers: Min: 11, Avg: 16.5, Max: 22, Diff: 11, Sum: 33]
      [Scan RS (ms): Min: 3.3, Avg: 3.3, Max: 3.3, Diff: 0.0, Sum: 6.5]
      [Code Root Scanning (ms): Min: 0.0, Avg: 0.0, Max: 0.0, Diff: 0.0, Sum: 0.0]
      [Object Copy (ms): Min: 24.4, Avg: 24.4, Max: 24.4, Diff: 0.0, Sum: 48.8]
      [Termination (ms): Min: 0.0, Avg: 0.0, Max: 0.0, Diff: 0.0, Sum: 0.0]
         [Termination Attempts: Min: 1, Avg: 1.0, Max: 1, Diff: 0, Sum: 2]
      [GC Worker Other (ms): Min: 0.0, Avg: 0.0, Max: 0.0, Diff: 0.0, Sum: 0.0]
      [GC Worker Total (ms): Min: 33.2, Avg: 33.2, Max: 33.2, Diff: 0.0, Sum: 66.4]
      [GC Worker End (ms): Min: 86038992.7, Avg: 86038992.7, Max: 86038992.7, Diff: 0.0]
   [Code Root Fixup: 0.1 ms]
   [Code Root Purge: 0.0 ms]
   [Clear CT: 0.3 ms]
   [Other: 2.2 ms]
      [Choose CSet: 0.0 ms]
      [Ref Proc: 0.5 ms]
      [Ref Enq: 0.0 ms]
      [Redirty Cards: 0.4 ms]
      [Humongous Register: 0.1 ms]
      [Humongous Reclaim: 0.0 ms]
      [Free CSet: 0.1 ms]
   [Eden: 46.0M(46.0M)->0.0B(48.0M) Survivors: 5120.0K->3072.0K Heap: 324.3M(1024.0M)->276.4M(1024.0M)]
 [Times: user=0.05 sys=0.00, real=0.04 secs] 
2017-09-25T11:06:28.599+0900: 86140.657: [GC pause (G1 Evacuation Pause) (young), 0.0330751 secs]
   [Parallel Time: 31.9 ms, GC Workers: 2]
      [GC Worker Start (ms): Min: 86140658.0, Avg: 86140658.1, Max: 86140658.1, Diff: 0.1]
      [Ext Root Scanning (ms): Min: 1.8, Avg: 1.9, Max: 1.9, Diff: 0.1, Sum: 3.8]
      [Update RS (ms): Min: 3.9, Avg: 4.1, Max: 4.3, Diff: 0.5, Sum: 8.2]
         [Processed Buffers: Min: 2, Avg: 16.5, Max: 31, Diff: 29, Sum: 33]
      [Scan RS (ms): Min: 3.9, Avg: 3.9, Max: 4.0, Diff: 0.1, Sum: 7.8]
      [Code Root Scanning (ms): Min: 0.0, Avg: 0.0, Max: 0.0, Diff: 0.0, Sum: 0.0]
      [Object Copy (ms): Min: 21.4, Avg: 21.6, Max: 21.9, Diff: 0.5, Sum: 43.3]
      [Termination (ms): Min: 0.0, Avg: 0.0, Max: 0.0, Diff: 0.0, Sum: 0.0]
         [Termination Attempts: Min: 1, Avg: 1.0, Max: 1, Diff: 0, Sum: 2]
      [GC Worker Other (ms): Min: 0.0, Avg: 0.0, Max: 0.0, Diff: 0.0, Sum: 0.0]
      [GC Worker Total (ms): Min: 31.5, Avg: 31.6, Max: 31.6, Diff: 0.1, Sum: 63.1]
      [GC Worker End (ms): Min: 86140689.6, Avg: 86140689.6, Max: 86140689.6, Diff: 0.0]
   [Code Root Fixup: 0.1 ms]
   [Code Root Purge: 0.0 ms]
   [Clear CT: 0.1 ms]
   [Other: 1.0 ms]
      [Choose CSet: 0.0 ms]
      [Ref Proc: 0.3 ms]
      [Ref Enq: 0.0 ms]
      [Redirty Cards: 0.2 ms]
      [Humongous Register: 0.1 ms]
      [Humongous Reclaim: 0.0 ms]
      [Free CSet: 0.0 ms]
   [Eden: 48.0M(48.0M)->0.0B(46.0M) Survivors: 3072.0K->5120.0K Heap: 324.4M(1024.0M)->278.4M(1024.0M)]
 [Times: user=0.06 sys=0.00, real=0.04 secs] 
2017-09-25T11:08:06.179+0900: 86238.237: [GC pause (G1 Evacuation Pause) (young), 0.0283355 secs]
   [Parallel Time: 26.9 ms, GC Workers: 2]
      [GC Worker Start (ms): Min: 86238237.9, Avg: 86238237.9, Max: 86238238.0, Diff: 0.1]
      [Ext Root Scanning (ms): Min: 1.7, Avg: 1.8, Max: 1.9, Diff: 0.1, Sum: 3.6]
      [Update RS (ms): Min: 2.7, Avg: 2.9, Max: 3.2, Diff: 0.4, Sum: 5.9]
         [Processed Buffers: Min: 15, Avg: 16.0, Max: 17, Diff: 2, Sum: 32]
      [Scan RS (ms): Min: 5.8, Avg: 6.0, Max: 6.2, Diff: 0.4, Sum: 12.0]
      [Code Root Scanning (ms): Min: 0.0, Avg: 0.0, Max: 0.0, Diff: 0.0, Sum: 0.0]
      [Object Copy (ms): Min: 15.4, Avg: 15.8, Max: 16.2, Diff: 0.8, Sum: 31.7]
      [Termination (ms): Min: 0.0, Avg: 0.0, Max: 0.0, Diff: 0.0, Sum: 0.0]
         [Termination Attempts: Min: 1, Avg: 1.0, Max: 1, Diff: 0, Sum: 2]
      [GC Worker Other (ms): Min: 0.0, Avg: 0.0, Max: 0.0, Diff: 0.0, Sum: 0.1]
      [GC Worker Total (ms): Min: 26.6, Avg: 26.7, Max: 26.7, Diff: 0.1, Sum: 53.3]
      [GC Worker End (ms): Min: 86238264.6, Avg: 86238264.6, Max: 86238264.6, Diff: 0.0]
   [Code Root Fixup: 0.1 ms]
   [Code Root Purge: 0.0 ms]
   [Clear CT: 0.1 ms]
   [Other: 1.2 ms]
      [Choose CSet: 0.1 ms]
      [Ref Proc: 0.2 ms]
      [Ref Enq: 0.1 ms]
      [Redirty Cards: 0.3 ms]
      [Humongous Register: 0.1 ms]
      [Humongous Reclaim: 0.0 ms]
      [Free CSet: 0.1 ms]
   [Eden: 46.0M(46.0M)->0.0B(45.0M) Survivors: 5120.0K->6144.0K Heap: 324.4M(1024.0M)->279.9M(1024.0M)]
 [Times: user=0.06 sys=0.00, real=0.03 secs] 
2017-09-25T11:09:41.776+0900: 86333.835: [GC pause (G1 Evacuation Pause) (young), 0.0423649 secs]
   [Parallel Time: 41.5 ms, GC Workers: 2]
      [GC Worker Start (ms): Min: 86333835.0, Avg: 86333835.0, Max: 86333835.0, Diff: 0.0]
      [Ext Root Scanning (ms): Min: 1.3, Avg: 1.4, Max: 1.5, Diff: 0.2, Sum: 2.8]
      [Update RS (ms): Min: 1.2, Avg: 1.2, Max: 1.2, Diff: 0.0, Sum: 2.3]
         [Processed Buffers: Min: 10, Avg: 16.0, Max: 22, Diff: 12, Sum: 32]
      [Scan RS (ms): Min: 1.1, Avg: 1.1, Max: 1.2, Diff: 0.0, Sum: 2.3]
      [Code Root Scanning (ms): Min: 0.0, Avg: 0.0, Max: 0.0, Diff: 0.0, Sum: 0.0]
      [Object Copy (ms): Min: 37.6, Avg: 37.7, Max: 37.8, Diff: 0.2, Sum: 75.4]
      [Termination (ms): Min: 0.0, Avg: 0.0, Max: 0.0, Diff: 0.0, Sum: 0.0]
         [Termination Attempts: Min: 1, Avg: 1.5, Max: 2, Diff: 1, Sum: 3]
      [GC Worker Other (ms): Min: 0.0, Avg: 0.0, Max: 0.0, Diff: 0.0, Sum: 0.0]
      [GC Worker Total (ms): Min: 41.4, Avg: 41.4, Max: 41.4, Diff: 0.0, Sum: 82.8]
      [GC Worker End (ms): Min: 86333876.4, Avg: 86333876.4, Max: 86333876.4, Diff: 0.0]
   [Code Root Fixup: 0.0 ms]
   [Code Root Purge: 0.0 ms]
   [Clear CT: 0.1 ms]
   [Other: 0.8 ms]
      [Choose CSet: 0.0 ms]
      [Ref Proc: 0.1 ms]
      [Ref Enq: 0.0 ms]
      [Redirty Cards: 0.1 ms]
      [Humongous Register: 0.0 ms]
      [Humongous Reclaim: 0.0 ms]
      [Free CSet: 0.0 ms]
   [Eden: 45.0M(45.0M)->0.0B(48.0M) Survivors: 6144.0K->3072.0K Heap: 324.9M(1024.0M)->278.8M(1024.0M)]
 [Times: user=0.01 sys=0.01, real=0.04 secs] 
2017-09-25T11:11:20.832+0900: 86432.891: [GC pause (G1 Evacuation Pause) (young), 0.0146459 secs]
   [Parallel Time: 13.6 ms, GC Workers: 2]
      [GC Worker Start (ms): Min: 86432890.6, Avg: 86432890.6, Max: 86432890.6, Diff: 0.0]
      [Ext Root Scanning (ms): Min: 0.6, Avg: 0.6, Max: 0.6, Diff: 0.0, Sum: 1.2]
      [Update RS (ms): Min: 1.2, Avg: 1.2, Max: 1.2, Diff: 0.1, Sum: 2.4]
         [Processed Buffers: Min: 13, Avg: 18.5, Max: 24, Diff: 11, Sum: 37]
      [Scan RS (ms): Min: 1.7, Avg: 1.9, Max: 2.1, Diff: 0.4, Sum: 3.9]
      [Code Root Scanning (ms): Min: 0.0, Avg: 0.0, Max: 0.0, Diff: 0.0, Sum: 0.0]
      [Object Copy (ms): Min: 4.7, Avg: 4.9, Max: 5.1, Diff: 0.3, Sum: 9.8]
      [Termination (ms): Min: 0.0, Avg: 0.0, Max: 0.0, Diff: 0.0, Sum: 0.0]
         [Termination Attempts: Min: 2, Avg: 2.5, Max: 3, Diff: 1, Sum: 5]
      [GC Worker Other (ms): Min: 0.0, Avg: 0.0, Max: 0.0, Diff: 0.0, Sum: 0.0]
      [GC Worker Total (ms): Min: 8.6, Avg: 8.6, Max: 8.6, Diff: 0.0, Sum: 17.2]
      [GC Worker End (ms): Min: 86432899.2, Avg: 86432899.2, Max: 86432899.2, Diff: 0.0]
   [Code Root Fixup: 0.1 ms]
   [Code Root Purge: 0.0 ms]
   [Clear CT: 0.1 ms]
   [Other: 1.0 ms]
      [Choose CSet: 0.0 ms]
      [Ref Proc: 0.6 ms]
      [Ref Enq: 0.0 ms]
      [Redirty Cards: 0.0 ms]
      [Humongous Register: 0.0 ms]
      [Humongous Reclaim: 0.1 ms]
      [Free CSet: 0.1 ms]
   [Eden: 48.0M(48.0M)->0.0B(45.0M) Survivors: 3072.0K->6144.0K Heap: 326.8M(1024.0M)->281.3M(1024.0M)]
 [Times: user=0.02 sys=0.00, real=0.02 secs] 
2017-09-25T11:12:56.469+0900: 86528.527: [GC pause (G1 Evacuation Pause) (young), 0.1308150 secs]
   [Parallel Time: 127.1 ms, GC Workers: 2]
      [GC Worker Start (ms): Min: 86528527.9, Avg: 86528528.3, Max: 86528528.8, Diff: 0.8]
      [Ext Root Scanning (ms): Min: 1.5, Avg: 1.9, Max: 2.4, Diff: 0.9, Sum: 3.9]
      [Update RS (ms): Min: 2.8, Avg: 2.9, Max: 2.9, Diff: 0.1, Sum: 5.8]
         [Processed Buffers: Min: 12, Avg: 17.0, Max: 22, Diff: 10, Sum: 34]
      [Scan RS (ms): Min: 3.5, Avg: 4.8, Max: 6.0, Diff: 2.4, Sum: 9.5]
      [Code Root Scanning (ms): Min: 0.0, Avg: 0.0, Max: 0.0, Diff: 0.0, Sum: 0.0]
      [Object Copy (ms): Min: 115.7, Avg: 116.0, Max: 116.3, Diff: 0.6, Sum: 232.1]
      [Termination (ms): Min: 0.0, Avg: 0.9, Max: 1.7, Diff: 1.7, Sum: 1.7]
         [Termination Attempts: Min: 1, Avg: 1.0, Max: 1, Diff: 0, Sum: 2]
      [GC Worker Other (ms): Min: 0.0, Avg: 0.0, Max: 0.0, Diff: 0.0, Sum: 0.0]
      [GC Worker Total (ms): Min: 126.1, Avg: 126.5, Max: 126.9, Diff: 0.9, Sum: 253.0]
      [GC Worker End (ms): Min: 86528654.9, Avg: 86528654.9, Max: 86528654.9, Diff: 0.0]
   [Code Root Fixup: 0.0 ms]
   [Code Root Purge: 0.0 ms]
   [Clear CT: 0.3 ms]
   [Other: 3.3 ms]
      [Choose CSet: 0.0 ms]
      [Ref Proc: 2.4 ms]
      [Ref Enq: 0.0 ms]
      [Redirty Cards: 0.2 ms]
      [Humongous Register: 0.1 ms]
      [Humongous Reclaim: 0.0 ms]
      [Free CSet: 0.0 ms]
   [Eden: 45.0M(45.0M)->0.0B(45.0M) Survivors: 6144.0K->6144.0K Heap: 326.3M(1024.0M)->283.2M(1024.0M)]
 [Times: user=0.05 sys=0.02, real=0.13 secs] 
2017-09-25T11:14:31.599+0900: 86623.657: [GC pause (G1 Evacuation Pause) (young), 0.0582078 secs]
   [Parallel Time: 56.5 ms, GC Workers: 2]
      [GC Worker Start (ms): Min: 86623657.9, Avg: 86623658.3, Max: 86623658.7, Diff: 0.9]
      [Ext Root Scanning (ms): Min: 1.4, Avg: 1.9, Max: 2.3, Diff: 0.9, Sum: 3.8]
      [Update RS (ms): Min: 1.9, Avg: 3.4, Max: 4.9, Diff: 3.0, Sum: 6.8]
         [Processed Buffers: Min: 2, Avg: 16.0, Max: 30, Diff: 28, Sum: 32]
      [Scan RS (ms): Min: 5.6, Avg: 6.0, Max: 6.4, Diff: 0.8, Sum: 11.9]
      [Code Root Scanning (ms): Min: 0.0, Avg: 0.0, Max: 0.0, Diff: 0.0, Sum: 0.0]
      [Object Copy (ms): Min: 38.7, Avg: 42.6, Max: 46.5, Diff: 7.7, Sum: 85.2]
      [Termination (ms): Min: 0.0, Avg: 2.0, Max: 4.0, Diff: 4.0, Sum: 4.0]
         [Termination Attempts: Min: 1, Avg: 1.0, Max: 1, Diff: 0, Sum: 2]
      [GC Worker Other (ms): Min: 0.0, Avg: 0.0, Max: 0.0, Diff: 0.0, Sum: 0.1]
      [GC Worker Total (ms): Min: 55.5, Avg: 55.9, Max: 56.3, Diff: 0.9, Sum: 111.8]
      [GC Worker End (ms): Min: 86623714.2, Avg: 86623714.2, Max: 86623714.2, Diff: 0.0]
   [Code Root Fixup: 0.1 ms]
   [Code Root Purge: 0.0 ms]
   [Clear CT: 0.1 ms]
   [Other: 1.5 ms]
      [Choose CSet: 0.0 ms]
      [Ref Proc: 0.5 ms]
      [Ref Enq: 0.0 ms]
      [Redirty Cards: 0.4 ms]
      [Humongous Register: 0.1 ms]
      [Humongous Reclaim: 0.0 ms]
      [Free CSet: 0.1 ms]
   [Eden: 45.0M(45.0M)->0.0B(48.0M) Survivors: 6144.0K->3072.0K Heap: 328.2M(1024.0M)->282.5M(1024.0M)]
 [Times: user=0.06 sys=0.00, real=0.06 secs] 
2017-09-25T11:16:14.178+0900: 86726.237: [GC pause (G1 Evacuation Pause) (young), 0.0285769 secs]
   [Parallel Time: 27.0 ms, GC Workers: 2]
      [GC Worker Start (ms): Min: 86726236.9, Avg: 86726237.0, Max: 86726237.0, Diff: 0.1]
      [Ext Root Scanning (ms): Min: 1.8, Avg: 1.9, Max: 1.9, Diff: 0.1, Sum: 3.8]
      [Update RS (ms): Min: 3.2, Avg: 3.3, Max: 3.4, Diff: 0.3, Sum: 6.6]
         [Processed Buffers: Min: 15, Avg: 16.0, Max: 17, Diff: 2, Sum: 32]
      [Scan RS (ms): Min: 2.5, Avg: 2.8, Max: 3.1, Diff: 0.6, Sum: 5.7]
      [Code Root Scanning (ms): Min: 0.0, Avg: 0.0, Max: 0.0, Diff: 0.0, Sum: 0.0]
      [Object Copy (ms): Min: 18.7, Avg: 18.9, Max: 19.1, Diff: 0.3, Sum: 37.8]
      [Termination (ms): Min: 0.0, Avg: 0.0, Max: 0.0, Diff: 0.0, Sum: 0.0]
         [Termination Attempts: Min: 1, Avg: 1.0, Max: 1, Diff: 0, Sum: 2]
      [GC Worker Other (ms): Min: 0.0, Avg: 0.0, Max: 0.0, Diff: 0.0, Sum: 0.0]
      [GC Worker Total (ms): Min: 26.9, Avg: 27.0, Max: 27.0, Diff: 0.1, Sum: 53.9]
      [GC Worker End (ms): Min: 86726263.9, Avg: 86726263.9, Max: 86726263.9, Diff: 0.0]
   [Code Root Fixup: 0.1 ms]
   [Code Root Purge: 0.0 ms]
   [Clear CT: 0.1 ms]
   [Other: 1.3 ms]
      [Choose CSet: 0.0 ms]
      [Ref Proc: 0.3 ms]
      [Ref Enq: 0.0 ms]
      [Redirty Cards: 0.3 ms]
      [Humongous Register: 0.1 ms]
      [Humongous Reclaim: 0.0 ms]
      [Free CSet: 0.1 ms]
   [Eden: 48.0M(48.0M)->0.0B(45.0M) Survivors: 3072.0K->6144.0K Heap: 330.5M(1024.0M)->285.0M(1024.0M)]
 [Times: user=0.05 sys=0.00, real=0.03 secs] 
2017-09-25T11:17:49.260+0900: 86821.319: [GC pause (G1 Evacuation Pause) (young), 0.0396795 secs]
   [Parallel Time: 38.0 ms, GC Workers: 2]
      [GC Worker Start (ms): Min: 86821319.0, Avg: 86821319.1, Max: 86821319.1, Diff: 0.1]
      [Ext Root Scanning (ms): Min: 2.0, Avg: 2.1, Max: 2.1, Diff: 0.1, Sum: 4.2]
      [Update RS (ms): Min: 2.0, Avg: 2.2, Max: 2.4, Diff: 0.4, Sum: 4.4]
         [Processed Buffers: Min: 10, Avg: 15.5, Max: 21, Diff: 11, Sum: 31]
      [Scan RS (ms): Min: 3.4, Avg: 3.6, Max: 3.9, Diff: 0.5, Sum: 7.2]
      [Code Root Scanning (ms): Min: 0.0, Avg: 0.0, Max: 0.0, Diff: 0.0, Sum: 0.0]
      [Object Copy (ms): Min: 29.8, Avg: 29.9, Max: 29.9, Diff: 0.1, Sum: 59.7]
      [Termination (ms): Min: 0.0, Avg: 0.0, Max: 0.0, Diff: 0.0, Sum: 0.0]
         [Termination Attempts: Min: 1, Avg: 1.0, Max: 1, Diff: 0, Sum: 2]
      [GC Worker Other (ms): Min: 0.0, Avg: 0.0, Max: 0.0, Diff: 0.0, Sum: 0.1]
      [GC Worker Total (ms): Min: 37.7, Avg: 37.8, Max: 37.8, Diff: 0.1, Sum: 75.6]
      [GC Worker End (ms): Min: 86821356.8, Avg: 86821356.8, Max: 86821356.8, Diff: 0.0]
   [Code Root Fixup: 0.2 ms]
   [Code Root Purge: 0.0 ms]
   [Clear CT: 0.1 ms]
   [Other: 1.4 ms]
      [Choose CSet: 0.0 ms]
      [Ref Proc: 0.5 ms]
      [Ref Enq: 0.0 ms]
      [Redirty Cards: 0.3 ms]
      [Humongous Register: 0.1 ms]
      [Humongous Reclaim: 0.0 ms]
      [Free CSet: 0.1 ms]
   [Eden: 45.0M(45.0M)->0.0B(48.0M) Survivors: 6144.0K->3072.0K Heap: 330.0M(1024.0M)->283.1M(1024.0M)]
 [Times: user=0.03 sys=0.02, real=0.04 secs] 
2017-09-25T11:19:31.892+0900: 86923.950: [GC pause (G1 Evacuation Pause) (young), 0.0422473 secs]
   [Parallel Time: 40.5 ms, GC Workers: 2]
      [GC Worker Start (ms): Min: 86923950.7, Avg: 86923950.7, Max: 86923950.8, Diff: 0.1]
      [Ext Root Scanning (ms): Min: 1.9, Avg: 2.0, Max: 2.0, Diff: 0.1, Sum: 3.9]
      [Update RS (ms): Min: 2.9, Avg: 3.0, Max: 3.1, Diff: 0.2, Sum: 6.0]
         [Processed Buffers: Min: 11, Avg: 15.0, Max: 19, Diff: 8, Sum: 30]
      [Scan RS (ms): Min: 5.7, Avg: 5.8, Max: 5.9, Diff: 0.3, Sum: 11.6]
      [Code Root Scanning (ms): Min: 0.0, Avg: 0.0, Max: 0.0, Diff: 0.0, Sum: 0.0]
      [Object Copy (ms): Min: 29.4, Avg: 29.5, Max: 29.6, Diff: 0.1, Sum: 59.0]
      [Termination (ms): Min: 0.0, Avg: 0.0, Max: 0.0, Diff: 0.0, Sum: 0.0]
         [Termination Attempts: Min: 2, Avg: 2.0, Max: 2, Diff: 0, Sum: 4]
      [GC Worker Other (ms): Min: 0.0, Avg: 0.0, Max: 0.0, Diff: 0.0, Sum: 0.0]
      [GC Worker Total (ms): Min: 40.3, Avg: 40.3, Max: 40.4, Diff: 0.1, Sum: 80.7]
      [GC Worker End (ms): Min: 86923991.1, Avg: 86923991.1, Max: 86923991.1, Diff: 0.0]
   [Code Root Fixup: 0.1 ms]
   [Code Root Purge: 0.0 ms]
   [Clear CT: 0.2 ms]
   [Other: 1.5 ms]
      [Choose CSet: 0.0 ms]
      [Ref Proc: 0.6 ms]
      [Ref Enq: 0.0 ms]
      [Redirty Cards: 0.3 ms]
      [Humongous Register: 0.1 ms]
      [Humongous Reclaim: 0.0 ms]
      [Free CSet: 0.1 ms]
   [Eden: 48.0M(48.0M)->0.0B(46.0M) Survivors: 3072.0K->5120.0K Heap: 331.1M(1024.0M)->285.1M(1024.0M)]
 [Times: user=0.08 sys=0.00, real=0.04 secs] 
2017-09-25T11:21:09.201+0900: 87021.260: [GC pause (G1 Evacuation Pause) (young), 0.0335771 secs]
   [Parallel Time: 31.8 ms, GC Workers: 2]
      [GC Worker Start (ms): Min: 87021260.3, Avg: 87021260.3, Max: 87021260.4, Diff: 0.1]
      [Ext Root Scanning (ms): Min: 1.8, Avg: 1.8, Max: 1.8, Diff: 0.0, Sum: 3.6]
      [Update RS (ms): Min: 3.0, Avg: 3.0, Max: 3.0, Diff: 0.0, Sum: 6.0]
         [Processed Buffers: Min: 9, Avg: 16.0, Max: 23, Diff: 14, Sum: 32]
      [Scan RS (ms): Min: 5.0, Avg: 5.3, Max: 5.6, Diff: 0.6, Sum: 10.6]
      [Code Root Scanning (ms): Min: 0.0, Avg: 0.0, Max: 0.0, Diff: 0.0, Sum: 0.0]
      [Object Copy (ms): Min: 20.9, Avg: 21.2, Max: 21.5, Diff: 0.7, Sum: 42.4]
      [Termination (ms): Min: 0.0, Avg: 0.0, Max: 0.0, Diff: 0.0, Sum: 0.0]
         [Termination Attempts: Min: 1, Avg: 1.0, Max: 1, Diff: 0, Sum: 2]
      [GC Worker Other (ms): Min: 0.0, Avg: 0.0, Max: 0.0, Diff: 0.0, Sum: 0.1]
      [GC Worker Total (ms): Min: 31.3, Avg: 31.3, Max: 31.4, Diff: 0.1, Sum: 62.7]
      [GC Worker End (ms): Min: 87021291.7, Avg: 87021291.7, Max: 87021291.7, Diff: 0.0]
   [Code Root Fixup: 0.1 ms]
   [Code Root Purge: 0.0 ms]
   [Clear CT: 0.2 ms]
   [Other: 1.4 ms]
      [Choose CSet: 0.0 ms]
      [Ref Proc: 0.4 ms]
      [Ref Enq: 0.0 ms]
      [Redirty Cards: 0.5 ms]
      [Humongous Register: 0.1 ms]
      [Humongous Reclaim: 0.0 ms]
      [Free CSet: 0.1 ms]
   [Eden: 46.0M(46.0M)->0.0B(44.0M) Survivors: 5120.0K->7168.0K Heap: 331.1M(1024.0M)->287.1M(1024.0M)]
 [Times: user=0.06 sys=0.00, real=0.04 secs] 
2017-09-25T11:22:42.274+0900: 87114.333: [GC pause (G1 Evacuation Pause) (young), 0.0266371 secs]
   [Parallel Time: 25.7 ms, GC Workers: 2]
      [GC Worker Start (ms): Min: 87114332.9, Avg: 87114333.0, Max: 87114333.0, Diff: 0.0]
      [Ext Root Scanning (ms): Min: 0.8, Avg: 0.9, Max: 0.9, Diff: 0.1, Sum: 1.7]
      [Update RS (ms): Min: 1.4, Avg: 1.5, Max: 1.5, Diff: 0.1, Sum: 2.9]
         [Processed Buffers: Min: 14, Avg: 15.5, Max: 17, Diff: 3, Sum: 31]
      [Scan RS (ms): Min: 1.1, Avg: 1.1, Max: 1.1, Diff: 0.1, Sum: 2.2]
      [Code Root Scanning (ms): Min: 0.0, Avg: 0.0, Max: 0.0, Diff: 0.0, Sum: 0.0]
      [Object Copy (ms): Min: 22.1, Avg: 22.2, Max: 22.2, Diff: 0.0, Sum: 44.3]
      [Termination (ms): Min: 0.0, Avg: 0.0, Max: 0.0, Diff: 0.0, Sum: 0.0]
         [Termination Attempts: Min: 1, Avg: 1.0, Max: 1, Diff: 0, Sum: 2]
      [GC Worker Other (ms): Min: 0.0, Avg: 0.0, Max: 0.0, Diff: 0.0, Sum: 0.0]
      [GC Worker Total (ms): Min: 25.6, Avg: 25.6, Max: 25.6, Diff: 0.0, Sum: 51.2]
      [GC Worker End (ms): Min: 87114358.6, Avg: 87114358.6, Max: 87114358.6, Diff: 0.0]
   [Code Root Fixup: 0.1 ms]
   [Code Root Purge: 0.0 ms]
   [Clear CT: 0.1 ms]
   [Other: 0.9 ms]
      [Choose CSet: 0.0 ms]
      [Ref Proc: 0.3 ms]
      [Ref Enq: 0.0 ms]
      [Redirty Cards: 0.0 ms]
      [Humongous Register: 0.0 ms]
      [Humongous Reclaim: 0.0 ms]
      [Free CSet: 0.1 ms]
   [Eden: 44.0M(44.0M)->0.0B(48.0M) Survivors: 7168.0K->3072.0K Heap: 331.1M(1024.0M)->285.1M(1024.0M)]
 [Times: user=0.00 sys=0.01, real=0.02 secs] 
2017-09-25T11:24:24.626+0900: 87216.685: [GC pause (G1 Evacuation Pause) (young), 0.0202763 secs]
   [Parallel Time: 19.5 ms, GC Workers: 2]
      [GC Worker Start (ms): Min: 87216685.0, Avg: 87216685.0, Max: 87216685.0, Diff: 0.0]
      [Ext Root Scanning (ms): Min: 0.9, Avg: 0.9, Max: 0.9, Diff: 0.1, Sum: 1.8]
      [Update RS (ms): Min: 1.9, Avg: 1.9, Max: 1.9, Diff: 0.1, Sum: 3.8]
         [Processed Buffers: Min: 9, Avg: 16.0, Max: 23, Diff: 14, Sum: 32]
      [Scan RS (ms): Min: 1.6, Avg: 1.7, Max: 1.7, Diff: 0.1, Sum: 3.4]
      [Code Root Scanning (ms): Min: 0.0, Avg: 0.0, Max: 0.0, Diff: 0.0, Sum: 0.0]
      [Object Copy (ms): Min: 11.1, Avg: 13.0, Max: 14.9, Diff: 3.8, Sum: 26.0]
      [Termination (ms): Min: 0.0, Avg: 1.9, Max: 3.9, Diff: 3.9, Sum: 3.9]
         [Termination Attempts: Min: 1, Avg: 1.0, Max: 1, Diff: 0, Sum: 2]
      [GC Worker Other (ms): Min: 0.0, Avg: 0.0, Max: 0.0, Diff: 0.0, Sum: 0.0]
      [GC Worker Total (ms): Min: 19.4, Avg: 19.4, Max: 19.4, Diff: 0.0, Sum: 38.9]
      [GC Worker End (ms): Min: 87216704.5, Avg: 87216704.5, Max: 87216704.5, Diff: 0.0]
   [Code Root Fixup: 0.0 ms]
   [Code Root Purge: 0.0 ms]
   [Clear CT: 0.1 ms]
   [Other: 0.6 ms]
      [Choose CSet: 0.0 ms]
      [Ref Proc: 0.2 ms]
      [Ref Enq: 0.0 ms]
      [Redirty Cards: 0.0 ms]
      [Humongous Register: 0.0 ms]
      [Humongous Reclaim: 0.0 ms]
      [Free CSet: 0.0 ms]
   [Eden: 48.0M(48.0M)->0.0B(46.0M) Survivors: 3072.0K->5120.0K Heap: 333.1M(1024.0M)->287.1M(1024.0M)]
 [Times: user=0.04 sys=0.00, real=0.02 secs] 
2017-09-25T11:26:02.275+0900: 87314.334: [GC pause (G1 Evacuation Pause) (young), 0.0257322 secs]
   [Parallel Time: 24.0 ms, GC Workers: 2]
      [GC Worker Start (ms): Min: 87314334.2, Avg: 87314334.2, Max: 87314334.3, Diff: 0.1]
      [Ext Root Scanning (ms): Min: 1.5, Avg: 1.5, Max: 1.6, Diff: 0.1, Sum: 3.1]
      [Update RS (ms): Min: 3.1, Avg: 3.3, Max: 3.5, Diff: 0.3, Sum: 6.6]
         [Processed Buffers: Min: 15, Avg: 17.0, Max: 19, Diff: 4, Sum: 34]
      [Scan RS (ms): Min: 2.7, Avg: 3.8, Max: 5.0, Diff: 2.3, Sum: 7.7]
      [Code Root Scanning (ms): Min: 0.0, Avg: 0.0, Max: 0.0, Diff: 0.0, Sum: 0.0]
      [Object Copy (ms): Min: 14.2, Avg: 15.1, Max: 16.1, Diff: 1.9, Sum: 30.2]
      [Termination (ms): Min: 0.0, Avg: 0.0, Max: 0.0, Diff: 0.0, Sum: 0.0]
         [Termination Attempts: Min: 1, Avg: 1.0, Max: 1, Diff: 0, Sum: 2]
      [GC Worker Other (ms): Min: 0.0, Avg: 0.0, Max: 0.0, Diff: 0.0, Sum: 0.0]
      [GC Worker Total (ms): Min: 23.8, Avg: 23.8, Max: 23.8, Diff: 0.1, Sum: 47.6]
      [GC Worker End (ms): Min: 87314358.0, Avg: 87314358.0, Max: 87314358.0, Diff: 0.0]
   [Code Root Fixup: 0.1 ms]
   [Code Root Purge: 0.0 ms]
   [Clear CT: 0.2 ms]
   [Other: 1.5 ms]
      [Choose CSet: 0.0 ms]
      [Ref Proc: 0.3 ms]
      [Ref Enq: 0.0 ms]
      [Redirty Cards: 0.3 ms]
      [Humongous Register: 0.0 ms]
      [Humongous Reclaim: 0.0 ms]
      [Free CSet: 0.0 ms]
   [Eden: 46.0M(46.0M)->0.0B(48.0M) Survivors: 5120.0K->3072.0K Heap: 333.1M(1024.0M)->285.3M(1024.0M)]
 [Times: user=0.03 sys=0.00, real=0.02 secs] 
2017-09-25T11:27:44.263+0900: 87416.321: [GC pause (G1 Evacuation Pause) (young), 0.0310217 secs]
   [Parallel Time: 29.7 ms, GC Workers: 2]
      [GC Worker Start (ms): Min: 87416321.5, Avg: 87416321.6, Max: 87416321.6, Diff: 0.2]
      [Ext Root Scanning (ms): Min: 1.8, Avg: 1.9, Max: 2.0, Diff: 0.2, Sum: 3.8]
      [Update RS (ms): Min: 3.8, Avg: 3.9, Max: 3.9, Diff: 0.1, Sum: 7.8]
         [Processed Buffers: Min: 7, Avg: 16.5, Max: 26, Diff: 19, Sum: 33]
      [Scan RS (ms): Min: 4.5, Avg: 4.6, Max: 4.6, Diff: 0.0, Sum: 9.1]
      [Code Root Scanning (ms): Min: 0.0, Avg: 0.0, Max: 0.0, Diff: 0.0, Sum: 0.0]
      [Object Copy (ms): Min: 19.1, Avg: 19.2, Max: 19.3, Diff: 0.2, Sum: 38.4]
      [Termination (ms): Min: 0.0, Avg: 0.0, Max: 0.0, Diff: 0.0, Sum: 0.0]
         [Termination Attempts: Min: 1, Avg: 1.5, Max: 2, Diff: 1, Sum: 3]
      [GC Worker Other (ms): Min: 0.0, Avg: 0.0, Max: 0.0, Diff: 0.0, Sum: 0.0]
      [GC Worker Total (ms): Min: 29.5, Avg: 29.5, Max: 29.6, Diff: 0.2, Sum: 59.1]
      [GC Worker End (ms): Min: 87416351.1, Avg: 87416351.1, Max: 87416351.1, Diff: 0.0]
   [Code Root Fixup: 0.1 ms]
   [Code Root Purge: 0.0 ms]
   [Clear CT: 0.2 ms]
   [Other: 1.1 ms]
      [Choose CSet: 0.0 ms]
      [Ref Proc: 0.4 ms]
      [Ref Enq: 0.0 ms]
      [Redirty Cards: 0.3 ms]
      [Humongous Register: 0.1 ms]
      [Humongous Reclaim: 0.0 ms]
      [Free CSet: 0.1 ms]
   [Eden: 48.0M(48.0M)->0.0B(46.0M) Survivors: 3072.0K->5120.0K Heap: 333.3M(1024.0M)->287.3M(1024.0M)]
 [Times: user=0.06 sys=0.00, real=0.03 secs] 
2017-09-25T11:29:21.395+0900: 87513.453: [GC pause (G1 Evacuation Pause) (young), 0.0639362 secs]
   [Parallel Time: 48.2 ms, GC Workers: 2]
      [GC Worker Start (ms): Min: 87513453.6, Avg: 87513453.7, Max: 87513453.8, Diff: 0.2]
      [Ext Root Scanning (ms): Min: 1.7, Avg: 1.8, Max: 2.0, Diff: 0.2, Sum: 3.7]
      [Update RS (ms): Min: 5.0, Avg: 8.8, Max: 12.7, Diff: 7.8, Sum: 17.7]
         [Processed Buffers: Min: 10, Avg: 16.0, Max: 22, Diff: 12, Sum: 32]
      [Scan RS (ms): Min: 2.0, Avg: 5.9, Max: 9.8, Diff: 7.9, Sum: 11.8]
      [Code Root Scanning (ms): Min: 0.0, Avg: 0.0, Max: 0.0, Diff: 0.0, Sum: 0.0]
      [Object Copy (ms): Min: 31.3, Avg: 31.4, Max: 31.4, Diff: 0.1, Sum: 62.8]
      [Termination (ms): Min: 0.0, Avg: 0.0, Max: 0.1, Diff: 0.1, Sum: 0.1]
         [Termination Attempts: Min: 1, Avg: 1.0, Max: 1, Diff: 0, Sum: 2]
      [GC Worker Other (ms): Min: 0.0, Avg: 0.0, Max: 0.0, Diff: 0.0, Sum: 0.0]
      [GC Worker Total (ms): Min: 47.9, Avg: 48.0, Max: 48.1, Diff: 0.2, Sum: 96.1]
      [GC Worker End (ms): Min: 87513501.7, Avg: 87513501.7, Max: 87513501.7, Diff: 0.0]
   [Code Root Fixup: 0.0 ms]
   [Code Root Purge: 0.0 ms]
   [Clear CT: 0.2 ms]
   [Other: 15.5 ms]
      [Choose CSet: 0.0 ms]
      [Ref Proc: 14.0 ms]
      [Ref Enq: 0.0 ms]
      [Redirty Cards: 0.2 ms]
      [Humongous Register: 0.1 ms]
      [Humongous Reclaim: 0.1 ms]
      [Free CSet: 0.1 ms]
   [Eden: 46.0M(46.0M)->0.0B(45.0M) Survivors: 5120.0K->6144.0K Heap: 333.3M(1024.0M)->289.3M(1024.0M)]
 [Times: user=0.05 sys=0.00, real=0.06 secs] 
2017-09-25T11:30:56.977+0900: 87609.036: [GC pause (G1 Evacuation Pause) (young), 0.0122790 secs]
   [Parallel Time: 11.2 ms, GC Workers: 2]
      [GC Worker Start (ms): Min: 87609036.0, Avg: 87609036.0, Max: 87609036.0, Diff: 0.0]
      [Ext Root Scanning (ms): Min: 0.5, Avg: 0.5, Max: 0.5, Diff: 0.1, Sum: 1.0]
      [Update RS (ms): Min: 0.6, Avg: 0.6, Max: 0.6, Diff: 0.0, Sum: 1.2]
         [Processed Buffers: Min: 11, Avg: 17.0, Max: 23, Diff: 12, Sum: 34]
      [Scan RS (ms): Min: 0.8, Avg: 0.8, Max: 0.8, Diff: 0.0, Sum: 1.6]
      [Code Root Scanning (ms): Min: 0.0, Avg: 0.0, Max: 0.0, Diff: 0.0, Sum: 0.0]
      [Object Copy (ms): Min: 9.2, Avg: 9.2, Max: 9.2, Diff: 0.0, Sum: 18.5]
      [Termination (ms): Min: 0.0, Avg: 0.0, Max: 0.0, Diff: 0.0, Sum: 0.0]
         [Termination Attempts: Min: 1, Avg: 1.5, Max: 2, Diff: 1, Sum: 3]
      [GC Worker Other (ms): Min: 0.0, Avg: 0.0, Max: 0.0, Diff: 0.0, Sum: 0.0]
      [GC Worker Total (ms): Min: 11.1, Avg: 11.1, Max: 11.1, Diff: 0.0, Sum: 22.3]
      [GC Worker End (ms): Min: 87609047.2, Avg: 87609047.2, Max: 87609047.2, Diff: 0.0]
   [Code Root Fixup: 0.0 ms]
   [Code Root Purge: 0.0 ms]
   [Clear CT: 0.1 ms]
   [Other: 1.0 ms]
      [Choose CSet: 0.0 ms]
      [Ref Proc: 0.6 ms]
      [Ref Enq: 0.0 ms]
      [Redirty Cards: 0.2 ms]
      [Humongous Register: 0.0 ms]
      [Humongous Reclaim: 0.0 ms]
      [Free CSet: 0.0 ms]
   [Eden: 45.0M(45.0M)->0.0B(48.0M) Survivors: 6144.0K->3072.0K Heap: 334.3M(1024.0M)->288.2M(1024.0M)]
 [Times: user=0.01 sys=0.00, real=0.01 secs] 
2017-09-25T11:32:38.640+0900: 87710.699: [GC pause (G1 Evacuation Pause) (young), 0.0507819 secs]
   [Parallel Time: 49.7 ms, GC Workers: 2]
      [GC Worker Start (ms): Min: 87710698.9, Avg: 87710699.0, Max: 87710699.1, Diff: 0.1]
      [Ext Root Scanning (ms): Min: 1.9, Avg: 2.0, Max: 2.1, Diff: 0.2, Sum: 4.0]
      [Update RS (ms): Min: 20.8, Avg: 22.2, Max: 23.7, Diff: 2.9, Sum: 44.5]
         [Processed Buffers: Min: 11, Avg: 16.0, Max: 21, Diff: 10, Sum: 32]
      [Scan RS (ms): Min: 7.7, Avg: 8.3, Max: 8.8, Diff: 1.1, Sum: 16.5]
      [Code Root Scanning (ms): Min: 0.0, Avg: 0.0, Max: 0.0, Diff: 0.0, Sum: 0.0]
      [Object Copy (ms): Min: 16.2, Avg: 17.0, Max: 17.8, Diff: 1.7, Sum: 34.0]
      [Termination (ms): Min: 0.0, Avg: 0.0, Max: 0.1, Diff: 0.1, Sum: 0.1]
         [Termination Attempts: Min: 1, Avg: 1.0, Max: 1, Diff: 0, Sum: 2]
      [GC Worker Other (ms): Min: 0.0, Avg: 0.0, Max: 0.0, Diff: 0.0, Sum: 0.0]
      [GC Worker Total (ms): Min: 49.5, Avg: 49.6, Max: 49.7, Diff: 0.2, Sum: 99.1]
      [GC Worker End (ms): Min: 87710748.5, Avg: 87710748.6, Max: 87710748.6, Diff: 0.1]
   [Code Root Fixup: 0.1 ms]
   [Code Root Purge: 0.0 ms]
   [Clear CT: 0.1 ms]
   [Other: 0.9 ms]
      [Choose CSet: 0.0 ms]
      [Ref Proc: 0.2 ms]
      [Ref Enq: 0.0 ms]
      [Redirty Cards: 0.1 ms]
      [Humongous Register: 0.1 ms]
      [Humongous Reclaim: 0.0 ms]
      [Free CSet: 0.1 ms]
   [Eden: 48.0M(48.0M)->0.0B(46.0M) Survivors: 3072.0K->5120.0K Heap: 336.2M(1024.0M)->290.2M(1024.0M)]
 [Times: user=0.08 sys=0.00, real=0.06 secs] 
2017-09-25T11:34:16.292+0900: 87808.350: [GC pause (G1 Evacuation Pause) (young), 0.0183933 secs]
   [Parallel Time: 16.9 ms, GC Workers: 2]
      [GC Worker Start (ms): Min: 87808350.4, Avg: 87808350.4, Max: 87808350.4, Diff: 0.1]
      [Ext Root Scanning (ms): Min: 1.8, Avg: 1.9, Max: 1.9, Diff: 0.1, Sum: 3.8]
      [Update RS (ms): Min: 2.6, Avg: 2.9, Max: 3.1, Diff: 0.5, Sum: 5.7]
         [Processed Buffers: Min: 13, Avg: 15.0, Max: 17, Diff: 4, Sum: 30]
      [Scan RS (ms): Min: 4.5, Avg: 4.6, Max: 4.7, Diff: 0.3, Sum: 9.2]
      [Code Root Scanning (ms): Min: 0.0, Avg: 0.0, Max: 0.0, Diff: 0.0, Sum: 0.0]
      [Object Copy (ms): Min: 7.1, Avg: 7.3, Max: 7.4, Diff: 0.3, Sum: 14.5]
      [Termination (ms): Min: 0.0, Avg: 0.0, Max: 0.0, Diff: 0.0, Sum: 0.0]
         [Termination Attempts: Min: 1, Avg: 1.0, Max: 1, Diff: 0, Sum: 2]
      [GC Worker Other (ms): Min: 0.0, Avg: 0.1, Max: 0.1, Diff: 0.1, Sum: 0.1]
      [GC Worker Total (ms): Min: 16.6, Avg: 16.6, Max: 16.7, Diff: 0.1, Sum: 33.3]
      [GC Worker End (ms): Min: 87808367.0, Avg: 87808367.0, Max: 87808367.0, Diff: 0.0]
   [Code Root Fixup: 0.1 ms]
   [Code Root Purge: 0.0 ms]
   [Clear CT: 0.2 ms]
   [Other: 1.2 ms]
      [Choose CSet: 0.0 ms]
      [Ref Proc: 0.6 ms]
      [Ref Enq: 0.0 ms]
      [Redirty Cards: 0.1 ms]
      [Humongous Register: 0.1 ms]
      [Humongous Reclaim: 0.0 ms]
      [Free CSet: 0.1 ms]
   [Eden: 46.0M(46.0M)->0.0B(48.0M) Survivors: 5120.0K->3072.0K Heap: 336.2M(1024.0M)->288.3M(1024.0M)]
 [Times: user=0.03 sys=0.00, real=0.02 secs] 
2017-09-25T11:35:57.916+0900: 87909.974: [GC pause (G1 Evacuation Pause) (young), 0.0268556 secs]
   [Parallel Time: 25.5 ms, GC Workers: 2]
      [GC Worker Start (ms): Min: 87909974.6, Avg: 87909974.7, Max: 87909974.8, Diff: 0.2]
      [Ext Root Scanning (ms): Min: 1.4, Avg: 1.5, Max: 1.7, Diff: 0.2, Sum: 3.1]
      [Update RS (ms): Min: 2.8, Avg: 2.9, Max: 2.9, Diff: 0.1, Sum: 5.8]
         [Processed Buffers: Min: 14, Avg: 16.0, Max: 18, Diff: 4, Sum: 32]
      [Scan RS (ms): Min: 3.8, Avg: 3.8, Max: 3.8, Diff: 0.0, Sum: 7.6]
      [Code Root Scanning (ms): Min: 0.0, Avg: 0.0, Max: 0.0, Diff: 0.0, Sum: 0.0]
      [Object Copy (ms): Min: 16.9, Avg: 17.0, Max: 17.0, Diff: 0.1, Sum: 34.0]
      [Termination (ms): Min: 0.0, Avg: 0.0, Max: 0.0, Diff: 0.0, Sum: 0.0]
         [Termination Attempts: Min: 1, Avg: 1.0, Max: 1, Diff: 0, Sum: 2]
      [GC Worker Other (ms): Min: 0.0, Avg: 0.0, Max: 0.0, Diff: 0.0, Sum: 0.0]
      [GC Worker Total (ms): Min: 25.1, Avg: 25.2, Max: 25.3, Diff: 0.2, Sum: 50.5]
      [GC Worker End (ms): Min: 87909999.9, Avg: 87909999.9, Max: 87909999.9, Diff: 0.0]
   [Code Root Fixup: 0.1 ms]
   [Code Root Purge: 0.0 ms]
   [Clear CT: 0.2 ms]
   [Other: 1.0 ms]
      [Choose CSet: 0.0 ms]
      [Ref Proc: 0.4 ms]
      [Ref Enq: 0.0 ms]
      [Redirty Cards: 0.3 ms]
      [Humongous Register: 0.1 ms]
      [Humongous Reclaim: 0.0 ms]
      [Free CSet: 0.1 ms]
   [Eden: 48.0M(48.0M)->0.0B(46.0M) Survivors: 3072.0K->5120.0K Heap: 336.3M(1024.0M)->290.3M(1024.0M)]
 [Times: user=0.05 sys=0.00, real=0.03 secs] 
2017-09-25T11:37:35.216+0900: 88007.275: [GC pause (G1 Evacuation Pause) (young), 0.0265989 secs]
   [Parallel Time: 25.6 ms, GC Workers: 2]
      [GC Worker Start (ms): Min: 88007275.1, Avg: 88007275.1, Max: 88007275.1, Diff: 0.0]
      [Ext Root Scanning (ms): Min: 0.7, Avg: 0.7, Max: 0.7, Diff: 0.0, Sum: 1.4]
      [Update RS (ms): Min: 1.4, Avg: 1.4, Max: 1.4, Diff: 0.0, Sum: 2.9]
         [Processed Buffers: Min: 8, Avg: 16.0, Max: 24, Diff: 16, Sum: 32]
      [Scan RS (ms): Min: 1.2, Avg: 1.3, Max: 1.4, Diff: 0.2, Sum: 2.6]
      [Code Root Scanning (ms): Min: 0.0, Avg: 0.0, Max: 0.0, Diff: 0.0, Sum: 0.0]
      [Object Copy (ms): Min: 10.5, Avg: 16.2, Max: 21.9, Diff: 11.4, Sum: 32.4]
      [Termination (ms): Min: 0.0, Avg: 5.8, Max: 11.7, Diff: 11.7, Sum: 11.7]
         [Termination Attempts: Min: 1, Avg: 1.0, Max: 1, Diff: 0, Sum: 2]
      [GC Worker Other (ms): Min: 0.0, Avg: 0.0, Max: 0.0, Diff: 0.0, Sum: 0.0]
      [GC Worker Total (ms): Min: 25.4, Avg: 25.5, Max: 25.5, Diff: 0.1, Sum: 51.0]
      [GC Worker End (ms): Min: 88007300.6, Avg: 88007300.6, Max: 88007300.7, Diff: 0.1]
   [Code Root Fixup: 0.0 ms]
   [Code Root Purge: 0.0 ms]
   [Clear CT: 0.1 ms]
   [Other: 0.9 ms]
      [Choose CSet: 0.0 ms]
      [Ref Proc: 0.5 ms]
      [Ref Enq: 0.0 ms]
      [Redirty Cards: 0.1 ms]
      [Humongous Register: 0.0 ms]
      [Humongous Reclaim: 0.0 ms]
      [Free CSet: 0.0 ms]
   [Eden: 46.0M(46.0M)->0.0B(45.0M) Survivors: 5120.0K->6144.0K Heap: 336.3M(1024.0M)->292.3M(1024.0M)]
 [Times: user=0.04 sys=0.00, real=0.03 secs] 
2017-09-25T11:39:10.771+0900: 88102.830: [GC pause (G1 Evacuation Pause) (young), 0.0242372 secs]
   [Parallel Time: 22.7 ms, GC Workers: 2]
      [GC Worker Start (ms): Min: 88102830.1, Avg: 88102830.2, Max: 88102830.3, Diff: 0.3]
      [Ext Root Scanning (ms): Min: 1.6, Avg: 1.8, Max: 1.9, Diff: 0.3, Sum: 3.6]
      [Update RS (ms): Min: 3.7, Avg: 4.3, Max: 4.8, Diff: 1.1, Sum: 8.6]
         [Processed Buffers: Min: 3, Avg: 16.0, Max: 29, Diff: 26, Sum: 32]
      [Scan RS (ms): Min: 3.5, Avg: 4.9, Max: 6.4, Diff: 2.9, Sum: 9.8]
      [Code Root Scanning (ms): Min: 0.0, Avg: 0.0, Max: 0.0, Diff: 0.0, Sum: 0.0]
      [Object Copy (ms): Min: 10.7, Avg: 11.5, Max: 12.4, Diff: 1.7, Sum: 23.0]
      [Termination (ms): Min: 0.0, Avg: 0.0, Max: 0.0, Diff: 0.0, Sum: 0.0]
         [Termination Attempts: Min: 1, Avg: 1.0, Max: 1, Diff: 0, Sum: 2]
      [GC Worker Other (ms): Min: 0.0, Avg: 0.0, Max: 0.0, Diff: 0.0, Sum: 0.0]
      [GC Worker Total (ms): Min: 22.4, Avg: 22.5, Max: 22.7, Diff: 0.3, Sum: 45.1]
      [GC Worker End (ms): Min: 88102852.8, Avg: 88102852.8, Max: 88102852.8, Diff: 0.0]
   [Code Root Fixup: 0.2 ms]
   [Code Root Purge: 0.0 ms]
   [Clear CT: 0.1 ms]
   [Other: 1.2 ms]
      [Choose CSet: 0.0 ms]
      [Ref Proc: 0.4 ms]
      [Ref Enq: 0.0 ms]
      [Redirty Cards: 0.4 ms]
      [Humongous Register: 0.1 ms]
      [Humongous Reclaim: 0.0 ms]
      [Free CSet: 0.1 ms]
   [Eden: 45.0M(45.0M)->0.0B(48.0M) Survivors: 6144.0K->3072.0K Heap: 337.3M(1024.0M)->290.4M(1024.0M)]
 [Times: user=0.05 sys=0.00, real=0.02 secs] 
2017-09-25T11:40:52.614+0900: 88204.672: [GC pause (G1 Evacuation Pause) (young), 0.0361698 secs]
   [Parallel Time: 25.9 ms, GC Workers: 2]
      [GC Worker Start (ms): Min: 88204672.4, Avg: 88204672.5, Max: 88204672.6, Diff: 0.2]
      [Ext Root Scanning (ms): Min: 1.7, Avg: 1.8, Max: 1.9, Diff: 0.2, Sum: 3.7]
      [Update RS (ms): Min: 4.4, Avg: 4.5, Max: 4.5, Diff: 0.1, Sum: 8.9]
         [Processed Buffers: Min: 15, Avg: 16.5, Max: 18, Diff: 3, Sum: 33]
      [Scan RS (ms): Min: 5.6, Avg: 5.7, Max: 5.8, Diff: 0.2, Sum: 11.5]
      [Code Root Scanning (ms): Min: 0.0, Avg: 0.0, Max: 0.0, Diff: 0.0, Sum: 0.0]
      [Object Copy (ms): Min: 13.5, Avg: 13.7, Max: 13.9, Diff: 0.3, Sum: 27.4]
      [Termination (ms): Min: 0.0, Avg: 0.0, Max: 0.0, Diff: 0.0, Sum: 0.0]
         [Termination Attempts: Min: 1, Avg: 1.0, Max: 1, Diff: 0, Sum: 2]
      [GC Worker Other (ms): Min: 0.0, Avg: 0.0, Max: 0.0, Diff: 0.0, Sum: 0.0]
      [GC Worker Total (ms): Min: 25.6, Avg: 25.7, Max: 25.8, Diff: 0.2, Sum: 51.5]
      [GC Worker End (ms): Min: 88204698.3, Avg: 88204698.3, Max: 88204698.3, Diff: 0.0]
   [Code Root Fixup: 0.1 ms]
   [Code Root Purge: 0.0 ms]
   [Clear CT: 0.1 ms]
   [Other: 10.0 ms]
      [Choose CSet: 0.0 ms]
      [Ref Proc: 0.3 ms]
      [Ref Enq: 0.0 ms]
      [Redirty Cards: 9.1 ms]
      [Humongous Register: 0.1 ms]
      [Humongous Reclaim: 0.0 ms]
      [Free CSet: 0.1 ms]
   [Eden: 48.0M(48.0M)->0.0B(46.0M) Survivors: 3072.0K->5120.0K Heap: 338.4M(1024.0M)->292.4M(1024.0M)]
 [Times: user=0.05 sys=0.00, real=0.04 secs] 
2017-09-25T12:13:01.491+0900: 88304.297: [GC pause (G1 Evacuation Pause) (young), 0.0149038 secs]
   [Parallel Time: 13.7 ms, GC Workers: 2]
      [GC Worker Start (ms): Min: 88304297.6, Avg: 88304297.6, Max: 88304297.6, Diff: 0.0]
      [Ext Root Scanning (ms): Min: 0.5, Avg: 0.5, Max: 0.5, Diff: 0.0, Sum: 1.0]
      [Update RS (ms): Min: 0.6, Avg: 0.6, Max: 0.6, Diff: 0.0, Sum: 1.2]
         [Processed Buffers: Min: 17, Avg: 17.0, Max: 17, Diff: 0, Sum: 34]
      [Scan RS (ms): Min: 0.7, Avg: 0.7, Max: 0.7, Diff: 0.0, Sum: 1.4]
      [Code Root Scanning (ms): Min: 0.0, Avg: 0.0, Max: 0.0, Diff: 0.0, Sum: 0.0]
      [Object Copy (ms): Min: 11.8, Avg: 11.8, Max: 11.8, Diff: 0.0, Sum: 23.6]
      [Termination (ms): Min: 0.0, Avg: 0.0, Max: 0.0, Diff: 0.0, Sum: 0.0]
         [Termination Attempts: Min: 1, Avg: 1.0, Max: 1, Diff: 0, Sum: 2]
      [GC Worker Other (ms): Min: 0.0, Avg: 0.0, Max: 0.0, Diff: 0.0, Sum: 0.0]
      [GC Worker Total (ms): Min: 13.6, Avg: 13.6, Max: 13.6, Diff: 0.0, Sum: 27.3]
      [GC Worker End (ms): Min: 88304311.2, Avg: 88304311.2, Max: 88304311.2, Diff: 0.0]
   [Code Root Fixup: 0.0 ms]
   [Code Root Purge: 0.0 ms]
   [Clear CT: 0.1 ms]
   [Other: 1.1 ms]
      [Choose CSet: 0.0 ms]
      [Ref Proc: 0.2 ms]
      [Ref Enq: 0.0 ms]
      [Redirty Cards: 0.2 ms]
      [Humongous Register: 0.0 ms]
      [Humongous Reclaim: 0.0 ms]
      [Free CSet: 0.0 ms]
   [Eden: 46.0M(46.0M)->0.0B(45.0M) Survivors: 5120.0K->6144.0K Heap: 338.4M(1024.0M)->294.6M(1024.0M)]
 [Times: user=0.01 sys=0.01, real=0.02 secs] 
2017-09-25T12:14:44.999+0900: 88407.805: [GC pause (G1 Evacuation Pause) (young), 0.0181822 secs]
   [Parallel Time: 16.9 ms, GC Workers: 2]
      [GC Worker Start (ms): Min: 88407805.4, Avg: 88407805.4, Max: 88407805.4, Diff: 0.0]
      [Ext Root Scanning (ms): Min: 0.8, Avg: 0.8, Max: 0.9, Diff: 0.1, Sum: 1.7]
      [Update RS (ms): Min: 1.8, Avg: 1.8, Max: 1.8, Diff: 0.0, Sum: 3.6]
         [Processed Buffers: Min: 1, Avg: 16.0, Max: 31, Diff: 30, Sum: 32]
      [Scan RS (ms): Min: 1.4, Avg: 1.4, Max: 1.4, Diff: 0.0, Sum: 2.7]
      [Code Root Scanning (ms): Min: 0.0, Avg: 0.0, Max: 0.0, Diff: 0.0, Sum: 0.0]
      [Object Copy (ms): Min: 12.7, Avg: 12.7, Max: 12.8, Diff: 0.1, Sum: 25.5]
      [Termination (ms): Min: 0.0, Avg: 0.0, Max: 0.0, Diff: 0.0, Sum: 0.0]
         [Termination Attempts: Min: 1, Avg: 1.0, Max: 1, Diff: 0, Sum: 2]
      [GC Worker Other (ms): Min: 0.0, Avg: 0.0, Max: 0.0, Diff: 0.0, Sum: 0.0]
      [GC Worker Total (ms): Min: 16.8, Avg: 16.8, Max: 16.8, Diff: 0.0, Sum: 33.5]
      [GC Worker End (ms): Min: 88407822.2, Avg: 88407822.2, Max: 88407822.2, Diff: 0.0]
   [Code Root Fixup: 0.0 ms]
   [Code Root Purge: 0.0 ms]
   [Clear CT: 0.0 ms]
   [Other: 1.2 ms]
      [Choose CSet: 0.0 ms]
      [Ref Proc: 0.4 ms]
      [Ref Enq: 0.0 ms]
      [Redirty Cards: 0.2 ms]
      [Humongous Register: 0.0 ms]
      [Humongous Reclaim: 0.0 ms]
      [Free CSet: 0.0 ms]
   [Eden: 45.0M(45.0M)->0.0B(48.0M) Survivors: 6144.0K->3072.0K Heap: 339.6M(1024.0M)->292.1M(1024.0M)]
 [Times: user=0.02 sys=0.00, real=0.02 secs] 
2017-09-25T12:16:32.966+0900: 88515.772: [GC pause (G1 Evacuation Pause) (young), 0.0102804 secs]
   [Parallel Time: 7.8 ms, GC Workers: 2]
      [GC Worker Start (ms): Min: 88515772.1, Avg: 88515772.1, Max: 88515772.1, Diff: 0.1]
      [Ext Root Scanning (ms): Min: 0.5, Avg: 0.6, Max: 0.6, Diff: 0.1, Sum: 1.1]
      [Update RS (ms): Min: 0.9, Avg: 0.9, Max: 0.9, Diff: 0.0, Sum: 1.8]
         [Processed Buffers: Min: 8, Avg: 16.5, Max: 25, Diff: 17, Sum: 33]
      [Scan RS (ms): Min: 0.8, Avg: 0.8, Max: 0.8, Diff: 0.0, Sum: 1.6]
      [Code Root Scanning (ms): Min: 0.0, Avg: 0.0, Max: 0.0, Diff: 0.0, Sum: 0.0]
      [Object Copy (ms): Min: 5.0, Avg: 5.0, Max: 5.0, Diff: 0.0, Sum: 10.0]
      [Termination (ms): Min: 0.0, Avg: 0.0, Max: 0.0, Diff: 0.0, Sum: 0.0]
         [Termination Attempts: Min: 1, Avg: 1.5, Max: 2, Diff: 1, Sum: 3]
      [GC Worker Other (ms): Min: 0.0, Avg: 0.0, Max: 0.0, Diff: 0.0, Sum: 0.0]
      [GC Worker Total (ms): Min: 7.2, Avg: 7.3, Max: 7.3, Diff: 0.1, Sum: 14.6]
      [GC Worker End (ms): Min: 88515779.4, Avg: 88515779.4, Max: 88515779.4, Diff: 0.0]
   [Code Root Fixup: 0.3 ms]
   [Code Root Purge: 0.0 ms]
   [Clear CT: 0.2 ms]
   [Other: 2.0 ms]
      [Choose CSet: 0.0 ms]
      [Ref Proc: 0.8 ms]
      [Ref Enq: 0.0 ms]
      [Redirty Cards: 0.4 ms]
      [Humongous Register: 0.0 ms]
      [Humongous Reclaim: 0.0 ms]
      [Free CSet: 0.1 ms]
   [Eden: 48.0M(48.0M)->0.0B(46.0M) Survivors: 3072.0K->5120.0K Heap: 340.1M(1024.0M)->294.6M(1024.0M)]
 [Times: user=0.01 sys=0.00, real=0.01 secs] 
2017-09-25T12:18:18.080+0900: 88620.887: [GC pause (G1 Evacuation Pause) (young), 0.0329931 secs]
   [Parallel Time: 32.1 ms, GC Workers: 2]
      [GC Worker Start (ms): Min: 88620886.8, Avg: 88620886.9, Max: 88620887.0, Diff: 0.1]
      [Ext Root Scanning (ms): Min: 1.3, Avg: 1.4, Max: 1.4, Diff: 0.1, Sum: 2.7]
      [Update RS (ms): Min: 3.2, Avg: 3.6, Max: 4.0, Diff: 0.8, Sum: 7.1]
         [Processed Buffers: Min: 10, Avg: 17.0, Max: 24, Diff: 14, Sum: 34]
      [Scan RS (ms): Min: 4.4, Avg: 4.5, Max: 4.6, Diff: 0.2, Sum: 9.0]
      [Code Root Scanning (ms): Min: 0.0, Avg: 0.0, Max: 0.0, Diff: 0.0, Sum: 0.0]
      [Object Copy (ms): Min: 22.2, Avg: 22.5, Max: 22.7, Diff: 0.6, Sum: 44.9]
      [Termination (ms): Min: 0.0, Avg: 0.0, Max: 0.0, Diff: 0.0, Sum: 0.0]
         [Termination Attempts: Min: 2, Avg: 2.5, Max: 3, Diff: 1, Sum: 5]
      [GC Worker Other (ms): Min: 0.0, Avg: 0.0, Max: 0.0, Diff: 0.0, Sum: 0.0]
      [GC Worker Total (ms): Min: 31.9, Avg: 31.9, Max: 32.0, Diff: 0.1, Sum: 63.9]
      [GC Worker End (ms): Min: 88620918.8, Avg: 88620918.8, Max: 88620918.8, Diff: 0.0]
   [Code Root Fixup: 0.1 ms]
   [Code Root Purge: 0.0 ms]
   [Clear CT: 0.1 ms]
   [Other: 0.7 ms]
      [Choose CSet: 0.0 ms]
      [Ref Proc: 0.2 ms]
      [Ref Enq: 0.0 ms]
      [Redirty Cards: 0.2 ms]
      [Humongous Register: 0.0 ms]
      [Humongous Reclaim: 0.0 ms]
      [Free CSet: 0.0 ms]
   [Eden: 46.0M(46.0M)->0.0B(44.0M) Survivors: 5120.0K->7168.0K Heap: 340.6M(1024.0M)->296.7M(1024.0M)]
 [Times: user=0.06 sys=0.00, real=0.03 secs] 
2017-09-25T12:19:58.634+0900: 88721.440: [GC pause (G1 Evacuation Pause) (young), 0.1022936 secs]
   [Parallel Time: 100.5 ms, GC Workers: 2]
      [GC Worker Start (ms): Min: 88721440.4, Avg: 88721440.5, Max: 88721440.7, Diff: 0.3]
      [Ext Root Scanning (ms): Min: 1.2, Avg: 1.4, Max: 1.5, Diff: 0.3, Sum: 2.7]
      [Update RS (ms): Min: 3.0, Avg: 3.0, Max: 3.0, Diff: 0.0, Sum: 6.1]
         [Processed Buffers: Min: 16, Avg: 16.5, Max: 17, Diff: 1, Sum: 33]
      [Scan RS (ms): Min: 2.5, Avg: 2.5, Max: 2.6, Diff: 0.1, Sum: 5.0]
      [Code Root Scanning (ms): Min: 0.0, Avg: 0.1, Max: 0.1, Diff: 0.1, Sum: 0.1]
      [Object Copy (ms): Min: 93.1, Avg: 93.1, Max: 93.1, Diff: 0.0, Sum: 186.2]
      [Termination (ms): Min: 0.0, Avg: 0.0, Max: 0.0, Diff: 0.0, Sum: 0.0]
         [Termination Attempts: Min: 1, Avg: 1.0, Max: 1, Diff: 0, Sum: 2]
      [GC Worker Other (ms): Min: 0.0, Avg: 0.0, Max: 0.0, Diff: 0.0, Sum: 0.0]
      [GC Worker Total (ms): Min: 100.0, Avg: 100.1, Max: 100.3, Diff: 0.3, Sum: 200.2]
      [GC Worker End (ms): Min: 88721540.7, Avg: 88721540.7, Max: 88721540.7, Diff: 0.0]
   [Code Root Fixup: 0.1 ms]
   [Code Root Purge: 0.0 ms]
   [Clear CT: 0.1 ms]
   [Other: 1.6 ms]
      [Choose CSet: 0.0 ms]
      [Ref Proc: 0.6 ms]
      [Ref Enq: 0.0 ms]
      [Redirty Cards: 0.3 ms]
      [Humongous Register: 0.1 ms]
      [Humongous Reclaim: 0.0 ms]
      [Free CSet: 0.1 ms]
   [Eden: 44.0M(44.0M)->0.0B(46.0M) Survivors: 7168.0K->5120.0K Heap: 340.7M(1024.0M)->298.8M(1024.0M)]
 [Times: user=0.08 sys=0.00, real=0.11 secs] 
2017-09-25T12:21:44.338+0900: 88827.144: [GC pause (G1 Evacuation Pause) (young), 0.0089066 secs]
   [Parallel Time: 8.1 ms, GC Workers: 2]
      [GC Worker Start (ms): Min: 88827144.5, Avg: 88827144.5, Max: 88827144.5, Diff: 0.0]
      [Ext Root Scanning (ms): Min: 0.8, Avg: 0.8, Max: 0.9, Diff: 0.1, Sum: 1.6]
      [Update RS (ms): Min: 1.2, Avg: 1.2, Max: 1.2, Diff: 0.0, Sum: 2.5]
         [Processed Buffers: Min: 9, Avg: 16.5, Max: 24, Diff: 15, Sum: 33]
      [Scan RS (ms): Min: 0.5, Avg: 0.5, Max: 0.5, Diff: 0.0, Sum: 1.0]
      [Code Root Scanning (ms): Min: 0.0, Avg: 0.0, Max: 0.0, Diff: 0.0, Sum: 0.0]
      [Object Copy (ms): Min: 5.4, Avg: 5.4, Max: 5.5, Diff: 0.1, Sum: 10.9]
      [Termination (ms): Min: 0.0, Avg: 0.0, Max: 0.0, Diff: 0.0, Sum: 0.0]
         [Termination Attempts: Min: 2, Avg: 2.5, Max: 3, Diff: 1, Sum: 5]
      [GC Worker Other (ms): Min: 0.0, Avg: 0.0, Max: 0.0, Diff: 0.0, Sum: 0.0]
      [GC Worker Total (ms): Min: 8.0, Avg: 8.0, Max: 8.0, Diff: 0.0, Sum: 16.0]
      [GC Worker End (ms): Min: 88827152.5, Avg: 88827152.5, Max: 88827152.5, Diff: 0.0]
   [Code Root Fixup: 0.0 ms]
   [Code Root Purge: 0.0 ms]
   [Clear CT: 0.1 ms]
   [Other: 0.7 ms]
      [Choose CSet: 0.0 ms]
      [Ref Proc: 0.2 ms]
      [Ref Enq: 0.0 ms]
      [Redirty Cards: 0.2 ms]
      [Humongous Register: 0.0 ms]
      [Humongous Reclaim: 0.0 ms]
      [Free CSet: 0.0 ms]
   [Eden: 46.0M(46.0M)->0.0B(44.0M) Survivors: 5120.0K->7168.0K Heap: 344.8M(1024.0M)->300.8M(1024.0M)]
 [Times: user=0.02 sys=0.00, real=0.01 secs] 
2017-09-25T12:23:24.869+0900: 88927.675: [GC pause (G1 Evacuation Pause) (young), 0.0131109 secs]
   [Parallel Time: 12.1 ms, GC Workers: 2]
      [GC Worker Start (ms): Min: 88927675.1, Avg: 88927675.1, Max: 88927675.2, Diff: 0.0]
      [Ext Root Scanning (ms): Min: 1.1, Avg: 1.1, Max: 1.2, Diff: 0.1, Sum: 2.2]
      [Update RS (ms): Min: 2.3, Avg: 2.3, Max: 2.3, Diff: 0.0, Sum: 4.5]
         [Processed Buffers: Min: 5, Avg: 16.5, Max: 28, Diff: 23, Sum: 33]
      [Scan RS (ms): Min: 1.6, Avg: 1.6, Max: 1.6, Diff: 0.0, Sum: 3.1]
      [Code Root Scanning (ms): Min: 0.0, Avg: 0.0, Max: 0.0, Diff: 0.0, Sum: 0.0]
      [Object Copy (ms): Min: 7.1, Avg: 7.1, Max: 7.1, Diff: 0.1, Sum: 14.2]
      [Termination (ms): Min: 0.0, Avg: 0.0, Max: 0.0, Diff: 0.0, Sum: 0.0]
         [Termination Attempts: Min: 1, Avg: 1.5, Max: 2, Diff: 1, Sum: 3]
      [GC Worker Other (ms): Min: 0.0, Avg: 0.0, Max: 0.0, Diff: 0.0, Sum: 0.0]
      [GC Worker Total (ms): Min: 12.0, Avg: 12.1, Max: 12.1, Diff: 0.0, Sum: 24.1]
      [GC Worker End (ms): Min: 88927687.2, Avg: 88927687.2, Max: 88927687.2, Diff: 0.0]
   [Code Root Fixup: 0.1 ms]
   [Code Root Purge: 0.0 ms]
   [Clear CT: 0.1 ms]
   [Other: 0.8 ms]
      [Choose CSet: 0.0 ms]
      [Ref Proc: 0.3 ms]
      [Ref Enq: 0.0 ms]
      [Redirty Cards: 0.2 ms]
      [Humongous Register: 0.0 ms]
      [Humongous Reclaim: 0.0 ms]
      [Free CSet: 0.0 ms]
   [Eden: 44.0M(44.0M)->0.0B(48.0M) Survivors: 7168.0K->3072.0K Heap: 344.8M(1024.0M)->298.3M(1024.0M)]
 [Times: user=0.03 sys=0.00, real=0.01 secs] 
2017-09-25T12:25:14.467+0900: 89037.274: [GC pause (G1 Evacuation Pause) (young), 0.0334815 secs]
   [Parallel Time: 32.1 ms, GC Workers: 2]
      [GC Worker Start (ms): Min: 89037274.1, Avg: 89037274.2, Max: 89037274.2, Diff: 0.2]
      [Ext Root Scanning (ms): Min: 1.8, Avg: 1.8, Max: 1.9, Diff: 0.1, Sum: 3.7]
      [Update RS (ms): Min: 3.5, Avg: 4.0, Max: 4.5, Diff: 0.9, Sum: 8.0]
         [Processed Buffers: Min: 9, Avg: 16.0, Max: 23, Diff: 14, Sum: 32]
      [Scan RS (ms): Min: 2.3, Avg: 3.1, Max: 4.0, Diff: 1.7, Sum: 6.3]
      [Code Root Scanning (ms): Min: 0.0, Avg: 0.0, Max: 0.0, Diff: 0.0, Sum: 0.0]
      [Object Copy (ms): Min: 22.4, Avg: 22.8, Max: 23.2, Diff: 0.8, Sum: 45.6]
      [Termination (ms): Min: 0.0, Avg: 0.0, Max: 0.0, Diff: 0.0, Sum: 0.0]
         [Termination Attempts: Min: 1, Avg: 1.5, Max: 2, Diff: 1, Sum: 3]
      [GC Worker Other (ms): Min: 0.0, Avg: 0.0, Max: 0.0, Diff: 0.0, Sum: 0.0]
      [GC Worker Total (ms): Min: 31.7, Avg: 31.8, Max: 31.9, Diff: 0.2, Sum: 63.6]
      [GC Worker End (ms): Min: 89037306.0, Avg: 89037306.0, Max: 89037306.0, Diff: 0.0]
   [Code Root Fixup: 0.1 ms]
   [Code Root Purge: 0.0 ms]
   [Clear CT: 0.2 ms]
   [Other: 1.2 ms]
      [Choose CSet: 0.0 ms]
      [Ref Proc: 0.3 ms]
      [Ref Enq: 0.0 ms]
      [Redirty Cards: 0.4 ms]
      [Humongous Register: 0.1 ms]
      [Humongous Reclaim: 0.0 ms]
      [Free CSet: 0.0 ms]
   [Eden: 48.0M(48.0M)->0.0B(46.0M) Survivors: 3072.0K->5120.0K Heap: 346.3M(1024.0M)->300.3M(1024.0M)]
 [Times: user=0.06 sys=0.00, real=0.03 secs] 
2017-09-25T12:26:59.237+0900: 89142.044: [GC pause (G1 Evacuation Pause) (young), 0.0338761 secs]
   [Parallel Time: 32.5 ms, GC Workers: 2]
      [GC Worker Start (ms): Min: 89142044.0, Avg: 89142044.0, Max: 89142044.0, Diff: 0.1]
      [Ext Root Scanning (ms): Min: 1.8, Avg: 1.9, Max: 1.9, Diff: 0.1, Sum: 3.8]
      [Update RS (ms): Min: 3.6, Avg: 3.8, Max: 4.0, Diff: 0.4, Sum: 7.5]
         [Processed Buffers: Min: 13, Avg: 16.0, Max: 19, Diff: 6, Sum: 32]
      [Scan RS (ms): Min: 2.9, Avg: 3.3, Max: 3.7, Diff: 0.8, Sum: 6.6]
      [Code Root Scanning (ms): Min: 0.0, Avg: 0.0, Max: 0.0, Diff: 0.0, Sum: 0.0]
      [Object Copy (ms): Min: 22.8, Avg: 23.3, Max: 23.9, Diff: 1.1, Sum: 46.7]
      [Termination (ms): Min: 0.0, Avg: 0.1, Max: 0.1, Diff: 0.1, Sum: 0.1]
         [Termination Attempts: Min: 1, Avg: 3.0, Max: 5, Diff: 4, Sum: 6]
      [GC Worker Other (ms): Min: 0.0, Avg: 0.0, Max: 0.0, Diff: 0.0, Sum: 0.0]
      [GC Worker Total (ms): Min: 32.3, Avg: 32.4, Max: 32.4, Diff: 0.1, Sum: 64.7]
      [GC Worker End (ms): Min: 89142076.4, Avg: 89142076.4, Max: 89142076.4, Diff: 0.0]
   [Code Root Fixup: 0.1 ms]
   [Code Root Purge: 0.0 ms]
   [Clear CT: 0.3 ms]
   [Other: 1.1 ms]
      [Choose CSet: 0.0 ms]
      [Ref Proc: 0.4 ms]
      [Ref Enq: 0.0 ms]
      [Redirty Cards: 0.2 ms]
      [Humongous Register: 0.1 ms]
      [Humongous Reclaim: 0.0 ms]
      [Free CSet: 0.1 ms]
   [Eden: 46.0M(46.0M)->0.0B(45.0M) Survivors: 5120.0K->6144.0K Heap: 346.3M(1024.0M)->302.1M(1024.0M)]
 [Times: user=0.06 sys=0.00, real=0.03 secs] 
2017-09-25T12:28:42.161+0900: 89244.967: [GC pause (G1 Evacuation Pause) (young), 0.0260518 secs]
   [Parallel Time: 12.6 ms, GC Workers: 2]
      [GC Worker Start (ms): Min: 89244967.0, Avg: 89244967.1, Max: 89244967.1, Diff: 0.1]
      [Ext Root Scanning (ms): Min: 0.8, Avg: 0.9, Max: 0.9, Diff: 0.1, Sum: 1.7]
      [Update RS (ms): Min: 1.0, Avg: 1.0, Max: 1.1, Diff: 0.0, Sum: 2.1]
         [Processed Buffers: Min: 11, Avg: 16.5, Max: 22, Diff: 11, Sum: 33]
      [Scan RS (ms): Min: 0.8, Avg: 1.2, Max: 1.6, Diff: 0.8, Sum: 2.4]
      [Code Root Scanning (ms): Min: 0.0, Avg: 0.0, Max: 0.0, Diff: 0.0, Sum: 0.0]
      [Object Copy (ms): Min: 9.0, Avg: 9.4, Max: 9.8, Diff: 0.8, Sum: 18.8]
      [Termination (ms): Min: 0.0, Avg: 0.0, Max: 0.0, Diff: 0.0, Sum: 0.0]
         [Termination Attempts: Min: 5, Avg: 7.0, Max: 9, Diff: 4, Sum: 14]
      [GC Worker Other (ms): Min: 0.0, Avg: 0.0, Max: 0.0, Diff: 0.0, Sum: 0.0]
      [GC Worker Total (ms): Min: 12.5, Avg: 12.5, Max: 12.5, Diff: 0.1, Sum: 25.0]
      [GC Worker End (ms): Min: 89244979.6, Avg: 89244979.6, Max: 89244979.6, Diff: 0.0]
   [Code Root Fixup: 0.1 ms]
   [Code Root Purge: 0.0 ms]
   [Clear CT: 0.1 ms]
   [Other: 13.3 ms]
      [Choose CSet: 0.0 ms]
      [Ref Proc: 12.8 ms]
      [Ref Enq: 0.0 ms]
      [Redirty Cards: 0.0 ms]
      [Humongous Register: 0.0 ms]
      [Humongous Reclaim: 0.0 ms]
      [Free CSet: 0.1 ms]
   [Eden: 45.0M(45.0M)->0.0B(46.0M) Survivors: 6144.0K->5120.0K Heap: 347.1M(1024.0M)->304.4M(1024.0M)]
 [Times: user=0.04 sys=0.00, real=0.03 secs] 
2017-09-25T12:30:27.181+0900: 89349.987: [GC pause (G1 Evacuation Pause) (young), 0.0406538 secs]
   [Parallel Time: 39.6 ms, GC Workers: 2]
      [GC Worker Start (ms): Min: 89349987.4, Avg: 89349987.4, Max: 89349987.5, Diff: 0.1]
      [Ext Root Scanning (ms): Min: 1.9, Avg: 2.0, Max: 2.1, Diff: 0.2, Sum: 4.0]
      [Update RS (ms): Min: 4.1, Avg: 4.1, Max: 4.1, Diff: 0.0, Sum: 8.2]
         [Processed Buffers: Min: 4, Avg: 16.0, Max: 28, Diff: 24, Sum: 32]
      [Scan RS (ms): Min: 2.5, Avg: 2.5, Max: 2.5, Diff: 0.0, Sum: 5.1]
      [Code Root Scanning (ms): Min: 0.0, Avg: 0.0, Max: 0.0, Diff: 0.0, Sum: 0.0]
      [Object Copy (ms): Min: 30.7, Avg: 30.7, Max: 30.7, Diff: 0.1, Sum: 61.4]
      [Termination (ms): Min: 0.0, Avg: 0.0, Max: 0.0, Diff: 0.0, Sum: 0.0]
         [Termination Attempts: Min: 1, Avg: 1.0, Max: 1, Diff: 0, Sum: 2]
      [GC Worker Other (ms): Min: 0.0, Avg: 0.0, Max: 0.0, Diff: 0.0, Sum: 0.0]
      [GC Worker Total (ms): Min: 39.2, Avg: 39.3, Max: 39.4, Diff: 0.1, Sum: 78.6]
      [GC Worker End (ms): Min: 89350026.8, Avg: 89350026.8, Max: 89350026.8, Diff: 0.0]
   [Code Root Fixup: 0.1 ms]
   [Code Root Purge: 0.0 ms]
   [Clear CT: 0.1 ms]
   [Other: 0.9 ms]
      [Choose CSet: 0.0 ms]
      [Ref Proc: 0.3 ms]
      [Ref Enq: 0.0 ms]
      [Redirty Cards: 0.1 ms]
      [Humongous Register: 0.1 ms]
      [Humongous Reclaim: 0.0 ms]
      [Free CSet: 0.0 ms]
   [Eden: 46.0M(46.0M)->0.0B(44.0M) Survivors: 5120.0K->7168.0K Heap: 350.4M(1024.0M)->306.4M(1024.0M)]
 [Times: user=0.07 sys=0.00, real=0.04 secs] 
2017-09-25T12:32:07.604+0900: 89450.410: [GC pause (G1 Evacuation Pause) (young), 0.0287093 secs]
   [Parallel Time: 26.6 ms, GC Workers: 2]
      [GC Worker Start (ms): Min: 89450410.5, Avg: 89450411.7, Max: 89450412.9, Diff: 2.5]
      [Ext Root Scanning (ms): Min: 0.7, Avg: 1.9, Max: 3.1, Diff: 2.4, Sum: 3.8]
      [Update RS (ms): Min: 2.2, Avg: 2.3, Max: 2.4, Diff: 0.1, Sum: 4.6]
         [Processed Buffers: Min: 10, Avg: 16.0, Max: 22, Diff: 12, Sum: 32]
      [Scan RS (ms): Min: 3.0, Avg: 3.0, Max: 3.0, Diff: 0.0, Sum: 6.0]
      [Code Root Scanning (ms): Min: 0.0, Avg: 0.0, Max: 0.1, Diff: 0.1, Sum: 0.1]
      [Object Copy (ms): Min: 17.7, Avg: 17.9, Max: 18.0, Diff: 0.3, Sum: 35.8]
      [Termination (ms): Min: 0.0, Avg: 0.0, Max: 0.0, Diff: 0.0, Sum: 0.0]
         [Termination Attempts: Min: 1, Avg: 1.0, Max: 1, Diff: 0, Sum: 2]
      [GC Worker Other (ms): Min: 0.0, Avg: 0.0, Max: 0.0, Diff: 0.0, Sum: 0.1]
      [GC Worker Total (ms): Min: 23.9, Avg: 25.1, Max: 26.4, Diff: 2.5, Sum: 50.3]
      [GC Worker End (ms): Min: 89450436.8, Avg: 89450436.8, Max: 89450436.8, Diff: 0.0]
   [Code Root Fixup: 0.1 ms]
   [Code Root Purge: 0.0 ms]
   [Clear CT: 0.1 ms]
   [Other: 1.9 ms]
      [Choose CSet: 0.0 ms]
      [Ref Proc: 1.1 ms]
      [Ref Enq: 0.0 ms]
      [Redirty Cards: 0.3 ms]
      [Humongous Register: 0.1 ms]
      [Humongous Reclaim: 0.0 ms]
      [Free CSet: 0.1 ms]
   [Eden: 44.0M(44.0M)->0.0B(47.0M) Survivors: 7168.0K->4096.0K Heap: 350.4M(1024.0M)->304.1M(1024.0M)]
 [Times: user=0.05 sys=0.00, real=0.02 secs] 
2017-09-25T12:33:55.323+0900: 89558.129: [GC pause (G1 Evacuation Pause) (young), 0.0443517 secs]
   [Parallel Time: 39.9 ms, GC Workers: 2]
      [GC Worker Start (ms): Min: 89558129.2, Avg: 89558129.2, Max: 89558129.3, Diff: 0.1]
      [Ext Root Scanning (ms): Min: 1.6, Avg: 1.7, Max: 1.8, Diff: 0.2, Sum: 3.4]
      [Update RS (ms): Min: 3.6, Avg: 3.7, Max: 3.9, Diff: 0.3, Sum: 7.4]
         [Processed Buffers: Min: 14, Avg: 16.0, Max: 18, Diff: 4, Sum: 32]
      [Scan RS (ms): Min: 3.9, Avg: 4.3, Max: 4.6, Diff: 0.7, Sum: 8.6]
      [Code Root Scanning (ms): Min: 0.0, Avg: 0.0, Max: 0.0, Diff: 0.0, Sum: 0.0]
      [Object Copy (ms): Min: 29.8, Avg: 30.0, Max: 30.1, Diff: 0.3, Sum: 59.9]
      [Termination (ms): Min: 0.0, Avg: 0.0, Max: 0.0, Diff: 0.0, Sum: 0.0]
         [Termination Attempts: Min: 1, Avg: 1.0, Max: 1, Diff: 0, Sum: 2]
      [GC Worker Other (ms): Min: 0.0, Avg: 0.0, Max: 0.0, Diff: 0.0, Sum: 0.0]
      [GC Worker Total (ms): Min: 39.7, Avg: 39.7, Max: 39.8, Diff: 0.1, Sum: 79.5]
      [GC Worker End (ms): Min: 89558168.9, Avg: 89558168.9, Max: 89558168.9, Diff: 0.0]
   [Code Root Fixup: 0.1 ms]
   [Code Root Purge: 0.0 ms]
   [Clear CT: 0.2 ms]
   [Other: 4.1 ms]
      [Choose CSet: 0.0 ms]
      [Ref Proc: 3.4 ms]
      [Ref Enq: 0.0 ms]
      [Redirty Cards: 0.0 ms]
      [Humongous Register: 0.1 ms]
      [Humongous Reclaim: 0.0 ms]
      [Free CSet: 0.1 ms]
   [Eden: 47.0M(47.0M)->0.0B(46.0M) Survivors: 4096.0K->5120.0K Heap: 351.1M(1024.0M)->305.6M(1024.0M)]
 [Times: user=0.06 sys=0.00, real=0.04 secs] 
2017-09-25T12:35:40.464+0900: 89663.270: [GC pause (G1 Evacuation Pause) (young), 0.0460728 secs]
   [Parallel Time: 44.8 ms, GC Workers: 2]
      [GC Worker Start (ms): Min: 89663270.7, Avg: 89663271.5, Max: 89663272.3, Diff: 1.6]
      [Ext Root Scanning (ms): Min: 1.7, Avg: 2.5, Max: 3.3, Diff: 1.6, Sum: 5.0]
      [Update RS (ms): Min: 3.4, Avg: 3.6, Max: 3.8, Diff: 0.4, Sum: 7.3]
         [Processed Buffers: Min: 11, Avg: 16.0, Max: 21, Diff: 10, Sum: 32]
      [Scan RS (ms): Min: 3.2, Avg: 3.3, Max: 3.3, Diff: 0.1, Sum: 6.5]
      [Code Root Scanning (ms): Min: 0.0, Avg: 0.0, Max: 0.0, Diff: 0.0, Sum: 0.0]
      [Object Copy (ms): Min: 34.3, Avg: 34.5, Max: 34.6, Diff: 0.3, Sum: 68.9]
      [Termination (ms): Min: 0.0, Avg: 0.0, Max: 0.0, Diff: 0.0, Sum: 0.0]
         [Termination Attempts: Min: 1, Avg: 1.0, Max: 1, Diff: 0, Sum: 2]
      [GC Worker Other (ms): Min: 0.0, Avg: 0.0, Max: 0.1, Diff: 0.0, Sum: 0.1]
      [GC Worker Total (ms): Min: 43.1, Avg: 43.9, Max: 44.7, Diff: 1.6, Sum: 87.8]
      [GC Worker End (ms): Min: 89663315.4, Avg: 89663315.4, Max: 89663315.4, Diff: 0.0]
   [Code Root Fixup: 0.1 ms]
   [Code Root Purge: 0.0 ms]
   [Clear CT: 0.2 ms]
   [Other: 1.0 ms]
      [Choose CSet: 0.0 ms]
      [Ref Proc: 0.3 ms]
      [Ref Enq: 0.0 ms]
      [Redirty Cards: 0.3 ms]
      [Humongous Register: 0.1 ms]
      [Humongous Reclaim: 0.0 ms]
      [Free CSet: 0.1 ms]
   [Eden: 46.0M(46.0M)->0.0B(45.0M) Survivors: 5120.0K->6144.0K Heap: 351.6M(1024.0M)->307.4M(1024.0M)]
 [Times: user=0.08 sys=0.00, real=0.04 secs] 
2017-09-25T12:37:23.519+0900: 89766.325: [GC pause (G1 Evacuation Pause) (young), 0.0450892 secs]
   [Parallel Time: 43.9 ms, GC Workers: 2]
      [GC Worker Start (ms): Min: 89766325.5, Avg: 89766325.5, Max: 89766325.6, Diff: 0.1]
      [Ext Root Scanning (ms): Min: 1.7, Avg: 1.8, Max: 1.9, Diff: 0.2, Sum: 3.6]
      [Update RS (ms): Min: 3.4, Avg: 3.4, Max: 3.5, Diff: 0.1, Sum: 6.9]
         [Processed Buffers: Min: 12, Avg: 16.0, Max: 20, Diff: 8, Sum: 32]
      [Scan RS (ms): Min: 3.3, Avg: 3.4, Max: 3.4, Diff: 0.0, Sum: 6.7]
      [Code Root Scanning (ms): Min: 0.0, Avg: 0.0, Max: 0.0, Diff: 0.0, Sum: 0.0]
      [Object Copy (ms): Min: 34.8, Avg: 34.9, Max: 34.9, Diff: 0.1, Sum: 69.8]
      [Termination (ms): Min: 0.0, Avg: 0.0, Max: 0.0, Diff: 0.0, Sum: 0.0]
         [Termination Attempts: Min: 1, Avg: 1.0, Max: 1, Diff: 0, Sum: 2]
      [GC Worker Other (ms): Min: 0.0, Avg: 0.0, Max: 0.0, Diff: 0.0, Sum: 0.0]
      [GC Worker Total (ms): Min: 43.4, Avg: 43.5, Max: 43.6, Diff: 0.1, Sum: 87.0]
      [GC Worker End (ms): Min: 89766369.0, Avg: 89766369.0, Max: 89766369.0, Diff: 0.0]
   [Code Root Fixup: 0.1 ms]
   [Code Root Purge: 0.0 ms]
   [Clear CT: 0.1 ms]
   [Other: 1.1 ms]
      [Choose CSet: 0.0 ms]
      [Ref Proc: 0.3 ms]
      [Ref Enq: 0.0 ms]
      [Redirty Cards: 0.3 ms]
      [Humongous Register: 0.1 ms]
      [Humongous Reclaim: 0.0 ms]
      [Free CSet: 0.1 ms]
   [Eden: 45.0M(45.0M)->0.0B(46.0M) Survivors: 6144.0K->5120.0K Heap: 352.4M(1024.0M)->310.1M(1024.0M)]
 [Times: user=0.08 sys=0.00, real=0.05 secs] 
2017-09-25T12:39:08.704+0900: 89871.511: [GC pause (G1 Evacuation Pause) (young), 0.0169660 secs]
   [Parallel Time: 15.5 ms, GC Workers: 2]
      [GC Worker Start (ms): Min: 89871510.9, Avg: 89871511.0, Max: 89871511.1, Diff: 0.2]
      [Ext Root Scanning (ms): Min: 2.0, Avg: 2.1, Max: 2.2, Diff: 0.2, Sum: 4.1]
      [Update RS (ms): Min: 3.1, Avg: 3.1, Max: 3.1, Diff: 0.0, Sum: 6.2]
         [Processed Buffers: Min: 9, Avg: 16.0, Max: 23, Diff: 14, Sum: 32]
      [Scan RS (ms): Min: 1.6, Avg: 1.6, Max: 1.6, Diff: 0.0, Sum: 3.1]
      [Code Root Scanning (ms): Min: 0.0, Avg: 0.0, Max: 0.0, Diff: 0.0, Sum: 0.0]
      [Object Copy (ms): Min: 8.5, Avg: 8.6, Max: 8.6, Diff: 0.0, Sum: 17.1]
      [Termination (ms): Min: 0.0, Avg: 0.0, Max: 0.1, Diff: 0.1, Sum: 0.1]
         [Termination Attempts: Min: 1, Avg: 1.0, Max: 1, Diff: 0, Sum: 2]
      [GC Worker Other (ms): Min: 0.0, Avg: 0.0, Max: 0.0, Diff: 0.0, Sum: 0.0]
      [GC Worker Total (ms): Min: 15.3, Avg: 15.3, Max: 15.4, Diff: 0.2, Sum: 30.7]
      [GC Worker End (ms): Min: 89871526.4, Avg: 89871526.4, Max: 89871526.4, Diff: 0.0]
   [Code Root Fixup: 0.1 ms]
   [Code Root Purge: 0.0 ms]
   [Clear CT: 0.2 ms]
   [Other: 1.2 ms]
      [Choose CSet: 0.0 ms]
      [Ref Proc: 0.3 ms]
      [Ref Enq: 0.0 ms]
      [Redirty Cards: 0.4 ms]
      [Humongous Register: 0.1 ms]
      [Humongous Reclaim: 0.0 ms]
      [Free CSet: 0.1 ms]
   [Eden: 46.0M(46.0M)->0.0B(48.0M) Survivors: 5120.0K->3072.0K Heap: 356.1M(1024.0M)->308.1M(1024.0M)]
 [Times: user=0.02 sys=0.00, real=0.01 secs] 
2017-09-25T12:40:58.507+0900: 89981.313: [GC pause (G1 Evacuation Pause) (young), 0.0171268 secs]
   [Parallel Time: 13.9 ms, GC Workers: 2]
      [GC Worker Start (ms): Min: 89981313.4, Avg: 89981313.4, Max: 89981313.4, Diff: 0.1]
      [Ext Root Scanning (ms): Min: 0.5, Avg: 0.5, Max: 0.5, Diff: 0.1, Sum: 1.0]
      [Update RS (ms): Min: 0.5, Avg: 0.5, Max: 0.6, Diff: 0.0, Sum: 1.1]
         [Processed Buffers: Min: 12, Avg: 16.0, Max: 20, Diff: 8, Sum: 32]
      [Scan RS (ms): Min: 0.5, Avg: 0.5, Max: 0.5, Diff: 0.1, Sum: 1.0]
      [Code Root Scanning (ms): Min: 0.0, Avg: 0.0, Max: 0.0, Diff: 0.0, Sum: 0.0]
      [Object Copy (ms): Min: 10.7, Avg: 11.1, Max: 11.5, Diff: 0.8, Sum: 22.2]
      [Termination (ms): Min: 0.0, Avg: 0.6, Max: 1.3, Diff: 1.3, Sum: 1.3]
         [Termination Attempts: Min: 1, Avg: 1.0, Max: 1, Diff: 0, Sum: 2]
      [GC Worker Other (ms): Min: 0.0, Avg: 0.0, Max: 0.0, Diff: 0.0, Sum: 0.0]
      [GC Worker Total (ms): Min: 13.1, Avg: 13.3, Max: 13.5, Diff: 0.4, Sum: 26.6]
      [GC Worker End (ms): Min: 89981326.5, Avg: 89981326.7, Max: 89981327.0, Diff: 0.5]
   [Code Root Fixup: 0.1 ms]
   [Code Root Purge: 0.0 ms]
   [Clear CT: 0.3 ms]
   [Other: 2.8 ms]
      [Choose CSet: 0.0 ms]
      [Ref Proc: 1.9 ms]
      [Ref Enq: 0.0 ms]
      [Redirty Cards: 0.5 ms]
      [Humongous Register: 0.0 ms]
      [Humongous Reclaim: 0.0 ms]
      [Free CSet: 0.1 ms]
   [Eden: 48.0M(48.0M)->0.0B(46.0M) Survivors: 3072.0K->5120.0K Heap: 356.1M(1024.0M)->310.1M(1024.0M)]
 [Times: user=0.03 sys=0.00, real=0.02 secs] 
2017-09-25T12:42:40.797+0900: 90083.603: [GC pause (G1 Evacuation Pause) (young), 0.0103616 secs]
   [Parallel Time: 9.5 ms, GC Workers: 2]
      [GC Worker Start (ms): Min: 90083602.9, Avg: 90083602.9, Max: 90083602.9, Diff: 0.0]
      [Ext Root Scanning (ms): Min: 0.5, Avg: 0.5, Max: 0.5, Diff: 0.1, Sum: 1.0]
      [Update RS (ms): Min: 0.8, Avg: 0.8, Max: 0.8, Diff: 0.1, Sum: 1.6]
         [Processed Buffers: Min: 10, Avg: 16.5, Max: 23, Diff: 13, Sum: 33]
      [Scan RS (ms): Min: 0.3, Avg: 0.4, Max: 0.4, Diff: 0.1, Sum: 0.7]
      [Code Root Scanning (ms): Min: 0.0, Avg: 0.0, Max: 0.0, Diff: 0.0, Sum: 0.0]
      [Object Copy (ms): Min: 5.9, Avg: 5.9, Max: 6.0, Diff: 0.0, Sum: 11.9]
      [Termination (ms): Min: 0.0, Avg: 0.0, Max: 0.0, Diff: 0.0, Sum: 0.0]
         [Termination Attempts: Min: 1, Avg: 1.0, Max: 1, Diff: 0, Sum: 2]
      [GC Worker Other (ms): Min: 0.0, Avg: 0.0, Max: 0.0, Diff: 0.0, Sum: 0.0]
      [GC Worker Total (ms): Min: 7.6, Avg: 7.6, Max: 7.6, Diff: 0.0, Sum: 15.2]
      [GC Worker End (ms): Min: 90083610.5, Avg: 90083610.5, Max: 90083610.5, Diff: 0.0]
   [Code Root Fixup: 0.0 ms]
   [Code Root Purge: 0.0 ms]
   [Clear CT: 0.0 ms]
   [Other: 0.7 ms]
      [Choose CSet: 0.0 ms]
      [Ref Proc: 0.5 ms]
      [Ref Enq: 0.0 ms]
      [Redirty Cards: 0.0 ms]
      [Humongous Register: 0.0 ms]
      [Humongous Reclaim: 0.0 ms]
      [Free CSet: 0.0 ms]
   [Eden: 46.0M(46.0M)->0.0B(44.0M) Survivors: 5120.0K->7168.0K Heap: 356.1M(1024.0M)->312.1M(1024.0M)]
 [Times: user=0.01 sys=0.00, real=0.01 secs] 
2017-09-25T12:44:21.366+0900: 90184.172: [GC pause (G1 Evacuation Pause) (young), 0.0648325 secs]
   [Parallel Time: 63.2 ms, GC Workers: 2]
      [GC Worker Start (ms): Min: 90184172.5, Avg: 90184174.8, Max: 90184177.0, Diff: 4.5]
      [Ext Root Scanning (ms): Min: 0.4, Avg: 4.7, Max: 9.0, Diff: 8.6, Sum: 9.4]
      [Update RS (ms): Min: 0.8, Avg: 6.5, Max: 12.1, Diff: 11.3, Sum: 12.9]
         [Processed Buffers: Min: 2, Avg: 17.0, Max: 32, Diff: 30, Sum: 34]
      [Scan RS (ms): Min: 0.0, Avg: 0.8, Max: 1.7, Diff: 1.6, Sum: 1.7]
      [Code Root Scanning (ms): Min: 0.0, Avg: 0.0, Max: 0.0, Diff: 0.0, Sum: 0.0]
      [Object Copy (ms): Min: 46.2, Avg: 48.9, Max: 51.7, Diff: 5.5, Sum: 97.9]
      [Termination (ms): Min: 0.0, Avg: 0.0, Max: 0.0, Diff: 0.0, Sum: 0.0]
         [Termination Attempts: Min: 1, Avg: 1.0, Max: 1, Diff: 0, Sum: 2]
      [GC Worker Other (ms): Min: 0.0, Avg: 0.0, Max: 0.0, Diff: 0.0, Sum: 0.0]
      [GC Worker Total (ms): Min: 58.7, Avg: 60.9, Max: 63.2, Diff: 4.5, Sum: 121.9]
      [GC Worker End (ms): Min: 90184235.7, Avg: 90184235.7, Max: 90184235.7, Diff: 0.0]
   [Code Root Fixup: 0.1 ms]
   [Code Root Purge: 0.0 ms]
   [Clear CT: 0.1 ms]
   [Other: 1.4 ms]
      [Choose CSet: 0.0 ms]
      [Ref Proc: 0.5 ms]
      [Ref Enq: 0.0 ms]
      [Redirty Cards: 0.2 ms]
      [Humongous Register: 0.1 ms]
      [Humongous Reclaim: 0.0 ms]
      [Free CSet: 0.1 ms]
   [Eden: 44.0M(44.0M)->0.0B(45.0M) Survivors: 7168.0K->6144.0K Heap: 356.1M(1024.0M)->314.2M(1024.0M)]
 [Times: user=0.04 sys=0.00, real=0.06 secs] 
2017-09-25T12:46:04.485+0900: 90287.291: [GC pause (G1 Evacuation Pause) (young), 0.0374798 secs]
   [Parallel Time: 36.0 ms, GC Workers: 2]
      [GC Worker Start (ms): Min: 90287291.8, Avg: 90287291.9, Max: 90287291.9, Diff: 0.1]
      [Ext Root Scanning (ms): Min: 2.3, Avg: 2.3, Max: 2.3, Diff: 0.0, Sum: 4.5]
      [Update RS (ms): Min: 3.1, Avg: 3.7, Max: 4.3, Diff: 1.2, Sum: 7.4]
         [Processed Buffers: Min: 13, Avg: 18.0, Max: 23, Diff: 10, Sum: 36]
      [Scan RS (ms): Min: 4.5, Avg: 5.0, Max: 5.5, Diff: 1.0, Sum: 10.0]
      [Code Root Scanning (ms): Min: 0.0, Avg: 0.0, Max: 0.0, Diff: 0.0, Sum: 0.0]
      [Object Copy (ms): Min: 22.3, Avg: 23.4, Max: 24.6, Diff: 2.3, Sum: 46.9]
      [Termination (ms): Min: 0.0, Avg: 0.7, Max: 1.5, Diff: 1.5, Sum: 1.5]
         [Termination Attempts: Min: 1, Avg: 1.0, Max: 1, Diff: 0, Sum: 2]
      [GC Worker Other (ms): Min: 0.0, Avg: 0.0, Max: 0.0, Diff: 0.0, Sum: 0.1]
      [GC Worker Total (ms): Min: 34.4, Avg: 35.1, Max: 35.8, Diff: 1.4, Sum: 70.3]
      [GC Worker End (ms): Min: 90287326.4, Avg: 90287327.0, Max: 90287327.7, Diff: 1.3]
   [Code Root Fixup: 0.1 ms]
   [Code Root Purge: 0.0 ms]
   [Clear CT: 0.2 ms]
   [Other: 1.2 ms]
      [Choose CSet: 0.0 ms]
      [Ref Proc: 0.4 ms]
      [Ref Enq: 0.0 ms]
      [Redirty Cards: 0.3 ms]
      [Humongous Register: 0.1 ms]
      [Humongous Reclaim: 0.0 ms]
      [Free CSet: 0.1 ms]
   [Eden: 45.0M(45.0M)->0.0B(46.0M) Survivors: 6144.0K->5120.0K Heap: 359.2M(1024.0M)->316.5M(1024.0M)]
 [Times: user=0.06 sys=0.00, real=0.04 secs] 
2017-09-25T12:47:50.112+0900: 90392.918: [GC pause (G1 Evacuation Pause) (young), 0.0069652 secs]
   [Parallel Time: 5.8 ms, GC Workers: 2]
      [GC Worker Start (ms): Min: 90392918.0, Avg: 90392918.0, Max: 90392918.1, Diff: 0.1]
      [Ext Root Scanning (ms): Min: 1.0, Avg: 1.0, Max: 1.1, Diff: 0.1, Sum: 2.0]
      [Update RS (ms): Min: 0.9, Avg: 1.0, Max: 1.0, Diff: 0.1, Sum: 1.9]
         [Processed Buffers: Min: 14, Avg: 16.0, Max: 18, Diff: 4, Sum: 32]
      [Scan RS (ms): Min: 0.5, Avg: 0.5, Max: 0.6, Diff: 0.1, Sum: 1.1]
      [Code Root Scanning (ms): Min: 0.0, Avg: 0.0, Max: 0.0, Diff: 0.0, Sum: 0.0]
      [Object Copy (ms): Min: 3.0, Avg: 3.1, Max: 3.2, Diff: 0.2, Sum: 6.2]
      [Termination (ms): Min: 0.0, Avg: 0.0, Max: 0.0, Diff: 0.0, Sum: 0.0]
         [Termination Attempts: Min: 1, Avg: 1.0, Max: 1, Diff: 0, Sum: 2]
      [GC Worker Other (ms): Min: 0.0, Avg: 0.0, Max: 0.0, Diff: 0.0, Sum: 0.0]
      [GC Worker Total (ms): Min: 5.6, Avg: 5.7, Max: 5.7, Diff: 0.1, Sum: 11.3]
      [GC Worker End (ms): Min: 90392923.7, Avg: 90392923.7, Max: 90392923.7, Diff: 0.0]
   [Code Root Fixup: 0.1 ms]
   [Code Root Purge: 0.0 ms]
   [Clear CT: 0.1 ms]
   [Other: 1.0 ms]
      [Choose CSet: 0.0 ms]
      [Ref Proc: 0.4 ms]
      [Ref Enq: 0.0 ms]
      [Redirty Cards: 0.3 ms]
      [Humongous Register: 0.0 ms]
      [Humongous Reclaim: 0.0 ms]
      [Free CSet: 0.1 ms]
   [Eden: 46.0M(46.0M)->0.0B(48.0M) Survivors: 5120.0K->3072.0K Heap: 362.5M(1024.0M)->314.5M(1024.0M)]
 [Times: user=0.02 sys=0.00, real=0.01 secs] 
2017-09-25T12:49:40.199+0900: 90503.005: [GC pause (G1 Evacuation Pause) (young), 0.0220294 secs]
   [Parallel Time: 15.6 ms, GC Workers: 2]
      [GC Worker Start (ms): Min: 90503005.3, Avg: 90503005.4, Max: 90503005.4, Diff: 0.0]
      [Ext Root Scanning (ms): Min: 0.9, Avg: 0.9, Max: 1.0, Diff: 0.0, Sum: 1.9]
      [Update RS (ms): Min: 0.9, Avg: 0.9, Max: 1.0, Diff: 0.1, Sum: 1.8]
         [Processed Buffers: Min: 4, Avg: 15.5, Max: 27, Diff: 23, Sum: 31]
      [Scan RS (ms): Min: 0.4, Avg: 0.5, Max: 0.5, Diff: 0.1, Sum: 1.0]
      [Code Root Scanning (ms): Min: 0.0, Avg: 0.0, Max: 0.0, Diff: 0.0, Sum: 0.0]
      [Object Copy (ms): Min: 13.1, Avg: 13.1, Max: 13.1, Diff: 0.0, Sum: 26.2]
      [Termination (ms): Min: 0.0, Avg: 0.0, Max: 0.0, Diff: 0.0, Sum: 0.0]
         [Termination Attempts: Min: 1, Avg: 1.0, Max: 1, Diff: 0, Sum: 2]
      [GC Worker Other (ms): Min: 0.0, Avg: 0.0, Max: 0.0, Diff: 0.0, Sum: 0.0]
      [GC Worker Total (ms): Min: 15.5, Avg: 15.5, Max: 15.5, Diff: 0.0, Sum: 30.9]
      [GC Worker End (ms): Min: 90503020.8, Avg: 90503020.8, Max: 90503020.8, Diff: 0.0]
   [Code Root Fixup: 0.1 ms]
   [Code Root Purge: 0.0 ms]
   [Clear CT: 0.1 ms]
   [Other: 6.3 ms]
      [Choose CSet: 0.0 ms]
      [Ref Proc: 5.8 ms]
      [Ref Enq: 0.0 ms]
      [Redirty Cards: 0.1 ms]
      [Humongous Register: 0.0 ms]
      [Humongous Reclaim: 0.0 ms]
      [Free CSet: 0.0 ms]
   [Eden: 48.0M(48.0M)->0.0B(46.0M) Survivors: 3072.0K->5120.0K Heap: 362.5M(1024.0M)->316.5M(1024.0M)]
 [Times: user=0.03 sys=0.00, real=0.02 secs] 
2017-09-25T12:51:25.799+0900: 90608.605: [GC pause (G1 Evacuation Pause) (young), 0.0074623 secs]
   [Parallel Time: 6.8 ms, GC Workers: 2]
      [GC Worker Start (ms): Min: 90608605.4, Avg: 90608605.4, Max: 90608605.4, Diff: 0.0]
      [Ext Root Scanning (ms): Min: 0.5, Avg: 0.5, Max: 0.5, Diff: 0.0, Sum: 1.0]
      [Update RS (ms): Min: 0.4, Avg: 0.5, Max: 0.6, Diff: 0.2, Sum: 1.0]
         [Processed Buffers: Min: 10, Avg: 17.0, Max: 24, Diff: 14, Sum: 34]
      [Scan RS (ms): Min: 0.3, Avg: 0.5, Max: 0.7, Diff: 0.5, Sum: 1.0]
      [Code Root Scanning (ms): Min: 0.0, Avg: 0.0, Max: 0.0, Diff: 0.0, Sum: 0.0]
      [Object Copy (ms): Min: 5.0, Avg: 5.2, Max: 5.3, Diff: 0.3, Sum: 10.3]
      [Termination (ms): Min: 0.0, Avg: 0.0, Max: 0.0, Diff: 0.0, Sum: 0.0]
         [Termination Attempts: Min: 1, Avg: 1.0, Max: 1, Diff: 0, Sum: 2]
      [GC Worker Other (ms): Min: 0.0, Avg: 0.0, Max: 0.0, Diff: 0.0, Sum: 0.0]
      [GC Worker Total (ms): Min: 6.7, Avg: 6.7, Max: 6.7, Diff: 0.0, Sum: 13.4]
      [GC Worker End (ms): Min: 90608612.1, Avg: 90608612.1, Max: 90608612.1, Diff: 0.0]
   [Code Root Fixup: 0.0 ms]
   [Code Root Purge: 0.0 ms]
   [Clear CT: 0.1 ms]
   [Other: 0.5 ms]
      [Choose CSet: 0.0 ms]
      [Ref Proc: 0.3 ms]
      [Ref Enq: 0.0 ms]
      [Redirty Cards: 0.0 ms]
      [Humongous Register: 0.0 ms]
      [Humongous Reclaim: 0.0 ms]
      [Free CSet: 0.0 ms]
   [Eden: 46.0M(46.0M)->0.0B(45.0M) Survivors: 5120.0K->6144.0K Heap: 362.5M(1024.0M)->318.0M(1024.0M)]
 [Times: user=0.01 sys=0.01, real=0.01 secs] 
2017-09-25T12:53:08.718+0900: 90711.524: [GC pause (G1 Evacuation Pause) (young), 0.0188699 secs]
   [Parallel Time: 17.8 ms, GC Workers: 2]
      [GC Worker Start (ms): Min: 90711524.5, Avg: 90711524.5, Max: 90711524.5, Diff: 0.0]
      [Ext Root Scanning (ms): Min: 0.8, Avg: 0.8, Max: 0.9, Diff: 0.1, Sum: 1.7]
      [Update RS (ms): Min: 0.8, Avg: 0.9, Max: 1.0, Diff: 0.1, Sum: 1.8]
         [Processed Buffers: Min: 16, Avg: 17.5, Max: 19, Diff: 3, Sum: 35]
      [Scan RS (ms): Min: 0.5, Avg: 0.7, Max: 0.9, Diff: 0.5, Sum: 1.4]
      [Code Root Scanning (ms): Min: 0.0, Avg: 0.0, Max: 0.0, Diff: 0.0, Sum: 0.0]
      [Object Copy (ms): Min: 15.0, Avg: 15.3, Max: 15.5, Diff: 0.6, Sum: 30.5]
      [Termination (ms): Min: 0.0, Avg: 0.0, Max: 0.0, Diff: 0.0, Sum: 0.0]
         [Termination Attempts: Min: 1, Avg: 1.0, Max: 1, Diff: 0, Sum: 2]
      [GC Worker Other (ms): Min: 0.0, Avg: 0.0, Max: 0.0, Diff: 0.0, Sum: 0.0]
      [GC Worker Total (ms): Min: 17.7, Avg: 17.7, Max: 17.8, Diff: 0.0, Sum: 35.5]
      [GC Worker End (ms): Min: 90711542.2, Avg: 90711542.2, Max: 90711542.2, Diff: 0.0]
   [Code Root Fixup: 0.1 ms]
   [Code Root Purge: 0.0 ms]
   [Clear CT: 0.1 ms]
   [Other: 0.8 ms]
      [Choose CSet: 0.0 ms]
      [Ref Proc: 0.2 ms]
      [Ref Enq: 0.0 ms]
      [Redirty Cards: 0.2 ms]
      [Humongous Register: 0.0 ms]
      [Humongous Reclaim: 0.0 ms]
      [Free CSet: 0.0 ms]
   [Eden: 45.0M(45.0M)->0.0B(46.0M) Survivors: 6144.0K->5120.0K Heap: 363.0M(1024.0M)->319.7M(1024.0M)]
 [Times: user=0.03 sys=0.00, real=0.02 secs] 
2017-09-25T12:54:53.975+0900: 90816.781: [GC pause (G1 Evacuation Pause) (young), 0.0076665 secs]
   [Parallel Time: 7.0 ms, GC Workers: 2]
      [GC Worker Start (ms): Min: 90816781.1, Avg: 90816781.1, Max: 90816781.1, Diff: 0.0]
      [Ext Root Scanning (ms): Min: 0.5, Avg: 0.6, Max: 0.6, Diff: 0.0, Sum: 1.1]
      [Update RS (ms): Min: 0.8, Avg: 0.8, Max: 0.8, Diff: 0.0, Sum: 1.6]
         [Processed Buffers: Min: 7, Avg: 18.0, Max: 29, Diff: 22, Sum: 36]
      [Scan RS (ms): Min: 0.3, Avg: 0.3, Max: 0.4, Diff: 0.0, Sum: 0.7]
      [Code Root Scanning (ms): Min: 0.0, Avg: 0.0, Max: 0.0, Diff: 0.0, Sum: 0.0]
      [Object Copy (ms): Min: 5.2, Avg: 5.2, Max: 5.2, Diff: 0.0, Sum: 10.4]
      [Termination (ms): Min: 0.0, Avg: 0.0, Max: 0.0, Diff: 0.0, Sum: 0.0]
         [Termination Attempts: Min: 1, Avg: 1.0, Max: 1, Diff: 0, Sum: 2]
      [GC Worker Other (ms): Min: 0.0, Avg: 0.0, Max: 0.0, Diff: 0.0, Sum: 0.0]
      [GC Worker Total (ms): Min: 6.9, Avg: 6.9, Max: 6.9, Diff: 0.0, Sum: 13.8]
      [GC Worker End (ms): Min: 90816788.0, Avg: 90816788.0, Max: 90816788.0, Diff: 0.0]
   [Code Root Fixup: 0.1 ms]
   [Code Root Purge: 0.0 ms]
   [Clear CT: 0.1 ms]
   [Other: 0.5 ms]
      [Choose CSet: 0.0 ms]
      [Ref Proc: 0.1 ms]
      [Ref Enq: 0.0 ms]
      [Redirty Cards: 0.2 ms]
      [Humongous Register: 0.0 ms]
      [Humongous Reclaim: 0.0 ms]
      [Free CSet: 0.0 ms]
   [Eden: 46.0M(46.0M)->0.0B(44.0M) Survivors: 5120.0K->7168.0K Heap: 365.7M(1024.0M)->321.7M(1024.0M)]
 [Times: user=0.02 sys=0.00, real=0.01 secs] 
2017-09-25T12:56:35.014+0900: 90917.820: [GC pause (G1 Evacuation Pause) (young), 0.0057098 secs]
   [Parallel Time: 4.7 ms, GC Workers: 2]
      [GC Worker Start (ms): Min: 90917820.7, Avg: 90917820.7, Max: 90917820.7, Diff: 0.1]
      [Ext Root Scanning (ms): Min: 0.7, Avg: 0.7, Max: 0.8, Diff: 0.1, Sum: 1.4]
      [Update RS (ms): Min: 0.7, Avg: 0.8, Max: 0.8, Diff: 0.0, Sum: 1.5]
         [Processed Buffers: Min: 8, Avg: 19.0, Max: 30, Diff: 22, Sum: 38]
      [Scan RS (ms): Min: 0.2, Avg: 0.4, Max: 0.6, Diff: 0.4, Sum: 0.9]
      [Code Root Scanning (ms): Min: 0.0, Avg: 0.0, Max: 0.0, Diff: 0.0, Sum: 0.0]
      [Object Copy (ms): Min: 2.5, Avg: 2.7, Max: 2.8, Diff: 0.3, Sum: 5.4]
      [Termination (ms): Min: 0.0, Avg: 0.0, Max: 0.0, Diff: 0.0, Sum: 0.0]
         [Termination Attempts: Min: 1, Avg: 1.0, Max: 1, Diff: 0, Sum: 2]
      [GC Worker Other (ms): Min: 0.0, Avg: 0.0, Max: 0.0, Diff: 0.0, Sum: 0.0]
      [GC Worker Total (ms): Min: 4.6, Avg: 4.6, Max: 4.7, Diff: 0.1, Sum: 9.2]
      [GC Worker End (ms): Min: 90917825.3, Avg: 90917825.3, Max: 90917825.3, Diff: 0.0]
   [Code Root Fixup: 0.0 ms]
   [Code Root Purge: 0.0 ms]
   [Clear CT: 0.1 ms]
   [Other: 0.8 ms]
      [Choose CSet: 0.0 ms]
      [Ref Proc: 0.3 ms]
      [Ref Enq: 0.0 ms]
      [Redirty Cards: 0.2 ms]
      [Humongous Register: 0.1 ms]
      [Humongous Reclaim: 0.0 ms]
      [Free CSet: 0.0 ms]
   [Eden: 44.0M(44.0M)->0.0B(113.0M) Survivors: 7168.0K->3072.0K Heap: 365.7M(1024.0M)->318.8M(1024.0M)]
 [Times: user=0.01 sys=0.00, real=0.00 secs] 
2017-09-25T13:00:54.950+0900: 91177.756: [GC pause (G1 Evacuation Pause) (young), 0.1321345 secs]
   [Parallel Time: 130.0 ms, GC Workers: 2]
      [GC Worker Start (ms): Min: 91177756.7, Avg: 91177756.8, Max: 91177756.8, Diff: 0.1]
      [Ext Root Scanning (ms): Min: 1.7, Avg: 1.9, Max: 2.2, Diff: 0.5, Sum: 3.9]
      [Update RS (ms): Min: 9.8, Avg: 11.3, Max: 12.8, Diff: 3.0, Sum: 22.6]
         [Processed Buffers: Min: 18, Avg: 19.5, Max: 21, Diff: 3, Sum: 39]
      [Scan RS (ms): Min: 0.0, Avg: 1.4, Max: 2.7, Diff: 2.7, Sum: 2.7]
      [Code Root Scanning (ms): Min: 0.0, Avg: 0.0, Max: 0.0, Diff: 0.0, Sum: 0.0]
      [Object Copy (ms): Min: 114.9, Avg: 115.0, Max: 115.0, Diff: 0.1, Sum: 230.0]
      [Termination (ms): Min: 0.0, Avg: 0.1, Max: 0.3, Diff: 0.3, Sum: 0.3]
         [Termination Attempts: Min: 1, Avg: 1.0, Max: 1, Diff: 0, Sum: 2]
      [GC Worker Other (ms): Min: 0.0, Avg: 0.0, Max: 0.0, Diff: 0.0, Sum: 0.1]
      [GC Worker Total (ms): Min: 129.7, Avg: 129.8, Max: 129.9, Diff: 0.2, Sum: 259.6]
      [GC Worker End (ms): Min: 91177886.5, Avg: 91177886.5, Max: 91177886.6, Diff: 0.0]
   [Code Root Fixup: 0.0 ms]
   [Code Root Purge: 0.0 ms]
   [Clear CT: 0.0 ms]
   [Other: 2.0 ms]
      [Choose CSet: 0.0 ms]
      [Ref Proc: 0.3 ms]
      [Ref Enq: 0.0 ms]
      [Redirty Cards: 0.0 ms]
      [Humongous Register: 0.1 ms]
      [Humongous Reclaim: 0.0 ms]
      [Free CSet: 1.3 ms]
   [Eden: 113.0M(113.0M)->0.0B(44.0M) Survivors: 3072.0K->7168.0K Heap: 431.8M(1024.0M)->322.8M(1024.0M)]
 [Times: user=0.04 sys=0.02, real=0.14 secs] 
2017-09-25T13:02:35.592+0900: 91278.399: [GC pause (G1 Evacuation Pause) (young), 0.0360577 secs]
   [Parallel Time: 25.0 ms, GC Workers: 2]
      [GC Worker Start (ms): Min: 91278398.8, Avg: 91278398.9, Max: 91278398.9, Diff: 0.1]
      [Ext Root Scanning (ms): Min: 1.0, Avg: 1.1, Max: 1.1, Diff: 0.1, Sum: 2.2]
      [Update RS (ms): Min: 1.7, Avg: 1.8, Max: 1.8, Diff: 0.1, Sum: 3.5]
         [Processed Buffers: Min: 15, Avg: 19.5, Max: 24, Diff: 9, Sum: 39]
      [Scan RS (ms): Min: 0.7, Avg: 0.8, Max: 0.8, Diff: 0.1, Sum: 1.6]
      [Code Root Scanning (ms): Min: 0.0, Avg: 0.0, Max: 0.0, Diff: 0.0, Sum: 0.0]
      [Object Copy (ms): Min: 21.0, Avg: 21.1, Max: 21.1, Diff: 0.1, Sum: 42.2]
      [Termination (ms): Min: 0.0, Avg: 0.1, Max: 0.1, Diff: 0.1, Sum: 0.1]
         [Termination Attempts: Min: 1, Avg: 1.0, Max: 1, Diff: 0, Sum: 2]
      [GC Worker Other (ms): Min: 0.0, Avg: 0.0, Max: 0.0, Diff: 0.0, Sum: 0.0]
      [GC Worker Total (ms): Min: 24.7, Avg: 24.8, Max: 24.9, Diff: 0.2, Sum: 49.6]
      [GC Worker End (ms): Min: 91278423.6, Avg: 91278423.7, Max: 91278423.7, Diff: 0.1]
   [Code Root Fixup: 0.1 ms]
   [Code Root Purge: 0.0 ms]
   [Clear CT: 0.1 ms]
   [Other: 10.9 ms]
      [Choose CSet: 0.0 ms]
      [Ref Proc: 0.3 ms]
      [Ref Enq: 0.0 ms]
      [Redirty Cards: 0.2 ms]
      [Humongous Register: 0.0 ms]
      [Humongous Reclaim: 0.0 ms]
      [Free CSet: 10.0 ms]
   [Eden: 44.0M(44.0M)->0.0B(48.0M) Survivors: 7168.0K->3072.0K Heap: 366.8M(1024.0M)->324.6M(1024.0M)]
 [Times: user=0.05 sys=0.00, real=0.04 secs] 
2017-09-25T13:04:25.269+0900: 91388.075: [GC pause (G1 Evacuation Pause) (young), 0.0197396 secs]
   [Parallel Time: 17.0 ms, GC Workers: 2]
      [GC Worker Start (ms): Min: 91388075.6, Avg: 91388075.6, Max: 91388075.7, Diff: 0.1]
      [Ext Root Scanning (ms): Min: 2.0, Avg: 2.1, Max: 2.2, Diff: 0.1, Sum: 4.2]
      [Update RS (ms): Min: 5.8, Avg: 6.0, Max: 6.1, Diff: 0.4, Sum: 11.9]
         [Processed Buffers: Min: 13, Avg: 19.5, Max: 26, Diff: 13, Sum: 39]
      [Scan RS (ms): Min: 1.1, Avg: 1.4, Max: 1.6, Diff: 0.5, Sum: 2.7]
      [Code Root Scanning (ms): Min: 0.0, Avg: 0.0, Max: 0.1, Diff: 0.1, Sum: 0.1]
      [Object Copy (ms): Min: 6.8, Avg: 6.9, Max: 6.9, Diff: 0.1, Sum: 13.7]
      [Termination (ms): Min: 0.0, Avg: 0.1, Max: 0.2, Diff: 0.2, Sum: 0.2]
         [Termination Attempts: Min: 1, Avg: 1.0, Max: 1, Diff: 0, Sum: 2]
      [GC Worker Other (ms): Min: 0.0, Avg: 0.0, Max: 0.0, Diff: 0.0, Sum: 0.1]
      [GC Worker Total (ms): Min: 16.5, Avg: 16.5, Max: 16.5, Diff: 0.0, Sum: 32.9]
      [GC Worker End (ms): Min: 91388092.1, Avg: 91388092.1, Max: 91388092.1, Diff: 0.1]
   [Code Root Fixup: 0.3 ms]
   [Code Root Purge: 0.0 ms]
   [Clear CT: 0.3 ms]
   [Other: 2.2 ms]
      [Choose CSet: 0.0 ms]
      [Ref Proc: 0.9 ms]
      [Ref Enq: 0.0 ms]
      [Redirty Cards: 0.6 ms]
      [Humongous Register: 0.1 ms]
      [Humongous Reclaim: 0.0 ms]
      [Free CSet: 0.1 ms]
   [Eden: 48.0M(48.0M)->0.0B(49.0M) Survivors: 3072.0K->2048.0K Heap: 372.6M(1024.0M)->324.1M(1024.0M)]
 [Times: user=0.03 sys=0.00, real=0.02 secs] 
2017-09-25T13:06:17.273+0900: 91500.079: [GC pause (G1 Evacuation Pause) (young), 0.0238848 secs]
   [Parallel Time: 22.0 ms, GC Workers: 2]
      [GC Worker Start (ms): Min: 91500079.9, Avg: 91500079.9, Max: 91500079.9, Diff: 0.1]
      [Ext Root Scanning (ms): Min: 2.3, Avg: 2.4, Max: 2.4, Diff: 0.1, Sum: 4.7]
      [Update RS (ms): Min: 3.8, Avg: 4.0, Max: 4.2, Diff: 0.4, Sum: 8.1]
         [Processed Buffers: Min: 10, Avg: 18.5, Max: 27, Diff: 17, Sum: 37]
      [Scan RS (ms): Min: 0.3, Avg: 0.5, Max: 0.7, Diff: 0.4, Sum: 1.0]
      [Code Root Scanning (ms): Min: 0.0, Avg: 0.0, Max: 0.1, Diff: 0.1, Sum: 0.1]
      [Object Copy (ms): Min: 14.6, Avg: 14.6, Max: 14.6, Diff: 0.0, Sum: 29.2]
      [Termination (ms): Min: 0.0, Avg: 0.0, Max: 0.0, Diff: 0.0, Sum: 0.0]
         [Termination Attempts: Min: 1, Avg: 1.5, Max: 2, Diff: 1, Sum: 3]
      [GC Worker Other (ms): Min: 0.1, Avg: 0.1, Max: 0.1, Diff: 0.0, Sum: 0.2]
      [GC Worker Total (ms): Min: 21.6, Avg: 21.6, Max: 21.7, Diff: 0.1, Sum: 43.3]
      [GC Worker End (ms): Min: 91500101.5, Avg: 91500101.5, Max: 91500101.5, Diff: 0.0]
   [Code Root Fixup: 0.1 ms]
   [Code Root Purge: 0.0 ms]
   [Clear CT: 0.2 ms]
   [Other: 1.5 ms]
      [Choose CSet: 0.0 ms]
      [Ref Proc: 0.4 ms]
      [Ref Enq: 0.0 ms]
      [Redirty Cards: 0.5 ms]
      [Humongous Register: 0.1 ms]
      [Humongous Reclaim: 0.0 ms]
      [Free CSet: 0.1 ms]
   [Eden: 49.0M(49.0M)->0.0B(47.0M) Survivors: 2048.0K->4096.0K Heap: 373.1M(1024.0M)->326.1M(1024.0M)]
 [Times: user=0.04 sys=0.00, real=0.03 secs] 
2017-09-25T13:08:05.077+0900: 91607.883: [GC pause (G1 Evacuation Pause) (young), 0.0133739 secs]
   [Parallel Time: 12.4 ms, GC Workers: 2]
      [GC Worker Start (ms): Min: 91607883.8, Avg: 91607884.3, Max: 91607884.8, Diff: 0.9]
      [Ext Root Scanning (ms): Min: 0.7, Avg: 1.2, Max: 1.6, Diff: 1.0, Sum: 2.3]
      [Update RS (ms): Min: 1.2, Avg: 1.3, Max: 1.3, Diff: 0.1, Sum: 2.5]
         [Processed Buffers: Min: 5, Avg: 18.5, Max: 32, Diff: 27, Sum: 37]
      [Scan RS (ms): Min: 0.3, Avg: 0.4, Max: 0.4, Diff: 0.1, Sum: 0.8]
      [Code Root Scanning (ms): Min: 0.0, Avg: 0.0, Max: 0.0, Diff: 0.0, Sum: 0.0]
      [Object Copy (ms): Min: 8.1, Avg: 8.2, Max: 8.2, Diff: 0.1, Sum: 16.3]
      [Termination (ms): Min: 0.0, Avg: 0.0, Max: 0.0, Diff: 0.0, Sum: 0.0]
         [Termination Attempts: Min: 1, Avg: 1.0, Max: 1, Diff: 0, Sum: 2]
      [GC Worker Other (ms): Min: 0.0, Avg: 0.0, Max: 0.0, Diff: 0.0, Sum: 0.0]
      [GC Worker Total (ms): Min: 10.5, Avg: 11.0, Max: 11.5, Diff: 0.9, Sum: 22.0]
      [GC Worker End (ms): Min: 91607895.3, Avg: 91607895.3, Max: 91607895.3, Diff: 0.0]
   [Code Root Fixup: 0.0 ms]
   [Code Root Purge: 0.0 ms]
   [Clear CT: 0.1 ms]
   [Other: 0.8 ms]
      [Choose CSet: 0.0 ms]
      [Ref Proc: 0.2 ms]
      [Ref Enq: 0.0 ms]
      [Redirty Cards: 0.2 ms]
      [Humongous Register: 0.0 ms]
      [Humongous Reclaim: 0.0 ms]
      [Free CSet: 0.1 ms]
   [Eden: 47.0M(47.0M)->0.0B(45.0M) Survivors: 4096.0K->6144.0K Heap: 373.1M(1024.0M)->327.6M(1024.0M)]
 [Times: user=0.03 sys=0.00, real=0.01 secs] 
2017-09-25T13:09:48.215+0900: 91711.021: [GC pause (G1 Evacuation Pause) (young), 0.0490087 secs]
   [Parallel Time: 48.2 ms, GC Workers: 2]
      [GC Worker Start (ms): Min: 91711021.4, Avg: 91711021.4, Max: 91711021.5, Diff: 0.0]
      [Ext Root Scanning (ms): Min: 0.9, Avg: 1.0, Max: 1.0, Diff: 0.1, Sum: 2.0]
      [Update RS (ms): Min: 1.4, Avg: 1.6, Max: 1.8, Diff: 0.4, Sum: 3.2]
         [Processed Buffers: Min: 13, Avg: 18.5, Max: 24, Diff: 11, Sum: 37]
      [Scan RS (ms): Min: 1.1, Avg: 1.2, Max: 1.4, Diff: 0.3, Sum: 2.5]
      [Code Root Scanning (ms): Min: 0.0, Avg: 0.0, Max: 0.0, Diff: 0.0, Sum: 0.0]
      [Object Copy (ms): Min: 35.1, Avg: 39.6, Max: 44.2, Diff: 9.1, Sum: 79.2]
      [Termination (ms): Min: 0.0, Avg: 4.6, Max: 9.2, Diff: 9.2, Sum: 9.2]
         [Termination Attempts: Min: 1, Avg: 1.0, Max: 1, Diff: 0, Sum: 2]
      [GC Worker Other (ms): Min: 0.0, Avg: 0.0, Max: 0.0, Diff: 0.0, Sum: 0.0]
      [GC Worker Total (ms): Min: 48.0, Avg: 48.1, Max: 48.1, Diff: 0.1, Sum: 96.1]
      [GC Worker End (ms): Min: 91711069.4, Avg: 91711069.5, Max: 91711069.5, Diff: 0.1]
   [Code Root Fixup: 0.0 ms]
   [Code Root Purge: 0.0 ms]
   [Clear CT: 0.1 ms]
   [Other: 0.7 ms]
      [Choose CSet: 0.0 ms]
      [Ref Proc: 0.2 ms]
      [Ref Enq: 0.0 ms]
      [Redirty Cards: 0.2 ms]
      [Humongous Register: 0.0 ms]
      [Humongous Reclaim: 0.0 ms]
      [Free CSet: 0.0 ms]
   [Eden: 45.0M(45.0M)->0.0B(46.0M) Survivors: 6144.0K->5120.0K Heap: 372.6M(1024.0M)->329.6M(1024.0M)]
 [Times: user=0.03 sys=0.00, real=0.05 secs] 
2017-09-25T13:11:33.369+0900: 91816.175: [GC pause (G1 Evacuation Pause) (young), 0.0336766 secs]
   [Parallel Time: 32.8 ms, GC Workers: 2]
      [GC Worker Start (ms): Min: 91816175.1, Avg: 91816175.1, Max: 91816175.1, Diff: 0.0]
      [Ext Root Scanning (ms): Min: 0.7, Avg: 0.8, Max: 0.8, Diff: 0.1, Sum: 1.6]
      [Update RS (ms): Min: 1.4, Avg: 1.5, Max: 1.6, Diff: 0.1, Sum: 3.0]
         [Processed Buffers: Min: 18, Avg: 19.5, Max: 21, Diff: 3, Sum: 39]
      [Scan RS (ms): Min: 0.3, Avg: 0.4, Max: 0.4, Diff: 0.1, Sum: 0.7]
      [Code Root Scanning (ms): Min: 0.0, Avg: 0.0, Max: 0.0, Diff: 0.0, Sum: 0.0]
      [Object Copy (ms): Min: 30.0, Avg: 30.1, Max: 30.1, Diff: 0.1, Sum: 60.1]
      [Termination (ms): Min: 0.0, Avg: 0.0, Max: 0.0, Diff: 0.0, Sum: 0.0]
         [Termination Attempts: Min: 1, Avg: 1.0, Max: 1, Diff: 0, Sum: 2]
      [GC Worker Other (ms): Min: 0.0, Avg: 0.0, Max: 0.0, Diff: 0.0, Sum: 0.0]
      [GC Worker Total (ms): Min: 32.7, Avg: 32.7, Max: 32.7, Diff: 0.0, Sum: 65.5]
      [GC Worker End (ms): Min: 91816207.8, Avg: 91816207.8, Max: 91816207.8, Diff: 0.0]
   [Code Root Fixup: 0.0 ms]
   [Code Root Purge: 0.0 ms]
   [Clear CT: 0.1 ms]
   [Other: 0.7 ms]
      [Choose CSet: 0.0 ms]
      [Ref Proc: 0.2 ms]
      [Ref Enq: 0.0 ms]
      [Redirty Cards: 0.0 ms]
      [Humongous Register: 0.1 ms]
      [Humongous Reclaim: 0.0 ms]
      [Free CSet: 0.0 ms]
   [Eden: 46.0M(46.0M)->0.0B(46.0M) Survivors: 5120.0K->5120.0K Heap: 375.6M(1024.0M)->332.0M(1024.0M)]
 [Times: user=0.02 sys=0.00, real=0.04 secs] 
2017-09-25T13:13:18.272+0900: 91921.078: [GC pause (G1 Evacuation Pause) (young), 0.0045661 secs]
   [Parallel Time: 3.8 ms, GC Workers: 2]
      [GC Worker Start (ms): Min: 91921078.6, Avg: 91921078.6, Max: 91921078.6, Diff: 0.0]
      [Ext Root Scanning (ms): Min: 0.5, Avg: 0.5, Max: 0.5, Diff: 0.1, Sum: 1.0]
      [Update RS (ms): Min: 0.9, Avg: 1.0, Max: 1.1, Diff: 0.2, Sum: 2.0]
         [Processed Buffers: Min: 12, Avg: 19.5, Max: 27, Diff: 15, Sum: 39]
      [Scan RS (ms): Min: 0.2, Avg: 0.3, Max: 0.4, Diff: 0.2, Sum: 0.6]
      [Code Root Scanning (ms): Min: 0.0, Avg: 0.0, Max: 0.0, Diff: 0.0, Sum: 0.0]
      [Object Copy (ms): Min: 1.9, Avg: 1.9, Max: 1.9, Diff: 0.1, Sum: 3.8]
      [Termination (ms): Min: 0.0, Avg: 0.0, Max: 0.0, Diff: 0.0, Sum: 0.0]
         [Termination Attempts: Min: 1, Avg: 1.5, Max: 2, Diff: 1, Sum: 3]
      [GC Worker Other (ms): Min: 0.0, Avg: 0.0, Max: 0.0, Diff: 0.0, Sum: 0.0]
      [GC Worker Total (ms): Min: 3.7, Avg: 3.7, Max: 3.8, Diff: 0.1, Sum: 7.5]
      [GC Worker End (ms): Min: 91921082.3, Avg: 91921082.3, Max: 91921082.3, Diff: 0.0]
   [Code Root Fixup: 0.0 ms]
   [Code Root Purge: 0.0 ms]
   [Clear CT: 0.1 ms]
   [Other: 0.6 ms]
      [Choose CSet: 0.0 ms]
      [Ref Proc: 0.2 ms]
      [Ref Enq: 0.0 ms]
      [Redirty Cards: 0.2 ms]
      [Humongous Register: 0.0 ms]
      [Humongous Reclaim: 0.0 ms]
      [Free CSet: 0.0 ms]
   [Eden: 46.0M(46.0M)->0.0B(48.0M) Survivors: 5120.0K->3072.0K Heap: 378.0M(1024.0M)->330.0M(1024.0M)]
 [Times: user=0.00 sys=0.00, real=0.01 secs] 
2017-09-25T13:15:04.255+0900: 92027.061: [GC pause (G1 Evacuation Pause) (young), 0.0479611 secs]
   [Parallel Time: 46.6 ms, GC Workers: 2]
      [GC Worker Start (ms): Min: 92027061.2, Avg: 92027061.3, Max: 92027061.4, Diff: 0.2]
      [Ext Root Scanning (ms): Min: 1.9, Avg: 2.0, Max: 2.1, Diff: 0.2, Sum: 3.9]
      [Update RS (ms): Min: 8.4, Avg: 10.1, Max: 11.9, Diff: 3.4, Sum: 20.3]
         [Processed Buffers: Min: 12, Avg: 20.5, Max: 29, Diff: 17, Sum: 41]
      [Scan RS (ms): Min: 4.7, Avg: 10.6, Max: 16.5, Diff: 11.7, Sum: 21.2]
      [Code Root Scanning (ms): Min: 0.0, Avg: 0.0, Max: 0.0, Diff: 0.0, Sum: 0.0]
      [Object Copy (ms): Min: 19.5, Avg: 23.7, Max: 27.8, Diff: 8.3, Sum: 47.4]
      [Termination (ms): Min: 0.0, Avg: 0.0, Max: 0.0, Diff: 0.0, Sum: 0.0]
         [Termination Attempts: Min: 1, Avg: 1.0, Max: 1, Diff: 0, Sum: 2]
      [GC Worker Other (ms): Min: 0.0, Avg: 0.0, Max: 0.0, Diff: 0.0, Sum: 0.1]
      [GC Worker Total (ms): Min: 46.3, Avg: 46.4, Max: 46.5, Diff: 0.1, Sum: 92.8]
      [GC Worker End (ms): Min: 92027107.7, Avg: 92027107.7, Max: 92027107.7, Diff: 0.0]
   [Code Root Fixup: 0.1 ms]
   [Code Root Purge: 0.0 ms]
   [Clear CT: 0.1 ms]
   [Other: 1.1 ms]
      [Choose CSet: 0.0 ms]
      [Ref Proc: 0.3 ms]
      [Ref Enq: 0.0 ms]
      [Redirty Cards: 0.2 ms]
      [Humongous Register: 0.1 ms]
      [Humongous Reclaim: 0.0 ms]
      [Free CSet: 0.1 ms]
   [Eden: 48.0M(48.0M)->0.0B(46.0M) Survivors: 3072.0K->5120.0K Heap: 378.0M(1024.0M)->332.5M(1024.0M)]
 [Times: user=0.07 sys=0.00, real=0.05 secs] 
2017-09-25T13:16:41.293+0900: 92124.099: [GC pause (G1 Evacuation Pause) (young), 0.0529425 secs]
   [Parallel Time: 52.5 ms, GC Workers: 2]
      [GC Worker Start (ms): Min: 92124099.5, Avg: 92124099.5, Max: 92124099.5, Diff: 0.0]
      [Ext Root Scanning (ms): Min: 0.6, Avg: 0.6, Max: 0.6, Diff: 0.1, Sum: 1.2]
      [Update RS (ms): Min: 1.2, Avg: 1.5, Max: 1.9, Diff: 0.7, Sum: 3.1]
         [Processed Buffers: Min: 14, Avg: 19.5, Max: 25, Diff: 11, Sum: 39]
      [Scan RS (ms): Min: 0.5, Avg: 25.6, Max: 50.6, Diff: 50.1, Sum: 51.1]
      [Code Root Scanning (ms): Min: 0.0, Avg: 0.0, Max: 0.0, Diff: 0.0, Sum: 0.0]
      [Object Copy (ms): Min: 0.0, Avg: 20.4, Max: 40.7, Diff: 40.6, Sum: 40.7]
      [Termination (ms): Min: 0.0, Avg: 4.4, Max: 8.7, Diff: 8.7, Sum: 8.7]
         [Termination Attempts: Min: 1, Avg: 1.5, Max: 2, Diff: 1, Sum: 3]
      [GC Worker Other (ms): Min: 0.0, Avg: 0.0, Max: 0.0, Diff: 0.0, Sum: 0.0]
      [GC Worker Total (ms): Min: 52.4, Avg: 52.4, Max: 52.4, Diff: 0.0, Sum: 104.9]
      [GC Worker End (ms): Min: 92124151.9, Avg: 92124151.9, Max: 92124151.9, Diff: 0.0]
   [Code Root Fixup: 0.0 ms]
   [Code Root Purge: 0.0 ms]
   [Clear CT: 0.0 ms]
   [Other: 0.4 ms]
      [Choose CSet: 0.0 ms]
      [Ref Proc: 0.1 ms]
      [Ref Enq: 0.0 ms]
      [Redirty Cards: 0.1 ms]
      [Humongous Register: 0.0 ms]
      [Humongous Reclaim: 0.0 ms]
      [Free CSet: 0.0 ms]
   [Eden: 46.0M(46.0M)->0.0B(44.0M) Survivors: 5120.0K->7168.0K Heap: 378.5M(1024.0M)->335.4M(1024.0M)]
 [Times: user=0.02 sys=0.00, real=0.06 secs] 
2017-09-25T13:18:14.267+0900: 92217.073: [GC pause (G1 Evacuation Pause) (young), 0.0726821 secs]
   [Parallel Time: 70.6 ms, GC Workers: 2]
      [GC Worker Start (ms): Min: 92217073.3, Avg: 92217073.4, Max: 92217073.4, Diff: 0.1]
      [Ext Root Scanning (ms): Min: 1.8, Avg: 1.8, Max: 1.9, Diff: 0.1, Sum: 3.6]
      [Update RS (ms): Min: 10.2, Avg: 10.6, Max: 11.0, Diff: 0.8, Sum: 21.2]
         [Processed Buffers: Min: 16, Avg: 20.5, Max: 25, Diff: 9, Sum: 41]
      [Scan RS (ms): Min: 5.2, Avg: 5.4, Max: 5.5, Diff: 0.4, Sum: 10.7]
      [Code Root Scanning (ms): Min: 0.0, Avg: 0.0, Max: 0.0, Diff: 0.0, Sum: 0.0]
      [Object Copy (ms): Min: 43.8, Avg: 47.9, Max: 52.0, Diff: 8.2, Sum: 95.8]
      [Termination (ms): Min: 0.0, Avg: 4.4, Max: 8.8, Diff: 8.8, Sum: 8.8]
         [Termination Attempts: Min: 1, Avg: 1.0, Max: 1, Diff: 0, Sum: 2]
      [GC Worker Other (ms): Min: 0.0, Avg: 0.0, Max: 0.0, Diff: 0.0, Sum: 0.1]
      [GC Worker Total (ms): Min: 70.0, Avg: 70.1, Max: 70.2, Diff: 0.3, Sum: 140.2]
      [GC Worker End (ms): Min: 92217143.4, Avg: 92217143.5, Max: 92217143.6, Diff: 0.2]
   [Code Root Fixup: 0.1 ms]
   [Code Root Purge: 0.0 ms]
   [Clear CT: 0.2 ms]
   [Other: 1.8 ms]
      [Choose CSet: 0.0 ms]
      [Ref Proc: 0.5 ms]
      [Ref Enq: 0.0 ms]
      [Redirty Cards: 0.1 ms]
      [Humongous Register: 0.1 ms]
      [Humongous Reclaim: 0.0 ms]
      [Free CSet: 0.1 ms]
   [Eden: 44.0M(44.0M)->0.0B(48.0M) Survivors: 7168.0K->3072.0K Heap: 379.4M(1024.0M)->332.9M(1024.0M)]
 [Times: user=0.05 sys=0.02, real=0.07 secs] 
2017-09-25T13:19:54.895+0900: 92317.702: [GC pause (G1 Evacuation Pause) (young), 0.0497770 secs]
   [Parallel Time: 48.4 ms, GC Workers: 2]
      [GC Worker Start (ms): Min: 92317702.2, Avg: 92317702.2, Max: 92317702.2, Diff: 0.1]
      [Ext Root Scanning (ms): Min: 1.7, Avg: 1.8, Max: 1.9, Diff: 0.2, Sum: 3.7]
      [Update RS (ms): Min: 12.3, Avg: 13.0, Max: 13.7, Diff: 1.4, Sum: 26.0]
         [Processed Buffers: Min: 6, Avg: 20.0, Max: 34, Diff: 28, Sum: 40]
      [Scan RS (ms): Min: 1.3, Avg: 1.9, Max: 2.6, Diff: 1.4, Sum: 3.9]
      [Code Root Scanning (ms): Min: 0.0, Avg: 0.0, Max: 0.0, Diff: 0.0, Sum: 0.0]
      [Object Copy (ms): Min: 30.8, Avg: 31.0, Max: 31.2, Diff: 0.4, Sum: 61.9]
      [Termination (ms): Min: 0.0, Avg: 0.2, Max: 0.3, Diff: 0.3, Sum: 0.3]
         [Termination Attempts: Min: 1, Avg: 1.0, Max: 1, Diff: 0, Sum: 2]
      [GC Worker Other (ms): Min: 0.0, Avg: 0.0, Max: 0.0, Diff: 0.0, Sum: 0.0]
      [GC Worker Total (ms): Min: 47.9, Avg: 48.0, Max: 48.0, Diff: 0.1, Sum: 96.0]
      [GC Worker End (ms): Min: 92317750.2, Avg: 92317750.2, Max: 92317750.2, Diff: 0.0]
   [Code Root Fixup: 0.1 ms]
   [Code Root Purge: 0.0 ms]
   [Clear CT: 0.1 ms]
   [Other: 1.2 ms]
      [Choose CSet: 0.0 ms]
      [Ref Proc: 0.3 ms]
      [Ref Enq: 0.0 ms]
      [Redirty Cards: 0.1 ms]
      [Humongous Register: 0.1 ms]
      [Humongous Reclaim: 0.0 ms]
      [Free CSet: 0.1 ms]
   [Eden: 48.0M(48.0M)->0.0B(46.0M) Survivors: 3072.0K->5120.0K Heap: 380.9M(1024.0M)->334.4M(1024.0M)]
 [Times: user=0.07 sys=0.00, real=0.05 secs] 
2017-09-25T13:21:32.578+0900: 92415.385: [GC pause (G1 Evacuation Pause) (young), 0.0836468 secs]
   [Parallel Time: 82.1 ms, GC Workers: 2]
      [GC Worker Start (ms): Min: 92415384.9, Avg: 92415385.0, Max: 92415385.0, Diff: 0.1]
      [Ext Root Scanning (ms): Min: 1.8, Avg: 1.8, Max: 1.9, Diff: 0.2, Sum: 3.7]
      [Update RS (ms): Min: 5.4, Avg: 5.5, Max: 5.6, Diff: 0.1, Sum: 11.0]
         [Processed Buffers: Min: 11, Avg: 19.5, Max: 28, Diff: 17, Sum: 39]
      [Scan RS (ms): Min: 4.1, Avg: 4.3, Max: 4.6, Diff: 0.5, Sum: 8.7]
      [Code Root Scanning (ms): Min: 0.0, Avg: 0.0, Max: 0.0, Diff: 0.0, Sum: 0.0]
      [Object Copy (ms): Min: 60.1, Avg: 65.2, Max: 70.3, Diff: 10.2, Sum: 130.4]
      [Termination (ms): Min: 0.0, Avg: 5.0, Max: 9.9, Diff: 9.9, Sum: 9.9]
         [Termination Attempts: Min: 1, Avg: 1.0, Max: 1, Diff: 0, Sum: 2]
      [GC Worker Other (ms): Min: 0.0, Avg: 0.0, Max: 0.0, Diff: 0.0, Sum: 0.0]
      [GC Worker Total (ms): Min: 81.8, Avg: 81.9, Max: 81.9, Diff: 0.1, Sum: 163.7]
      [GC Worker End (ms): Min: 92415466.8, Avg: 92415466.8, Max: 92415466.8, Diff: 0.0]
   [Code Root Fixup: 0.1 ms]
   [Code Root Purge: 0.0 ms]
   [Clear CT: 0.1 ms]
   [Other: 1.4 ms]
      [Choose CSet: 0.0 ms]
      [Ref Proc: 0.3 ms]
      [Ref Enq: 0.0 ms]
      [Redirty Cards: 0.1 ms]
      [Humongous Register: 0.1 ms]
      [Humongous Reclaim: 0.0 ms]
      [Free CSet: 0.0 ms]
   [Eden: 46.0M(46.0M)->0.0B(45.0M) Survivors: 5120.0K->6144.0K Heap: 380.4M(1024.0M)->336.6M(1024.0M)]
 [Times: user=0.09 sys=0.00, real=0.08 secs] 
2017-09-25T13:23:08.204+0900: 92511.010: [GC pause (G1 Evacuation Pause) (young), 0.0664602 secs]
   [Parallel Time: 64.3 ms, GC Workers: 2]
      [GC Worker Start (ms): Min: 92511010.5, Avg: 92511010.6, Max: 92511010.7, Diff: 0.1]
      [Ext Root Scanning (ms): Min: 2.1, Avg: 2.1, Max: 2.1, Diff: 0.0, Sum: 4.2]
      [Update RS (ms): Min: 5.8, Avg: 6.0, Max: 6.2, Diff: 0.5, Sum: 12.0]
         [Processed Buffers: Min: 13, Avg: 19.0, Max: 25, Diff: 12, Sum: 38]
      [Scan RS (ms): Min: 3.4, Avg: 3.9, Max: 4.4, Diff: 1.0, Sum: 7.7]
      [Code Root Scanning (ms): Min: 0.0, Avg: 0.0, Max: 0.1, Diff: 0.0, Sum: 0.1]
      [Object Copy (ms): Min: 42.9, Avg: 47.5, Max: 52.1, Diff: 9.2, Sum: 95.0]
      [Termination (ms): Min: 0.0, Avg: 4.5, Max: 8.9, Diff: 8.9, Sum: 8.9]
         [Termination Attempts: Min: 1, Avg: 1.0, Max: 1, Diff: 0, Sum: 2]
      [GC Worker Other (ms): Min: 0.0, Avg: 0.0, Max: 0.0, Diff: 0.0, Sum: 0.1]
      [GC Worker Total (ms): Min: 63.9, Avg: 64.0, Max: 64.1, Diff: 0.2, Sum: 127.9]
      [GC Worker End (ms): Min: 92511074.4, Avg: 92511074.6, Max: 92511074.7, Diff: 0.3]
   [Code Root Fixup: 0.1 ms]
   [Code Root Purge: 0.0 ms]
   [Clear CT: 0.1 ms]
   [Other: 1.9 ms]
      [Choose CSet: 0.0 ms]
      [Ref Proc: 0.4 ms]
      [Ref Enq: 0.0 ms]
      [Redirty Cards: 0.3 ms]
      [Humongous Register: 0.1 ms]
      [Humongous Reclaim: 0.0 ms]
      [Free CSet: 0.1 ms]
   [Eden: 45.0M(45.0M)->0.0B(48.0M) Survivors: 6144.0K->3072.0K Heap: 381.6M(1024.0M)->335.8M(1024.0M)]
 [Times: user=0.05 sys=0.00, real=0.06 secs] 
2017-09-25T13:24:50.155+0900: 92612.961: [GC pause (G1 Evacuation Pause) (young), 0.1099973 secs]
   [Parallel Time: 61.2 ms, GC Workers: 2]
      [GC Worker Start (ms): Min: 92612961.1, Avg: 92612961.2, Max: 92612961.3, Diff: 0.2]
      [Ext Root Scanning (ms): Min: 1.7, Avg: 1.8, Max: 1.9, Diff: 0.2, Sum: 3.6]
      [Update RS (ms): Min: 5.2, Avg: 5.3, Max: 5.5, Diff: 0.2, Sum: 10.7]
         [Processed Buffers: Min: 13, Avg: 17.5, Max: 22, Diff: 9, Sum: 35]
      [Scan RS (ms): Min: 5.2, Avg: 5.2, Max: 5.2, Diff: 0.1, Sum: 10.4]
      [Code Root Scanning (ms): Min: 0.0, Avg: 0.0, Max: 0.0, Diff: 0.0, Sum: 0.0]
      [Object Copy (ms): Min: 48.5, Avg: 48.7, Max: 48.8, Diff: 0.3, Sum: 97.4]
      [Termination (ms): Min: 0.0, Avg: 0.0, Max: 0.0, Diff: 0.0, Sum: 0.0]
         [Termination Attempts: Min: 1, Avg: 2.0, Max: 3, Diff: 2, Sum: 4]
      [GC Worker Other (ms): Min: 0.0, Avg: 0.0, Max: 0.0, Diff: 0.0, Sum: 0.0]
      [GC Worker Total (ms): Min: 61.0, Avg: 61.1, Max: 61.2, Diff: 0.2, Sum: 122.2]
      [GC Worker End (ms): Min: 92613022.3, Avg: 92613022.3, Max: 92613022.3, Diff: 0.0]
   [Code Root Fixup: 0.1 ms]
   [Code Root Purge: 0.0 ms]
   [Clear CT: 0.0 ms]
   [Other: 48.7 ms]
      [Choose CSet: 0.0 ms]
      [Ref Proc: 45.4 ms]
      [Ref Enq: 0.0 ms]
      [Redirty Cards: 0.0 ms]
      [Humongous Register: 0.1 ms]
      [Humongous Reclaim: 0.0 ms]
      [Free CSet: 0.0 ms]
   [Eden: 48.0M(48.0M)->0.0B(46.0M) Survivors: 3072.0K->5120.0K Heap: 383.8M(1024.0M)->337.8M(1024.0M)]
 [Times: user=0.10 sys=0.00, real=0.11 secs] 
2017-09-25T13:26:26.895+0900: 92709.702: [GC pause (G1 Evacuation Pause) (young), 0.0773048 secs]
   [Parallel Time: 68.2 ms, GC Workers: 2]
      [GC Worker Start (ms): Min: 92709702.1, Avg: 92709702.1, Max: 92709702.2, Diff: 0.1]
      [Ext Root Scanning (ms): Min: 1.9, Avg: 2.0, Max: 2.1, Diff: 0.2, Sum: 4.1]
      [Update RS (ms): Min: 3.5, Avg: 3.6, Max: 3.7, Diff: 0.2, Sum: 7.2]
         [Processed Buffers: Min: 3, Avg: 17.0, Max: 31, Diff: 28, Sum: 34]
      [Scan RS (ms): Min: 3.8, Avg: 3.9, Max: 4.1, Diff: 0.3, Sum: 7.9]
      [Code Root Scanning (ms): Min: 0.0, Avg: 0.0, Max: 0.0, Diff: 0.0, Sum: 0.0]
      [Object Copy (ms): Min: 49.8, Avg: 54.1, Max: 58.3, Diff: 8.5, Sum: 108.1]
      [Termination (ms): Min: 0.0, Avg: 4.2, Max: 8.5, Diff: 8.5, Sum: 8.5]
         [Termination Attempts: Min: 1, Avg: 1.0, Max: 1, Diff: 0, Sum: 2]
      [GC Worker Other (ms): Min: 0.0, Avg: 0.0, Max: 0.1, Diff: 0.0, Sum: 0.1]
      [GC Worker Total (ms): Min: 67.8, Avg: 67.9, Max: 68.0, Diff: 0.2, Sum: 135.8]
      [GC Worker End (ms): Min: 92709770.0, Avg: 92709770.0, Max: 92709770.1, Diff: 0.1]
   [Code Root Fixup: 0.1 ms]
   [Code Root Purge: 0.0 ms]
   [Clear CT: 0.1 ms]
   [Other: 8.8 ms]
      [Choose CSet: 0.0 ms]
      [Ref Proc: 5.3 ms]
      [Ref Enq: 0.1 ms]
      [Redirty Cards: 0.1 ms]
      [Humongous Register: 0.1 ms]
      [Humongous Reclaim: 0.0 ms]
      [Free CSet: 0.3 ms]
   [Eden: 46.0M(46.0M)->0.0B(48.0M) Survivors: 5120.0K->3072.0K Heap: 383.8M(1024.0M)->336.3M(1024.0M)]
 [Times: user=0.07 sys=0.00, real=0.08 secs] 
2017-09-25T13:28:08.079+0900: 92810.885: [GC pause (G1 Evacuation Pause) (young), 0.0201957 secs]
   [Parallel Time: 17.5 ms, GC Workers: 2]
      [GC Worker Start (ms): Min: 92810885.5, Avg: 92810885.5, Max: 92810885.5, Diff: 0.0]
      [Ext Root Scanning (ms): Min: 0.5, Avg: 0.5, Max: 0.6, Diff: 0.0, Sum: 1.1]
      [Update RS (ms): Min: 1.5, Avg: 3.2, Max: 4.9, Diff: 3.4, Sum: 6.4]
         [Processed Buffers: Min: 0, Avg: 16.5, Max: 33, Diff: 33, Sum: 33]
      [Scan RS (ms): Min: 1.1, Avg: 7.2, Max: 13.3, Diff: 12.2, Sum: 14.4]
      [Code Root Scanning (ms): Min: 0.0, Avg: 0.0, Max: 0.0, Diff: 0.0, Sum: 0.0]
      [Object Copy (ms): Min: 2.1, Avg: 6.5, Max: 10.9, Diff: 8.8, Sum: 13.1]
      [Termination (ms): Min: 0.0, Avg: 0.0, Max: 0.0, Diff: 0.0, Sum: 0.0]
         [Termination Attempts: Min: 1, Avg: 1.0, Max: 1, Diff: 0, Sum: 2]
      [GC Worker Other (ms): Min: 0.0, Avg: 0.0, Max: 0.0, Diff: 0.0, Sum: 0.0]
      [GC Worker Total (ms): Min: 17.5, Avg: 17.5, Max: 17.5, Diff: 0.0, Sum: 34.9]
      [GC Worker End (ms): Min: 92810903.0, Avg: 92810903.0, Max: 92810903.0, Diff: 0.0]
   [Code Root Fixup: 0.0 ms]
   [Code Root Purge: 0.0 ms]
   [Clear CT: 0.1 ms]
   [Other: 2.5 ms]
      [Choose CSet: 0.0 ms]
      [Ref Proc: 2.0 ms]
      [Ref Enq: 0.0 ms]
      [Redirty Cards: 0.2 ms]
      [Humongous Register: 0.0 ms]
      [Humongous Reclaim: 0.0 ms]
      [Free CSet: 0.0 ms]
   [Eden: 48.0M(48.0M)->0.0B(46.0M) Survivors: 3072.0K->5120.0K Heap: 384.3M(1024.0M)->338.3M(1024.0M)]
 [Times: user=0.02 sys=0.00, real=0.02 secs] 
2017-09-25T13:29:45.663+0900: 92908.469: [GC pause (G1 Evacuation Pause) (young), 0.0375437 secs]
   [Parallel Time: 36.7 ms, GC Workers: 2]
      [GC Worker Start (ms): Min: 92908469.3, Avg: 92908469.4, Max: 92908469.4, Diff: 0.1]
      [Ext Root Scanning (ms): Min: 1.1, Avg: 1.3, Max: 1.5, Diff: 0.4, Sum: 2.6]
      [Update RS (ms): Min: 2.1, Avg: 2.7, Max: 3.4, Diff: 1.3, Sum: 5.5]
         [Processed Buffers: Min: 9, Avg: 15.5, Max: 22, Diff: 13, Sum: 31]
      [Scan RS (ms): Min: 3.6, Avg: 17.4, Max: 31.1, Diff: 27.5, Sum: 34.7]
      [Code Root Scanning (ms): Min: 0.0, Avg: 0.0, Max: 0.0, Diff: 0.0, Sum: 0.0]
      [Object Copy (ms): Min: 0.4, Avg: 10.7, Max: 20.9, Diff: 20.5, Sum: 21.3]
      [Termination (ms): Min: 0.0, Avg: 4.4, Max: 8.9, Diff: 8.9, Sum: 8.9]
         [Termination Attempts: Min: 1, Avg: 1.5, Max: 2, Diff: 1, Sum: 3]
      [GC Worker Other (ms): Min: 0.0, Avg: 0.0, Max: 0.0, Diff: 0.0, Sum: 0.0]
      [GC Worker Total (ms): Min: 36.5, Avg: 36.5, Max: 36.6, Diff: 0.1, Sum: 73.0]
      [GC Worker End (ms): Min: 92908505.8, Avg: 92908505.9, Max: 92908506.0, Diff: 0.1]
   [Code Root Fixup: 0.0 ms]
   [Code Root Purge: 0.0 ms]
   [Clear CT: 0.0 ms]
   [Other: 0.7 ms]
      [Choose CSet: 0.0 ms]
      [Ref Proc: 0.1 ms]
      [Ref Enq: 0.0 ms]
      [Redirty Cards: 0.1 ms]
      [Humongous Register: 0.1 ms]
      [Humongous Reclaim: 0.0 ms]
      [Free CSet: 0.0 ms]
   [Eden: 46.0M(46.0M)->0.0B(44.0M) Survivors: 5120.0K->7168.0K Heap: 384.3M(1024.0M)->340.4M(1024.0M)]
 [Times: user=0.04 sys=0.01, real=0.03 secs] 
2017-09-25T13:31:17.572+0900: 93000.379: [GC pause (G1 Evacuation Pause) (young), 0.0323442 secs]
   [Parallel Time: 31.4 ms, GC Workers: 2]
      [GC Worker Start (ms): Min: 93000378.8, Avg: 93000379.1, Max: 93000379.3, Diff: 0.5]
      [Ext Root Scanning (ms): Min: 0.3, Avg: 0.5, Max: 0.8, Diff: 0.4, Sum: 1.1]
      [Update RS (ms): Min: 0.8, Avg: 0.8, Max: 0.8, Diff: 0.0, Sum: 1.6]
         [Processed Buffers: Min: 19, Avg: 20.0, Max: 21, Diff: 2, Sum: 40]
      [Scan RS (ms): Min: 1.0, Avg: 1.0, Max: 1.0, Diff: 0.0, Sum: 2.1]
      [Code Root Scanning (ms): Min: 0.0, Avg: 0.0, Max: 0.0, Diff: 0.0, Sum: 0.0]
      [Object Copy (ms): Min: 19.8, Avg: 24.2, Max: 28.6, Diff: 8.8, Sum: 48.4]
      [Termination (ms): Min: 0.0, Avg: 4.5, Max: 9.0, Diff: 9.0, Sum: 9.0]
         [Termination Attempts: Min: 1, Avg: 1.0, Max: 1, Diff: 0, Sum: 2]
      [GC Worker Other (ms): Min: 0.0, Avg: 0.0, Max: 0.0, Diff: 0.0, Sum: 0.0]
      [GC Worker Total (ms): Min: 30.8, Avg: 31.1, Max: 31.4, Diff: 0.5, Sum: 62.2]
      [GC Worker End (ms): Min: 93000410.1, Avg: 93000410.2, Max: 93000410.2, Diff: 0.0]
   [Code Root Fixup: 0.0 ms]
   [Code Root Purge: 0.0 ms]
   [Clear CT: 0.1 ms]
   [Other: 0.8 ms]
      [Choose CSet: 0.0 ms]
      [Ref Proc: 0.2 ms]
      [Ref Enq: 0.0 ms]
      [Redirty Cards: 0.1 ms]
      [Humongous Register: 0.0 ms]
      [Humongous Reclaim: 0.0 ms]
      [Free CSet: 0.0 ms]
   [Eden: 44.0M(44.0M)->0.0B(48.0M) Survivors: 7168.0K->3072.0K Heap: 384.4M(1024.0M)->338.7M(1024.0M)]
 [Times: user=0.02 sys=0.01, real=0.04 secs] 
2017-09-25T13:33:00.130+0900: 93102.936: [GC pause (G1 Evacuation Pause) (young), 0.0161746 secs]
   [Parallel Time: 12.1 ms, GC Workers: 2]
      [GC Worker Start (ms): Min: 93102936.1, Avg: 93102938.2, Max: 93102940.3, Diff: 4.3]
      [Ext Root Scanning (ms): Min: 0.0, Avg: 0.5, Max: 1.0, Diff: 1.0, Sum: 1.0]
      [Update RS (ms): Min: 0.0, Avg: 1.0, Max: 1.9, Diff: 1.9, Sum: 1.9]
         [Processed Buffers: Min: 0, Avg: 17.5, Max: 35, Diff: 35, Sum: 35]
      [Scan RS (ms): Min: 0.3, Avg: 3.4, Max: 6.6, Diff: 6.3, Sum: 6.8]
      [Code Root Scanning (ms): Min: 0.0, Avg: 0.0, Max: 0.0, Diff: 0.0, Sum: 0.0]
      [Object Copy (ms): Min: 1.9, Avg: 4.3, Max: 6.8, Diff: 4.9, Sum: 8.6]
      [Termination (ms): Min: 0.0, Avg: 0.0, Max: 0.0, Diff: 0.0, Sum: 0.0]
         [Termination Attempts: Min: 1, Avg: 1.0, Max: 1, Diff: 0, Sum: 2]
      [GC Worker Other (ms): Min: 0.0, Avg: 0.0, Max: 0.0, Diff: 0.0, Sum: 0.0]
      [GC Worker Total (ms): Min: 7.0, Avg: 9.2, Max: 11.3, Diff: 4.3, Sum: 18.4]
      [GC Worker End (ms): Min: 93102947.4, Avg: 93102947.4, Max: 93102947.4, Diff: 0.0]
   [Code Root Fixup: 0.0 ms]
   [Code Root Purge: 0.0 ms]
   [Clear CT: 2.6 ms]
   [Other: 1.4 ms]
      [Choose CSet: 0.0 ms]
      [Ref Proc: 1.0 ms]
      [Ref Enq: 0.0 ms]
      [Redirty Cards: 0.0 ms]
      [Humongous Register: 0.0 ms]
      [Humongous Reclaim: 0.0 ms]
      [Free CSet: 0.1 ms]
   [Eden: 48.0M(48.0M)->0.0B(46.0M) Survivors: 3072.0K->5120.0K Heap: 386.7M(1024.0M)->340.7M(1024.0M)]
 [Times: user=0.02 sys=0.01, real=0.02 secs] 
2017-09-25T13:34:37.957+0900: 93200.763: [GC pause (G1 Evacuation Pause) (young), 0.0650470 secs]
   [Parallel Time: 57.4 ms, GC Workers: 2]
      [GC Worker Start (ms): Min: 93200763.8, Avg: 93200763.9, Max: 93200763.9, Diff: 0.1]
      [Ext Root Scanning (ms): Min: 1.9, Avg: 2.0, Max: 2.0, Diff: 0.0, Sum: 3.9]
      [Update RS (ms): Min: 3.6, Avg: 3.7, Max: 3.9, Diff: 0.3, Sum: 7.5]
         [Processed Buffers: Min: 10, Avg: 17.0, Max: 24, Diff: 14, Sum: 34]
      [Scan RS (ms): Min: 7.1, Avg: 7.7, Max: 8.4, Diff: 1.3, Sum: 15.5]
      [Code Root Scanning (ms): Min: 0.0, Avg: 0.0, Max: 0.0, Diff: 0.0, Sum: 0.0]
      [Object Copy (ms): Min: 34.7, Avg: 39.4, Max: 44.2, Diff: 9.6, Sum: 78.9]
      [Termination (ms): Min: 0.0, Avg: 4.3, Max: 8.6, Diff: 8.6, Sum: 8.6]
         [Termination Attempts: Min: 1, Avg: 1.0, Max: 1, Diff: 0, Sum: 2]
      [GC Worker Other (ms): Min: 0.0, Avg: 0.0, Max: 0.0, Diff: 0.0, Sum: 0.0]
      [GC Worker Total (ms): Min: 57.2, Avg: 57.2, Max: 57.2, Diff: 0.0, Sum: 114.4]
      [GC Worker End (ms): Min: 93200821.0, Avg: 93200821.1, Max: 93200821.1, Diff: 0.1]
   [Code Root Fixup: 0.1 ms]
   [Code Root Purge: 0.0 ms]
   [Clear CT: 0.4 ms]
   [Other: 7.2 ms]
      [Choose CSet: 0.0 ms]
      [Ref Proc: 3.8 ms]
      [Ref Enq: 0.0 ms]
      [Redirty Cards: 0.2 ms]
      [Humongous Register: 0.1 ms]
      [Humongous Reclaim: 0.0 ms]
      [Free CSet: 0.1 ms]
   [Eden: 46.0M(46.0M)->0.0B(48.0M) Survivors: 5120.0K->3072.0K Heap: 386.7M(1024.0M)->339.6M(1024.0M)]
 [Times: user=0.05 sys=0.00, real=0.07 secs] 
2017-09-25T13:36:19.991+0900: 93302.797: [GC pause (G1 Evacuation Pause) (young), 0.0736988 secs]
   [Parallel Time: 71.2 ms, GC Workers: 2]
      [GC Worker Start (ms): Min: 93302797.8, Avg: 93302797.8, Max: 93302797.8, Diff: 0.0]
      [Ext Root Scanning (ms): Min: 1.0, Avg: 1.1, Max: 1.2, Diff: 0.2, Sum: 2.2]
      [Update RS (ms): Min: 1.2, Avg: 1.4, Max: 1.5, Diff: 0.3, Sum: 2.8]
         [Processed Buffers: Min: 9, Avg: 16.0, Max: 23, Diff: 14, Sum: 32]
      [Scan RS (ms): Min: 1.7, Avg: 35.1, Max: 68.5, Diff: 66.7, Sum: 70.2]
      [Code Root Scanning (ms): Min: 0.0, Avg: 0.0, Max: 0.0, Diff: 0.0, Sum: 0.0]
      [Object Copy (ms): Min: 0.1, Avg: 14.0, Max: 28.0, Diff: 27.9, Sum: 28.1]
      [Termination (ms): Min: 0.0, Avg: 19.5, Max: 39.0, Diff: 39.0, Sum: 39.0]
         [Termination Attempts: Min: 1, Avg: 1.5, Max: 2, Diff: 1, Sum: 3]
      [GC Worker Other (ms): Min: 0.0, Avg: 0.0, Max: 0.0, Diff: 0.0, Sum: 0.0]
      [GC Worker Total (ms): Min: 71.2, Avg: 71.2, Max: 71.2, Diff: 0.0, Sum: 142.3]
      [GC Worker End (ms): Min: 93302869.0, Avg: 93302869.0, Max: 93302869.0, Diff: 0.0]
   [Code Root Fixup: 0.1 ms]
   [Code Root Purge: 0.0 ms]
   [Clear CT: 0.1 ms]
   [Other: 2.3 ms]
      [Choose CSet: 0.0 ms]
      [Ref Proc: 0.7 ms]
      [Ref Enq: 0.0 ms]
      [Redirty Cards: 0.7 ms]
      [Humongous Register: 0.1 ms]
      [Humongous Reclaim: 0.1 ms]
      [Free CSet: 0.1 ms]
   [Eden: 48.0M(48.0M)->0.0B(46.0M) Survivors: 3072.0K->5120.0K Heap: 387.6M(1024.0M)->341.1M(1024.0M)]
 [Times: user=0.04 sys=0.01, real=0.14 secs] 
2017-09-25T13:37:57.651+0900: 93400.457: [GC pause (G1 Evacuation Pause) (young), 0.0132836 secs]
   [Parallel Time: 12.5 ms, GC Workers: 2]
      [GC Worker Start (ms): Min: 93400457.1, Avg: 93400457.1, Max: 93400457.1, Diff: 0.1]
      [Ext Root Scanning (ms): Min: 0.8, Avg: 0.9, Max: 0.9, Diff: 0.1, Sum: 1.7]
      [Update RS (ms): Min: 1.6, Avg: 1.9, Max: 2.2, Diff: 0.5, Sum: 3.8]
         [Processed Buffers: Min: 8, Avg: 16.5, Max: 25, Diff: 17, Sum: 33]
      [Scan RS (ms): Min: 0.8, Avg: 1.1, Max: 1.3, Diff: 0.5, Sum: 2.2]
      [Code Root Scanning (ms): Min: 0.0, Avg: 0.0, Max: 0.0, Diff: 0.0, Sum: 0.0]
      [Object Copy (ms): Min: 8.5, Avg: 8.5, Max: 8.5, Diff: 0.0, Sum: 17.0]
      [Termination (ms): Min: 0.0, Avg: 0.0, Max: 0.0, Diff: 0.0, Sum: 0.0]
         [Termination Attempts: Min: 2, Avg: 2.5, Max: 3, Diff: 1, Sum: 5]
      [GC Worker Other (ms): Min: 0.0, Avg: 0.0, Max: 0.0, Diff: 0.0, Sum: 0.0]
      [GC Worker Total (ms): Min: 12.3, Avg: 12.4, Max: 12.4, Diff: 0.1, Sum: 24.7]
      [GC Worker End (ms): Min: 93400469.5, Avg: 93400469.5, Max: 93400469.5, Diff: 0.0]
   [Code Root Fixup: 0.0 ms]
   [Code Root Purge: 0.0 ms]
   [Clear CT: 0.1 ms]
   [Other: 0.7 ms]
      [Choose CSet: 0.0 ms]
      [Ref Proc: 0.3 ms]
      [Ref Enq: 0.0 ms]
      [Redirty Cards: 0.1 ms]
      [Humongous Register: 0.1 ms]
      [Humongous Reclaim: 0.0 ms]
      [Free CSet: 0.0 ms]
   [Eden: 46.0M(46.0M)->0.0B(44.0M) Survivors: 5120.0K->7168.0K Heap: 387.1M(1024.0M)->343.1M(1024.0M)]
 [Times: user=0.03 sys=0.00, real=0.02 secs] 
2017-09-25T13:39:31.456+0900: 93494.262: [GC pause (G1 Evacuation Pause) (young), 0.0385449 secs]
   [Parallel Time: 38.0 ms, GC Workers: 2]
      [GC Worker Start (ms): Min: 93494261.9, Avg: 93494261.9, Max: 93494261.9, Diff: 0.0]
      [Ext Root Scanning (ms): Min: 0.7, Avg: 0.8, Max: 0.8, Diff: 0.0, Sum: 1.5]
      [Update RS (ms): Min: 1.0, Avg: 1.0, Max: 1.0, Diff: 0.0, Sum: 1.9]
         [Processed Buffers: Min: 8, Avg: 17.0, Max: 26, Diff: 18, Sum: 34]
      [Scan RS (ms): Min: 0.5, Avg: 0.5, Max: 0.5, Diff: 0.0, Sum: 1.0]
      [Code Root Scanning (ms): Min: 0.0, Avg: 0.0, Max: 0.0, Diff: 0.0, Sum: 0.0]
      [Object Copy (ms): Min: 35.6, Avg: 35.7, Max: 35.7, Diff: 0.1, Sum: 71.3]
      [Termination (ms): Min: 0.0, Avg: 0.1, Max: 0.2, Diff: 0.2, Sum: 0.2]
         [Termination Attempts: Min: 1, Avg: 1.0, Max: 1, Diff: 0, Sum: 2]
      [GC Worker Other (ms): Min: 0.0, Avg: 0.0, Max: 0.0, Diff: 0.0, Sum: 0.0]
      [GC Worker Total (ms): Min: 37.9, Avg: 38.0, Max: 38.0, Diff: 0.0, Sum: 75.9]
      [GC Worker End (ms): Min: 93494299.9, Avg: 93494299.9, Max: 93494299.9, Diff: 0.0]
   [Code Root Fixup: 0.0 ms]
   [Code Root Purge: 0.0 ms]
   [Clear CT: 0.0 ms]
   [Other: 0.4 ms]
      [Choose CSet: 0.0 ms]
      [Ref Proc: 0.1 ms]
      [Ref Enq: 0.0 ms]
      [Redirty Cards: 0.1 ms]
      [Humongous Register: 0.0 ms]
      [Humongous Reclaim: 0.0 ms]
      [Free CSet: 0.0 ms]
   [Eden: 44.0M(44.0M)->0.0B(48.0M) Survivors: 7168.0K->3072.0K Heap: 387.1M(1024.0M)->341.5M(1024.0M)]
 [Times: user=0.01 sys=0.00, real=0.05 secs] 
2017-09-25T13:41:13.202+0900: 93596.008: [GC pause (G1 Evacuation Pause) (young), 0.0164629 secs]
   [Parallel Time: 10.9 ms, GC Workers: 2]
      [GC Worker Start (ms): Min: 93596008.3, Avg: 93596008.3, Max: 93596008.3, Diff: 0.0]
      [Ext Root Scanning (ms): Min: 0.6, Avg: 0.6, Max: 0.7, Diff: 0.1, Sum: 1.3]
      [Update RS (ms): Min: 2.1, Avg: 2.4, Max: 2.7, Diff: 0.6, Sum: 4.8]
         [Processed Buffers: Min: 13, Avg: 18.5, Max: 24, Diff: 11, Sum: 37]
      [Scan RS (ms): Min: 0.6, Avg: 0.9, Max: 1.2, Diff: 0.6, Sum: 1.7]
      [Code Root Scanning (ms): Min: 0.0, Avg: 0.0, Max: 0.0, Diff: 0.0, Sum: 0.0]
      [Object Copy (ms): Min: 4.2, Avg: 5.1, Max: 5.9, Diff: 1.7, Sum: 10.1]
      [Termination (ms): Min: 0.0, Avg: 1.3, Max: 2.7, Diff: 2.7, Sum: 2.7]
         [Termination Attempts: Min: 1, Avg: 1.0, Max: 1, Diff: 0, Sum: 2]
      [GC Worker Other (ms): Min: 0.0, Avg: 0.0, Max: 0.0, Diff: 0.0, Sum: 0.0]
      [GC Worker Total (ms): Min: 9.9, Avg: 10.3, Max: 10.8, Diff: 0.9, Sum: 20.6]
      [GC Worker End (ms): Min: 93596018.1, Avg: 93596018.6, Max: 93596019.1, Diff: 0.9]
   [Code Root Fixup: 0.0 ms]
   [Code Root Purge: 0.0 ms]
   [Clear CT: 0.1 ms]
   [Other: 5.4 ms]
      [Choose CSet: 0.0 ms]
      [Ref Proc: 0.9 ms]
      [Ref Enq: 0.0 ms]
      [Redirty Cards: 4.2 ms]
      [Humongous Register: 0.0 ms]
      [Humongous Reclaim: 0.0 ms]
      [Free CSet: 0.0 ms]
   [Eden: 48.0M(48.0M)->0.0B(46.0M) Survivors: 3072.0K->5120.0K Heap: 389.5M(1024.0M)->343.0M(1024.0M)]
 [Times: user=0.01 sys=0.00, real=0.02 secs] 
2017-09-25T13:42:47.743+0900: 93690.550: [GC pause (G1 Evacuation Pause) (young), 0.0363472 secs]
   [Parallel Time: 34.9 ms, GC Workers: 2]
      [GC Worker Start (ms): Min: 93690549.7, Avg: 93690550.9, Max: 93690552.0, Diff: 2.2]
      [Ext Root Scanning (ms): Min: 0.0, Avg: 0.7, Max: 1.3, Diff: 1.3, Sum: 1.3]
      [Update RS (ms): Min: 1.6, Avg: 2.3, Max: 3.0, Diff: 1.4, Sum: 4.6]
         [Processed Buffers: Min: 10, Avg: 18.0, Max: 26, Diff: 16, Sum: 36]
      [Scan RS (ms): Min: 0.1, Avg: 1.4, Max: 2.7, Diff: 2.7, Sum: 2.8]
      [Code Root Scanning (ms): Min: 0.0, Avg: 0.0, Max: 0.0, Diff: 0.0, Sum: 0.0]
      [Object Copy (ms): Min: 28.5, Avg: 29.0, Max: 29.4, Diff: 0.9, Sum: 57.9]
      [Termination (ms): Min: 0.0, Avg: 0.3, Max: 0.6, Diff: 0.6, Sum: 0.6]
         [Termination Attempts: Min: 1, Avg: 1.0, Max: 1, Diff: 0, Sum: 2]
      [GC Worker Other (ms): Min: 0.0, Avg: 0.0, Max: 0.0, Diff: 0.0, Sum: 0.0]
      [GC Worker Total (ms): Min: 32.5, Avg: 33.6, Max: 34.8, Diff: 2.3, Sum: 67.3]
      [GC Worker End (ms): Min: 93690584.4, Avg: 93690584.5, Max: 93690584.5, Diff: 0.1]
   [Code Root Fixup: 0.1 ms]
   [Code Root Purge: 0.0 ms]
   [Clear CT: 0.1 ms]
   [Other: 1.3 ms]
      [Choose CSet: 0.0 ms]
      [Ref Proc: 0.3 ms]
      [Ref Enq: 0.0 ms]
      [Redirty Cards: 0.1 ms]
      [Humongous Register: 0.0 ms]
      [Humongous Reclaim: 0.0 ms]
      [Free CSet: 0.1 ms]
   [Eden: 46.0M(46.0M)->0.0B(44.0M) Survivors: 5120.0K->7168.0K Heap: 389.0M(1024.0M)->346.4M(1024.0M)]
 [Times: user=0.02 sys=0.00, real=0.03 secs] 
2017-09-25T13:44:21.527+0900: 93784.333: [GC pause (G1 Evacuation Pause) (young), 0.0408649 secs]
   [Parallel Time: 40.0 ms, GC Workers: 2]
      [GC Worker Start (ms): Min: 93784332.9, Avg: 93784332.9, Max: 93784333.0, Diff: 0.0]
      [Ext Root Scanning (ms): Min: 0.5, Avg: 0.6, Max: 0.6, Diff: 0.1, Sum: 1.1]
      [Update RS (ms): Min: 9.8, Avg: 9.9, Max: 10.0, Diff: 0.2, Sum: 19.7]
         [Processed Buffers: Min: 11, Avg: 16.5, Max: 22, Diff: 11, Sum: 33]
      [Scan RS (ms): Min: 0.8, Avg: 0.9, Max: 1.0, Diff: 0.2, Sum: 1.9]
      [Code Root Scanning (ms): Min: 0.0, Avg: 0.0, Max: 0.0, Diff: 0.0, Sum: 0.0]
      [Object Copy (ms): Min: 20.3, Avg: 24.4, Max: 28.6, Diff: 8.3, Sum: 48.9]
      [Termination (ms): Min: 0.0, Avg: 4.2, Max: 8.3, Diff: 8.3, Sum: 8.3]
         [Termination Attempts: Min: 1, Avg: 1.0, Max: 1, Diff: 0, Sum: 2]
      [GC Worker Other (ms): Min: 0.0, Avg: 0.0, Max: 0.0, Diff: 0.0, Sum: 0.0]
      [GC Worker Total (ms): Min: 40.0, Avg: 40.0, Max: 40.0, Diff: 0.0, Sum: 80.0]
      [GC Worker End (ms): Min: 93784372.9, Avg: 93784372.9, Max: 93784372.9, Diff: 0.0]
   [Code Root Fixup: 0.0 ms]
   [Code Root Purge: 0.0 ms]
   [Clear CT: 0.1 ms]
   [Other: 0.8 ms]
      [Choose CSet: 0.0 ms]
      [Ref Proc: 0.1 ms]
      [Ref Enq: 0.0 ms]
      [Redirty Cards: 0.0 ms]
      [Humongous Register: 0.0 ms]
      [Humongous Reclaim: 0.0 ms]
      [Free CSet: 0.0 ms]
   [Eden: 44.0M(44.0M)->0.0B(47.0M) Survivors: 7168.0K->4096.0K Heap: 390.4M(1024.0M)->344.7M(1024.0M)]
 [Times: user=0.02 sys=0.01, real=0.04 secs] 
2017-09-25T13:46:01.496+0900: 93884.303: [GC pause (G1 Evacuation Pause) (young), 0.0199479 secs]
   [Parallel Time: 7.0 ms, GC Workers: 2]
      [GC Worker Start (ms): Min: 93884302.6, Avg: 93884302.8, Max: 93884303.0, Diff: 0.4]
      [Ext Root Scanning (ms): Min: 0.4, Avg: 0.6, Max: 0.8, Diff: 0.4, Sum: 1.2]
      [Update RS (ms): Min: 0.5, Avg: 0.6, Max: 0.6, Diff: 0.0, Sum: 1.1]
         [Processed Buffers: Min: 1, Avg: 15.5, Max: 30, Diff: 29, Sum: 31]
      [Scan RS (ms): Min: 0.9, Avg: 1.1, Max: 1.3, Diff: 0.4, Sum: 2.2]
      [Code Root Scanning (ms): Min: 0.0, Avg: 0.0, Max: 0.0, Diff: 0.0, Sum: 0.0]
      [Object Copy (ms): Min: 4.2, Avg: 4.5, Max: 4.7, Diff: 0.4, Sum: 8.9]
      [Termination (ms): Min: 0.0, Avg: 0.0, Max: 0.0, Diff: 0.0, Sum: 0.0]
         [Termination Attempts: Min: 1, Avg: 1.0, Max: 1, Diff: 0, Sum: 2]
      [GC Worker Other (ms): Min: 0.0, Avg: 0.0, Max: 0.0, Diff: 0.0, Sum: 0.0]
      [GC Worker Total (ms): Min: 6.5, Avg: 6.8, Max: 7.0, Diff: 0.4, Sum: 13.5]
      [GC Worker End (ms): Min: 93884309.6, Avg: 93884309.6, Max: 93884309.6, Diff: 0.0]
   [Code Root Fixup: 0.0 ms]
   [Code Root Purge: 0.0 ms]
   [Clear CT: 1.4 ms]
   [Other: 11.6 ms]
      [Choose CSet: 0.0 ms]
      [Ref Proc: 11.3 ms]
      [Ref Enq: 0.0 ms]
      [Redirty Cards: 0.0 ms]
      [Humongous Register: 0.0 ms]
      [Humongous Reclaim: 0.0 ms]
      [Free CSet: 0.0 ms]
   [Eden: 47.0M(47.0M)->0.0B(45.0M) Survivors: 4096.0K->6144.0K Heap: 391.7M(1024.0M)->346.2M(1024.0M)]
 [Times: user=0.01 sys=0.00, real=0.02 secs] 
2017-09-25T13:47:36.528+0900: 93979.335: [GC pause (G1 Evacuation Pause) (young), 0.0726359 secs]
   [Parallel Time: 70.7 ms, GC Workers: 2]
      [GC Worker Start (ms): Min: 93979334.9, Avg: 93979335.1, Max: 93979335.3, Diff: 0.4]
      [Ext Root Scanning (ms): Min: 1.8, Avg: 2.0, Max: 2.1, Diff: 0.4, Sum: 3.9]
      [Update RS (ms): Min: 4.1, Avg: 11.5, Max: 19.0, Diff: 14.9, Sum: 23.0]
         [Processed Buffers: Min: 13, Avg: 16.0, Max: 19, Diff: 6, Sum: 32]
      [Scan RS (ms): Min: 1.9, Avg: 9.4, Max: 16.8, Diff: 14.9, Sum: 18.7]
      [Code Root Scanning (ms): Min: 0.0, Avg: 0.0, Max: 0.0, Diff: 0.0, Sum: 0.0]
      [Object Copy (ms): Min: 36.8, Avg: 42.0, Max: 47.2, Diff: 10.5, Sum: 84.0]
      [Termination (ms): Min: 0.0, Avg: 5.3, Max: 10.7, Diff: 10.7, Sum: 10.7]
         [Termination Attempts: Min: 1, Avg: 1.0, Max: 1, Diff: 0, Sum: 2]
      [GC Worker Other (ms): Min: 0.0, Avg: 0.0, Max: 0.0, Diff: 0.0, Sum: 0.1]
      [GC Worker Total (ms): Min: 70.1, Avg: 70.2, Max: 70.3, Diff: 0.2, Sum: 140.4]
      [GC Worker End (ms): Min: 93979405.2, Avg: 93979405.3, Max: 93979405.4, Diff: 0.2]
   [Code Root Fixup: 0.1 ms]
   [Code Root Purge: 0.0 ms]
   [Clear CT: 0.1 ms]
   [Other: 1.8 ms]
      [Choose CSet: 0.0 ms]
      [Ref Proc: 0.7 ms]
      [Ref Enq: 0.0 ms]
      [Redirty Cards: 0.0 ms]
      [Humongous Register: 0.1 ms]
      [Humongous Reclaim: 0.1 ms]
      [Free CSet: 0.1 ms]
   [Eden: 45.0M(45.0M)->0.0B(48.0M) Survivors: 6144.0K->3072.0K Heap: 391.2M(1024.0M)->344.0M(1024.0M)]
 [Times: user=0.03 sys=0.01, real=0.07 secs] 
2017-09-25T13:49:17.997+0900: 94080.803: [GC pause (G1 Evacuation Pause) (young), 0.0423683 secs]
   [Parallel Time: 41.1 ms, GC Workers: 2]
      [GC Worker Start (ms): Min: 94080803.7, Avg: 94080805.2, Max: 94080806.6, Diff: 2.9]
      [Ext Root Scanning (ms): Min: 0.7, Avg: 2.1, Max: 3.5, Diff: 2.8, Sum: 4.1]
      [Update RS (ms): Min: 8.1, Avg: 8.4, Max: 8.7, Diff: 0.6, Sum: 16.8]
         [Processed Buffers: Min: 3, Avg: 16.0, Max: 29, Diff: 26, Sum: 32]
      [Scan RS (ms): Min: 0.0, Avg: 1.0, Max: 1.9, Diff: 1.9, Sum: 2.0]
      [Code Root Scanning (ms): Min: 0.0, Avg: 0.7, Max: 1.3, Diff: 1.3, Sum: 1.3]
      [Object Copy (ms): Min: 21.0, Avg: 24.1, Max: 27.3, Diff: 6.3, Sum: 48.3]
      [Termination (ms): Min: 0.0, Avg: 3.2, Max: 6.5, Diff: 6.5, Sum: 6.5]
         [Termination Attempts: Min: 1, Avg: 1.0, Max: 1, Diff: 0, Sum: 2]
      [GC Worker Other (ms): Min: 0.0, Avg: 0.0, Max: 0.0, Diff: 0.0, Sum: 0.1]
      [GC Worker Total (ms): Min: 38.0, Avg: 39.5, Max: 41.0, Diff: 3.0, Sum: 79.0]
      [GC Worker End (ms): Min: 94080844.6, Avg: 94080844.7, Max: 94080844.7, Diff: 0.1]
   [Code Root Fixup: 0.1 ms]
   [Code Root Purge: 0.0 ms]
   [Clear CT: 0.1 ms]
   [Other: 1.0 ms]
      [Choose CSet: 0.0 ms]
      [Ref Proc: 0.3 ms]
      [Ref Enq: 0.0 ms]
      [Redirty Cards: 0.1 ms]
      [Humongous Register: 0.1 ms]
      [Humongous Reclaim: 0.0 ms]
      [Free CSet: 0.1 ms]
   [Eden: 48.0M(48.0M)->0.0B(46.0M) Survivors: 3072.0K->5120.0K Heap: 392.0M(1024.0M)->346.0M(1024.0M)]
 [Times: user=0.05 sys=0.00, real=0.04 secs] 
2017-09-25T13:50:56.118+0900: 94178.924: [GC pause (G1 Evacuation Pause) (young), 0.0328761 secs]
   [Parallel Time: 22.6 ms, GC Workers: 2]
      [GC Worker Start (ms): Min: 94178924.3, Avg: 94178924.3, Max: 94178924.3, Diff: 0.0]
      [Ext Root Scanning (ms): Min: 1.0, Avg: 1.0, Max: 1.0, Diff: 0.1, Sum: 2.0]
      [Update RS (ms): Min: 1.2, Avg: 1.5, Max: 1.7, Diff: 0.4, Sum: 2.9]
         [Processed Buffers: Min: 13, Avg: 15.5, Max: 18, Diff: 5, Sum: 31]
      [Scan RS (ms): Min: 1.1, Avg: 1.3, Max: 1.6, Diff: 0.5, Sum: 2.7]
      [Code Root Scanning (ms): Min: 0.0, Avg: 0.0, Max: 0.0, Diff: 0.0, Sum: 0.0]
      [Object Copy (ms): Min: 17.8, Avg: 17.8, Max: 17.8, Diff: 0.0, Sum: 35.6]
      [Termination (ms): Min: 0.0, Avg: 0.0, Max: 0.0, Diff: 0.0, Sum: 0.0]
         [Termination Attempts: Min: 3, Avg: 3.5, Max: 4, Diff: 1, Sum: 7]
      [GC Worker Other (ms): Min: 0.0, Avg: 0.0, Max: 0.0, Diff: 0.0, Sum: 0.0]
      [GC Worker Total (ms): Min: 21.6, Avg: 21.6, Max: 21.6, Diff: 0.0, Sum: 43.2]
      [GC Worker End (ms): Min: 94178945.9, Avg: 94178945.9, Max: 94178945.9, Diff: 0.0]
   [Code Root Fixup: 0.0 ms]
   [Code Root Purge: 0.0 ms]
   [Clear CT: 7.2 ms]
   [Other: 3.0 ms]
      [Choose CSet: 0.0 ms]
      [Ref Proc: 2.3 ms]
      [Ref Enq: 0.0 ms]
      [Redirty Cards: 0.2 ms]
      [Humongous Register: 0.1 ms]
      [Humongous Reclaim: 0.0 ms]
      [Free CSet: 0.1 ms]
   [Eden: 46.0M(46.0M)->0.0B(44.0M) Survivors: 5120.0K->7168.0K Heap: 392.0M(1024.0M)->348.0M(1024.0M)]
 [Times: user=0.04 sys=0.00, real=0.03 secs] 
2017-09-25T13:52:29.615+0900: 94272.421: [GC pause (G1 Evacuation Pause) (young), 0.0893328 secs]
   [Parallel Time: 88.4 ms, GC Workers: 2]
      [GC Worker Start (ms): Min: 94272421.3, Avg: 94272421.3, Max: 94272421.4, Diff: 0.1]
      [Ext Root Scanning (ms): Min: 0.9, Avg: 1.0, Max: 1.1, Diff: 0.2, Sum: 2.0]
      [Update RS (ms): Min: 1.4, Avg: 1.4, Max: 1.4, Diff: 0.0, Sum: 2.7]
         [Processed Buffers: Min: 7, Avg: 16.5, Max: 26, Diff: 19, Sum: 33]
      [Scan RS (ms): Min: 0.7, Avg: 0.7, Max: 0.8, Diff: 0.1, Sum: 1.5]
      [Code Root Scanning (ms): Min: 0.0, Avg: 0.0, Max: 0.0, Diff: 0.0, Sum: 0.0]
      [Object Copy (ms): Min: 85.2, Avg: 85.2, Max: 85.3, Diff: 0.1, Sum: 170.5]
      [Termination (ms): Min: 0.0, Avg: 0.0, Max: 0.0, Diff: 0.0, Sum: 0.0]
         [Termination Attempts: Min: 1, Avg: 1.0, Max: 1, Diff: 0, Sum: 2]
      [GC Worker Other (ms): Min: 0.0, Avg: 0.0, Max: 0.0, Diff: 0.0, Sum: 0.0]
      [GC Worker Total (ms): Min: 88.3, Avg: 88.3, Max: 88.4, Diff: 0.1, Sum: 176.7]
      [GC Worker End (ms): Min: 94272509.6, Avg: 94272509.6, Max: 94272509.6, Diff: 0.0]
   [Code Root Fixup: 0.0 ms]
   [Code Root Purge: 0.0 ms]
   [Clear CT: 0.1 ms]
   [Other: 0.8 ms]
      [Choose CSet: 0.0 ms]
      [Ref Proc: 0.1 ms]
      [Ref Enq: 0.0 ms]
      [Redirty Cards: 0.1 ms]
      [Humongous Register: 0.0 ms]
      [Humongous Reclaim: 0.0 ms]
      [Free CSet: 0.0 ms]
   [Eden: 44.0M(44.0M)->0.0B(48.0M) Survivors: 7168.0K->3072.0K Heap: 392.0M(1024.0M)->346.0M(1024.0M)]
 [Times: user=0.01 sys=0.02, real=0.09 secs] 
2017-09-25T13:54:11.527+0900: 94374.333: [GC pause (G1 Evacuation Pause) (young), 0.0248982 secs]
   [Parallel Time: 23.3 ms, GC Workers: 2]
      [GC Worker Start (ms): Min: 94374332.8, Avg: 94374332.8, Max: 94374332.9, Diff: 0.0]
      [Ext Root Scanning (ms): Min: 0.5, Avg: 0.5, Max: 0.5, Diff: 0.0, Sum: 1.1]
      [Update RS (ms): Min: 7.3, Avg: 11.6, Max: 16.0, Diff: 8.7, Sum: 23.3]
         [Processed Buffers: Min: 1, Avg: 17.0, Max: 33, Diff: 32, Sum: 34]
      [Scan RS (ms): Min: 1.0, Avg: 5.4, Max: 9.7, Diff: 8.8, Sum: 10.7]
      [Code Root Scanning (ms): Min: 0.0, Avg: 0.0, Max: 0.0, Diff: 0.0, Sum: 0.0]
      [Object Copy (ms): Min: 5.7, Avg: 5.8, Max: 5.8, Diff: 0.1, Sum: 11.5]
      [Termination (ms): Min: 0.0, Avg: 0.0, Max: 0.0, Diff: 0.0, Sum: 0.0]
         [Termination Attempts: Min: 1, Avg: 1.0, Max: 1, Diff: 0, Sum: 2]
      [GC Worker Other (ms): Min: 0.0, Avg: 0.0, Max: 0.0, Diff: 0.0, Sum: 0.0]
      [GC Worker Total (ms): Min: 23.3, Avg: 23.3, Max: 23.3, Diff: 0.0, Sum: 46.6]
      [GC Worker End (ms): Min: 94374356.2, Avg: 94374356.2, Max: 94374356.2, Diff: 0.0]
   [Code Root Fixup: 0.0 ms]
   [Code Root Purge: 0.0 ms]
   [Clear CT: 0.1 ms]
   [Other: 1.4 ms]
      [Choose CSet: 0.0 ms]
      [Ref Proc: 1.0 ms]
      [Ref Enq: 0.0 ms]
      [Redirty Cards: 0.2 ms]
      [Humongous Register: 0.0 ms]
      [Humongous Reclaim: 0.0 ms]
      [Free CSet: 0.0 ms]
   [Eden: 48.0M(48.0M)->0.0B(46.0M) Survivors: 3072.0K->5120.0K Heap: 394.0M(1024.0M)->348.0M(1024.0M)]
 [Times: user=0.03 sys=0.00, real=0.02 secs] 
2017-09-25T13:55:48.704+0900: 94471.510: [GC pause (G1 Evacuation Pause) (young), 0.0310664 secs]
   [Parallel Time: 29.1 ms, GC Workers: 2]
      [GC Worker Start (ms): Min: 94471510.0, Avg: 94471510.0, Max: 94471510.0, Diff: 0.0]
      [Ext Root Scanning (ms): Min: 1.2, Avg: 1.3, Max: 1.4, Diff: 0.1, Sum: 2.6]
      [Update RS (ms): Min: 1.6, Avg: 1.8, Max: 2.0, Diff: 0.4, Sum: 3.6]
         [Processed Buffers: Min: 9, Avg: 16.5, Max: 24, Diff: 15, Sum: 33]
      [Scan RS (ms): Min: 2.6, Avg: 3.0, Max: 3.3, Diff: 0.7, Sum: 5.9]
      [Code Root Scanning (ms): Min: 0.0, Avg: 0.0, Max: 0.0, Diff: 0.0, Sum: 0.0]
      [Object Copy (ms): Min: 22.7, Avg: 22.9, Max: 23.1, Diff: 0.4, Sum: 45.8]
      [Termination (ms): Min: 0.0, Avg: 0.0, Max: 0.0, Diff: 0.0, Sum: 0.0]
         [Termination Attempts: Min: 1, Avg: 1.0, Max: 1, Diff: 0, Sum: 2]
      [GC Worker Other (ms): Min: 0.0, Avg: 0.0, Max: 0.0, Diff: 0.0, Sum: 0.0]
      [GC Worker Total (ms): Min: 29.0, Avg: 29.0, Max: 29.1, Diff: 0.1, Sum: 58.1]
      [GC Worker End (ms): Min: 94471539.0, Avg: 94471539.0, Max: 94471539.0, Diff: 0.0]
   [Code Root Fixup: 0.1 ms]
   [Code Root Purge: 0.0 ms]
   [Clear CT: 0.1 ms]
   [Other: 1.7 ms]
      [Choose CSet: 0.0 ms]
      [Ref Proc: 0.4 ms]
      [Ref Enq: 0.0 ms]
      [Redirty Cards: 0.3 ms]
      [Humongous Register: 0.0 ms]
      [Humongous Reclaim: 0.0 ms]
      [Free CSet: 0.1 ms]
   [Eden: 46.0M(46.0M)->0.0B(48.0M) Survivors: 5120.0K->3072.0K Heap: 394.0M(1024.0M)->346.1M(1024.0M)]
 [Times: user=0.03 sys=0.00, real=0.03 secs] 
2017-09-25T13:57:31.347+0900: 94574.153: [GC pause (G1 Evacuation Pause) (young), 0.0242273 secs]
   [Parallel Time: 23.0 ms, GC Workers: 2]
      [GC Worker Start (ms): Min: 94574153.2, Avg: 94574153.3, Max: 94574153.3, Diff: 0.1]
      [Ext Root Scanning (ms): Min: 2.1, Avg: 2.1, Max: 2.1, Diff: 0.0, Sum: 4.1]
      [Update RS (ms): Min: 3.6, Avg: 3.6, Max: 3.6, Diff: 0.1, Sum: 7.2]
         [Processed Buffers: Min: 13, Avg: 16.5, Max: 20, Diff: 7, Sum: 33]
      [Scan RS (ms): Min: 6.7, Avg: 7.1, Max: 7.5, Diff: 0.7, Sum: 14.2]
      [Code Root Scanning (ms): Min: 0.0, Avg: 0.0, Max: 0.0, Diff: 0.0, Sum: 0.0]
      [Object Copy (ms): Min: 9.8, Avg: 10.1, Max: 10.5, Diff: 0.7, Sum: 20.3]
      [Termination (ms): Min: 0.0, Avg: 0.0, Max: 0.0, Diff: 0.0, Sum: 0.0]
         [Termination Attempts: Min: 1, Avg: 1.0, Max: 1, Diff: 0, Sum: 2]
      [GC Worker Other (ms): Min: 0.0, Avg: 0.0, Max: 0.0, Diff: 0.0, Sum: 0.0]
      [GC Worker Total (ms): Min: 22.9, Avg: 22.9, Max: 23.0, Diff: 0.1, Sum: 45.9]
      [GC Worker End (ms): Min: 94574176.2, Avg: 94574176.2, Max: 94574176.2, Diff: 0.0]
   [Code Root Fixup: 0.1 ms]
   [Code Root Purge: 0.0 ms]
   [Clear CT: 0.1 ms]
   [Other: 1.0 ms]
      [Choose CSet: 0.0 ms]
      [Ref Proc: 0.3 ms]
      [Ref Enq: 0.0 ms]
      [Redirty Cards: 0.3 ms]
      [Humongous Register: 0.1 ms]
      [Humongous Reclaim: 0.0 ms]
      [Free CSet: 0.0 ms]
   [Eden: 48.0M(48.0M)->0.0B(46.0M) Survivors: 3072.0K->5120.0K Heap: 394.1M(1024.0M)->348.6M(1024.0M)]
 [Times: user=0.04 sys=0.00, real=0.02 secs] 
2017-09-25T13:59:08.412+0900: 94671.219: [GC pause (G1 Evacuation Pause) (young), 0.0893740 secs]
   [Parallel Time: 87.6 ms, GC Workers: 2]
      [GC Worker Start (ms): Min: 94671219.1, Avg: 94671219.1, Max: 94671219.2, Diff: 0.1]
      [Ext Root Scanning (ms): Min: 2.3, Avg: 2.4, Max: 2.4, Diff: 0.1, Sum: 4.7]
      [Update RS (ms): Min: 3.7, Avg: 3.7, Max: 3.8, Diff: 0.1, Sum: 7.4]
         [Processed Buffers: Min: 5, Avg: 16.5, Max: 28, Diff: 23, Sum: 33]
      [Scan RS (ms): Min: 6.3, Avg: 6.7, Max: 7.1, Diff: 0.8, Sum: 13.4]
      [Code Root Scanning (ms): Min: 0.0, Avg: 0.0, Max: 0.0, Diff: 0.0, Sum: 0.0]
      [Object Copy (ms): Min: 60.9, Avg: 68.0, Max: 75.1, Diff: 14.2, Sum: 136.0]
      [Termination (ms): Min: 0.0, Avg: 6.7, Max: 13.3, Diff: 13.3, Sum: 13.3]
         [Termination Attempts: Min: 1, Avg: 1.0, Max: 1, Diff: 0, Sum: 2]
      [GC Worker Other (ms): Min: 0.0, Avg: 0.0, Max: 0.0, Diff: 0.0, Sum: 0.0]
      [GC Worker Total (ms): Min: 87.4, Avg: 87.5, Max: 87.5, Diff: 0.1, Sum: 174.9]
      [GC Worker End (ms): Min: 94671306.6, Avg: 94671306.6, Max: 94671306.6, Diff: 0.0]
   [Code Root Fixup: 0.1 ms]
   [Code Root Purge: 0.0 ms]
   [Clear CT: 0.1 ms]
   [Other: 1.6 ms]
      [Choose CSet: 0.0 ms]
      [Ref Proc: 1.0 ms]
      [Ref Enq: 0.0 ms]
      [Redirty Cards: 0.0 ms]
      [Humongous Register: 0.1 ms]
      [Humongous Reclaim: 0.0 ms]
      [Free CSet: 0.0 ms]
   [Eden: 46.0M(46.0M)->0.0B(44.0M) Survivors: 5120.0K->7168.0K Heap: 394.6M(1024.0M)->350.6M(1024.0M)]
 [Times: user=0.06 sys=0.00, real=0.09 secs] 
2017-09-25T14:00:41.527+0900: 94764.334: [GC pause (G1 Evacuation Pause) (young), 0.0619857 secs]
   [Parallel Time: 59.1 ms, GC Workers: 2]
      [GC Worker Start (ms): Min: 94764333.9, Avg: 94764333.9, Max: 94764334.0, Diff: 0.1]
      [Ext Root Scanning (ms): Min: 1.0, Avg: 2.6, Max: 4.3, Diff: 3.3, Sum: 5.2]
      [Update RS (ms): Min: 0.0, Avg: 1.1, Max: 2.2, Diff: 2.2, Sum: 2.2]
         [Processed Buffers: Min: 0, Avg: 15.5, Max: 31, Diff: 31, Sum: 31]
      [Scan RS (ms): Min: 7.7, Avg: 31.0, Max: 54.3, Diff: 46.6, Sum: 62.0]
      [Code Root Scanning (ms): Min: 0.0, Avg: 0.0, Max: 0.0, Diff: 0.0, Sum: 0.0]
      [Object Copy (ms): Min: 0.3, Avg: 18.7, Max: 37.1, Diff: 36.8, Sum: 37.5]
      [Termination (ms): Min: 0.0, Avg: 5.2, Max: 10.4, Diff: 10.4, Sum: 10.4]
         [Termination Attempts: Min: 1, Avg: 1.5, Max: 2, Diff: 1, Sum: 3]
      [GC Worker Other (ms): Min: 0.0, Avg: 0.3, Max: 0.7, Diff: 0.7, Sum: 0.7]
      [GC Worker Total (ms): Min: 58.9, Avg: 58.9, Max: 59.0, Diff: 0.2, Sum: 117.9]
      [GC Worker End (ms): Min: 94764392.8, Avg: 94764392.9, Max: 94764392.9, Diff: 0.1]
   [Code Root Fixup: 0.0 ms]
   [Code Root Purge: 0.0 ms]
   [Clear CT: 0.0 ms]
   [Other: 2.8 ms]
      [Choose CSet: 0.0 ms]
      [Ref Proc: 2.1 ms]
      [Ref Enq: 0.0 ms]
      [Redirty Cards: 0.0 ms]
      [Humongous Register: 0.0 ms]
      [Humongous Reclaim: 0.0 ms]
      [Free CSet: 0.0 ms]
   [Eden: 44.0M(44.0M)->0.0B(48.0M) Survivors: 7168.0K->3072.0K Heap: 394.6M(1024.0M)->348.9M(1024.0M)]
 [Times: user=0.03 sys=0.00, real=0.06 secs] 
2017-09-25T14:02:24.128+0900: 94866.934: [GC pause (G1 Evacuation Pause) (young), 0.0681586 secs]
   [Parallel Time: 66.4 ms, GC Workers: 2]
      [GC Worker Start (ms): Min: 94866935.2, Avg: 94866935.3, Max: 94866935.3, Diff: 0.2]
      [Ext Root Scanning (ms): Min: 2.3, Avg: 2.4, Max: 2.5, Diff: 0.3, Sum: 4.8]
      [Update RS (ms): Min: 5.7, Avg: 7.6, Max: 9.4, Diff: 3.6, Sum: 15.1]
         [Processed Buffers: Min: 11, Avg: 19.0, Max: 27, Diff: 16, Sum: 38]
      [Scan RS (ms): Min: 9.6, Avg: 15.7, Max: 21.8, Diff: 12.1, Sum: 31.4]
      [Code Root Scanning (ms): Min: 0.0, Avg: 0.0, Max: 0.0, Diff: 0.0, Sum: 0.0]
      [Object Copy (ms): Min: 33.9, Avg: 39.2, Max: 44.5, Diff: 10.6, Sum: 78.4]
      [Termination (ms): Min: 0.0, Avg: 1.0, Max: 2.0, Diff: 2.0, Sum: 2.0]
         [Termination Attempts: Min: 1, Avg: 1.0, Max: 1, Diff: 0, Sum: 2]
      [GC Worker Other (ms): Min: 0.0, Avg: 0.0, Max: 0.0, Diff: 0.0, Sum: 0.1]
      [GC Worker Total (ms): Min: 65.8, Avg: 65.9, Max: 65.9, Diff: 0.2, Sum: 131.7]
      [GC Worker End (ms): Min: 94867001.1, Avg: 94867001.1, Max: 94867001.1, Diff: 0.0]
   [Code Root Fixup: 0.1 ms]
   [Code Root Purge: 0.0 ms]
   [Clear CT: 0.0 ms]
   [Other: 1.7 ms]
      [Choose CSet: 0.0 ms]
      [Ref Proc: 1.1 ms]
      [Ref Enq: 0.0 ms]
      [Redirty Cards: 0.0 ms]
      [Humongous Register: 0.1 ms]
      [Humongous Reclaim: 0.0 ms]
      [Free CSet: 0.1 ms]
   [Eden: 48.0M(48.0M)->0.0B(46.0M) Survivors: 3072.0K->5120.0K Heap: 396.9M(1024.0M)->350.9M(1024.0M)]
 [Times: user=0.07 sys=0.00, real=0.07 secs] 
2017-09-25T14:04:01.875+0900: 94964.682: [GC pause (G1 Evacuation Pause) (young), 0.0538455 secs]
   [Parallel Time: 52.4 ms, GC Workers: 2]
      [GC Worker Start (ms): Min: 94964681.8, Avg: 94964681.8, Max: 94964681.8, Diff: 0.1]
      [Ext Root Scanning (ms): Min: 1.1, Avg: 1.7, Max: 2.4, Diff: 1.3, Sum: 3.5]
      [Update RS (ms): Min: 0.4, Avg: 1.1, Max: 1.7, Diff: 1.3, Sum: 2.1]
         [Processed Buffers: Min: 11, Avg: 15.5, Max: 20, Diff: 9, Sum: 31]
      [Scan RS (ms): Min: 2.7, Avg: 25.9, Max: 49.0, Diff: 46.4, Sum: 51.7]
      [Code Root Scanning (ms): Min: 0.0, Avg: 0.0, Max: 0.0, Diff: 0.0, Sum: 0.0]
      [Object Copy (ms): Min: 0.4, Avg: 15.9, Max: 31.4, Diff: 31.0, Sum: 31.9]
      [Termination (ms): Min: 0.0, Avg: 7.7, Max: 15.4, Diff: 15.4, Sum: 15.4]
         [Termination Attempts: Min: 1, Avg: 1.5, Max: 2, Diff: 1, Sum: 3]
      [GC Worker Other (ms): Min: 0.0, Avg: 0.0, Max: 0.0, Diff: 0.0, Sum: 0.0]
      [GC Worker Total (ms): Min: 52.3, Avg: 52.3, Max: 52.3, Diff: 0.0, Sum: 104.7]
      [GC Worker End (ms): Min: 94964734.1, Avg: 94964734.1, Max: 94964734.2, Diff: 0.1]
   [Code Root Fixup: 0.1 ms]
   [Code Root Purge: 0.0 ms]
   [Clear CT: 0.1 ms]
   [Other: 1.3 ms]
      [Choose CSet: 0.0 ms]
      [Ref Proc: 0.2 ms]
      [Ref Enq: 0.0 ms]
      [Redirty Cards: 0.1 ms]
      [Humongous Register: 0.0 ms]
      [Humongous Reclaim: 0.1 ms]
      [Free CSet: 0.1 ms]
   [Eden: 46.0M(46.0M)->0.0B(48.0M) Survivors: 5120.0K->3072.0K Heap: 396.9M(1024.0M)->349.2M(1024.0M)]
 [Times: user=0.03 sys=0.01, real=0.05 secs] 
2017-09-25T14:05:44.504+0900: 95067.310: [GC pause (G1 Evacuation Pause) (young), 0.0413684 secs]
   [Parallel Time: 30.8 ms, GC Workers: 2]
      [GC Worker Start (ms): Min: 95067310.7, Avg: 95067310.7, Max: 95067310.7, Diff: 0.0]
      [Ext Root Scanning (ms): Min: 1.2, Avg: 1.3, Max: 1.3, Diff: 0.1, Sum: 2.5]
      [Update RS (ms): Min: 3.0, Avg: 4.1, Max: 5.2, Diff: 2.2, Sum: 8.1]
         [Processed Buffers: Min: 1, Avg: 16.5, Max: 32, Diff: 31, Sum: 33]
      [Scan RS (ms): Min: 2.2, Avg: 3.2, Max: 4.3, Diff: 2.0, Sum: 6.5]
      [Code Root Scanning (ms): Min: 0.0, Avg: 0.0, Max: 0.0, Diff: 0.0, Sum: 0.0]
      [Object Copy (ms): Min: 17.6, Avg: 19.8, Max: 22.1, Diff: 4.6, Sum: 39.7]
      [Termination (ms): Min: 0.0, Avg: 2.2, Max: 4.4, Diff: 4.4, Sum: 4.4]
         [Termination Attempts: Min: 1, Avg: 1.0, Max: 1, Diff: 0, Sum: 2]
      [GC Worker Other (ms): Min: 0.0, Avg: 0.0, Max: 0.0, Diff: 0.0, Sum: 0.0]
      [GC Worker Total (ms): Min: 30.6, Avg: 30.6, Max: 30.7, Diff: 0.2, Sum: 61.3]
      [GC Worker End (ms): Min: 95067341.3, Avg: 95067341.3, Max: 95067341.4, Diff: 0.1]
   [Code Root Fixup: 0.1 ms]
   [Code Root Purge: 0.0 ms]
   [Clear CT: 5.0 ms]
   [Other: 5.5 ms]
      [Choose CSet: 0.0 ms]
      [Ref Proc: 5.1 ms]
      [Ref Enq: 0.0 ms]
      [Redirty Cards: 0.1 ms]
      [Humongous Register: 0.0 ms]
      [Humongous Reclaim: 0.0 ms]
      [Free CSet: 0.0 ms]
   [Eden: 48.0M(48.0M)->0.0B(46.0M) Survivors: 3072.0K->5120.0K Heap: 397.2M(1024.0M)->351.2M(1024.0M)]
 [Times: user=0.04 sys=0.00, real=0.04 secs] 
2017-09-25T14:07:22.009+0900: 95164.815: [GC pause (G1 Evacuation Pause) (young), 0.0449996 secs]
   [Parallel Time: 43.8 ms, GC Workers: 2]
      [GC Worker Start (ms): Min: 95164815.6, Avg: 95164815.7, Max: 95164815.7, Diff: 0.1]
      [Ext Root Scanning (ms): Min: 1.2, Avg: 1.3, Max: 1.3, Diff: 0.1, Sum: 2.5]
      [Update RS (ms): Min: 3.1, Avg: 3.4, Max: 3.7, Diff: 0.6, Sum: 6.9]
         [Processed Buffers: Min: 12, Avg: 15.5, Max: 19, Diff: 7, Sum: 31]
      [Scan RS (ms): Min: 12.6, Avg: 13.9, Max: 15.3, Diff: 2.7, Sum: 27.9]
      [Code Root Scanning (ms): Min: 0.0, Avg: 0.0, Max: 0.0, Diff: 0.0, Sum: 0.0]
      [Object Copy (ms): Min: 23.9, Avg: 24.9, Max: 25.8, Diff: 1.8, Sum: 49.7]
      [Termination (ms): Min: 0.0, Avg: 0.1, Max: 0.3, Diff: 0.3, Sum: 0.3]
         [Termination Attempts: Min: 1, Avg: 1.0, Max: 1, Diff: 0, Sum: 2]
      [GC Worker Other (ms): Min: 0.0, Avg: 0.0, Max: 0.0, Diff: 0.0, Sum: 0.0]
      [GC Worker Total (ms): Min: 43.6, Avg: 43.6, Max: 43.7, Diff: 0.1, Sum: 87.3]
      [GC Worker End (ms): Min: 95164859.3, Avg: 95164859.3, Max: 95164859.3, Diff: 0.0]
   [Code Root Fixup: 0.1 ms]
   [Code Root Purge: 0.0 ms]
   [Clear CT: 0.1 ms]
   [Other: 1.1 ms]
      [Choose CSet: 0.0 ms]
      [Ref Proc: 0.2 ms]
      [Ref Enq: 0.0 ms]
      [Redirty Cards: 0.1 ms]
      [Humongous Register: 0.0 ms]
      [Humongous Reclaim: 0.0 ms]
      [Free CSet: 0.0 ms]
   [Eden: 46.0M(46.0M)->0.0B(45.0M) Survivors: 5120.0K->6144.0K Heap: 397.2M(1024.0M)->353.3M(1024.0M)]
 [Times: user=0.04 sys=0.00, real=0.05 secs] 
2017-09-25T14:08:57.755+0900: 95260.561: [GC pause (G1 Evacuation Pause) (young), 0.0607874 secs]
   [Parallel Time: 58.0 ms, GC Workers: 2]
      [GC Worker Start (ms): Min: 95260561.7, Avg: 95260561.7, Max: 95260561.7, Diff: 0.1]
      [Ext Root Scanning (ms): Min: 1.9, Avg: 2.0, Max: 2.0, Diff: 0.1, Sum: 3.9]
      [Update RS (ms): Min: 2.9, Avg: 3.0, Max: 3.0, Diff: 0.1, Sum: 5.9]
         [Processed Buffers: Min: 15, Avg: 16.0, Max: 17, Diff: 2, Sum: 32]
      [Scan RS (ms): Min: 3.3, Avg: 3.6, Max: 3.9, Diff: 0.6, Sum: 7.1]
      [Code Root Scanning (ms): Min: 0.0, Avg: 0.0, Max: 0.0, Diff: 0.0, Sum: 0.0]
      [Object Copy (ms): Min: 41.0, Avg: 44.9, Max: 48.7, Diff: 7.7, Sum: 89.7]
      [Termination (ms): Min: 0.0, Avg: 4.3, Max: 8.5, Diff: 8.5, Sum: 8.5]
         [Termination Attempts: Min: 1, Avg: 1.0, Max: 1, Diff: 0, Sum: 2]
      [GC Worker Other (ms): Min: 0.0, Avg: 0.0, Max: 0.0, Diff: 0.0, Sum: 0.1]
      [GC Worker Total (ms): Min: 57.5, Avg: 57.6, Max: 57.7, Diff: 0.2, Sum: 115.3]
      [GC Worker End (ms): Min: 95260619.2, Avg: 95260619.3, Max: 95260619.5, Diff: 0.3]
   [Code Root Fixup: 0.1 ms]
   [Code Root Purge: 0.0 ms]
   [Clear CT: 0.2 ms]
   [Other: 2.5 ms]
      [Choose CSet: 0.0 ms]
      [Ref Proc: 0.4 ms]
      [Ref Enq: 0.0 ms]
      [Redirty Cards: 0.4 ms]
      [Humongous Register: 0.1 ms]
      [Humongous Reclaim: 0.0 ms]
      [Free CSet: 0.7 ms]
   [Eden: 45.0M(45.0M)->0.0B(48.0M) Survivors: 6144.0K->3072.0K Heap: 398.3M(1024.0M)->351.9M(1024.0M)]
 [Times: user=0.06 sys=0.01, real=0.06 secs] 
2017-09-25T14:10:39.915+0900: 95362.721: [GC pause (G1 Evacuation Pause) (young), 0.0609909 secs]
   [Parallel Time: 39.3 ms, GC Workers: 2]
      [GC Worker Start (ms): Min: 95362721.3, Avg: 95362721.3, Max: 95362721.4, Diff: 0.1]
      [Ext Root Scanning (ms): Min: 1.8, Avg: 1.9, Max: 2.0, Diff: 0.2, Sum: 3.9]
      [Update RS (ms): Min: 3.7, Avg: 3.9, Max: 4.2, Diff: 0.6, Sum: 7.9]
         [Processed Buffers: Min: 14, Avg: 16.0, Max: 18, Diff: 4, Sum: 32]
      [Scan RS (ms): Min: 6.8, Avg: 7.1, Max: 7.5, Diff: 0.7, Sum: 14.2]
      [Code Root Scanning (ms): Min: 0.0, Avg: 0.0, Max: 0.0, Diff: 0.0, Sum: 0.0]
      [Object Copy (ms): Min: 26.0, Avg: 26.1, Max: 26.3, Diff: 0.3, Sum: 52.3]
      [Termination (ms): Min: 0.0, Avg: 0.0, Max: 0.0, Diff: 0.0, Sum: 0.0]
         [Termination Attempts: Min: 2, Avg: 2.0, Max: 2, Diff: 0, Sum: 4]
      [GC Worker Other (ms): Min: 0.0, Avg: 0.0, Max: 0.0, Diff: 0.0, Sum: 0.1]
      [GC Worker Total (ms): Min: 39.1, Avg: 39.2, Max: 39.2, Diff: 0.1, Sum: 78.4]
      [GC Worker End (ms): Min: 95362760.5, Avg: 95362760.5, Max: 95362760.5, Diff: 0.0]
   [Code Root Fixup: 0.1 ms]
   [Code Root Purge: 0.0 ms]
   [Clear CT: 1.3 ms]
   [Other: 20.4 ms]
      [Choose CSet: 0.0 ms]
      [Ref Proc: 19.9 ms]
      [Ref Enq: 0.0 ms]
      [Redirty Cards: 0.0 ms]
      [Humongous Register: 0.1 ms]
      [Humongous Reclaim: 0.0 ms]
      [Free CSet: 0.0 ms]
   [Eden: 48.0M(48.0M)->0.0B(46.0M) Survivors: 3072.0K->5120.0K Heap: 399.9M(1024.0M)->353.9M(1024.0M)]
 [Times: user=0.07 sys=0.00, real=0.06 secs] 
2017-09-25T14:12:17.430+0900: 95460.237: [GC pause (G1 Evacuation Pause) (young), 0.0430688 secs]
   [Parallel Time: 30.8 ms, GC Workers: 2]
      [GC Worker Start (ms): Min: 95460236.8, Avg: 95460236.8, Max: 95460236.8, Diff: 0.0]
      [Ext Root Scanning (ms): Min: 1.0, Avg: 1.1, Max: 1.2, Diff: 0.2, Sum: 2.1]
      [Update RS (ms): Min: 0.9, Avg: 1.0, Max: 1.1, Diff: 0.2, Sum: 2.0]
         [Processed Buffers: Min: 9, Avg: 16.5, Max: 24, Diff: 15, Sum: 33]
      [Scan RS (ms): Min: 1.5, Avg: 1.6, Max: 1.7, Diff: 0.2, Sum: 3.1]
      [Code Root Scanning (ms): Min: 0.0, Avg: 0.0, Max: 0.0, Diff: 0.0, Sum: 0.0]
      [Object Copy (ms): Min: 18.5, Avg: 22.8, Max: 27.2, Diff: 8.7, Sum: 45.7]
      [Termination (ms): Min: 0.0, Avg: 4.3, Max: 8.6, Diff: 8.6, Sum: 8.6]
         [Termination Attempts: Min: 1, Avg: 1.0, Max: 1, Diff: 0, Sum: 2]
      [GC Worker Other (ms): Min: 0.0, Avg: 0.0, Max: 0.0, Diff: 0.0, Sum: 0.0]
      [GC Worker Total (ms): Min: 30.7, Avg: 30.7, Max: 30.8, Diff: 0.0, Sum: 61.5]
      [GC Worker End (ms): Min: 95460267.5, Avg: 95460267.6, Max: 95460267.6, Diff: 0.0]
   [Code Root Fixup: 0.0 ms]
   [Code Root Purge: 0.0 ms]
   [Clear CT: 1.8 ms]
   [Other: 10.4 ms]
      [Choose CSet: 0.0 ms]
      [Ref Proc: 0.2 ms]
      [Ref Enq: 0.0 ms]
      [Redirty Cards: 0.1 ms]
      [Humongous Register: 0.1 ms]
      [Humongous Reclaim: 0.0 ms]
      [Free CSet: 0.1 ms]
   [Eden: 46.0M(46.0M)->0.0B(48.0M) Survivors: 5120.0K->3072.0K Heap: 399.9M(1024.0M)->352.7M(1024.0M)]
 [Times: user=0.01 sys=0.01, real=0.04 secs] 
2017-09-25T14:13:59.169+0900: 95561.975: [GC pause (G1 Evacuation Pause) (young), 0.0189290 secs]
   [Parallel Time: 18.2 ms, GC Workers: 2]
      [GC Worker Start (ms): Min: 95561975.0, Avg: 95561975.0, Max: 95561975.0, Diff: 0.0]
      [Ext Root Scanning (ms): Min: 0.5, Avg: 0.5, Max: 0.5, Diff: 0.1, Sum: 1.0]
      [Update RS (ms): Min: 2.6, Avg: 9.5, Max: 16.4, Diff: 13.7, Sum: 19.0]
         [Processed Buffers: Min: 13, Avg: 18.0, Max: 23, Diff: 10, Sum: 36]
      [Scan RS (ms): Min: 0.0, Avg: 2.8, Max: 5.5, Diff: 5.5, Sum: 5.5]
      [Code Root Scanning (ms): Min: 0.0, Avg: 0.0, Max: 0.0, Diff: 0.0, Sum: 0.0]
      [Object Copy (ms): Min: 1.0, Avg: 5.2, Max: 9.3, Diff: 8.3, Sum: 10.4]
      [Termination (ms): Min: 0.0, Avg: 0.0, Max: 0.1, Diff: 0.1, Sum: 0.1]
         [Termination Attempts: Min: 1, Avg: 1.0, Max: 1, Diff: 0, Sum: 2]
      [GC Worker Other (ms): Min: 0.0, Avg: 0.0, Max: 0.0, Diff: 0.0, Sum: 0.0]
      [GC Worker Total (ms): Min: 18.0, Avg: 18.0, Max: 18.0, Diff: 0.0, Sum: 36.0]
      [GC Worker End (ms): Min: 95561993.0, Avg: 95561993.0, Max: 95561993.0, Diff: 0.0]
   [Code Root Fixup: 0.0 ms]
   [Code Root Purge: 0.0 ms]
   [Clear CT: 0.1 ms]
   [Other: 0.6 ms]
      [Choose CSet: 0.0 ms]
      [Ref Proc: 0.3 ms]
      [Ref Enq: 0.0 ms]
      [Redirty Cards: 0.1 ms]
      [Humongous Register: 0.0 ms]
      [Humongous Reclaim: 0.0 ms]
      [Free CSet: 0.0 ms]
   [Eden: 48.0M(48.0M)->0.0B(46.0M) Survivors: 3072.0K->5120.0K Heap: 400.7M(1024.0M)->354.2M(1024.0M)]
 [Times: user=0.02 sys=0.00, real=0.02 secs] 
2017-09-25T14:15:35.274+0900: 95658.080: [GC pause (G1 Evacuation Pause) (young), 0.0490753 secs]
   [Parallel Time: 47.7 ms, GC Workers: 2]
      [GC Worker Start (ms): Min: 95658080.5, Avg: 95658080.6, Max: 95658080.6, Diff: 0.1]
      [Ext Root Scanning (ms): Min: 1.8, Avg: 1.8, Max: 1.9, Diff: 0.1, Sum: 3.7]
      [Update RS (ms): Min: 4.0, Avg: 4.5, Max: 5.1, Diff: 1.1, Sum: 9.0]
         [Processed Buffers: Min: 3, Avg: 18.5, Max: 34, Diff: 31, Sum: 37]
      [Scan RS (ms): Min: 6.4, Avg: 7.0, Max: 7.6, Diff: 1.2, Sum: 14.0]
      [Code Root Scanning (ms): Min: 0.0, Avg: 0.0, Max: 0.0, Diff: 0.0, Sum: 0.0]
      [Object Copy (ms): Min: 34.1, Avg: 34.1, Max: 34.2, Diff: 0.0, Sum: 68.3]
      [Termination (ms): Min: 0.0, Avg: 0.0, Max: 0.1, Diff: 0.1, Sum: 0.1]
         [Termination Attempts: Min: 1, Avg: 2.0, Max: 3, Diff: 2, Sum: 4]
      [GC Worker Other (ms): Min: 0.0, Avg: 0.0, Max: 0.1, Diff: 0.0, Sum: 0.1]
      [GC Worker Total (ms): Min: 47.5, Avg: 47.6, Max: 47.6, Diff: 0.2, Sum: 95.1]
      [GC Worker End (ms): Min: 95658128.1, Avg: 95658128.1, Max: 95658128.2, Diff: 0.1]
   [Code Root Fixup: 0.1 ms]
   [Code Root Purge: 0.0 ms]
   [Clear CT: 0.2 ms]
   [Other: 1.2 ms]
      [Choose CSet: 0.0 ms]
      [Ref Proc: 0.2 ms]
      [Ref Enq: 0.0 ms]
      [Redirty Cards: 0.2 ms]
      [Humongous Register: 0.1 ms]
      [Humongous Reclaim: 0.0 ms]
      [Free CSet: 0.0 ms]
   [Eden: 46.0M(46.0M)->0.0B(44.0M) Survivors: 5120.0K->7168.0K Heap: 400.2M(1024.0M)->356.7M(1024.0M)]
 [Times: user=0.07 sys=0.00, real=0.06 secs] 
2017-09-25T14:17:06.838+0900: 95749.645: [GC pause (G1 Evacuation Pause) (young), 0.0401726 secs]
   [Parallel Time: 39.3 ms, GC Workers: 2]
      [GC Worker Start (ms): Min: 95749644.8, Avg: 95749644.8, Max: 95749644.8, Diff: 0.1]
      [Ext Root Scanning (ms): Min: 0.9, Avg: 0.9, Max: 1.0, Diff: 0.1, Sum: 1.9]
      [Update RS (ms): Min: 2.3, Avg: 2.4, Max: 2.5, Diff: 0.1, Sum: 4.8]
         [Processed Buffers: Min: 16, Avg: 19.0, Max: 22, Diff: 6, Sum: 38]
      [Scan RS (ms): Min: 4.8, Avg: 4.8, Max: 4.9, Diff: 0.1, Sum: 9.6]
      [Code Root Scanning (ms): Min: 0.0, Avg: 0.0, Max: 0.0, Diff: 0.0, Sum: 0.0]
      [Object Copy (ms): Min: 22.0, Avg: 26.4, Max: 30.9, Diff: 8.9, Sum: 52.8]
      [Termination (ms): Min: 0.0, Avg: 4.5, Max: 8.9, Diff: 8.9, Sum: 8.9]
         [Termination Attempts: Min: 1, Avg: 1.0, Max: 1, Diff: 0, Sum: 2]
      [GC Worker Other (ms): Min: 0.0, Avg: 0.0, Max: 0.0, Diff: 0.0, Sum: 0.0]
      [GC Worker Total (ms): Min: 39.0, Avg: 39.1, Max: 39.1, Diff: 0.1, Sum: 78.1]
      [GC Worker End (ms): Min: 95749683.8, Avg: 95749683.9, Max: 95749683.9, Diff: 0.1]
   [Code Root Fixup: 0.0 ms]
   [Code Root Purge: 0.0 ms]
   [Clear CT: 0.1 ms]
   [Other: 0.8 ms]
      [Choose CSet: 0.0 ms]
      [Ref Proc: 0.2 ms]
      [Ref Enq: 0.0 ms]
      [Redirty Cards: 0.1 ms]
      [Humongous Register: 0.0 ms]
      [Humongous Reclaim: 0.0 ms]
      [Free CSet: 0.0 ms]
   [Eden: 44.0M(44.0M)->0.0B(47.0M) Survivors: 7168.0K->4096.0K Heap: 400.7M(1024.0M)->355.4M(1024.0M)]
 [Times: user=0.03 sys=0.00, real=0.04 secs] 
2017-09-25T14:18:46.873+0900: 95849.679: [GC pause (G1 Evacuation Pause) (young), 0.0539179 secs]
   [Parallel Time: 51.8 ms, GC Workers: 2]
      [GC Worker Start (ms): Min: 95849679.7, Avg: 95849679.7, Max: 95849679.8, Diff: 0.1]
      [Ext Root Scanning (ms): Min: 1.7, Avg: 1.8, Max: 1.8, Diff: 0.1, Sum: 3.6]
      [Update RS (ms): Min: 3.5, Avg: 3.7, Max: 3.9, Diff: 0.4, Sum: 7.5]
         [Processed Buffers: Min: 11, Avg: 17.5, Max: 24, Diff: 13, Sum: 35]
      [Scan RS (ms): Min: 18.8, Avg: 22.3, Max: 25.8, Diff: 7.0, Sum: 44.6]
      [Code Root Scanning (ms): Min: 0.0, Avg: 0.0, Max: 0.0, Diff: 0.0, Sum: 0.0]
      [Object Copy (ms): Min: 20.1, Avg: 23.8, Max: 27.5, Diff: 7.4, Sum: 47.6]
      [Termination (ms): Min: 0.0, Avg: 0.0, Max: 0.0, Diff: 0.0, Sum: 0.0]
         [Termination Attempts: Min: 1, Avg: 1.0, Max: 1, Diff: 0, Sum: 2]
      [GC Worker Other (ms): Min: 0.0, Avg: 0.0, Max: 0.0, Diff: 0.0, Sum: 0.1]
      [GC Worker Total (ms): Min: 51.6, Avg: 51.6, Max: 51.7, Diff: 0.1, Sum: 103.2]
      [GC Worker End (ms): Min: 95849731.3, Avg: 95849731.3, Max: 95849731.3, Diff: 0.0]
   [Code Root Fixup: 0.1 ms]
   [Code Root Purge: 0.0 ms]
   [Clear CT: 0.3 ms]
   [Other: 1.7 ms]
      [Choose CSet: 0.0 ms]
      [Ref Proc: 0.9 ms]
      [Ref Enq: 0.0 ms]
      [Redirty Cards: 0.2 ms]
      [Humongous Register: 0.1 ms]
      [Humongous Reclaim: 0.0 ms]
      [Free CSet: 0.1 ms]
   [Eden: 47.0M(47.0M)->0.0B(45.0M) Survivors: 4096.0K->6144.0K Heap: 402.4M(1024.0M)->357.4M(1024.0M)]
 [Times: user=0.07 sys=0.00, real=0.06 secs] 
2017-09-25T14:20:21.537+0900: 95944.344: [GC pause (G1 Evacuation Pause) (young), 0.0430276 secs]
   [Parallel Time: 41.8 ms, GC Workers: 2]
      [GC Worker Start (ms): Min: 95944343.8, Avg: 95944343.9, Max: 95944343.9, Diff: 0.0]
      [Ext Root Scanning (ms): Min: 0.9, Avg: 1.1, Max: 1.2, Diff: 0.2, Sum: 2.1]
      [Update RS (ms): Min: 1.2, Avg: 2.4, Max: 3.5, Diff: 2.3, Sum: 4.8]
         [Processed Buffers: Min: 11, Avg: 16.0, Max: 21, Diff: 10, Sum: 32]
      [Scan RS (ms): Min: 0.0, Avg: 1.1, Max: 2.1, Diff: 2.1, Sum: 2.1]
      [Code Root Scanning (ms): Min: 0.0, Avg: 0.0, Max: 0.0, Diff: 0.0, Sum: 0.0]
      [Object Copy (ms): Min: 37.1, Avg: 37.2, Max: 37.2, Diff: 0.1, Sum: 74.3]
      [Termination (ms): Min: 0.0, Avg: 0.1, Max: 0.1, Diff: 0.1, Sum: 0.1]
         [Termination Attempts: Min: 1, Avg: 1.0, Max: 1, Diff: 0, Sum: 2]
      [GC Worker Other (ms): Min: 0.0, Avg: 0.0, Max: 0.0, Diff: 0.0, Sum: 0.0]
      [GC Worker Total (ms): Min: 41.7, Avg: 41.8, Max: 41.8, Diff: 0.0, Sum: 83.5]
      [GC Worker End (ms): Min: 95944385.6, Avg: 95944385.6, Max: 95944385.6, Diff: 0.0]
   [Code Root Fixup: 0.1 ms]
   [Code Root Purge: 0.0 ms]
   [Clear CT: 0.1 ms]
   [Other: 1.1 ms]
      [Choose CSet: 0.0 ms]
      [Ref Proc: 0.2 ms]
      [Ref Enq: 0.0 ms]
      [Redirty Cards: 0.2 ms]
      [Humongous Register: 0.1 ms]
      [Humongous Reclaim: 0.0 ms]
      [Free CSet: 0.1 ms]
   [Eden: 45.0M(45.0M)->0.0B(46.0M) Survivors: 6144.0K->5120.0K Heap: 402.4M(1024.0M)->359.2M(1024.0M)]
 [Times: user=0.03 sys=0.01, real=0.04 secs] 
2017-09-25T14:21:59.125+0900: 96041.932: [GC pause (G1 Evacuation Pause) (young), 0.0161698 secs]
   [Parallel Time: 15.1 ms, GC Workers: 2]
      [GC Worker Start (ms): Min: 96041931.8, Avg: 96041931.9, Max: 96041931.9, Diff: 0.0]
      [Ext Root Scanning (ms): Min: 0.5, Avg: 0.6, Max: 0.6, Diff: 0.1, Sum: 1.2]
      [Update RS (ms): Min: 2.4, Avg: 2.4, Max: 2.4, Diff: 0.0, Sum: 4.8]
         [Processed Buffers: Min: 16, Avg: 16.0, Max: 16, Diff: 0, Sum: 32]
      [Scan RS (ms): Min: 0.9, Avg: 1.0, Max: 1.0, Diff: 0.1, Sum: 2.0]
      [Code Root Scanning (ms): Min: 0.0, Avg: 0.0, Max: 0.0, Diff: 0.0, Sum: 0.0]
      [Object Copy (ms): Min: 10.8, Avg: 10.9, Max: 11.0, Diff: 0.1, Sum: 21.8]
      [Termination (ms): Min: 0.0, Avg: 0.1, Max: 0.2, Diff: 0.2, Sum: 0.2]
         [Termination Attempts: Min: 1, Avg: 1.0, Max: 1, Diff: 0, Sum: 2]
      [GC Worker Other (ms): Min: 0.0, Avg: 0.0, Max: 0.0, Diff: 0.0, Sum: 0.0]
      [GC Worker Total (ms): Min: 15.0, Avg: 15.0, Max: 15.1, Diff: 0.1, Sum: 30.0]
      [GC Worker End (ms): Min: 96041946.9, Avg: 96041946.9, Max: 96041946.9, Diff: 0.0]
   [Code Root Fixup: 0.0 ms]
   [Code Root Purge: 0.0 ms]
   [Clear CT: 0.1 ms]
   [Other: 0.9 ms]
      [Choose CSet: 0.0 ms]
      [Ref Proc: 0.1 ms]
      [Ref Enq: 0.0 ms]
      [Redirty Cards: 0.2 ms]
      [Humongous Register: 0.1 ms]
      [Humongous Reclaim: 0.0 ms]
      [Free CSet: 0.0 ms]
   [Eden: 46.0M(46.0M)->0.0B(47.0M) Survivors: 5120.0K->4096.0K Heap: 405.2M(1024.0M)->359.5M(1024.0M)]
 [Times: user=0.02 sys=0.01, real=0.01 secs] 
2017-09-25T14:23:39.252+0900: 96142.058: [GC pause (G1 Evacuation Pause) (young), 0.0186497 secs]
   [Parallel Time: 16.2 ms, GC Workers: 2]
      [GC Worker Start (ms): Min: 96142062.9, Avg: 96142062.9, Max: 96142062.9, Diff: 0.0]
      [Ext Root Scanning (ms): Min: 1.1, Avg: 1.4, Max: 1.8, Diff: 0.6, Sum: 2.9]
      [Update RS (ms): Min: 0.9, Avg: 0.9, Max: 0.9, Diff: 0.0, Sum: 1.8]
         [Processed Buffers: Min: 12, Avg: 15.5, Max: 19, Diff: 7, Sum: 31]
      [Scan RS (ms): Min: 1.2, Avg: 4.5, Max: 7.7, Diff: 6.6, Sum: 8.9]
      [Code Root Scanning (ms): Min: 0.0, Avg: 0.0, Max: 0.0, Diff: 0.0, Sum: 0.0]
      [Object Copy (ms): Min: 1.8, Avg: 5.0, Max: 8.3, Diff: 6.5, Sum: 10.1]
      [Termination (ms): Min: 0.0, Avg: 0.0, Max: 0.0, Diff: 0.0, Sum: 0.0]
         [Termination Attempts: Min: 1, Avg: 1.0, Max: 1, Diff: 0, Sum: 2]
      [GC Worker Other (ms): Min: 0.0, Avg: 0.4, Max: 0.8, Diff: 0.7, Sum: 0.8]
      [GC Worker Total (ms): Min: 12.2, Avg: 12.2, Max: 12.3, Diff: 0.0, Sum: 24.5]
      [GC Worker End (ms): Min: 96142075.1, Avg: 96142075.1, Max: 96142075.1, Diff: 0.0]
   [Code Root Fixup: 0.0 ms]
   [Code Root Purge: 0.0 ms]
   [Clear CT: 0.1 ms]
   [Other: 2.4 ms]
      [Choose CSet: 0.0 ms]
      [Ref Proc: 1.3 ms]
      [Ref Enq: 0.0 ms]
      [Redirty Cards: 0.0 ms]
      [Humongous Register: 0.1 ms]
      [Humongous Reclaim: 0.0 ms]
      [Free CSet: 0.1 ms]
   [Eden: 47.0M(47.0M)->0.0B(45.0M) Survivors: 4096.0K->6144.0K Heap: 406.5M(1024.0M)->361.5M(1024.0M)]
 [Times: user=0.01 sys=0.00, real=0.02 secs] 
2017-09-25T14:25:14.482+0900: 96237.289: [GC pause (G1 Evacuation Pause) (young), 0.0375257 secs]
   [Parallel Time: 36.3 ms, GC Workers: 2]
      [GC Worker Start (ms): Min: 96237288.7, Avg: 96237289.0, Max: 96237289.2, Diff: 0.6]
      [Ext Root Scanning (ms): Min: 0.2, Avg: 1.4, Max: 2.7, Diff: 2.5, Sum: 2.9]
      [Update RS (ms): Min: 0.0, Avg: 1.1, Max: 2.3, Diff: 2.3, Sum: 2.3]
         [Processed Buffers: Min: 0, Avg: 16.0, Max: 32, Diff: 32, Sum: 32]
      [Scan RS (ms): Min: 0.0, Avg: 0.8, Max: 1.5, Diff: 1.5, Sum: 1.5]
      [Code Root Scanning (ms): Min: 0.0, Avg: 0.0, Max: 0.0, Diff: 0.0, Sum: 0.0]
      [Object Copy (ms): Min: 29.8, Avg: 32.0, Max: 34.1, Diff: 4.4, Sum: 63.9]
      [Termination (ms): Min: 0.0, Avg: 0.7, Max: 1.3, Diff: 1.3, Sum: 1.3]
         [Termination Attempts: Min: 1, Avg: 1.0, Max: 1, Diff: 0, Sum: 2]
      [GC Worker Other (ms): Min: 0.0, Avg: 0.0, Max: 0.0, Diff: 0.0, Sum: 0.0]
      [GC Worker Total (ms): Min: 35.7, Avg: 36.0, Max: 36.2, Diff: 0.5, Sum: 71.9]
      [GC Worker End (ms): Min: 96237324.9, Avg: 96237324.9, Max: 96237324.9, Diff: 0.0]
   [Code Root Fixup: 0.0 ms]
   [Code Root Purge: 0.0 ms]
   [Clear CT: 0.0 ms]
   [Other: 1.2 ms]
      [Choose CSet: 0.0 ms]
      [Ref Proc: 0.5 ms]
      [Ref Enq: 0.0 ms]
      [Redirty Cards: 0.0 ms]
      [Humongous Register: 0.0 ms]
      [Humongous Reclaim: 0.0 ms]
      [Free CSet: 0.1 ms]
   [Eden: 45.0M(45.0M)->0.0B(48.0M) Survivors: 6144.0K->3072.0K Heap: 406.5M(1024.0M)->359.7M(1024.0M)]
 [Times: user=0.01 sys=0.01, real=0.04 secs] 
2017-09-25T14:26:56.386+0900: 96339.192: [GC pause (G1 Evacuation Pause) (young) (initial-mark), 0.0345042 secs]
   [Parallel Time: 30.9 ms, GC Workers: 2]
      [GC Worker Start (ms): Min: 96339192.5, Avg: 96339192.6, Max: 96339192.7, Diff: 0.2]
      [Ext Root Scanning (ms): Min: 22.5, Avg: 22.7, Max: 23.0, Diff: 0.5, Sum: 45.5]
      [Update RS (ms): Min: 1.0, Avg: 1.9, Max: 2.9, Diff: 1.9, Sum: 3.9]
         [Processed Buffers: Min: 16, Avg: 16.5, Max: 17, Diff: 1, Sum: 33]
      [Scan RS (ms): Min: 0.9, Avg: 0.9, Max: 0.9, Diff: 0.1, Sum: 1.8]
      [Code Root Scanning (ms): Min: 0.0, Avg: 0.0, Max: 0.0, Diff: 0.0, Sum: 0.0]
      [Object Copy (ms): Min: 3.7, Avg: 4.8, Max: 5.9, Diff: 2.2, Sum: 9.5]
      [Termination (ms): Min: 0.0, Avg: 0.0, Max: 0.0, Diff: 0.0, Sum: 0.0]
         [Termination Attempts: Min: 1, Avg: 1.5, Max: 2, Diff: 1, Sum: 3]
      [GC Worker Other (ms): Min: 0.0, Avg: 0.0, Max: 0.0, Diff: 0.0, Sum: 0.0]
      [GC Worker Total (ms): Min: 30.3, Avg: 30.4, Max: 30.4, Diff: 0.2, Sum: 60.7]
      [GC Worker End (ms): Min: 96339222.9, Avg: 96339222.9, Max: 96339222.9, Diff: 0.0]
   [Code Root Fixup: 0.0 ms]
   [Code Root Purge: 0.0 ms]
   [Clear CT: 0.1 ms]
   [Other: 3.5 ms]
      [Choose CSet: 0.0 ms]
      [Ref Proc: 3.1 ms]
      [Ref Enq: 0.0 ms]
      [Redirty Cards: 0.0 ms]
      [Humongous Register: 0.1 ms]
      [Humongous Reclaim: 0.0 ms]
      [Free CSet: 0.0 ms]
   [Eden: 48.0M(48.0M)->0.0B(46.0M) Survivors: 3072.0K->5120.0K Heap: 407.7M(1024.0M)->361.7M(1024.0M)]
 [Times: user=0.01 sys=0.00, real=0.03 secs] 
2017-09-25T14:26:56.422+0900: 96339.228: [GC concurrent-root-region-scan-start]
2017-09-25T14:26:56.432+0900: 96339.239: [GC concurrent-root-region-scan-end, 0.0109691 secs]
2017-09-25T14:26:56.433+0900: 96339.239: [GC concurrent-mark-start]
2017-09-25T14:26:56.584+0900: 96339.390: [GC concurrent-mark-end, 0.1507383 secs]
2017-09-25T14:26:56.602+0900: 96339.409: [GC remark 2017-09-25T14:26:56.602+0900: 96339.409: [Finalize Marking, 0.0006034 secs] 2017-09-25T14:26:56.603+0900: 96339.409: [GC ref-proc, 0.0002572 secs] 2017-09-25T14:26:56.603+0900: 96339.410: [Unloading, 0.2689647 secs], 0.2822830 secs]
 [Times: user=0.03 sys=0.02, real=0.29 secs] 
2017-09-25T14:26:56.887+0900: 96339.694: [GC cleanup 362M->265M(1024M), 0.0312737 secs]
 [Times: user=0.00 sys=0.00, real=0.03 secs] 
2017-09-25T14:26:56.919+0900: 96339.725: [GC concurrent-cleanup-start]
2017-09-25T14:26:56.938+0900: 96339.744: [GC concurrent-cleanup-end, 0.0192540 secs]
2017-09-25T14:28:33.434+0900: 96436.241: [GC pause (G1 Evacuation Pause) (young), 0.0104609 secs]
   [Parallel Time: 7.5 ms, GC Workers: 2]
      [GC Worker Start (ms): Min: 96436240.7, Avg: 96436240.8, Max: 96436240.9, Diff: 0.1]
      [Ext Root Scanning (ms): Min: 0.5, Avg: 0.5, Max: 0.6, Diff: 0.2, Sum: 1.1]
      [Update RS (ms): Min: 0.8, Avg: 0.9, Max: 0.9, Diff: 0.0, Sum: 1.7]
         [Processed Buffers: Min: 17, Avg: 18.0, Max: 19, Diff: 2, Sum: 36]
      [Scan RS (ms): Min: 0.6, Avg: 0.6, Max: 0.6, Diff: 0.0, Sum: 1.2]
      [Code Root Scanning (ms): Min: 0.0, Avg: 0.0, Max: 0.0, Diff: 0.0, Sum: 0.0]
      [Object Copy (ms): Min: 5.3, Avg: 5.3, Max: 5.3, Diff: 0.0, Sum: 10.7]
      [Termination (ms): Min: 0.0, Avg: 0.0, Max: 0.0, Diff: 0.0, Sum: 0.0]
         [Termination Attempts: Min: 1, Avg: 1.0, Max: 1, Diff: 0, Sum: 2]
      [GC Worker Other (ms): Min: 0.0, Avg: 0.0, Max: 0.0, Diff: 0.0, Sum: 0.0]
      [GC Worker Total (ms): Min: 7.3, Avg: 7.4, Max: 7.4, Diff: 0.1, Sum: 14.7]
      [GC Worker End (ms): Min: 96436248.2, Avg: 96436248.2, Max: 96436248.2, Diff: 0.0]
   [Code Root Fixup: 0.0 ms]
   [Code Root Purge: 0.0 ms]
   [Clear CT: 0.0 ms]
   [Other: 2.8 ms]
      [Choose CSet: 0.0 ms]
      [Ref Proc: 2.5 ms]
      [Ref Enq: 0.0 ms]
      [Redirty Cards: 0.0 ms]
      [Humongous Register: 0.0 ms]
      [Humongous Reclaim: 0.0 ms]
      [Free CSet: 0.0 ms]
   [Eden: 46.0M(46.0M)->0.0B(44.0M) Survivors: 5120.0K->7168.0K Heap: 310.7M(1024.0M)->266.7M(1024.0M)]
 [Times: user=0.01 sys=0.00, real=0.01 secs] 
2017-09-25T14:30:06.527+0900: 96529.333: [GC pause (G1 Evacuation Pause) (mixed), 0.0659864 secs]
   [Parallel Time: 60.4 ms, GC Workers: 2]
      [GC Worker Start (ms): Min: 96529333.1, Avg: 96529334.5, Max: 96529335.9, Diff: 2.8]
      [Ext Root Scanning (ms): Min: 0.0, Avg: 0.4, Max: 0.9, Diff: 0.9, Sum: 0.9]
      [Update RS (ms): Min: 0.0, Avg: 0.9, Max: 1.7, Diff: 1.7, Sum: 1.7]
         [Processed Buffers: Min: 0, Avg: 17.5, Max: 35, Diff: 35, Sum: 35]
      [Scan RS (ms): Min: 14.0, Avg: 14.2, Max: 14.4, Diff: 0.4, Sum: 28.3]
      [Code Root Scanning (ms): Min: 0.0, Avg: 0.0, Max: 0.0, Diff: 0.0, Sum: 0.0]
      [Object Copy (ms): Min: 30.0, Avg: 36.5, Max: 43.0, Diff: 12.9, Sum: 73.0]
      [Termination (ms): Min: 0.0, Avg: 6.8, Max: 13.7, Diff: 13.7, Sum: 13.7]
         [Termination Attempts: Min: 1, Avg: 1.0, Max: 1, Diff: 0, Sum: 2]
      [GC Worker Other (ms): Min: 0.0, Avg: 0.0, Max: 0.0, Diff: 0.0, Sum: 0.0]
      [GC Worker Total (ms): Min: 57.4, Avg: 58.9, Max: 60.3, Diff: 2.9, Sum: 117.7]
      [GC Worker End (ms): Min: 96529393.3, Avg: 96529393.3, Max: 96529393.4, Diff: 0.1]
   [Code Root Fixup: 0.1 ms]
   [Code Root Purge: 0.0 ms]
   [Clear CT: 0.3 ms]
   [Other: 5.2 ms]
      [Choose CSet: 0.0 ms]
      [Ref Proc: 4.6 ms]
      [Ref Enq: 0.0 ms]
      [Redirty Cards: 0.1 ms]
      [Humongous Register: 0.0 ms]
      [Humongous Reclaim: 0.0 ms]
      [Free CSet: 0.2 ms]
   [Eden: 44.0M(44.0M)->0.0B(47.0M) Survivors: 7168.0K->4096.0K Heap: 310.7M(1024.0M)->248.2M(1024.0M)]
 [Times: user=0.04 sys=0.00, real=0.07 secs] 
2017-09-25T14:31:46.528+0900: 96629.334: [GC pause (G1 Evacuation Pause) (mixed), 0.0253818 secs]
   [Parallel Time: 24.4 ms, GC Workers: 2]
      [GC Worker Start (ms): Min: 96629333.9, Avg: 96629336.9, Max: 96629340.0, Diff: 6.1]
      [Ext Root Scanning (ms): Min: 0.0, Avg: 0.7, Max: 1.3, Diff: 1.3, Sum: 1.3]
      [Update RS (ms): Min: 0.0, Avg: 2.2, Max: 4.4, Diff: 4.4, Sum: 4.4]
         [Processed Buffers: Min: 0, Avg: 18.5, Max: 37, Diff: 37, Sum: 37]
      [Scan RS (ms): Min: 6.9, Avg: 10.6, Max: 14.2, Diff: 7.3, Sum: 21.1]
      [Code Root Scanning (ms): Min: 0.0, Avg: 0.0, Max: 0.1, Diff: 0.1, Sum: 0.1]
      [Object Copy (ms): Min: 3.1, Avg: 7.5, Max: 11.8, Diff: 8.6, Sum: 14.9]
      [Termination (ms): Min: 0.0, Avg: 0.4, Max: 0.9, Diff: 0.9, Sum: 0.9]
         [Termination Attempts: Min: 1, Avg: 1.0, Max: 1, Diff: 0, Sum: 2]
      [GC Worker Other (ms): Min: 0.0, Avg: 0.0, Max: 0.0, Diff: 0.0, Sum: 0.0]
      [GC Worker Total (ms): Min: 18.3, Avg: 21.4, Max: 24.4, Diff: 6.1, Sum: 42.7]
      [GC Worker End (ms): Min: 96629358.3, Avg: 96629358.3, Max: 96629358.3, Diff: 0.0]
   [Code Root Fixup: 0.0 ms]
   [Code Root Purge: 0.0 ms]
   [Clear CT: 0.1 ms]
   [Other: 0.8 ms]
      [Choose CSet: 0.0 ms]
      [Ref Proc: 0.5 ms]
      [Ref Enq: 0.0 ms]
      [Redirty Cards: 0.0 ms]
      [Humongous Register: 0.0 ms]
      [Humongous Reclaim: 0.0 ms]
      [Free CSet: 0.1 ms]
   [Eden: 47.0M(47.0M)->0.0B(46.0M) Survivors: 4096.0K->5120.0K Heap: 295.2M(1024.0M)->234.0M(1024.0M)]
 [Times: user=0.02 sys=0.00, real=0.02 secs] 
2017-09-25T14:33:23.898+0900: 96726.704: [GC pause (G1 Evacuation Pause) (mixed), 0.0379257 secs]
   [Parallel Time: 36.7 ms, GC Workers: 2]
      [GC Worker Start (ms): Min: 96726704.5, Avg: 96726710.9, Max: 96726717.4, Diff: 12.9]
      [Ext Root Scanning (ms): Min: 0.0, Avg: 0.7, Max: 1.4, Diff: 1.4, Sum: 1.4]
      [Update RS (ms): Min: 0.0, Avg: 1.6, Max: 3.2, Diff: 3.2, Sum: 3.2]
         [Processed Buffers: Min: 0, Avg: 18.0, Max: 36, Diff: 36, Sum: 36]
      [Scan RS (ms): Min: 0.6, Avg: 7.4, Max: 14.3, Diff: 13.7, Sum: 14.9]
      [Code Root Scanning (ms): Min: 0.0, Avg: 0.0, Max: 0.0, Diff: 0.0, Sum: 0.0]
      [Object Copy (ms): Min: 17.7, Avg: 20.3, Max: 22.9, Diff: 5.2, Sum: 40.7]
      [Termination (ms): Min: 0.0, Avg: 0.1, Max: 0.2, Diff: 0.2, Sum: 0.2]
         [Termination Attempts: Min: 1, Avg: 1.0, Max: 1, Diff: 0, Sum: 2]
      [GC Worker Other (ms): Min: 0.0, Avg: 0.0, Max: 0.0, Diff: 0.0, Sum: 0.0]
      [GC Worker Total (ms): Min: 23.8, Avg: 30.2, Max: 36.6, Diff: 12.8, Sum: 60.4]
      [GC Worker End (ms): Min: 96726741.1, Avg: 96726741.1, Max: 96726741.2, Diff: 0.1]
   [Code Root Fixup: 0.1 ms]
   [Code Root Purge: 0.0 ms]
   [Clear CT: 0.1 ms]
   [Other: 1.0 ms]
      [Choose CSet: 0.0 ms]
      [Ref Proc: 0.2 ms]
      [Ref Enq: 0.0 ms]
      [Redirty Cards: 0.1 ms]
      [Humongous Register: 0.0 ms]
      [Humongous Reclaim: 0.0 ms]
      [Free CSet: 0.1 ms]
   [Eden: 46.0M(46.0M)->0.0B(48.0M) Survivors: 5120.0K->3072.0K Heap: 280.0M(1024.0M)->215.6M(1024.0M)]
 [Times: user=0.02 sys=0.00, real=0.04 secs] 
2017-09-25T14:35:06.125+0900: 96828.931: [GC pause (G1 Evacuation Pause) (mixed), 0.0135103 secs]
   [Parallel Time: 12.5 ms, GC Workers: 2]
      [GC Worker Start (ms): Min: 96828931.3, Avg: 96828931.3, Max: 96828931.3, Diff: 0.0]
      [Ext Root Scanning (ms): Min: 0.8, Avg: 0.9, Max: 0.9, Diff: 0.1, Sum: 1.7]
      [Update RS (ms): Min: 1.3, Avg: 1.8, Max: 2.2, Diff: 0.9, Sum: 3.6]
         [Processed Buffers: Min: 3, Avg: 18.5, Max: 34, Diff: 31, Sum: 37]
      [Scan RS (ms): Min: 2.1, Avg: 2.3, Max: 2.4, Diff: 0.3, Sum: 4.5]
      [Code Root Scanning (ms): Min: 0.0, Avg: 0.0, Max: 0.0, Diff: 0.0, Sum: 0.0]
      [Object Copy (ms): Min: 7.2, Avg: 7.5, Max: 7.8, Diff: 0.5, Sum: 15.0]
      [Termination (ms): Min: 0.0, Avg: 0.0, Max: 0.0, Diff: 0.0, Sum: 0.0]
         [Termination Attempts: Min: 1, Avg: 1.0, Max: 1, Diff: 0, Sum: 2]
      [GC Worker Other (ms): Min: 0.0, Avg: 0.0, Max: 0.0, Diff: 0.0, Sum: 0.0]
      [GC Worker Total (ms): Min: 12.4, Avg: 12.4, Max: 12.5, Diff: 0.0, Sum: 24.9]
      [GC Worker End (ms): Min: 96828943.7, Avg: 96828943.7, Max: 96828943.7, Diff: 0.0]
   [Code Root Fixup: 0.0 ms]
   [Code Root Purge: 0.0 ms]
   [Clear CT: 0.1 ms]
   [Other: 0.9 ms]
      [Choose CSet: 0.1 ms]
      [Ref Proc: 0.2 ms]
      [Ref Enq: 0.0 ms]
      [Redirty Cards: 0.0 ms]
      [Humongous Register: 0.1 ms]
      [Humongous Reclaim: 0.0 ms]
      [Free CSet: 0.1 ms]
   [Eden: 48.0M(48.0M)->0.0B(46.0M) Survivors: 3072.0K->5120.0K Heap: 263.6M(1024.0M)->201.0M(1024.0M)]
 [Times: user=0.02 sys=0.00, real=0.01 secs] 
2017-09-25T14:36:44.004+0900: 96926.810: [GC pause (G1 Evacuation Pause) (mixed), 0.0654844 secs]
   [Parallel Time: 63.8 ms, GC Workers: 2]
      [GC Worker Start (ms): Min: 96926810.8, Avg: 96926810.9, Max: 96926810.9, Diff: 0.1]
      [Ext Root Scanning (ms): Min: 2.2, Avg: 3.2, Max: 4.3, Diff: 2.1, Sum: 6.4]
      [Update RS (ms): Min: 5.6, Avg: 6.7, Max: 7.9, Diff: 2.3, Sum: 13.4]
         [Processed Buffers: Min: 7, Avg: 18.5, Max: 30, Diff: 23, Sum: 37]
      [Scan RS (ms): Min: 9.4, Avg: 9.9, Max: 10.4, Diff: 1.1, Sum: 19.8]
      [Code Root Scanning (ms): Min: 0.0, Avg: 0.0, Max: 0.1, Diff: 0.0, Sum: 0.1]
      [Object Copy (ms): Min: 42.5, Avg: 42.8, Max: 43.1, Diff: 0.5, Sum: 85.6]
      [Termination (ms): Min: 0.0, Avg: 0.8, Max: 1.7, Diff: 1.7, Sum: 1.7]
         [Termination Attempts: Min: 1, Avg: 1.0, Max: 1, Diff: 0, Sum: 2]
      [GC Worker Other (ms): Min: 0.0, Avg: 0.0, Max: 0.0, Diff: 0.0, Sum: 0.1]
      [GC Worker Total (ms): Min: 63.4, Avg: 63.5, Max: 63.6, Diff: 0.2, Sum: 127.1]
      [GC Worker End (ms): Min: 96926874.3, Avg: 96926874.4, Max: 96926874.5, Diff: 0.2]
   [Code Root Fixup: 0.1 ms]
   [Code Root Purge: 0.0 ms]
   [Clear CT: 0.1 ms]
   [Other: 1.5 ms]
      [Choose CSet: 0.0 ms]
      [Ref Proc: 0.2 ms]
      [Ref Enq: 0.0 ms]
      [Redirty Cards: 0.1 ms]
      [Humongous Register: 0.1 ms]
      [Humongous Reclaim: 0.1 ms]
      [Free CSet: 0.6 ms]
   [Eden: 46.0M(46.0M)->0.0B(45.0M) Survivors: 5120.0K->6144.0K Heap: 247.0M(1024.0M)->197.5M(1024.0M)]
 [Times: user=0.09 sys=0.00, real=0.06 secs] 
2017-09-25T14:38:01.167+0900: 97003.973: [GC pause (G1 Evacuation Pause) (young), 0.0413229 secs]
   [Parallel Time: 40.5 ms, GC Workers: 2]
      [GC Worker Start (ms): Min: 97003972.9, Avg: 97003972.9, Max: 97003972.9, Diff: 0.0]
      [Ext Root Scanning (ms): Min: 0.5, Avg: 0.5, Max: 0.5, Diff: 0.0, Sum: 1.0]
      [Update RS (ms): Min: 1.1, Avg: 1.1, Max: 1.2, Diff: 0.2, Sum: 2.3]
         [Processed Buffers: Min: 6, Avg: 19.5, Max: 33, Diff: 27, Sum: 39]
      [Scan RS (ms): Min: 2.3, Avg: 6.9, Max: 11.5, Diff: 9.2, Sum: 13.8]
      [Code Root Scanning (ms): Min: 0.0, Avg: 0.0, Max: 0.0, Diff: 0.0, Sum: 0.0]
      [Object Copy (ms): Min: 27.4, Avg: 31.9, Max: 36.3, Diff: 8.9, Sum: 63.8]
      [Termination (ms): Min: 0.0, Avg: 0.1, Max: 0.2, Diff: 0.2, Sum: 0.2]
         [Termination Attempts: Min: 1, Avg: 1.0, Max: 1, Diff: 0, Sum: 2]
      [GC Worker Other (ms): Min: 0.0, Avg: 0.0, Max: 0.0, Diff: 0.0, Sum: 0.0]
      [GC Worker Total (ms): Min: 40.5, Avg: 40.5, Max: 40.5, Diff: 0.0, Sum: 81.0]
      [GC Worker End (ms): Min: 97004013.3, Avg: 97004013.4, Max: 97004013.4, Diff: 0.0]
   [Code Root Fixup: 0.0 ms]
   [Code Root Purge: 0.0 ms]
   [Clear CT: 0.0 ms]
   [Other: 0.7 ms]
      [Choose CSet: 0.0 ms]
      [Ref Proc: 0.1 ms]
      [Ref Enq: 0.0 ms]
      [Redirty Cards: 0.0 ms]
      [Humongous Register: 0.0 ms]
      [Humongous Reclaim: 0.0 ms]
      [Free CSet: 0.0 ms]
   [Eden: 45.0M(45.0M)->0.0B(48.0M) Survivors: 6144.0K->3072.0K Heap: 242.5M(1024.0M)->195.9M(1024.0M)]
 [Times: user=0.02 sys=0.01, real=0.04 secs] 
2017-09-25T14:39:42.539+0900: 97105.345: [GC pause (G1 Evacuation Pause) (young), 0.0456978 secs]
   [Parallel Time: 31.8 ms, GC Workers: 2]
      [GC Worker Start (ms): Min: 97105345.4, Avg: 97105345.4, Max: 97105345.4, Diff: 0.0]
      [Ext Root Scanning (ms): Min: 0.8, Avg: 0.9, Max: 0.9, Diff: 0.1, Sum: 1.7]
      [Update RS (ms): Min: 25.0, Avg: 25.1, Max: 25.1, Diff: 0.0, Sum: 50.1]
         [Processed Buffers: Min: 13, Avg: 20.0, Max: 27, Diff: 14, Sum: 40]
      [Scan RS (ms): Min: 1.3, Avg: 1.4, Max: 1.6, Diff: 0.3, Sum: 2.9]
      [Code Root Scanning (ms): Min: 0.0, Avg: 0.0, Max: 0.0, Diff: 0.0, Sum: 0.0]
      [Object Copy (ms): Min: 4.2, Avg: 4.3, Max: 4.4, Diff: 0.2, Sum: 8.6]
      [Termination (ms): Min: 0.0, Avg: 0.0, Max: 0.0, Diff: 0.0, Sum: 0.0]
         [Termination Attempts: Min: 1, Avg: 1.0, Max: 1, Diff: 0, Sum: 2]
      [GC Worker Other (ms): Min: 0.0, Avg: 0.0, Max: 0.0, Diff: 0.0, Sum: 0.0]
      [GC Worker Total (ms): Min: 31.7, Avg: 31.7, Max: 31.7, Diff: 0.0, Sum: 63.3]
      [GC Worker End (ms): Min: 97105377.1, Avg: 97105377.1, Max: 97105377.1, Diff: 0.0]
   [Code Root Fixup: 1.5 ms]
   [Code Root Purge: 0.0 ms]
   [Clear CT: 0.2 ms]
   [Other: 12.2 ms]
      [Choose CSet: 0.0 ms]
      [Ref Proc: 3.3 ms]
      [Ref Enq: 0.0 ms]
      [Redirty Cards: 0.1 ms]
      [Humongous Register: 0.0 ms]
      [Humongous Reclaim: 0.1 ms]
      [Free CSet: 0.1 ms]
   [Eden: 48.0M(48.0M)->0.0B(46.0M) Survivors: 3072.0K->5120.0K Heap: 243.9M(1024.0M)->197.9M(1024.0M)]
 [Times: user=0.04 sys=0.00, real=0.05 secs] 
2017-09-25T14:41:19.698+0900: 97202.504: [GC pause (G1 Evacuation Pause) (young), 0.0192634 secs]
   [Parallel Time: 18.5 ms, GC Workers: 2]
      [GC Worker Start (ms): Min: 97202504.1, Avg: 97202504.1, Max: 97202504.1, Diff: 0.0]
      [Ext Root Scanning (ms): Min: 0.5, Avg: 0.5, Max: 0.6, Diff: 0.0, Sum: 1.1]
      [Update RS (ms): Min: 0.8, Avg: 0.8, Max: 0.8, Diff: 0.0, Sum: 1.5]
         [Processed Buffers: Min: 9, Avg: 18.5, Max: 28, Diff: 19, Sum: 37]
      [Scan RS (ms): Min: 2.3, Avg: 2.4, Max: 2.4, Diff: 0.0, Sum: 4.7]
      [Code Root Scanning (ms): Min: 0.0, Avg: 0.0, Max: 0.0, Diff: 0.0, Sum: 0.0]
      [Object Copy (ms): Min: 14.7, Avg: 14.7, Max: 14.8, Diff: 0.2, Sum: 29.5]
      [Termination (ms): Min: 0.0, Avg: 0.1, Max: 0.1, Diff: 0.1, Sum: 0.1]
         [Termination Attempts: Min: 1, Avg: 1.0, Max: 1, Diff: 0, Sum: 2]
      [GC Worker Other (ms): Min: 0.0, Avg: 0.0, Max: 0.0, Diff: 0.0, Sum: 0.0]
      [GC Worker Total (ms): Min: 18.5, Avg: 18.5, Max: 18.5, Diff: 0.0, Sum: 37.0]
      [GC Worker End (ms): Min: 97202522.6, Avg: 97202522.6, Max: 97202522.6, Diff: 0.0]
   [Code Root Fixup: 0.0 ms]
   [Code Root Purge: 0.0 ms]
   [Clear CT: 0.1 ms]
   [Other: 0.6 ms]
      [Choose CSet: 0.0 ms]
      [Ref Proc: 0.1 ms]
      [Ref Enq: 0.0 ms]
      [Redirty Cards: 0.0 ms]
      [Humongous Register: 0.0 ms]
      [Humongous Reclaim: 0.0 ms]
      [Free CSet: 0.0 ms]
   [Eden: 46.0M(46.0M)->0.0B(45.0M) Survivors: 5120.0K->6144.0K Heap: 243.9M(1024.0M)->200.1M(1024.0M)]
 [Times: user=0.01 sys=0.00, real=0.02 secs] 
2017-09-25T14:42:51.528+0900: 97294.335: [GC pause (G1 Evacuation Pause) (young), 0.0235152 secs]
   [Parallel Time: 22.5 ms, GC Workers: 2]
      [GC Worker Start (ms): Min: 97294334.7, Avg: 97294334.7, Max: 97294334.8, Diff: 0.0]
      [Ext Root Scanning (ms): Min: 1.4, Avg: 1.7, Max: 2.0, Diff: 0.6, Sum: 3.5]
      [Update RS (ms): Min: 2.3, Avg: 2.4, Max: 2.6, Diff: 0.3, Sum: 4.9]
         [Processed Buffers: Min: 10, Avg: 18.0, Max: 26, Diff: 16, Sum: 36]
      [Scan RS (ms): Min: 0.7, Avg: 2.5, Max: 4.3, Diff: 3.6, Sum: 5.0]
      [Code Root Scanning (ms): Min: 0.0, Avg: 0.0, Max: 0.0, Diff: 0.0, Sum: 0.0]
      [Object Copy (ms): Min: 13.9, Avg: 15.5, Max: 17.1, Diff: 3.2, Sum: 31.1]
      [Termination (ms): Min: 0.0, Avg: 0.1, Max: 0.2, Diff: 0.2, Sum: 0.2]
         [Termination Attempts: Min: 1, Avg: 1.0, Max: 1, Diff: 0, Sum: 2]
      [GC Worker Other (ms): Min: 0.0, Avg: 0.0, Max: 0.0, Diff: 0.0, Sum: 0.0]
      [GC Worker Total (ms): Min: 22.3, Avg: 22.3, Max: 22.4, Diff: 0.1, Sum: 44.6]
      [GC Worker End (ms): Min: 97294357.0, Avg: 97294357.1, Max: 97294357.1, Diff: 0.1]
   [Code Root Fixup: 0.0 ms]
   [Code Root Purge: 0.0 ms]
   [Clear CT: 0.0 ms]
   [Other: 1.0 ms]
      [Choose CSet: 0.0 ms]
      [Ref Proc: 0.1 ms]
      [Ref Enq: 0.0 ms]
      [Redirty Cards: 0.0 ms]
      [Humongous Register: 0.1 ms]
      [Humongous Reclaim: 0.0 ms]
      [Free CSet: 0.0 ms]
   [Eden: 45.0M(45.0M)->0.0B(46.0M) Survivors: 6144.0K->5120.0K Heap: 245.1M(1024.0M)->199.9M(1024.0M)]
 [Times: user=0.03 sys=0.00, real=0.02 secs] 
2017-09-25T14:44:29.325+0900: 97392.132: [GC pause (G1 Evacuation Pause) (young), 0.0175688 secs]
   [Parallel Time: 16.6 ms, GC Workers: 2]
      [GC Worker Start (ms): Min: 97392131.6, Avg: 97392131.6, Max: 97392131.7, Diff: 0.1]
      [Ext Root Scanning (ms): Min: 0.5, Avg: 0.7, Max: 0.9, Diff: 0.4, Sum: 1.5]
      [Update RS (ms): Min: 0.9, Avg: 1.0, Max: 1.2, Diff: 0.4, Sum: 2.1]
         [Processed Buffers: Min: 6, Avg: 18.0, Max: 30, Diff: 24, Sum: 36]
      [Scan RS (ms): Min: 0.7, Avg: 0.9, Max: 1.1, Diff: 0.4, Sum: 1.8]
      [Code Root Scanning (ms): Min: 0.0, Avg: 0.0, Max: 0.0, Diff: 0.0, Sum: 0.0]
      [Object Copy (ms): Min: 10.5, Avg: 11.8, Max: 13.0, Diff: 2.6, Sum: 23.5]
      [Termination (ms): Min: 0.0, Avg: 1.6, Max: 3.2, Diff: 3.2, Sum: 3.2]
         [Termination Attempts: Min: 1, Avg: 1.0, Max: 1, Diff: 0, Sum: 2]
      [GC Worker Other (ms): Min: 0.0, Avg: 0.0, Max: 0.1, Diff: 0.0, Sum: 0.1]
      [GC Worker Total (ms): Min: 15.5, Avg: 16.1, Max: 16.6, Diff: 1.0, Sum: 32.1]
      [GC Worker End (ms): Min: 97392147.2, Avg: 97392147.7, Max: 97392148.2, Diff: 1.1]
   [Code Root Fixup: 0.0 ms]
   [Code Root Purge: 0.0 ms]
   [Clear CT: 0.0 ms]
   [Other: 0.8 ms]
      [Choose CSet: 0.0 ms]
      [Ref Proc: 0.5 ms]
      [Ref Enq: 0.0 ms]
      [Redirty Cards: 0.0 ms]
      [Humongous Register: 0.0 ms]
      [Humongous Reclaim: 0.0 ms]
      [Free CSet: 0.0 ms]
   [Eden: 46.0M(46.0M)->0.0B(45.0M) Survivors: 5120.0K->6144.0K Heap: 245.9M(1024.0M)->201.4M(1024.0M)]
 [Times: user=0.02 sys=0.00, real=0.01 secs] 
2017-09-25T14:46:04.469+0900: 97487.275: [GC pause (G1 Evacuation Pause) (young), 0.0482674 secs]
   [Parallel Time: 31.6 ms, GC Workers: 2]
      [GC Worker Start (ms): Min: 97487275.3, Avg: 97487277.1, Max: 97487278.8, Diff: 3.5]
      [Ext Root Scanning (ms): Min: 0.0, Avg: 0.5, Max: 1.0, Diff: 1.0, Sum: 1.0]
      [Update RS (ms): Min: 0.0, Avg: 0.8, Max: 1.7, Diff: 1.7, Sum: 1.7]
         [Processed Buffers: Min: 0, Avg: 19.0, Max: 38, Diff: 38, Sum: 38]
      [Scan RS (ms): Min: 0.7, Avg: 1.2, Max: 1.7, Diff: 0.9, Sum: 2.4]
      [Code Root Scanning (ms): Min: 0.0, Avg: 0.0, Max: 0.0, Diff: 0.0, Sum: 0.0]
      [Object Copy (ms): Min: 27.1, Avg: 27.2, Max: 27.2, Diff: 0.1, Sum: 54.3]
      [Termination (ms): Min: 0.0, Avg: 0.1, Max: 0.1, Diff: 0.1, Sum: 0.1]
         [Termination Attempts: Min: 1, Avg: 1.0, Max: 1, Diff: 0, Sum: 2]
      [GC Worker Other (ms): Min: 0.0, Avg: 0.0, Max: 0.0, Diff: 0.0, Sum: 0.0]
      [GC Worker Total (ms): Min: 28.0, Avg: 29.8, Max: 31.5, Diff: 3.6, Sum: 59.5]
      [GC Worker End (ms): Min: 97487306.8, Avg: 97487306.8, Max: 97487306.8, Diff: 0.0]
   [Code Root Fixup: 0.0 ms]
   [Code Root Purge: 0.0 ms]
   [Clear CT: 1.7 ms]
   [Other: 15.0 ms]
      [Choose CSet: 0.0 ms]
      [Ref Proc: 1.7 ms]
      [Ref Enq: 0.4 ms]
      [Redirty Cards: 0.1 ms]
      [Humongous Register: 0.0 ms]
      [Humongous Reclaim: 0.1 ms]
      [Free CSet: 1.0 ms]
   [Eden: 45.0M(45.0M)->0.0B(48.0M) Survivors: 6144.0K->3072.0K Heap: 246.4M(1024.0M)->199.4M(1024.0M)]
 [Times: user=0.02 sys=0.00, real=0.05 secs] 
2017-09-25T14:47:46.625+0900: 97589.431: [GC pause (G1 Evacuation Pause) (young), 0.0132903 secs]
   [Parallel Time: 7.5 ms, GC Workers: 2]
      [GC Worker Start (ms): Min: 97589431.1, Avg: 97589431.7, Max: 97589432.4, Diff: 1.2]
      [Ext Root Scanning (ms): Min: 0.5, Avg: 1.1, Max: 1.8, Diff: 1.2, Sum: 2.3]
      [Update RS (ms): Min: 1.6, Avg: 1.7, Max: 1.8, Diff: 0.2, Sum: 3.3]
         [Processed Buffers: Min: 14, Avg: 19.5, Max: 25, Diff: 11, Sum: 39]
      [Scan RS (ms): Min: 0.2, Avg: 0.3, Max: 0.3, Diff: 0.1, Sum: 0.5]
      [Code Root Scanning (ms): Min: 0.0, Avg: 0.0, Max: 0.0, Diff: 0.0, Sum: 0.0]
      [Object Copy (ms): Min: 3.7, Avg: 3.7, Max: 3.8, Diff: 0.0, Sum: 7.5]
      [Termination (ms): Min: 0.0, Avg: 0.0, Max: 0.0, Diff: 0.0, Sum: 0.0]
         [Termination Attempts: Min: 1, Avg: 2.0, Max: 3, Diff: 2, Sum: 4]
      [GC Worker Other (ms): Min: 0.0, Avg: 0.0, Max: 0.0, Diff: 0.0, Sum: 0.0]
      [GC Worker Total (ms): Min: 6.2, Avg: 6.8, Max: 7.4, Diff: 1.2, Sum: 13.7]
      [GC Worker End (ms): Min: 97589438.6, Avg: 97589438.6, Max: 97589438.6, Diff: 0.0]
   [Code Root Fixup: 0.2 ms]
   [Code Root Purge: 0.0 ms]
   [Clear CT: 0.2 ms]
   [Other: 5.5 ms]
      [Choose CSet: 0.0 ms]
      [Ref Proc: 4.0 ms]
      [Ref Enq: 0.1 ms]
      [Redirty Cards: 0.2 ms]
      [Humongous Register: 0.1 ms]
      [Humongous Reclaim: 0.0 ms]
      [Free CSet: 0.0 ms]
   [Eden: 48.0M(48.0M)->0.0B(47.0M) Survivors: 3072.0K->4096.0K Heap: 247.4M(1024.0M)->200.9M(1024.0M)]
 [Times: user=0.02 sys=0.00, real=0.01 secs] 
2017-09-25T14:49:26.528+0900: 97689.334: [GC pause (G1 Evacuation Pause) (young), 0.0248518 secs]
   [Parallel Time: 22.6 ms, GC Workers: 2]
      [GC Worker Start (ms): Min: 97689334.2, Avg: 97689335.7, Max: 97689337.3, Diff: 3.1]
      [Ext Root Scanning (ms): Min: 0.1, Avg: 4.3, Max: 8.5, Diff: 8.4, Sum: 8.6]
      [Update RS (ms): Min: 0.4, Avg: 3.0, Max: 5.6, Diff: 5.3, Sum: 6.0]
         [Processed Buffers: Min: 2, Avg: 19.0, Max: 36, Diff: 34, Sum: 38]
      [Scan RS (ms): Min: 0.0, Avg: 0.0, Max: 0.0, Diff: 0.0, Sum: 0.0]
      [Code Root Scanning (ms): Min: 0.0, Avg: 0.0, Max: 0.0, Diff: 0.0, Sum: 0.0]
      [Object Copy (ms): Min: 12.1, Avg: 12.1, Max: 12.2, Diff: 0.0, Sum: 24.3]
      [Termination (ms): Min: 0.0, Avg: 0.1, Max: 0.2, Diff: 0.2, Sum: 0.2]
         [Termination Attempts: Min: 1, Avg: 1.0, Max: 1, Diff: 0, Sum: 2]
      [GC Worker Other (ms): Min: 0.0, Avg: 0.0, Max: 0.0, Diff: 0.0, Sum: 0.0]
      [GC Worker Total (ms): Min: 17.9, Avg: 19.6, Max: 21.2, Diff: 3.3, Sum: 39.1]
      [GC Worker End (ms): Min: 97689355.2, Avg: 97689355.3, Max: 97689355.4, Diff: 0.2]
   [Code Root Fixup: 0.1 ms]
   [Code Root Purge: 0.0 ms]
   [Clear CT: 1.4 ms]
   [Other: 0.8 ms]
      [Choose CSet: 0.0 ms]
      [Ref Proc: 0.3 ms]
      [Ref Enq: 0.0 ms]
      [Redirty Cards: 0.0 ms]
      [Humongous Register: 0.1 ms]
      [Humongous Reclaim: 0.0 ms]
      [Free CSet: 0.0 ms]
   [Eden: 47.0M(47.0M)->0.0B(45.0M) Survivors: 4096.0K->6144.0K Heap: 247.9M(1024.0M)->202.9M(1024.0M)]
 [Times: user=0.03 sys=0.00, real=0.02 secs] 
2017-09-25T14:51:01.527+0900: 97784.333: [GC pause (G1 Evacuation Pause) (young), 0.0423541 secs]
   [Parallel Time: 40.5 ms, GC Workers: 2]
      [GC Worker Start (ms): Min: 97784332.9, Avg: 97784336.8, Max: 97784340.6, Diff: 7.7]
      [Ext Root Scanning (ms): Min: 0.0, Avg: 0.6, Max: 1.2, Diff: 1.2, Sum: 1.2]
      [Update RS (ms): Min: 0.0, Avg: 1.2, Max: 2.4, Diff: 2.4, Sum: 2.4]
         [Processed Buffers: Min: 0, Avg: 19.0, Max: 38, Diff: 38, Sum: 38]
      [Scan RS (ms): Min: 0.2, Avg: 2.3, Max: 4.4, Diff: 4.2, Sum: 4.6]
      [Code Root Scanning (ms): Min: 0.0, Avg: 0.0, Max: 0.0, Diff: 0.0, Sum: 0.0]
      [Object Copy (ms): Min: 24.4, Avg: 28.4, Max: 32.4, Diff: 8.0, Sum: 56.9]
      [Termination (ms): Min: 0.0, Avg: 4.1, Max: 8.1, Diff: 8.1, Sum: 8.1]
         [Termination Attempts: Min: 1, Avg: 1.0, Max: 1, Diff: 0, Sum: 2]
      [GC Worker Other (ms): Min: 0.0, Avg: 0.0, Max: 0.0, Diff: 0.0, Sum: 0.0]
      [GC Worker Total (ms): Min: 32.8, Avg: 36.6, Max: 40.5, Diff: 7.7, Sum: 73.3]
      [GC Worker End (ms): Min: 97784373.4, Avg: 97784373.4, Max: 97784373.4, Diff: 0.0]
   [Code Root Fixup: 0.1 ms]
   [Code Root Purge: 0.0 ms]
   [Clear CT: 0.0 ms]
   [Other: 1.8 ms]
      [Choose CSet: 0.0 ms]
      [Ref Proc: 1.0 ms]
      [Ref Enq: 0.0 ms]
      [Redirty Cards: 0.0 ms]
      [Humongous Register: 0.0 ms]
      [Humongous Reclaim: 0.0 ms]
      [Free CSet: 0.0 ms]
   [Eden: 45.0M(45.0M)->0.0B(48.0M) Survivors: 6144.0K->3072.0K Heap: 247.9M(1024.0M)->201.2M(1024.0M)]
 [Times: user=0.02 sys=0.00, real=0.04 secs] 
2017-09-25T14:52:43.737+0900: 97886.543: [GC pause (G1 Evacuation Pause) (young), 0.0444404 secs]
   [Parallel Time: 42.2 ms, GC Workers: 2]
      [GC Worker Start (ms): Min: 97886543.5, Avg: 97886543.7, Max: 97886543.9, Diff: 0.4]
      [Ext Root Scanning (ms): Min: 1.8, Avg: 2.0, Max: 2.1, Diff: 0.3, Sum: 3.9]
      [Update RS (ms): Min: 8.0, Avg: 8.3, Max: 8.7, Diff: 0.7, Sum: 16.7]
         [Processed Buffers: Min: 14, Avg: 20.0, Max: 26, Diff: 12, Sum: 40]
      [Scan RS (ms): Min: 4.8, Avg: 4.8, Max: 4.8, Diff: 0.1, Sum: 9.6]
      [Code Root Scanning (ms): Min: 0.0, Avg: 0.0, Max: 0.0, Diff: 0.0, Sum: 0.0]
      [Object Copy (ms): Min: 26.3, Avg: 26.6, Max: 27.0, Diff: 0.7, Sum: 53.3]
      [Termination (ms): Min: 0.0, Avg: 0.0, Max: 0.0, Diff: 0.0, Sum: 0.1]
         [Termination Attempts: Min: 3, Avg: 5.0, Max: 7, Diff: 4, Sum: 10]
      [GC Worker Other (ms): Min: 0.0, Avg: 0.0, Max: 0.0, Diff: 0.0, Sum: 0.1]
      [GC Worker Total (ms): Min: 41.7, Avg: 41.8, Max: 42.0, Diff: 0.4, Sum: 83.7]
      [GC Worker End (ms): Min: 97886585.5, Avg: 97886585.5, Max: 97886585.5, Diff: 0.0]
   [Code Root Fixup: 0.2 ms]
   [Code Root Purge: 0.0 ms]
   [Clear CT: 0.2 ms]
   [Other: 1.8 ms]
      [Choose CSet: 0.0 ms]
      [Ref Proc: 1.0 ms]
      [Ref Enq: 0.0 ms]
      [Redirty Cards: 0.3 ms]
      [Humongous Register: 0.1 ms]
      [Humongous Reclaim: 0.0 ms]
      [Free CSet: 0.0 ms]
   [Eden: 48.0M(48.0M)->0.0B(46.0M) Survivors: 3072.0K->5120.0K Heap: 249.2M(1024.0M)->203.2M(1024.0M)]
 [Times: user=0.07 sys=0.00, real=0.04 secs] 
2017-09-25T14:54:21.343+0900: 97984.149: [GC pause (G1 Evacuation Pause) (young), 0.0572638 secs]
   [Parallel Time: 55.2 ms, GC Workers: 2]
      [GC Worker Start (ms): Min: 97984149.8, Avg: 97984149.8, Max: 97984149.9, Diff: 0.1]
      [Ext Root Scanning (ms): Min: 1.8, Avg: 1.9, Max: 2.0, Diff: 0.1, Sum: 3.8]
      [Update RS (ms): Min: 4.9, Avg: 4.9, Max: 4.9, Diff: 0.0, Sum: 9.8]
         [Processed Buffers: Min: 11, Avg: 20.0, Max: 29, Diff: 18, Sum: 40]
      [Scan RS (ms): Min: 1.7, Avg: 1.7, Max: 1.7, Diff: 0.0, Sum: 3.5]
      [Code Root Scanning (ms): Min: 0.0, Avg: 0.0, Max: 0.0, Diff: 0.0, Sum: 0.0]
      [Object Copy (ms): Min: 46.2, Avg: 46.3, Max: 46.3, Diff: 0.2, Sum: 92.5]
      [Termination (ms): Min: 0.0, Avg: 0.1, Max: 0.1, Diff: 0.1, Sum: 0.1]
         [Termination Attempts: Min: 1, Avg: 1.0, Max: 1, Diff: 0, Sum: 2]
      [GC Worker Other (ms): Min: 0.0, Avg: 0.0, Max: 0.0, Diff: 0.0, Sum: 0.1]
      [GC Worker Total (ms): Min: 54.8, Avg: 54.9, Max: 55.0, Diff: 0.1, Sum: 109.8]
      [GC Worker End (ms): Min: 97984204.7, Avg: 97984204.7, Max: 97984204.7, Diff: 0.0]
   [Code Root Fixup: 0.1 ms]
   [Code Root Purge: 0.0 ms]
   [Clear CT: 0.2 ms]
   [Other: 1.8 ms]
      [Choose CSet: 0.0 ms]
      [Ref Proc: 0.4 ms]
      [Ref Enq: 0.0 ms]
      [Redirty Cards: 0.4 ms]
      [Humongous Register: 0.1 ms]
      [Humongous Reclaim: 0.0 ms]
      [Free CSet: 0.1 ms]
   [Eden: 46.0M(46.0M)->0.0B(48.0M) Survivors: 5120.0K->3072.0K Heap: 249.2M(1024.0M)->201.7M(1024.0M)]
 [Times: user=0.04 sys=0.02, real=0.05 secs] 
2017-09-25T14:56:02.992+0900: 98085.798: [GC pause (G1 Evacuation Pause) (young), 0.0548032 secs]
   [Parallel Time: 52.8 ms, GC Workers: 2]
      [GC Worker Start (ms): Min: 98085830.8, Avg: 98085830.8, Max: 98085830.8, Diff: 0.1]
      [Ext Root Scanning (ms): Min: 1.0, Avg: 1.0, Max: 1.1, Diff: 0.1, Sum: 2.1]
      [Update RS (ms): Min: 2.7, Avg: 2.7, Max: 2.7, Diff: 0.0, Sum: 5.4]
         [Processed Buffers: Min: 18, Avg: 19.0, Max: 20, Diff: 2, Sum: 38]
      [Scan RS (ms): Min: 1.3, Avg: 1.3, Max: 1.3, Diff: 0.0, Sum: 2.6]
      [Code Root Scanning (ms): Min: 0.0, Avg: 0.0, Max: 0.0, Diff: 0.0, Sum: 0.0]
      [Object Copy (ms): Min: 15.0, Avg: 15.1, Max: 15.1, Diff: 0.1, Sum: 30.2]
      [Termination (ms): Min: 0.0, Avg: 0.1, Max: 0.2, Diff: 0.2, Sum: 0.2]
         [Termination Attempts: Min: 1, Avg: 1.0, Max: 1, Diff: 0, Sum: 2]
      [GC Worker Other (ms): Min: 0.0, Avg: 0.1, Max: 0.1, Diff: 0.1, Sum: 0.1]
      [GC Worker Total (ms): Min: 20.2, Avg: 20.3, Max: 20.3, Diff: 0.2, Sum: 40.5]
      [GC Worker End (ms): Min: 98085851.0, Avg: 98085851.1, Max: 98085851.1, Diff: 0.1]
   [Code Root Fixup: 0.1 ms]
   [Code Root Purge: 0.0 ms]
   [Clear CT: 0.3 ms]
   [Other: 1.6 ms]
      [Choose CSet: 0.0 ms]
      [Ref Proc: 1.0 ms]
      [Ref Enq: 0.0 ms]
      [Redirty Cards: 0.2 ms]
      [Humongous Register: 0.1 ms]
      [Humongous Reclaim: 0.0 ms]
      [Free CSet: 0.0 ms]
   [Eden: 48.0M(48.0M)->0.0B(46.0M) Survivors: 3072.0K->5120.0K Heap: 249.7M(1024.0M)->203.7M(1024.0M)]
 [Times: user=0.03 sys=0.00, real=0.06 secs] 
2017-09-25T14:57:41.003+0900: 98183.809: [GC pause (G1 Evacuation Pause) (young), 0.0113468 secs]
   [Parallel Time: 7.3 ms, GC Workers: 2]
      [GC Worker Start (ms): Min: 98183809.3, Avg: 98183809.3, Max: 98183809.3, Diff: 0.0]
      [Ext Root Scanning (ms): Min: 0.5, Avg: 0.5, Max: 0.5, Diff: 0.1, Sum: 1.0]
      [Update RS (ms): Min: 0.8, Avg: 0.9, Max: 1.0, Diff: 0.2, Sum: 1.7]
         [Processed Buffers: Min: 13, Avg: 19.0, Max: 25, Diff: 12, Sum: 38]
      [Scan RS (ms): Min: 0.4, Avg: 0.5, Max: 0.5, Diff: 0.2, Sum: 0.9]
      [Code Root Scanning (ms): Min: 0.0, Avg: 0.0, Max: 0.0, Diff: 0.0, Sum: 0.0]
      [Object Copy (ms): Min: 5.4, Avg: 5.4, Max: 5.4, Diff: 0.0, Sum: 10.9]
      [Termination (ms): Min: 0.0, Avg: 0.0, Max: 0.0, Diff: 0.0, Sum: 0.0]
         [Termination Attempts: Min: 1, Avg: 1.0, Max: 1, Diff: 0, Sum: 2]
      [GC Worker Other (ms): Min: 0.0, Avg: 0.0, Max: 0.0, Diff: 0.0, Sum: 0.0]
      [GC Worker Total (ms): Min: 7.3, Avg: 7.3, Max: 7.3, Diff: 0.0, Sum: 14.6]
      [GC Worker End (ms): Min: 98183816.6, Avg: 98183816.6, Max: 98183816.6, Diff: 0.0]
   [Code Root Fixup: 0.0 ms]
   [Code Root Purge: 0.0 ms]
   [Clear CT: 0.0 ms]
   [Other: 4.0 ms]
      [Choose CSet: 0.0 ms]
      [Ref Proc: 3.7 ms]
      [Ref Enq: 0.0 ms]
      [Redirty Cards: 0.0 ms]
      [Humongous Register: 0.0 ms]
      [Humongous Reclaim: 0.0 ms]
      [Free CSet: 0.0 ms]
   [Eden: 46.0M(46.0M)->0.0B(44.0M) Survivors: 5120.0K->7168.0K Heap: 249.7M(1024.0M)->205.7M(1024.0M)]
 [Times: user=0.01 sys=0.00, real=0.01 secs] 
2017-09-25T14:59:13.618+0900: 98276.424: [GC pause (G1 Evacuation Pause) (young), 0.0740979 secs]
   [Parallel Time: 73.1 ms, GC Workers: 2]
      [GC Worker Start (ms): Min: 98276424.6, Avg: 98276426.0, Max: 98276427.4, Diff: 2.7]
      [Ext Root Scanning (ms): Min: 0.0, Avg: 0.4, Max: 0.8, Diff: 0.8, Sum: 0.8]
      [Update RS (ms): Min: 0.0, Avg: 0.9, Max: 1.7, Diff: 1.7, Sum: 1.7]
         [Processed Buffers: Min: 0, Avg: 18.0, Max: 36, Diff: 36, Sum: 36]
      [Scan RS (ms): Min: 0.7, Avg: 0.8, Max: 0.9, Diff: 0.2, Sum: 1.7]
      [Code Root Scanning (ms): Min: 0.0, Avg: 0.0, Max: 0.0, Diff: 0.0, Sum: 0.0]
      [Object Copy (ms): Min: 68.4, Avg: 68.9, Max: 69.4, Diff: 1.0, Sum: 137.9]
      [Termination (ms): Min: 0.0, Avg: 0.5, Max: 1.0, Diff: 1.0, Sum: 1.0]
         [Termination Attempts: Min: 1, Avg: 1.0, Max: 1, Diff: 0, Sum: 2]
      [GC Worker Other (ms): Min: 0.0, Avg: 0.0, Max: 0.0, Diff: 0.0, Sum: 0.0]
      [GC Worker Total (ms): Min: 70.2, Avg: 71.6, Max: 73.0, Diff: 2.7, Sum: 143.2]
      [GC Worker End (ms): Min: 98276497.6, Avg: 98276497.6, Max: 98276497.6, Diff: 0.0]
   [Code Root Fixup: 0.0 ms]
   [Code Root Purge: 0.0 ms]
   [Clear CT: 0.1 ms]
   [Other: 0.9 ms]
      [Choose CSet: 0.0 ms]
      [Ref Proc: 0.6 ms]
      [Ref Enq: 0.0 ms]
      [Redirty Cards: 0.1 ms]
      [Humongous Register: 0.0 ms]
      [Humongous Reclaim: 0.0 ms]
      [Free CSet: 0.0 ms]
   [Eden: 44.0M(44.0M)->0.0B(48.0M) Survivors: 7168.0K->3072.0K Heap: 249.7M(1024.0M)->203.7M(1024.0M)]
 [Times: user=0.02 sys=0.01, real=0.07 secs] 
2017-09-25T15:00:56.219+0900: 98379.025: [GC pause (G1 Evacuation Pause) (young), 0.0125425 secs]
   [Parallel Time: 12.0 ms, GC Workers: 2]
      [GC Worker Start (ms): Min: 98379025.3, Avg: 98379026.8, Max: 98379028.4, Diff: 3.1]
      [Ext Root Scanning (ms): Min: 0.0, Avg: 0.5, Max: 1.0, Diff: 1.0, Sum: 1.0]
      [Update RS (ms): Min: 0.5, Avg: 5.1, Max: 9.8, Diff: 9.3, Sum: 10.3]
         [Processed Buffers: Min: 9, Avg: 20.5, Max: 32, Diff: 23, Sum: 41]
      [Scan RS (ms): Min: 0.0, Avg: 0.5, Max: 1.0, Diff: 1.0, Sum: 1.0]
      [Code Root Scanning (ms): Min: 0.0, Avg: 0.0, Max: 0.0, Diff: 0.0, Sum: 0.0]
      [Object Copy (ms): Min: 1.1, Avg: 4.2, Max: 7.3, Diff: 6.2, Sum: 8.4]
      [Termination (ms): Min: 0.0, Avg: 0.0, Max: 0.0, Diff: 0.0, Sum: 0.0]
         [Termination Attempts: Min: 1, Avg: 1.0, Max: 1, Diff: 0, Sum: 2]
      [GC Worker Other (ms): Min: 0.0, Avg: 0.0, Max: 0.0, Diff: 0.0, Sum: 0.0]
      [GC Worker Total (ms): Min: 8.8, Avg: 10.4, Max: 11.9, Diff: 3.1, Sum: 20.7]
      [GC Worker End (ms): Min: 98379037.2, Avg: 98379037.2, Max: 98379037.2, Diff: 0.0]
   [Code Root Fixup: 0.0 ms]
   [Code Root Purge: 0.0 ms]
   [Clear CT: 0.0 ms]
   [Other: 0.5 ms]
      [Choose CSet: 0.0 ms]
      [Ref Proc: 0.2 ms]
      [Ref Enq: 0.0 ms]
      [Redirty Cards: 0.0 ms]
      [Humongous Register: 0.0 ms]
      [Humongous Reclaim: 0.0 ms]
      [Free CSet: 0.0 ms]
   [Eden: 48.0M(48.0M)->0.0B(46.0M) Survivors: 3072.0K->5120.0K Heap: 251.7M(1024.0M)->205.2M(1024.0M)]
 [Times: user=0.02 sys=0.00, real=0.01 secs] 
2017-09-25T15:02:33.341+0900: 98476.147: [GC pause (G1 Evacuation Pause) (young), 0.0316837 secs]
   [Parallel Time: 30.9 ms, GC Workers: 2]
      [GC Worker Start (ms): Min: 98476147.2, Avg: 98476147.2, Max: 98476147.2, Diff: 0.0]
      [Ext Root Scanning (ms): Min: 1.1, Avg: 1.1, Max: 1.2, Diff: 0.1, Sum: 2.3]
      [Update RS (ms): Min: 3.0, Avg: 3.1, Max: 3.3, Diff: 0.4, Sum: 6.3]
         [Processed Buffers: Min: 3, Avg: 19.5, Max: 36, Diff: 33, Sum: 39]
      [Scan RS (ms): Min: 0.7, Avg: 2.9, Max: 5.1, Diff: 4.4, Sum: 5.8]
      [Code Root Scanning (ms): Min: 0.0, Avg: 0.0, Max: 0.0, Diff: 0.0, Sum: 0.0]
      [Object Copy (ms): Min: 21.6, Avg: 23.6, Max: 25.7, Diff: 4.1, Sum: 47.3]
      [Termination (ms): Min: 0.0, Avg: 0.0, Max: 0.0, Diff: 0.0, Sum: 0.0]
         [Termination Attempts: Min: 1, Avg: 1.0, Max: 1, Diff: 0, Sum: 2]
      [GC Worker Other (ms): Min: 0.0, Avg: 0.0, Max: 0.0, Diff: 0.0, Sum: 0.0]
      [GC Worker Total (ms): Min: 30.8, Avg: 30.8, Max: 30.9, Diff: 0.0, Sum: 61.7]
      [GC Worker End (ms): Min: 98476178.0, Avg: 98476178.0, Max: 98476178.0, Diff: 0.0]
   [Code Root Fixup: 0.0 ms]
   [Code Root Purge: 0.0 ms]
   [Clear CT: 0.1 ms]
   [Other: 0.7 ms]
      [Choose CSet: 0.0 ms]
      [Ref Proc: 0.1 ms]
      [Ref Enq: 0.0 ms]
      [Redirty Cards: 0.0 ms]
      [Humongous Register: 0.0 ms]
      [Humongous Reclaim: 0.0 ms]
      [Free CSet: 0.0 ms]
   [Eden: 46.0M(46.0M)->0.0B(48.0M) Survivors: 5120.0K->3072.0K Heap: 251.2M(1024.0M)->203.8M(1024.0M)]
 [Times: user=0.02 sys=0.00, real=0.03 secs] 
2017-09-25T15:04:15.060+0900: 98577.866: [GC pause (G1 Evacuation Pause) (young), 0.0269398 secs]
   [Parallel Time: 18.6 ms, GC Workers: 2]
      [GC Worker Start (ms): Min: 98577866.2, Avg: 98577866.3, Max: 98577866.5, Diff: 0.3]
      [Ext Root Scanning (ms): Min: 0.9, Avg: 1.1, Max: 1.2, Diff: 0.3, Sum: 2.1]
      [Update RS (ms): Min: 2.4, Avg: 2.5, Max: 2.6, Diff: 0.2, Sum: 5.0]
         [Processed Buffers: Min: 9, Avg: 18.0, Max: 27, Diff: 18, Sum: 36]
      [Scan RS (ms): Min: 3.3, Avg: 5.0, Max: 6.7, Diff: 3.4, Sum: 10.0]
      [Code Root Scanning (ms): Min: 0.0, Avg: 0.0, Max: 0.0, Diff: 0.0, Sum: 0.0]
      [Object Copy (ms): Min: 8.1, Avg: 9.8, Max: 11.6, Diff: 3.6, Sum: 19.7]
      [Termination (ms): Min: 0.0, Avg: 0.0, Max: 0.0, Diff: 0.0, Sum: 0.0]
         [Termination Attempts: Min: 1, Avg: 1.0, Max: 1, Diff: 0, Sum: 2]
      [GC Worker Other (ms): Min: 0.0, Avg: 0.0, Max: 0.0, Diff: 0.0, Sum: 0.0]
      [GC Worker Total (ms): Min: 18.3, Avg: 18.4, Max: 18.6, Diff: 0.3, Sum: 36.9]
      [GC Worker End (ms): Min: 98577884.8, Avg: 98577884.8, Max: 98577884.8, Diff: 0.0]
   [Code Root Fixup: 0.1 ms]
   [Code Root Purge: 0.0 ms]
   [Clear CT: 3.8 ms]
   [Other: 4.4 ms]
      [Choose CSet: 0.0 ms]
      [Ref Proc: 0.2 ms]
      [Ref Enq: 0.0 ms]
      [Redirty Cards: 3.9 ms]
      [Humongous Register: 0.0 ms]
      [Humongous Reclaim: 0.0 ms]
      [Free CSet: 0.1 ms]
   [Eden: 48.0M(48.0M)->0.0B(46.0M) Survivors: 3072.0K->5120.0K Heap: 251.8M(1024.0M)->205.8M(1024.0M)]
 [Times: user=0.03 sys=0.00, real=0.03 secs] 
2017-09-25T15:05:52.700+0900: 98675.507: [GC pause (G1 Evacuation Pause) (young), 0.0410981 secs]
   [Parallel Time: 40.1 ms, GC Workers: 2]
      [GC Worker Start (ms): Min: 98675506.9, Avg: 98675506.9, Max: 98675506.9, Diff: 0.1]
      [Ext Root Scanning (ms): Min: 1.1, Avg: 1.2, Max: 1.2, Diff: 0.1, Sum: 2.4]
      [Update RS (ms): Min: 2.1, Avg: 2.3, Max: 2.6, Diff: 0.5, Sum: 4.6]
         [Processed Buffers: Min: 11, Avg: 18.0, Max: 25, Diff: 14, Sum: 36]
      [Scan RS (ms): Min: 2.2, Avg: 2.5, Max: 2.8, Diff: 0.5, Sum: 5.0]
      [Code Root Scanning (ms): Min: 0.0, Avg: 0.0, Max: 0.0, Diff: 0.0, Sum: 0.0]
      [Object Copy (ms): Min: 34.0, Avg: 34.0, Max: 34.0, Diff: 0.1, Sum: 68.0]
      [Termination (ms): Min: 0.0, Avg: 0.0, Max: 0.0, Diff: 0.0, Sum: 0.0]
         [Termination Attempts: Min: 1, Avg: 1.5, Max: 2, Diff: 1, Sum: 3]
      [GC Worker Other (ms): Min: 0.0, Avg: 0.0, Max: 0.0, Diff: 0.0, Sum: 0.0]
      [GC Worker Total (ms): Min: 40.0, Avg: 40.0, Max: 40.1, Diff: 0.1, Sum: 80.1]
      [GC Worker End (ms): Min: 98675546.9, Avg: 98675546.9, Max: 98675546.9, Diff: 0.0]
   [Code Root Fixup: 0.1 ms]
   [Code Root Purge: 0.0 ms]
   [Clear CT: 0.1 ms]
   [Other: 0.8 ms]
      [Choose CSet: 0.0 ms]
      [Ref Proc: 0.2 ms]
      [Ref Enq: 0.0 ms]
      [Redirty Cards: 0.1 ms]
      [Humongous Register: 0.0 ms]
      [Humongous Reclaim: 0.0 ms]
      [Free CSet: 0.0 ms]
   [Eden: 46.0M(46.0M)->0.0B(45.0M) Survivors: 5120.0K->6144.0K Heap: 251.8M(1024.0M)->207.7M(1024.0M)]
 [Times: user=0.04 sys=0.01, real=0.04 secs] 
2017-09-25T15:07:28.324+0900: 98771.130: [GC pause (G1 Evacuation Pause) (young), 0.0475318 secs]
   [Parallel Time: 46.7 ms, GC Workers: 2]
      [GC Worker Start (ms): Min: 98771130.1, Avg: 98771130.1, Max: 98771130.1, Diff: 0.0]
      [Ext Root Scanning (ms): Min: 1.2, Avg: 1.3, Max: 1.3, Diff: 0.1, Sum: 2.5]
      [Update RS (ms): Min: 3.2, Avg: 3.5, Max: 3.8, Diff: 0.6, Sum: 7.0]
         [Processed Buffers: Min: 10, Avg: 17.0, Max: 24, Diff: 14, Sum: 34]
      [Scan RS (ms): Min: 2.1, Avg: 2.4, Max: 2.7, Diff: 0.6, Sum: 4.7]
      [Code Root Scanning (ms): Min: 0.0, Avg: 0.0, Max: 0.0, Diff: 0.0, Sum: 0.0]
      [Object Copy (ms): Min: 39.3, Avg: 39.4, Max: 39.5, Diff: 0.2, Sum: 78.8]
      [Termination (ms): Min: 0.0, Avg: 0.1, Max: 0.2, Diff: 0.2, Sum: 0.2]
         [Termination Attempts: Min: 1, Avg: 1.0, Max: 1, Diff: 0, Sum: 2]
      [GC Worker Other (ms): Min: 0.0, Avg: 0.0, Max: 0.0, Diff: 0.0, Sum: 0.0]
      [GC Worker Total (ms): Min: 46.6, Avg: 46.6, Max: 46.6, Diff: 0.0, Sum: 93.2]
      [GC Worker End (ms): Min: 98771176.7, Avg: 98771176.7, Max: 98771176.7, Diff: 0.0]
   [Code Root Fixup: 0.0 ms]
   [Code Root Purge: 0.0 ms]
   [Clear CT: 0.1 ms]
   [Other: 0.8 ms]
      [Choose CSet: 0.0 ms]
      [Ref Proc: 0.1 ms]
      [Ref Enq: 0.0 ms]
      [Redirty Cards: 0.1 ms]
      [Humongous Register: 0.0 ms]
      [Humongous Reclaim: 0.0 ms]
      [Free CSet: 0.0 ms]
   [Eden: 45.0M(45.0M)->0.0B(48.0M) Survivors: 6144.0K->3072.0K Heap: 252.7M(1024.0M)->206.0M(1024.0M)]
 [Times: user=0.02 sys=0.01, real=0.04 secs] 
2017-09-25T15:09:09.585+0900: 98872.391: [GC pause (G1 Evacuation Pause) (young), 0.0078464 secs]
   [Parallel Time: 6.7 ms, GC Workers: 2]
      [GC Worker Start (ms): Min: 98872391.2, Avg: 98872391.2, Max: 98872391.2, Diff: 0.0]
      [Ext Root Scanning (ms): Min: 0.5, Avg: 0.5, Max: 0.6, Diff: 0.0, Sum: 1.1]
      [Update RS (ms): Min: 1.1, Avg: 1.1, Max: 1.1, Diff: 0.0, Sum: 2.3]
         [Processed Buffers: Min: 15, Avg: 17.5, Max: 20, Diff: 5, Sum: 35]
      [Scan RS (ms): Min: 0.8, Avg: 0.8, Max: 0.8, Diff: 0.0, Sum: 1.5]
      [Code Root Scanning (ms): Min: 0.0, Avg: 0.0, Max: 0.0, Diff: 0.0, Sum: 0.0]
      [Object Copy (ms): Min: 4.2, Avg: 4.2, Max: 4.2, Diff: 0.0, Sum: 8.4]
      [Termination (ms): Min: 0.0, Avg: 0.0, Max: 0.0, Diff: 0.0, Sum: 0.0]
         [Termination Attempts: Min: 1, Avg: 1.0, Max: 1, Diff: 0, Sum: 2]
      [GC Worker Other (ms): Min: 0.0, Avg: 0.0, Max: 0.0, Diff: 0.0, Sum: 0.0]
      [GC Worker Total (ms): Min: 6.6, Avg: 6.6, Max: 6.6, Diff: 0.0, Sum: 13.3]
      [GC Worker End (ms): Min: 98872397.8, Avg: 98872397.8, Max: 98872397.8, Diff: 0.0]
   [Code Root Fixup: 0.1 ms]
   [Code Root Purge: 0.0 ms]
   [Clear CT: 0.3 ms]
   [Other: 0.8 ms]
      [Choose CSet: 0.0 ms]
      [Ref Proc: 0.3 ms]
      [Ref Enq: 0.0 ms]
      [Redirty Cards: 0.2 ms]
      [Humongous Register: 0.0 ms]
      [Humongous Reclaim: 0.0 ms]
      [Free CSet: 0.0 ms]
   [Eden: 48.0M(48.0M)->0.0B(46.0M) Survivors: 3072.0K->5120.0K Heap: 254.0M(1024.0M)->208.0M(1024.0M)]
 [Times: user=0.01 sys=0.00, real=0.00 secs] 
2017-09-25T15:10:47.225+0900: 98970.032: [GC pause (G1 Evacuation Pause) (young), 0.0564939 secs]
   [Parallel Time: 54.4 ms, GC Workers: 2]
      [GC Worker Start (ms): Min: 98970031.9, Avg: 98970032.0, Max: 98970032.1, Diff: 0.1]
      [Ext Root Scanning (ms): Min: 1.4, Avg: 1.5, Max: 1.6, Diff: 0.2, Sum: 3.0]
      [Update RS (ms): Min: 2.4, Avg: 2.4, Max: 2.5, Diff: 0.1, Sum: 4.9]
         [Processed Buffers: Min: 11, Avg: 17.5, Max: 24, Diff: 13, Sum: 35]
      [Scan RS (ms): Min: 3.2, Avg: 3.2, Max: 3.2, Diff: 0.1, Sum: 6.4]
      [Code Root Scanning (ms): Min: 0.0, Avg: 0.0, Max: 0.0, Diff: 0.0, Sum: 0.0]
      [Object Copy (ms): Min: 46.9, Avg: 46.9, Max: 47.0, Diff: 0.1, Sum: 93.9]
      [Termination (ms): Min: 0.0, Avg: 0.0, Max: 0.0, Diff: 0.0, Sum: 0.0]
         [Termination Attempts: Min: 1, Avg: 1.0, Max: 1, Diff: 0, Sum: 2]
      [GC Worker Other (ms): Min: 0.0, Avg: 0.0, Max: 0.0, Diff: 0.0, Sum: 0.1]
      [GC Worker Total (ms): Min: 54.1, Avg: 54.1, Max: 54.2, Diff: 0.1, Sum: 108.3]
      [GC Worker End (ms): Min: 98970086.2, Avg: 98970086.2, Max: 98970086.2, Diff: 0.0]
   [Code Root Fixup: 0.1 ms]
   [Code Root Purge: 0.0 ms]
   [Clear CT: 0.2 ms]
   [Other: 1.7 ms]
      [Choose CSet: 0.0 ms]
      [Ref Proc: 0.6 ms]
      [Ref Enq: 0.0 ms]
      [Redirty Cards: 0.4 ms]
      [Humongous Register: 0.1 ms]
      [Humongous Reclaim: 0.0 ms]
      [Free CSet: 0.1 ms]
   [Eden: 46.0M(46.0M)->0.0B(48.0M) Survivors: 5120.0K->3072.0K Heap: 254.0M(1024.0M)->206.6M(1024.0M)]
 [Times: user=0.04 sys=0.02, real=0.05 secs] 
2017-09-25T15:12:28.949+0900: 99071.755: [GC pause (G1 Evacuation Pause) (young), 0.0106883 secs]
   [Parallel Time: 9.8 ms, GC Workers: 2]
      [GC Worker Start (ms): Min: 99071755.5, Avg: 99071755.5, Max: 99071755.5, Diff: 0.0]
      [Ext Root Scanning (ms): Min: 0.9, Avg: 1.0, Max: 1.1, Diff: 0.2, Sum: 2.0]
      [Update RS (ms): Min: 1.4, Avg: 1.4, Max: 1.4, Diff: 0.0, Sum: 2.7]
         [Processed Buffers: Min: 14, Avg: 17.5, Max: 21, Diff: 7, Sum: 35]
      [Scan RS (ms): Min: 0.9, Avg: 0.9, Max: 0.9, Diff: 0.0, Sum: 1.8]
      [Code Root Scanning (ms): Min: 0.0, Avg: 0.0, Max: 0.0, Diff: 0.0, Sum: 0.0]
      [Object Copy (ms): Min: 5.4, Avg: 5.9, Max: 6.3, Diff: 0.9, Sum: 11.7]
      [Termination (ms): Min: 0.0, Avg: 0.5, Max: 1.0, Diff: 1.0, Sum: 1.0]
         [Termination Attempts: Min: 1, Avg: 1.0, Max: 1, Diff: 0, Sum: 2]
      [GC Worker Other (ms): Min: 0.0, Avg: 0.0, Max: 0.0, Diff: 0.0, Sum: 0.0]
      [GC Worker Total (ms): Min: 9.7, Avg: 9.7, Max: 9.7, Diff: 0.0, Sum: 19.4]
      [GC Worker End (ms): Min: 99071765.2, Avg: 99071765.2, Max: 99071765.2, Diff: 0.0]
   [Code Root Fixup: 0.1 ms]
   [Code Root Purge: 0.0 ms]
   [Clear CT: 0.1 ms]
   [Other: 0.7 ms]
      [Choose CSet: 0.0 ms]
      [Ref Proc: 0.2 ms]
      [Ref Enq: 0.0 ms]
      [Redirty Cards: 0.1 ms]
      [Humongous Register: 0.1 ms]
      [Humongous Reclaim: 0.0 ms]
      [Free CSet: 0.0 ms]
   [Eden: 48.0M(48.0M)->0.0B(46.0M) Survivors: 3072.0K->5120.0K Heap: 254.6M(1024.0M)->208.6M(1024.0M)]
 [Times: user=0.02 sys=0.00, real=0.01 secs] 
2017-09-25T15:14:06.612+0900: 99169.419: [GC pause (G1 Evacuation Pause) (young), 0.0346390 secs]
   [Parallel Time: 33.4 ms, GC Workers: 2]
      [GC Worker Start (ms): Min: 99169419.0, Avg: 99169419.0, Max: 99169419.0, Diff: 0.1]
      [Ext Root Scanning (ms): Min: 1.8, Avg: 1.9, Max: 1.9, Diff: 0.1, Sum: 3.7]
      [Update RS (ms): Min: 3.6, Avg: 3.8, Max: 3.9, Diff: 0.4, Sum: 7.5]
         [Processed Buffers: Min: 7, Avg: 17.0, Max: 27, Diff: 20, Sum: 34]
      [Scan RS (ms): Min: 4.2, Avg: 4.4, Max: 4.5, Diff: 0.3, Sum: 8.8]
      [Code Root Scanning (ms): Min: 0.0, Avg: 0.0, Max: 0.0, Diff: 0.0, Sum: 0.0]
      [Object Copy (ms): Min: 23.1, Avg: 23.2, Max: 23.2, Diff: 0.1, Sum: 46.3]
      [Termination (ms): Min: 0.0, Avg: 0.0, Max: 0.0, Diff: 0.0, Sum: 0.0]
         [Termination Attempts: Min: 1, Avg: 1.0, Max: 1, Diff: 0, Sum: 2]
      [GC Worker Other (ms): Min: 0.0, Avg: 0.0, Max: 0.0, Diff: 0.0, Sum: 0.0]
      [GC Worker Total (ms): Min: 33.2, Avg: 33.2, Max: 33.2, Diff: 0.1, Sum: 66.4]
      [GC Worker End (ms): Min: 99169452.2, Avg: 99169452.2, Max: 99169452.2, Diff: 0.0]
   [Code Root Fixup: 0.1 ms]
   [Code Root Purge: 0.0 ms]
   [Clear CT: 0.2 ms]
   [Other: 1.0 ms]
      [Choose CSet: 0.0 ms]
      [Ref Proc: 0.3 ms]
      [Ref Enq: 0.0 ms]
      [Redirty Cards: 0.3 ms]
      [Humongous Register: 0.1 ms]
      [Humongous Reclaim: 0.0 ms]
      [Free CSet: 0.0 ms]
   [Eden: 46.0M(46.0M)->0.0B(44.0M) Survivors: 5120.0K->7168.0K Heap: 254.6M(1024.0M)->210.6M(1024.0M)]
 [Times: user=0.06 sys=0.00, real=0.04 secs] 
2017-09-25T15:15:38.737+0900: 99261.543: [GC pause (G1 Evacuation Pause) (young), 0.0302715 secs]
   [Parallel Time: 29.7 ms, GC Workers: 2]
      [GC Worker Start (ms): Min: 99261543.2, Avg: 99261543.2, Max: 99261543.2, Diff: 0.0]
      [Ext Root Scanning (ms): Min: 1.0, Avg: 1.1, Max: 1.2, Diff: 0.2, Sum: 2.2]
      [Update RS (ms): Min: 0.9, Avg: 0.9, Max: 1.0, Diff: 0.1, Sum: 1.9]
         [Processed Buffers: Min: 10, Avg: 16.0, Max: 22, Diff: 12, Sum: 32]
      [Scan RS (ms): Min: 0.6, Avg: 0.6, Max: 0.6, Diff: 0.0, Sum: 1.2]
      [Code Root Scanning (ms): Min: 0.0, Avg: 0.0, Max: 0.0, Diff: 0.0, Sum: 0.0]
      [Object Copy (ms): Min: 27.0, Avg: 27.0, Max: 27.1, Diff: 0.1, Sum: 54.1]
      [Termination (ms): Min: 0.0, Avg: 0.0, Max: 0.0, Diff: 0.0, Sum: 0.0]
         [Termination Attempts: Min: 1, Avg: 1.0, Max: 1, Diff: 0, Sum: 2]
      [GC Worker Other (ms): Min: 0.0, Avg: 0.0, Max: 0.0, Diff: 0.0, Sum: 0.0]
      [GC Worker Total (ms): Min: 29.6, Avg: 29.6, Max: 29.7, Diff: 0.0, Sum: 59.3]
      [GC Worker End (ms): Min: 99261572.8, Avg: 99261572.8, Max: 99261572.8, Diff: 0.0]
   [Code Root Fixup: 0.0 ms]
   [Code Root Purge: 0.0 ms]
   [Clear CT: 0.0 ms]
   [Other: 0.5 ms]
      [Choose CSet: 0.0 ms]
      [Ref Proc: 0.1 ms]
      [Ref Enq: 0.0 ms]
      [Redirty Cards: 0.0 ms]
      [Humongous Register: 0.1 ms]
      [Humongous Reclaim: 0.0 ms]
      [Free CSet: 0.0 ms]
   [Eden: 44.0M(44.0M)->0.0B(48.0M) Survivors: 7168.0K->3072.0K Heap: 254.6M(1024.0M)->209.1M(1024.0M)]
 [Times: user=0.02 sys=0.00, real=0.03 secs] 
2017-09-25T15:17:18.804+0900: 99361.610: [GC pause (G1 Evacuation Pause) (young), 0.0175791 secs]
   [Parallel Time: 16.7 ms, GC Workers: 2]
      [GC Worker Start (ms): Min: 99361610.2, Avg: 99361610.2, Max: 99361610.2, Diff: 0.0]
      [Ext Root Scanning (ms): Min: 0.5, Avg: 0.5, Max: 0.5, Diff: 0.0, Sum: 1.0]
      [Update RS (ms): Min: 1.1, Avg: 1.1, Max: 1.2, Diff: 0.0, Sum: 2.3]
         [Processed Buffers: Min: 9, Avg: 19.0, Max: 29, Diff: 20, Sum: 38]
      [Scan RS (ms): Min: 1.2, Avg: 1.2, Max: 1.2, Diff: 0.0, Sum: 2.4]
      [Code Root Scanning (ms): Min: 0.0, Avg: 0.0, Max: 0.0, Diff: 0.0, Sum: 0.0]
      [Object Copy (ms): Min: 13.7, Avg: 13.7, Max: 13.7, Diff: 0.0, Sum: 27.4]
      [Termination (ms): Min: 0.0, Avg: 0.0, Max: 0.0, Diff: 0.0, Sum: 0.0]
         [Termination Attempts: Min: 1, Avg: 1.0, Max: 1, Diff: 0, Sum: 2]
      [GC Worker Other (ms): Min: 0.0, Avg: 0.0, Max: 0.0, Diff: 0.0, Sum: 0.0]
      [GC Worker Total (ms): Min: 16.6, Avg: 16.6, Max: 16.6, Diff: 0.0, Sum: 33.2]
      [GC Worker End (ms): Min: 99361626.8, Avg: 99361626.8, Max: 99361626.8, Diff: 0.0]
   [Code Root Fixup: 0.1 ms]
   [Code Root Purge: 0.0 ms]
   [Clear CT: 0.1 ms]
   [Other: 0.7 ms]
      [Choose CSet: 0.0 ms]
      [Ref Proc: 0.2 ms]
      [Ref Enq: 0.0 ms]
      [Redirty Cards: 0.1 ms]
      [Humongous Register: 0.0 ms]
      [Humongous Reclaim: 0.0 ms]
      [Free CSet: 0.1 ms]
   [Eden: 48.0M(48.0M)->0.0B(45.0M) Survivors: 3072.0K->6144.0K Heap: 257.1M(1024.0M)->211.6M(1024.0M)]
 [Times: user=0.03 sys=0.00, real=0.01 secs] 
2017-09-25T15:18:54.383+0900: 99457.189: [GC pause (G1 Evacuation Pause) (young), 0.0095397 secs]
   [Parallel Time: 8.7 ms, GC Workers: 2]
      [GC Worker Start (ms): Min: 99457189.5, Avg: 99457189.6, Max: 99457189.6, Diff: 0.1]
      [Ext Root Scanning (ms): Min: 0.5, Avg: 0.5, Max: 0.6, Diff: 0.1, Sum: 1.0]
      [Update RS (ms): Min: 0.8, Avg: 0.8, Max: 0.9, Diff: 0.2, Sum: 1.7]
         [Processed Buffers: Min: 14, Avg: 17.0, Max: 20, Diff: 6, Sum: 34]
      [Scan RS (ms): Min: 0.6, Avg: 0.7, Max: 0.8, Diff: 0.2, Sum: 1.5]
      [Code Root Scanning (ms): Min: 0.0, Avg: 0.0, Max: 0.0, Diff: 0.0, Sum: 0.0]
      [Object Copy (ms): Min: 6.5, Avg: 6.5, Max: 6.6, Diff: 0.0, Sum: 13.1]
      [Termination (ms): Min: 0.0, Avg: 0.0, Max: 0.0, Diff: 0.0, Sum: 0.0]
         [Termination Attempts: Min: 1, Avg: 1.0, Max: 1, Diff: 0, Sum: 2]
      [GC Worker Other (ms): Min: 0.0, Avg: 0.0, Max: 0.0, Diff: 0.0, Sum: 0.0]
      [GC Worker Total (ms): Min: 8.6, Avg: 8.6, Max: 8.7, Diff: 0.1, Sum: 17.3]
      [GC Worker End (ms): Min: 99457198.2, Avg: 99457198.2, Max: 99457198.2, Diff: 0.0]
   [Code Root Fixup: 0.0 ms]
   [Code Root Purge: 0.0 ms]
   [Clear CT: 0.1 ms]
   [Other: 0.7 ms]
      [Choose CSet: 0.0 ms]
      [Ref Proc: 0.2 ms]
      [Ref Enq: 0.0 ms]
      [Redirty Cards: 0.2 ms]
      [Humongous Register: 0.0 ms]
      [Humongous Reclaim: 0.0 ms]
      [Free CSet: 0.0 ms]
   [Eden: 45.0M(45.0M)->0.0B(45.0M) Survivors: 6144.0K->6144.0K Heap: 256.6M(1024.0M)->213.9M(1024.0M)]
 [Times: user=0.02 sys=0.00, real=0.00 secs] 
2017-09-25T15:20:30.233+0900: 99553.039: [GC pause (G1 Evacuation Pause) (young), 0.0341523 secs]
   [Parallel Time: 30.2 ms, GC Workers: 2]
      [GC Worker Start (ms): Min: 99553039.4, Avg: 99553039.4, Max: 99553039.5, Diff: 0.1]
      [Ext Root Scanning (ms): Min: 0.9, Avg: 1.0, Max: 1.0, Diff: 0.1, Sum: 2.0]
      [Update RS (ms): Min: 2.4, Avg: 2.4, Max: 2.4, Diff: 0.0, Sum: 4.8]
         [Processed Buffers: Min: 14, Avg: 18.5, Max: 23, Diff: 9, Sum: 37]
      [Scan RS (ms): Min: 2.6, Avg: 2.6, Max: 2.6, Diff: 0.0, Sum: 5.1]
      [Code Root Scanning (ms): Min: 0.0, Avg: 0.0, Max: 0.0, Diff: 0.0, Sum: 0.0]
      [Object Copy (ms): Min: 22.4, Avg: 22.9, Max: 23.4, Diff: 1.0, Sum: 45.9]
      [Termination (ms): Min: 0.0, Avg: 0.8, Max: 1.7, Diff: 1.7, Sum: 1.7]
         [Termination Attempts: Min: 1, Avg: 1.0, Max: 1, Diff: 0, Sum: 2]
      [GC Worker Other (ms): Min: 0.0, Avg: 0.0, Max: 0.0, Diff: 0.0, Sum: 0.0]
      [GC Worker Total (ms): Min: 29.4, Avg: 29.7, Max: 30.0, Diff: 0.6, Sum: 59.5]
      [GC Worker End (ms): Min: 99553068.8, Avg: 99553069.2, Max: 99553069.5, Diff: 0.7]
   [Code Root Fixup: 0.1 ms]
   [Code Root Purge: 0.0 ms]
   [Clear CT: 0.1 ms]
   [Other: 3.7 ms]
      [Choose CSet: 0.0 ms]
      [Ref Proc: 3.0 ms]
      [Ref Enq: 0.0 ms]
      [Redirty Cards: 0.1 ms]
      [Humongous Register: 0.0 ms]
      [Humongous Reclaim: 0.0 ms]
      [Free CSet: 0.1 ms]
   [Eden: 45.0M(45.0M)->0.0B(48.0M) Survivors: 6144.0K->3072.0K Heap: 258.9M(1024.0M)->213.0M(1024.0M)]
 [Times: user=0.04 sys=0.00, real=0.04 secs] 
2017-09-25T15:22:12.009+0900: 99654.815: [GC pause (G1 Evacuation Pause) (young), 0.0222098 secs]
   [Parallel Time: 21.4 ms, GC Workers: 2]
      [GC Worker Start (ms): Min: 99654815.0, Avg: 99654815.8, Max: 99654816.7, Diff: 1.7]
      [Ext Root Scanning (ms): Min: 0.0, Avg: 0.4, Max: 0.9, Diff: 0.9, Sum: 0.9]
      [Update RS (ms): Min: 0.8, Avg: 3.1, Max: 5.3, Diff: 4.5, Sum: 6.1]
         [Processed Buffers: Min: 3, Avg: 18.5, Max: 34, Diff: 31, Sum: 37]
      [Scan RS (ms): Min: 0.0, Avg: 0.5, Max: 1.1, Diff: 1.1, Sum: 1.1]
      [Code Root Scanning (ms): Min: 0.0, Avg: 0.0, Max: 0.0, Diff: 0.0, Sum: 0.0]
      [Object Copy (ms): Min: 14.7, Avg: 16.2, Max: 17.6, Diff: 2.9, Sum: 32.4]
      [Termination (ms): Min: 0.0, Avg: 0.2, Max: 0.5, Diff: 0.5, Sum: 0.5]
         [Termination Attempts: Min: 1, Avg: 1.0, Max: 1, Diff: 0, Sum: 2]
      [GC Worker Other (ms): Min: 0.0, Avg: 0.0, Max: 0.0, Diff: 0.0, Sum: 0.0]
      [GC Worker Total (ms): Min: 19.6, Avg: 20.5, Max: 21.4, Diff: 1.8, Sum: 41.0]
      [GC Worker End (ms): Min: 99654836.3, Avg: 99654836.3, Max: 99654836.4, Diff: 0.1]
   [Code Root Fixup: 0.0 ms]
   [Code Root Purge: 0.0 ms]
   [Clear CT: 0.0 ms]
   [Other: 0.7 ms]
      [Choose CSet: 0.0 ms]
      [Ref Proc: 0.5 ms]
      [Ref Enq: 0.0 ms]
      [Redirty Cards: 0.0 ms]
      [Humongous Register: 0.0 ms]
      [Humongous Reclaim: 0.0 ms]
      [Free CSet: 0.0 ms]
   [Eden: 48.0M(48.0M)->0.0B(45.0M) Survivors: 3072.0K->6144.0K Heap: 261.0M(1024.0M)->215.5M(1024.0M)]
 [Times: user=0.02 sys=0.00, real=0.02 secs] 
2017-09-25T15:23:47.607+0900: 99750.413: [GC pause (G1 Evacuation Pause) (young), 0.0284784 secs]
   [Parallel Time: 25.3 ms, GC Workers: 2]
      [GC Worker Start (ms): Min: 99750413.3, Avg: 99750414.7, Max: 99750416.2, Diff: 3.0]
      [Ext Root Scanning (ms): Min: 0.0, Avg: 0.7, Max: 1.4, Diff: 1.4, Sum: 1.4]
      [Update RS (ms): Min: 0.9, Avg: 2.5, Max: 4.2, Diff: 3.3, Sum: 5.1]
         [Processed Buffers: Min: 3, Avg: 17.0, Max: 31, Diff: 28, Sum: 34]
      [Scan RS (ms): Min: 2.5, Avg: 3.4, Max: 4.2, Diff: 1.7, Sum: 6.8]
      [Code Root Scanning (ms): Min: 0.0, Avg: 0.0, Max: 0.0, Diff: 0.0, Sum: 0.0]
      [Object Copy (ms): Min: 15.0, Avg: 16.6, Max: 18.2, Diff: 3.2, Sum: 33.3]
      [Termination (ms): Min: 0.0, Avg: 0.1, Max: 0.2, Diff: 0.2, Sum: 0.2]
         [Termination Attempts: Min: 1, Avg: 1.0, Max: 1, Diff: 0, Sum: 2]
      [GC Worker Other (ms): Min: 0.0, Avg: 0.0, Max: 0.0, Diff: 0.0, Sum: 0.0]
      [GC Worker Total (ms): Min: 21.9, Avg: 23.4, Max: 24.8, Diff: 2.9, Sum: 46.8]
      [GC Worker End (ms): Min: 99750438.1, Avg: 99750438.1, Max: 99750438.2, Diff: 0.1]
   [Code Root Fixup: 0.1 ms]
   [Code Root Purge: 0.0 ms]
   [Clear CT: 0.6 ms]
   [Other: 2.5 ms]
      [Choose CSet: 0.0 ms]
      [Ref Proc: 0.6 ms]
      [Ref Enq: 0.0 ms]
      [Redirty Cards: 0.3 ms]
      [Humongous Register: 0.0 ms]
      [Humongous Reclaim: 0.0 ms]
      [Free CSet: 0.1 ms]
   [Eden: 45.0M(45.0M)->0.0B(48.0M) Survivors: 6144.0K->3072.0K Heap: 260.5M(1024.0M)->213.8M(1024.0M)]
 [Times: user=0.02 sys=0.00, real=0.03 secs] 
2017-09-25T15:25:29.544+0900: 99852.351: [GC pause (G1 Evacuation Pause) (young), 0.0182950 secs]
   [Parallel Time: 17.5 ms, GC Workers: 2]
      [GC Worker Start (ms): Min: 99852350.7, Avg: 99852351.8, Max: 99852352.9, Diff: 2.3]
      [Ext Root Scanning (ms): Min: 0.0, Avg: 0.6, Max: 1.1, Diff: 1.1, Sum: 1.1]
      [Update RS (ms): Min: 1.8, Avg: 4.3, Max: 6.8, Diff: 5.0, Sum: 8.6]
         [Processed Buffers: Min: 2, Avg: 16.5, Max: 31, Diff: 29, Sum: 33]
      [Scan RS (ms): Min: 0.2, Avg: 3.6, Max: 7.0, Diff: 6.8, Sum: 7.2]
      [Code Root Scanning (ms): Min: 0.0, Avg: 0.0, Max: 0.0, Diff: 0.0, Sum: 0.0]
      [Object Copy (ms): Min: 5.9, Avg: 7.6, Max: 9.3, Diff: 3.3, Sum: 15.2]
      [Termination (ms): Min: 0.0, Avg: 0.2, Max: 0.4, Diff: 0.4, Sum: 0.4]
         [Termination Attempts: Min: 1, Avg: 1.0, Max: 1, Diff: 0, Sum: 2]
      [GC Worker Other (ms): Min: 0.0, Avg: 0.0, Max: 0.0, Diff: 0.0, Sum: 0.0]
      [GC Worker Total (ms): Min: 15.2, Avg: 16.3, Max: 17.5, Diff: 2.3, Sum: 32.6]
      [GC Worker End (ms): Min: 99852368.1, Avg: 99852368.1, Max: 99852368.1, Diff: 0.0]
   [Code Root Fixup: 0.0 ms]
   [Code Root Purge: 0.0 ms]
   [Clear CT: 0.0 ms]
   [Other: 0.8 ms]
      [Choose CSet: 0.0 ms]
      [Ref Proc: 0.5 ms]
      [Ref Enq: 0.0 ms]
      [Redirty Cards: 0.0 ms]
      [Humongous Register: 0.0 ms]
      [Humongous Reclaim: 0.0 ms]
      [Free CSet: 0.0 ms]
   [Eden: 48.0M(48.0M)->0.0B(46.0M) Survivors: 3072.0K->5120.0K Heap: 261.8M(1024.0M)->215.8M(1024.0M)]
 [Times: user=0.00 sys=0.01, real=0.02 secs] 
2017-09-25T15:27:06.710+0900: 99949.516: [GC pause (G1 Evacuation Pause) (young), 0.0313752 secs]
   [Parallel Time: 30.8 ms, GC Workers: 2]
      [GC Worker Start (ms): Min: 99949516.2, Avg: 99949522.0, Max: 99949527.7, Diff: 11.4]
      [Ext Root Scanning (ms): Min: 0.0, Avg: 0.8, Max: 1.6, Diff: 1.6, Sum: 1.6]
      [Update RS (ms): Min: 0.0, Avg: 1.6, Max: 3.2, Diff: 3.2, Sum: 3.3]
         [Processed Buffers: Min: 0, Avg: 16.0, Max: 32, Diff: 32, Sum: 32]
      [Scan RS (ms): Min: 0.0, Avg: 2.3, Max: 4.6, Diff: 4.6, Sum: 4.6]
      [Code Root Scanning (ms): Min: 0.0, Avg: 0.0, Max: 0.0, Diff: 0.0, Sum: 0.0]
      [Object Copy (ms): Min: 14.6, Avg: 15.6, Max: 16.6, Diff: 2.0, Sum: 31.3]
      [Termination (ms): Min: 0.0, Avg: 0.0, Max: 0.0, Diff: 0.0, Sum: 0.0]
         [Termination Attempts: Min: 1, Avg: 2.0, Max: 3, Diff: 2, Sum: 4]
      [GC Worker Other (ms): Min: 0.0, Avg: 0.0, Max: 0.0, Diff: 0.0, Sum: 0.0]
      [GC Worker Total (ms): Min: 14.7, Avg: 20.4, Max: 26.1, Diff: 11.4, Sum: 40.8]
      [GC Worker End (ms): Min: 99949542.4, Avg: 99949542.4, Max: 99949542.4, Diff: 0.0]
   [Code Root Fixup: 0.0 ms]
   [Code Root Purge: 0.0 ms]
   [Clear CT: 0.0 ms]
   [Other: 0.5 ms]
      [Choose CSet: 0.0 ms]
      [Ref Proc: 0.1 ms]
      [Ref Enq: 0.0 ms]
      [Redirty Cards: 0.0 ms]
      [Humongous Register: 0.0 ms]
      [Humongous Reclaim: 0.0 ms]
      [Free CSet: 0.0 ms]
   [Eden: 46.0M(46.0M)->0.0B(44.0M) Survivors: 5120.0K->7168.0K Heap: 261.8M(1024.0M)->217.8M(1024.0M)]
 [Times: user=0.02 sys=0.00, real=0.03 secs] 
2017-09-25T15:28:40.941+0900: 100043.747: [GC pause (G1 Evacuation Pause) (young), 0.0299545 secs]
   [Parallel Time: 28.9 ms, GC Workers: 2]
      [GC Worker Start (ms): Min: 100043747.7, Avg: 100043747.7, Max: 100043747.7, Diff: 0.0]
      [Ext Root Scanning (ms): Min: 1.1, Avg: 1.2, Max: 1.2, Diff: 0.1, Sum: 2.4]
      [Update RS (ms): Min: 2.4, Avg: 2.4, Max: 2.5, Diff: 0.2, Sum: 4.9]
         [Processed Buffers: Min: 4, Avg: 16.5, Max: 29, Diff: 25, Sum: 33]
      [Scan RS (ms): Min: 1.1, Avg: 1.2, Max: 1.3, Diff: 0.2, Sum: 2.4]
      [Code Root Scanning (ms): Min: 0.0, Avg: 0.0, Max: 0.0, Diff: 0.0, Sum: 0.0]
      [Object Copy (ms): Min: 24.0, Avg: 24.0, Max: 24.1, Diff: 0.1, Sum: 48.0]
      [Termination (ms): Min: 0.0, Avg: 0.0, Max: 0.0, Diff: 0.0, Sum: 0.0]
         [Termination Attempts: Min: 1, Avg: 1.0, Max: 1, Diff: 0, Sum: 2]
      [GC Worker Other (ms): Min: 0.0, Avg: 0.0, Max: 0.0, Diff: 0.0, Sum: 0.0]
      [GC Worker Total (ms): Min: 28.8, Avg: 28.8, Max: 28.8, Diff: 0.0, Sum: 57.7]
      [GC Worker End (ms): Min: 100043776.5, Avg: 100043776.5, Max: 100043776.5, Diff: 0.0]
   [Code Root Fixup: 0.0 ms]
   [Code Root Purge: 0.0 ms]
   [Clear CT: 0.1 ms]
   [Other: 1.0 ms]
      [Choose CSet: 0.0 ms]
      [Ref Proc: 0.2 ms]
      [Ref Enq: 0.0 ms]
      [Redirty Cards: 0.1 ms]
      [Humongous Register: 0.1 ms]
      [Humongous Reclaim: 0.0 ms]
      [Free CSet: 0.0 ms]
   [Eden: 44.0M(44.0M)->0.0B(47.0M) Survivors: 7168.0K->4096.0K Heap: 261.8M(1024.0M)->216.3M(1024.0M)]
 [Times: user=0.02 sys=0.01, real=0.03 secs] 
2017-09-25T15:30:20.735+0900: 100143.542: [GC pause (G1 Evacuation Pause) (young), 0.0202099 secs]
   [Parallel Time: 12.8 ms, GC Workers: 2]
      [GC Worker Start (ms): Min: 100143541.9, Avg: 100143541.9, Max: 100143541.9, Diff: 0.0]
      [Ext Root Scanning (ms): Min: 1.0, Avg: 1.0, Max: 1.1, Diff: 0.2, Sum: 2.1]
      [Update RS (ms): Min: 1.7, Avg: 1.7, Max: 1.8, Diff: 0.1, Sum: 3.4]
         [Processed Buffers: Min: 4, Avg: 16.5, Max: 29, Diff: 25, Sum: 33]
      [Scan RS (ms): Min: 1.0, Avg: 1.0, Max: 1.0, Diff: 0.0, Sum: 2.0]
      [Code Root Scanning (ms): Min: 0.0, Avg: 0.0, Max: 0.0, Diff: 0.0, Sum: 0.0]
      [Object Copy (ms): Min: 7.1, Avg: 7.2, Max: 7.2, Diff: 0.1, Sum: 14.3]
      [Termination (ms): Min: 0.0, Avg: 0.0, Max: 0.0, Diff: 0.0, Sum: 0.0]
         [Termination Attempts: Min: 1, Avg: 1.0, Max: 1, Diff: 0, Sum: 2]
      [GC Worker Other (ms): Min: 0.0, Avg: 0.0, Max: 0.0, Diff: 0.0, Sum: 0.0]
      [GC Worker Total (ms): Min: 10.9, Avg: 11.0, Max: 11.0, Diff: 0.0, Sum: 21.9]
      [GC Worker End (ms): Min: 100143552.9, Avg: 100143552.9, Max: 100143552.9, Diff: 0.0]
   [Code Root Fixup: 0.0 ms]
   [Code Root Purge: 0.0 ms]
   [Clear CT: 0.0 ms]
   [Other: 7.3 ms]
      [Choose CSet: 0.0 ms]
      [Ref Proc: 6.8 ms]
      [Ref Enq: 0.0 ms]
      [Redirty Cards: 0.1 ms]
      [Humongous Register: 0.1 ms]
      [Humongous Reclaim: 0.0 ms]
      [Free CSet: 0.0 ms]
   [Eden: 47.0M(47.0M)->0.0B(46.0M) Survivors: 4096.0K->5120.0K Heap: 263.3M(1024.0M)->217.8M(1024.0M)]
 [Times: user=0.02 sys=0.00, real=0.02 secs] 
2017-09-25T15:31:58.051+0900: 100240.857: [GC pause (G1 Evacuation Pause) (young), 0.0236363 secs]
   [Parallel Time: 22.6 ms, GC Workers: 2]
      [GC Worker Start (ms): Min: 100240857.4, Avg: 100240857.5, Max: 100240857.5, Diff: 0.0]
      [Ext Root Scanning (ms): Min: 0.6, Avg: 0.6, Max: 0.7, Diff: 0.1, Sum: 1.2]
      [Update RS (ms): Min: 1.1, Avg: 1.1, Max: 1.1, Diff: 0.0, Sum: 2.2]
         [Processed Buffers: Min: 11, Avg: 18.0, Max: 25, Diff: 14, Sum: 36]
      [Scan RS (ms): Min: 0.7, Avg: 0.7, Max: 0.8, Diff: 0.1, Sum: 1.4]
      [Code Root Scanning (ms): Min: 0.0, Avg: 0.0, Max: 0.0, Diff: 0.0, Sum: 0.0]
      [Object Copy (ms): Min: 11.6, Avg: 15.9, Max: 20.2, Diff: 8.6, Sum: 31.8]
      [Termination (ms): Min: 0.0, Avg: 4.2, Max: 8.5, Diff: 8.5, Sum: 8.5]
         [Termination Attempts: Min: 1, Avg: 1.0, Max: 1, Diff: 0, Sum: 2]
      [GC Worker Other (ms): Min: 0.0, Avg: 0.0, Max: 0.0, Diff: 0.0, Sum: 0.0]
      [GC Worker Total (ms): Min: 22.6, Avg: 22.6, Max: 22.6, Diff: 0.0, Sum: 45.2]
      [GC Worker End (ms): Min: 100240880.0, Avg: 100240880.0, Max: 100240880.0, Diff: 0.0]
   [Code Root Fixup: 0.1 ms]
   [Code Root Purge: 0.0 ms]
   [Clear CT: 0.1 ms]
   [Other: 0.9 ms]
      [Choose CSet: 0.0 ms]
      [Ref Proc: 0.2 ms]
      [Ref Enq: 0.0 ms]
      [Redirty Cards: 0.1 ms]
      [Humongous Register: 0.0 ms]
      [Humongous Reclaim: 0.0 ms]
      [Free CSet: 0.0 ms]
   [Eden: 46.0M(46.0M)->0.0B(48.0M) Survivors: 5120.0K->3072.0K Heap: 263.8M(1024.0M)->216.0M(1024.0M)]
 [Times: user=0.01 sys=0.00, real=0.03 secs] 
2017-09-25T15:33:40.619+0900: 100343.425: [GC pause (G1 Evacuation Pause) (young), 0.0381953 secs]
   [Parallel Time: 27.3 ms, GC Workers: 2]
      [GC Worker Start (ms): Min: 100343425.3, Avg: 100343425.3, Max: 100343425.4, Diff: 0.1]
      [Ext Root Scanning (ms): Min: 1.8, Avg: 1.8, Max: 1.9, Diff: 0.1, Sum: 3.6]
      [Update RS (ms): Min: 3.9, Avg: 4.0, Max: 4.0, Diff: 0.1, Sum: 7.9]
         [Processed Buffers: Min: 18, Avg: 19.5, Max: 21, Diff: 3, Sum: 39]
      [Scan RS (ms): Min: 3.3, Avg: 3.5, Max: 3.7, Diff: 0.4, Sum: 7.0]
      [Code Root Scanning (ms): Min: 0.0, Avg: 0.0, Max: 0.0, Diff: 0.0, Sum: 0.0]
      [Object Copy (ms): Min: 17.5, Avg: 17.7, Max: 17.8, Diff: 0.2, Sum: 35.3]
      [Termination (ms): Min: 0.0, Avg: 0.0, Max: 0.0, Diff: 0.0, Sum: 0.0]
         [Termination Attempts: Min: 2, Avg: 3.0, Max: 4, Diff: 2, Sum: 6]
      [GC Worker Other (ms): Min: 0.0, Avg: 0.0, Max: 0.0, Diff: 0.0, Sum: 0.0]
      [GC Worker Total (ms): Min: 27.0, Avg: 27.0, Max: 27.0, Diff: 0.1, Sum: 54.0]
      [GC Worker End (ms): Min: 100343452.3, Avg: 100343452.3, Max: 100343452.3, Diff: 0.0]
   [Code Root Fixup: 0.1 ms]
   [Code Root Purge: 0.0 ms]
   [Clear CT: 0.1 ms]
   [Other: 10.6 ms]
      [Choose CSet: 0.0 ms]
      [Ref Proc: 9.7 ms]
      [Ref Enq: 0.0 ms]
      [Redirty Cards: 0.3 ms]
      [Humongous Register: 0.1 ms]
      [Humongous Reclaim: 0.0 ms]
      [Free CSet: 0.1 ms]
   [Eden: 48.0M(48.0M)->0.0B(46.0M) Survivors: 3072.0K->5120.0K Heap: 264.0M(1024.0M)->218.5M(1024.0M)]
 [Times: user=0.05 sys=0.00, real=0.04 secs] 
2017-09-25T15:35:18.146+0900: 100440.952: [GC pause (G1 Evacuation Pause) (young), 0.0341040 secs]
   [Parallel Time: 29.1 ms, GC Workers: 2]
      [GC Worker Start (ms): Min: 100440952.4, Avg: 100440952.4, Max: 100440952.5, Diff: 0.0]
      [Ext Root Scanning (ms): Min: 0.5, Avg: 0.5, Max: 0.5, Diff: 0.0, Sum: 1.0]
      [Update RS (ms): Min: 0.7, Avg: 0.8, Max: 0.9, Diff: 0.1, Sum: 1.6]
         [Processed Buffers: Min: 9, Avg: 17.0, Max: 25, Diff: 16, Sum: 34]
      [Scan RS (ms): Min: 0.6, Avg: 0.6, Max: 0.7, Diff: 0.1, Sum: 1.3]
      [Code Root Scanning (ms): Min: 0.0, Avg: 0.0, Max: 0.0, Diff: 0.0, Sum: 0.0]
      [Object Copy (ms): Min: 18.4, Avg: 22.7, Max: 27.0, Diff: 8.7, Sum: 45.4]
      [Termination (ms): Min: 0.0, Avg: 4.4, Max: 8.7, Diff: 8.7, Sum: 8.7]
         [Termination Attempts: Min: 1, Avg: 1.0, Max: 1, Diff: 0, Sum: 2]
      [GC Worker Other (ms): Min: 0.0, Avg: 0.0, Max: 0.0, Diff: 0.0, Sum: 0.0]
      [GC Worker Total (ms): Min: 29.0, Avg: 29.0, Max: 29.0, Diff: 0.0, Sum: 58.1]
      [GC Worker End (ms): Min: 100440981.5, Avg: 100440981.5, Max: 100440981.5, Diff: 0.0]
   [Code Root Fixup: 0.0 ms]
   [Code Root Purge: 0.0 ms]
   [Clear CT: 0.0 ms]
   [Other: 5.0 ms]
      [Choose CSet: 0.0 ms]
      [Ref Proc: 4.3 ms]
      [Ref Enq: 0.0 ms]
      [Redirty Cards: 0.0 ms]
      [Humongous Register: 0.0 ms]
      [Humongous Reclaim: 0.0 ms]
      [Free CSet: 0.0 ms]
   [Eden: 46.0M(46.0M)->0.0B(44.0M) Survivors: 5120.0K->7168.0K Heap: 264.5M(1024.0M)->220.6M(1024.0M)]
 [Times: user=0.02 sys=0.00, real=0.03 secs] 
2017-09-25T15:36:51.535+0900: 100534.341: [GC pause (G1 Evacuation Pause) (young), 0.0653638 secs]
   [Parallel Time: 62.9 ms, GC Workers: 2]
      [GC Worker Start (ms): Min: 100534341.3, Avg: 100534342.9, Max: 100534344.4, Diff: 3.2]
      [Ext Root Scanning (ms): Min: 0.0, Avg: 0.8, Max: 1.6, Diff: 1.6, Sum: 1.6]
      [Update RS (ms): Min: 1.0, Avg: 1.9, Max: 2.8, Diff: 1.9, Sum: 3.8]
         [Processed Buffers: Min: 14, Avg: 18.0, Max: 22, Diff: 8, Sum: 36]
      [Scan RS (ms): Min: 0.9, Avg: 1.1, Max: 1.3, Diff: 0.3, Sum: 2.2]
      [Code Root Scanning (ms): Min: 0.0, Avg: 0.0, Max: 0.0, Diff: 0.0, Sum: 0.0]
      [Object Copy (ms): Min: 41.9, Avg: 49.6, Max: 57.3, Diff: 15.4, Sum: 99.2]
      [Termination (ms): Min: 0.0, Avg: 7.7, Max: 15.5, Diff: 15.5, Sum: 15.5]
         [Termination Attempts: Min: 1, Avg: 1.0, Max: 1, Diff: 0, Sum: 2]
      [GC Worker Other (ms): Min: 0.0, Avg: 0.0, Max: 0.0, Diff: 0.0, Sum: 0.0]
      [GC Worker Total (ms): Min: 59.6, Avg: 61.2, Max: 62.7, Diff: 3.1, Sum: 122.3]
      [GC Worker End (ms): Min: 100534404.0, Avg: 100534404.0, Max: 100534404.1, Diff: 0.1]
   [Code Root Fixup: 0.0 ms]
   [Code Root Purge: 0.0 ms]
   [Clear CT: 0.1 ms]
   [Other: 2.4 ms]
      [Choose CSet: 0.0 ms]
      [Ref Proc: 1.0 ms]
      [Ref Enq: 0.0 ms]
      [Redirty Cards: 0.0 ms]
      [Humongous Register: 0.2 ms]
      [Humongous Reclaim: 0.0 ms]
      [Free CSet: 0.1 ms]
   [Eden: 44.0M(44.0M)->0.0B(48.0M) Survivors: 7168.0K->3072.0K Heap: 264.6M(1024.0M)->218.9M(1024.0M)]
 [Times: user=0.03 sys=0.00, real=0.06 secs] 
2017-09-25T15:38:33.324+0900: 100636.130: [GC pause (G1 Evacuation Pause) (young), 0.0117519 secs]
   [Parallel Time: 11.1 ms, GC Workers: 2]
      [GC Worker Start (ms): Min: 100636130.2, Avg: 100636130.3, Max: 100636130.4, Diff: 0.2]
      [Ext Root Scanning (ms): Min: 2.3, Avg: 3.4, Max: 4.5, Diff: 2.2, Sum: 6.8]
      [Update RS (ms): Min: 0.4, Avg: 1.5, Max: 2.6, Diff: 2.3, Sum: 3.0]
         [Processed Buffers: Min: 11, Avg: 18.0, Max: 25, Diff: 14, Sum: 36]
      [Scan RS (ms): Min: 1.0, Avg: 1.0, Max: 1.0, Diff: 0.0, Sum: 2.1]
      [Code Root Scanning (ms): Min: 0.0, Avg: 0.0, Max: 0.0, Diff: 0.0, Sum: 0.0]
      [Object Copy (ms): Min: 4.9, Avg: 5.0, Max: 5.0, Diff: 0.1, Sum: 10.0]
      [Termination (ms): Min: 0.0, Avg: 0.0, Max: 0.0, Diff: 0.0, Sum: 0.0]
         [Termination Attempts: Min: 1, Avg: 1.5, Max: 2, Diff: 1, Sum: 3]
      [GC Worker Other (ms): Min: 0.0, Avg: 0.0, Max: 0.1, Diff: 0.0, Sum: 0.1]
      [GC Worker Total (ms): Min: 10.9, Avg: 11.0, Max: 11.1, Diff: 0.2, Sum: 22.0]
      [GC Worker End (ms): Min: 100636141.2, Avg: 100636141.2, Max: 100636141.2, Diff: 0.0]
   [Code Root Fixup: 0.0 ms]
   [Code Root Purge: 0.0 ms]
   [Clear CT: 0.1 ms]
   [Other: 0.5 ms]
      [Choose CSet: 0.0 ms]
      [Ref Proc: 0.1 ms]
      [Ref Enq: 0.0 ms]
      [Redirty Cards: 0.1 ms]
      [Humongous Register: 0.1 ms]
      [Humongous Reclaim: 0.0 ms]
      [Free CSet: 0.0 ms]
   [Eden: 48.0M(48.0M)->0.0B(46.0M) Survivors: 3072.0K->5120.0K Heap: 266.9M(1024.0M)->220.4M(1024.0M)]
 [Times: user=0.02 sys=0.00, real=0.01 secs] 
2017-09-25T15:40:10.941+0900: 100733.747: [GC pause (G1 Evacuation Pause) (young), 0.0515718 secs]
   [Parallel Time: 49.2 ms, GC Workers: 2]
      [GC Worker Start (ms): Min: 100733747.3, Avg: 100733747.4, Max: 100733747.4, Diff: 0.0]
      [Ext Root Scanning (ms): Min: 1.8, Avg: 1.9, Max: 2.1, Diff: 0.3, Sum: 3.9]
      [Update RS (ms): Min: 4.7, Avg: 4.8, Max: 4.8, Diff: 0.1, Sum: 9.5]
         [Processed Buffers: Min: 13, Avg: 20.0, Max: 27, Diff: 14, Sum: 40]
      [Scan RS (ms): Min: 2.9, Avg: 2.9, Max: 3.0, Diff: 0.1, Sum: 5.9]
      [Code Root Scanning (ms): Min: 0.0, Avg: 0.0, Max: 0.0, Diff: 0.0, Sum: 0.0]
      [Object Copy (ms): Min: 38.6, Avg: 38.9, Max: 39.2, Diff: 0.6, Sum: 77.8]
      [Termination (ms): Min: 0.0, Avg: 0.4, Max: 0.9, Diff: 0.9, Sum: 0.9]
         [Termination Attempts: Min: 1, Avg: 1.0, Max: 1, Diff: 0, Sum: 2]
      [GC Worker Other (ms): Min: 0.0, Avg: 0.0, Max: 0.0, Diff: 0.0, Sum: 0.1]
      [GC Worker Total (ms): Min: 49.0, Avg: 49.0, Max: 49.0, Diff: 0.0, Sum: 98.0]
      [GC Worker End (ms): Min: 100733796.3, Avg: 100733796.4, Max: 100733796.4, Diff: 0.1]
   [Code Root Fixup: 0.1 ms]
   [Code Root Purge: 0.0 ms]
   [Clear CT: 0.1 ms]
   [Other: 2.2 ms]
      [Choose CSet: 0.0 ms]
      [Ref Proc: 0.5 ms]
      [Ref Enq: 0.0 ms]
      [Redirty Cards: 0.4 ms]
      [Humongous Register: 0.1 ms]
      [Humongous Reclaim: 0.0 ms]
      [Free CSet: 0.1 ms]
   [Eden: 46.0M(46.0M)->0.0B(48.0M) Survivors: 5120.0K->3072.0K Heap: 266.4M(1024.0M)->219.1M(1024.0M)]
 [Times: user=0.05 sys=0.00, real=0.05 secs] 
2017-09-25T15:41:49.737+0900: 100832.543: [GC pause (G1 Evacuation Pause) (young), 0.0233067 secs]
   [Parallel Time: 18.1 ms, GC Workers: 2]
      [GC Worker Start (ms): Min: 100832543.5, Avg: 100832543.5, Max: 100832543.6, Diff: 0.0]
      [Ext Root Scanning (ms): Min: 0.8, Avg: 0.9, Max: 0.9, Diff: 0.1, Sum: 1.7]
      [Update RS (ms): Min: 1.8, Avg: 1.9, Max: 2.1, Diff: 0.3, Sum: 3.8]
         [Processed Buffers: Min: 17, Avg: 19.0, Max: 21, Diff: 4, Sum: 38]
      [Scan RS (ms): Min: 1.6, Avg: 1.7, Max: 1.8, Diff: 0.2, Sum: 3.4]
      [Code Root Scanning (ms): Min: 0.0, Avg: 0.0, Max: 0.0, Diff: 0.0, Sum: 0.0]
      [Object Copy (ms): Min: 13.5, Avg: 13.6, Max: 13.6, Diff: 0.1, Sum: 27.1]
      [Termination (ms): Min: 0.0, Avg: 0.0, Max: 0.0, Diff: 0.0, Sum: 0.0]
         [Termination Attempts: Min: 2, Avg: 2.5, Max: 3, Diff: 1, Sum: 5]
      [GC Worker Other (ms): Min: 0.0, Avg: 0.0, Max: 0.0, Diff: 0.0, Sum: 0.0]
      [GC Worker Total (ms): Min: 18.1, Avg: 18.1, Max: 18.1, Diff: 0.0, Sum: 36.2]
      [GC Worker End (ms): Min: 100832561.6, Avg: 100832561.6, Max: 100832561.6, Diff: 0.0]
   [Code Root Fixup: 0.1 ms]
   [Code Root Purge: 0.0 ms]
   [Clear CT: 0.0 ms]
   [Other: 5.1 ms]
      [Choose CSet: 0.0 ms]
      [Ref Proc: 4.7 ms]
      [Ref Enq: 0.0 ms]
      [Redirty Cards: 0.0 ms]
      [Humongous Register: 0.0 ms]
      [Humongous Reclaim: 0.0 ms]
      [Free CSet: 0.0 ms]
   [Eden: 48.0M(48.0M)->0.0B(45.0M) Survivors: 3072.0K->6144.0K Heap: 267.1M(1024.0M)->222.1M(1024.0M)]
 [Times: user=0.03 sys=0.00, real=0.02 secs] 
2017-09-25T15:43:25.521+0900: 100928.327: [GC pause (G1 Evacuation Pause) (young), 0.0406730 secs]
   [Parallel Time: 39.8 ms, GC Workers: 2]
      [GC Worker Start (ms): Min: 100928327.5, Avg: 100928328.9, Max: 100928330.3, Diff: 2.8]
      [Ext Root Scanning (ms): Min: 0.0, Avg: 1.1, Max: 2.1, Diff: 2.1, Sum: 2.1]
      [Update RS (ms): Min: 1.7, Avg: 2.6, Max: 3.5, Diff: 1.7, Sum: 5.2]
         [Processed Buffers: Min: 1, Avg: 18.0, Max: 35, Diff: 34, Sum: 36]
      [Scan RS (ms): Min: 0.1, Avg: 1.0, Max: 1.9, Diff: 1.8, Sum: 2.0]
      [Code Root Scanning (ms): Min: 0.0, Avg: 0.0, Max: 0.0, Diff: 0.0, Sum: 0.0]
      [Object Copy (ms): Min: 33.1, Avg: 33.4, Max: 33.7, Diff: 0.6, Sum: 66.8]
      [Termination (ms): Min: 0.0, Avg: 0.2, Max: 0.4, Diff: 0.4, Sum: 0.4]
         [Termination Attempts: Min: 1, Avg: 1.0, Max: 1, Diff: 0, Sum: 2]
      [GC Worker Other (ms): Min: 0.0, Avg: 0.0, Max: 0.0, Diff: 0.0, Sum: 0.0]
      [GC Worker Total (ms): Min: 36.7, Avg: 38.2, Max: 39.8, Diff: 3.1, Sum: 76.5]
      [GC Worker End (ms): Min: 100928367.0, Avg: 100928367.2, Max: 100928367.3, Diff: 0.2]
   [Code Root Fixup: 0.0 ms]
   [Code Root Purge: 0.0 ms]
   [Clear CT: 0.1 ms]
   [Other: 0.8 ms]
      [Choose CSet: 0.0 ms]
      [Ref Proc: 0.1 ms]
      [Ref Enq: 0.0 ms]
      [Redirty Cards: 0.1 ms]
      [Humongous Register: 0.1 ms]
      [Humongous Reclaim: 0.0 ms]
      [Free CSet: 0.0 ms]
   [Eden: 45.0M(45.0M)->0.0B(45.0M) Survivors: 6144.0K->6144.0K Heap: 267.1M(1024.0M)->223.9M(1024.0M)]
 [Times: user=0.03 sys=0.00, real=0.05 secs] 
2017-09-25T15:45:00.833+0900: 101023.639: [GC pause (G1 Evacuation Pause) (young), 0.0265116 secs]
   [Parallel Time: 25.2 ms, GC Workers: 2]
      [GC Worker Start (ms): Min: 101023639.1, Avg: 101023639.1, Max: 101023639.1, Diff: 0.0]
      [Ext Root Scanning (ms): Min: 0.5, Avg: 0.5, Max: 0.6, Diff: 0.0, Sum: 1.1]
      [Update RS (ms): Min: 1.1, Avg: 1.2, Max: 1.2, Diff: 0.0, Sum: 2.3]
         [Processed Buffers: Min: 3, Avg: 18.0, Max: 33, Diff: 30, Sum: 36]
      [Scan RS (ms): Min: 0.7, Avg: 0.7, Max: 0.7, Diff: 0.0, Sum: 1.4]
      [Code Root Scanning (ms): Min: 0.0, Avg: 0.0, Max: 0.0, Diff: 0.0, Sum: 0.0]
      [Object Copy (ms): Min: 14.2, Avg: 18.4, Max: 22.6, Diff: 8.5, Sum: 36.8]
      [Termination (ms): Min: 0.0, Avg: 4.3, Max: 8.5, Diff: 8.5, Sum: 8.5]
         [Termination Attempts: Min: 1, Avg: 1.0, Max: 1, Diff: 0, Sum: 2]
      [GC Worker Other (ms): Min: 0.0, Avg: 0.0, Max: 0.0, Diff: 0.0, Sum: 0.0]
      [GC Worker Total (ms): Min: 25.0, Avg: 25.1, Max: 25.1, Diff: 0.1, Sum: 50.1]
      [GC Worker End (ms): Min: 101023664.1, Avg: 101023664.1, Max: 101023664.2, Diff: 0.1]
   [Code Root Fixup: 0.0 ms]
   [Code Root Purge: 0.0 ms]
   [Clear CT: 0.1 ms]
   [Other: 1.1 ms]
      [Choose CSet: 0.0 ms]
      [Ref Proc: 0.2 ms]
      [Ref Enq: 0.0 ms]
      [Redirty Cards: 0.2 ms]
      [Humongous Register: 0.0 ms]
      [Humongous Reclaim: 0.0 ms]
      [Free CSet: 0.0 ms]
   [Eden: 45.0M(45.0M)->0.0B(48.0M) Survivors: 6144.0K->3072.0K Heap: 268.9M(1024.0M)->223.0M(1024.0M)]
 [Times: user=0.02 sys=0.00, real=0.03 secs] 
2017-09-25T15:46:42.852+0900: 101125.658: [GC pause (G1 Evacuation Pause) (young), 0.0208291 secs]
   [Parallel Time: 19.5 ms, GC Workers: 2]
      [GC Worker Start (ms): Min: 101125658.7, Avg: 101125658.7, Max: 101125658.7, Diff: 0.0]
      [Ext Root Scanning (ms): Min: 1.3, Avg: 1.3, Max: 1.4, Diff: 0.1, Sum: 2.6]
      [Update RS (ms): Min: 3.4, Avg: 3.5, Max: 3.5, Diff: 0.1, Sum: 6.9]
         [Processed Buffers: Min: 8, Avg: 18.5, Max: 29, Diff: 21, Sum: 37]
      [Scan RS (ms): Min: 0.8, Avg: 0.8, Max: 0.8, Diff: 0.0, Sum: 1.7]
      [Code Root Scanning (ms): Min: 0.0, Avg: 0.0, Max: 0.0, Diff: 0.0, Sum: 0.0]
      [Object Copy (ms): Min: 13.8, Avg: 13.8, Max: 13.8, Diff: 0.0, Sum: 27.6]
      [Termination (ms): Min: 0.0, Avg: 0.0, Max: 0.0, Diff: 0.0, Sum: 0.0]
         [Termination Attempts: Min: 1, Avg: 1.0, Max: 1, Diff: 0, Sum: 2]
      [GC Worker Other (ms): Min: 0.0, Avg: 0.0, Max: 0.0, Diff: 0.0, Sum: 0.0]
      [GC Worker Total (ms): Min: 19.4, Avg: 19.4, Max: 19.5, Diff: 0.0, Sum: 38.9]
      [GC Worker End (ms): Min: 101125678.2, Avg: 101125678.2, Max: 101125678.2, Diff: 0.0]
   [Code Root Fixup: 0.1 ms]
   [Code Root Purge: 0.0 ms]
   [Clear CT: 0.2 ms]
   [Other: 1.0 ms]
      [Choose CSet: 0.0 ms]
      [Ref Proc: 0.3 ms]
      [Ref Enq: 0.0 ms]
      [Redirty Cards: 0.2 ms]
      [Humongous Register: 0.0 ms]
      [Humongous Reclaim: 0.0 ms]
      [Free CSet: 0.1 ms]
   [Eden: 48.0M(48.0M)->0.0B(46.0M) Survivors: 3072.0K->5120.0K Heap: 271.0M(1024.0M)->224.5M(1024.0M)]
 [Times: user=0.04 sys=0.00, real=0.02 secs] 
2017-09-25T15:48:20.411+0900: 101223.217: [GC pause (G1 Evacuation Pause) (young), 0.0303186 secs]
   [Parallel Time: 29.1 ms, GC Workers: 2]
      [GC Worker Start (ms): Min: 101223216.9, Avg: 101223216.9, Max: 101223217.0, Diff: 0.0]
      [Ext Root Scanning (ms): Min: 0.5, Avg: 0.5, Max: 0.6, Diff: 0.0, Sum: 1.1]
      [Update RS (ms): Min: 0.7, Avg: 0.8, Max: 0.9, Diff: 0.1, Sum: 1.6]
         [Processed Buffers: Min: 12, Avg: 18.0, Max: 24, Diff: 12, Sum: 36]
      [Scan RS (ms): Min: 0.2, Avg: 0.2, Max: 0.3, Diff: 0.1, Sum: 0.5]
      [Code Root Scanning (ms): Min: 0.0, Avg: 0.0, Max: 0.0, Diff: 0.0, Sum: 0.0]
      [Object Copy (ms): Min: 18.9, Avg: 23.0, Max: 27.2, Diff: 8.3, Sum: 46.1]
      [Termination (ms): Min: 0.0, Avg: 4.2, Max: 8.4, Diff: 8.4, Sum: 8.4]
         [Termination Attempts: Min: 1, Avg: 1.0, Max: 1, Diff: 0, Sum: 2]
      [GC Worker Other (ms): Min: 0.0, Avg: 0.1, Max: 0.2, Diff: 0.1, Sum: 0.2]
      [GC Worker Total (ms): Min: 28.8, Avg: 28.9, Max: 29.0, Diff: 0.2, Sum: 57.8]
      [GC Worker End (ms): Min: 101223245.7, Avg: 101223245.8, Max: 101223245.9, Diff: 0.2]
   [Code Root Fixup: 0.0 ms]
   [Code Root Purge: 0.0 ms]
   [Clear CT: 0.1 ms]
   [Other: 1.0 ms]
      [Choose CSet: 0.0 ms]
      [Ref Proc: 0.2 ms]
      [Ref Enq: 0.0 ms]
      [Redirty Cards: 0.3 ms]
      [Humongous Register: 0.0 ms]
      [Humongous Reclaim: 0.0 ms]
      [Free CSet: 0.0 ms]
   [Eden: 46.0M(46.0M)->0.0B(48.0M) Survivors: 5120.0K->3072.0K Heap: 270.5M(1024.0M)->223.3M(1024.0M)]
 [Times: user=0.01 sys=0.00, real=0.04 secs] 
2017-09-25T15:50:02.460+0900: 101325.266: [GC pause (G1 Evacuation Pause) (young), 0.0181875 secs]
   [Parallel Time: 16.4 ms, GC Workers: 2]
      [GC Worker Start (ms): Min: 101325266.6, Avg: 101325266.6, Max: 101325266.6, Diff: 0.0]
      [Ext Root Scanning (ms): Min: 1.0, Avg: 1.0, Max: 1.0, Diff: 0.1, Sum: 2.0]
      [Update RS (ms): Min: 2.1, Avg: 2.5, Max: 2.8, Diff: 0.6, Sum: 4.9]
         [Processed Buffers: Min: 7, Avg: 18.0, Max: 29, Diff: 22, Sum: 36]
      [Scan RS (ms): Min: 0.7, Avg: 1.0, Max: 1.3, Diff: 0.6, Sum: 2.0]
      [Code Root Scanning (ms): Min: 0.0, Avg: 0.0, Max: 0.0, Diff: 0.0, Sum: 0.0]
      [Object Copy (ms): Min: 11.8, Avg: 11.8, Max: 11.8, Diff: 0.1, Sum: 23.6]
      [Termination (ms): Min: 0.0, Avg: 0.0, Max: 0.0, Diff: 0.0, Sum: 0.0]
         [Termination Attempts: Min: 1, Avg: 1.0, Max: 1, Diff: 0, Sum: 2]
      [GC Worker Other (ms): Min: 0.0, Avg: 0.0, Max: 0.0, Diff: 0.0, Sum: 0.0]
      [GC Worker Total (ms): Min: 16.2, Avg: 16.3, Max: 16.3, Diff: 0.0, Sum: 32.5]
      [GC Worker End (ms): Min: 101325282.9, Avg: 101325282.9, Max: 101325282.9, Diff: 0.0]
   [Code Root Fixup: 0.0 ms]
   [Code Root Purge: 0.0 ms]
   [Clear CT: 0.3 ms]
   [Other: 1.4 ms]
      [Choose CSet: 0.0 ms]
      [Ref Proc: 1.0 ms]
      [Ref Enq: 0.0 ms]
      [Redirty Cards: 0.1 ms]
      [Humongous Register: 0.1 ms]
      [Humongous Reclaim: 0.0 ms]
      [Free CSet: 0.0 ms]
   [Eden: 48.0M(48.0M)->0.0B(47.0M) Survivors: 3072.0K->4096.0K Heap: 271.3M(1024.0M)->224.8M(1024.0M)]
 [Times: user=0.02 sys=0.00, real=0.02 secs] 
2017-09-25T15:51:42.264+0900: 101425.071: [GC pause (G1 Evacuation Pause) (young), 0.1449219 secs]
   [Parallel Time: 124.4 ms, GC Workers: 2]
      [GC Worker Start (ms): Min: 101425075.2, Avg: 101425075.2, Max: 101425075.3, Diff: 0.0]
      [Ext Root Scanning (ms): Min: 115.6, Avg: 115.6, Max: 115.6, Diff: 0.0, Sum: 231.2]
      [Update RS (ms): Min: 1.7, Avg: 1.8, Max: 1.8, Diff: 0.1, Sum: 3.6]
         [Processed Buffers: Min: 10, Avg: 18.5, Max: 27, Diff: 17, Sum: 37]
      [Scan RS (ms): Min: 0.5, Avg: 0.6, Max: 0.7, Diff: 0.2, Sum: 1.2]
      [Code Root Scanning (ms): Min: 0.0, Avg: 0.0, Max: 0.0, Diff: 0.0, Sum: 0.0]
      [Object Copy (ms): Min: 6.1, Avg: 6.1, Max: 6.1, Diff: 0.0, Sum: 12.1]
      [Termination (ms): Min: 0.0, Avg: 0.0, Max: 0.0, Diff: 0.0, Sum: 0.0]
         [Termination Attempts: Min: 1, Avg: 1.0, Max: 1, Diff: 0, Sum: 2]
      [GC Worker Other (ms): Min: 0.2, Avg: 0.2, Max: 0.2, Diff: 0.0, Sum: 0.5]
      [GC Worker Total (ms): Min: 124.3, Avg: 124.3, Max: 124.3, Diff: 0.0, Sum: 248.6]
      [GC Worker End (ms): Min: 101425199.5, Avg: 101425199.5, Max: 101425199.5, Diff: 0.0]
   [Code Root Fixup: 0.0 ms]
   [Code Root Purge: 0.0 ms]
   [Clear CT: 0.1 ms]
   [Other: 20.5 ms]
      [Choose CSet: 0.0 ms]
      [Ref Proc: 13.5 ms]
      [Ref Enq: 0.0 ms]
      [Redirty Cards: 0.1 ms]
      [Humongous Register: 0.5 ms]
      [Humongous Reclaim: 0.0 ms]
      [Free CSet: 0.5 ms]
   [Eden: 47.0M(47.0M)->0.0B(44.0M) Survivors: 4096.0K->7168.0K Heap: 271.8M(1024.0M)->227.3M(1024.0M)]
 [Times: user=0.02 sys=0.00, real=0.20 secs] 
2017-09-25T15:53:15.848+0900: 101518.654: [GC pause (G1 Evacuation Pause) (young), 0.0697712 secs]
   [Parallel Time: 66.9 ms, GC Workers: 2]
      [GC Worker Start (ms): Min: 101518664.5, Avg: 101518664.6, Max: 101518664.6, Diff: 0.0]
      [Ext Root Scanning (ms): Min: 8.0, Avg: 8.1, Max: 8.1, Diff: 0.1, Sum: 16.1]
      [Update RS (ms): Min: 4.8, Avg: 4.9, Max: 4.9, Diff: 0.1, Sum: 9.8]
         [Processed Buffers: Min: 7, Avg: 17.5, Max: 28, Diff: 21, Sum: 35]
      [Scan RS (ms): Min: 0.7, Avg: 0.7, Max: 0.8, Diff: 0.1, Sum: 1.4]
      [Code Root Scanning (ms): Min: 0.0, Avg: 0.0, Max: 0.0, Diff: 0.0, Sum: 0.0]
      [Object Copy (ms): Min: 35.1, Avg: 39.5, Max: 43.9, Diff: 8.8, Sum: 79.0]
      [Termination (ms): Min: 0.0, Avg: 4.3, Max: 8.7, Diff: 8.7, Sum: 8.7]
         [Termination Attempts: Min: 1, Avg: 1.0, Max: 1, Diff: 0, Sum: 2]
      [GC Worker Other (ms): Min: 0.3, Avg: 0.3, Max: 0.4, Diff: 0.0, Sum: 0.7]
      [GC Worker Total (ms): Min: 57.8, Avg: 57.8, Max: 57.9, Diff: 0.1, Sum: 115.7]
      [GC Worker End (ms): Min: 101518722.4, Avg: 101518722.4, Max: 101518722.4, Diff: 0.0]
   [Code Root Fixup: 0.0 ms]
   [Code Root Purge: 0.0 ms]
   [Clear CT: 0.0 ms]
   [Other: 2.8 ms]
      [Choose CSet: 0.0 ms]
      [Ref Proc: 0.6 ms]
      [Ref Enq: 0.0 ms]
      [Redirty Cards: 0.0 ms]
      [Humongous Register: 1.4 ms]
      [Humongous Reclaim: 0.0 ms]
      [Free CSet: 0.4 ms]
   [Eden: 44.0M(44.0M)->0.0B(48.0M) Survivors: 7168.0K->3072.0K Heap: 271.3M(1024.0M)->225.1M(1024.0M)]
 [Times: user=0.02 sys=0.01, real=0.07 secs] 
2017-09-25T15:54:57.416+0900: 101620.222: [GC pause (G1 Evacuation Pause) (young), 0.0179763 secs]
   [Parallel Time: 17.1 ms, GC Workers: 2]
      [GC Worker Start (ms): Min: 101620222.1, Avg: 101620222.2, Max: 101620222.2, Diff: 0.0]
      [Ext Root Scanning (ms): Min: 0.9, Avg: 0.9, Max: 0.9, Diff: 0.0, Sum: 1.8]
      [Update RS (ms): Min: 2.4, Avg: 2.4, Max: 2.4, Diff: 0.0, Sum: 4.7]
         [Processed Buffers: Min: 7, Avg: 17.5, Max: 28, Diff: 21, Sum: 35]
      [Scan RS (ms): Min: 1.5, Avg: 1.6, Max: 1.7, Diff: 0.2, Sum: 3.3]
      [Code Root Scanning (ms): Min: 0.0, Avg: 0.0, Max: 0.0, Diff: 0.0, Sum: 0.0]
      [Object Copy (ms): Min: 5.7, Avg: 8.8, Max: 11.9, Diff: 6.1, Sum: 17.6]
      [Termination (ms): Min: 0.0, Avg: 3.2, Max: 6.3, Diff: 6.3, Sum: 6.3]
         [Termination Attempts: Min: 1, Avg: 1.0, Max: 1, Diff: 0, Sum: 2]
      [GC Worker Other (ms): Min: 0.0, Avg: 0.0, Max: 0.0, Diff: 0.0, Sum: 0.1]
      [GC Worker Total (ms): Min: 16.9, Avg: 16.9, Max: 17.0, Diff: 0.1, Sum: 33.8]
      [GC Worker End (ms): Min: 101620239.1, Avg: 101620239.1, Max: 101620239.1, Diff: 0.0]
   [Code Root Fixup: 0.1 ms]
   [Code Root Purge: 0.0 ms]
   [Clear CT: 0.1 ms]
   [Other: 0.8 ms]
      [Choose CSet: 0.0 ms]
      [Ref Proc: 0.3 ms]
      [Ref Enq: 0.0 ms]
      [Redirty Cards: 0.2 ms]
      [Humongous Register: 0.0 ms]
      [Humongous Reclaim: 0.0 ms]
      [Free CSet: 0.0 ms]
   [Eden: 48.0M(48.0M)->0.0B(46.0M) Survivors: 3072.0K->5120.0K Heap: 273.1M(1024.0M)->227.1M(1024.0M)]
 [Times: user=0.02 sys=0.00, real=0.01 secs] 
2017-09-25T15:56:35.322+0900: 101718.128: [GC pause (G1 Evacuation Pause) (young), 0.0378681 secs]
   [Parallel Time: 24.0 ms, GC Workers: 2]
      [GC Worker Start (ms): Min: 101718128.4, Avg: 101718128.4, Max: 101718128.4, Diff: 0.0]
      [Ext Root Scanning (ms): Min: 0.7, Avg: 0.7, Max: 0.7, Diff: 0.1, Sum: 1.4]
      [Update RS (ms): Min: 0.8, Avg: 0.9, Max: 1.0, Diff: 0.2, Sum: 1.8]
         [Processed Buffers: Min: 10, Avg: 17.5, Max: 25, Diff: 15, Sum: 35]
      [Scan RS (ms): Min: 1.0, Avg: 1.1, Max: 1.2, Diff: 0.2, Sum: 2.2]
      [Code Root Scanning (ms): Min: 0.0, Avg: 0.0, Max: 0.0, Diff: 0.0, Sum: 0.0]
      [Object Copy (ms): Min: 13.5, Avg: 17.4, Max: 21.2, Diff: 7.7, Sum: 34.8]
      [Termination (ms): Min: 0.0, Avg: 3.8, Max: 7.6, Diff: 7.6, Sum: 7.6]
         [Termination Attempts: Min: 1, Avg: 1.0, Max: 1, Diff: 0, Sum: 2]
      [GC Worker Other (ms): Min: 0.0, Avg: 0.0, Max: 0.0, Diff: 0.0, Sum: 0.0]
      [GC Worker Total (ms): Min: 23.9, Avg: 23.9, Max: 23.9, Diff: 0.0, Sum: 47.9]
      [GC Worker End (ms): Min: 101718152.4, Avg: 101718152.4, Max: 101718152.4, Diff: 0.0]
   [Code Root Fixup: 0.0 ms]
   [Code Root Purge: 0.0 ms]
   [Clear CT: 0.1 ms]
   [Other: 13.7 ms]
      [Choose CSet: 0.0 ms]
      [Ref Proc: 0.2 ms]
      [Ref Enq: 0.0 ms]
      [Redirty Cards: 12.5 ms]
      [Humongous Register: 0.0 ms]
      [Humongous Reclaim: 0.0 ms]
      [Free CSet: 0.0 ms]
   [Eden: 46.0M(46.0M)->0.0B(45.0M) Survivors: 5120.0K->6144.0K Heap: 273.1M(1024.0M)->228.8M(1024.0M)]
 [Times: user=0.03 sys=0.00, real=0.04 secs] 
2017-09-25T15:58:10.679+0900: 101813.485: [GC pause (G1 Evacuation Pause) (young), 0.0205827 secs]
   [Parallel Time: 19.5 ms, GC Workers: 2]
      [GC Worker Start (ms): Min: 101813485.4, Avg: 101813485.5, Max: 101813485.5, Diff: 0.1]
      [Ext Root Scanning (ms): Min: 0.3, Avg: 0.6, Max: 0.9, Diff: 0.7, Sum: 1.2]
      [Update RS (ms): Min: 0.0, Avg: 0.8, Max: 1.6, Diff: 1.6, Sum: 1.6]
         [Processed Buffers: Min: 0, Avg: 17.5, Max: 35, Diff: 35, Sum: 35]
      [Scan RS (ms): Min: 1.2, Avg: 1.3, Max: 1.4, Diff: 0.2, Sum: 2.6]
      [Code Root Scanning (ms): Min: 0.0, Avg: 0.0, Max: 0.0, Diff: 0.0, Sum: 0.0]
      [Object Copy (ms): Min: 15.2, Avg: 16.5, Max: 17.7, Diff: 2.5, Sum: 33.0]
      [Termination (ms): Min: 0.0, Avg: 0.2, Max: 0.3, Diff: 0.3, Sum: 0.3]
         [Termination Attempts: Min: 1, Avg: 1.0, Max: 1, Diff: 0, Sum: 2]
      [GC Worker Other (ms): Min: 0.0, Avg: 0.0, Max: 0.0, Diff: 0.0, Sum: 0.0]
      [GC Worker Total (ms): Min: 19.3, Avg: 19.4, Max: 19.4, Diff: 0.2, Sum: 38.7]
      [GC Worker End (ms): Min: 101813504.8, Avg: 101813504.8, Max: 101813504.9, Diff: 0.1]
   [Code Root Fixup: 0.0 ms]
   [Code Root Purge: 0.0 ms]
   [Clear CT: 0.2 ms]
   [Other: 0.8 ms]
      [Choose CSet: 0.0 ms]
      [Ref Proc: 0.2 ms]
      [Ref Enq: 0.0 ms]
      [Redirty Cards: 0.1 ms]
      [Humongous Register: 0.0 ms]
      [Humongous Reclaim: 0.0 ms]
      [Free CSet: 0.0 ms]
   [Eden: 45.0M(45.0M)->0.0B(48.0M) Survivors: 6144.0K->3072.0K Heap: 273.8M(1024.0M)->227.7M(1024.0M)]
 [Times: user=0.02 sys=0.00, real=0.02 secs] 
2017-09-25T15:59:52.364+0900: 101915.171: [GC pause (G1 Evacuation Pause) (young), 0.0301817 secs]
   [Parallel Time: 29.2 ms, GC Workers: 2]
      [GC Worker Start (ms): Min: 101915170.7, Avg: 101915170.8, Max: 101915170.9, Diff: 0.1]
      [Ext Root Scanning (ms): Min: 1.6, Avg: 1.7, Max: 1.7, Diff: 0.1, Sum: 3.4]
      [Update RS (ms): Min: 6.4, Avg: 6.5, Max: 6.6, Diff: 0.2, Sum: 13.0]
         [Processed Buffers: Min: 4, Avg: 18.5, Max: 33, Diff: 29, Sum: 37]
      [Scan RS (ms): Min: 2.4, Avg: 2.9, Max: 3.3, Diff: 0.8, Sum: 5.7]
      [Code Root Scanning (ms): Min: 0.0, Avg: 0.0, Max: 0.0, Diff: 0.0, Sum: 0.0]
      [Object Copy (ms): Min: 17.7, Avg: 18.0, Max: 18.3, Diff: 0.6, Sum: 36.0]
      [Termination (ms): Min: 0.0, Avg: 0.0, Max: 0.0, Diff: 0.0, Sum: 0.0]
         [Termination Attempts: Min: 1, Avg: 1.0, Max: 1, Diff: 0, Sum: 2]
      [GC Worker Other (ms): Min: 0.0, Avg: 0.0, Max: 0.0, Diff: 0.0, Sum: 0.0]
      [GC Worker Total (ms): Min: 29.0, Avg: 29.1, Max: 29.1, Diff: 0.1, Sum: 58.2]
      [GC Worker End (ms): Min: 101915199.9, Avg: 101915199.9, Max: 101915199.9, Diff: 0.0]
   [Code Root Fixup: 0.1 ms]
   [Code Root Purge: 0.0 ms]
   [Clear CT: 0.2 ms]
   [Other: 0.7 ms]
      [Choose CSet: 0.0 ms]
      [Ref Proc: 0.2 ms]
      [Ref Enq: 0.0 ms]
      [Redirty Cards: 0.1 ms]
      [Humongous Register: 0.0 ms]
      [Humongous Reclaim: 0.0 ms]
      [Free CSet: 0.0 ms]
   [Eden: 48.0M(48.0M)->0.0B(45.0M) Survivors: 3072.0K->6144.0K Heap: 275.7M(1024.0M)->230.2M(1024.0M)]
 [Times: user=0.06 sys=0.00, real=0.03 secs] 
2017-09-25T16:01:27.884+0900: 102010.691: [GC pause (G1 Evacuation Pause) (young), 0.0675138 secs]
   [Parallel Time: 63.2 ms, GC Workers: 2]
      [GC Worker Start (ms): Min: 102010691.1, Avg: 102010691.2, Max: 102010691.2, Diff: 0.2]
      [Ext Root Scanning (ms): Min: 3.5, Avg: 3.6, Max: 3.6, Diff: 0.0, Sum: 7.1]
      [Update RS (ms): Min: 4.9, Avg: 5.3, Max: 5.7, Diff: 0.8, Sum: 10.6]
         [Processed Buffers: Min: 5, Avg: 19.0, Max: 33, Diff: 28, Sum: 38]
      [Scan RS (ms): Min: 4.8, Avg: 5.3, Max: 5.8, Diff: 0.9, Sum: 10.6]
      [Code Root Scanning (ms): Min: 0.0, Avg: 0.0, Max: 0.0, Diff: 0.0, Sum: 0.0]
      [Object Copy (ms): Min: 39.3, Avg: 43.9, Max: 48.5, Diff: 9.2, Sum: 87.7]
      [Termination (ms): Min: 0.0, Avg: 4.7, Max: 9.4, Diff: 9.4, Sum: 9.4]
         [Termination Attempts: Min: 1, Avg: 1.0, Max: 1, Diff: 0, Sum: 2]
      [GC Worker Other (ms): Min: 0.0, Avg: 0.0, Max: 0.0, Diff: 0.0, Sum: 0.0]
      [GC Worker Total (ms): Min: 62.6, Avg: 62.8, Max: 62.9, Diff: 0.3, Sum: 125.6]
      [GC Worker End (ms): Min: 102010753.8, Avg: 102010753.9, Max: 102010754.0, Diff: 0.2]
   [Code Root Fixup: 0.1 ms]
   [Code Root Purge: 0.0 ms]
   [Clear CT: 0.1 ms]
   [Other: 4.2 ms]
      [Choose CSet: 0.0 ms]
      [Ref Proc: 3.5 ms]
      [Ref Enq: 0.0 ms]
      [Redirty Cards: 0.2 ms]
      [Humongous Register: 0.1 ms]
      [Humongous Reclaim: 0.0 ms]
      [Free CSet: 0.0 ms]
   [Eden: 45.0M(45.0M)->0.0B(48.0M) Survivors: 6144.0K->3072.0K Heap: 275.2M(1024.0M)->228.2M(1024.0M)]
 [Times: user=0.05 sys=0.02, real=0.06 secs] 
2017-09-25T16:03:09.559+0900: 102112.365: [GC pause (G1 Evacuation Pause) (young), 0.0107474 secs]
   [Parallel Time: 10.1 ms, GC Workers: 2]
      [GC Worker Start (ms): Min: 102112365.6, Avg: 102112366.3, Max: 102112367.0, Diff: 1.4]
      [Ext Root Scanning (ms): Min: 0.6, Avg: 1.3, Max: 2.0, Diff: 1.4, Sum: 2.6]
      [Update RS (ms): Min: 1.8, Avg: 1.9, Max: 1.9, Diff: 0.1, Sum: 3.7]
         [Processed Buffers: Min: 13, Avg: 17.5, Max: 22, Diff: 9, Sum: 35]
      [Scan RS (ms): Min: 1.7, Avg: 1.7, Max: 1.7, Diff: 0.1, Sum: 3.4]
      [Code Root Scanning (ms): Min: 0.0, Avg: 0.0, Max: 0.0, Diff: 0.0, Sum: 0.0]
      [Object Copy (ms): Min: 4.4, Avg: 4.4, Max: 4.4, Diff: 0.0, Sum: 8.8]
      [Termination (ms): Min: 0.0, Avg: 0.0, Max: 0.0, Diff: 0.0, Sum: 0.0]
         [Termination Attempts: Min: 1, Avg: 1.5, Max: 2, Diff: 1, Sum: 3]
      [GC Worker Other (ms): Min: 0.0, Avg: 0.0, Max: 0.0, Diff: 0.0, Sum: 0.0]
      [GC Worker Total (ms): Min: 8.6, Avg: 9.3, Max: 10.0, Diff: 1.4, Sum: 18.6]
      [GC Worker End (ms): Min: 102112375.6, Avg: 102112375.6, Max: 102112375.6, Diff: 0.0]
   [Code Root Fixup: 0.0 ms]
   [Code Root Purge: 0.0 ms]
   [Clear CT: 0.0 ms]
   [Other: 0.6 ms]
      [Choose CSet: 0.0 ms]
      [Ref Proc: 0.1 ms]
      [Ref Enq: 0.0 ms]
      [Redirty Cards: 0.0 ms]
      [Humongous Register: 0.1 ms]
      [Humongous Reclaim: 0.0 ms]
      [Free CSet: 0.0 ms]
   [Eden: 48.0M(48.0M)->0.0B(46.0M) Survivors: 3072.0K->5120.0K Heap: 276.2M(1024.0M)->230.2M(1024.0M)]
 [Times: user=0.02 sys=0.00, real=0.01 secs] 
2017-09-25T16:04:47.072+0900: 102209.878: [GC pause (G1 Evacuation Pause) (young), 0.0233291 secs]
   [Parallel Time: 22.3 ms, GC Workers: 2]
      [GC Worker Start (ms): Min: 102209879.8, Avg: 102209879.9, Max: 102209879.9, Diff: 0.1]
      [Ext Root Scanning (ms): Min: 1.0, Avg: 1.1, Max: 1.1, Diff: 0.1, Sum: 2.2]
      [Update RS (ms): Min: 2.5, Avg: 2.8, Max: 3.1, Diff: 0.6, Sum: 5.6]
         [Processed Buffers: Min: 9, Avg: 18.0, Max: 27, Diff: 18, Sum: 36]
      [Scan RS (ms): Min: 2.0, Avg: 2.3, Max: 2.6, Diff: 0.6, Sum: 4.6]
      [Code Root Scanning (ms): Min: 0.0, Avg: 0.0, Max: 0.0, Diff: 0.0, Sum: 0.0]
      [Object Copy (ms): Min: 14.8, Avg: 14.8, Max: 14.8, Diff: 0.0, Sum: 29.5]
      [Termination (ms): Min: 0.0, Avg: 0.0, Max: 0.0, Diff: 0.0, Sum: 0.0]
         [Termination Attempts: Min: 1, Avg: 1.0, Max: 1, Diff: 0, Sum: 2]
      [GC Worker Other (ms): Min: 0.0, Avg: 0.0, Max: 0.0, Diff: 0.0, Sum: 0.0]
      [GC Worker Total (ms): Min: 20.9, Avg: 20.9, Max: 21.0, Diff: 0.1, Sum: 41.9]
      [GC Worker End (ms): Min: 102209900.8, Avg: 102209900.8, Max: 102209900.8, Diff: 0.0]
   [Code Root Fixup: 0.1 ms]
   [Code Root Purge: 0.0 ms]
   [Clear CT: 0.1 ms]
   [Other: 0.9 ms]
      [Choose CSet: 0.0 ms]
      [Ref Proc: 0.2 ms]
      [Ref Enq: 0.0 ms]
      [Redirty Cards: 0.2 ms]
      [Humongous Register: 0.0 ms]
      [Humongous Reclaim: 0.0 ms]
      [Free CSet: 0.1 ms]
   [Eden: 46.0M(46.0M)->0.0B(44.0M) Survivors: 5120.0K->7168.0K Heap: 276.2M(1024.0M)->232.2M(1024.0M)]
 [Times: user=0.04 sys=0.00, real=0.03 secs] 
2017-09-25T16:06:20.148+0900: 102302.954: [GC pause (G1 Evacuation Pause) (young), 0.0627184 secs]
   [Parallel Time: 62.1 ms, GC Workers: 2]
      [GC Worker Start (ms): Min: 102302953.8, Avg: 102302953.9, Max: 102302953.9, Diff: 0.0]
      [Ext Root Scanning (ms): Min: 0.5, Avg: 0.5, Max: 0.6, Diff: 0.1, Sum: 1.1]
      [Update RS (ms): Min: 0.8, Avg: 0.8, Max: 0.8, Diff: 0.0, Sum: 1.7]
         [Processed Buffers: Min: 8, Avg: 17.0, Max: 26, Diff: 18, Sum: 34]
      [Scan RS (ms): Min: 0.9, Avg: 1.2, Max: 1.6, Diff: 0.7, Sum: 2.4]
      [Code Root Scanning (ms): Min: 0.0, Avg: 0.0, Max: 0.0, Diff: 0.0, Sum: 0.0]
      [Object Copy (ms): Min: 59.1, Avg: 59.4, Max: 59.6, Diff: 0.5, Sum: 118.7]
      [Termination (ms): Min: 0.0, Avg: 0.1, Max: 0.2, Diff: 0.2, Sum: 0.2]
         [Termination Attempts: Min: 1, Avg: 1.0, Max: 1, Diff: 0, Sum: 2]
      [GC Worker Other (ms): Min: 0.0, Avg: 0.0, Max: 0.0, Diff: 0.0, Sum: 0.0]
      [GC Worker Total (ms): Min: 62.0, Avg: 62.1, Max: 62.1, Diff: 0.0, Sum: 124.1]
      [GC Worker End (ms): Min: 102303015.9, Avg: 102303015.9, Max: 102303015.9, Diff: 0.0]
   [Code Root Fixup: 0.0 ms]
   [Code Root Purge: 0.0 ms]
   [Clear CT: 0.1 ms]
   [Other: 0.5 ms]
      [Choose CSet: 0.0 ms]
      [Ref Proc: 0.1 ms]
      [Ref Enq: 0.0 ms]
      [Redirty Cards: 0.1 ms]
      [Humongous Register: 0.0 ms]
      [Humongous Reclaim: 0.0 ms]
      [Free CSet: 0.0 ms]
   [Eden: 44.0M(44.0M)->0.0B(47.0M) Survivors: 7168.0K->4096.0K Heap: 276.2M(1024.0M)->230.7M(1024.0M)]
 [Times: user=0.02 sys=0.01, real=0.06 secs] 
2017-09-25T16:08:00.223+0900: 102403.030: [GC pause (G1 Evacuation Pause) (young), 0.0073669 secs]
   [Parallel Time: 6.8 ms, GC Workers: 2]
      [GC Worker Start (ms): Min: 102403029.7, Avg: 102403029.7, Max: 102403029.7, Diff: 0.0]
      [Ext Root Scanning (ms): Min: 0.5, Avg: 0.5, Max: 0.5, Diff: 0.0, Sum: 1.0]
      [Update RS (ms): Min: 1.1, Avg: 1.1, Max: 1.1, Diff: 0.0, Sum: 2.1]
         [Processed Buffers: Min: 16, Avg: 17.0, Max: 18, Diff: 2, Sum: 34]
      [Scan RS (ms): Min: 0.6, Avg: 0.6, Max: 0.6, Diff: 0.0, Sum: 1.3]
      [Code Root Scanning (ms): Min: 0.0, Avg: 0.0, Max: 0.0, Diff: 0.0, Sum: 0.0]
      [Object Copy (ms): Min: 4.6, Avg: 4.6, Max: 4.6, Diff: 0.0, Sum: 9.2]
      [Termination (ms): Min: 0.0, Avg: 0.0, Max: 0.0, Diff: 0.0, Sum: 0.0]
         [Termination Attempts: Min: 1, Avg: 1.0, Max: 1, Diff: 0, Sum: 2]
      [GC Worker Other (ms): Min: 0.0, Avg: 0.0, Max: 0.0, Diff: 0.0, Sum: 0.0]
      [GC Worker Total (ms): Min: 6.8, Avg: 6.8, Max: 6.8, Diff: 0.0, Sum: 13.6]
      [GC Worker End (ms): Min: 102403036.5, Avg: 102403036.5, Max: 102403036.5, Diff: 0.0]
   [Code Root Fixup: 0.0 ms]
   [Code Root Purge: 0.0 ms]
   [Clear CT: 0.1 ms]
   [Other: 0.4 ms]
      [Choose CSet: 0.0 ms]
      [Ref Proc: 0.2 ms]
      [Ref Enq: 0.0 ms]
      [Redirty Cards: 0.1 ms]
      [Humongous Register: 0.0 ms]
      [Humongous Reclaim: 0.0 ms]
      [Free CSet: 0.0 ms]
   [Eden: 47.0M(47.0M)->0.0B(46.0M) Survivors: 4096.0K->5120.0K Heap: 277.7M(1024.0M)->232.2M(1024.0M)]
 [Times: user=0.01 sys=0.00, real=0.00 secs] 
2017-09-25T16:09:37.844+0900: 102500.651: [GC pause (G1 Evacuation Pause) (young), 0.0800058 secs]
   [Parallel Time: 76.8 ms, GC Workers: 2]
      [GC Worker Start (ms): Min: 102500651.1, Avg: 102500651.2, Max: 102500651.3, Diff: 0.2]
      [Ext Root Scanning (ms): Min: 1.9, Avg: 2.0, Max: 2.1, Diff: 0.2, Sum: 4.0]
      [Update RS (ms): Min: 5.1, Avg: 5.5, Max: 5.9, Diff: 0.8, Sum: 11.0]
         [Processed Buffers: Min: 6, Avg: 18.5, Max: 31, Diff: 25, Sum: 37]
      [Scan RS (ms): Min: 2.1, Avg: 2.5, Max: 2.9, Diff: 0.8, Sum: 5.0]
      [Code Root Scanning (ms): Min: 0.0, Avg: 0.0, Max: 0.0, Diff: 0.0, Sum: 0.0]
      [Object Copy (ms): Min: 65.5, Avg: 65.6, Max: 65.8, Diff: 0.4, Sum: 131.3]
      [Termination (ms): Min: 0.0, Avg: 0.2, Max: 0.4, Diff: 0.4, Sum: 0.4]
         [Termination Attempts: Min: 1, Avg: 1.0, Max: 1, Diff: 0, Sum: 2]
      [GC Worker Other (ms): Min: 0.0, Avg: 0.0, Max: 0.0, Diff: 0.0, Sum: 0.1]
      [GC Worker Total (ms): Min: 75.8, Avg: 75.9, Max: 76.1, Diff: 0.3, Sum: 151.8]
      [GC Worker End (ms): Min: 102500727.0, Avg: 102500727.1, Max: 102500727.2, Diff: 0.1]
   [Code Root Fixup: 0.2 ms]
   [Code Root Purge: 0.0 ms]
   [Clear CT: 0.3 ms]
   [Other: 2.7 ms]
      [Choose CSet: 0.0 ms]
      [Ref Proc: 0.9 ms]
      [Ref Enq: 0.0 ms]
      [Redirty Cards: 0.3 ms]
      [Humongous Register: 0.1 ms]
      [Humongous Reclaim: 0.0 ms]
      [Free CSet: 0.1 ms]
   [Eden: 46.0M(46.0M)->0.0B(48.0M) Survivors: 5120.0K->3072.0K Heap: 278.2M(1024.0M)->230.9M(1024.0M)]
 [Times: user=0.05 sys=0.01, real=0.08 secs] 
2017-09-25T16:11:19.572+0900: 102602.378: [GC pause (G1 Evacuation Pause) (young), 0.0099681 secs]
   [Parallel Time: 8.9 ms, GC Workers: 2]
      [GC Worker Start (ms): Min: 102602378.6, Avg: 102602378.6, Max: 102602378.6, Diff: 0.1]
      [Ext Root Scanning (ms): Min: 1.0, Avg: 1.1, Max: 1.1, Diff: 0.2, Sum: 2.1]
      [Update RS (ms): Min: 2.6, Avg: 2.6, Max: 2.6, Diff: 0.0, Sum: 5.1]
         [Processed Buffers: Min: 10, Avg: 18.5, Max: 27, Diff: 17, Sum: 37]
      [Scan RS (ms): Min: 0.9, Avg: 1.0, Max: 1.1, Diff: 0.2, Sum: 2.0]
      [Code Root Scanning (ms): Min: 0.0, Avg: 0.0, Max: 0.0, Diff: 0.0, Sum: 0.0]
      [Object Copy (ms): Min: 3.7, Avg: 3.8, Max: 3.9, Diff: 0.2, Sum: 7.6]
      [Termination (ms): Min: 0.0, Avg: 0.0, Max: 0.0, Diff: 0.0, Sum: 0.0]
         [Termination Attempts: Min: 1, Avg: 1.0, Max: 1, Diff: 0, Sum: 2]
      [GC Worker Other (ms): Min: 0.0, Avg: 0.0, Max: 0.0, Diff: 0.0, Sum: 0.0]
      [GC Worker Total (ms): Min: 8.4, Avg: 8.4, Max: 8.5, Diff: 0.1, Sum: 16.9]
      [GC Worker End (ms): Min: 102602387.0, Avg: 102602387.0, Max: 102602387.0, Diff: 0.0]
   [Code Root Fixup: 0.0 ms]
   [Code Root Purge: 0.0 ms]
   [Clear CT: 0.1 ms]
   [Other: 0.9 ms]
      [Choose CSet: 0.0 ms]
      [Ref Proc: 0.4 ms]
      [Ref Enq: 0.0 ms]
      [Redirty Cards: 0.1 ms]
      [Humongous Register: 0.1 ms]
      [Humongous Reclaim: 0.0 ms]
      [Free CSet: 0.0 ms]
   [Eden: 48.0M(48.0M)->0.0B(46.0M) Survivors: 3072.0K->5120.0K Heap: 278.9M(1024.0M)->232.9M(1024.0M)]
 [Times: user=0.01 sys=0.01, real=0.02 secs] 
2017-09-25T16:12:56.759+0900: 102699.565: [GC pause (G1 Evacuation Pause) (young), 0.0439609 secs]
   [Parallel Time: 42.7 ms, GC Workers: 2]
      [GC Worker Start (ms): Min: 102699565.8, Avg: 102699565.9, Max: 102699565.9, Diff: 0.1]
      [Ext Root Scanning (ms): Min: 1.7, Avg: 1.8, Max: 1.8, Diff: 0.1, Sum: 3.5]
      [Update RS (ms): Min: 4.0, Avg: 4.2, Max: 4.4, Diff: 0.5, Sum: 8.4]
         [Processed Buffers: Min: 2, Avg: 17.5, Max: 33, Diff: 31, Sum: 35]
      [Scan RS (ms): Min: 4.6, Avg: 4.7, Max: 4.7, Diff: 0.1, Sum: 9.3]
      [Code Root Scanning (ms): Min: 0.0, Avg: 0.0, Max: 0.0, Diff: 0.0, Sum: 0.0]
      [Object Copy (ms): Min: 31.6, Avg: 31.9, Max: 32.1, Diff: 0.5, Sum: 63.7]
      [Termination (ms): Min: 0.0, Avg: 0.0, Max: 0.0, Diff: 0.0, Sum: 0.0]
         [Termination Attempts: Min: 1, Avg: 1.0, Max: 1, Diff: 0, Sum: 2]
      [GC Worker Other (ms): Min: 0.0, Avg: 0.0, Max: 0.0, Diff: 0.0, Sum: 0.0]
      [GC Worker Total (ms): Min: 42.5, Avg: 42.5, Max: 42.5, Diff: 0.1, Sum: 85.0]
      [GC Worker End (ms): Min: 102699608.4, Avg: 102699608.4, Max: 102699608.4, Diff: 0.0]
   [Code Root Fixup: 0.1 ms]
   [Code Root Purge: 0.0 ms]
   [Clear CT: 0.1 ms]
   [Other: 1.1 ms]
      [Choose CSet: 0.0 ms]
      [Ref Proc: 0.3 ms]
      [Ref Enq: 0.0 ms]
      [Redirty Cards: 0.3 ms]
      [Humongous Register: 0.1 ms]
      [Humongous Reclaim: 0.0 ms]
      [Free CSet: 0.0 ms]
   [Eden: 46.0M(46.0M)->0.0B(45.0M) Survivors: 5120.0K->6144.0K Heap: 278.9M(1024.0M)->234.4M(1024.0M)]
 [Times: user=0.08 sys=0.00, real=0.05 secs] 
2017-09-25T16:14:32.327+0900: 102795.134: [GC pause (G1 Evacuation Pause) (young), 0.0406256 secs]
   [Parallel Time: 39.5 ms, GC Workers: 2]
      [GC Worker Start (ms): Min: 102795133.6, Avg: 102795133.6, Max: 102795133.6, Diff: 0.0]
      [Ext Root Scanning (ms): Min: 0.5, Avg: 0.5, Max: 0.6, Diff: 0.0, Sum: 1.1]
      [Update RS (ms): Min: 1.1, Avg: 1.2, Max: 1.3, Diff: 0.2, Sum: 2.4]
         [Processed Buffers: Min: 6, Avg: 18.0, Max: 30, Diff: 24, Sum: 36]
      [Scan RS (ms): Min: 0.8, Avg: 19.3, Max: 37.8, Diff: 37.0, Sum: 38.5]
      [Code Root Scanning (ms): Min: 0.0, Avg: 0.0, Max: 0.0, Diff: 0.0, Sum: 0.0]
      [Object Copy (ms): Min: 0.0, Avg: 14.3, Max: 28.5, Diff: 28.5, Sum: 28.5]
      [Termination (ms): Min: 0.0, Avg: 4.2, Max: 8.3, Diff: 8.3, Sum: 8.3]
         [Termination Attempts: Min: 1, Avg: 1.5, Max: 2, Diff: 1, Sum: 3]
      [GC Worker Other (ms): Min: 0.0, Avg: 0.0, Max: 0.0, Diff: 0.0, Sum: 0.0]
      [GC Worker Total (ms): Min: 39.5, Avg: 39.5, Max: 39.5, Diff: 0.0, Sum: 78.9]
      [GC Worker End (ms): Min: 102795173.1, Avg: 102795173.1, Max: 102795173.1, Diff: 0.0]
   [Code Root Fixup: 0.0 ms]
   [Code Root Purge: 0.0 ms]
   [Clear CT: 0.1 ms]
   [Other: 1.0 ms]
      [Choose CSet: 0.0 ms]
      [Ref Proc: 0.1 ms]
      [Ref Enq: 0.0 ms]
      [Redirty Cards: 0.0 ms]
      [Humongous Register: 0.0 ms]
      [Humongous Reclaim: 0.1 ms]
      [Free CSet: 0.1 ms]
   [Eden: 45.0M(45.0M)->0.0B(48.0M) Survivors: 6144.0K->3072.0K Heap: 279.4M(1024.0M)->232.9M(1024.0M)]
 [Times: user=0.02 sys=0.00, real=0.04 secs] 
2017-09-25T16:16:12.761+0900: 102895.567: [GC pause (G1 Evacuation Pause) (young), 0.0094332 secs]
   [Parallel Time: 8.7 ms, GC Workers: 2]
      [GC Worker Start (ms): Min: 102895567.4, Avg: 102895567.4, Max: 102895567.5, Diff: 0.0]
      [Ext Root Scanning (ms): Min: 0.5, Avg: 0.5, Max: 0.6, Diff: 0.1, Sum: 1.0]
      [Update RS (ms): Min: 1.6, Avg: 1.6, Max: 1.6, Diff: 0.0, Sum: 3.3]
         [Processed Buffers: Min: 3, Avg: 18.0, Max: 33, Diff: 30, Sum: 36]
      [Scan RS (ms): Min: 1.1, Avg: 1.4, Max: 1.6, Diff: 0.5, Sum: 2.8]
      [Code Root Scanning (ms): Min: 0.0, Avg: 0.0, Max: 0.0, Diff: 0.0, Sum: 0.0]
      [Object Copy (ms): Min: 4.9, Avg: 5.1, Max: 5.3, Diff: 0.5, Sum: 10.2]
      [Termination (ms): Min: 0.0, Avg: 0.0, Max: 0.0, Diff: 0.0, Sum: 0.0]
         [Termination Attempts: Min: 1, Avg: 1.5, Max: 2, Diff: 1, Sum: 3]
      [GC Worker Other (ms): Min: 0.0, Avg: 0.0, Max: 0.0, Diff: 0.0, Sum: 0.0]
      [GC Worker Total (ms): Min: 8.6, Avg: 8.7, Max: 8.7, Diff: 0.0, Sum: 17.3]
      [GC Worker End (ms): Min: 102895576.1, Avg: 102895576.1, Max: 102895576.1, Diff: 0.0]
   [Code Root Fixup: 0.0 ms]
   [Code Root Purge: 0.0 ms]
   [Clear CT: 0.0 ms]
   [Other: 0.6 ms]
      [Choose CSet: 0.0 ms]
      [Ref Proc: 0.3 ms]
      [Ref Enq: 0.0 ms]
      [Redirty Cards: 0.1 ms]
      [Humongous Register: 0.0 ms]
      [Humongous Reclaim: 0.0 ms]
      [Free CSet: 0.0 ms]
   [Eden: 48.0M(48.0M)->0.0B(45.0M) Survivors: 3072.0K->6144.0K Heap: 280.9M(1024.0M)->235.4M(1024.0M)]
 [Times: user=0.02 sys=0.00, real=0.01 secs] 
2017-09-25T16:17:46.653+0900: 102989.459: [GC pause (G1 Evacuation Pause) (young), 0.0715300 secs]
   [Parallel Time: 68.6 ms, GC Workers: 2]
      [GC Worker Start (ms): Min: 102989459.1, Avg: 102989459.2, Max: 102989459.2, Diff: 0.0]
      [Ext Root Scanning (ms): Min: 0.5, Avg: 0.6, Max: 0.6, Diff: 0.1, Sum: 1.2]
      [Update RS (ms): Min: 1.8, Avg: 1.8, Max: 1.9, Diff: 0.1, Sum: 3.6]
         [Processed Buffers: Min: 3, Avg: 18.5, Max: 34, Diff: 31, Sum: 37]
      [Scan RS (ms): Min: 18.6, Avg: 39.8, Max: 60.9, Diff: 42.4, Sum: 79.5]
      [Code Root Scanning (ms): Min: 0.0, Avg: 0.0, Max: 0.0, Diff: 0.0, Sum: 0.0]
      [Object Copy (ms): Min: 0.1, Avg: 3.7, Max: 7.4, Diff: 7.4, Sum: 7.5]
      [Termination (ms): Min: 0.0, Avg: 18.4, Max: 36.7, Diff: 36.7, Sum: 36.7]
         [Termination Attempts: Min: 1, Avg: 1.0, Max: 1, Diff: 0, Sum: 2]
      [GC Worker Other (ms): Min: 0.0, Avg: 0.0, Max: 0.0, Diff: 0.0, Sum: 0.0]
      [GC Worker Total (ms): Min: 63.4, Avg: 64.3, Max: 65.1, Diff: 1.7, Sum: 128.5]
      [GC Worker End (ms): Min: 102989522.6, Avg: 102989523.4, Max: 102989524.3, Diff: 1.7]
   [Code Root Fixup: 0.2 ms]
   [Code Root Purge: 0.0 ms]
   [Clear CT: 0.2 ms]
   [Other: 2.6 ms]
      [Choose CSet: 0.0 ms]
      [Ref Proc: 2.1 ms]
      [Ref Enq: 0.0 ms]
      [Redirty Cards: 0.2 ms]
      [Humongous Register: 0.0 ms]
      [Humongous Reclaim: 0.0 ms]
      [Free CSet: 0.0 ms]
   [Eden: 45.0M(45.0M)->0.0B(47.0M) Survivors: 6144.0K->4096.0K Heap: 280.4M(1024.0M)->234.4M(1024.0M)]
 [Times: user=0.05 sys=0.00, real=0.08 secs] 
2017-09-25T16:19:26.527+0900: 103089.333: [GC pause (G1 Evacuation Pause) (young), 0.0292926 secs]
   [Parallel Time: 28.7 ms, GC Workers: 2]
      [GC Worker Start (ms): Min: 103089333.4, Avg: 103089333.4, Max: 103089333.5, Diff: 0.0]
      [Ext Root Scanning (ms): Min: 0.9, Avg: 8.9, Max: 16.8, Diff: 15.9, Sum: 17.7]
      [Update RS (ms): Min: 3.1, Avg: 10.8, Max: 18.5, Diff: 15.5, Sum: 21.6]
         [Processed Buffers: Min: 6, Avg: 19.0, Max: 32, Diff: 26, Sum: 38]
      [Scan RS (ms): Min: 2.8, Avg: 3.1, Max: 3.3, Diff: 0.5, Sum: 6.1]
      [Code Root Scanning (ms): Min: 0.0, Avg: 0.0, Max: 0.0, Diff: 0.0, Sum: 0.0]
      [Object Copy (ms): Min: 5.6, Avg: 5.6, Max: 5.6, Diff: 0.1, Sum: 11.2]
      [Termination (ms): Min: 0.0, Avg: 0.0, Max: 0.1, Diff: 0.1, Sum: 0.1]
         [Termination Attempts: Min: 1, Avg: 1.0, Max: 1, Diff: 0, Sum: 2]
      [GC Worker Other (ms): Min: 0.0, Avg: 0.1, Max: 0.2, Diff: 0.2, Sum: 0.2]
      [GC Worker Total (ms): Min: 28.4, Avg: 28.5, Max: 28.5, Diff: 0.1, Sum: 56.9]
      [GC Worker End (ms): Min: 103089361.9, Avg: 103089361.9, Max: 103089361.9, Diff: 0.1]
   [Code Root Fixup: 0.1 ms]
   [Code Root Purge: 0.0 ms]
   [Clear CT: 0.1 ms]
   [Other: 0.4 ms]
      [Choose CSet: 0.0 ms]
      [Ref Proc: 0.1 ms]
      [Ref Enq: 0.0 ms]
      [Redirty Cards: 0.1 ms]
      [Humongous Register: 0.0 ms]
      [Humongous Reclaim: 0.0 ms]
      [Free CSet: 0.0 ms]
   [Eden: 47.0M(47.0M)->0.0B(46.0M) Survivors: 4096.0K->5120.0K Heap: 281.4M(1024.0M)->235.9M(1024.0M)]
 [Times: user=0.03 sys=0.00, real=0.03 secs] 
2017-09-25T16:21:03.982+0900: 103186.788: [GC pause (G1 Evacuation Pause) (young), 0.0608121 secs]
   [Parallel Time: 56.9 ms, GC Workers: 2]
      [GC Worker Start (ms): Min: 103186788.8, Avg: 103186788.8, Max: 103186788.9, Diff: 0.1]
      [Ext Root Scanning (ms): Min: 2.0, Avg: 2.1, Max: 2.2, Diff: 0.2, Sum: 4.2]
      [Update RS (ms): Min: 4.2, Avg: 5.8, Max: 7.4, Diff: 3.2, Sum: 11.7]
         [Processed Buffers: Min: 4, Avg: 17.0, Max: 30, Diff: 26, Sum: 34]
      [Scan RS (ms): Min: 12.4, Avg: 12.6, Max: 12.8, Diff: 0.5, Sum: 25.2]
      [Code Root Scanning (ms): Min: 0.0, Avg: 0.0, Max: 0.0, Diff: 0.0, Sum: 0.0]
      [Object Copy (ms): Min: 33.8, Avg: 35.8, Max: 37.9, Diff: 4.1, Sum: 71.6]
      [Termination (ms): Min: 0.0, Avg: 0.3, Max: 0.5, Diff: 0.5, Sum: 0.5]
         [Termination Attempts: Min: 1, Avg: 1.0, Max: 1, Diff: 0, Sum: 2]
      [GC Worker Other (ms): Min: 0.0, Avg: 0.0, Max: 0.0, Diff: 0.0, Sum: 0.0]
      [GC Worker Total (ms): Min: 56.6, Avg: 56.6, Max: 56.6, Diff: 0.1, Sum: 113.2]
      [GC Worker End (ms): Min: 103186845.4, Avg: 103186845.4, Max: 103186845.4, Diff: 0.0]
   [Code Root Fixup: 0.0 ms]
   [Code Root Purge: 0.0 ms]
   [Clear CT: 0.2 ms]
   [Other: 3.7 ms]
      [Choose CSet: 0.0 ms]
      [Ref Proc: 1.2 ms]
      [Ref Enq: 0.0 ms]
      [Redirty Cards: 1.6 ms]
      [Humongous Register: 0.1 ms]
      [Humongous Reclaim: 0.0 ms]
      [Free CSet: 0.0 ms]
   [Eden: 46.0M(46.0M)->0.0B(45.0M) Survivors: 5120.0K->6144.0K Heap: 281.9M(1024.0M)->237.9M(1024.0M)]
 [Times: user=0.04 sys=0.01, real=0.07 secs] 
2017-09-25T16:22:39.617+0900: 103282.423: [GC pause (G1 Evacuation Pause) (young), 0.0308734 secs]
   [Parallel Time: 30.1 ms, GC Workers: 2]
      [GC Worker Start (ms): Min: 103282423.1, Avg: 103282423.2, Max: 103282423.2, Diff: 0.1]
      [Ext Root Scanning (ms): Min: 0.5, Avg: 0.6, Max: 0.6, Diff: 0.1, Sum: 1.2]
      [Update RS (ms): Min: 1.1, Avg: 1.1, Max: 1.1, Diff: 0.0, Sum: 2.2]
         [Processed Buffers: Min: 12, Avg: 18.0, Max: 24, Diff: 12, Sum: 36]
      [Scan RS (ms): Min: 0.8, Avg: 0.9, Max: 0.9, Diff: 0.0, Sum: 1.7]
      [Code Root Scanning (ms): Min: 0.0, Avg: 0.0, Max: 0.0, Diff: 0.0, Sum: 0.0]
      [Object Copy (ms): Min: 18.7, Avg: 23.1, Max: 27.4, Diff: 8.7, Sum: 46.1]
      [Termination (ms): Min: 0.0, Avg: 4.4, Max: 8.7, Diff: 8.7, Sum: 8.7]
         [Termination Attempts: Min: 1, Avg: 1.0, Max: 1, Diff: 0, Sum: 2]
      [GC Worker Other (ms): Min: 0.0, Avg: 0.0, Max: 0.0, Diff: 0.0, Sum: 0.0]
      [GC Worker Total (ms): Min: 29.9, Avg: 30.0, Max: 30.0, Diff: 0.1, Sum: 59.9]
      [GC Worker End (ms): Min: 103282453.1, Avg: 103282453.1, Max: 103282453.1, Diff: 0.0]
   [Code Root Fixup: 0.0 ms]
   [Code Root Purge: 0.0 ms]
   [Clear CT: 0.1 ms]
   [Other: 0.7 ms]
      [Choose CSet: 0.0 ms]
      [Ref Proc: 0.1 ms]
      [Ref Enq: 0.0 ms]
      [Redirty Cards: 0.1 ms]
      [Humongous Register: 0.0 ms]
      [Humongous Reclaim: 0.0 ms]
      [Free CSet: 0.0 ms]
   [Eden: 45.0M(45.0M)->0.0B(48.0M) Survivors: 6144.0K->3072.0K Heap: 282.9M(1024.0M)->236.4M(1024.0M)]
 [Times: user=0.02 sys=0.00, real=0.03 secs] 
2017-09-25T16:24:21.527+0900: 103384.333: [GC pause (G1 Evacuation Pause) (young), 0.0362381 secs]
   [Parallel Time: 28.1 ms, GC Workers: 2]
      [GC Worker Start (ms): Min: 103384333.0, Avg: 103384333.0, Max: 103384333.1, Diff: 0.1]
      [Ext Root Scanning (ms): Min: 0.7, Avg: 0.7, Max: 0.8, Diff: 0.1, Sum: 1.4]
      [Update RS (ms): Min: 2.6, Avg: 2.7, Max: 2.7, Diff: 0.1, Sum: 5.4]
         [Processed Buffers: Min: 13, Avg: 17.5, Max: 22, Diff: 9, Sum: 35]
      [Scan RS (ms): Min: 1.7, Avg: 1.7, Max: 1.8, Diff: 0.1, Sum: 3.4]
      [Code Root Scanning (ms): Min: 0.0, Avg: 0.0, Max: 0.0, Diff: 0.0, Sum: 0.0]
      [Object Copy (ms): Min: 22.9, Avg: 22.9, Max: 22.9, Diff: 0.0, Sum: 45.7]
      [Termination (ms): Min: 0.0, Avg: 0.0, Max: 0.0, Diff: 0.0, Sum: 0.0]
         [Termination Attempts: Min: 1, Avg: 1.0, Max: 1, Diff: 0, Sum: 2]
      [GC Worker Other (ms): Min: 0.0, Avg: 0.0, Max: 0.0, Diff: 0.0, Sum: 0.0]
      [GC Worker Total (ms): Min: 28.0, Avg: 28.0, Max: 28.0, Diff: 0.1, Sum: 56.0]
      [GC Worker End (ms): Min: 103384361.0, Avg: 103384361.0, Max: 103384361.0, Diff: 0.0]
   [Code Root Fixup: 7.2 ms]
   [Code Root Purge: 0.0 ms]
   [Clear CT: 0.2 ms]
   [Other: 0.8 ms]
      [Choose CSet: 0.0 ms]
      [Ref Proc: 0.5 ms]
      [Ref Enq: 0.0 ms]
      [Redirty Cards: 0.0 ms]
      [Humongous Register: 0.0 ms]
      [Humongous Reclaim: 0.0 ms]
      [Free CSet: 0.1 ms]
   [Eden: 48.0M(48.0M)->0.0B(46.0M) Survivors: 3072.0K->5120.0K Heap: 284.4M(1024.0M)->238.4M(1024.0M)]
 [Times: user=0.05 sys=0.00, real=0.04 secs] 
2017-09-25T16:25:58.854+0900: 103481.660: [GC pause (G1 Evacuation Pause) (young), 0.0705172 secs]
   [Parallel Time: 65.9 ms, GC Workers: 2]
      [GC Worker Start (ms): Min: 103481660.7, Avg: 103481660.7, Max: 103481660.8, Diff: 0.1]
      [Ext Root Scanning (ms): Min: 1.8, Avg: 1.9, Max: 1.9, Diff: 0.1, Sum: 3.8]
      [Update RS (ms): Min: 4.7, Avg: 4.8, Max: 4.8, Diff: 0.1, Sum: 9.5]
         [Processed Buffers: Min: 11, Avg: 17.5, Max: 24, Diff: 13, Sum: 35]
      [Scan RS (ms): Min: 4.7, Avg: 4.8, Max: 4.9, Diff: 0.2, Sum: 9.6]
      [Code Root Scanning (ms): Min: 0.0, Avg: 0.0, Max: 0.0, Diff: 0.0, Sum: 0.0]
      [Object Copy (ms): Min: 45.4, Avg: 49.6, Max: 53.8, Diff: 8.4, Sum: 99.2]
      [Termination (ms): Min: 0.0, Avg: 4.5, Max: 8.9, Diff: 8.9, Sum: 8.9]
         [Termination Attempts: Min: 1, Avg: 1.0, Max: 1, Diff: 0, Sum: 2]
      [GC Worker Other (ms): Min: 0.0, Avg: 0.0, Max: 0.0, Diff: 0.0, Sum: 0.0]
      [GC Worker Total (ms): Min: 65.4, Avg: 65.5, Max: 65.7, Diff: 0.4, Sum: 131.1]
      [GC Worker End (ms): Min: 103481726.1, Avg: 103481726.3, Max: 103481726.5, Diff: 0.4]
   [Code Root Fixup: 0.1 ms]
   [Code Root Purge: 0.0 ms]
   [Clear CT: 0.3 ms]
   [Other: 4.2 ms]
      [Choose CSet: 0.0 ms]
      [Ref Proc: 3.0 ms]
      [Ref Enq: 0.0 ms]
      [Redirty Cards: 0.2 ms]
      [Humongous Register: 0.1 ms]
      [Humongous Reclaim: 0.0 ms]
      [Free CSet: 0.1 ms]
   [Eden: 46.0M(46.0M)->0.0B(48.0M) Survivors: 5120.0K->3072.0K Heap: 284.4M(1024.0M)->237.1M(1024.0M)]
 [Times: user=0.04 sys=0.00, real=0.07 secs] 
2017-09-25T16:27:41.104+0900: 103583.910: [GC pause (G1 Evacuation Pause) (young), 0.0432111 secs]
   [Parallel Time: 42.3 ms, GC Workers: 2]
      [GC Worker Start (ms): Min: 103583910.5, Avg: 103583910.9, Max: 103583911.3, Diff: 0.8]
      [Ext Root Scanning (ms): Min: 1.5, Avg: 2.0, Max: 2.6, Diff: 1.2, Sum: 4.1]
      [Update RS (ms): Min: 3.9, Avg: 6.0, Max: 8.1, Diff: 4.2, Sum: 12.0]
         [Processed Buffers: Min: 4, Avg: 16.0, Max: 28, Diff: 24, Sum: 32]
      [Scan RS (ms): Min: 0.7, Avg: 3.3, Max: 5.9, Diff: 5.1, Sum: 6.6]
      [Code Root Scanning (ms): Min: 0.0, Avg: 0.0, Max: 0.0, Diff: 0.0, Sum: 0.0]
      [Object Copy (ms): Min: 27.1, Avg: 29.1, Max: 31.1, Diff: 4.0, Sum: 58.2]
      [Termination (ms): Min: 0.0, Avg: 1.3, Max: 2.6, Diff: 2.6, Sum: 2.6]
         [Termination Attempts: Min: 1, Avg: 1.0, Max: 1, Diff: 0, Sum: 2]
      [GC Worker Other (ms): Min: 0.0, Avg: 0.0, Max: 0.0, Diff: 0.0, Sum: 0.0]
      [GC Worker Total (ms): Min: 41.4, Avg: 41.8, Max: 42.2, Diff: 0.8, Sum: 83.5]
      [GC Worker End (ms): Min: 103583952.6, Avg: 103583952.6, Max: 103583952.6, Diff: 0.0]
   [Code Root Fixup: 0.0 ms]
   [Code Root Purge: 0.0 ms]
   [Clear CT: 0.0 ms]
   [Other: 0.9 ms]
      [Choose CSet: 0.0 ms]
      [Ref Proc: 0.5 ms]
      [Ref Enq: 0.0 ms]
      [Redirty Cards: 0.0 ms]
      [Humongous Register: 0.1 ms]
      [Humongous Reclaim: 0.0 ms]
      [Free CSet: 0.0 ms]
   [Eden: 48.0M(48.0M)->0.0B(46.0M) Survivors: 3072.0K->5120.0K Heap: 285.1M(1024.0M)->239.1M(1024.0M)]
 [Times: user=0.03 sys=0.00, real=0.04 secs] 
2017-09-25T16:29:18.148+0900: 103680.954: [GC pause (G1 Evacuation Pause) (young), 0.0486075 secs]
   [Parallel Time: 46.8 ms, GC Workers: 2]
      [GC Worker Start (ms): Min: 103680954.4, Avg: 103680955.4, Max: 103680956.5, Diff: 2.1]
      [Ext Root Scanning (ms): Min: 0.0, Avg: 0.7, Max: 1.4, Diff: 1.4, Sum: 1.4]
      [Update RS (ms): Min: 2.1, Avg: 2.2, Max: 2.2, Diff: 0.1, Sum: 4.4]
         [Processed Buffers: Min: 9, Avg: 16.5, Max: 24, Diff: 15, Sum: 33]
      [Scan RS (ms): Min: 3.2, Avg: 3.5, Max: 3.8, Diff: 0.5, Sum: 7.0]
      [Code Root Scanning (ms): Min: 0.0, Avg: 0.0, Max: 0.0, Diff: 0.0, Sum: 0.0]
      [Object Copy (ms): Min: 38.6, Avg: 39.0, Max: 39.5, Diff: 0.9, Sum: 78.1]
      [Termination (ms): Min: 0.0, Avg: 0.2, Max: 0.4, Diff: 0.4, Sum: 0.4]
         [Termination Attempts: Min: 1, Avg: 1.0, Max: 1, Diff: 0, Sum: 2]
      [GC Worker Other (ms): Min: 0.0, Avg: 0.0, Max: 0.0, Diff: 0.0, Sum: 0.0]
      [GC Worker Total (ms): Min: 44.5, Avg: 45.6, Max: 46.7, Diff: 2.2, Sum: 91.3]
      [GC Worker End (ms): Min: 103681001.0, Avg: 103681001.1, Max: 103681001.1, Diff: 0.1]
   [Code Root Fixup: 0.1 ms]
   [Code Root Purge: 0.0 ms]
   [Clear CT: 0.2 ms]
   [Other: 1.6 ms]
      [Choose CSet: 0.0 ms]
      [Ref Proc: 0.4 ms]
      [Ref Enq: 0.0 ms]
      [Redirty Cards: 0.2 ms]
      [Humongous Register: 0.0 ms]
      [Humongous Reclaim: 0.0 ms]
      [Free CSet: 0.1 ms]
   [Eden: 46.0M(46.0M)->0.0B(45.0M) Survivors: 5120.0K->6144.0K Heap: 285.1M(1024.0M)->241.2M(1024.0M)]
 [Times: user=0.06 sys=0.00, real=0.05 secs] 
2017-09-25T16:30:53.774+0900: 103776.581: [GC pause (G1 Evacuation Pause) (young), 0.0325329 secs]
   [Parallel Time: 30.6 ms, GC Workers: 2]
      [GC Worker Start (ms): Min: 103776580.6, Avg: 103776580.6, Max: 103776580.6, Diff: 0.0]
      [Ext Root Scanning (ms): Min: 0.5, Avg: 0.5, Max: 0.5, Diff: 0.1, Sum: 1.0]
      [Update RS (ms): Min: 0.8, Avg: 0.8, Max: 0.9, Diff: 0.1, Sum: 1.6]
         [Processed Buffers: Min: 13, Avg: 16.0, Max: 19, Diff: 6, Sum: 32]
      [Scan RS (ms): Min: 1.0, Avg: 1.1, Max: 1.2, Diff: 0.1, Sum: 2.2]
      [Code Root Scanning (ms): Min: 0.0, Avg: 0.0, Max: 0.0, Diff: 0.0, Sum: 0.0]
      [Object Copy (ms): Min: 19.3, Avg: 23.8, Max: 28.2, Diff: 8.9, Sum: 47.5]
      [Termination (ms): Min: 0.0, Avg: 4.4, Max: 8.7, Diff: 8.7, Sum: 8.7]
         [Termination Attempts: Min: 1, Avg: 1.0, Max: 1, Diff: 0, Sum: 2]
      [GC Worker Other (ms): Min: 0.0, Avg: 0.0, Max: 0.0, Diff: 0.0, Sum: 0.0]
      [GC Worker Total (ms): Min: 30.5, Avg: 30.6, Max: 30.6, Diff: 0.0, Sum: 61.1]
      [GC Worker End (ms): Min: 103776611.2, Avg: 103776611.2, Max: 103776611.2, Diff: 0.0]
   [Code Root Fixup: 0.1 ms]
   [Code Root Purge: 0.0 ms]
   [Clear CT: 0.2 ms]
   [Other: 1.7 ms]
      [Choose CSet: 0.0 ms]
      [Ref Proc: 0.4 ms]
      [Ref Enq: 0.0 ms]
      [Redirty Cards: 0.2 ms]
      [Humongous Register: 0.0 ms]
      [Humongous Reclaim: 0.0 ms]
      [Free CSet: 0.1 ms]
   [Eden: 45.0M(45.0M)->0.0B(48.0M) Survivors: 6144.0K->3072.0K Heap: 286.2M(1024.0M)->239.7M(1024.0M)]
 [Times: user=0.02 sys=0.00, real=0.03 secs] 
2017-09-25T16:32:35.953+0900: 103878.759: [GC pause (G1 Evacuation Pause) (young), 0.0263231 secs]
   [Parallel Time: 25.6 ms, GC Workers: 2]
      [GC Worker Start (ms): Min: 103878759.3, Avg: 103878759.3, Max: 103878759.3, Diff: 0.0]
      [Ext Root Scanning (ms): Min: 0.7, Avg: 6.8, Max: 12.8, Diff: 12.1, Sum: 13.6]
      [Update RS (ms): Min: 1.7, Avg: 7.9, Max: 14.1, Diff: 12.5, Sum: 15.8]
         [Processed Buffers: Min: 12, Avg: 18.5, Max: 25, Diff: 13, Sum: 37]
      [Scan RS (ms): Min: 2.2, Avg: 2.7, Max: 3.3, Diff: 1.1, Sum: 5.5]
      [Code Root Scanning (ms): Min: 0.0, Avg: 0.0, Max: 0.0, Diff: 0.0, Sum: 0.0]
      [Object Copy (ms): Min: 6.9, Avg: 7.9, Max: 8.8, Diff: 1.9, Sum: 15.7]
      [Termination (ms): Min: 0.0, Avg: 0.0, Max: 0.0, Diff: 0.0, Sum: 0.0]
         [Termination Attempts: Min: 1, Avg: 1.0, Max: 1, Diff: 0, Sum: 2]
      [GC Worker Other (ms): Min: 0.0, Avg: 0.2, Max: 0.5, Diff: 0.5, Sum: 0.5]
      [GC Worker Total (ms): Min: 25.5, Avg: 25.5, Max: 25.5, Diff: 0.0, Sum: 51.1]
      [GC Worker End (ms): Min: 103878784.9, Avg: 103878784.9, Max: 103878784.9, Diff: 0.0]
   [Code Root Fixup: 0.0 ms]
   [Code Root Purge: 0.0 ms]
   [Clear CT: 0.1 ms]
   [Other: 0.6 ms]
      [Choose CSet: 0.0 ms]
      [Ref Proc: 0.2 ms]
      [Ref Enq: 0.0 ms]
      [Redirty Cards: 0.1 ms]
      [Humongous Register: 0.0 ms]
      [Humongous Reclaim: 0.0 ms]
      [Free CSet: 0.1 ms]
   [Eden: 48.0M(48.0M)->0.0B(46.0M) Survivors: 3072.0K->5120.0K Heap: 287.7M(1024.0M)->241.7M(1024.0M)]
 [Times: user=0.03 sys=0.01, real=0.03 secs] 
2017-09-25T16:34:13.234+0900: 103976.040: [GC pause (G1 Evacuation Pause) (young), 0.0186837 secs]
   [Parallel Time: 17.7 ms, GC Workers: 2]
      [GC Worker Start (ms): Min: 103976040.3, Avg: 103976040.4, Max: 103976040.4, Diff: 0.0]
      [Ext Root Scanning (ms): Min: 1.2, Avg: 1.3, Max: 1.4, Diff: 0.2, Sum: 2.7]
      [Update RS (ms): Min: 1.2, Avg: 1.2, Max: 1.2, Diff: 0.0, Sum: 2.4]
         [Processed Buffers: Min: 16, Avg: 16.0, Max: 16, Diff: 0, Sum: 32]
      [Scan RS (ms): Min: 1.5, Avg: 1.5, Max: 1.5, Diff: 0.0, Sum: 3.0]
      [Code Root Scanning (ms): Min: 0.0, Avg: 0.0, Max: 0.0, Diff: 0.0, Sum: 0.0]
      [Object Copy (ms): Min: 13.4, Avg: 13.5, Max: 13.5, Diff: 0.1, Sum: 27.0]
      [Termination (ms): Min: 0.0, Avg: 0.0, Max: 0.0, Diff: 0.0, Sum: 0.0]
         [Termination Attempts: Min: 1, Avg: 1.0, Max: 1, Diff: 0, Sum: 2]
      [GC Worker Other (ms): Min: 0.0, Avg: 0.0, Max: 0.0, Diff: 0.0, Sum: 0.0]
      [GC Worker Total (ms): Min: 17.5, Avg: 17.6, Max: 17.6, Diff: 0.0, Sum: 35.1]
      [GC Worker End (ms): Min: 103976057.9, Avg: 103976057.9, Max: 103976057.9, Diff: 0.0]
   [Code Root Fixup: 0.1 ms]
   [Code Root Purge: 0.0 ms]
   [Clear CT: 0.1 ms]
   [Other: 0.9 ms]
      [Choose CSet: 0.0 ms]
      [Ref Proc: 0.3 ms]
      [Ref Enq: 0.0 ms]
      [Redirty Cards: 0.1 ms]
      [Humongous Register: 0.1 ms]
      [Humongous Reclaim: 0.0 ms]
      [Free CSet: 0.1 ms]
   [Eden: 46.0M(46.0M)->0.0B(45.0M) Survivors: 5120.0K->6144.0K Heap: 287.7M(1024.0M)->243.8M(1024.0M)]
 [Times: user=0.03 sys=0.00, real=0.02 secs] 
2017-09-25T16:35:48.390+0900: 104071.196: [GC pause (G1 Evacuation Pause) (young), 0.0347399 secs]
   [Parallel Time: 33.0 ms, GC Workers: 2]
      [GC Worker Start (ms): Min: 104071196.3, Avg: 104071196.3, Max: 104071196.3, Diff: 0.0]
      [Ext Root Scanning (ms): Min: 0.9, Avg: 1.6, Max: 2.2, Diff: 1.3, Sum: 3.2]
      [Update RS (ms): Min: 5.3, Avg: 6.1, Max: 6.9, Diff: 1.6, Sum: 12.2]
         [Processed Buffers: Min: 8, Avg: 16.5, Max: 25, Diff: 17, Sum: 33]
      [Scan RS (ms): Min: 2.1, Avg: 2.4, Max: 2.7, Diff: 0.6, Sum: 4.7]
      [Code Root Scanning (ms): Min: 0.0, Avg: 0.0, Max: 0.0, Diff: 0.0, Sum: 0.0]
      [Object Copy (ms): Min: 21.4, Avg: 22.4, Max: 23.5, Diff: 2.1, Sum: 44.8]
      [Termination (ms): Min: 0.0, Avg: 0.1, Max: 0.2, Diff: 0.2, Sum: 0.2]
         [Termination Attempts: Min: 1, Avg: 1.0, Max: 1, Diff: 0, Sum: 2]
      [GC Worker Other (ms): Min: 0.0, Avg: 0.0, Max: 0.0, Diff: 0.0, Sum: 0.1]
      [GC Worker Total (ms): Min: 32.6, Avg: 32.6, Max: 32.6, Diff: 0.0, Sum: 65.3]
      [GC Worker End (ms): Min: 104071228.9, Avg: 104071228.9, Max: 104071228.9, Diff: 0.0]
   [Code Root Fixup: 0.1 ms]
   [Code Root Purge: 0.0 ms]
   [Clear CT: 0.2 ms]
   [Other: 1.5 ms]
      [Choose CSet: 0.0 ms]
      [Ref Proc: 0.3 ms]
      [Ref Enq: 0.0 ms]
      [Redirty Cards: 0.3 ms]
      [Humongous Register: 0.1 ms]
      [Humongous Reclaim: 0.0 ms]
      [Free CSet: 0.0 ms]
   [Eden: 45.0M(45.0M)->0.0B(47.0M) Survivors: 6144.0K->4096.0K Heap: 288.8M(1024.0M)->242.9M(1024.0M)]
 [Times: user=0.03 sys=0.02, real=0.04 secs] 
2017-09-25T16:37:28.045+0900: 104170.851: [GC pause (G1 Evacuation Pause) (young), 0.0371106 secs]
   [Parallel Time: 35.3 ms, GC Workers: 2]
      [GC Worker Start (ms): Min: 104170851.4, Avg: 104170851.4, Max: 104170851.5, Diff: 0.1]
      [Ext Root Scanning (ms): Min: 1.9, Avg: 1.9, Max: 2.0, Diff: 0.1, Sum: 3.9]
      [Update RS (ms): Min: 6.3, Avg: 6.4, Max: 6.5, Diff: 0.2, Sum: 12.8]
         [Processed Buffers: Min: 15, Avg: 15.5, Max: 16, Diff: 1, Sum: 31]
      [Scan RS (ms): Min: 4.3, Avg: 4.4, Max: 4.4, Diff: 0.1, Sum: 8.7]
      [Code Root Scanning (ms): Min: 0.0, Avg: 0.0, Max: 0.0, Diff: 0.0, Sum: 0.0]
      [Object Copy (ms): Min: 18.6, Avg: 20.4, Max: 22.2, Diff: 3.6, Sum: 40.8]
      [Termination (ms): Min: 0.0, Avg: 1.8, Max: 3.6, Diff: 3.5, Sum: 3.6]
         [Termination Attempts: Min: 1, Avg: 1.0, Max: 1, Diff: 0, Sum: 2]
      [GC Worker Other (ms): Min: 0.0, Avg: 0.0, Max: 0.0, Diff: 0.0, Sum: 0.1]
      [GC Worker Total (ms): Min: 34.8, Avg: 34.9, Max: 34.9, Diff: 0.1, Sum: 69.7]
      [GC Worker End (ms): Min: 104170886.2, Avg: 104170886.3, Max: 104170886.4, Diff: 0.2]
   [Code Root Fixup: 0.1 ms]
   [Code Root Purge: 0.0 ms]
   [Clear CT: 0.2 ms]
   [Other: 1.5 ms]
      [Choose CSet: 0.0 ms]
      [Ref Proc: 0.5 ms]
      [Ref Enq: 0.0 ms]
      [Redirty Cards: 0.4 ms]
      [Humongous Register: 0.1 ms]
      [Humongous Reclaim: 0.0 ms]
      [Free CSet: 0.1 ms]
   [Eden: 47.0M(47.0M)->0.0B(46.0M) Survivors: 4096.0K->5120.0K Heap: 289.9M(1024.0M)->244.4M(1024.0M)]
 [Times: user=0.07 sys=0.00, real=0.03 secs] 
2017-09-25T18:20:11.000+0900: 104188.151: [GC pause (G1 Evacuation Pause) (young), 0.0605856 secs]
   [Parallel Time: 57.9 ms, GC Workers: 2]
      [GC Worker Start (ms): Min: 104188151.6, Avg: 104188151.9, Max: 104188152.3, Diff: 0.7]
      [Ext Root Scanning (ms): Min: 3.3, Avg: 3.9, Max: 4.6, Diff: 1.4, Sum: 7.9]
      [Update RS (ms): Min: 0.9, Avg: 1.9, Max: 3.0, Diff: 2.1, Sum: 3.9]
         [Processed Buffers: Min: 8, Avg: 14.5, Max: 21, Diff: 13, Sum: 29]
      [Scan RS (ms): Min: 1.1, Avg: 1.1, Max: 1.1, Diff: 0.0, Sum: 2.2]
      [Code Root Scanning (ms): Min: 0.0, Avg: 0.0, Max: 0.0, Diff: 0.0, Sum: 0.0]
      [Object Copy (ms): Min: 49.9, Avg: 49.9, Max: 50.0, Diff: 0.1, Sum: 99.9]
      [Termination (ms): Min: 0.0, Avg: 0.1, Max: 0.3, Diff: 0.3, Sum: 0.3]
         [Termination Attempts: Min: 1, Avg: 1.0, Max: 1, Diff: 0, Sum: 2]
      [GC Worker Other (ms): Min: 0.0, Avg: 0.0, Max: 0.0, Diff: 0.0, Sum: 0.1]
      [GC Worker Total (ms): Min: 56.8, Avg: 57.1, Max: 57.4, Diff: 0.6, Sum: 114.2]
      [GC Worker End (ms): Min: 104188209.0, Avg: 104188209.0, Max: 104188209.1, Diff: 0.1]
   [Code Root Fixup: 0.1 ms]
   [Code Root Purge: 0.0 ms]
   [Clear CT: 0.3 ms]
   [Other: 2.3 ms]
      [Choose CSet: 0.0 ms]
      [Ref Proc: 0.7 ms]
      [Ref Enq: 0.0 ms]
      [Redirty Cards: 0.1 ms]
      [Humongous Register: 0.1 ms]
      [Humongous Reclaim: 0.1 ms]
      [Free CSet: 0.1 ms]
   [Eden: 46.0M(46.0M)->0.0B(47.0M) Survivors: 5120.0K->4096.0K Heap: 290.4M(1024.0M)->245.4M(1024.0M)]
 [Times: user=0.04 sys=0.00, real=0.06 secs] 
2017-09-25T18:20:11.474+0900: 104188.626: [GC pause (G1 Evacuation Pause) (young), 0.0228337 secs]
   [Parallel Time: 22.0 ms, GC Workers: 2]
      [GC Worker Start (ms): Min: 104188626.0, Avg: 104188626.3, Max: 104188626.6, Diff: 0.6]
      [Ext Root Scanning (ms): Min: 6.2, Avg: 6.3, Max: 6.4, Diff: 0.2, Sum: 12.6]
      [Update RS (ms): Min: 3.9, Avg: 4.1, Max: 4.2, Diff: 0.3, Sum: 8.1]
         [Processed Buffers: Min: 5, Avg: 10.5, Max: 16, Diff: 11, Sum: 21]
      [Scan RS (ms): Min: 0.4, Avg: 0.5, Max: 0.5, Diff: 0.1, Sum: 0.9]
      [Code Root Scanning (ms): Min: 0.0, Avg: 0.0, Max: 0.0, Diff: 0.0, Sum: 0.0]
      [Object Copy (ms): Min: 7.3, Avg: 9.0, Max: 10.8, Diff: 3.5, Sum: 18.0]
      [Termination (ms): Min: 0.0, Avg: 1.7, Max: 3.4, Diff: 3.4, Sum: 3.4]
         [Termination Attempts: Min: 1, Avg: 1.0, Max: 1, Diff: 0, Sum: 2]
      [GC Worker Other (ms): Min: 0.0, Avg: 0.0, Max: 0.0, Diff: 0.0, Sum: 0.0]
      [GC Worker Total (ms): Min: 21.3, Avg: 21.6, Max: 21.9, Diff: 0.6, Sum: 43.2]
      [GC Worker End (ms): Min: 104188647.9, Avg: 104188647.9, Max: 104188647.9, Diff: 0.0]
   [Code Root Fixup: 0.0 ms]
   [Code Root Purge: 0.0 ms]
   [Clear CT: 0.1 ms]
   [Other: 0.7 ms]
      [Choose CSet: 0.0 ms]
      [Ref Proc: 0.1 ms]
      [Ref Enq: 0.0 ms]
      [Redirty Cards: 0.1 ms]
      [Humongous Register: 0.2 ms]
      [Humongous Reclaim: 0.0 ms]
      [Free CSet: 0.0 ms]
   [Eden: 47.0M(47.0M)->0.0B(48.0M) Survivors: 4096.0K->3072.0K Heap: 292.4M(1024.0M)->244.9M(1024.0M)]
 [Times: user=0.02 sys=0.00, real=0.03 secs] 
2017-09-25T18:20:11.772+0900: 104188.923: [GC pause (G1 Evacuation Pause) (young), 0.0167967 secs]
   [Parallel Time: 11.3 ms, GC Workers: 2]
      [GC Worker Start (ms): Min: 104188923.3, Avg: 104188923.3, Max: 104188923.3, Diff: 0.0]
      [Ext Root Scanning (ms): Min: 1.7, Avg: 5.0, Max: 8.2, Diff: 6.5, Sum: 9.9]
      [Update RS (ms): Min: 0.0, Avg: 0.8, Max: 1.5, Diff: 1.5, Sum: 1.5]
         [Processed Buffers: Min: 0, Avg: 9.0, Max: 18, Diff: 18, Sum: 18]
      [Scan RS (ms): Min: 0.0, Avg: 0.6, Max: 1.1, Diff: 1.1, Sum: 1.1]
      [Code Root Scanning (ms): Min: 0.0, Avg: 0.0, Max: 0.1, Diff: 0.1, Sum: 0.1]
      [Object Copy (ms): Min: 2.7, Avg: 4.6, Max: 6.5, Diff: 3.9, Sum: 9.2]
      [Termination (ms): Min: 0.0, Avg: 0.0, Max: 0.0, Diff: 0.0, Sum: 0.0]
         [Termination Attempts: Min: 1, Avg: 1.0, Max: 1, Diff: 0, Sum: 2]
      [GC Worker Other (ms): Min: 0.0, Avg: 0.0, Max: 0.0, Diff: 0.0, Sum: 0.0]
      [GC Worker Total (ms): Min: 10.9, Avg: 10.9, Max: 11.0, Diff: 0.0, Sum: 21.9]
      [GC Worker End (ms): Min: 104188934.2, Avg: 104188934.2, Max: 104188934.2, Diff: 0.0]
   [Code Root Fixup: 1.0 ms]
   [Code Root Purge: 0.0 ms]
   [Clear CT: 0.2 ms]
   [Other: 4.3 ms]
      [Choose CSet: 0.0 ms]
      [Ref Proc: 2.5 ms]
      [Ref Enq: 0.0 ms]
      [Redirty Cards: 0.1 ms]
      [Humongous Register: 0.1 ms]
      [Humongous Reclaim: 0.1 ms]
      [Free CSet: 0.1 ms]
   [Eden: 48.0M(48.0M)->0.0B(48.0M) Survivors: 3072.0K->3072.0K Heap: 292.9M(1024.0M)->244.9M(1024.0M)]
 [Times: user=0.01 sys=0.01, real=0.02 secs] 
2017-09-25T18:20:12.197+0900: 104189.349: [GC pause (G1 Evacuation Pause) (young), 0.0518679 secs]
   [Parallel Time: 40.4 ms, GC Workers: 2]
      [GC Worker Start (ms): Min: 104189352.4, Avg: 104189357.4, Max: 104189362.4, Diff: 10.1]
      [Ext Root Scanning (ms): Min: 2.3, Avg: 8.1, Max: 13.8, Diff: 11.4, Sum: 16.1]
      [Update RS (ms): Min: 11.4, Avg: 12.6, Max: 13.9, Diff: 2.6, Sum: 25.3]
         [Processed Buffers: Min: 7, Avg: 12.5, Max: 18, Diff: 11, Sum: 25]
      [Scan RS (ms): Min: 0.0, Avg: 0.4, Max: 0.8, Diff: 0.8, Sum: 0.8]
      [Code Root Scanning (ms): Min: 0.0, Avg: 0.1, Max: 0.1, Diff: 0.1, Sum: 0.1]
      [Object Copy (ms): Min: 10.2, Avg: 10.3, Max: 10.5, Diff: 0.3, Sum: 20.7]
      [Termination (ms): Min: 0.0, Avg: 0.0, Max: 0.0, Diff: 0.0, Sum: 0.0]
         [Termination Attempts: Min: 1, Avg: 1.0, Max: 1, Diff: 0, Sum: 2]
      [GC Worker Other (ms): Min: 0.0, Avg: 0.1, Max: 0.1, Diff: 0.1, Sum: 0.1]
      [GC Worker Total (ms): Min: 26.5, Avg: 31.6, Max: 36.6, Diff: 10.1, Sum: 63.1]
      [GC Worker End (ms): Min: 104189389.0, Avg: 104189389.0, Max: 104189389.0, Diff: 0.0]
   [Code Root Fixup: 0.1 ms]
   [Code Root Purge: 0.0 ms]
   [Clear CT: 0.2 ms]
   [Other: 11.2 ms]
      [Choose CSet: 0.0 ms]
      [Ref Proc: 10.1 ms]
      [Ref Enq: 0.0 ms]
      [Redirty Cards: 0.2 ms]
      [Humongous Register: 0.0 ms]
      [Humongous Reclaim: 0.3 ms]
      [Free CSet: 0.1 ms]
   [Eden: 48.0M(48.0M)->0.0B(46.0M) Survivors: 3072.0K->5120.0K Heap: 292.9M(1024.0M)->246.4M(1024.0M)]
 [Times: user=0.04 sys=0.01, real=0.05 secs] 
2017-09-25T18:21:05.624+0900: 104242.775: [GC pause (G1 Evacuation Pause) (young), 0.0115774 secs]
   [Parallel Time: 10.9 ms, GC Workers: 2]
      [GC Worker Start (ms): Min: 104242775.4, Avg: 104242775.4, Max: 104242775.4, Diff: 0.0]
      [Ext Root Scanning (ms): Min: 0.5, Avg: 0.6, Max: 0.6, Diff: 0.1, Sum: 1.1]
      [Update RS (ms): Min: 0.8, Avg: 1.0, Max: 1.2, Diff: 0.3, Sum: 2.0]
         [Processed Buffers: Min: 15, Avg: 17.5, Max: 20, Diff: 5, Sum: 35]
      [Scan RS (ms): Min: 0.5, Avg: 4.9, Max: 9.3, Diff: 8.8, Sum: 9.7]
      [Code Root Scanning (ms): Min: 0.0, Avg: 0.0, Max: 0.1, Diff: 0.1, Sum: 0.1]
      [Object Copy (ms): Min: 0.0, Avg: 1.7, Max: 3.4, Diff: 3.4, Sum: 3.5]
      [Termination (ms): Min: 0.0, Avg: 2.6, Max: 5.2, Diff: 5.2, Sum: 5.2]
         [Termination Attempts: Min: 1, Avg: 1.5, Max: 2, Diff: 1, Sum: 3]
      [GC Worker Other (ms): Min: 0.0, Avg: 0.0, Max: 0.0, Diff: 0.0, Sum: 0.0]
      [GC Worker Total (ms): Min: 10.8, Avg: 10.8, Max: 10.8, Diff: 0.0, Sum: 21.6]
      [GC Worker End (ms): Min: 104242786.2, Avg: 104242786.2, Max: 104242786.2, Diff: 0.0]
   [Code Root Fixup: 0.0 ms]
   [Code Root Purge: 0.0 ms]
   [Clear CT: 0.1 ms]
   [Other: 0.6 ms]
      [Choose CSet: 0.0 ms]
      [Ref Proc: 0.2 ms]
      [Ref Enq: 0.0 ms]
      [Redirty Cards: 0.0 ms]
      [Humongous Register: 0.0 ms]
      [Humongous Reclaim: 0.0 ms]
      [Free CSet: 0.0 ms]
   [Eden: 46.0M(46.0M)->0.0B(47.0M) Survivors: 5120.0K->4096.0K Heap: 292.4M(1024.0M)->245.4M(1024.0M)]
 [Times: user=0.01 sys=0.00, real=0.01 secs] 
2017-09-25T18:25:42.426+0900: 104294.709: [GC pause (G1 Humongous Allocation) (young) (initial-mark), 0.0401015 secs]
   [Parallel Time: 32.8 ms, GC Workers: 2]
      [GC Worker Start (ms): Min: 104294711.8, Avg: 104294714.3, Max: 104294716.8, Diff: 5.0]
      [Ext Root Scanning (ms): Min: 6.5, Avg: 7.7, Max: 8.9, Diff: 2.4, Sum: 15.5]
      [Update RS (ms): Min: 0.4, Avg: 1.7, Max: 2.9, Diff: 2.6, Sum: 3.3]
         [Processed Buffers: Min: 18, Avg: 22.5, Max: 27, Diff: 9, Sum: 45]
      [Scan RS (ms): Min: 1.2, Avg: 1.2, Max: 1.2, Diff: 0.0, Sum: 2.4]
      [Code Root Scanning (ms): Min: 0.0, Avg: 0.0, Max: 0.1, Diff: 0.1, Sum: 0.1]
      [Object Copy (ms): Min: 9.8, Avg: 12.5, Max: 15.1, Diff: 5.3, Sum: 25.0]
      [Termination (ms): Min: 0.0, Avg: 4.8, Max: 9.5, Diff: 9.5, Sum: 9.5]
         [Termination Attempts: Min: 1, Avg: 1.0, Max: 1, Diff: 0, Sum: 2]
      [GC Worker Other (ms): Min: 0.0, Avg: 0.0, Max: 0.0, Diff: 0.0, Sum: 0.1]
      [GC Worker Total (ms): Min: 27.6, Avg: 27.9, Max: 28.3, Diff: 0.7, Sum: 55.8]
      [GC Worker End (ms): Min: 104294740.1, Avg: 104294742.2, Max: 104294744.3, Diff: 4.2]
   [Code Root Fixup: 0.0 ms]
   [Code Root Purge: 0.0 ms]
   [Clear CT: 0.1 ms]
   [Other: 7.1 ms]
      [Choose CSet: 0.0 ms]
      [Ref Proc: 0.8 ms]
      [Ref Enq: 0.0 ms]
      [Redirty Cards: 0.1 ms]
      [Humongous Register: 2.1 ms]
      [Humongous Reclaim: 3.6 ms]
      [Free CSet: 0.1 ms]
   [Eden: 31.0M(47.0M)->0.0B(48.0M) Survivors: 4096.0K->3072.0K Heap: 370.6M(1024.0M)->244.4M(1024.0M)]
 [Times: user=0.03 sys=0.00, real=0.04 secs] 
2017-09-25T18:25:42.467+0900: 104294.750: [GC concurrent-root-region-scan-start]
2017-09-25T18:25:42.474+0900: 104294.757: [GC concurrent-root-region-scan-end, 0.0071478 secs]
2017-09-25T18:25:42.475+0900: 104294.758: [GC concurrent-mark-start]
2017-09-25T18:25:42.607+0900: 104294.890: [GC concurrent-mark-end, 0.1323109 secs]
2017-09-25T18:25:42.607+0900: 104294.891: [GC remark 2017-09-25T18:25:42.607+0900: 104294.891: [Finalize Marking, 0.0007472 secs] 2017-09-25T18:25:42.608+0900: 104294.891: [GC ref-proc, 0.0004853 secs] 2017-09-25T18:25:42.609+0900: 104294.892: [Unloading, 0.0665089 secs], 0.0686261 secs]
 [Times: user=0.03 sys=0.00, real=0.06 secs] 
2017-09-25T18:25:42.676+0900: 104294.960: [GC cleanup 275M->250M(1024M), 0.0020210 secs]
 [Times: user=0.00 sys=0.00, real=0.01 secs] 
2017-09-25T18:25:42.678+0900: 104294.962: [GC concurrent-cleanup-start]
2017-09-25T18:25:42.678+0900: 104294.962: [GC concurrent-cleanup-end, 0.0000756 secs]
2017-09-25T18:26:33.726+0900: 104299.222: [GC pause (G1 Evacuation Pause) (young), 0.0147001 secs]
   [Parallel Time: 12.9 ms, GC Workers: 2]
      [GC Worker Start (ms): Min: 104299222.6, Avg: 104299222.7, Max: 104299222.7, Diff: 0.0]
      [Ext Root Scanning (ms): Min: 1.1, Avg: 1.1, Max: 1.1, Diff: 0.0, Sum: 2.3]
      [Update RS (ms): Min: 0.7, Avg: 0.7, Max: 0.7, Diff: 0.0, Sum: 1.3]
         [Processed Buffers: Min: 14, Avg: 16.0, Max: 18, Diff: 4, Sum: 32]
      [Scan RS (ms): Min: 0.5, Avg: 0.6, Max: 0.6, Diff: 0.0, Sum: 1.1]
      [Code Root Scanning (ms): Min: 0.0, Avg: 0.0, Max: 0.0, Diff: 0.0, Sum: 0.0]
      [Object Copy (ms): Min: 1.9, Avg: 5.8, Max: 9.7, Diff: 7.8, Sum: 11.6]
      [Termination (ms): Min: 0.0, Avg: 4.2, Max: 8.5, Diff: 8.5, Sum: 8.5]
         [Termination Attempts: Min: 1, Avg: 1.0, Max: 1, Diff: 0, Sum: 2]
      [GC Worker Other (ms): Min: 0.0, Avg: 0.0, Max: 0.0, Diff: 0.0, Sum: 0.1]
      [GC Worker Total (ms): Min: 12.1, Avg: 12.5, Max: 12.8, Diff: 0.7, Sum: 24.9]
      [GC Worker End (ms): Min: 104299234.8, Avg: 104299235.1, Max: 104299235.5, Diff: 0.7]
   [Code Root Fixup: 0.1 ms]
   [Code Root Purge: 0.0 ms]
   [Clear CT: 0.2 ms]
   [Other: 1.4 ms]
      [Choose CSet: 0.0 ms]
      [Ref Proc: 0.7 ms]
      [Ref Enq: 0.0 ms]
      [Redirty Cards: 0.1 ms]
      [Humongous Register: 0.0 ms]
      [Humongous Reclaim: 0.1 ms]
      [Free CSet: 0.1 ms]
   [Eden: 48.0M(48.0M)->0.0B(48.0M) Survivors: 3072.0K->3072.0K Heap: 297.4M(1024.0M)->219.3M(1024.0M)]
 [Times: user=0.02 sys=0.00, real=0.01 secs] 
2017-09-25T18:26:33.838+0900: 104299.335: [GC pause (G1 Evacuation Pause) (mixed), 0.0091445 secs]
   [Parallel Time: 7.7 ms, GC Workers: 2]
      [GC Worker Start (ms): Min: 104299335.0, Avg: 104299335.3, Max: 104299335.6, Diff: 0.6]
      [Ext Root Scanning (ms): Min: 0.5, Avg: 1.3, Max: 2.1, Diff: 1.6, Sum: 2.6]
      [Update RS (ms): Min: 0.2, Avg: 1.0, Max: 1.7, Diff: 1.6, Sum: 1.9]
         [Processed Buffers: Min: 1, Avg: 6.0, Max: 11, Diff: 10, Sum: 12]
      [Scan RS (ms): Min: 2.1, Avg: 3.4, Max: 4.6, Diff: 2.4, Sum: 6.7]
      [Code Root Scanning (ms): Min: 0.0, Avg: 0.0, Max: 0.0, Diff: 0.0, Sum: 0.1]
      [Object Copy (ms): Min: 0.1, Avg: 1.4, Max: 2.7, Diff: 2.6, Sum: 2.8]
      [Termination (ms): Min: 0.0, Avg: 0.3, Max: 0.5, Diff: 0.5, Sum: 0.5]
         [Termination Attempts: Min: 1, Avg: 1.0, Max: 1, Diff: 0, Sum: 2]
      [GC Worker Other (ms): Min: 0.0, Avg: 0.0, Max: 0.0, Diff: 0.0, Sum: 0.0]
      [GC Worker Total (ms): Min: 6.9, Avg: 7.3, Max: 7.6, Diff: 0.7, Sum: 14.6]
      [GC Worker End (ms): Min: 104299342.5, Avg: 104299342.6, Max: 104299342.6, Diff: 0.1]
   [Code Root Fixup: 0.1 ms]
   [Code Root Purge: 0.0 ms]
   [Clear CT: 0.1 ms]
   [Other: 1.3 ms]
      [Choose CSet: 0.0 ms]
      [Ref Proc: 1.0 ms]
      [Ref Enq: 0.0 ms]
      [Redirty Cards: 0.1 ms]
      [Humongous Register: 0.0 ms]
      [Humongous Reclaim: 0.0 ms]
      [Free CSet: 0.1 ms]
   [Eden: 48.0M(48.0M)->0.0B(49.0M) Survivors: 3072.0K->2048.0K Heap: 267.3M(1024.0M)->207.9M(1024.0M)]
 [Times: user=0.01 sys=0.00, real=0.01 secs] 
2017-09-25T18:26:34.136+0900: 104299.633: [GC pause (G1 Evacuation Pause) (mixed), 0.0087544 secs]
   [Parallel Time: 7.8 ms, GC Workers: 2]
      [GC Worker Start (ms): Min: 104299632.9, Avg: 104299632.9, Max: 104299632.9, Diff: 0.1]
      [Ext Root Scanning (ms): Min: 0.6, Avg: 0.7, Max: 0.8, Diff: 0.1, Sum: 1.4]
      [Update RS (ms): Min: 1.6, Avg: 1.7, Max: 1.8, Diff: 0.2, Sum: 3.5]
         [Processed Buffers: Min: 1, Avg: 15.5, Max: 30, Diff: 29, Sum: 31]
      [Scan RS (ms): Min: 3.0, Avg: 3.0, Max: 3.0, Diff: 0.0, Sum: 6.0]
      [Code Root Scanning (ms): Min: 0.0, Avg: 0.0, Max: 0.1, Diff: 0.1, Sum: 0.1]
      [Object Copy (ms): Min: 2.2, Avg: 2.3, Max: 2.4, Diff: 0.2, Sum: 4.6]
      [Termination (ms): Min: 0.0, Avg: 0.0, Max: 0.0, Diff: 0.0, Sum: 0.0]
         [Termination Attempts: Min: 1, Avg: 1.0, Max: 1, Diff: 0, Sum: 2]
      [GC Worker Other (ms): Min: 0.0, Avg: 0.0, Max: 0.0, Diff: 0.0, Sum: 0.0]
      [GC Worker Total (ms): Min: 7.7, Avg: 7.8, Max: 7.8, Diff: 0.1, Sum: 15.5]
      [GC Worker End (ms): Min: 104299640.7, Avg: 104299640.7, Max: 104299640.7, Diff: 0.0]
   [Code Root Fixup: 0.1 ms]
   [Code Root Purge: 0.0 ms]
   [Clear CT: 0.1 ms]
   [Other: 0.8 ms]
      [Choose CSet: 0.0 ms]
      [Ref Proc: 0.1 ms]
      [Ref Enq: 0.0 ms]
      [Redirty Cards: 0.0 ms]
      [Humongous Register: 0.0 ms]
      [Humongous Reclaim: 0.0 ms]
      [Free CSet: 0.3 ms]
   [Eden: 49.0M(49.0M)->0.0B(48.0M) Survivors: 2048.0K->3072.0K Heap: 256.9M(1024.0M)->197.9M(1024.0M)]
 [Times: user=0.01 sys=0.00, real=0.01 secs] 
2017-09-25T18:26:34.281+0900: 104299.778: [GC pause (G1 Evacuation Pause) (mixed), 0.0073326 secs]
   [Parallel Time: 6.3 ms, GC Workers: 2]
      [GC Worker Start (ms): Min: 104299777.6, Avg: 104299777.6, Max: 104299777.6, Diff: 0.0]
      [Ext Root Scanning (ms): Min: 0.6, Avg: 0.7, Max: 0.7, Diff: 0.1, Sum: 1.3]
      [Update RS (ms): Min: 0.8, Avg: 1.0, Max: 1.2, Diff: 0.4, Sum: 2.0]
         [Processed Buffers: Min: 2, Avg: 7.0, Max: 12, Diff: 10, Sum: 14]
      [Scan RS (ms): Min: 2.3, Avg: 2.5, Max: 2.7, Diff: 0.4, Sum: 5.0]
      [Code Root Scanning (ms): Min: 0.0, Avg: 0.1, Max: 0.1, Diff: 0.1, Sum: 0.1]
      [Object Copy (ms): Min: 2.1, Avg: 2.1, Max: 2.1, Diff: 0.0, Sum: 4.1]
      [Termination (ms): Min: 0.0, Avg: 0.0, Max: 0.0, Diff: 0.0, Sum: 0.0]
         [Termination Attempts: Min: 1, Avg: 1.0, Max: 1, Diff: 0, Sum: 2]
      [GC Worker Other (ms): Min: 0.0, Avg: 0.0, Max: 0.0, Diff: 0.0, Sum: 0.0]
      [GC Worker Total (ms): Min: 6.3, Avg: 6.3, Max: 6.3, Diff: 0.0, Sum: 12.6]
      [GC Worker End (ms): Min: 104299783.9, Avg: 104299783.9, Max: 104299783.9, Diff: 0.0]
   [Code Root Fixup: 0.1 ms]
   [Code Root Purge: 0.0 ms]
   [Clear CT: 0.1 ms]
   [Other: 0.8 ms]
      [Choose CSet: 0.0 ms]
      [Ref Proc: 0.1 ms]
      [Ref Enq: 0.0 ms]
      [Redirty Cards: 0.0 ms]
      [Humongous Register: 0.0 ms]
      [Humongous Reclaim: 0.0 ms]
      [Free CSet: 0.1 ms]
   [Eden: 48.0M(48.0M)->0.0B(58.0M) Survivors: 3072.0K->3072.0K Heap: 245.9M(1024.0M)->190.4M(1024.0M)]
 [Times: user=0.00 sys=0.00, real=0.01 secs] 
2017-09-25T18:28:22.673+0900: 104408.170: [GC pause (G1 Evacuation Pause) (young), 0.0417566 secs]
   [Parallel Time: 40.7 ms, GC Workers: 2]
      [GC Worker Start (ms): Min: 104408169.7, Avg: 104408169.7, Max: 104408169.7, Diff: 0.0]
      [Ext Root Scanning (ms): Min: 0.6, Avg: 1.0, Max: 1.4, Diff: 0.8, Sum: 2.0]
      [Update RS (ms): Min: 2.4, Avg: 2.6, Max: 2.7, Diff: 0.3, Sum: 5.1]
         [Processed Buffers: Min: 4, Avg: 17.5, Max: 31, Diff: 27, Sum: 35]
      [Scan RS (ms): Min: 0.0, Avg: 0.1, Max: 0.3, Diff: 0.2, Sum: 0.3]
      [Code Root Scanning (ms): Min: 0.0, Avg: 0.1, Max: 0.2, Diff: 0.2, Sum: 0.2]
      [Object Copy (ms): Min: 36.4, Avg: 36.8, Max: 37.3, Diff: 0.9, Sum: 73.7]
      [Termination (ms): Min: 0.0, Avg: 0.0, Max: 0.1, Diff: 0.1, Sum: 0.1]
         [Termination Attempts: Min: 1, Avg: 1.0, Max: 1, Diff: 0, Sum: 2]
      [GC Worker Other (ms): Min: 0.0, Avg: 0.0, Max: 0.0, Diff: 0.0, Sum: 0.0]
      [GC Worker Total (ms): Min: 40.7, Avg: 40.7, Max: 40.7, Diff: 0.0, Sum: 81.4]
      [GC Worker End (ms): Min: 104408210.4, Avg: 104408210.4, Max: 104408210.4, Diff: 0.0]
   [Code Root Fixup: 0.1 ms]
   [Code Root Purge: 0.0 ms]
   [Clear CT: 0.1 ms]
   [Other: 0.9 ms]
      [Choose CSet: 0.0 ms]
      [Ref Proc: 0.4 ms]
      [Ref Enq: 0.0 ms]
      [Redirty Cards: 0.0 ms]
      [Humongous Register: 0.0 ms]
      [Humongous Reclaim: 0.0 ms]
      [Free CSet: 0.2 ms]
   [Eden: 58.0M(58.0M)->0.0B(46.0M) Survivors: 3072.0K->5120.0K Heap: 248.4M(1024.0M)->192.5M(1024.0M)]
 [Times: user=0.01 sys=0.01, real=0.04 secs] 
2017-09-25T20:06:08.089+0900: 104492.576: [GC pause (G1 Evacuation Pause) (young), 0.0092295 secs]
   [Parallel Time: 7.1 ms, GC Workers: 2]
      [GC Worker Start (ms): Min: 104492576.8, Avg: 104492576.8, Max: 104492576.8, Diff: 0.0]
      [Ext Root Scanning (ms): Min: 0.5, Avg: 0.5, Max: 0.5, Diff: 0.0, Sum: 1.0]
      [Update RS (ms): Min: 1.5, Avg: 1.5, Max: 1.5, Diff: 0.0, Sum: 3.0]
         [Processed Buffers: Min: 39, Avg: 41.5, Max: 44, Diff: 5, Sum: 83]
      [Scan RS (ms): Min: 1.4, Avg: 1.6, Max: 1.7, Diff: 0.3, Sum: 3.2]
      [Code Root Scanning (ms): Min: 0.0, Avg: 0.0, Max: 0.1, Diff: 0.1, Sum: 0.1]
      [Object Copy (ms): Min: 3.3, Avg: 3.4, Max: 3.5, Diff: 0.2, Sum: 6.7]
      [Termination (ms): Min: 0.0, Avg: 0.0, Max: 0.0, Diff: 0.0, Sum: 0.0]
         [Termination Attempts: Min: 1, Avg: 1.0, Max: 1, Diff: 0, Sum: 2]
      [GC Worker Other (ms): Min: 0.0, Avg: 0.0, Max: 0.0, Diff: 0.0, Sum: 0.0]
      [GC Worker Total (ms): Min: 7.0, Avg: 7.0, Max: 7.0, Diff: 0.0, Sum: 14.1]
      [GC Worker End (ms): Min: 104492583.8, Avg: 104492583.8, Max: 104492583.8, Diff: 0.0]
   [Code Root Fixup: 0.1 ms]
   [Code Root Purge: 0.0 ms]
   [Clear CT: 0.0 ms]
   [Other: 2.0 ms]
      [Choose CSet: 0.0 ms]
      [Ref Proc: 0.1 ms]
      [Ref Enq: 0.0 ms]
      [Redirty Cards: 0.0 ms]
      [Humongous Register: 0.0 ms]
      [Humongous Reclaim: 0.1 ms]
      [Free CSet: 0.9 ms]
   [Eden: 46.0M(46.0M)->0.0B(46.0M) Survivors: 5120.0K->5120.0K Heap: 363.5M(1024.0M)->192.5M(1024.0M)]
 [Times: user=0.00 sys=0.01, real=0.01 secs] 
2017-09-25T20:07:53.831+0900: 104598.318: [GC pause (G1 Evacuation Pause) (young), 0.0156169 secs]
   [Parallel Time: 14.6 ms, GC Workers: 2]
      [GC Worker Start (ms): Min: 104598318.2, Avg: 104598318.2, Max: 104598318.2, Diff: 0.0]
      [Ext Root Scanning (ms): Min: 0.5, Avg: 0.5, Max: 0.5, Diff: 0.0, Sum: 1.0]
      [Update RS (ms): Min: 1.0, Avg: 1.0, Max: 1.0, Diff: 0.0, Sum: 2.0]
         [Processed Buffers: Min: 17, Avg: 18.0, Max: 19, Diff: 2, Sum: 36]
      [Scan RS (ms): Min: 0.3, Avg: 0.3, Max: 0.3, Diff: 0.0, Sum: 0.6]
      [Code Root Scanning (ms): Min: 0.0, Avg: 0.1, Max: 0.1, Diff: 0.1, Sum: 0.1]
      [Object Copy (ms): Min: 5.9, Avg: 6.1, Max: 6.3, Diff: 0.4, Sum: 12.3]
      [Termination (ms): Min: 0.0, Avg: 3.3, Max: 6.7, Diff: 6.7, Sum: 6.7]
         [Termination Attempts: Min: 1, Avg: 1.0, Max: 1, Diff: 0, Sum: 2]
      [GC Worker Other (ms): Min: 0.0, Avg: 0.0, Max: 0.0, Diff: 0.0, Sum: 0.0]
      [GC Worker Total (ms): Min: 8.1, Avg: 11.3, Max: 14.5, Diff: 6.4, Sum: 22.6]
      [GC Worker End (ms): Min: 104598326.3, Avg: 104598329.5, Max: 104598332.7, Diff: 6.4]
   [Code Root Fixup: 0.1 ms]
   [Code Root Purge: 0.0 ms]
   [Clear CT: 0.0 ms]
   [Other: 0.9 ms]
      [Choose CSet: 0.0 ms]
      [Ref Proc: 0.6 ms]
      [Ref Enq: 0.0 ms]
      [Redirty Cards: 0.0 ms]
      [Humongous Register: 0.0 ms]
      [Humongous Reclaim: 0.0 ms]
      [Free CSet: 0.1 ms]
   [Eden: 46.0M(46.0M)->0.0B(45.0M) Survivors: 5120.0K->6144.0K Heap: 238.5M(1024.0M)->194.0M(1024.0M)]
 [Times: user=0.02 sys=0.00, real=0.02 secs] 
2017-09-25T20:09:37.092+0900: 104701.578: [GC pause (G1 Evacuation Pause) (young), 0.0838160 secs]
   [Parallel Time: 81.0 ms, GC Workers: 2]
      [GC Worker Start (ms): Min: 104701578.7, Avg: 104701579.5, Max: 104701580.4, Diff: 1.6]
      [Ext Root Scanning (ms): Min: 1.1, Avg: 1.9, Max: 2.7, Diff: 1.6, Sum: 3.8]
      [Update RS (ms): Min: 6.0, Avg: 6.6, Max: 7.2, Diff: 1.2, Sum: 13.2]
         [Processed Buffers: Min: 4, Avg: 18.0, Max: 32, Diff: 28, Sum: 36]
      [Scan RS (ms): Min: 5.1, Avg: 12.5, Max: 20.0, Diff: 14.8, Sum: 25.1]
      [Code Root Scanning (ms): Min: 0.0, Avg: 0.1, Max: 0.3, Diff: 0.3, Sum: 0.3]
      [Object Copy (ms): Min: 51.7, Avg: 58.8, Max: 65.8, Diff: 14.0, Sum: 117.5]
      [Termination (ms): Min: 0.0, Avg: 0.1, Max: 0.1, Diff: 0.1, Sum: 0.2]
         [Termination Attempts: Min: 5, Avg: 7.0, Max: 9, Diff: 4, Sum: 14]
      [GC Worker Other (ms): Min: 0.0, Avg: 0.0, Max: 0.0, Diff: 0.0, Sum: 0.1]
      [GC Worker Total (ms): Min: 79.3, Avg: 80.1, Max: 80.9, Diff: 1.6, Sum: 160.2]
      [GC Worker End (ms): Min: 104701659.6, Avg: 104701659.6, Max: 104701659.6, Diff: 0.0]
   [Code Root Fixup: 0.2 ms]
   [Code Root Purge: 0.0 ms]
   [Clear CT: 0.4 ms]
   [Other: 2.1 ms]
      [Choose CSet: 0.0 ms]
      [Ref Proc: 1.0 ms]
      [Ref Enq: 0.0 ms]
      [Redirty Cards: 0.5 ms]
      [Humongous Register: 0.1 ms]
      [Humongous Reclaim: 0.0 ms]
      [Free CSet: 0.1 ms]
   [Eden: 45.0M(45.0M)->0.0B(45.0M) Survivors: 6144.0K->6144.0K Heap: 239.0M(1024.0M)->195.3M(1024.0M)]
 [Times: user=0.09 sys=0.00, real=0.09 secs] 
2017-09-25T20:11:19.887+0900: 104804.374: [GC pause (G1 Evacuation Pause) (young), 0.0362924 secs]
   [Parallel Time: 33.7 ms, GC Workers: 2]
      [GC Worker Start (ms): Min: 104804374.1, Avg: 104804377.5, Max: 104804380.8, Diff: 6.6]
      [Ext Root Scanning (ms): Min: 0.0, Avg: 1.6, Max: 3.2, Diff: 3.2, Sum: 3.2]
      [Update RS (ms): Min: 9.6, Avg: 10.0, Max: 10.3, Diff: 0.7, Sum: 20.0]
         [Processed Buffers: Min: 3, Avg: 19.0, Max: 35, Diff: 32, Sum: 38]
      [Scan RS (ms): Min: 1.9, Avg: 4.1, Max: 6.3, Diff: 4.4, Sum: 8.2]
      [Code Root Scanning (ms): Min: 0.0, Avg: 0.0, Max: 0.0, Diff: 0.0, Sum: 0.0]
      [Object Copy (ms): Min: 14.3, Avg: 14.4, Max: 14.6, Diff: 0.3, Sum: 28.9]
      [Termination (ms): Min: 0.0, Avg: 0.0, Max: 0.0, Diff: 0.0, Sum: 0.0]
         [Termination Attempts: Min: 1, Avg: 1.0, Max: 1, Diff: 0, Sum: 2]
      [GC Worker Other (ms): Min: 0.0, Avg: 0.0, Max: 0.0, Diff: 0.0, Sum: 0.0]
      [GC Worker Total (ms): Min: 26.9, Avg: 30.2, Max: 33.5, Diff: 6.6, Sum: 60.4]
      [GC Worker End (ms): Min: 104804407.6, Avg: 104804407.6, Max: 104804407.6, Diff: 0.0]
   [Code Root Fixup: 0.1 ms]
   [Code Root Purge: 0.0 ms]
   [Clear CT: 0.4 ms]
   [Other: 2.1 ms]
      [Choose CSet: 0.0 ms]
      [Ref Proc: 0.3 ms]
      [Ref Enq: 0.0 ms]
      [Redirty Cards: 0.2 ms]
      [Humongous Register: 0.1 ms]
      [Humongous Reclaim: 0.0 ms]
      [Free CSet: 0.1 ms]
   [Eden: 45.0M(45.0M)->0.0B(48.0M) Survivors: 6144.0K->3072.0K Heap: 240.3M(1024.0M)->194.0M(1024.0M)]
 [Times: user=0.03 sys=0.00, real=0.04 secs] 
2017-09-25T20:13:09.714+0900: 104914.201: [GC pause (G1 Evacuation Pause) (young), 0.0183041 secs]
   [Parallel Time: 17.1 ms, GC Workers: 2]
      [GC Worker Start (ms): Min: 104914200.9, Avg: 104914200.9, Max: 104914200.9, Diff: 0.1]
      [Ext Root Scanning (ms): Min: 1.2, Avg: 1.2, Max: 1.3, Diff: 0.1, Sum: 2.4]
      [Update RS (ms): Min: 2.4, Avg: 2.5, Max: 2.6, Diff: 0.2, Sum: 4.9]
         [Processed Buffers: Min: 13, Avg: 17.5, Max: 22, Diff: 9, Sum: 35]
      [Scan RS (ms): Min: 0.0, Avg: 0.1, Max: 0.3, Diff: 0.3, Sum: 0.3]
      [Code Root Scanning (ms): Min: 0.0, Avg: 0.0, Max: 0.0, Diff: 0.0, Sum: 0.0]
      [Object Copy (ms): Min: 13.2, Avg: 13.2, Max: 13.3, Diff: 0.1, Sum: 26.5]
      [Termination (ms): Min: 0.0, Avg: 0.0, Max: 0.0, Diff: 0.0, Sum: 0.0]
         [Termination Attempts: Min: 3, Avg: 3.0, Max: 3, Diff: 0, Sum: 6]
      [GC Worker Other (ms): Min: 0.0, Avg: 0.0, Max: 0.0, Diff: 0.0, Sum: 0.0]
      [GC Worker Total (ms): Min: 17.0, Avg: 17.1, Max: 17.1, Diff: 0.1, Sum: 34.1]
      [GC Worker End (ms): Min: 104914218.0, Avg: 104914218.0, Max: 104914218.0, Diff: 0.0]
   [Code Root Fixup: 0.1 ms]
   [Code Root Purge: 0.0 ms]
   [Clear CT: 0.1 ms]
   [Other: 0.9 ms]
      [Choose CSet: 0.0 ms]
      [Ref Proc: 0.3 ms]
      [Ref Enq: 0.0 ms]
      [Redirty Cards: 0.3 ms]
      [Humongous Register: 0.0 ms]
      [Humongous Reclaim: 0.0 ms]
      [Free CSet: 0.1 ms]
   [Eden: 48.0M(48.0M)->0.0B(46.0M) Survivors: 3072.0K->5120.0K Heap: 242.0M(1024.0M)->195.5M(1024.0M)]
 [Times: user=0.04 sys=0.00, real=0.01 secs] 
2017-09-25T20:14:54.144+0900: 105018.631: [GC pause (G1 Evacuation Pause) (young), 0.0105901 secs]
   [Parallel Time: 10.0 ms, GC Workers: 2]
      [GC Worker Start (ms): Min: 105018631.1, Avg: 105018631.1, Max: 105018631.1, Diff: 0.0]
      [Ext Root Scanning (ms): Min: 0.5, Avg: 0.6, Max: 0.6, Diff: 0.1, Sum: 1.2]
      [Update RS (ms): Min: 0.4, Avg: 0.5, Max: 0.6, Diff: 0.1, Sum: 1.0]
         [Processed Buffers: Min: 13, Avg: 16.5, Max: 20, Diff: 7, Sum: 33]
      [Scan RS (ms): Min: 0.0, Avg: 0.0, Max: 0.0, Diff: 0.0, Sum: 0.0]
      [Code Root Scanning (ms): Min: 0.0, Avg: 0.0, Max: 0.0, Diff: 0.0, Sum: 0.0]
      [Object Copy (ms): Min: 8.3, Avg: 8.4, Max: 8.6, Diff: 0.4, Sum: 16.9]
      [Termination (ms): Min: 0.0, Avg: 0.3, Max: 0.6, Diff: 0.6, Sum: 0.6]
         [Termination Attempts: Min: 1, Avg: 1.0, Max: 1, Diff: 0, Sum: 2]
      [GC Worker Other (ms): Min: 0.0, Avg: 0.0, Max: 0.0, Diff: 0.0, Sum: 0.0]
      [GC Worker Total (ms): Min: 9.8, Avg: 9.8, Max: 9.9, Diff: 0.1, Sum: 19.7]
      [GC Worker End (ms): Min: 105018640.9, Avg: 105018640.9, Max: 105018641.0, Diff: 0.1]
   [Code Root Fixup: 0.0 ms]
   [Code Root Purge: 0.0 ms]
   [Clear CT: 0.1 ms]
   [Other: 0.5 ms]
      [Choose CSet: 0.0 ms]
      [Ref Proc: 0.2 ms]
      [Ref Enq: 0.0 ms]
      [Redirty Cards: 0.1 ms]
      [Humongous Register: 0.0 ms]
      [Humongous Reclaim: 0.0 ms]
      [Free CSet: 0.0 ms]
   [Eden: 46.0M(46.0M)->0.0B(45.0M) Survivors: 5120.0K->6144.0K Heap: 241.5M(1024.0M)->197.2M(1024.0M)]
 [Times: user=0.02 sys=0.00, real=0.01 secs] 
2017-09-26T14:16:20.864+0900: 105089.111: [GC pause (G1 Evacuation Pause) (young), 0.1928569 secs]
   [Parallel Time: 189.2 ms, GC Workers: 2]
      [GC Worker Start (ms): Min: 105089113.4, Avg: 105089117.1, Max: 105089120.8, Diff: 7.4]
      [Ext Root Scanning (ms): Min: 0.0, Avg: 1.0, Max: 2.0, Diff: 2.0, Sum: 2.0]
      [Update RS (ms): Min: 10.6, Avg: 13.6, Max: 16.5, Diff: 5.9, Sum: 27.1]
         [Processed Buffers: Min: 2, Avg: 20.0, Max: 38, Diff: 36, Sum: 40]
      [Scan RS (ms): Min: 0.0, Avg: 0.0, Max: 0.0, Diff: 0.0, Sum: 0.0]
      [Code Root Scanning (ms): Min: 0.0, Avg: 0.0, Max: 0.0, Diff: 0.0, Sum: 0.0]
      [Object Copy (ms): Min: 165.2, Avg: 170.9, Max: 176.6, Diff: 11.4, Sum: 341.8]
      [Termination (ms): Min: 0.0, Avg: 0.0, Max: 0.0, Diff: 0.0, Sum: 0.0]
         [Termination Attempts: Min: 1, Avg: 1.0, Max: 1, Diff: 0, Sum: 2]
      [GC Worker Other (ms): Min: 0.0, Avg: 0.0, Max: 0.0, Diff: 0.0, Sum: 0.0]
      [GC Worker Total (ms): Min: 181.8, Avg: 185.5, Max: 189.2, Diff: 7.4, Sum: 371.0]
      [GC Worker End (ms): Min: 105089302.6, Avg: 105089302.6, Max: 105089302.6, Diff: 0.0]
   [Code Root Fixup: 0.0 ms]
   [Code Root Purge: 0.0 ms]
   [Clear CT: 0.1 ms]
   [Other: 3.5 ms]
      [Choose CSet: 0.0 ms]
      [Ref Proc: 1.0 ms]
      [Ref Enq: 0.0 ms]
      [Redirty Cards: 0.1 ms]
      [Humongous Register: 2.2 ms]
      [Humongous Reclaim: 0.0 ms]
      [Free CSet: 0.0 ms]
   [Eden: 45.0M(45.0M)->0.0B(47.0M) Survivors: 6144.0K->4096.0K Heap: 242.2M(1024.0M)->198.7M(1024.0M)]
 [Times: user=0.03 sys=0.00, real=0.19 secs] 
2017-09-26T14:16:21.237+0900: 105089.484: [GC pause (G1 Evacuation Pause) (young), 0.0624323 secs]
   [Parallel Time: 58.4 ms, GC Workers: 2]
      [GC Worker Start (ms): Min: 105089484.1, Avg: 105089484.1, Max: 105089484.1, Diff: 0.0]
      [Ext Root Scanning (ms): Min: 1.2, Avg: 22.8, Max: 44.3, Diff: 43.1, Sum: 45.5]
      [Update RS (ms): Min: 0.0, Avg: 0.5, Max: 1.0, Diff: 1.0, Sum: 1.0]
         [Processed Buffers: Min: 0, Avg: 13.5, Max: 27, Diff: 27, Sum: 27]
      [Scan RS (ms): Min: 0.0, Avg: 0.7, Max: 1.3, Diff: 1.3, Sum: 1.3]
      [Code Root Scanning (ms): Min: 0.0, Avg: 0.0, Max: 0.0, Diff: 0.0, Sum: 0.0]
      [Object Copy (ms): Min: 0.1, Avg: 15.8, Max: 31.5, Diff: 31.4, Sum: 31.5]
      [Termination (ms): Min: 0.0, Avg: 11.4, Max: 22.9, Diff: 22.9, Sum: 22.9]
         [Termination Attempts: Min: 1, Avg: 1.0, Max: 1, Diff: 0, Sum: 2]
      [GC Worker Other (ms): Min: 0.0, Avg: 0.0, Max: 0.0, Diff: 0.0, Sum: 0.0]
      [GC Worker Total (ms): Min: 44.4, Avg: 51.2, Max: 57.9, Diff: 13.5, Sum: 102.4]
      [GC Worker End (ms): Min: 105089528.5, Avg: 105089535.3, Max: 105089542.1, Diff: 13.5]
   [Code Root Fixup: 0.1 ms]
   [Code Root Purge: 0.0 ms]
   [Clear CT: 0.3 ms]
   [Other: 3.7 ms]
      [Choose CSet: 0.0 ms]
      [Ref Proc: 2.9 ms]
      [Ref Enq: 0.0 ms]
      [Redirty Cards: 0.5 ms]
      [Humongous Register: 0.0 ms]
      [Humongous Reclaim: 0.0 ms]
      [Free CSet: 0.0 ms]
   [Eden: 47.0M(47.0M)->0.0B(47.0M) Survivors: 4096.0K->4096.0K Heap: 245.7M(1024.0M)->198.3M(1024.0M)]
 [Times: user=0.03 sys=0.00, real=0.06 secs] 
2017-09-26T14:16:21.466+0900: 105089.713: [GC pause (G1 Evacuation Pause) (young), 0.0205127 secs]
   [Parallel Time: 7.9 ms, GC Workers: 2]
      [GC Worker Start (ms): Min: 105089713.2, Avg: 105089713.2, Max: 105089713.3, Diff: 0.0]
      [Ext Root Scanning (ms): Min: 0.8, Avg: 0.9, Max: 1.0, Diff: 0.2, Sum: 1.8]
      [Update RS (ms): Min: 0.5, Avg: 0.6, Max: 0.7, Diff: 0.2, Sum: 1.2]
         [Processed Buffers: Min: 2, Avg: 11.5, Max: 21, Diff: 19, Sum: 23]
      [Scan RS (ms): Min: 0.0, Avg: 0.0, Max: 0.0, Diff: 0.0, Sum: 0.0]
      [Code Root Scanning (ms): Min: 0.0, Avg: 0.0, Max: 0.0, Diff: 0.0, Sum: 0.0]
      [Object Copy (ms): Min: 5.3, Avg: 5.3, Max: 5.3, Diff: 0.1, Sum: 10.6]
      [Termination (ms): Min: 0.0, Avg: 0.2, Max: 0.4, Diff: 0.4, Sum: 0.4]
         [Termination Attempts: Min: 1, Avg: 1.0, Max: 1, Diff: 0, Sum: 2]
      [GC Worker Other (ms): Min: 0.0, Avg: 0.0, Max: 0.0, Diff: 0.0, Sum: 0.0]
      [GC Worker Total (ms): Min: 6.9, Avg: 7.0, Max: 7.0, Diff: 0.1, Sum: 14.0]
      [GC Worker End (ms): Min: 105089720.2, Avg: 105089720.2, Max: 105089720.3, Diff: 0.1]
   [Code Root Fixup: 0.1 ms]
   [Code Root Purge: 0.0 ms]
   [Clear CT: 1.1 ms]
   [Other: 11.5 ms]
      [Choose CSet: 0.0 ms]
      [Ref Proc: 1.0 ms]
      [Ref Enq: 0.0 ms]
      [Redirty Cards: 10.1 ms]
      [Humongous Register: 0.1 ms]
      [Humongous Reclaim: 0.0 ms]
      [Free CSet: 0.0 ms]
   [Eden: 47.0M(47.0M)->0.0B(47.0M) Survivors: 4096.0K->4096.0K Heap: 245.3M(1024.0M)->198.7M(1024.0M)]
 [Times: user=0.01 sys=0.00, real=0.02 secs] 
2017-09-26T14:16:21.810+0900: 105090.057: [GC pause (G1 Evacuation Pause) (young), 0.0122250 secs]
   [Parallel Time: 11.7 ms, GC Workers: 2]
      [GC Worker Start (ms): Min: 105090056.8, Avg: 105090056.8, Max: 105090056.8, Diff: 0.0]
      [Ext Root Scanning (ms): Min: 0.6, Avg: 0.6, Max: 0.7, Diff: 0.1, Sum: 1.3]
      [Update RS (ms): Min: 0.5, Avg: 0.6, Max: 0.6, Diff: 0.0, Sum: 1.1]
         [Processed Buffers: Min: 11, Avg: 13.0, Max: 15, Diff: 4, Sum: 26]
      [Scan RS (ms): Min: 0.0, Avg: 0.0, Max: 0.0, Diff: 0.0, Sum: 0.0]
      [Code Root Scanning (ms): Min: 0.0, Avg: 0.0, Max: 0.0, Diff: 0.0, Sum: 0.0]
      [Object Copy (ms): Min: 7.2, Avg: 7.8, Max: 8.4, Diff: 1.2, Sum: 15.5]
      [Termination (ms): Min: 0.0, Avg: 1.6, Max: 3.2, Diff: 3.2, Sum: 3.2]
         [Termination Attempts: Min: 1, Avg: 1.0, Max: 1, Diff: 0, Sum: 2]
      [GC Worker Other (ms): Min: 0.0, Avg: 0.0, Max: 0.0, Diff: 0.0, Sum: 0.0]
      [GC Worker Total (ms): Min: 9.6, Avg: 10.6, Max: 11.6, Diff: 2.0, Sum: 21.1]
      [GC Worker End (ms): Min: 105090066.3, Avg: 105090067.3, Max: 105090068.4, Diff: 2.0]
   [Code Root Fixup: 0.1 ms]
   [Code Root Purge: 0.0 ms]
   [Clear CT: 0.0 ms]
   [Other: 0.4 ms]
      [Choose CSet: 0.0 ms]
      [Ref Proc: 0.1 ms]
      [Ref Enq: 0.0 ms]
      [Redirty Cards: 0.1 ms]
      [Humongous Register: 0.0 ms]
      [Humongous Reclaim: 0.0 ms]
      [Free CSet: 0.0 ms]
   [Eden: 47.0M(47.0M)->0.0B(47.0M) Survivors: 4096.0K->4096.0K Heap: 245.7M(1024.0M)->198.2M(1024.0M)]
 [Times: user=0.01 sys=0.00, real=0.02 secs] 
2017-09-26T14:16:25.615+0900: 105093.862: [GC pause (G1 Evacuation Pause) (young), 0.0304149 secs]
   [Parallel Time: 14.5 ms, GC Workers: 2]
      [GC Worker Start (ms): Min: 105093862.4, Avg: 105093862.4, Max: 105093862.4, Diff: 0.0]
      [Ext Root Scanning (ms): Min: 0.5, Avg: 0.6, Max: 0.6, Diff: 0.0, Sum: 1.1]
      [Update RS (ms): Min: 3.8, Avg: 3.8, Max: 3.8, Diff: 0.0, Sum: 7.6]
         [Processed Buffers: Min: 9, Avg: 15.5, Max: 22, Diff: 13, Sum: 31]
      [Scan RS (ms): Min: 0.0, Avg: 0.0, Max: 0.0, Diff: 0.0, Sum: 0.0]
      [Code Root Scanning (ms): Min: 0.0, Avg: 0.0, Max: 0.0, Diff: 0.0, Sum: 0.0]
      [Object Copy (ms): Min: 5.1, Avg: 5.6, Max: 6.1, Diff: 1.0, Sum: 11.1]
      [Termination (ms): Min: 0.0, Avg: 2.4, Max: 4.9, Diff: 4.9, Sum: 4.9]
         [Termination Attempts: Min: 1, Avg: 1.0, Max: 1, Diff: 0, Sum: 2]
      [GC Worker Other (ms): Min: 0.0, Avg: 0.0, Max: 0.0, Diff: 0.0, Sum: 0.0]
      [GC Worker Total (ms): Min: 10.4, Avg: 12.4, Max: 14.4, Diff: 4.0, Sum: 24.8]
      [GC Worker End (ms): Min: 105093872.9, Avg: 105093874.8, Max: 105093876.8, Diff: 3.9]
   [Code Root Fixup: 0.0 ms]
   [Code Root Purge: 0.0 ms]
   [Clear CT: 0.1 ms]
   [Other: 15.8 ms]
      [Choose CSet: 0.0 ms]
      [Ref Proc: 8.9 ms]
      [Ref Enq: 0.0 ms]
      [Redirty Cards: 6.5 ms]
      [Humongous Register: 0.0 ms]
      [Humongous Reclaim: 0.0 ms]
      [Free CSet: 0.1 ms]
   [Eden: 47.0M(47.0M)->0.0B(46.0M) Survivors: 4096.0K->5120.0K Heap: 245.2M(1024.0M)->199.7M(1024.0M)]
 [Times: user=0.02 sys=0.00, real=0.03 secs] 
2017-09-26T14:18:11.667+0900: 105199.914: [GC pause (G1 Evacuation Pause) (young), 0.0302825 secs]
   [Parallel Time: 18.9 ms, GC Workers: 2]
      [GC Worker Start (ms): Min: 105199918.2, Avg: 105199918.2, Max: 105199918.2, Diff: 0.0]
      [Ext Root Scanning (ms): Min: 4.1, Avg: 8.6, Max: 13.1, Diff: 9.0, Sum: 17.2]
      [Update RS (ms): Min: 0.7, Avg: 1.0, Max: 1.3, Diff: 0.5, Sum: 2.0]
         [Processed Buffers: Min: 13, Avg: 18.5, Max: 24, Diff: 11, Sum: 37]
      [Scan RS (ms): Min: 0.0, Avg: 0.0, Max: 0.0, Diff: 0.0, Sum: 0.0]
      [Code Root Scanning (ms): Min: 0.0, Avg: 0.0, Max: 0.0, Diff: 0.0, Sum: 0.0]
      [Object Copy (ms): Min: 4.8, Avg: 9.0, Max: 13.3, Diff: 8.5, Sum: 18.0]
      [Termination (ms): Min: 0.0, Avg: 0.0, Max: 0.0, Diff: 0.0, Sum: 0.0]
         [Termination Attempts: Min: 1, Avg: 1.0, Max: 1, Diff: 0, Sum: 2]
      [GC Worker Other (ms): Min: 0.3, Avg: 0.3, Max: 0.3, Diff: 0.0, Sum: 0.5]
      [GC Worker Total (ms): Min: 18.9, Avg: 18.9, Max: 18.9, Diff: 0.0, Sum: 37.8]
      [GC Worker End (ms): Min: 105199937.1, Avg: 105199937.1, Max: 105199937.1, Diff: 0.0]
   [Code Root Fixup: 0.0 ms]
   [Code Root Purge: 0.0 ms]
   [Clear CT: 0.0 ms]
   [Other: 11.3 ms]
      [Choose CSet: 0.0 ms]
      [Ref Proc: 3.0 ms]
      [Ref Enq: 0.0 ms]
      [Redirty Cards: 0.0 ms]
      [Humongous Register: 0.9 ms]
      [Humongous Reclaim: 0.0 ms]
      [Free CSet: 2.1 ms]
   [Eden: 46.0M(46.0M)->0.0B(45.0M) Survivors: 5120.0K->6144.0K Heap: 245.7M(1024.0M)->200.2M(1024.0M)]
 [Times: user=0.01 sys=0.00, real=0.03 secs] 
2017-09-26T14:19:55.769+0900: 105304.017: [GC pause (G1 Evacuation Pause) (young), 0.0184604 secs]
   [Parallel Time: 17.6 ms, GC Workers: 2]
      [GC Worker Start (ms): Min: 105304016.7, Avg: 105304016.7, Max: 105304016.7, Diff: 0.0]
      [Ext Root Scanning (ms): Min: 0.5, Avg: 0.8, Max: 1.1, Diff: 0.6, Sum: 1.6]
      [Update RS (ms): Min: 1.2, Avg: 1.4, Max: 1.7, Diff: 0.5, Sum: 2.9]
         [Processed Buffers: Min: 4, Avg: 17.0, Max: 30, Diff: 26, Sum: 34]
      [Scan RS (ms): Min: 0.0, Avg: 0.0, Max: 0.0, Diff: 0.0, Sum: 0.0]
      [Code Root Scanning (ms): Min: 0.0, Avg: 0.0, Max: 0.0, Diff: 0.0, Sum: 0.0]
      [Object Copy (ms): Min: 14.7, Avg: 15.2, Max: 15.7, Diff: 1.0, Sum: 30.5]
      [Termination (ms): Min: 0.0, Avg: 0.0, Max: 0.0, Diff: 0.0, Sum: 0.0]
         [Termination Attempts: Min: 1, Avg: 1.0, Max: 1, Diff: 0, Sum: 2]
      [GC Worker Other (ms): Min: 0.0, Avg: 0.0, Max: 0.0, Diff: 0.0, Sum: 0.0]
      [GC Worker Total (ms): Min: 17.5, Avg: 17.5, Max: 17.5, Diff: 0.0, Sum: 35.0]
      [GC Worker End (ms): Min: 105304034.2, Avg: 105304034.2, Max: 105304034.2, Diff: 0.0]
   [Code Root Fixup: 0.0 ms]
   [Code Root Purge: 0.0 ms]
   [Clear CT: 0.1 ms]
   [Other: 0.8 ms]
      [Choose CSet: 0.0 ms]
      [Ref Proc: 0.1 ms]
      [Ref Enq: 0.0 ms]
      [Redirty Cards: 0.1 ms]
      [Humongous Register: 0.0 ms]
      [Humongous Reclaim: 0.0 ms]
      [Free CSet: 0.0 ms]
   [Eden: 45.0M(45.0M)->0.0B(48.0M) Survivors: 6144.0K->3072.0K Heap: 245.2M(1024.0M)->198.1M(1024.0M)]
 [Times: user=0.01 sys=0.00, real=0.02 secs] 
2017-09-26T14:21:46.089+0900: 105414.337: [GC pause (G1 Evacuation Pause) (young), 0.0093286 secs]
   [Parallel Time: 8.3 ms, GC Workers: 2]
      [GC Worker Start (ms): Min: 105414337.0, Avg: 105414337.0, Max: 105414337.0, Diff: 0.1]
      [Ext Root Scanning (ms): Min: 1.0, Avg: 1.6, Max: 2.2, Diff: 1.2, Sum: 3.2]
      [Update RS (ms): Min: 0.8, Avg: 1.4, Max: 2.1, Diff: 1.3, Sum: 2.8]
         [Processed Buffers: Min: 10, Avg: 18.5, Max: 27, Diff: 17, Sum: 37]
      [Scan RS (ms): Min: 0.0, Avg: 0.0, Max: 0.0, Diff: 0.0, Sum: 0.0]
      [Code Root Scanning (ms): Min: 0.0, Avg: 0.0, Max: 0.0, Diff: 0.0, Sum: 0.0]
      [Object Copy (ms): Min: 4.9, Avg: 4.9, Max: 4.9, Diff: 0.0, Sum: 9.9]
      [Termination (ms): Min: 0.0, Avg: 0.0, Max: 0.0, Diff: 0.0, Sum: 0.0]
         [Termination Attempts: Min: 1, Avg: 1.0, Max: 1, Diff: 0, Sum: 2]
      [GC Worker Other (ms): Min: 0.0, Avg: 0.0, Max: 0.0, Diff: 0.0, Sum: 0.1]
      [GC Worker Total (ms): Min: 8.0, Avg: 8.0, Max: 8.0, Diff: 0.1, Sum: 16.0]
      [GC Worker End (ms): Min: 105414345.0, Avg: 105414345.0, Max: 105414345.0, Diff: 0.0]
   [Code Root Fixup: 0.1 ms]
   [Code Root Purge: 0.0 ms]
   [Clear CT: 0.1 ms]
   [Other: 0.9 ms]
      [Choose CSet: 0.0 ms]
      [Ref Proc: 0.2 ms]
      [Ref Enq: 0.0 ms]
      [Redirty Cards: 0.2 ms]
      [Humongous Register: 0.1 ms]
      [Humongous Reclaim: 0.0 ms]
      [Free CSet: 0.0 ms]
   [Eden: 48.0M(48.0M)->0.0B(46.0M) Survivors: 3072.0K->5120.0K Heap: 246.1M(1024.0M)->199.6M(1024.0M)]
 [Times: user=0.01 sys=0.00, real=0.01 secs] 
2017-09-26T14:23:31.360+0900: 105519.607: [GC pause (G1 Evacuation Pause) (young), 0.0203592 secs]
   [Parallel Time: 19.1 ms, GC Workers: 2]
      [GC Worker Start (ms): Min: 105519607.5, Avg: 105519607.6, Max: 105519607.6, Diff: 0.1]
      [Ext Root Scanning (ms): Min: 1.0, Avg: 1.0, Max: 1.1, Diff: 0.1, Sum: 2.0]
      [Update RS (ms): Min: 1.4, Avg: 1.5, Max: 1.6, Diff: 0.2, Sum: 3.0]
         [Processed Buffers: Min: 2, Avg: 17.5, Max: 33, Diff: 31, Sum: 35]
      [Scan RS (ms): Min: 0.0, Avg: 0.0, Max: 0.0, Diff: 0.0, Sum: 0.0]
      [Code Root Scanning (ms): Min: 0.0, Avg: 0.0, Max: 0.0, Diff: 0.0, Sum: 0.0]
      [Object Copy (ms): Min: 16.4, Avg: 16.4, Max: 16.4, Diff: 0.1, Sum: 32.8]
      [Termination (ms): Min: 0.0, Avg: 0.0, Max: 0.0, Diff: 0.0, Sum: 0.0]
         [Termination Attempts: Min: 1, Avg: 1.0, Max: 1, Diff: 0, Sum: 2]
      [GC Worker Other (ms): Min: 0.0, Avg: 0.0, Max: 0.0, Diff: 0.0, Sum: 0.0]
      [GC Worker Total (ms): Min: 18.9, Avg: 19.0, Max: 19.0, Diff: 0.1, Sum: 38.0]
      [GC Worker End (ms): Min: 105519626.5, Avg: 105519626.5, Max: 105519626.5, Diff: 0.0]
   [Code Root Fixup: 0.1 ms]
   [Code Root Purge: 0.0 ms]
   [Clear CT: 0.2 ms]
   [Other: 1.0 ms]
      [Choose CSet: 0.0 ms]
      [Ref Proc: 0.3 ms]
      [Ref Enq: 0.0 ms]
      [Redirty Cards: 0.3 ms]
      [Humongous Register: 0.0 ms]
      [Humongous Reclaim: 0.0 ms]
      [Free CSet: 0.0 ms]
   [Eden: 46.0M(46.0M)->0.0B(45.0M) Survivors: 5120.0K->6144.0K Heap: 245.6M(1024.0M)->201.1M(1024.0M)]
 [Times: user=0.04 sys=0.00, real=0.02 secs] 
2017-09-26T14:25:14.433+0900: 105622.680: [GC pause (G1 Evacuation Pause) (young), 0.0942611 secs]
   [Parallel Time: 91.5 ms, GC Workers: 2]
      [GC Worker Start (ms): Min: 105622680.4, Avg: 105622680.4, Max: 105622680.4, Diff: 0.1]
      [Ext Root Scanning (ms): Min: 1.0, Avg: 1.6, Max: 2.3, Diff: 1.3, Sum: 3.3]
      [Update RS (ms): Min: 2.1, Avg: 2.8, Max: 3.5, Diff: 1.4, Sum: 5.6]
         [Processed Buffers: Min: 13, Avg: 18.5, Max: 24, Diff: 11, Sum: 37]
      [Scan RS (ms): Min: 0.0, Avg: 0.0, Max: 0.0, Diff: 0.0, Sum: 0.1]
      [Code Root Scanning (ms): Min: 0.0, Avg: 0.0, Max: 0.1, Diff: 0.1, Sum: 0.1]
      [Object Copy (ms): Min: 84.0, Avg: 86.1, Max: 88.1, Diff: 4.1, Sum: 172.2]
      [Termination (ms): Min: 0.0, Avg: 0.8, Max: 1.5, Diff: 1.5, Sum: 1.5]
         [Termination Attempts: Min: 1, Avg: 1.0, Max: 1, Diff: 0, Sum: 2]
      [GC Worker Other (ms): Min: 0.0, Avg: 0.0, Max: 0.0, Diff: 0.0, Sum: 0.0]
      [GC Worker Total (ms): Min: 91.4, Avg: 91.4, Max: 91.4, Diff: 0.1, Sum: 182.8]
      [GC Worker End (ms): Min: 105622771.8, Avg: 105622771.8, Max: 105622771.8, Diff: 0.0]
   [Code Root Fixup: 0.1 ms]
   [Code Root Purge: 0.0 ms]
   [Clear CT: 0.1 ms]
   [Other: 2.6 ms]
      [Choose CSet: 0.0 ms]
      [Ref Proc: 1.8 ms]
      [Ref Enq: 0.0 ms]
      [Redirty Cards: 0.1 ms]
      [Humongous Register: 0.1 ms]
      [Humongous Reclaim: 0.0 ms]
      [Free CSet: 0.1 ms]
   [Eden: 45.0M(45.0M)->0.0B(45.0M) Survivors: 6144.0K->6144.0K Heap: 246.1M(1024.0M)->202.4M(1024.0M)]
 [Times: user=0.03 sys=0.03, real=0.10 secs] 
2017-09-26T14:26:57.166+0900: 105725.413: [GC pause (G1 Evacuation Pause) (young), 0.0692675 secs]
   [Parallel Time: 67.4 ms, GC Workers: 2]
      [GC Worker Start (ms): Min: 105725413.0, Avg: 105725414.7, Max: 105725416.4, Diff: 3.4]
      [Ext Root Scanning (ms): Min: 0.0, Avg: 1.4, Max: 2.9, Diff: 2.9, Sum: 2.9]
      [Update RS (ms): Min: 14.8, Avg: 14.8, Max: 14.8, Diff: 0.0, Sum: 29.5]
         [Processed Buffers: Min: 19, Avg: 20.5, Max: 22, Diff: 3, Sum: 41]
      [Scan RS (ms): Min: 0.0, Avg: 0.0, Max: 0.1, Diff: 0.1, Sum: 0.1]
      [Code Root Scanning (ms): Min: 0.0, Avg: 0.0, Max: 0.0, Diff: 0.0, Sum: 0.0]
      [Object Copy (ms): Min: 49.0, Avg: 49.1, Max: 49.2, Diff: 0.1, Sum: 98.2]
      [Termination (ms): Min: 0.0, Avg: 0.2, Max: 0.4, Diff: 0.4, Sum: 0.4]
         [Termination Attempts: Min: 1, Avg: 4.0, Max: 7, Diff: 6, Sum: 8]
      [GC Worker Other (ms): Min: 0.0, Avg: 0.0, Max: 0.0, Diff: 0.0, Sum: 0.0]
      [GC Worker Total (ms): Min: 63.8, Avg: 65.6, Max: 67.3, Diff: 3.4, Sum: 131.1]
      [GC Worker End (ms): Min: 105725480.3, Avg: 105725480.3, Max: 105725480.3, Diff: 0.0]
   [Code Root Fixup: 0.1 ms]
   [Code Root Purge: 0.0 ms]
   [Clear CT: 0.1 ms]
   [Other: 1.7 ms]
      [Choose CSet: 0.0 ms]
      [Ref Proc: 0.3 ms]
      [Ref Enq: 0.0 ms]
      [Redirty Cards: 0.2 ms]
      [Humongous Register: 0.1 ms]
      [Humongous Reclaim: 0.0 ms]
      [Free CSet: 0.0 ms]
   [Eden: 45.0M(45.0M)->0.0B(45.0M) Survivors: 6144.0K->6144.0K Heap: 247.4M(1024.0M)->204.5M(1024.0M)]
 [Times: user=0.05 sys=0.00, real=0.07 secs] 
2017-09-26T14:28:40.761+0900: 105829.008: [GC pause (G1 Evacuation Pause) (young), 0.0155832 secs]
   [Parallel Time: 14.6 ms, GC Workers: 2]
      [GC Worker Start (ms): Min: 105829008.3, Avg: 105829008.3, Max: 105829008.3, Diff: 0.0]
      [Ext Root Scanning (ms): Min: 0.6, Avg: 0.6, Max: 0.6, Diff: 0.0, Sum: 1.2]
      [Update RS (ms): Min: 1.3, Avg: 1.3, Max: 1.4, Diff: 0.0, Sum: 2.7]
         [Processed Buffers: Min: 13, Avg: 19.5, Max: 26, Diff: 13, Sum: 39]
      [Scan RS (ms): Min: 0.0, Avg: 0.0, Max: 0.0, Diff: 0.0, Sum: 0.0]
      [Code Root Scanning (ms): Min: 0.0, Avg: 0.0, Max: 0.0, Diff: 0.0, Sum: 0.0]
      [Object Copy (ms): Min: 12.3, Avg: 12.4, Max: 12.5, Diff: 0.2, Sum: 24.7]
      [Termination (ms): Min: 0.0, Avg: 0.2, Max: 0.3, Diff: 0.3, Sum: 0.3]
         [Termination Attempts: Min: 1, Avg: 1.0, Max: 1, Diff: 0, Sum: 2]
      [GC Worker Other (ms): Min: 0.0, Avg: 0.0, Max: 0.0, Diff: 0.0, Sum: 0.0]
      [GC Worker Total (ms): Min: 14.4, Avg: 14.5, Max: 14.5, Diff: 0.1, Sum: 29.0]
      [GC Worker End (ms): Min: 105829022.7, Avg: 105829022.8, Max: 105829022.8, Diff: 0.1]
   [Code Root Fixup: 0.0 ms]
   [Code Root Purge: 0.0 ms]
   [Clear CT: 0.0 ms]
   [Other: 0.9 ms]
      [Choose CSet: 0.0 ms]
      [Ref Proc: 0.1 ms]
      [Ref Enq: 0.0 ms]
      [Redirty Cards: 0.0 ms]
      [Humongous Register: 0.0 ms]
      [Humongous Reclaim: 0.0 ms]
      [Free CSet: 0.0 ms]
   [Eden: 45.0M(45.0M)->0.0B(48.0M) Survivors: 6144.0K->3072.0K Heap: 249.5M(1024.0M)->202.5M(1024.0M)]
 [Times: user=0.01 sys=0.00, real=0.02 secs] 
2017-09-26T14:30:31.355+0900: 105939.602: [GC pause (G1 Evacuation Pause) (young), 0.0178265 secs]
   [Parallel Time: 16.2 ms, GC Workers: 2]
      [GC Worker Start (ms): Min: 105939602.8, Avg: 105939602.8, Max: 105939602.9, Diff: 0.1]
      [Ext Root Scanning (ms): Min: 1.3, Avg: 1.3, Max: 1.4, Diff: 0.1, Sum: 2.7]
      [Update RS (ms): Min: 1.3, Avg: 1.4, Max: 1.5, Diff: 0.2, Sum: 2.9]
         [Processed Buffers: Min: 5, Avg: 17.0, Max: 29, Diff: 24, Sum: 34]
      [Scan RS (ms): Min: 0.0, Avg: 0.0, Max: 0.0, Diff: 0.0, Sum: 0.0]
      [Code Root Scanning (ms): Min: 0.0, Avg: 0.0, Max: 0.0, Diff: 0.0, Sum: 0.0]
      [Object Copy (ms): Min: 12.9, Avg: 13.0, Max: 13.1, Diff: 0.2, Sum: 26.0]
      [Termination (ms): Min: 0.0, Avg: 0.1, Max: 0.1, Diff: 0.1, Sum: 0.1]
         [Termination Attempts: Min: 2, Avg: 2.0, Max: 2, Diff: 0, Sum: 4]
      [GC Worker Other (ms): Min: 0.0, Avg: 0.0, Max: 0.0, Diff: 0.0, Sum: 0.0]
      [GC Worker Total (ms): Min: 15.8, Avg: 15.9, Max: 15.9, Diff: 0.2, Sum: 31.7]
      [GC Worker End (ms): Min: 105939618.6, Avg: 105939618.7, Max: 105939618.7, Diff: 0.1]
   [Code Root Fixup: 0.1 ms]
   [Code Root Purge: 0.0 ms]
   [Clear CT: 0.3 ms]
   [Other: 1.3 ms]
      [Choose CSet: 0.0 ms]
      [Ref Proc: 0.4 ms]
      [Ref Enq: 0.0 ms]
      [Redirty Cards: 0.4 ms]
      [Humongous Register: 0.0 ms]
      [Humongous Reclaim: 0.0 ms]
      [Free CSet: 0.1 ms]
   [Eden: 48.0M(48.0M)->0.0B(47.0M) Survivors: 3072.0K->4096.0K Heap: 250.5M(1024.0M)->204.0M(1024.0M)]
 [Times: user=0.03 sys=0.00, real=0.01 secs] 
2017-09-26T14:32:19.426+0900: 106047.673: [GC pause (G1 Evacuation Pause) (young), 0.0083632 secs]
   [Parallel Time: 5.2 ms, GC Workers: 2]
      [GC Worker Start (ms): Min: 106047672.8, Avg: 106047672.8, Max: 106047672.8, Diff: 0.0]
      [Ext Root Scanning (ms): Min: 0.5, Avg: 0.5, Max: 0.6, Diff: 0.0, Sum: 1.1]
      [Update RS (ms): Min: 0.2, Avg: 0.2, Max: 0.2, Diff: 0.0, Sum: 0.4]
         [Processed Buffers: Min: 7, Avg: 18.0, Max: 29, Diff: 22, Sum: 36]
      [Scan RS (ms): Min: 0.0, Avg: 0.0, Max: 0.0, Diff: 0.0, Sum: 0.0]
      [Code Root Scanning (ms): Min: 0.0, Avg: 0.0, Max: 0.0, Diff: 0.0, Sum: 0.0]
      [Object Copy (ms): Min: 4.4, Avg: 4.4, Max: 4.5, Diff: 0.1, Sum: 8.9]
      [Termination (ms): Min: 0.0, Avg: 0.0, Max: 0.0, Diff: 0.0, Sum: 0.0]
         [Termination Attempts: Min: 1, Avg: 1.5, Max: 2, Diff: 1, Sum: 3]
      [GC Worker Other (ms): Min: 0.0, Avg: 0.0, Max: 0.0, Diff: 0.0, Sum: 0.0]
      [GC Worker Total (ms): Min: 5.2, Avg: 5.2, Max: 5.2, Diff: 0.0, Sum: 10.4]
      [GC Worker End (ms): Min: 106047678.0, Avg: 106047678.0, Max: 106047678.0, Diff: 0.0]
   [Code Root Fixup: 0.0 ms]
   [Code Root Purge: 0.0 ms]
   [Clear CT: 0.1 ms]
   [Other: 2.9 ms]
      [Choose CSet: 0.0 ms]
      [Ref Proc: 2.6 ms]
      [Ref Enq: 0.0 ms]
      [Redirty Cards: 0.0 ms]
      [Humongous Register: 0.1 ms]
      [Humongous Reclaim: 0.0 ms]
      [Free CSet: 0.0 ms]
   [Eden: 47.0M(47.0M)->0.0B(45.0M) Survivors: 4096.0K->6144.0K Heap: 251.0M(1024.0M)->205.5M(1024.0M)]
 [Times: user=0.01 sys=0.00, real=0.01 secs] 
2017-09-26T14:34:49.673+0900: 106152.586: [GC pause (G1 Evacuation Pause) (young), 0.0418319 secs]
   [Parallel Time: 39.0 ms, GC Workers: 2]
      [GC Worker Start (ms): Min: 106152588.1, Avg: 106152588.1, Max: 106152588.2, Diff: 0.0]
      [Ext Root Scanning (ms): Min: 1.4, Avg: 1.4, Max: 1.4, Diff: 0.1, Sum: 2.8]
      [Update RS (ms): Min: 2.6, Avg: 5.4, Max: 8.3, Diff: 5.7, Sum: 10.9]
         [Processed Buffers: Min: 6, Avg: 19.0, Max: 32, Diff: 26, Sum: 38]
      [Scan RS (ms): Min: 0.0, Avg: 0.0, Max: 0.0, Diff: 0.0, Sum: 0.0]
      [Code Root Scanning (ms): Min: 0.0, Avg: 0.0, Max: 0.0, Diff: 0.0, Sum: 0.0]
      [Object Copy (ms): Min: 29.2, Avg: 31.9, Max: 34.7, Diff: 5.5, Sum: 63.9]
      [Termination (ms): Min: 0.0, Avg: 0.1, Max: 0.3, Diff: 0.3, Sum: 0.3]
         [Termination Attempts: Min: 1, Avg: 1.0, Max: 1, Diff: 0, Sum: 2]
      [GC Worker Other (ms): Min: 0.0, Avg: 0.0, Max: 0.0, Diff: 0.0, Sum: 0.0]
      [GC Worker Total (ms): Min: 38.9, Avg: 38.9, Max: 38.9, Diff: 0.0, Sum: 77.9]
      [GC Worker End (ms): Min: 106152627.1, Avg: 106152627.1, Max: 106152627.1, Diff: 0.0]
   [Code Root Fixup: 0.0 ms]
   [Code Root Purge: 0.0 ms]
   [Clear CT: 0.0 ms]
   [Other: 2.8 ms]
      [Choose CSet: 0.0 ms]
      [Ref Proc: 0.1 ms]
      [Ref Enq: 0.0 ms]
      [Redirty Cards: 0.0 ms]
      [Humongous Register: 2.1 ms]
      [Humongous Reclaim: 0.1 ms]
      [Free CSet: 0.0 ms]
   [Eden: 45.0M(45.0M)->0.0B(45.0M) Survivors: 6144.0K->6144.0K Heap: 250.5M(1024.0M)->207.1M(1024.0M)]
 [Times: user=0.03 sys=0.00, real=0.05 secs] 
2017-09-26T14:36:33.195+0900: 106256.108: [GC pause (G1 Evacuation Pause) (young), 0.0088068 secs]
   [Parallel Time: 3.7 ms, GC Workers: 2]
      [GC Worker Start (ms): Min: 106256108.0, Avg: 106256108.1, Max: 106256108.1, Diff: 0.0]
      [Ext Root Scanning (ms): Min: 0.8, Avg: 0.8, Max: 0.8, Diff: 0.0, Sum: 1.6]
      [Update RS (ms): Min: 1.2, Avg: 1.2, Max: 1.2, Diff: 0.0, Sum: 2.4]
         [Processed Buffers: Min: 17, Avg: 21.0, Max: 25, Diff: 8, Sum: 42]
      [Scan RS (ms): Min: 0.0, Avg: 0.0, Max: 0.0, Diff: 0.0, Sum: 0.0]
      [Code Root Scanning (ms): Min: 0.0, Avg: 0.0, Max: 0.0, Diff: 0.0, Sum: 0.0]
      [Object Copy (ms): Min: 1.6, Avg: 1.6, Max: 1.6, Diff: 0.0, Sum: 3.2]
      [Termination (ms): Min: 0.0, Avg: 0.0, Max: 0.0, Diff: 0.0, Sum: 0.0]
         [Termination Attempts: Min: 1, Avg: 1.5, Max: 2, Diff: 1, Sum: 3]
      [GC Worker Other (ms): Min: 0.0, Avg: 0.0, Max: 0.0, Diff: 0.0, Sum: 0.0]
      [GC Worker Total (ms): Min: 3.6, Avg: 3.6, Max: 3.6, Diff: 0.0, Sum: 7.3]
      [GC Worker End (ms): Min: 106256111.7, Avg: 106256111.7, Max: 106256111.7, Diff: 0.0]
   [Code Root Fixup: 0.0 ms]
   [Code Root Purge: 0.0 ms]
   [Clear CT: 0.1 ms]
   [Other: 5.0 ms]
      [Choose CSet: 0.0 ms]
      [Ref Proc: 4.6 ms]
      [Ref Enq: 0.0 ms]
      [Redirty Cards: 0.0 ms]
      [Humongous Register: 0.0 ms]
      [Humongous Reclaim: 0.0 ms]
      [Free CSet: 0.0 ms]
   [Eden: 45.0M(45.0M)->0.0B(49.0M) Survivors: 6144.0K->2048.0K Heap: 252.1M(1024.0M)->204.5M(1024.0M)]
 [Times: user=0.00 sys=0.00, real=0.01 secs] 
2017-09-26T14:38:26.176+0900: 106369.089: [GC pause (G1 Evacuation Pause) (young), 0.0034735 secs]
   [Parallel Time: 3.0 ms, GC Workers: 2]
      [GC Worker Start (ms): Min: 106369088.7, Avg: 106369088.7, Max: 106369088.7, Diff: 0.0]
      [Ext Root Scanning (ms): Min: 0.5, Avg: 0.5, Max: 0.5, Diff: 0.0, Sum: 1.0]
      [Update RS (ms): Min: 0.3, Avg: 0.3, Max: 0.3, Diff: 0.0, Sum: 0.6]
         [Processed Buffers: Min: 6, Avg: 16.5, Max: 27, Diff: 21, Sum: 33]
      [Scan RS (ms): Min: 0.0, Avg: 0.0, Max: 0.0, Diff: 0.0, Sum: 0.0]
      [Code Root Scanning (ms): Min: 0.0, Avg: 0.0, Max: 0.0, Diff: 0.0, Sum: 0.0]
      [Object Copy (ms): Min: 2.2, Avg: 2.2, Max: 2.2, Diff: 0.0, Sum: 4.4]
      [Termination (ms): Min: 0.0, Avg: 0.0, Max: 0.0, Diff: 0.0, Sum: 0.0]
         [Termination Attempts: Min: 1, Avg: 1.0, Max: 1, Diff: 0, Sum: 2]
      [GC Worker Other (ms): Min: 0.0, Avg: 0.0, Max: 0.0, Diff: 0.0, Sum: 0.0]
      [GC Worker Total (ms): Min: 3.0, Avg: 3.0, Max: 3.0, Diff: 0.0, Sum: 6.0]
      [GC Worker End (ms): Min: 106369091.7, Avg: 106369091.7, Max: 106369091.7, Diff: 0.0]
   [Code Root Fixup: 0.0 ms]
   [Code Root Purge: 0.0 ms]
   [Clear CT: 0.1 ms]
   [Other: 0.3 ms]
      [Choose CSet: 0.0 ms]
      [Ref Proc: 0.1 ms]
      [Ref Enq: 0.0 ms]
      [Redirty Cards: 0.0 ms]
      [Humongous Register: 0.0 ms]
      [Humongous Reclaim: 0.0 ms]
      [Free CSet: 0.0 ms]
   [Eden: 49.0M(49.0M)->0.0B(47.0M) Survivors: 2048.0K->4096.0K Heap: 253.5M(1024.0M)->206.5M(1024.0M)]
 [Times: user=0.01 sys=0.00, real=0.00 secs] 
2017-09-26T14:40:14.695+0900: 106477.608: [GC pause (G1 Evacuation Pause) (young), 0.0061343 secs]
   [Parallel Time: 4.5 ms, GC Workers: 2]
      [GC Worker Start (ms): Min: 106477607.7, Avg: 106477607.8, Max: 106477607.8, Diff: 0.1]
      [Ext Root Scanning (ms): Min: 0.5, Avg: 0.6, Max: 0.6, Diff: 0.1, Sum: 1.1]
      [Update RS (ms): Min: 0.2, Avg: 0.2, Max: 0.2, Diff: 0.0, Sum: 0.5]
         [Processed Buffers: Min: 9, Avg: 17.0, Max: 25, Diff: 16, Sum: 34]
      [Scan RS (ms): Min: 0.0, Avg: 0.0, Max: 0.0, Diff: 0.0, Sum: 0.0]
      [Code Root Scanning (ms): Min: 0.0, Avg: 0.0, Max: 0.0, Diff: 0.0, Sum: 0.0]
      [Object Copy (ms): Min: 3.6, Avg: 3.7, Max: 3.7, Diff: 0.0, Sum: 7.3]
      [Termination (ms): Min: 0.0, Avg: 0.0, Max: 0.0, Diff: 0.0, Sum: 0.0]
         [Termination Attempts: Min: 1, Avg: 1.0, Max: 1, Diff: 0, Sum: 2]
      [GC Worker Other (ms): Min: 0.0, Avg: 0.0, Max: 0.0, Diff: 0.0, Sum: 0.0]
      [GC Worker Total (ms): Min: 4.4, Avg: 4.5, Max: 4.5, Diff: 0.1, Sum: 8.9]
      [GC Worker End (ms): Min: 106477612.2, Avg: 106477612.2, Max: 106477612.2, Diff: 0.0]
   [Code Root Fixup: 0.0 ms]
   [Code Root Purge: 0.0 ms]
   [Clear CT: 0.1 ms]
   [Other: 1.5 ms]
      [Choose CSet: 0.0 ms]
      [Ref Proc: 1.0 ms]
      [Ref Enq: 0.0 ms]
      [Redirty Cards: 0.2 ms]
      [Humongous Register: 0.0 ms]
      [Humongous Reclaim: 0.0 ms]
      [Free CSet: 0.0 ms]
   [Eden: 47.0M(47.0M)->0.0B(65.0M) Survivors: 4096.0K->5120.0K Heap: 253.5M(1024.0M)->207.5M(1024.0M)]
 [Times: user=0.01 sys=0.00, real=0.01 secs] 
2017-09-26T14:42:44.334+0900: 106627.247: [GC pause (G1 Evacuation Pause) (young), 0.0784169 secs]
   [Parallel Time: 77.5 ms, GC Workers: 2]
      [GC Worker Start (ms): Min: 106627246.9, Avg: 106627246.9, Max: 106627246.9, Diff: 0.0]
      [Ext Root Scanning (ms): Min: 0.5, Avg: 0.5, Max: 0.6, Diff: 0.1, Sum: 1.0]
      [Update RS (ms): Min: 0.2, Avg: 0.2, Max: 0.2, Diff: 0.0, Sum: 0.5]
         [Processed Buffers: Min: 7, Avg: 16.5, Max: 26, Diff: 19, Sum: 33]
      [Scan RS (ms): Min: 0.0, Avg: 0.0, Max: 0.0, Diff: 0.0, Sum: 0.0]
      [Code Root Scanning (ms): Min: 0.0, Avg: 0.0, Max: 0.0, Diff: 0.0, Sum: 0.0]
      [Object Copy (ms): Min: 67.3, Avg: 71.9, Max: 76.4, Diff: 9.1, Sum: 143.7]
      [Termination (ms): Min: 0.0, Avg: 4.6, Max: 9.3, Diff: 9.3, Sum: 9.3]
         [Termination Attempts: Min: 1, Avg: 1.0, Max: 1, Diff: 0, Sum: 2]
      [GC Worker Other (ms): Min: 0.0, Avg: 0.0, Max: 0.0, Diff: 0.0, Sum: 0.0]
      [GC Worker Total (ms): Min: 77.1, Avg: 77.3, Max: 77.4, Diff: 0.3, Sum: 154.6]
      [GC Worker End (ms): Min: 106627324.1, Avg: 106627324.2, Max: 106627324.4, Diff: 0.3]
   [Code Root Fixup: 0.0 ms]
   [Code Root Purge: 0.0 ms]
   [Clear CT: 0.1 ms]
   [Other: 0.8 ms]
      [Choose CSet: 0.0 ms]
      [Ref Proc: 0.5 ms]
      [Ref Enq: 0.0 ms]
      [Redirty Cards: 0.0 ms]
      [Humongous Register: 0.0 ms]
      [Humongous Reclaim: 0.0 ms]
      [Free CSet: 0.0 ms]
   [Eden: 65.0M(65.0M)->0.0B(44.0M) Survivors: 5120.0K->7168.0K Heap: 272.5M(1024.0M)->210.0M(1024.0M)]
 [Times: user=0.02 sys=0.01, real=0.08 secs] 
2017-09-26T14:44:26.220+0900: 106729.133: [GC pause (G1 Evacuation Pause) (young), 0.1213490 secs]
   [Parallel Time: 120.6 ms, GC Workers: 2]
      [GC Worker Start (ms): Min: 106729133.4, Avg: 106729133.4, Max: 106729133.4, Diff: 0.0]
      [Ext Root Scanning (ms): Min: 0.6, Avg: 1.1, Max: 1.6, Diff: 1.0, Sum: 2.2]
      [Update RS (ms): Min: 0.3, Avg: 0.3, Max: 0.3, Diff: 0.0, Sum: 0.5]
         [Processed Buffers: Min: 5, Avg: 16.5, Max: 28, Diff: 23, Sum: 33]
      [Scan RS (ms): Min: 0.0, Avg: 0.0, Max: 0.0, Diff: 0.0, Sum: 0.0]
      [Code Root Scanning (ms): Min: 0.0, Avg: 0.0, Max: 0.0, Diff: 0.0, Sum: 0.0]
      [Object Copy (ms): Min: 118.6, Avg: 119.0, Max: 119.3, Diff: 0.7, Sum: 237.9]
      [Termination (ms): Min: 0.0, Avg: 0.2, Max: 0.3, Diff: 0.3, Sum: 0.3]
         [Termination Attempts: Min: 1, Avg: 3.0, Max: 5, Diff: 4, Sum: 6]
      [GC Worker Other (ms): Min: 0.0, Avg: 0.0, Max: 0.0, Diff: 0.0, Sum: 0.0]
      [GC Worker Total (ms): Min: 120.5, Avg: 120.5, Max: 120.6, Diff: 0.1, Sum: 241.1]
      [GC Worker End (ms): Min: 106729253.9, Avg: 106729254.0, Max: 106729254.0, Diff: 0.1]
   [Code Root Fixup: 0.0 ms]
   [Code Root Purge: 0.0 ms]
   [Clear CT: 0.0 ms]
   [Other: 0.6 ms]
      [Choose CSet: 0.0 ms]
      [Ref Proc: 0.1 ms]
      [Ref Enq: 0.0 ms]
      [Redirty Cards: 0.0 ms]
      [Humongous Register: 0.1 ms]
      [Humongous Reclaim: 0.0 ms]
      [Free CSet: 0.1 ms]
   [Eden: 44.0M(44.0M)->0.0B(46.0M) Survivors: 7168.0K->5120.0K Heap: 254.0M(1024.0M)->211.3M(1024.0M)]
 [Times: user=0.02 sys=0.01, real=0.12 secs] 
2017-09-26T14:46:12.404+0900: 106835.317: [GC pause (G1 Evacuation Pause) (young), 0.0144077 secs]
   [Parallel Time: 11.1 ms, GC Workers: 2]
      [GC Worker Start (ms): Min: 106835317.1, Avg: 106835317.1, Max: 106835317.1, Diff: 0.0]
      [Ext Root Scanning (ms): Min: 0.3, Avg: 0.5, Max: 0.8, Diff: 0.6, Sum: 1.1]
      [Update RS (ms): Min: 4.5, Avg: 4.7, Max: 4.8, Diff: 0.3, Sum: 9.3]
         [Processed Buffers: Min: 5, Avg: 23.5, Max: 42, Diff: 37, Sum: 47]
      [Scan RS (ms): Min: 0.0, Avg: 0.4, Max: 0.7, Diff: 0.7, Sum: 0.7]
      [Code Root Scanning (ms): Min: 0.0, Avg: 0.0, Max: 0.0, Diff: 0.0, Sum: 0.0]
      [Object Copy (ms): Min: 5.3, Avg: 5.3, Max: 5.4, Diff: 0.1, Sum: 10.6]
      [Termination (ms): Min: 0.0, Avg: 0.2, Max: 0.3, Diff: 0.3, Sum: 0.3]
         [Termination Attempts: Min: 1, Avg: 1.0, Max: 1, Diff: 0, Sum: 2]
      [GC Worker Other (ms): Min: 0.0, Avg: 0.0, Max: 0.0, Diff: 0.0, Sum: 0.0]
      [GC Worker Total (ms): Min: 11.0, Avg: 11.1, Max: 11.1, Diff: 0.1, Sum: 22.1]
      [GC Worker End (ms): Min: 106835328.1, Avg: 106835328.2, Max: 106835328.2, Diff: 0.1]
   [Code Root Fixup: 0.0 ms]
   [Code Root Purge: 0.0 ms]
   [Clear CT: 0.0 ms]
   [Other: 3.2 ms]
      [Choose CSet: 0.0 ms]
      [Ref Proc: 2.4 ms]
      [Ref Enq: 0.0 ms]
      [Redirty Cards: 0.0 ms]
      [Humongous Register: 0.1 ms]
      [Humongous Reclaim: 0.0 ms]
      [Free CSet: 0.0 ms]
   [Eden: 46.0M(46.0M)->0.0B(48.0M) Survivors: 5120.0K->3072.0K Heap: 257.3M(1024.0M)->210.5M(1024.0M)]
 [Times: user=0.01 sys=0.00, real=0.02 secs] 
2017-09-26T14:48:03.414+0900: 106946.327: [GC pause (G1 Evacuation Pause) (young), 0.0127977 secs]
   [Parallel Time: 11.5 ms, GC Workers: 2]
      [GC Worker Start (ms): Min: 106946327.3, Avg: 106946331.0, Max: 106946334.7, Diff: 7.4]
      [Ext Root Scanning (ms): Min: 0.0, Avg: 0.5, Max: 0.9, Diff: 0.9, Sum: 0.9]
      [Update RS (ms): Min: 0.0, Avg: 0.2, Max: 0.5, Diff: 0.5, Sum: 0.5]
         [Processed Buffers: Min: 0, Avg: 17.0, Max: 34, Diff: 34, Sum: 34]
      [Scan RS (ms): Min: 0.0, Avg: 0.0, Max: 0.0, Diff: 0.0, Sum: 0.0]
      [Code Root Scanning (ms): Min: 0.0, Avg: 0.0, Max: 0.0, Diff: 0.0, Sum: 0.0]
      [Object Copy (ms): Min: 3.9, Avg: 7.0, Max: 10.0, Diff: 6.1, Sum: 13.9]
      [Termination (ms): Min: 0.0, Avg: 0.0, Max: 0.0, Diff: 0.0, Sum: 0.0]
         [Termination Attempts: Min: 1, Avg: 1.0, Max: 1, Diff: 0, Sum: 2]
      [GC Worker Other (ms): Min: 0.0, Avg: 0.0, Max: 0.1, Diff: 0.1, Sum: 0.1]
      [GC Worker Total (ms): Min: 4.0, Avg: 7.7, Max: 11.4, Diff: 7.4, Sum: 15.4]
      [GC Worker End (ms): Min: 106946338.7, Avg: 106946338.7, Max: 106946338.7, Diff: 0.0]
   [Code Root Fixup: 0.0 ms]
   [Code Root Purge: 0.0 ms]
   [Clear CT: 0.1 ms]
   [Other: 1.2 ms]
      [Choose CSet: 0.0 ms]
      [Ref Proc: 0.7 ms]
      [Ref Enq: 0.0 ms]
      [Redirty Cards: 0.3 ms]
      [Humongous Register: 0.0 ms]
      [Humongous Reclaim: 0.0 ms]
      [Free CSet: 0.0 ms]
   [Eden: 48.0M(48.0M)->0.0B(46.0M) Survivors: 3072.0K->5120.0K Heap: 258.5M(1024.0M)->212.5M(1024.0M)]
 [Times: user=0.01 sys=0.01, real=0.02 secs] 
2017-09-26T14:49:49.488+0900: 107052.401: [GC pause (G1 Evacuation Pause) (young), 0.0340716 secs]
   [Parallel Time: 32.7 ms, GC Workers: 2]
      [GC Worker Start (ms): Min: 107052401.2, Avg: 107052401.2, Max: 107052401.3, Diff: 0.2]
      [Ext Root Scanning (ms): Min: 2.2, Avg: 2.4, Max: 2.7, Diff: 0.5, Sum: 4.9]
      [Update RS (ms): Min: 0.8, Avg: 1.1, Max: 1.5, Diff: 0.7, Sum: 2.2]
         [Processed Buffers: Min: 8, Avg: 17.0, Max: 26, Diff: 18, Sum: 34]
      [Scan RS (ms): Min: 0.0, Avg: 0.1, Max: 0.1, Diff: 0.1, Sum: 0.1]
      [Code Root Scanning (ms): Min: 0.0, Avg: 0.0, Max: 0.0, Diff: 0.0, Sum: 0.0]
      [Object Copy (ms): Min: 28.6, Avg: 28.7, Max: 28.8, Diff: 0.2, Sum: 57.4]
      [Termination (ms): Min: 0.0, Avg: 0.0, Max: 0.0, Diff: 0.0, Sum: 0.0]
         [Termination Attempts: Min: 1, Avg: 1.0, Max: 1, Diff: 0, Sum: 2]
      [GC Worker Other (ms): Min: 0.0, Avg: 0.2, Max: 0.4, Diff: 0.4, Sum: 0.5]
      [GC Worker Total (ms): Min: 32.5, Avg: 32.6, Max: 32.6, Diff: 0.2, Sum: 65.1]
      [GC Worker End (ms): Min: 107052433.8, Avg: 107052433.8, Max: 107052433.8, Diff: 0.0]
   [Code Root Fixup: 0.1 ms]
   [Code Root Purge: 0.0 ms]
   [Clear CT: 0.1 ms]
   [Other: 1.1 ms]
      [Choose CSet: 0.0 ms]
      [Ref Proc: 0.3 ms]
      [Ref Enq: 0.0 ms]
      [Redirty Cards: 0.3 ms]
      [Humongous Register: 0.1 ms]
      [Humongous Reclaim: 0.0 ms]
      [Free CSet: 0.0 ms]
   [Eden: 46.0M(46.0M)->0.0B(45.0M) Survivors: 5120.0K->6144.0K Heap: 258.5M(1024.0M)->213.5M(1024.0M)]
 [Times: user=0.06 sys=0.00, real=0.03 secs] 
2017-09-26T14:51:33.085+0900: 107155.998: [GC pause (G1 Evacuation Pause) (young), 0.0439631 secs]
   [Parallel Time: 43.2 ms, GC Workers: 2]
      [GC Worker Start (ms): Min: 107155998.5, Avg: 107155998.6, Max: 107155998.6, Diff: 0.1]
      [Ext Root Scanning (ms): Min: 0.5, Avg: 0.5, Max: 0.6, Diff: 0.1, Sum: 1.1]
      [Update RS (ms): Min: 0.3, Avg: 13.9, Max: 27.6, Diff: 27.4, Sum: 27.9]
         [Processed Buffers: Min: 5, Avg: 17.0, Max: 29, Diff: 24, Sum: 34]
      [Scan RS (ms): Min: 0.0, Avg: 0.0, Max: 0.0, Diff: 0.0, Sum: 0.0]
      [Code Root Scanning (ms): Min: 0.0, Avg: 0.0, Max: 0.0, Diff: 0.0, Sum: 0.0]
      [Object Copy (ms): Min: 13.1, Avg: 27.2, Max: 41.3, Diff: 28.3, Sum: 54.4]
      [Termination (ms): Min: 0.0, Avg: 0.5, Max: 1.0, Diff: 1.0, Sum: 1.0]
         [Termination Attempts: Min: 1, Avg: 1.0, Max: 1, Diff: 0, Sum: 2]
      [GC Worker Other (ms): Min: 0.0, Avg: 0.0, Max: 0.0, Diff: 0.0, Sum: 0.0]
      [GC Worker Total (ms): Min: 42.1, Avg: 42.2, Max: 42.2, Diff: 0.1, Sum: 84.4]
      [GC Worker End (ms): Min: 107156040.8, Avg: 107156040.8, Max: 107156040.8, Diff: 0.0]
   [Code Root Fixup: 0.0 ms]
   [Code Root Purge: 0.0 ms]
   [Clear CT: 0.1 ms]
   [Other: 0.6 ms]
      [Choose CSet: 0.0 ms]
      [Ref Proc: 0.3 ms]
      [Ref Enq: 0.0 ms]
      [Redirty Cards: 0.1 ms]
      [Humongous Register: 0.0 ms]
      [Humongous Reclaim: 0.0 ms]
      [Free CSet: 0.0 ms]
   [Eden: 45.0M(45.0M)->0.0B(45.0M) Survivors: 6144.0K->6144.0K Heap: 258.5M(1024.0M)->215.0M(1024.0M)]
 [Times: user=0.02 sys=0.00, real=0.05 secs] 
2017-09-26T14:53:16.421+0900: 107259.334: [GC pause (G1 Evacuation Pause) (young), 0.0086673 secs]
   [Parallel Time: 7.7 ms, GC Workers: 2]
      [GC Worker Start (ms): Min: 107259334.0, Avg: 107259334.0, Max: 107259334.0, Diff: 0.0]
      [Ext Root Scanning (ms): Min: 1.1, Avg: 1.2, Max: 1.2, Diff: 0.2, Sum: 2.3]
      [Update RS (ms): Min: 2.3, Avg: 2.3, Max: 2.3, Diff: 0.1, Sum: 4.6]
         [Processed Buffers: Min: 16, Avg: 22.0, Max: 28, Diff: 12, Sum: 44]
      [Scan RS (ms): Min: 0.0, Avg: 0.0, Max: 0.0, Diff: 0.0, Sum: 0.0]
      [Code Root Scanning (ms): Min: 0.0, Avg: 0.0, Max: 0.0, Diff: 0.0, Sum: 0.0]
      [Object Copy (ms): Min: 4.0, Avg: 4.0, Max: 4.1, Diff: 0.1, Sum: 8.0]
      [Termination (ms): Min: 0.0, Avg: 0.0, Max: 0.1, Diff: 0.1, Sum: 0.1]
         [Termination Attempts: Min: 1, Avg: 1.5, Max: 2, Diff: 1, Sum: 3]
      [GC Worker Other (ms): Min: 0.0, Avg: 0.0, Max: 0.0, Diff: 0.0, Sum: 0.0]
      [GC Worker Total (ms): Min: 7.5, Avg: 7.6, Max: 7.6, Diff: 0.1, Sum: 15.1]
      [GC Worker End (ms): Min: 107259341.5, Avg: 107259341.5, Max: 107259341.5, Diff: 0.0]
   [Code Root Fixup: 0.0 ms]
   [Code Root Purge: 0.0 ms]
   [Clear CT: 0.1 ms]
   [Other: 0.9 ms]
      [Choose CSet: 0.0 ms]
      [Ref Proc: 0.2 ms]
      [Ref Enq: 0.0 ms]
      [Redirty Cards: 0.0 ms]
      [Humongous Register: 0.1 ms]
      [Humongous Reclaim: 0.0 ms]
      [Free CSet: 0.0 ms]
   [Eden: 45.0M(45.0M)->0.0B(49.0M) Survivors: 6144.0K->2048.0K Heap: 260.0M(1024.0M)->212.0M(1024.0M)]
 [Times: user=0.01 sys=0.00, real=0.01 secs] 
2017-09-26T14:55:09.002+0900: 107371.915: [GC pause (G1 Evacuation Pause) (young), 0.0043553 secs]
   [Parallel Time: 3.4 ms, GC Workers: 2]
      [GC Worker Start (ms): Min: 107371914.7, Avg: 107371914.8, Max: 107371914.8, Diff: 0.0]
      [Ext Root Scanning (ms): Min: 0.5, Avg: 0.5, Max: 0.5, Diff: 0.0, Sum: 1.0]
      [Update RS (ms): Min: 0.3, Avg: 0.3, Max: 0.3, Diff: 0.0, Sum: 0.6]
         [Processed Buffers: Min: 13, Avg: 17.0, Max: 21, Diff: 8, Sum: 34]
      [Scan RS (ms): Min: 0.0, Avg: 0.0, Max: 0.0, Diff: 0.0, Sum: 0.0]
      [Code Root Scanning (ms): Min: 0.0, Avg: 0.0, Max: 0.0, Diff: 0.0, Sum: 0.0]
      [Object Copy (ms): Min: 2.2, Avg: 2.2, Max: 2.3, Diff: 0.0, Sum: 4.5]
      [Termination (ms): Min: 0.0, Avg: 0.0, Max: 0.0, Diff: 0.0, Sum: 0.0]
         [Termination Attempts: Min: 1, Avg: 1.5, Max: 2, Diff: 1, Sum: 3]
      [GC Worker Other (ms): Min: 0.0, Avg: 0.0, Max: 0.0, Diff: 0.0, Sum: 0.0]
      [GC Worker Total (ms): Min: 3.1, Avg: 3.1, Max: 3.1, Diff: 0.0, Sum: 6.1]
      [GC Worker End (ms): Min: 107371917.8, Avg: 107371917.8, Max: 107371917.8, Diff: 0.0]
   [Code Root Fixup: 0.0 ms]
   [Code Root Purge: 0.0 ms]
   [Clear CT: 0.1 ms]
   [Other: 0.8 ms]
      [Choose CSet: 0.0 ms]
      [Ref Proc: 0.5 ms]
      [Ref Enq: 0.0 ms]
      [Redirty Cards: 0.1 ms]
      [Humongous Register: 0.0 ms]
      [Humongous Reclaim: 0.0 ms]
      [Free CSet: 0.0 ms]
   [Eden: 49.0M(49.0M)->0.0B(47.0M) Survivors: 2048.0K->4096.0K Heap: 261.0M(1024.0M)->214.0M(1024.0M)]
 [Times: user=0.00 sys=0.00, real=0.00 secs] 
 Sum: 2.9]
         [Processed Buffers: Min: 14, Avg: 19.5, Max: 25, Diff: 11, Sum: 39]
      [Scan RS (ms): Min: 0.0, Avg: 0.0, Max: 0.1, Diff: 0.1, Sum: 0.1]
      [Code Root Scanning (ms): Min: 0.0, Avg: 0.0, Max: 0.0, Diff: 0.0, Sum: 0.0]
      [Object Copy (ms): Min: 24.6, Avg: 24.7, Max: 24.7, Diff: 0.1, Sum: 49.4]
      [Termination (ms): Min: 0.0, Avg: 0.0, Max: 0.0, Diff: 0.0, Sum: 0.0]
         [Termination Attempts: Min: 1, Avg: 1.0, Max: 1, Diff: 0, Sum: 2]
      [GC Worker Other (ms): Min: 0.0, Avg: 0.0, Max: 0.0, Diff: 0.0, Sum: 0.0]
      [GC Worker Total (ms): Min: 26.8, Avg: 26.8, Max: 26.8, Diff: 0.0, Sum: 53.6]
      [GC Worker End (ms): Min: 105708843.3, Avg: 105708843.3, Max: 105708843.3, Diff: 0.0]
   [Code Root Fixup: 0.0 ms]
   [Code Root Purge: 0.0 ms]
   [Clear CT: 0.1 ms]
   [Other: 0.5 ms]
      [Choose CSet: 0.0 ms]
      [Ref Proc: 0.1 ms]
      [Ref Enq: 0.0 ms]
      [Redirty Cards: 0.1 ms]
      [Humongous Register: 0.0 ms]
      [Humongous Reclaim: 0.0 ms]
      [Free CSet: 0.0 ms]
   [Eden: 46.0M(46.0M)->0.0B(45.0M) Survivors: 5120.0K->6144.0K Heap: 256.0M(1024.0M)->211.8M(1024.0M)]
 [Times: user=0.02 sys=0.00, real=0.03 secs] 
2017-09-25T20:09:05.715+0900: 105810.841: [GC pause (G1 Evacuation Pause) (young), 0.0288508 secs]
   [Parallel Time: 28.0 ms, GC Workers: 2]
      [GC Worker Start (ms): Min: 105810841.3, Avg: 105810841.3, Max: 105810841.4, Diff: 0.1]
      [Ext Root Scanning (ms): Min: 1.3, Avg: 1.4, Max: 1.5, Diff: 0.2, Sum: 2.7]
      [Update RS (ms): Min: 6.2, Avg: 6.3, Max: 6.4, Diff: 0.2, Sum: 12.5]
         [Processed Buffers: Min: 7, Avg: 19.5, Max: 32, Diff: 25, Sum: 39]
      [Scan RS (ms): Min: 1.2, Avg: 1.2, Max: 1.2, Diff: 0.1, Sum: 2.4]
      [Code Root Scanning (ms): Min: 0.0, Avg: 0.0, Max: 0.0, Diff: 0.0, Sum: 0.1]
      [Object Copy (ms): Min: 18.9, Avg: 18.9, Max: 19.0, Diff: 0.1, Sum: 37.9]
      [Termination (ms): Min: 0.0, Avg: 0.0, Max: 0.0, Diff: 0.0, Sum: 0.0]
         [Termination Attempts: Min: 1, Avg: 1.0, Max: 1, Diff: 0, Sum: 2]
      [GC Worker Other (ms): Min: 0.0, Avg: 0.0, Max: 0.0, Diff: 0.0, Sum: 0.0]
      [GC Worker Total (ms): Min: 27.8, Avg: 27.8, Max: 27.8, Diff: 0.1, Sum: 55.6]
      [GC Worker End (ms): Min: 105810869.1, Avg: 105810869.1, Max: 105810869.1, Diff: 0.0]
   [Code Root Fixup: 0.1 ms]
   [Code Root Purge: 0.0 ms]
   [Clear CT: 0.1 ms]
   [Other: 0.7 ms]
      [Choose CSet: 0.0 ms]
      [Ref Proc: 0.3 ms]
      [Ref Enq: 0.0 ms]
      [Redirty Cards: 0.1 ms]
      [Humongous Register: 0.0 ms]
      [Humongous Reclaim: 0.0 ms]
      [Free CSet: 0.0 ms]
   [Eden: 45.0M(45.0M)->0.0B(44.0M) Survivors: 6144.0K->7168.0K Heap: 256.8M(1024.0M)->214.3M(1024.0M)]
 [Times: user=0.06 sys=0.00, real=0.03 secs] 
2017-09-25T20:10:43.327+0900: 105908.453: [GC pause (G1 Evacuation Pause) (young), 0.0680532 secs]
   [Parallel Time: 67.1 ms, GC Workers: 2]
      [GC Worker Start (ms): Min: 105908453.2, Avg: 105908453.3, Max: 105908453.4, Diff: 0.2]
      [Ext Root Scanning (ms): Min: 1.3, Avg: 1.7, Max: 2.1, Diff: 0.8, Sum: 3.3]
      [Update RS (ms): Min: 4.0, Avg: 8.2, Max: 12.4, Diff: 8.4, Sum: 16.4]
         [Processed Buffers: Min: 13, Avg: 19.0, Max: 25, Diff: 12, Sum: 38]
      [Scan RS (ms): Min: 2.1, Avg: 2.7, Max: 3.4, Diff: 1.3, Sum: 5.5]
      [Code Root Scanning (ms): Min: 0.0, Avg: 0.0, Max: 0.1, Diff: 0.1, Sum: 0.1]
      [Object Copy (ms): Min: 48.6, Avg: 54.0, Max: 59.3, Diff: 10.7, Sum: 108.0]
      [Termination (ms): Min: 0.0, Avg: 0.3, Max: 0.5, Diff: 0.5, Sum: 0.5]
         [Termination Attempts: Min: 1, Avg: 1.0, Max: 1, Diff: 0, Sum: 2]
      [GC Worker Other (ms): Min: 0.0, Avg: 0.0, Max: 0.0, Diff: 0.0, Sum: 0.0]
      [GC Worker Total (ms): Min: 66.7, Avg: 66.9, Max: 67.0, Diff: 0.3, Sum: 133.8]
      [GC Worker End (ms): Min: 105908520.2, Avg: 105908520.2, Max: 105908520.3, Diff: 0.1]
   [Code Root Fixup: 0.1 ms]
   [Code Root Purge: 0.0 ms]
   [Clear CT: 0.1 ms]
   [Other: 0.7 ms]
      [Choose CSet: 0.0 ms]
      [Ref Proc: 0.2 ms]
      [Ref Enq: 0.0 ms]
      [Redirty Cards: 0.1 ms]
      [Humongous Register: 0.1 ms]
      [Humongous Reclaim: 0.0 ms]
      [Free CSet: 0.0 ms]
   [Eden: 44.0M(44.0M)->0.0B(45.0M) Survivors: 7168.0K->6144.0K Heap: 258.3M(1024.0M)->216.0M(1024.0M)]
 [Times: user=0.07 sys=0.01, real=0.07 secs] 
2017-09-25T20:12:24.578+0900: 106009.704: [GC pause (G1 Evacuation Pause) (young), 0.0235533 secs]
   [Parallel Time: 21.0 ms, GC Workers: 2]
      [GC Worker Start (ms): Min: 106009704.0, Avg: 106009704.1, Max: 106009704.1, Diff: 0.1]
      [Ext Root Scanning (ms): Min: 2.0, Avg: 2.0, Max: 2.1, Diff: 0.1, Sum: 4.0]
      [Update RS (ms): Min: 7.7, Avg: 7.7, Max: 7.7, Diff: 0.0, Sum: 15.3]
         [Processed Buffers: Min: 13, Avg: 18.5, Max: 24, Diff: 11, Sum: 37]
      [Scan RS (ms): Min: 1.7, Avg: 1.8, Max: 1.9, Diff: 0.2, Sum: 3.6]
      [Code Root Scanning (ms): Min: 0.0, Avg: 0.0, Max: 0.0, Diff: 0.0, Sum: 0.0]
      [Object Copy (ms): Min: 9.0, Avg: 9.0, Max: 9.0, Diff: 0.0, Sum: 18.0]
      [Termination (ms): Min: 0.0, Avg: 0.1, Max: 0.3, Diff: 0.2, Sum: 0.3]
         [Termination Attempts: Min: 1, Avg: 1.0, Max: 1, Diff: 0, Sum: 2]
      [GC Worker Other (ms): Min: 0.0, Avg: 0.0, Max: 0.0, Diff: 0.0, Sum: 0.1]
      [GC Worker Total (ms): Min: 20.7, Avg: 20.7, Max: 20.7, Diff: 0.0, Sum: 41.4]
      [GC Worker End (ms): Min: 106009724.7, Avg: 106009724.8, Max: 106009724.8, Diff: 0.1]
   [Code Root Fixup: 0.2 ms]
   [Code Root Purge: 0.0 ms]
   [Clear CT: 0.4 ms]
   [Other: 2.0 ms]
      [Choose CSet: 0.0 ms]
      [Ref Proc: 0.6 ms]
      [Ref Enq: 0.0 ms]
      [Redirty Cards: 0.7 ms]
      [Humongous Register: 0.1 ms]
      [Humongous Reclaim: 0.0 ms]
      [Free CSet: 0.1 ms]
   [Eden: 45.0M(45.0M)->0.0B(48.0M) Survivors: 6144.0K->3072.0K Heap: 261.0M(1024.0M)->213.5M(1024.0M)]
 [Times: user=0.04 sys=0.00, real=0.02 secs] 
2017-09-25T20:14:12.751+0900: 106117.877: [GC pause (G1 Evacuation Pause) (young), 0.0314951 secs]
   [Parallel Time: 29.2 ms, GC Workers: 2]
      [GC Worker Start (ms): Min: 106117877.4, Avg: 106117877.5, Max: 106117877.5, Diff: 0.1]
      [Ext Root Scanning (ms): Min: 1.8, Avg: 1.9, Max: 2.0, Diff: 0.1, Sum: 3.8]
      [Update RS (ms): Min: 5.3, Avg: 5.4, Max: 5.5, Diff: 0.1, Sum: 10.8]
         [Processed Buffers: Min: 13, Avg: 18.0, Max: 23, Diff: 10, Sum: 36]
      [Scan RS (ms): Min: 0.9, Avg: 1.0, Max: 1.1, Diff: 0.2, Sum: 2.1]
      [Code Root Scanning (ms): Min: 0.0, Avg: 0.0, Max: 0.0, Diff: 0.0, Sum: 0.0]
      [Object Copy (ms): Min: 20.4, Avg: 20.4, Max: 20.5, Diff: 0.1, Sum: 40.9]
      [Termination (ms): Min: 0.0, Avg: 0.0, Max: 0.0, Diff: 0.0, Sum: 0.0]
         [Termination Attempts: Min: 1, Avg: 1.0, Max: 1, Diff: 0, Sum: 2]
      [GC Worker Other (ms): Min: 0.0, Avg: 0.0, Max: 0.0, Diff: 0.0, Sum: 0.1]
      [GC Worker Total (ms): Min: 28.8, Avg: 28.8, Max: 28.9, Diff: 0.1, Sum: 57.6]
      [GC Worker End (ms): Min: 106117906.3, Avg: 106117906.3, Max: 106117906.3, Diff: 0.0]
   [Code Root Fixup: 0.2 ms]
   [Code Root Purge: 0.0 ms]
   [Clear CT: 0.3 ms]
   [Other: 1.8 ms]
      [Choose CSet: 0.0 ms]
      [Ref Proc: 0.6 ms]
      [Ref Enq: 0.0 ms]
      [Redirty Cards: 0.6 ms]
      [Humongous Register: 0.1 ms]
      [Humongous Reclaim: 0.0 ms]
      [Free CSet: 0.1 ms]
   [Eden: 48.0M(48.0M)->0.0B(47.0M) Survivors: 3072.0K->4096.0K Heap: 261.5M(1024.0M)->214.5M(1024.0M)]
 [Times: user=0.06 sys=0.00, real=0.04 secs] 
2017-09-25T20:15:57.327+0900: 106222.453: [GC pause (G1 Evacuation Pause) (young), 0.0472688 secs]
   [Parallel Time: 39.1 ms, GC Workers: 2]
      [GC Worker Start (ms): Min: 106222460.0, Avg: 106222460.0, Max: 106222460.1, Diff: 0.2]
      [Ext Root Scanning (ms): Min: 13.7, Avg: 14.9, Max: 16.1, Diff: 2.4, Sum: 29.7]
      [Update RS (ms): Min: 3.8, Avg: 4.7, Max: 5.7, Diff: 1.9, Sum: 9.5]
         [Processed Buffers: Min: 8, Avg: 20.0, Max: 32, Diff: 24, Sum: 40]
      [Scan RS (ms): Min: 0.3, Avg: 0.4, Max: 0.4, Diff: 0.1, Sum: 0.8]
      [Code Root Scanning (ms): Min: 0.0, Avg: 0.0, Max: 0.0, Diff: 0.0, Sum: 0.0]
      [Object Copy (ms): Min: 18.5, Avg: 18.6, Max: 18.7, Diff: 0.2, Sum: 37.2]
      [Termination (ms): Min: 0.0, Avg: 0.0, Max: 0.0, Diff: 0.0, Sum: 0.0]
         [Termination Attempts: Min: 1, Avg: 1.0, Max: 1, Diff: 0, Sum: 2]
      [GC Worker Other (ms): Min: 0.0, Avg: 0.0, Max: 0.0, Diff: 0.0, Sum: 0.1]
      [GC Worker Total (ms): Min: 38.6, Avg: 38.6, Max: 38.7, Diff: 0.2, Sum: 77.3]
      [GC Worker End (ms): Min: 106222498.7, Avg: 106222498.7, Max: 106222498.7, Diff: 0.0]
   [Code Root Fixup: 0.1 ms]
   [Code Root Purge: 0.0 ms]
   [Clear CT: 0.2 ms]
   [Other: 7.8 ms]
      [Choose CSet: 0.0 ms]
      [Ref Proc: 0.5 ms]
      [Ref Enq: 0.0 ms]
      [Redirty Cards: 0.4 ms]
      [Humongous Register: 6.4 ms]
      [Humongous Reclaim: 0.0 ms]
      [Free CSet: 0.1 ms]
   [Eden: 47.0M(47.0M)->0.0B(45.0M) Survivors: 4096.0K->6144.0K Heap: 261.5M(1024.0M)->216.5M(1024.0M)]
 [Times: user=0.08 sys=0.00, real=0.05 secs] 
2017-09-26T14:17:43.078+0900: 106311.964: [GC pause (G1 Evacuation Pause) (young), 0.0094062 secs]
   [Parallel Time: 8.9 ms, GC Workers: 2]
      [GC Worker Start (ms): Min: 106311964.4, Avg: 106311964.4, Max: 106311964.4, Diff: 0.0]
      [Ext Root Scanning (ms): Min: 0.6, Avg: 0.6, Max: 0.7, Diff: 0.1, Sum: 1.3]
      [Update RS (ms): Min: 0.7, Avg: 0.7, Max: 0.7, Diff: 0.0, Sum: 1.3]
         [Processed Buffers: Min: 17, Avg: 19.0, Max: 21, Diff: 4, Sum: 38]
      [Scan RS (ms): Min: 0.5, Avg: 0.5, Max: 0.5, Diff: 0.0, Sum: 0.9]
      [Code Root Scanning (ms): Min: 0.0, Avg: 0.0, Max: 0.0, Diff: 0.0, Sum: 0.0]
      [Object Copy (ms): Min: 7.1, Avg: 7.1, Max: 7.1, Diff: 0.0, Sum: 14.2]
      [Termination (ms): Min: 0.0, Avg: 0.0, Max: 0.0, Diff: 0.0, Sum: 0.0]
         [Termination Attempts: Min: 1, Avg: 1.0, Max: 1, Diff: 0, Sum: 2]
      [GC Worker Other (ms): Min: 0.0, Avg: 0.0, Max: 0.0, Diff: 0.0, Sum: 0.0]
      [GC Worker Total (ms): Min: 8.9, Avg: 8.9, Max: 8.9, Diff: 0.0, Sum: 17.7]
      [GC Worker End (ms): Min: 106311973.3, Avg: 106311973.3, Max: 106311973.3, Diff: 0.0]
   [Code Root Fixup: 0.0 ms]
   [Code Root Purge: 0.0 ms]
   [Clear CT: 0.0 ms]
   [Other: 0.4 ms]
      [Choose CSet: 0.0 ms]
      [Ref Proc: 0.1 ms]
      [Ref Enq: 0.0 ms]
      [Redirty Cards: 0.0 ms]
      [Humongous Register: 0.0 ms]
      [Humongous Reclaim: 0.0 ms]
      [Free CSet: 0.0 ms]
   [Eden: 45.0M(45.0M)->0.0B(47.0M) Survivors: 6144.0K->4096.0K Heap: 261.5M(1024.0M)->217.9M(1024.0M)]
 [Times: user=0.02 sys=0.00, real=0.01 secs] 
2017-09-26T14:19:29.565+0900: 106418.452: [GC pause (G1 Evacuation Pause) (young), 0.0601311 secs]
   [Parallel Time: 48.9 ms, GC Workers: 2]
      [GC Worker Start (ms): Min: 106418452.2, Avg: 106418452.2, Max: 106418452.2, Diff: 0.1]
      [Ext Root Scanning (ms): Min: 9.4, Avg: 29.0, Max: 48.5, Diff: 39.1, Sum: 57.9]
      [Update RS (ms): Min: 0.0, Avg: 9.0, Max: 17.9, Diff: 17.9, Sum: 17.9]
         [Processed Buffers: Min: 0, Avg: 16.5, Max: 33, Diff: 33, Sum: 33]
      [Scan RS (ms): Min: 0.0, Avg: 0.4, Max: 0.8, Diff: 0.7, Sum: 0.8]
      [Code Root Scanning (ms): Min: 0.0, Avg: 0.0, Max: 0.0, Diff: 0.0, Sum: 0.0]
      [Object Copy (ms): Min: 0.0, Avg: 5.4, Max: 10.8, Diff: 10.8, Sum: 10.8]
      [Termination (ms): Min: 0.0, Avg: 4.9, Max: 9.7, Diff: 9.7, Sum: 9.7]
         [Termination Attempts: Min: 1, Avg: 1.0, Max: 1, Diff: 0, Sum: 2]
      [GC Worker Other (ms): Min: 0.0, Avg: 0.0, Max: 0.0, Diff: 0.0, Sum: 0.0]
      [GC Worker Total (ms): Min: 48.5, Avg: 48.6, Max: 48.7, Diff: 0.1, Sum: 97.2]
      [GC Worker End (ms): Min: 106418500.7, Avg: 106418500.8, Max: 106418500.9, Diff: 0.2]
   [Code Root Fixup: 0.1 ms]
   [Code Root Purge: 0.0 ms]
   [Clear CT: 0.0 ms]
   [Other: 11.1 ms]
      [Choose CSet: 0.0 ms]
      [Ref Proc: 0.2 ms]
      [Ref Enq: 0.0 ms]
      [Redirty Cards: 0.1 ms]
      [Humongous Register: 0.0 ms]
      [Humongous Reclaim: 6.9 ms]
      [Free CSet: 3.4 ms]
   [Eden: 47.0M(47.0M)->0.0B(45.0M) Survivors: 4096.0K->6144.0K Heap: 264.9M(1024.0M)->219.4M(1024.0M)]
 [Times: user=0.03 sys=0.00, real=0.06 secs] 
2017-09-26T14:21:10.735+0900: 106519.622: [GC pause (G1 Evacuation Pause) (young), 0.0063098 secs]
   [Parallel Time: 5.7 ms, GC Workers: 2]
      [GC Worker Start (ms): Min: 106519621.6, Avg: 106519621.6, Max: 106519621.6, Diff: 0.0]
      [Ext Root Scanning (ms): Min: 0.6, Avg: 1.6, Max: 2.6, Diff: 2.0, Sum: 3.2]
      [Update RS (ms): Min: 1.9, Avg: 1.9, Max: 1.9, Diff: 0.0, Sum: 3.8]
         [Processed Buffers: Min: 5, Avg: 16.5, Max: 28, Diff: 23, Sum: 33]
      [Scan RS (ms): Min: 0.0, Avg: 0.0, Max: 0.0, Diff: 0.0, Sum: 0.0]
      [Code Root Scanning (ms): Min: 0.0, Avg: 0.0, Max: 0.0, Diff: 0.0, Sum: 0.0]
      [Object Copy (ms): Min: 1.1, Avg: 2.1, Max: 3.2, Diff: 2.0, Sum: 4.3]
      [Termination (ms): Min: 0.0, Avg: 0.0, Max: 0.0, Diff: 0.0, Sum: 0.0]
         [Termination Attempts: Min: 1, Avg: 1.0, Max: 1, Diff: 0, Sum: 2]
      [GC Worker Other (ms): Min: 0.0, Avg: 0.0, Max: 0.0, Diff: 0.0, Sum: 0.0]
      [GC Worker Total (ms): Min: 5.6, Avg: 5.6, Max: 5.6, Diff: 0.0, Sum: 11.3]
      [GC Worker End (ms): Min: 106519627.3, Avg: 106519627.3, Max: 106519627.3, Diff: 0.0]
   [Code Root Fixup: 0.0 ms]
   [Code Root Purge: 0.0 ms]
   [Clear CT: 0.1 ms]
   [Other: 0.5 ms]
      [Choose CSet: 0.0 ms]
      [Ref Proc: 0.2 ms]
      [Ref Enq: 0.0 ms]
      [Redirty Cards: 0.1 ms]
      [Humongous Register: 0.0 ms]
      [Humongous Reclaim: 0.0 ms]
      [Free CSet: 0.1 ms]
   [Eden: 45.0M(45.0M)->0.0B(49.0M) Survivors: 6144.0K->2048.0K Heap: 264.4M(1024.0M)->216.0M(1024.0M)]
 [Times: user=0.01 sys=0.00, real=0.01 secs] 
2017-09-26T14:23:01.211+0900: 106630.097: [GC pause (G1 Evacuation Pause) (young), 0.0212124 secs]
   [Parallel Time: 18.5 ms, GC Workers: 2]
      [GC Worker Start (ms): Min: 106630097.9, Avg: 106630098.0, Max: 106630098.0, Diff: 0.0]
      [Ext Root Scanning (ms): Min: 2.5, Avg: 2.5, Max: 2.5, Diff: 0.0, Sum: 5.0]
      [Update RS (ms): Min: 3.9, Avg: 4.0, Max: 4.0, Diff: 0.1, Sum: 7.9]
         [Processed Buffers: Min: 11, Avg: 16.5, Max: 22, Diff: 11, Sum: 33]
      [Scan RS (ms): Min: 0.1, Avg: 0.3, Max: 0.6, Diff: 0.5, Sum: 0.7]
      [Code Root Scanning (ms): Min: 0.0, Avg: 0.0, Max: 0.0, Diff: 0.0, Sum: 0.0]
      [Object Copy (ms): Min: 10.8, Avg: 11.1, Max: 11.3, Diff: 0.5, Sum: 22.1]
      [Termination (ms): Min: 0.0, Avg: 0.1, Max: 0.3, Diff: 0.2, Sum: 0.3]
         [Termination Attempts: Min: 1, Avg: 1.0, Max: 1, Diff: 0, Sum: 2]
      [GC Worker Other (ms): Min: 0.0, Avg: 0.0, Max: 0.0, Diff: 0.0, Sum: 0.1]
      [GC Worker Total (ms): Min: 18.0, Avg: 18.0, Max: 18.0, Diff: 0.1, Sum: 36.0]
      [GC Worker End (ms): Min: 106630115.9, Avg: 106630116.0, Max: 106630116.0, Diff: 0.1]
   [Code Root Fixup: 0.1 ms]
   [Code Root Purge: 0.0 ms]
   [Clear CT: 0.3 ms]
   [Other: 2.4 ms]
      [Choose CSet: 0.0 ms]
      [Ref Proc: 0.9 ms]
      [Ref Enq: 0.0 ms]
      [Redirty Cards: 0.7 ms]
      [Humongous Register: 0.1 ms]
      [Humongous Reclaim: 0.0 ms]
      [Free CSet: 0.1 ms]
   [Eden: 49.0M(49.0M)->0.0B(47.0M) Survivors: 2048.0K->4096.0K Heap: 265.0M(1024.0M)->218.5M(1024.0M)]
 [Times: user=0.04 sys=0.00, real=0.03 secs] 
2017-09-26T14:24:47.278+0900: 106736.164: [GC pause (G1 Evacuation Pause) (young), 0.0258149 secs]
   [Parallel Time: 23.1 ms, GC Workers: 2]
      [GC Worker Start (ms): Min: 106736164.6, Avg: 106736164.9, Max: 106736165.1, Diff: 0.6]
      [Ext Root Scanning (ms): Min: 1.7, Avg: 2.0, Max: 2.3, Diff: 0.6, Sum: 3.9]
      [Update RS (ms): Min: 1.8, Avg: 1.9, Max: 2.0, Diff: 0.2, Sum: 3.8]
         [Processed Buffers: Min: 14, Avg: 15.5, Max: 17, Diff: 3, Sum: 31]
      [Scan RS (ms): Min: 0.0, Avg: 0.0, Max: 0.0, Diff: 0.0, Sum: 0.1]
      [Code Root Scanning (ms): Min: 0.0, Avg: 0.0, Max: 0.0, Diff: 0.0, Sum: 0.0]
      [Object Copy (ms): Min: 18.5, Avg: 18.7, Max: 18.8, Diff: 0.2, Sum: 37.3]
      [Termination (ms): Min: 0.0, Avg: 0.1, Max: 0.2, Diff: 0.2, Sum: 0.2]
         [Termination Attempts: Min: 1, Avg: 1.0, Max: 1, Diff: 0, Sum: 2]
      [GC Worker Other (ms): Min: 0.0, Avg: 0.0, Max: 0.0, Diff: 0.0, Sum: 0.1]
      [GC Worker Total (ms): Min: 22.4, Avg: 22.7, Max: 22.9, Diff: 0.5, Sum: 45.4]
      [GC Worker End (ms): Min: 106736187.5, Avg: 106736187.5, Max: 106736187.6, Diff: 0.0]
   [Code Root Fixup: 0.2 ms]
   [Code Root Purge: 0.0 ms]
   [Clear CT: 0.3 ms]
   [Other: 2.2 ms]
      [Choose CSet: 0.0 ms]
      [Ref Proc: 0.7 ms]
      [Ref Enq: 0.0 ms]
      [Redirty Cards: 0.8 ms]
      [Humongous Register: 0.1 ms]
      [Humongous Reclaim: 0.0 ms]
      [Free CSet: 0.1 ms]
   [Eden: 47.0M(47.0M)->0.0B(46.0M) Survivors: 4096.0K->5120.0K Heap: 265.5M(1024.0M)->219.0M(1024.0M)]
 [Times: user=0.05 sys=0.00, real=0.03 secs] 
2017-09-26T14:26:31.479+0900: 106840.366: [GC pause (G1 Evacuation Pause) (young), 0.0383321 secs]
   [Parallel Time: 35.8 ms, GC Workers: 2]
      [GC Worker Start (ms): Min: 106840366.1, Avg: 106840366.1, Max: 106840366.1, Diff: 0.0]
      [Ext Root Scanning (ms): Min: 2.1, Avg: 2.2, Max: 2.2, Diff: 0.1, Sum: 4.3]
      [Update RS (ms): Min: 2.0, Avg: 2.9, Max: 3.8, Diff: 1.8, Sum: 5.8]
         [Processed Buffers: Min: 7, Avg: 15.5, Max: 24, Diff: 17, Sum: 31]
      [Scan RS (ms): Min: 0.0, Avg: 0.0, Max: 0.0, Diff: 0.0, Sum: 0.1]
      [Code Root Scanning (ms): Min: 0.0, Avg: 0.0, Max: 0.0, Diff: 0.0, Sum: 0.0]
      [Object Copy (ms): Min: 27.7, Avg: 29.3, Max: 30.8, Diff: 3.1, Sum: 58.5]
      [Termination (ms): Min: 0.0, Avg: 1.0, Max: 2.0, Diff: 2.0, Sum: 2.0]
         [Termination Attempts: Min: 1, Avg: 1.0, Max: 1, Diff: 0, Sum: 2]
      [GC Worker Other (ms): Min: 0.0, Avg: 0.0, Max: 0.0, Diff: 0.0, Sum: 0.0]
      [GC Worker Total (ms): Min: 35.1, Avg: 35.4, Max: 35.7, Diff: 0.6, Sum: 70.7]
      [GC Worker End (ms): Min: 106840401.1, Avg: 106840401.4, Max: 106840401.8, Diff: 0.7]
   [Code Root Fixup: 0.1 ms]
   [Code Root Purge: 0.0 ms]
   [Clear CT: 0.3 ms]
   [Other: 2.1 ms]
      [Choose CSet: 0.0 ms]
      [Ref Proc: 1.4 ms]
      [Ref Enq: 0.0 ms]
      [Redirty Cards: 0.0 ms]
      [Humongous Register: 0.1 ms]
      [Humongous Reclaim: 0.0 ms]
      [Free CSet: 0.0 ms]
   [Eden: 46.0M(46.0M)->0.0B(45.0M) Survivors: 5120.0K->6144.0K Heap: 265.0M(1024.0M)->220.8M(1024.0M)]
 [Times: user=0.06 sys=0.00, real=0.04 secs] 
2017-09-26T14:28:13.564+0900: 106942.451: [GC pause (G1 Evacuation Pause) (young), 0.0217704 secs]
   [Parallel Time: 21.1 ms, GC Workers: 2]
      [GC Worker Start (ms): Min: 106942450.9, Avg: 106942451.0, Max: 106942451.0, Diff: 0.1]
      [Ext Root Scanning (ms): Min: 0.6, Avg: 0.6, Max: 0.7, Diff: 0.1, Sum: 1.2]
      [Update RS (ms): Min: 2.4, Avg: 2.4, Max: 2.4, Diff: 0.0, Sum: 4.8]
         [Processed Buffers: Min: 12, Avg: 15.0, Max: 18, Diff: 6, Sum: 30]
      [Scan RS (ms): Min: 0.0, Avg: 0.0, Max: 0.0, Diff: 0.0, Sum: 0.0]
      [Code Root Scanning (ms): Min: 0.0, Avg: 0.0, Max: 0.0, Diff: 0.0, Sum: 0.0]
      [Object Copy (ms): Min: 11.3, Avg: 11.8, Max: 12.3, Diff: 1.0, Sum: 23.6]
      [Termination (ms): Min: 0.0, Avg: 3.3, Max: 6.6, Diff: 6.6, Sum: 6.6]
         [Termination Attempts: Min: 1, Avg: 1.0, Max: 1, Diff: 0, Sum: 2]
      [GC Worker Other (ms): Min: 0.0, Avg: 0.0, Max: 0.0, Diff: 0.0, Sum: 0.0]
      [GC Worker Total (ms): Min: 15.4, Avg: 18.2, Max: 20.9, Diff: 5.5, Sum: 36.3]
      [GC Worker End (ms): Min: 106942466.4, Avg: 106942469.2, Max: 106942472.0, Diff: 5.6]
   [Code Root Fixup: 0.0 ms]
   [Code Root Purge: 0.0 ms]
   [Clear CT: 0.1 ms]
   [Other: 0.5 ms]
      [Choose CSet: 0.0 ms]
      [Ref Proc: 0.1 ms]
      [Ref Enq: 0.0 ms]
      [Redirty Cards: 0.1 ms]
      [Humongous Register: 0.1 ms]
      [Humongous Reclaim: 0.0 ms]
      [Free CSet: 0.0 ms]
   [Eden: 45.0M(45.0M)->0.0B(45.0M) Survivors: 6144.0K->6144.0K Heap: 265.8M(1024.0M)->222.3M(1024.0M)]
 [Times: user=0.01 sys=0.00, real=0.02 secs] 
2017-09-26T14:29:55.099+0900: 107043.985: [GC pause (G1 Evacuation Pause) (young), 0.0027647 secs]
   [Parallel Time: 2.3 ms, GC Workers: 2]
      [GC Worker Start (ms): Min: 107043985.0, Avg: 107043985.0, Max: 107043985.0, Diff: 0.0]
      [Ext Root Scanning (ms): Min: 0.5, Avg: 0.5, Max: 0.6, Diff: 0.0, Sum: 1.1]
      [Update RS (ms): Min: 0.6, Avg: 0.8, Max: 1.1, Diff: 0.6, Sum: 1.7]
         [Processed Buffers: Min: 2, Avg: 16.0, Max: 30, Diff: 28, Sum: 32]
      [Scan RS (ms): Min: 0.0, Avg: 0.0, Max: 0.0, Diff: 0.0, Sum: 0.0]
      [Code Root Scanning (ms): Min: 0.0, Avg: 0.0, Max: 0.0, Diff: 0.0, Sum: 0.0]
      [Object Copy (ms): Min: 0.6, Avg: 0.9, Max: 1.1, Diff: 0.5, Sum: 1.8]
      [Termination (ms): Min: 0.0, Avg: 0.0, Max: 0.0, Diff: 0.0, Sum: 0.0]
         [Termination Attempts: Min: 1, Avg: 1.0, Max: 1, Diff: 0, Sum: 2]
      [GC Worker Other (ms): Min: 0.0, Avg: 0.0, Max: 0.0, Diff: 0.0, Sum: 0.0]
      [GC Worker Total (ms): Min: 2.3, Avg: 2.3, Max: 2.3, Diff: 0.0, Sum: 4.6]
      [GC Worker End (ms): Min: 107043987.3, Avg: 107043987.3, Max: 107043987.3, Diff: 0.0]
   [Code Root Fixup: 0.0 ms]
   [Code Root Purge: 0.0 ms]
   [Clear CT: 0.0 ms]
   [Other: 0.4 ms]
      [Choose CSet: 0.0 ms]
      [Ref Proc: 0.1 ms]
      [Ref Enq: 0.0 ms]
      [Redirty Cards: 0.0 ms]
      [Humongous Register: 0.0 ms]
      [Humongous Reclaim: 0.0 ms]
      [Free CSet: 0.0 ms]
   [Eden: 45.0M(45.0M)->0.0B(49.0M) Survivors: 6144.0K->2048.0K Heap: 267.3M(1024.0M)->219.5M(1024.0M)]
 [Times: user=0.00 sys=0.00, real=0.01 secs] 
2017-09-26T14:31:46.185+0900: 107155.072: [GC pause (G1 Evacuation Pause) (young), 0.0193705 secs]
   [Parallel Time: 16.9 ms, GC Workers: 2]
      [GC Worker Start (ms): Min: 107155072.0, Avg: 107155072.1, Max: 107155072.1, Diff: 0.1]
      [Ext Root Scanning (ms): Min: 1.8, Avg: 1.8, Max: 1.9, Diff: 0.1, Sum: 3.6]
      [Update RS (ms): Min: 0.9, Avg: 1.0, Max: 1.0, Diff: 0.0, Sum: 1.9]
         [Processed Buffers: Min: 3, Avg: 15.0, Max: 27, Diff: 24, Sum: 30]
      [Scan RS (ms): Min: 0.0, Avg: 0.0, Max: 0.0, Diff: 0.0, Sum: 0.1]
      [Code Root Scanning (ms): Min: 0.0, Avg: 0.0, Max: 0.0, Diff: 0.0, Sum: 0.0]
      [Object Copy (ms): Min: 13.3, Avg: 13.3, Max: 13.3, Diff: 0.1, Sum: 26.6]
      [Termination (ms): Min: 0.0, Avg: 0.1, Max: 0.1, Diff: 0.1, Sum: 0.1]
         [Termination Attempts: Min: 2, Avg: 2.0, Max: 2, Diff: 0, Sum: 4]
      [GC Worker Other (ms): Min: 0.0, Avg: 0.1, Max: 0.2, Diff: 0.2, Sum: 0.2]
      [GC Worker Total (ms): Min: 16.1, Avg: 16.3, Max: 16.4, Diff: 0.3, Sum: 32.6]
      [GC Worker End (ms): Min: 107155088.3, Avg: 107155088.4, Max: 107155088.5, Diff: 0.2]
   [Code Root Fixup: 0.1 ms]
   [Code Root Purge: 0.0 ms]
   [Clear CT: 0.5 ms]
   [Other: 1.8 ms]
      [Choose CSet: 0.0 ms]
      [Ref Proc: 0.7 ms]
      [Ref Enq: 0.0 ms]
      [Redirty Cards: 0.5 ms]
      [Humongous Register: 0.1 ms]
      [Humongous Reclaim: 0.0 ms]
      [Free CSet: 0.1 ms]
   [Eden: 49.0M(49.0M)->0.0B(47.0M) Survivors: 2048.0K->4096.0K Heap: 268.5M(1024.0M)->221.5M(1024.0M)]
 [Times: user=0.03 sys=0.00, real=0.02 secs] 
2017-09-26T14:33:32.715+0900: 107261.601: [GC pause (G1 Evacuation Pause) (young), 0.0096257 secs]
   [Parallel Time: 6.3 ms, GC Workers: 2]
      [GC Worker Start (ms): Min: 107261601.3, Avg: 107261601.3, Max: 107261601.3, Diff: 0.0]
      [Ext Root Scanning (ms): Min: 0.5, Avg: 0.5, Max: 0.5, Diff: 0.0, Sum: 1.1]
      [Update RS (ms): Min: 0.2, Avg: 0.2, Max: 0.2, Diff: 0.0, Sum: 0.4]
         [Processed Buffers: Min: 13, Avg: 15.5, Max: 18, Diff: 5, Sum: 31]
      [Scan RS (ms): Min: 0.0, Avg: 0.0, Max: 0.0, Diff: 0.0, Sum: 0.0]
      [Code Root Scanning (ms): Min: 0.0, Avg: 0.0, Max: 0.0, Diff: 0.0, Sum: 0.0]
      [Object Copy (ms): Min: 3.6, Avg: 3.6, Max: 3.6, Diff: 0.0, Sum: 7.3]
      [Termination (ms): Min: 0.0, Avg: 0.0, Max: 0.1, Diff: 0.1, Sum: 0.1]
         [Termination Attempts: Min: 1, Avg: 1.0, Max: 1, Diff: 0, Sum: 2]
      [GC Worker Other (ms): Min: 0.0, Avg: 0.0, Max: 0.0, Diff: 0.0, Sum: 0.0]
      [GC Worker Total (ms): Min: 4.4, Avg: 4.4, Max: 4.4, Diff: 0.0, Sum: 8.8]
      [GC Worker End (ms): Min: 107261605.7, Avg: 107261605.8, Max: 107261605.8, Diff: 0.0]
   [Code Root Fixup: 0.0 ms]
   [Code Root Purge: 0.0 ms]
   [Clear CT: 0.3 ms]
   [Other: 3.0 ms]
      [Choose CSet: 0.0 ms]
      [Ref Proc: 2.4 ms]
      [Ref Enq: 0.0 ms]
      [Redirty Cards: 0.0 ms]
      [Humongous Register: 0.0 ms]
      [Humongous Reclaim: 0.0 ms]
      [Free CSet: 0.1 ms]
   [Eden: 47.0M(47.0M)->0.0B(46.0M) Survivors: 4096.0K->5120.0K Heap: 268.5M(1024.0M)->222.5M(1024.0M)]
 [Times: user=0.01 sys=0.00, real=0.01 secs] 
2017-09-26T14:36:03.484+0900: 107367.036: [GC pause (G1 Evacuation Pause) (young), 0.0126116 secs]
   [Parallel Time: 8.2 ms, GC Workers: 2]
      [GC Worker Start (ms): Min: 107367037.9, Avg: 107367037.9, Max: 107367037.9, Diff: 0.0]
      [Ext Root Scanning (ms): Min: 0.5, Avg: 0.5, Max: 0.6, Diff: 0.0, Sum: 1.1]
      [Update RS (ms): Min: 0.2, Avg: 0.2, Max: 0.2, Diff: 0.0, Sum: 0.5]
         [Processed Buffers: Min: 16, Avg: 16.5, Max: 17, Diff: 1, Sum: 33]
      [Scan RS (ms): Min: 0.0, Avg: 0.0, Max: 0.0, Diff: 0.0, Sum: 0.0]
      [Code Root Scanning (ms): Min: 0.0, Avg: 0.0, Max: 0.0, Diff: 0.0, Sum: 0.0]
      [Object Copy (ms): Min: 5.1, Avg: 5.2, Max: 5.2, Diff: 0.0, Sum: 10.3]
      [Termination (ms): Min: 0.0, Avg: 0.0, Max: 0.0, Diff: 0.0, Sum: 0.0]
         [Termination Attempts: Min: 2, Avg: 2.5, Max: 3, Diff: 1, Sum: 5]
      [GC Worker Other (ms): Min: 0.0, Avg: 0.0, Max: 0.0, Diff: 0.0, Sum: 0.0]
      [GC Worker Total (ms): Min: 6.0, Avg: 6.0, Max: 6.0, Diff: 0.0, Sum: 11.9]
      [GC Worker End (ms): Min: 107367043.8, Avg: 107367043.8, Max: 107367043.8, Diff: 0.0]
   [Code Root Fixup: 0.0 ms]
   [Code Root Purge: 0.0 ms]
   [Clear CT: 0.1 ms]
   [Other: 4.3 ms]
      [Choose CSet: 0.0 ms]
      [Ref Proc: 1.9 ms]
      [Ref Enq: 0.0 ms]
      [Redirty Cards: 0.1 ms]
      [Humongous Register: 2.1 ms]
      [Humongous Reclaim: 0.0 ms]
      [Free CSet: 0.0 ms]
   [Eden: 46.0M(46.0M)->0.0B(45.0M) Survivors: 5120.0K->6144.0K Heap: 268.5M(1024.0M)->224.2M(1024.0M)]
 [Times: user=0.01 sys=0.00, real=0.02 secs] 
2017-09-26T14:37:45.044+0900: 107468.596: [GC pause (G1 Evacuation Pause) (young), 0.0174064 secs]
   [Parallel Time: 14.3 ms, GC Workers: 2]
      [GC Worker Start (ms): Min: 107468596.6, Avg: 107468596.6, Max: 107468596.6, Diff: 0.0]
      [Ext Root Scanning (ms): Min: 0.6, Avg: 0.6, Max: 0.6, Diff: 0.1, Sum: 1.2]
      [Update RS (ms): Min: 0.7, Avg: 0.7, Max: 0.8, Diff: 0.1, Sum: 1.5]
         [Processed Buffers: Min: 13, Avg: 16.5, Max: 20, Diff: 7, Sum: 33]
      [Scan RS (ms): Min: 0.0, Avg: 0.0, Max: 0.0, Diff: 0.0, Sum: 0.0]
      [Code Root Scanning (ms): Min: 0.0, Avg: 0.0, Max: 0.0, Diff: 0.0, Sum: 0.0]
      [Object Copy (ms): Min: 12.9, Avg: 12.9, Max: 12.9, Diff: 0.0, Sum: 25.8]
      [Termination (ms): Min: 0.0, Avg: 0.0, Max: 0.0, Diff: 0.0, Sum: 0.0]
         [Termination Attempts: Min: 4, Avg: 4.5, Max: 5, Diff: 1, Sum: 9]
      [GC Worker Other (ms): Min: 0.0, Avg: 0.0, Max: 0.0, Diff: 0.0, Sum: 0.0]
      [GC Worker Total (ms): Min: 14.3, Avg: 14.3, Max: 14.3, Diff: 0.0, Sum: 28.6]
      [GC Worker End (ms): Min: 107468610.9, Avg: 107468610.9, Max: 107468610.9, Diff: 0.0]
   [Code Root Fixup: 0.0 ms]
   [Code Root Purge: 0.0 ms]
   [Clear CT: 0.7 ms]
   [Other: 2.3 ms]
      [Choose CSet: 0.0 ms]
      [Ref Proc: 1.7 ms]
      [Ref Enq: 0.0 ms]
      [Redirty Cards: 0.4 ms]
      [Humongous Register: 0.0 ms]
      [Humongous Reclaim: 0.0 ms]
      [Free CSet: 0.0 ms]
   [Eden: 45.0M(45.0M)->0.0B(45.0M) Survivors: 6144.0K->6144.0K Heap: 269.2M(1024.0M)->226.3M(1024.0M)]
 [Times: user=0.02 sys=0.00, real=0.02 secs] 
2017-09-26T14:39:26.645+0900: 107570.198: [GC pause (G1 Evacuation Pause) (young), 0.0122928 secs]
   [Parallel Time: 4.1 ms, GC Workers: 2]
      [GC Worker Start (ms): Min: 107570197.8, Avg: 107570197.8, Max: 107570197.8, Diff: 0.0]
      [Ext Root Scanning (ms): Min: 0.5, Avg: 0.6, Max: 0.6, Diff: 0.1, Sum: 1.1]
      [Update RS (ms): Min: 2.1, Avg: 2.1, Max: 2.2, Diff: 0.1, Sum: 4.3]
         [Processed Buffers: Min: 7, Avg: 18.0, Max: 29, Diff: 22, Sum: 36]
      [Scan RS (ms): Min: 0.0, Avg: 0.0, Max: 0.0, Diff: 0.0, Sum: 0.0]
      [Code Root Scanning (ms): Min: 0.0, Avg: 0.0, Max: 0.0, Diff: 0.0, Sum: 0.0]
      [Object Copy (ms): Min: 1.3, Avg: 1.3, Max: 1.3, Diff: 0.0, Sum: 2.6]
      [Termination (ms): Min: 0.0, Avg: 0.0, Max: 0.0, Diff: 0.0, Sum: 0.0]
         [Termination Attempts: Min: 1, Avg: 1.0, Max: 1, Diff: 0, Sum: 2]
      [GC Worker Other (ms): Min: 0.0, Avg: 0.0, Max: 0.0, Diff: 0.0, Sum: 0.0]
      [GC Worker Total (ms): Min: 4.1, Avg: 4.1, Max: 4.1, Diff: 0.0, Sum: 8.1]
      [GC Worker End (ms): Min: 107570201.9, Avg: 107570201.9, Max: 107570201.9, Diff: 0.0]
   [Code Root Fixup: 0.1 ms]
   [Code Root Purge: 0.0 ms]
   [Clear CT: 0.5 ms]
   [Other: 7.6 ms]
      [Choose CSet: 0.0 ms]
      [Ref Proc: 7.2 ms]
      [Ref Enq: 0.0 ms]
      [Redirty Cards: 0.1 ms]
      [Humongous Register: 0.1 ms]
      [Humongous Reclaim: 0.0 ms]
      [Free CSet: 0.0 ms]
   [Eden: 45.0M(45.0M)->0.0B(145.0M) Survivors: 6144.0K->2048.0K Heap: 271.3M(1024.0M)->223.5M(1024.0M)]
 [Times: user=0.00 sys=0.00, real=0.02 secs] 
2017-09-26T14:44:56.348+0900: 107899.900: [GC pause (G1 Evacuation Pause) (young), 0.1091958 secs]
   [Parallel Time: 88.0 ms, GC Workers: 2]
      [GC Worker Start (ms): Min: 107899900.3, Avg: 107899900.6, Max: 107899900.9, Diff: 0.7]
      [Ext Root Scanning (ms): Min: 0.2, Avg: 0.7, Max: 1.3, Diff: 1.1, Sum: 1.5]
      [Update RS (ms): Min: 0.5, Avg: 0.5, Max: 0.6, Diff: 0.1, Sum: 1.1]
         [Processed Buffers: Min: 11, Avg: 14.5, Max: 18, Diff: 7, Sum: 29]
      [Scan RS (ms): Min: 0.0, Avg: 0.0, Max: 0.1, Diff: 0.0, Sum: 0.1]
      [Code Root Scanning (ms): Min: 0.0, Avg: 0.0, Max: 0.0, Diff: 0.0, Sum: 0.0]
      [Object Copy (ms): Min: 77.2, Avg: 81.7, Max: 86.2, Diff: 9.0, Sum: 163.3]
      [Termination (ms): Min: 0.0, Avg: 4.4, Max: 8.9, Diff: 8.9, Sum: 8.9]
         [Termination Attempts: Min: 1, Avg: 1.0, Max: 1, Diff: 0, Sum: 2]
      [GC Worker Other (ms): Min: 0.0, Avg: 0.2, Max: 0.5, Diff: 0.4, Sum: 0.5]
      [GC Worker Total (ms): Min: 87.3, Avg: 87.6, Max: 87.9, Diff: 0.6, Sum: 175.3]
      [GC Worker End (ms): Min: 107899988.2, Avg: 107899988.2, Max: 107899988.3, Diff: 0.1]
   [Code Root Fixup: 0.0 ms]
   [Code Root Purge: 0.0 ms]
   [Clear CT: 0.1 ms]
   [Other: 21.1 ms]
      [Choose CSet: 0.0 ms]
      [Ref Proc: 5.4 ms]
      [Ref Enq: 0.0 ms]
      [Redirty Cards: 0.0 ms]
      [Humongous Register: 0.0 ms]
      [Humongous Reclaim: 0.0 ms]
      [Free CSet: 15.3 ms]
   [Eden: 145.0M(145.0M)->0.0B(44.0M) Survivors: 2048.0K->7168.0K Heap: 368.5M(1024.0M)->229.0M(1024.0M)]
 [Times: user=0.03 sys=0.01, real=0.11 secs] 
2017-09-26T14:46:36.168+0900: 107999.720: [GC pause (G1 Evacuation Pause) (young), 0.0623315 secs]
   [Parallel Time: 61.2 ms, GC Workers: 2]
      [GC Worker Start (ms): Min: 107999720.1, Avg: 107999720.8, Max: 107999721.5, Diff: 1.4]
      [Ext Root Scanning (ms): Min: 0.8, Avg: 1.0, Max: 1.3, Diff: 0.5, Sum: 2.0]
      [Update RS (ms): Min: 0.0, Avg: 0.5, Max: 1.0, Diff: 1.0, Sum: 1.0]
         [Processed Buffers: Min: 0, Avg: 13.5, Max: 27, Diff: 27, Sum: 27]
      [Scan RS (ms): Min: 0.0, Avg: 0.0, Max: 0.0, Diff: 0.0, Sum: 0.0]
      [Code Root Scanning (ms): Min: 0.0, Avg: 0.0, Max: 0.0, Diff: 0.0, Sum: 0.0]
      [Object Copy (ms): Min: 57.1, Avg: 57.5, Max: 58.0, Diff: 0.8, Sum: 115.1]
      [Termination (ms): Min: 0.0, Avg: 1.4, Max: 2.8, Diff: 2.8, Sum: 2.8]
         [Termination Attempts: Min: 1, Avg: 1.0, Max: 1, Diff: 0, Sum: 2]
      [GC Worker Other (ms): Min: 0.0, Avg: 0.0, Max: 0.0, Diff: 0.0, Sum: 0.0]
      [GC Worker Total (ms): Min: 59.7, Avg: 60.5, Max: 61.2, Diff: 1.4, Sum: 120.9]
      [GC Worker End (ms): Min: 107999781.2, Avg: 107999781.2, Max: 107999781.2, Diff: 0.0]
   [Code Root Fixup: 0.0 ms]
   [Code Root Purge: 0.0 ms]
   [Clear CT: 0.0 ms]
   [Other: 1.1 ms]
      [Choose CSet: 0.0 ms]
      [Ref Proc: 0.6 ms]
      [Ref Enq: 0.0 ms]
      [Redirty Cards: 0.0 ms]
      [Humongous Register: 0.1 ms]
      [Humongous Reclaim: 0.0 ms]
      [Free CSet: 0.0 ms]
   [Eden: 44.0M(44.0M)->0.0B(48.0M) Survivors: 7168.0K->3072.0K Heap: 273.0M(1024.0M)->230.3M(1024.0M)]
 [Times: user=0.04 sys=0.00, real=0.06 secs] 
2017-09-26T14:48:22.724+0900: 108106.277: [GC pause (G1 Evacuation Pause) (young), 0.0452473 secs]
   [Parallel Time: 44.4 ms, GC Workers: 2]
      [GC Worker Start (ms): Min: 108106276.7, Avg: 108106276.8, Max: 108106276.8, Diff: 0.1]
      [Ext Root Scanning (ms): Min: 0.5, Avg: 0.5, Max: 0.6, Diff: 0.1, Sum: 1.1]
      [Update RS (ms): Min: 28.5, Avg: 36.1, Max: 43.7, Diff: 15.2, Sum: 72.2]
         [Processed Buffers: Min: 5, Avg: 19.5, Max: 34, Diff: 29, Sum: 39]
      [Scan RS (ms): Min: 0.0, Avg: 0.0, Max: 0.0, Diff: 0.0, Sum: 0.1]
      [Code Root Scanning (ms): Min: 0.0, Avg: 0.0, Max: 0.0, Diff: 0.0, Sum: 0.0]
      [Object Copy (ms): Min: 0.0, Avg: 2.0, Max: 4.1, Diff: 4.0, Sum: 4.1]
      [Termination (ms): Min: 0.0, Avg: 5.6, Max: 11.1, Diff: 11.1, Sum: 11.1]
         [Termination Attempts: Min: 1, Avg: 6.0, Max: 11, Diff: 10, Sum: 12]
      [GC Worker Other (ms): Min: 0.0, Avg: 0.0, Max: 0.0, Diff: 0.0, Sum: 0.0]
      [GC Worker Total (ms): Min: 44.3, Avg: 44.3, Max: 44.4, Diff: 0.1, Sum: 88.6]
      [GC Worker End (ms): Min: 108106321.1, Avg: 108106321.1, Max: 108106321.1, Diff: 0.0]
   [Code Root Fixup: 0.1 ms]
   [Code Root Purge: 0.0 ms]
   [Clear CT: 0.1 ms]
   [Other: 0.7 ms]
      [Choose CSet: 0.0 ms]
      [Ref Proc: 0.2 ms]
      [Ref Enq: 0.0 ms]
      [Redirty Cards: 0.1 ms]
      [Humongous Register: 0.0 ms]
      [Humongous Reclaim: 0.0 ms]
      [Free CSet: 0.1 ms]
   [Eden: 48.0M(48.0M)->0.0B(48.0M) Survivors: 3072.0K->3072.0K Heap: 278.3M(1024.0M)->230.3M(1024.0M)]
 [Times: user=0.01 sys=0.00, real=0.05 secs] 
2017-09-26T14:50:10.883+0900: 108214.435: [GC pause (G1 Evacuation Pause) (young), 0.0133934 secs]
   [Parallel Time: 6.9 ms, GC Workers: 2]
      [GC Worker Start (ms): Min: 108214435.0, Avg: 108214435.0, Max: 108214435.0, Diff: 0.0]
      [Ext Root Scanning (ms): Min: 1.1, Avg: 1.2, Max: 1.2, Diff: 0.1, Sum: 2.3]
      [Update RS (ms): Min: 1.6, Avg: 1.8, Max: 2.1, Diff: 0.6, Sum: 3.7]
         [Processed Buffers: Min: 1, Avg: 18.0, Max: 35, Diff: 34, Sum: 36]
      [Scan RS (ms): Min: 0.0, Avg: 0.0, Max: 0.0, Diff: 0.0, Sum: 0.0]
      [Code Root Scanning (ms): Min: 0.0, Avg: 0.0, Max: 0.0, Diff: 0.0, Sum: 0.0]
      [Object Copy (ms): Min: 3.6, Avg: 3.9, Max: 4.2, Diff: 0.6, Sum: 7.7]
      [Termination (ms): Min: 0.0, Avg: 0.0, Max: 0.0, Diff: 0.0, Sum: 0.0]
         [Termination Attempts: Min: 1, Avg: 1.0, Max: 1, Diff: 0, Sum: 2]
      [GC Worker Other (ms): Min: 0.0, Avg: 0.0, Max: 0.0, Diff: 0.0, Sum: 0.0]
      [GC Worker Total (ms): Min: 6.9, Avg: 6.9, Max: 6.9, Diff: 0.0, Sum: 13.8]
      [GC Worker End (ms): Min: 108214441.9, Avg: 108214441.9, Max: 108214441.9, Diff: 0.0]
   [Code Root Fixup: 0.1 ms]
   [Code Root Purge: 0.0 ms]
   [Clear CT: 0.1 ms]
   [Other: 6.3 ms]
      [Choose CSet: 0.0 ms]
      [Ref Proc: 5.9 ms]
      [Ref Enq: 0.0 ms]
      [Redirty Cards: 0.0 ms]
      [Humongous Register: 0.1 ms]
      [Humongous Reclaim: 0.0 ms]
      [Free CSet: 0.0 ms]
   [Eden: 48.0M(48.0M)->0.0B(46.0M) Survivors: 3072.0K->5120.0K Heap: 278.3M(1024.0M)->232.3M(1024.0M)]
 [Times: user=0.02 sys=0.00, real=0.02 secs] 
2017-09-26T14:51:54.982+0900: 108318.534: [GC pause (G1 Evacuation Pause) (young), 0.0553804 secs]
   [Parallel Time: 51.0 ms, GC Workers: 2]
      [GC Worker Start (ms): Min: 108318534.1, Avg: 108318534.3, Max: 108318534.4, Diff: 0.2]
      [Ext Root Scanning (ms): Min: 1.9, Avg: 2.0, Max: 2.1, Diff: 0.3, Sum: 4.0]
      [Update RS (ms): Min: 6.6, Avg: 6.8, Max: 6.9, Diff: 0.3, Sum: 13.5]
         [Processed Buffers: Min: 8, Avg: 18.0, Max: 28, Diff: 20, Sum: 36]
      [Scan RS (ms): Min: 0.0, Avg: 0.0, Max: 0.1, Diff: 0.0, Sum: 0.1]
      [Code Root Scanning (ms): Min: 0.0, Avg: 0.0, Max: 0.0, Diff: 0.0, Sum: 0.0]
      [Object Copy (ms): Min: 41.7, Avg: 41.7, Max: 41.7, Diff: 0.0, Sum: 83.3]
      [Termination (ms): Min: 0.0, Avg: 0.2, Max: 0.5, Diff: 0.5, Sum: 0.5]
         [Termination Attempts: Min: 1, Avg: 1.0, Max: 1, Diff: 0, Sum: 2]
      [GC Worker Other (ms): Min: 0.0, Avg: 0.0, Max: 0.0, Diff: 0.0, Sum: 0.0]
      [GC Worker Total (ms): Min: 50.7, Avg: 50.7, Max: 50.7, Diff: 0.0, Sum: 101.4]
      [GC Worker End (ms): Min: 108318584.9, Avg: 108318585.0, Max: 108318585.1, Diff: 0.2]
   [Code Root Fixup: 0.1 ms]
   [Code Root Purge: 0.0 ms]
   [Clear CT: 0.1 ms]
   [Other: 4.3 ms]
      [Choose CSet: 0.0 ms]
      [Ref Proc: 3.7 ms]
      [Ref Enq: 0.0 ms]
      [Redirty Cards: 0.0 ms]
      [Humongous Register: 0.1 ms]
      [Humongous Reclaim: 0.0 ms]
      [Free CSet: 0.0 ms]
   [Eden: 46.0M(46.0M)->0.0B(44.0M) Survivors: 5120.0K->7168.0K Heap: 278.3M(1024.0M)->234.6M(1024.0M)]
 [Times: user=0.08 sys=0.00, real=0.06 secs] 
2017-09-26T14:53:34.035+0900: 108417.587: [GC pause (G1 Evacuation Pause) (young), 0.0154162 secs]
   [Parallel Time: 12.5 ms, GC Workers: 2]
      [GC Worker Start (ms): Min: 108417586.9, Avg: 108417588.1, Max: 108417589.4, Diff: 2.5]
      [Ext Root Scanning (ms): Min: 0.0, Avg: 0.9, Max: 1.9, Diff: 1.9, Sum: 1.9]
      [Update RS (ms): Min: 1.2, Avg: 2.4, Max: 3.7, Diff: 2.5, Sum: 4.9]
         [Processed Buffers: Min: 3, Avg: 19.0, Max: 35, Diff: 32, Sum: 38]
      [Scan RS (ms): Min: 0.0, Avg: 0.0, Max: 0.0, Diff: 0.0, Sum: 0.0]
      [Code Root Scanning (ms): Min: 0.0, Avg: 0.0, Max: 0.0, Diff: 0.0, Sum: 0.0]
      [Object Copy (ms): Min: 5.7, Avg: 6.7, Max: 7.6, Diff: 1.9, Sum: 13.4]
      [Termination (ms): Min: 0.0, Avg: 0.0, Max: 0.0, Diff: 0.0, Sum: 0.0]
         [Termination Attempts: Min: 1, Avg: 1.0, Max: 1, Diff: 0, Sum: 2]
      [GC Worker Other (ms): Min: 0.0, Avg: 0.0, Max: 0.0, Diff: 0.0, Sum: 0.0]
      [GC Worker Total (ms): Min: 8.8, Avg: 10.1, Max: 11.3, Diff: 2.5, Sum: 20.1]
      [GC Worker End (ms): Min: 108417598.2, Avg: 108417598.2, Max: 108417598.2, Diff: 0.0]
   [Code Root Fixup: 0.1 ms]
   [Code Root Purge: 0.0 ms]
   [Clear CT: 0.3 ms]
   [Other: 2.6 ms]
      [Choose CSet: 0.0 ms]
      [Ref Proc: 2.1 ms]
      [Ref Enq: 0.0 ms]
      [Redirty Cards: 0.1 ms]
      [Humongous Register: 0.0 ms]
      [Humongous Reclaim: 0.0 ms]
      [Free CSet: 0.0 ms]
   [Eden: 44.0M(44.0M)->0.0B(45.0M) Survivors: 7168.0K->6144.0K Heap: 278.6M(1024.0M)->235.9M(1024.0M)]
 [Times: user=0.02 sys=0.00, real=0.02 secs] 
2017-09-26T14:55:15.631+0900: 108519.183: [GC pause (G1 Evacuation Pause) (young), 0.0473846 secs]
   [Parallel Time: 46.1 ms, GC Workers: 2]
      [GC Worker Start (ms): Min: 108519183.7, Avg: 108519183.7, Max: 108519183.8, Diff: 0.1]
      [Ext Root Scanning (ms): Min: 1.7, Avg: 1.8, Max: 1.9, Diff: 0.2, Sum: 3.6]
      [Update RS (ms): Min: 9.7, Avg: 9.8, Max: 9.8, Diff: 0.1, Sum: 19.5]
         [Processed Buffers: Min: 11, Avg: 17.5, Max: 24, Diff: 13, Sum: 35]
      [Scan RS (ms): Min: 0.3, Avg: 0.4, Max: 0.4, Diff: 0.1, Sum: 0.7]
      [Code Root Scanning (ms): Min: 0.0, Avg: 0.0, Max: 0.0, Diff: 0.0, Sum: 0.0]
      [Object Copy (ms): Min: 32.3, Avg: 33.1, Max: 33.9, Diff: 1.6, Sum: 66.2]
      [Termination (ms): Min: 0.0, Avg: 0.9, Max: 1.7, Diff: 1.7, Sum: 1.7]
         [Termination Attempts: Min: 1, Avg: 2.0, Max: 3, Diff: 2, Sum: 4]
      [GC Worker Other (ms): Min: 0.0, Avg: 0.0, Max: 0.0, Diff: 0.0, Sum: 0.0]
      [GC Worker Total (ms): Min: 45.8, Avg: 45.9, Max: 46.0, Diff: 0.1, Sum: 91.8]
      [GC Worker End (ms): Min: 108519229.6, Avg: 108519229.6, Max: 108519229.6, Diff: 0.0]
   [Code Root Fixup: 0.0 ms]
   [Code Root Purge: 0.0 ms]
   [Clear CT: 0.2 ms]
   [Other: 1.1 ms]
      [Choose CSet: 0.0 ms]
      [Ref Proc: 0.3 ms]
      [Ref Enq: 0.0 ms]
      [Redirty Cards: 0.2 ms]
      [Humongous Register: 0.2 ms]
      [Humongous Reclaim: 0.0 ms]
      [Free CSet: 0.1 ms]
   [Eden: 45.0M(45.0M)->0.0B(45.0M) Survivors: 6144.0K->6144.0K Heap: 280.9M(1024.0M)->238.5M(1024.0M)]
 [Times: user=0.04 sys=0.00, real=0.05 secs] 
