Java HotSpot(TM) 64-Bit Server VM (25.144-b01) for linux-amd64 JRE (1.8.0_144-b01), built on Jul 21 2017 21:57:33 by "java_re" with gcc 4.3.0 20080428 (Red Hat 4.3.0-8)
Memory: 4k page, physical 4044220k(114272k free), swap 10482684k(10479596k free)
CommandLine flags: -XX:+DisableExplicitGC -XX:InitialHeapSize=536870912 -XX:InitiatingHeapOccupancyPercent=35 -XX:+ManagementServer -XX:MaxGCPauseMillis=20 -XX:MaxHeapSize=536870912 -XX:+PrintGC -XX:+PrintGCDateStamps -XX:+PrintGCDetails -XX:+PrintGCTimeStamps -XX:+UseCompressedClassPointers -XX:+UseCompressedOops -XX:+UseG1GC 
2017-09-19T12:49:49.045+0900: 1605.923: [GC pause (G1 Evacuation Pause) (young), 0.0063905 secs]
   [Parallel Time: 4.6 ms, GC Workers: 2]
      [GC Worker Start (ms): Min: 1605923.2, Avg: 1605923.2, Max: 1605923.2, Diff: 0.0]
      [Ext Root Scanning (ms): Min: 0.7, Avg: 0.8, Max: 0.9, Diff: 0.1, Sum: 1.6]
      [Update RS (ms): Min: 0.0, Avg: 0.0, Max: 0.0, Diff: 0.0, Sum: 0.0]
         [Processed Buffers: Min: 0, Avg: 0.0, Max: 0, Diff: 0, Sum: 0]
      [Scan RS (ms): Min: 0.0, Avg: 0.0, Max: 0.0, Diff: 0.0, Sum: 0.0]
      [Code Root Scanning (ms): Min: 0.3, Avg: 0.4, Max: 0.5, Diff: 0.2, Sum: 0.7]
      [Object Copy (ms): Min: 3.2, Avg: 3.3, Max: 3.5, Diff: 0.3, Sum: 6.6]
      [Termination (ms): Min: 0.0, Avg: 0.0, Max: 0.0, Diff: 0.0, Sum: 0.0]
         [Termination Attempts: Min: 1, Avg: 1.0, Max: 1, Diff: 0, Sum: 2]
      [GC Worker Other (ms): Min: 0.0, Avg: 0.0, Max: 0.0, Diff: 0.0, Sum: 0.0]
      [GC Worker Total (ms): Min: 4.5, Avg: 4.5, Max: 4.5, Diff: 0.0, Sum: 9.0]
      [GC Worker End (ms): Min: 1605927.6, Avg: 1605927.6, Max: 1605927.6, Diff: 0.0]
   [Code Root Fixup: 0.2 ms]
   [Code Root Purge: 0.0 ms]
   [Clear CT: 0.0 ms]
   [Other: 1.6 ms]
      [Choose CSet: 0.0 ms]
      [Ref Proc: 1.3 ms]
      [Ref Enq: 0.0 ms]
      [Redirty Cards: 0.1 ms]
      [Humongous Register: 0.0 ms]
      [Humongous Reclaim: 0.0 ms]
      [Free CSet: 0.0 ms]
   [Eden: 25.0M(25.0M)->0.0B(21.0M) Survivors: 0.0B->4096.0K Heap: 25.0M(512.0M)->3564.2K(512.0M)]
 [Times: user=0.01 sys=0.00, real=0.01 secs] 
2017-09-19T15:17:26.994+0900: 10463.872: [GC pause (G1 Evacuation Pause) (young), 0.0256253 secs]
   [Parallel Time: 22.6 ms, GC Workers: 2]
      [GC Worker Start (ms): Min: 10463873.2, Avg: 10463873.3, Max: 10463873.4, Diff: 0.2]
      [Ext Root Scanning (ms): Min: 1.7, Avg: 2.3, Max: 2.9, Diff: 1.2, Sum: 4.6]
      [Update RS (ms): Min: 0.0, Avg: 0.0, Max: 0.0, Diff: 0.0, Sum: 0.0]
         [Processed Buffers: Min: 0, Avg: 0.0, Max: 0, Diff: 0, Sum: 0]
      [Scan RS (ms): Min: 0.0, Avg: 0.0, Max: 0.0, Diff: 0.0, Sum: 0.0]
      [Code Root Scanning (ms): Min: 0.0, Avg: 1.6, Max: 3.1, Diff: 3.1, Sum: 3.1]
      [Object Copy (ms): Min: 16.4, Avg: 18.4, Max: 20.5, Diff: 4.1, Sum: 36.9]
      [Termination (ms): Min: 0.0, Avg: 0.0, Max: 0.0, Diff: 0.0, Sum: 0.0]
         [Termination Attempts: Min: 1, Avg: 1.5, Max: 2, Diff: 1, Sum: 3]
      [GC Worker Other (ms): Min: 0.0, Avg: 0.0, Max: 0.0, Diff: 0.0, Sum: 0.0]
      [GC Worker Total (ms): Min: 22.3, Avg: 22.4, Max: 22.5, Diff: 0.2, Sum: 44.7]
      [GC Worker End (ms): Min: 10463895.6, Avg: 10463895.6, Max: 10463895.6, Diff: 0.0]
   [Code Root Fixup: 0.4 ms]
   [Code Root Purge: 0.0 ms]
   [Clear CT: 0.4 ms]
   [Other: 2.1 ms]
      [Choose CSet: 0.0 ms]
      [Ref Proc: 0.9 ms]
      [Ref Enq: 0.1 ms]
      [Redirty Cards: 0.3 ms]
      [Humongous Register: 0.0 ms]
      [Humongous Reclaim: 0.0 ms]
      [Free CSet: 0.1 ms]
   [Eden: 21.0M(21.0M)->0.0B(24.0M) Survivors: 4096.0K->1024.0K Heap: 24.5M(512.0M)->3299.5K(512.0M)]
 [Times: user=0.02 sys=0.00, real=0.03 secs] 
2017-09-20T09:28:12.612+0900: 19655.532: [GC pause (G1 Evacuation Pause) (young), 0.0211577 secs]
   [Parallel Time: 10.3 ms, GC Workers: 2]
      [GC Worker Start (ms): Min: 19655531.9, Avg: 19655532.1, Max: 19655532.2, Diff: 0.3]
      [Ext Root Scanning (ms): Min: 7.5, Avg: 7.6, Max: 7.8, Diff: 0.3, Sum: 15.3]
      [Update RS (ms): Min: 0.3, Avg: 0.3, Max: 0.4, Diff: 0.2, Sum: 0.7]
         [Processed Buffers: Min: 3, Avg: 4.0, Max: 5, Diff: 2, Sum: 8]
      [Scan RS (ms): Min: 0.0, Avg: 0.0, Max: 0.0, Diff: 0.0, Sum: 0.0]
      [Code Root Scanning (ms): Min: 0.0, Avg: 0.0, Max: 0.0, Diff: 0.0, Sum: 0.0]
      [Object Copy (ms): Min: 0.3, Avg: 0.3, Max: 0.3, Diff: 0.0, Sum: 0.6]
      [Termination (ms): Min: 0.0, Avg: 0.0, Max: 0.0, Diff: 0.0, Sum: 0.0]
         [Termination Attempts: Min: 1, Avg: 1.0, Max: 1, Diff: 0, Sum: 2]
      [GC Worker Other (ms): Min: 1.6, Avg: 1.7, Max: 1.9, Diff: 0.3, Sum: 3.5]
      [GC Worker Total (ms): Min: 9.9, Avg: 10.1, Max: 10.2, Diff: 0.3, Sum: 20.1]
      [GC Worker End (ms): Min: 19655542.1, Avg: 19655542.1, Max: 19655542.2, Diff: 0.0]
   [Code Root Fixup: 0.0 ms]
   [Code Root Purge: 0.0 ms]
   [Clear CT: 0.1 ms]
   [Other: 10.8 ms]
      [Choose CSet: 0.0 ms]
      [Ref Proc: 0.1 ms]
      [Ref Enq: 0.0 ms]
      [Redirty Cards: 0.1 ms]
      [Humongous Register: 0.0 ms]
      [Humongous Reclaim: 0.0 ms]
      [Free CSet: 9.6 ms]
   [Eden: 24.0M(24.0M)->0.0B(23.0M) Survivors: 1024.0K->2048.0K Heap: 27.2M(512.0M)->3680.6K(512.0M)]
 [Times: user=0.00 sys=0.00, real=0.02 secs] 
2017-09-20T12:07:51.358+0900: 29234.277: [GC pause (G1 Evacuation Pause) (young), 0.0043204 secs]
   [Parallel Time: 2.5 ms, GC Workers: 2]
      [GC Worker Start (ms): Min: 29234277.6, Avg: 29234277.7, Max: 29234277.8, Diff: 0.2]
      [Ext Root Scanning (ms): Min: 1.1, Avg: 1.2, Max: 1.3, Diff: 0.2, Sum: 2.5]
      [Update RS (ms): Min: 0.2, Avg: 0.3, Max: 0.4, Diff: 0.2, Sum: 0.6]
         [Processed Buffers: Min: 1, Avg: 3.5, Max: 6, Diff: 5, Sum: 7]
      [Scan RS (ms): Min: 0.0, Avg: 0.0, Max: 0.0, Diff: 0.0, Sum: 0.0]
      [Code Root Scanning (ms): Min: 0.0, Avg: 0.1, Max: 0.2, Diff: 0.2, Sum: 0.2]
      [Object Copy (ms): Min: 0.6, Avg: 0.6, Max: 0.6, Diff: 0.0, Sum: 1.2]
      [Termination (ms): Min: 0.0, Avg: 0.0, Max: 0.0, Diff: 0.0, Sum: 0.0]
         [Termination Attempts: Min: 1, Avg: 1.0, Max: 1, Diff: 0, Sum: 2]
      [GC Worker Other (ms): Min: 0.0, Avg: 0.0, Max: 0.0, Diff: 0.0, Sum: 0.1]
      [GC Worker Total (ms): Min: 2.2, Avg: 2.3, Max: 2.4, Diff: 0.2, Sum: 4.6]
      [GC Worker End (ms): Min: 29234280.0, Avg: 29234280.0, Max: 29234280.0, Diff: 0.0]
   [Code Root Fixup: 0.1 ms]
   [Code Root Purge: 0.0 ms]
   [Clear CT: 0.8 ms]
   [Other: 1.0 ms]
      [Choose CSet: 0.0 ms]
      [Ref Proc: 0.3 ms]
      [Ref Enq: 0.0 ms]
      [Redirty Cards: 0.3 ms]
      [Humongous Register: 0.0 ms]
      [Humongous Reclaim: 0.0 ms]
      [Free CSet: 0.0 ms]
   [Eden: 23.0M(23.0M)->0.0B(24.0M) Survivors: 2048.0K->1024.0K Heap: 26.6M(512.0M)->2487.3K(512.0M)]
 [Times: user=0.01 sys=0.00, real=0.00 secs] 
2017-09-20T18:24:53.019+0900: 37506.698: [GC pause (G1 Evacuation Pause) (young), 0.0074882 secs]
   [Parallel Time: 4.8 ms, GC Workers: 2]
      [GC Worker Start (ms): Min: 37506698.3, Avg: 37506698.4, Max: 37506698.4, Diff: 0.1]
      [Ext Root Scanning (ms): Min: 1.6, Avg: 1.7, Max: 1.7, Diff: 0.1, Sum: 3.4]
      [Update RS (ms): Min: 0.3, Avg: 0.3, Max: 0.3, Diff: 0.0, Sum: 0.6]
         [Processed Buffers: Min: 2, Avg: 3.0, Max: 4, Diff: 2, Sum: 6]
      [Scan RS (ms): Min: 0.0, Avg: 0.0, Max: 0.0, Diff: 0.0, Sum: 0.0]
      [Code Root Scanning (ms): Min: 1.0, Avg: 1.1, Max: 1.1, Diff: 0.1, Sum: 2.2]
      [Object Copy (ms): Min: 1.3, Avg: 1.4, Max: 1.5, Diff: 0.2, Sum: 2.8]
      [Termination (ms): Min: 0.0, Avg: 0.0, Max: 0.0, Diff: 0.0, Sum: 0.0]
         [Termination Attempts: Min: 1, Avg: 1.0, Max: 1, Diff: 0, Sum: 2]
      [GC Worker Other (ms): Min: 0.0, Avg: 0.0, Max: 0.0, Diff: 0.0, Sum: 0.0]
      [GC Worker Total (ms): Min: 4.5, Avg: 4.5, Max: 4.6, Diff: 0.1, Sum: 9.1]
      [GC Worker End (ms): Min: 37506702.9, Avg: 37506702.9, Max: 37506702.9, Diff: 0.0]
   [Code Root Fixup: 0.1 ms]
   [Code Root Purge: 0.0 ms]
   [Clear CT: 0.6 ms]
   [Other: 2.0 ms]
      [Choose CSet: 0.0 ms]
      [Ref Proc: 0.4 ms]
      [Ref Enq: 0.0 ms]
      [Redirty Cards: 0.3 ms]
      [Humongous Register: 0.0 ms]
      [Humongous Reclaim: 0.0 ms]
      [Free CSet: 0.9 ms]
   [Eden: 24.0M(24.0M)->0.0B(24.0M) Survivors: 1024.0K->1024.0K Heap: 26.4M(512.0M)->2796.0K(512.0M)]
 [Times: user=0.01 sys=0.00, real=0.01 secs] 
2017-09-20T23:38:45.346+0900: 47473.499: [GC pause (G1 Evacuation Pause) (young), 0.0055741 secs]
   [Parallel Time: 3.6 ms, GC Workers: 2]
      [GC Worker Start (ms): Min: 47473499.2, Avg: 47473499.2, Max: 47473499.2, Diff: 0.0]
      [Ext Root Scanning (ms): Min: 1.0, Avg: 1.0, Max: 1.0, Diff: 0.0, Sum: 2.0]
      [Update RS (ms): Min: 0.4, Avg: 0.5, Max: 0.5, Diff: 0.1, Sum: 1.0]
         [Processed Buffers: Min: 1, Avg: 3.0, Max: 5, Diff: 4, Sum: 6]
      [Scan RS (ms): Min: 0.0, Avg: 0.0, Max: 0.0, Diff: 0.0, Sum: 0.0]
      [Code Root Scanning (ms): Min: 0.0, Avg: 0.3, Max: 0.6, Diff: 0.6, Sum: 0.6]
      [Object Copy (ms): Min: 1.3, Avg: 1.6, Max: 1.8, Diff: 0.5, Sum: 3.2]
      [Termination (ms): Min: 0.0, Avg: 0.0, Max: 0.0, Diff: 0.0, Sum: 0.0]
         [Termination Attempts: Min: 1, Avg: 1.0, Max: 1, Diff: 0, Sum: 2]
      [GC Worker Other (ms): Min: 0.0, Avg: 0.0, Max: 0.0, Diff: 0.0, Sum: 0.0]
      [GC Worker Total (ms): Min: 3.4, Avg: 3.4, Max: 3.4, Diff: 0.0, Sum: 6.8]
      [GC Worker End (ms): Min: 47473502.6, Avg: 47473502.6, Max: 47473502.6, Diff: 0.0]
   [Code Root Fixup: 0.2 ms]
   [Code Root Purge: 0.0 ms]
   [Clear CT: 0.2 ms]
   [Other: 1.5 ms]
      [Choose CSet: 0.0 ms]
      [Ref Proc: 0.9 ms]
      [Ref Enq: 0.0 ms]
      [Redirty Cards: 0.3 ms]
      [Humongous Register: 0.0 ms]
      [Humongous Reclaim: 0.0 ms]
      [Free CSet: 0.0 ms]
   [Eden: 24.0M(24.0M)->0.0B(24.0M) Survivors: 1024.0K->1024.0K Heap: 26.7M(512.0M)->3212.6K(512.0M)]
 [Times: user=0.01 sys=0.00, real=0.00 secs] 
2017-09-24T16:59:36.324+0900: 54927.232: [GC pause (G1 Evacuation Pause) (young), 0.0013058 secs]
   [Parallel Time: 0.8 ms, GC Workers: 2]
      [GC Worker Start (ms): Min: 54927232.2, Avg: 54927232.2, Max: 54927232.3, Diff: 0.0]
      [Ext Root Scanning (ms): Min: 0.3, Avg: 0.3, Max: 0.3, Diff: 0.0, Sum: 0.6]
      [Update RS (ms): Min: 0.1, Avg: 0.1, Max: 0.1, Diff: 0.0, Sum: 0.2]
         [Processed Buffers: Min: 2, Avg: 4.0, Max: 6, Diff: 4, Sum: 8]
      [Scan RS (ms): Min: 0.0, Avg: 0.0, Max: 0.0, Diff: 0.0, Sum: 0.0]
      [Code Root Scanning (ms): Min: 0.0, Avg: 0.1, Max: 0.1, Diff: 0.1, Sum: 0.1]
      [Object Copy (ms): Min: 0.3, Avg: 0.3, Max: 0.4, Diff: 0.1, Sum: 0.7]
      [Termination (ms): Min: 0.0, Avg: 0.0, Max: 0.0, Diff: 0.0, Sum: 0.0]
         [Termination Attempts: Min: 1, Avg: 1.0, Max: 1, Diff: 0, Sum: 2]
      [GC Worker Other (ms): Min: 0.0, Avg: 0.0, Max: 0.0, Diff: 0.0, Sum: 0.0]
      [GC Worker Total (ms): Min: 0.8, Avg: 0.8, Max: 0.8, Diff: 0.0, Sum: 1.6]
      [GC Worker End (ms): Min: 54927233.0, Avg: 54927233.0, Max: 54927233.0, Diff: 0.0]
   [Code Root Fixup: 0.0 ms]
   [Code Root Purge: 0.0 ms]
   [Clear CT: 0.0 ms]
   [Other: 0.4 ms]
      [Choose CSet: 0.0 ms]
      [Ref Proc: 0.1 ms]
      [Ref Enq: 0.0 ms]
      [Redirty Cards: 0.2 ms]
      [Humongous Register: 0.0 ms]
      [Humongous Reclaim: 0.0 ms]
      [Free CSet: 0.0 ms]
   [Eden: 24.0M(24.0M)->0.0B(28.0M) Survivors: 1024.0K->1024.0K Heap: 27.1M(512.0M)->2872.2K(512.0M)]
 [Times: user=0.00 sys=0.00, real=0.01 secs] 
2017-09-24T20:22:30.344+0900: 67101.253: [GC pause (G1 Evacuation Pause) (young), 0.1012781 secs]
   [Parallel Time: 92.7 ms, GC Workers: 2]
      [GC Worker Start (ms): Min: 67101264.1, Avg: 67101264.2, Max: 67101264.3, Diff: 0.2]
      [Ext Root Scanning (ms): Min: 0.0, Avg: 24.9, Max: 49.7, Diff: 49.7, Sum: 49.7]
      [Update RS (ms): Min: 0.0, Avg: 0.7, Max: 1.4, Diff: 1.4, Sum: 1.4]
         [Processed Buffers: Min: 0, Avg: 3.0, Max: 6, Diff: 6, Sum: 6]
      [Scan RS (ms): Min: 0.0, Avg: 0.0, Max: 0.0, Diff: 0.0, Sum: 0.0]
      [Code Root Scanning (ms): Min: 0.0, Avg: 15.0, Max: 30.0, Diff: 30.0, Sum: 30.0]
      [Object Copy (ms): Min: 0.1, Avg: 2.3, Max: 4.6, Diff: 4.5, Sum: 4.7]
      [Termination (ms): Min: 0.0, Avg: 5.6, Max: 11.1, Diff: 11.1, Sum: 11.1]
         [Termination Attempts: Min: 1, Avg: 1.0, Max: 1, Diff: 0, Sum: 2]
      [GC Worker Other (ms): Min: 1.1, Avg: 33.9, Max: 66.6, Diff: 65.5, Sum: 67.7]
      [GC Worker Total (ms): Min: 82.3, Avg: 82.3, Max: 82.3, Diff: 0.0, Sum: 164.7]
      [GC Worker End (ms): Min: 67101346.4, Avg: 67101346.5, Max: 67101346.7, Diff: 0.2]
   [Code Root Fixup: 0.1 ms]
   [Code Root Purge: 1.9 ms]
   [Clear CT: 1.2 ms]
   [Other: 5.3 ms]
      [Choose CSet: 0.0 ms]
      [Ref Proc: 0.2 ms]
      [Ref Enq: 0.0 ms]
      [Redirty Cards: 0.2 ms]
      [Humongous Register: 0.0 ms]
      [Humongous Reclaim: 0.0 ms]
      [Free CSet: 1.9 ms]
   [Eden: 28.0M(28.0M)->0.0B(24.0M) Survivors: 1024.0K->1024.0K Heap: 30.8M(512.0M)->3254.1K(512.0M)]
 [Times: user=0.02 sys=0.01, real=0.11 secs] 
2017-09-24T23:19:37.029+0900: 77727.937: [GC pause (G1 Evacuation Pause) (young), 0.0181105 secs]
   [Parallel Time: 16.8 ms, GC Workers: 2]
      [GC Worker Start (ms): Min: 77727937.2, Avg: 77727937.2, Max: 77727937.3, Diff: 0.1]
      [Ext Root Scanning (ms): Min: 12.3, Avg: 12.9, Max: 13.5, Diff: 1.1, Sum: 25.8]
      [Update RS (ms): Min: 0.0, Avg: 0.6, Max: 1.2, Diff: 1.2, Sum: 1.3]
         [Processed Buffers: Min: 1, Avg: 2.0, Max: 3, Diff: 2, Sum: 4]
      [Scan RS (ms): Min: 0.0, Avg: 0.0, Max: 0.0, Diff: 0.0, Sum: 0.0]
      [Code Root Scanning (ms): Min: 0.0, Avg: 1.6, Max: 3.1, Diff: 3.1, Sum: 3.1]
      [Object Copy (ms): Min: 0.0, Avg: 1.2, Max: 2.3, Diff: 2.3, Sum: 2.3]
      [Termination (ms): Min: 0.0, Avg: 0.4, Max: 0.8, Diff: 0.8, Sum: 0.8]
         [Termination Attempts: Min: 1, Avg: 1.0, Max: 1, Diff: 0, Sum: 2]
      [GC Worker Other (ms): Min: 0.0, Avg: 0.0, Max: 0.0, Diff: 0.0, Sum: 0.0]
      [GC Worker Total (ms): Min: 16.7, Avg: 16.7, Max: 16.7, Diff: 0.0, Sum: 33.3]
      [GC Worker End (ms): Min: 77727953.9, Avg: 77727953.9, Max: 77727953.9, Diff: 0.1]
   [Code Root Fixup: 0.1 ms]
   [Code Root Purge: 0.0 ms]
   [Clear CT: 0.1 ms]
   [Other: 1.0 ms]
      [Choose CSet: 0.0 ms]
      [Ref Proc: 0.4 ms]
      [Ref Enq: 0.0 ms]
      [Redirty Cards: 0.1 ms]
      [Humongous Register: 0.1 ms]
      [Humongous Reclaim: 0.0 ms]
      [Free CSet: 0.0 ms]
   [Eden: 24.0M(24.0M)->0.0B(24.0M) Survivors: 1024.0K->1024.0K Heap: 27.2M(512.0M)->3098.5K(512.0M)]
 [Times: user=0.01 sys=0.00, real=0.02 secs] 
2017-09-25T11:01:06.139+0900: 87157.183: [GC pause (G1 Evacuation Pause) (young), 0.0365901 secs]
   [Parallel Time: 30.2 ms, GC Workers: 2]
      [GC Worker Start (ms): Min: 87157184.2, Avg: 87157185.0, Max: 87157185.7, Diff: 1.5]
      [Ext Root Scanning (ms): Min: 18.6, Avg: 23.3, Max: 28.0, Diff: 9.4, Sum: 46.6]
      [Update RS (ms): Min: 0.0, Avg: 3.5, Max: 7.1, Diff: 7.1, Sum: 7.1]
         [Processed Buffers: Min: 0, Avg: 3.0, Max: 6, Diff: 6, Sum: 6]
      [Scan RS (ms): Min: 0.0, Avg: 0.0, Max: 0.0, Diff: 0.0, Sum: 0.0]
      [Code Root Scanning (ms): Min: 0.0, Avg: 0.3, Max: 0.7, Diff: 0.7, Sum: 0.7]
      [Object Copy (ms): Min: 1.4, Avg: 1.9, Max: 2.3, Diff: 0.8, Sum: 3.7]
      [Termination (ms): Min: 0.0, Avg: 0.0, Max: 0.0, Diff: 0.0, Sum: 0.0]
         [Termination Attempts: Min: 1, Avg: 1.0, Max: 1, Diff: 0, Sum: 2]
      [GC Worker Other (ms): Min: 0.0, Avg: 0.4, Max: 0.7, Diff: 0.7, Sum: 0.8]
      [GC Worker Total (ms): Min: 28.7, Avg: 29.4, Max: 30.2, Diff: 1.5, Sum: 58.8]
      [GC Worker End (ms): Min: 87157214.4, Avg: 87157214.4, Max: 87157214.4, Diff: 0.0]
   [Code Root Fixup: 0.2 ms]
   [Code Root Purge: 0.1 ms]
   [Clear CT: 0.3 ms]
   [Other: 5.8 ms]
      [Choose CSet: 0.0 ms]
      [Ref Proc: 0.4 ms]
      [Ref Enq: 0.0 ms]
      [Redirty Cards: 0.8 ms]
      [Humongous Register: 0.0 ms]
      [Humongous Reclaim: 0.0 ms]
      [Free CSet: 3.1 ms]
   [Eden: 24.0M(24.0M)->0.0B(24.0M) Survivors: 1024.0K->1024.0K Heap: 27.0M(512.0M)->3019.9K(512.0M)]
 [Times: user=0.01 sys=0.01, real=0.05 secs] 
2017-09-25T14:19:11.290+0900: 97213.083: [GC pause (G1 Evacuation Pause) (young), 0.1839427 secs]
   [Parallel Time: 170.1 ms, GC Workers: 2]
      [GC Worker Start (ms): Min: 97213097.2, Avg: 97213097.8, Max: 97213098.4, Diff: 1.2]
      [Ext Root Scanning (ms): Min: 99.0, Avg: 119.9, Max: 140.7, Diff: 41.7, Sum: 239.7]
      [Update RS (ms): Min: 0.0, Avg: 8.7, Max: 17.3, Diff: 17.3, Sum: 17.3]
         [Processed Buffers: Min: 0, Avg: 2.5, Max: 5, Diff: 5, Sum: 5]
      [Scan RS (ms): Min: 0.0, Avg: 0.0, Max: 0.0, Diff: 0.0, Sum: 0.0]
      [Code Root Scanning (ms): Min: 0.0, Avg: 17.8, Max: 35.6, Diff: 35.6, Sum: 35.6]
      [Object Copy (ms): Min: 0.3, Avg: 1.4, Max: 2.4, Diff: 2.1, Sum: 2.7]
      [Termination (ms): Min: 0.0, Avg: 7.1, Max: 14.2, Diff: 14.2, Sum: 14.2]
         [Termination Attempts: Min: 1, Avg: 1.0, Max: 1, Diff: 0, Sum: 2]
      [GC Worker Other (ms): Min: 1.6, Avg: 1.7, Max: 1.7, Diff: 0.1, Sum: 3.3]
      [GC Worker Total (ms): Min: 154.0, Avg: 156.5, Max: 158.9, Diff: 4.9, Sum: 312.9]
      [GC Worker End (ms): Min: 97213252.4, Avg: 97213254.3, Max: 97213256.1, Diff: 3.7]
   [Code Root Fixup: 0.1 ms]
   [Code Root Purge: 0.0 ms]
   [Clear CT: 1.3 ms]
   [Other: 12.4 ms]
      [Choose CSet: 0.0 ms]
      [Ref Proc: 2.3 ms]
      [Ref Enq: 0.0 ms]
      [Redirty Cards: 0.0 ms]
      [Humongous Register: 0.0 ms]
      [Humongous Reclaim: 0.0 ms]
      [Free CSet: 3.5 ms]
   [Eden: 24.0M(24.0M)->0.0B(23.0M) Survivors: 1024.0K->2048.0K Heap: 26.9M(512.0M)->3573.8K(512.0M)]
 [Times: user=0.02 sys=0.05, real=0.19 secs] 
2017-09-25T18:26:33.621+0900: 105638.103: [GC pause (G1 Evacuation Pause) (young), 0.0150205 secs]
   [Parallel Time: 13.6 ms, GC Workers: 2]
      [GC Worker Start (ms): Min: 105638105.6, Avg: 105638105.7, Max: 105638105.7, Diff: 0.1]
      [Ext Root Scanning (ms): Min: 6.2, Avg: 8.4, Max: 10.5, Diff: 4.3, Sum: 16.8]
      [Update RS (ms): Min: 0.0, Avg: 0.8, Max: 1.7, Diff: 1.7, Sum: 1.7]
         [Processed Buffers: Min: 0, Avg: 3.0, Max: 6, Diff: 6, Sum: 6]
      [Scan RS (ms): Min: 0.0, Avg: 0.0, Max: 0.0, Diff: 0.0, Sum: 0.0]
      [Code Root Scanning (ms): Min: 0.0, Avg: 0.5, Max: 1.1, Diff: 1.1, Sum: 1.1]
      [Object Copy (ms): Min: 0.3, Avg: 1.1, Max: 1.8, Diff: 1.5, Sum: 2.2]
      [Termination (ms): Min: 0.0, Avg: 0.2, Max: 0.5, Diff: 0.5, Sum: 0.5]
         [Termination Attempts: Min: 1, Avg: 1.0, Max: 1, Diff: 0, Sum: 2]
      [GC Worker Other (ms): Min: 0.0, Avg: 0.2, Max: 0.4, Diff: 0.4, Sum: 0.4]
      [GC Worker Total (ms): Min: 11.2, Avg: 11.3, Max: 11.4, Diff: 0.1, Sum: 22.6]
      [GC Worker End (ms): Min: 105638117.0, Avg: 105638117.0, Max: 105638117.0, Diff: 0.0]
   [Code Root Fixup: 0.0 ms]
   [Code Root Purge: 0.0 ms]
   [Clear CT: 0.1 ms]
   [Other: 1.3 ms]
      [Choose CSet: 0.0 ms]
      [Ref Proc: 0.5 ms]
      [Ref Enq: 0.0 ms]
      [Redirty Cards: 0.1 ms]
      [Humongous Register: 0.0 ms]
      [Humongous Reclaim: 0.0 ms]
      [Free CSet: 0.5 ms]
   [Eden: 23.0M(23.0M)->0.0B(24.0M) Survivors: 2048.0K->1024.0K Heap: 26.5M(512.0M)->3144.1K(512.0M)]
 [Times: user=0.00 sys=0.00, real=0.02 secs] 
